******************************************************************************
            TI ARM Clang Linker PC v2.1.2                      
******************************************************************************
>> Linked Tue May  2 07:46:22 2023

OUTPUT FILE NAME:   <empty_LP_CC2652RB_tirtos7_ticlang.out>
ENTRY POINT SYMBOL: "ResetISR"  address: 000042e7


MEMORY CONFIGURATION

         name            origin    length      used     unused   attr    fill
----------------------  --------  ---------  --------  --------  ----  --------
  FLASH                 00000000   00058000  00004db0  00053250  R  X
  GPRAM                 11000000   00002000  00000000  00002000  RW X
  SRAM                  20000000   00014000  0000505d  0000efa3  RW X
  LOG_DATA              90000000   00040000  00000000  00040000  R   


SEGMENT ALLOCATION MAP

run origin  load origin   length   init length attrs members
----------  ----------- ---------- ----------- ----- -------
00000000    00000000    00004c8c   00004c8c    r-x
  00000000    00000000    0000003c   0000003c    r-- .resetVecs
  0000003c    0000003c    000042c8   000042c8    r-x .text
  00004308    00004308    00000984   00000984    r-- .rodata
00004c8c    00004c8c    00000008   00000008    rw-
  00004c8c    00004c8c    00000008   00000008    rw- .args
00004c94    00004c94    000000c8   000000c8    r--
  00004c94    00004c94    000000c8   000000c8    r-- .cinit
00057fa8    00057fa8    00000058   00000058    r--
  00057fa8    00057fa8    00000058   00000058    r-- .ccfg
200000d8    200000d8    00004000   00000000    r--
  200000d8    200000d8    00004000   00000000    r-- .priheap
200040d8    200040d8    00000989   00000000    rw-
  200040d8    200040d8    000005dc   00000000    rw- .bss
  200046b8    200046b8    000003a9   00000000    rw- .data
20013a00    20013a00    00000600   00000000    rw-
  20013a00    20013a00    00000600   00000000    rw- .stack


SECTION ALLOCATION MAP

 output                                  attributes/
section   page    origin      length       input sections
--------  ----  ----------  ----------   ----------------
.binit     0    00000000    00000000     

.cinit     0    00004c94    000000c8     
                  00004c94    000000a2     (.cinit..data.load) [load image, compression = lzss]
                  00004d36    00000002     --HOLE-- [fill = 0]
                  00004d38    0000000c     (__TI_handler_table)
                  00004d44    00000008     (.cinit..bss.load) [load image, compression = zero_init]
                  00004d4c    00000010     (__TI_cinit_table)

.init_array 
*          0    00000000    00000000     UNINITIALIZED

.ccfg      0    00057fa8    00000058     
                  00057fa8    00000058     ti_devices_config.o (.ccfg)

.bss       0    200040d8    000005dc     UNINITIALIZED
                  200040d8    00000200     (.common:ti_sysbios_knl_Idle_taskStack)
                  200042d8    000000d8     (.common:ti_sysbios_family_arm_m3_Hwi_dispatchTable)
                  200043b0    0000007c     (.common:gpioCallbackFunctions)
                  2000442c    0000007c     (.common:gpioUserArgs)
                  200044a8    00000060     (.common:ti_sysbios_knl_ClockSupport_timerStruct)
                  20004508    00000058     (.common:ti_sysbios_knl_Idle_taskStruct)
                  20004560    00000030     (.common:ti_sysbios_knl_Swi_readyQs)
                  20004590    00000030     (.common:ti_sysbios_knl_Task_readyQs)
                  200045c0    0000002c     (.common:BIOS_heapMemObject)
                  200045ec    00000028     (.common:BIOS_rtsGate)
                  20004614    00000028     (.common:ti_sysbios_heaps_HeapMem_gate)
                  2000463c    00000020     (.common:ti_sysbios_runtime_System_atexitHandlers)
                  2000465c    0000001c     drivers_cc26x2.a : GPIOCC26X2.c.obj (.bss.gpioHwi)
                  20004678    0000001c     ti_sysbios_config.o (.bss.sem)
                  20004694    00000004     driverlib.lib : osc.o (.bss.oscHfGlobals.0)
                  20004698    00000004                   : osc.o (.bss.oscHfGlobals.2)
                  2000469c    00000004                   : osc.o (.bss.oscHfGlobals.3)
                  200046a0    00000004                   : osc.o (.bss.oscHfGlobals.4)
                  200046a4    00000004     (.common:PowerCC26XX_swiKey)
                  200046a8    00000004     (.common:PowerCC26XX_taskKey)
                  200046ac    00000004     (.common:ti_sysbios_family_arm_cc26xx_TimestampProvider_Module_state)
                  200046b0    00000004     (.common:ti_sysbios_knl_Task_defaultStackHeap)

.data      0    200046b8    000003a9     UNINITIALIZED
                  200046b8    00000174     drivers_cc26x2.a : PowerCC26X2.c.obj (.data.PowerCC26X2_module)
                  2000482c    0000007c     ti_drivers_config.o (.data.gpioPinConfigs)
                  200048a8    00000068     ti_sysbios_config.o (.data..L_MergedGlobals.70)
                  20004910    00000068     ti_sysbios_config.o (.data..L_MergedGlobals)
                  20004978    00000068     ti_sysbios_config.o (.data.ti_sysbios_knl_Clock_Module_state)
                  200049e0    0000003c     ti_sysbios_config.o (.data.ti_sysbios_knl_Task_Module_state)
                  20004a1c    00000014     ti_sysbios_config.o (.data.defaultPthreadAttrs)
                  20004a30    00000010     driverlib.lib : osc.o (.data._hposcCoeffs)
                  20004a40    00000008     ti_sysbios_config.o (.data.ti_sysbios_gates_GateMutex_Module_state)
                  20004a48    00000008     ti_sysbios_config.o (.data.ti_sysbios_heaps_HeapMem_Module_state)
                  20004a50    00000008     ti_sysbios_config.o (.data.ti_sysbios_knl_Semaphore_Module_state)
                  20004a58    00000004     libc.a : _lock.c.obj (.data._lock)
                  20004a5c    00000004            : _lock.c.obj (.data._unlock)
                  20004a60    00000001     drivers_cc26x2.a : GPIOCC26X2.c.obj (.data.initCalled)

.stack     0    20013a00    00000600     UNINITIALIZED
                  20013a00    00000004     sysbios.a : boot_cortex_m.obj (.stack)
                  20013a04    000005fc     --HOLE--

.priheap   0    200000d8    00004000     UNINITIALIZED
                  200000d8    00004000     --HOLE--

.log_data 
*          0    90000000    00000000     COPY SECTION

.resetVecs 
*          0    00000000    0000003c     
                  00000000    0000003c     ti_sysbios_config.o (.resetVecs)

.vecs      0    20000000    000000d8     NOLOAD SECTION
                  20000000    000000d8     ti_sysbios_config.o (.vecs)

__llvm_prf_cnts 
*          0    20000000    00000000     UNINITIALIZED

__llvm_prf_bits 
*          0    20000000    00000000     UNINITIALIZED

.text      0    0000003c    000042c8     
                  0000003c    000005ea     driverlib.lib : osc.o (.text.findHposcCoefficients)
                  00000626    00000002     ti_sysbios_config.o (.text.BIOS_nullFunc)
                  00000628    00000194     drivers_cc26x2.a : PowerCC26X2_calibrateRCOSC.c.obj (.text.PowerCC26X2_auxISR)
                  000007bc    00000158                      : PowerCC26X2.c.obj (.text.Power_sleep)
                  00000914    00000134     driverlib.lib : osc.o (.text.findHposcPc)
                  00000a48    00000120     ti_sysbios_config.o (.text.ti_sysbios_family_arm_cc26xx_Timer_construct)
                  00000b68    0000011c     sysbios.a : Hwi_asm_gnu.obj (.text.ti_sysbios_family_arm_m3_Hwi_dispatch)
                  00000c84    00000118     drivers_cc26x2.a : PowerCC26X2.c.obj (.text.Power_init)
                  00000d9c    0000010c                      : PowerCC26X2_calibrateRCOSC.c.obj (.text.PowerCC26X2_calibrate)
                  00000ea8    00000104                      : GPIOCC26X2.c.obj (.text.GPIO_init)
                  00000fac    000000f4     driverlib.lib : sys_ctrl.o (.text.NOROM_SysCtrlStandby)
                  000010a0    000000e4                   : setup.o (.text.NOROM_SetupTrimDevice)
                  00001184    000000e4     ti_sysbios_config.o (.text.ti_sysbios_knl_Semaphore_pend)
                  00001268    000000d8     ti_sysbios_config.o (.text.pthread_create)
                  00001340    000000d8     ti_sysbios_config.o (.text.ti_sysbios_family_arm_m3_Hwi_excFillContext)
                  00001418    000000d0     drivers_cc26x2.a : PowerCC26X2.c.obj (.text.configureXOSCHF)
                  000014e8    000000cc     ti_sysbios_config.o (.text.ti_sysbios_knl_Clock_workFuncDynamic)
                  000015b4    000000c4     driverlib.lib : setup.o (.text.TrimAfterColdResetWakeupFromShutDown)
                  00001678    000000b8     ti_sysbios_config.o (.text.ti_sysbios_knl_Task_Instance_finalize)
                  00001730    000000b6     driverlib.lib : osc.o (.text.NOROM_OSC_HPOSCInitializeFrequencyOffsetParameters)
                  000017e6    000000b4                   : osc.o (.text.NOROM_OSCHF_AttemptToSwitchToXosc)
                  0000189a    00000002     ti_drivers_config.o (.text.Board_initHook)
                  0000189c    000000b4     ti_sysbios_config.o (.text.PowerCC26XX_standbyPolicy)
                  00001950    000000b4     drivers_cc26x2.a : PowerCC26X2.c.obj (.text.Power_releaseDependency)
                  00001a04    000000b4     ti_sysbios_config.o (.text.ti_sysbios_knl_Task_setPri)
                  00001ab8    000000b0     drivers_cc26x2.a : PowerCC26X2.c.obj (.text.Power_setDependency)
                  00001b68    000000b0     libclang_rt.builtins.a : udivmoddi4.S.obj (.text)
                  00001c18    000000a4     ti_sysbios_config.o (.text.ti_sysbios_knl_Task_Instance_init)
                  00001cbc    00000094     ti_sysbios_config.o (.text.ti_sysbios_knl_Clock_startI)
                  00001d50    00000094     ti_sysbios_config.o (.text.ti_sysbios_knl_Task_sleep)
                  00001de4    0000008c     drivers_cc26x2.a : GPIOCC26XX.c.obj (.text.GPIO_setConfig)
                  00001e70    0000008c     ti_sysbios_config.o (.text.ti_sysbios_knl_Clock_init)
                  00001efc    00000080     driverlib.lib : sys_ctrl.o (.text.NOROM_SysCtrlSetRechargeBeforePowerDown)
                  00001f7c    00000080     ti_sysbios_config.o (.text.ti_sysbios_family_arm_m3_Hwi_initNVIC)
                  00001ffc    0000007c     ti_sysbios_config.o (.text.ti_sysbios_family_arm_m3_Hwi_postInit)
                  00002078    00000078     driverlib.lib : osc.o (.text.NOROM_OSCHF_SwitchToRcOscTurnOffXosc)
                  000020f0    00000078                   : osc.o (.text.NOROM_OSC_CapArrayAdjustWorkaround_Boot)
                  00002168    00000078     ti_sysbios_config.o (.text._pthread_removeThreadKeys)
                  000021e0    00000078     ti_sysbios_config.o (.text.ti_sysbios_knl_Task_postInit)
                  00002258    00000074     drivers_cc26x2.a : PowerCC26X2_calibrateRCOSC_helpers.c.obj (.text.PowerCC26X2_updateSubSecInc)
                  000022cc    00000074     ti_sysbios_config.o (.text.ti_sysbios_knl_Swi_restoreHwi)
                  00002340    00000070     ti_sysbios_config.o (.text.ti_sysbios_family_arm_m3_Hwi_Instance_init)
                  000023b0    00000070     ti_sysbios_config.o (.text.ti_sysbios_knl_Task_startup)
                  00002420    0000006c     ti_sysbios_config.o (.text.ti_sysbios_family_arm_m3_Hwi_dispatchC)
                  0000248c    0000006a     libc.a : copy_decompress_lzss.c.obj (.text:decompress:lzss)
                  000024f6    00000002     libclang_rt.builtins.a : aeabi_div0.c.obj (.text.__aeabi_ldiv0)
                  000024f8    00000068     ti_sysbios_config.o (.text.ti_sysbios_knl_Swi_run)
                  00002560    00000064     drivers_cc26x2.a : PowerCC26X2_calibrateRCOSC.c.obj (.text.PowerCC26X2_initiateCalibration)
                  000025c4    00000064                      : PowerCC26X2.c.obj (.text.oscillatorISR)
                  00002628    00000064     ti_sysbios_config.o (.text.ti_sysbios_knl_Idle_init)
                  0000268c    00000064     ti_sysbios_config.o (.text.ti_sysbios_knl_TaskSupport_buildTaskStack)
                  000026f0    00000060     ti_sysbios_config.o (.text.ti_sysbios_heaps_HeapMem_allocUnprotected)
                  00002750    00000060     ti_sysbios_config.o (.text.ti_sysbios_knl_Clock_walkQueueDynamic)
                  000027b0    00000060     ti_sysbios_config.o (.text.ti_sysbios_knl_Semaphore_post)
                  00002810    00000060     ti_sysbios_config.o (.text.ti_sysbios_knl_Swi_schedule)
                  00002870    0000005c     libclang_rt.builtins.a : divmoddi4.c.obj (.text.__divmoddi4)
                  000028cc    0000005c     ti_sysbios_config.o (.text.pthread_exit)
                  00002928    00000058     main_tirtos.o (.text.main)
                  00002980    00000058     sysbios.a : Hwi_asm_switch_gnu.obj (.text.ti_sysbios_family_arm_m3_Hwi_initStacks)
                  000029d8    00000052     driverlib.lib : chipinfo.o (.text.NOROM_ChipInfo_GetHwRevision)
                  00002a2a    00000002     libc.a : _lock.c.obj (.text._nop)
                  00002a2c    00000050     ti_drivers_config.o (.text.Board_shutDownExtFlash)
                  00002a7c    00000050     ti_sysbios_config.o (.text.ti_sysbios_knl_Swi_post)
                  00002acc    00000050     ti_sysbios_config.o (.text.ti_sysbios_knl_Swi_runLoop)
                  00002b1c    0000004e     ti_drivers_config.o (.text.Board_sendExtFlashByte)
                  00002b6a    0000004e     ti_sysbios_config.o (.text.ti_sysbios_heaps_HeapMem_freeUnprotected)
                  00002bb8    0000004c     ti_sysbios_config.o (.text.BIOS_startFunc)
                  00002c04    0000004c     driverlib.lib : osc.o (.text.NOROM_OSC_HPOSCRelativeFrequencyOffsetGet)
                  00002c50    0000004c     drivers_cc26x2.a : PowerCC26X2.c.obj (.text.switchXOSCHF)
                  00002c9c    0000004c     ti_sysbios_config.o (.text.ti_sysbios_knl_Swi_Instance_init)
                  00002ce8    00000048     ti_sysbios_config.o (.text.BIOS_init)
                  00002d30    00000048     driverlib.lib : aux_sysif.o (.text.NOROM_AUXSYSIFOpModeChange)
                  00002d78    00000048     ti_sysbios_config.o (.text.ti_sysbios_family_arm_cc26xx_Timer_start)
                  00002dc0    00000048     ti_sysbios_config.o (.text.ti_sysbios_heaps_HeapMem_Instance_init)
                  00002e08    00000048     ti_sysbios_config.o (.text.ti_sysbios_heaps_HeapMem_alloc)
                  00002e50    00000048     ti_sysbios_config.o (.text.ti_sysbios_knl_Task_schedule)
                  00002e98    00000048     ti_sysbios_config.o (.text.ti_sysbios_runtime_Startup_exec)
                  00002ee0    00000044     ti_sysbios_config.o (.text.BIOS_atExitFunc)
                  00002f24    00000044     drivers_cc26x2.a : GPIOCC26X2.c.obj (.text.GPIO_hwiIntFxn)
                  00002f68    00000044     driverlib.lib : prcm.o (.text.NOROM_PRCMPowerDomainsAllOff)
                  00002fac    00000044                   : prcm.o (.text.NOROM_PRCMPowerDomainsAllOn)
                  00002ff0    00000044     ti_sysbios_config.o (.text.ti_sysbios_family_arm_m3_Hwi_construct2)
                  00003034    00000044     ti_sysbios_config.o (.text.ti_sysbios_family_arm_m3_Hwi_disableInterrupt)
                  00003078    00000044     ti_sysbios_config.o (.text.ti_sysbios_family_arm_m3_Hwi_enableInterrupt)
                  000030bc    00000044     ti_sysbios_config.o (.text.ti_sysbios_knl_Swi_restore)
                  00003100    00000040     drivers_cc26x2.a : PowerCC26X2_calibrateRCOSC.c.obj (.text.PowerCC26X2_RCOSC_clockFunc)
                  00003140    00000040                      : PowerCC26X2_calibrateRCOSC_helpers.c.obj (.text.PowerCC26X2_setAclkRefSrc)
                  00003180    00000040     ti_sysbios_config.o (.text.ti_sysbios_heaps_HeapMem_getStats)
                  000031c0    00000040     ti_sysbios_config.o (.text.ti_sysbios_knl_Clock_getTicksUntilInterrupt)
                  00003200    00000040     ti_sysbios_config.o (.text.ti_sysbios_knl_Task_exit)
                  00003240    0000003c     drivers_cc26x2.a : GPIO.c.obj (.text.GPIO_resetConfig)
                  0000327c    0000003c     ti_sysbios_config.o (.text.HwiP_construct)
                  000032b8    0000003c     driverlib.lib : sys_ctrl.o (.text.NOROM_SysCtrlIdle)
                  000032f4    0000003c     drivers_cc26x2.a : PowerCC26X2_calibrateRCOSC_helpers.c.obj (.text.PowerCC26X2_setTdcClkSrc24M)
                  00003330    0000003c     ti_sysbios_config.o (.text.ti_sysbios_family_arm_cc26xx_Timer_periodicStub)
                  0000336c    0000003c     ti_sysbios_config.o (.text.ti_sysbios_family_arm_cc26xx_Timer_setThreshold)
                  000033a8    0000003c     ti_sysbios_config.o (.text.ti_sysbios_heaps_HeapMem_construct)
                  000033e4    0000003c     ti_sysbios_config.o (.text.ti_sysbios_knl_ClockSupport_init)
                  00003420    0000003c     ti_sysbios_config.o (.text.ti_sysbios_knl_Task_blockI)
                  0000345c    0000003c     ti_sysbios_config.o (.text.ti_sysbios_knl_Task_create)
                  00003498    0000003c     ti_sysbios_config.o (.text.ti_sysbios_knl_Task_restore)
                  000034d4    0000003c     ti_sysbios_config.o (.text.ti_sysbios_runtime_Memory_alloc)
                  00003510    00000038     drivers_cc26x2.a : PowerCC26X2_helpers.c.obj (.text.PowerCC26X2_oscDisableQualifiers)
                  00003548    00000038     ti_sysbios_config.o (.text.ti_sysbios_knl_Task_processVitalTaskFlag)
                  00003580    00000038     libc.a : autoinit.c.obj (.text:__TI_auto_init_nobinit_nopinit)
                  000035b8    00000034     drivers_cc26x2.a : PowerCC26X2.c.obj (.text.Power_releaseConstraint)
                  000035ec    00000034     ti_sysbios_config.o (.text._pthread_cleanupFxn)
                  00003620    00000034     ti_sysbios_config.o (.text.ti_sysbios_family_arm_m3_Hwi_getStackInfo)
                  00003654    00000034     ti_sysbios_config.o (.text.ti_sysbios_family_arm_m3_Hwi_init)
                  00003688    00000034     ti_sysbios_config.o (.text.ti_sysbios_knl_Clock_Instance_init)
                  000036bc    00000034     ti_sysbios_config.o (.text.ti_sysbios_knl_Task_unblockI)
                  000036f0    00000034     ti_sysbios_config.o (.text.ti_sysbios_runtime_Error_raiseX)
                  00003724    00000034     sysbios.a : boot_cortex_m.obj (.text:_c_int00)
                  00003758    00000032     ti_sysbios_config.o (.text.ti_sysbios_knl_Semaphore_pendTimeout)
                  0000378a    00000002     drivers_cc26x2.a : PowerCC26X2.c.obj (.text.emptyClockFunc)
                  0000378c    00000030     ti_drivers_config.o (.text.Board_wakeUpExtFlash)
                  000037bc    00000030     ti_sysbios_config.o (.text.ClockP_construct)
                  000037ec    00000030     drivers_cc26x2.a : PowerCC26X2.c.obj (.text.Power_setConstraint)
                  0000381c    00000030                      : PowerCC26X2.c.obj (.text.notify)
                  0000384c    00000030     ti_sysbios_config.o (.text.ti_sysbios_family_arm_m3_Hwi_excHandlerMin)
                  0000387c    00000030     ti_sysbios_config.o (.text.ti_sysbios_heaps_HeapMem_free)
                  000038ac    00000030     ti_sysbios_config.o (.text.ti_sysbios_knl_TaskSupport_start)
                  000038dc    00000030     ti_sysbios_config.o (.text.ti_sysbios_runtime_System_atexit)
                  0000390c    00000030     ti_sysbios_config.o (.text.ti_sysbios_runtime_System_processAtExit)
                  0000393c    0000002e     driverlib.lib : chipinfo.o (.text.NOROM_ThisLibraryIsFor_CC13x2_CC26x2_HwRev20AndLater_HaltIfViolated)
                  0000396a    00000002     ti_sysbios_config.o (.text.ti_sysbios_runtime_System_exitSpin)
                  0000396c    0000002c     ti_sysbios_config.o (.text.PowerCC26XX_schedulerDisable)
                  00003998    0000002c     ti_sysbios_config.o (.text._pthread_delete)
                  000039c4    0000002c     ti_sysbios_config.o (.text.sleep)
                  000039f0    0000002c     ti_sysbios_config.o (.text.ti_sysbios_gates_GateMutex_enter)
                  00003a1c    0000002c     ti_sysbios_config.o (.text.ti_sysbios_knl_Clock_getTicks)
                  00003a48    0000002c     ti_sysbios_config.o (.text.ti_sysbios_knl_Task_restoreHwi)
                  00003a74    0000002a     driverlib.lib : osc.o (.text.NOROM_OSCHF_TurnOnXosc)
                  00003a9e    0000002a     ti_sysbios_config.o (.text.ti_sysbios_family_arm_cc26xx_Timer_setNextTick)
                  00003ac8    0000002a     ti_sysbios_config.o (.text.ti_sysbios_knl_Task_allBlockedFunction)
                  00003af2    00000002     --HOLE-- [fill = 0]
                  00003af4    00000028     ti_sysbios_config.o (.text.BIOS_registerRTSLock)
                  00003b1c    00000028     empty.o (.text.mainThread)
                  00003b44    00000028     sysbios.a : Hwi_asm_gnu.obj (.text.ti_sysbios_family_arm_m3_Hwi_excHandlerAsm)
                  00003b6c    00000028     ti_sysbios_config.o (.text.ti_sysbios_gates_GateMutex_Instance_init)
                  00003b94    00000028     ti_sysbios_config.o (.text.ti_sysbios_knl_Semaphore_Instance_init)
                  00003bbc    00000028     ti_sysbios_config.o (.text.ti_sysbios_knl_Swi_init)
                  00003be4    00000028     sysbios.a : TaskSupport_asm_gnu.obj (.text.ti_sysbios_knl_TaskSupport_swap)
                  00003c0c    00000028     ti_sysbios_config.o (.text.ti_sysbios_knl_Task_construct)
                  00003c34    00000028     ti_sysbios_config.o (.text.ti_sysbios_knl_Task_init)
                  00003c5c    00000024     ti_sysbios_config.o (.text.BIOS_removeRTSLock)
                  00003c80    00000024     drivers_cc26x2.a : PowerCC26X2_helpers.c.obj (.text.PowerCC26X2_setSubSecIncToXoscLf)
                  00003ca4    00000024                      : PowerCC26X2_calibrateRCOSC_helpers.c.obj (.text.PowerCC26X2_writeCtrim)
                  00003cc8    00000024                      : PowerCC26X2_calibrateRCOSC_helpers.c.obj (.text.PowerCC26X2_writeCtrimFract)
                  00003cec    00000024                      : PowerCC26X2_calibrateRCOSC_helpers.c.obj (.text.PowerCC26X2_writeCtrimFractEn)
                  00003d10    00000024                      : PowerCC26X2_calibrateRCOSC_helpers.c.obj (.text.PowerCC26X2_writeRtrim)
                  00003d34    00000024     ti_sysbios_config.o (.text.ti_sysbios_family_arm_m3_Hwi_construct)
                  00003d58    00000024     ti_sysbios_config.o (.text.ti_sysbios_knl_Semaphore_destruct)
                  00003d7c    00000024     ti_sysbios_config.o (.text.ti_sysbios_knl_Task_enter)
                  00003da0    00000020     drivers_cc26x2.a : PowerCC26X2_helpers.c.obj (.text.PowerCC26X2_disableTCXOQual)
                  00003dc0    00000020                      : PowerCC26X2_helpers.c.obj (.text.PowerCC26X2_enableTCXOQual)
                  00003de0    00000020     ti_sysbios_config.o (.text.PowerCC26XX_schedulerRestore)
                  00003e00    00000020     ti_sysbios_config.o (.text.ti_sysbios_family_arm_m3_Hwi_initStack)
                  00003e20    00000020     ti_sysbios_config.o (.text.ti_sysbios_knl_Task_delete)
                  00003e40    00000020     ti_sysbios_config.o (.text.ti_sysbios_knl_Task_destruct)
                  00003e60    0000001e     sysbios.a : Hwi_asm_switch_gnu.obj (.text.ti_sysbios_family_arm_m3_Hwi_switchAndRunFunc)
                  00003e7e    00000002     --HOLE-- [fill = 0]
                  00003e80    0000001c     ti_sysbios_config.o (.text.BIOS_rtsLock)
                  00003e9c    0000001c     drivers_cc26x2.a : PowerCC26X2.c.obj (.text.Power_getTransitionLatency)
                  00003eb8    0000001c     ti_sysbios_config.o (.text.ti_sysbios_knl_Idle_run)
                  00003ed4    0000001c     ti_sysbios_config.o (.text.ti_sysbios_knl_Queue_put)
                  00003ef0    0000001a     ti_drivers_config.o (.text.Board_init)
                  00003f0a    0000001a     ti_sysbios_config.o (.text.ti_sysbios_knl_Task_sleepTimeout)
                  00003f24    00000018     ti_sysbios_config.o (.text.BIOS_exitFunc)
                  00003f3c    00000018     ti_sysbios_config.o (.text.BIOS_rtsUnlock)
                  00003f54    00000018     drivers_cc26x2.a : GPIOCC26XX.c.obj (.text.GPIO_disableInt)
                  00003f6c    00000018                      : PowerCC26X2.c.obj (.text.PowerCC26XX_calibrate)
                  00003f84    00000018                      : PowerCC26X2.c.obj (.text.Power_idleFunc)
                  00003f9c    00000018     ti_sysbios_config.o (.text.pthread_attr_init)
                  00003fb4    00000018     ti_sysbios_config.o (.text.ti_sysbios_knl_Clock_scheduleNextTick)
                  00003fcc    00000018     sysbios.a : TaskSupport_asm_gnu.obj (.text.ti_sysbios_knl_TaskSupport_glue)
                  00003fe4    00000018     ti_sysbios_config.o (.text.ti_sysbios_knl_Task_unblock)
                  00003ffc    00000016     ti_sysbios_config.o (.text.ti_sysbios_knl_Clock_start)
                  00004012    00000002     --HOLE-- [fill = 0]
                  00004014    00000014     drivers_cc26x2.a : GPIOCC26XX.c.obj (.text.GPIO_toggle)
                  00004028    00000014     libc.a : args_main.c.obj (.text._args_main)
                  0000403c    00000014     ti_sysbios_config.o (.text.pthread_attr_setschedparam)
                  00004050    00000014     ti_sysbios_config.o (.text.ti_sysbios_family_arm_m3_Hwi_switchFromBootStack)
                  00004064    00000014     libclang_rt.builtins.a : aeabi_ldivmod.S.obj (.text)
                  00004078    00000014                            : aeabi_memset.S.obj (.text)
                  0000408c    00000014                            : aeabi_uldivmod.S.obj (.text)
                  000040a0    00000012     ti_sysbios_config.o (.text._pthread_runStub)
                  000040b2    00000012     libc.a : memcpy_t2.S.obj (.text:TI_memcpy_small)
                  000040c4    00000010     drivers_cc26x2.a : GPIOCC26XX.c.obj (.text.GPIO_write)
                  000040d4    00000010     ti_sysbios_config.o (.text.HwiP_Params_init)
                  000040e4    00000010     drivers_cc26x2.a : PowerCC26X2_helpers.c.obj (.text.PowerCC26X2_oscCtlClearXtal)
                  000040f4    00000010                      : PowerCC26X2_helpers.c.obj (.text.PowerCC26X2_prcmEnableCacheRetention)
                  00004104    00000010                      : PowerCC26X2_calibrateRCOSC_helpers.c.obj (.text.PowerCC26X2_readCtrim)
                  00004114    00000010                      : PowerCC26X2_calibrateRCOSC_helpers.c.obj (.text.PowerCC26X2_readCtrimFract)
                  00004124    00000010                      : PowerCC26X2_calibrateRCOSC_helpers.c.obj (.text.PowerCC26X2_readRtrim)
                  00004134    00000010                      : PowerCC26X2_helpers.c.obj (.text.PowerCC26X2_switchToTCXO)
                  00004144    00000010     ti_sysbios_config.o (.text.ti_sysbios_family_arm_cc26xx_Timer_dynamicStub)
                  00004154    00000010     ti_sysbios_config.o (.text.ti_sysbios_family_arm_m3_Hwi_excHandler)
                  00004164    00000010     libc.a : copy_zero_init.c.obj (.text:decompress:ZI)
                  00004174    0000000e     drivers_cc26x2.a : PowerCC26X2.c.obj (.text.OUTLINED_FUNCTION_0)
                  00004182    0000000e                      : PowerCC26X2.c.obj (.text.switchToTCXO)
                  00004190    0000000e     ti_sysbios_config.o (.text.ti_sysbios_gates_GateMutex_leave)
                  0000419e    0000000e     libc.a : memset_t2.S.obj (.text:TI_memset_small)
                  000041ac    0000000e            : copy_decompress_none.c.obj (.text:decompress:none)
                  000041ba    00000002     --HOLE-- [fill = 0]
                  000041bc    0000000c     ti_sysbios_config.o (.text.BIOS_linkedWithIncorrectBootLibrary)
                  000041c8    0000000c     ti_sysbios_config.o (.text.BIOS_start)
                  000041d4    0000000c     ti_sysbios_config.o (.text.HwiP_disable)
                  000041e0    0000000c     driverlib.lib : cpu.o (.text.NOROM_CPUcpsid)
                  000041ec    0000000c                   : cpu.o (.text.NOROM_CPUcpsie)
                  000041f8    0000000c     drivers_cc26x2.a : PowerCC26X2_helpers.c.obj (.text.PowerCC26X2_oscClockSourceGet)
                  00004204    0000000c                      : PowerCC26X2_helpers.c.obj (.text.PowerCC26X2_setPeriphDeepSleepEnable)
                  00004210    0000000c                      : PowerCC26X2_helpers.c.obj (.text.PowerCC26X2_sysCtrlGetResetSource)
                  0000421c    0000000c                      : PowerCC26X2_helpers.c.obj (.text.PowerCC26X2_sysCtrlVoltageConditionalControl)
                  00004228    0000000c                      : PowerCC26X2.c.obj (.text.Power_getConstraintMask)
                  00004234    0000000c     libc.a : _lock.c.obj (.text._register_lock)
                  00004240    0000000c            : _lock.c.obj (.text._register_unlock)
                  0000424c    0000000c     ti_sysbios_config.o (.text.pthread_attr_setdetachstate)
                  00004258    0000000c     ti_sysbios_config.o (.text.ti_sysbios_heaps_HeapMem_init)
                  00004264    0000000c     ti_sysbios_config.o (.text.ti_sysbios_knl_ClockSupport_setNextTick)
                  00004270    0000000c     ti_sysbios_config.o (.text.ti_sysbios_knl_Clock_tick)
                  0000427c    0000000a     ti_sysbios_config.o (.text.ClockP_Params_init)
                  00004286    0000000a     drivers_cc26x2.a : PowerCC26X2_helpers.c.obj (.text.PowerCC26X2_sysCtrlStandby)
                  00004290    00000008     driverlib.lib : cpu.o (.text.NOROM_CPUdelay)
                  00004298    00000008     drivers_cc26x2.a : PowerCC26X2_helpers.c.obj (.text.PowerCC26X2_oschfTrySwitchToXosc)
                  000042a0    00000008     ti_sysbios_config.o (.text.ti_sysbios_runtime_System_exit)
                  000042a8    00000006     ti_sysbios_config.o (.text.ClockP_stop)
                  000042ae    00000006     ti_sysbios_config.o (.text.HwiP_restore)
                  000042b4    00000006     ti_sysbios_config.o (.text.pthread_attr_setstacksize)
                  000042ba    00000006     ti_sysbios_config.o (.text.ti_sysbios_family_arm_m3_Hwi_doSwiRestore)
                  000042c0    00000006     ti_sysbios_config.o (.text.ti_sysbios_family_arm_m3_Hwi_doTaskRestore)
                  000042c6    00000006     ti_sysbios_config.o (.text.ti_sysbios_knl_Idle_loop)
                  000042cc    00000006     ti_sysbios_config.o (.text.ti_sysbios_knl_Swi_startup)
                  000042d2    00000004     ti_sysbios_config.o (.text.ClockP_getSystemTickPeriod)
                  000042d6    00000004     ti_sysbios_config.o (.text.ClockP_start)
                  000042da    00000004     drivers_cc26x2.a : PowerCC26X2_helpers.c.obj (.text.PowerCC26X2_oschfSwitchToRcosc)
                  000042de    00000004                      : PowerCC26X2_helpers.c.obj (.text.PowerCC26X2_sysCtrlIdle)
                  000042e2    00000004                      : PowerCC26X2_helpers.c.obj (.text.PowerCC26X2_turnOnXosc)
                  000042e6    00000004     ti_sysbios_config.o (.text.ResetISR)
                  000042ea    00000004     ti_sysbios_config.o (.text._system_post_cinit)
                  000042ee    00000004     ti_sysbios_config.o (.text._system_pre_init)
                  000042f2    00000004     drivers_cc26x2.a : PowerCC26X2.c.obj (.text.configureRFCoreClocks)
                  000042f6    00000004                      : PowerCC26X2.c.obj (.text.nopResourceHandler)
                  000042fa    00000004     ti_sysbios_config.o (.text.ti_sysbios_heaps_HeapMem_isBlocking)
                  000042fe    00000002     --HOLE-- [fill = 0]
                  00004300    00000004     libclang_rt.builtins.a : aeabi_memcpy.S.obj (.text)

.rodata    0    00004308    00000984     
                  00004308    000005d0     ti_sysbios_config.o (.rodata.str1.1)
                  000048d8    0000008d     ti_sysbios_config.o (.rodata.ti_sysbios_heaps_HeapMem_alloc.err)
                  00004965    00000089     ti_sysbios_config.o (.rodata.ti_sysbios_family_arm_m3_Hwi_Instance_init.err.1)
                  000049ee    00000089     ti_sysbios_config.o (.rodata.ti_sysbios_runtime_Memory_alloc.err)
                  00004a77    00000086     ti_sysbios_config.o (.rodata.ti_sysbios_family_arm_m3_Hwi_Instance_init.err)
                  00004afd    00000001     ti_drivers_config.o (.rodata.GPIO_pinLowerBound)
                  00004afe    00000001     ti_drivers_config.o (.rodata.GPIO_pinUpperBound)
                  00004aff    00000001     --HOLE-- [fill = 0]
                  00004b00    00000070     driverlib.lib : osc.o (.rodata..L__const.NOROM_OSC_HPOSC_Debug_InitFreqOffsetParams.hposcParm)
                  00004b70    00000054     drivers_cc26x2.a : PowerCC26X2.c.obj (.rodata.resourceDB)
                  00004bc4    00000024     ti_sysbios_config.o (.rodata.ti_sysbios_knl_Task_Params_default)
                  00004be8    0000001c     ti_sysbios_config.o (.rodata.ti_sysbios_family_arm_cc26xx_Timer_Params_default)
                  00004c04    00000018     ti_sysbios_config.o (.rodata.ti_sysbios_family_arm_m3_Hwi_Params_default)
                  00004c1c    00000014     ti_drivers_config.o (.rodata.PowerCC26X2_config)
                  00004c30    00000014     ti_sysbios_config.o (.rodata.ti_sysbios_knl_Swi_Params_default)
                  00004c44    00000010     ti_drivers_config.o (.rodata.GPIO_config)
                  00004c54    0000000c     ti_sysbios_config.o (.rodata.ti_sysbios_heaps_HeapMem_Params_default)
                  00004c60    0000000c     ti_sysbios_config.o (.rodata.ti_sysbios_knl_Clock_Params_default)
                  00004c6c    0000000c     ti_sysbios_config.o (.rodata.ti_sysbios_knl_Semaphore_Params_default)
                  00004c78    00000008     driverlib.lib : aux_sysif.o (.rodata.cst4)
                  00004c80    00000008     ti_sysbios_config.o (.rodata.ti_sysbios_knl_Idle_funcList)
                  00004c88    00000004     ti_sysbios_config.o (.rodata.ti_sysbios_family_arm_m3_Hwi_swiTaskKeyAddress)

.args      0    00004c8c    00000008     
                  00004c8c    00000008     --HOLE-- [fill = 0]

MODULE SUMMARY

       Module                                     code    ro data   rw data
       ------                                     ----    -------   -------
    .\
       main_tirtos.o                              88      0         0      
       empty.o                                    40      0         0      
    +--+------------------------------------------+-------+---------+---------+
       Total:                                     128     0         0      
                                                                           
    .\syscfg\
       ti_sysbios_config.o                        8020    2253      1840   
       ti_drivers_config.o                        234     38        372    
       ti_devices_config.o                        0       88        0      
    +--+------------------------------------------+-------+---------+---------+
       Total:                                     8254    2379      2212   
                                                                           
    C:/ti/simplelink_cc13xx_cc26xx_sdk_6_30_01_03/kernel/tirtos7/packages/ti/sysbios/lib/ticlang/m4f/sysbios.a
       Hwi_asm_gnu.obj                            324     0         0      
       Hwi_asm_switch_gnu.obj                     118     0         0      
       TaskSupport_asm_gnu.obj                    64      0         0      
       boot_cortex_m.obj                          52      0         0      
    +--+------------------------------------------+-------+---------+---------+
       Total:                                     558     0         0      
                                                                           
    C:/ti/simplelink_cc13xx_cc26xx_sdk_6_30_01_03/source/ti/devices/cc13x2_cc26x2/driverlib/bin/ticlang/driverlib.lib
       osc.o                                      2542    112       32     
       sys_ctrl.o                                 432     0         0      
       setup.o                                    424     0         0      
       prcm.o                                     136     0         0      
       chipinfo.o                                 128     0         0      
       aux_sysif.o                                72      8         0      
       cpu.o                                      32      0         0      
    +--+------------------------------------------+-------+---------+---------+
       Total:                                     3766    120       32     
                                                                           
    C:/ti/simplelink_cc13xx_cc26xx_sdk_6_30_01_03/source/ti/drivers/lib/ticlang/m4f/drivers_cc26x2.a
       PowerCC26X2.c.obj                          1638    84        372    
       PowerCC26X2_calibrateRCOSC.c.obj           836     0         0      
       PowerCC26X2_calibrateRCOSC_helpers.c.obj   432     0         0      
       GPIOCC26X2.c.obj                           328     0         29     
       PowerCC26X2_helpers.c.obj                  282     0         0      
       GPIOCC26XX.c.obj                           200     0         0      
       GPIO.c.obj                                 60      0         0      
    +--+------------------------------------------+-------+---------+---------+
       Total:                                     3776    84        401    
                                                                           
    C:\ti\ccs1210\ccs\tools\compiler\ti-cgt-armllvm_2.1.2.LTS\lib\armv7em-ti-none-eabihf/c/libc.a
       copy_decompress_lzss.c.obj                 106     0         0      
       autoinit.c.obj                             56      0         0      
       _lock.c.obj                                26      0         8      
       args_main.c.obj                            20      0         0      
       memcpy_t2.S.obj                            18      0         0      
       copy_zero_init.c.obj                       16      0         0      
       copy_decompress_none.c.obj                 14      0         0      
       memset_t2.S.obj                            14      0         0      
    +--+------------------------------------------+-------+---------+---------+
       Total:                                     270     0         8      
                                                                           
    C:\ti\ccs1210\ccs\tools\compiler\ti-cgt-armllvm_2.1.2.LTS\lib\clang/14.0.6/lib/armv7em-ti-none-eabihf/libclang_rt.builtins.a
       udivmoddi4.S.obj                           176     0         0      
       divmoddi4.c.obj                            92      0         0      
       aeabi_ldivmod.S.obj                        20      0         0      
       aeabi_memset.S.obj                         20      0         0      
       aeabi_uldivmod.S.obj                       20      0         0      
       aeabi_memcpy.S.obj                         4       0         0      
       aeabi_div0.c.obj                           2       0         0      
    +--+------------------------------------------+-------+---------+---------+
       Total:                                     334     0         0      
                                                                           
       Stack:                                     0       0         1536   
       Linker Generated:                          0       198       0      
    +--+------------------------------------------+-------+---------+---------+
       Grand Total:                               17086   2781      4189   


LINKER GENERATED COPY TABLES

__TI_cinit_table @ 00004d4c records: 2, size/record: 8, table size: 16
	.data: load addr=00004c94, load size=000000a2 bytes, run addr=200046b8, run size=000003a9 bytes, compression=lzss
	.bss: load addr=00004d44, load size=00000008 bytes, run addr=200040d8, run size=000005dc bytes, compression=zero_init


LINKER GENERATED HANDLER TABLE

__TI_handler_table @ 00004d38 records: 3, size/record: 4, table size: 12
	index: 0, handler: __TI_decompress_lzss
	index: 1, handler: __TI_decompress_none
	index: 2, handler: __TI_zero_init


GLOBAL SYMBOLS: SORTED ALPHABETICALLY BY Name 

address   name                                                               
-------   ----                                                               
200048a8  BIOS_Module_state                                                  
00002ee1  BIOS_atExitFunc                                                    
00003f25  BIOS_exitFunc                                                      
200045c0  BIOS_heapMemObject                                                 
00002ce9  BIOS_init                                                          
000041bd  BIOS_linkedWithIncorrectBootLibrary                                
00000627  BIOS_nullFunc                                                      
00003af5  BIOS_registerRTSLock                                               
00003c5d  BIOS_removeRTSLock                                                 
200045ec  BIOS_rtsGate                                                       
00003e81  BIOS_rtsLock                                                       
00003f3d  BIOS_rtsUnlock                                                     
000041c9  BIOS_start                                                         
00002bb9  BIOS_startFunc                                                     
00003ef1  Board_init                                                         
0000189b  Board_initHook                                                     
00002b1d  Board_sendExtFlashByte                                             
00002a2d  Board_shutDownExtFlash                                             
0000378d  Board_wakeUpExtFlash                                               
0000427d  ClockP_Params_init                                                 
000037bd  ClockP_construct                                                   
000042d3  ClockP_getSystemTickPeriod                                         
000042d7  ClockP_start                                                       
000042a9  ClockP_stop                                                        
00004c44  GPIO_config                                                        
00003f55  GPIO_disableInt                                                    
00002f25  GPIO_hwiIntFxn                                                     
00000ea9  GPIO_init                                                          
00004afd  GPIO_pinLowerBound                                                 
00004afe  GPIO_pinUpperBound                                                 
00003241  GPIO_resetConfig                                                   
00001de5  GPIO_setConfig                                                     
00004015  GPIO_toggle                                                        
000040c5  GPIO_write                                                         
00004000  HEAPSIZE                                                           
000040d5  HwiP_Params_init                                                   
0000327d  HwiP_construct                                                     
000041d5  HwiP_disable                                                       
000042af  HwiP_restore                                                       
UNDEFED   ITM_flush                                                          
UNDEFED   ITM_restore                                                        
00002d31  NOROM_AUXSYSIFOpModeChange                                         
000041e1  NOROM_CPUcpsid                                                     
000041ed  NOROM_CPUcpsie                                                     
00004291  NOROM_CPUdelay                                                     
000029d9  NOROM_ChipInfo_GetHwRevision                                       
000017e7  NOROM_OSCHF_AttemptToSwitchToXosc                                  
00002079  NOROM_OSCHF_SwitchToRcOscTurnOffXosc                               
00003a75  NOROM_OSCHF_TurnOnXosc                                             
000020f1  NOROM_OSC_CapArrayAdjustWorkaround_Boot                            
00001731  NOROM_OSC_HPOSCInitializeFrequencyOffsetParameters                 
00002c05  NOROM_OSC_HPOSCRelativeFrequencyOffsetGet                          
00002f69  NOROM_PRCMPowerDomainsAllOff                                       
00002fad  NOROM_PRCMPowerDomainsAllOn                                        
000010a1  NOROM_SetupTrimDevice                                              
000032b9  NOROM_SysCtrlIdle                                                  
00001efd  NOROM_SysCtrlSetRechargeBeforePowerDown                            
00000fad  NOROM_SysCtrlStandby                                               
0000393d  NOROM_ThisLibraryIsFor_CC13x2_CC26x2_HwRev20AndLater_HaltIfViolated
00003101  PowerCC26X2_RCOSC_clockFunc                                        
00000629  PowerCC26X2_auxISR                                                 
00000d9d  PowerCC26X2_calibrate                                              
00004c1c  PowerCC26X2_config                                                 
00003da1  PowerCC26X2_disableTCXOQual                                        
00003dc1  PowerCC26X2_enableTCXOQual                                         
00002561  PowerCC26X2_initiateCalibration                                    
200046b8  PowerCC26X2_module                                                 
000041f9  PowerCC26X2_oscClockSourceGet                                      
000040e5  PowerCC26X2_oscCtlClearXtal                                        
00003511  PowerCC26X2_oscDisableQualifiers                                   
000042db  PowerCC26X2_oschfSwitchToRcosc                                     
00004299  PowerCC26X2_oschfTrySwitchToXosc                                   
000040f5  PowerCC26X2_prcmEnableCacheRetention                               
00004105  PowerCC26X2_readCtrim                                              
00004115  PowerCC26X2_readCtrimFract                                         
00004125  PowerCC26X2_readRtrim                                              
00003141  PowerCC26X2_setAclkRefSrc                                          
00004205  PowerCC26X2_setPeriphDeepSleepEnable                               
00003c81  PowerCC26X2_setSubSecIncToXoscLf                                   
000032f5  PowerCC26X2_setTdcClkSrc24M                                        
00004135  PowerCC26X2_switchToTCXO                                           
00004211  PowerCC26X2_sysCtrlGetResetSource                                  
000042df  PowerCC26X2_sysCtrlIdle                                            
00004287  PowerCC26X2_sysCtrlStandby                                         
0000421d  PowerCC26X2_sysCtrlVoltageConditionalControl                       
000042e3  PowerCC26X2_turnOnXosc                                             
00002259  PowerCC26X2_updateSubSecInc                                        
00003ca5  PowerCC26X2_writeCtrim                                             
00003cc9  PowerCC26X2_writeCtrimFract                                        
00003ced  PowerCC26X2_writeCtrimFractEn                                      
00003d11  PowerCC26X2_writeRtrim                                             
00003f6d  PowerCC26XX_calibrate                                              
0000396d  PowerCC26XX_schedulerDisable                                       
00003de1  PowerCC26XX_schedulerRestore                                       
0000189d  PowerCC26XX_standbyPolicy                                          
200046a4  PowerCC26XX_swiKey                                                 
200046a8  PowerCC26XX_taskKey                                                
00004229  Power_getConstraintMask                                            
00003e9d  Power_getTransitionLatency                                         
00003f85  Power_idleFunc                                                     
00000c85  Power_init                                                         
000035b9  Power_releaseConstraint                                            
00001951  Power_releaseDependency                                            
000037ed  Power_setConstraint                                                
00001ab9  Power_setDependency                                                
000007bd  Power_sleep                                                        
000042e7  ResetISR                                                           
000040b3  TI_memcpy_small                                                    
0000419f  TI_memset_small                                                    
20014000  __STACK_END                                                        
00000600  __STACK_SIZE                                                       
00004d4c  __TI_CINIT_Base                                                    
00004d5c  __TI_CINIT_Limit                                                   
00004d5c  __TI_CINIT_Warm                                                    
00004d38  __TI_Handler_Table_Base                                            
00004d44  __TI_Handler_Table_Limit                                           
00003581  __TI_auto_init_nobinit_nopinit                                     
0000248d  __TI_decompress_lzss                                               
000041ad  __TI_decompress_none                                               
ffffffff  __TI_pprof_out_hndl                                                
ffffffff  __TI_prof_data_size                                                
ffffffff  __TI_prof_data_start                                               
00000000  __TI_static_base__                                                 
00004165  __TI_zero_init                                                     
000024f7  __aeabi_ldiv0                                                      
00004065  __aeabi_ldivmod                                                    
00004085  __aeabi_memclr                                                     
00004085  __aeabi_memclr4                                                    
00004085  __aeabi_memclr8                                                    
00004301  __aeabi_memcpy                                                     
00004301  __aeabi_memcpy4                                                    
00004301  __aeabi_memcpy8                                                    
00004079  __aeabi_memset                                                     
00004079  __aeabi_memset4                                                    
00004079  __aeabi_memset8                                                    
0000408d  __aeabi_uldivmod                                                   
ffffffff  __binit__                                                          
00004c8c  __c_args__                                                         
00057fa8  __ccfg                                                             
00002871  __divmoddi4                                                        
UNDEFED   __mpu_init                                                         
200040d8  __primary_heap_end__                                               
200000d8  __primary_heap_start__                                             
20013a00  __stack                                                            
20000000  __start___llvm_prf_bits                                            
20000000  __start___llvm_prf_cnts                                            
20000000  __stop___llvm_prf_bits                                             
20000000  __stop___llvm_prf_cnts                                             
00001b69  __udivmoddi4                                                       
00004029  _args_main                                                         
00003725  _c_int00                                                           
20004a30  _hposcCoeffs                                                       
20004a58  _lock                                                              
00002a2b  _nop                                                               
000035ed  _pthread_cleanupFxn                                                
00002169  _pthread_removeThreadKeys                                          
00004235  _register_lock                                                     
00004241  _register_unlock                                                   
000042eb  _system_post_cinit                                                 
000042ef  _system_pre_init                                                   
20004a5c  _unlock                                                            
ffffffff  binit                                                              
200043b0  gpioCallbackFunctions                                              
2000482c  gpioPinConfigs                                                     
2000442c  gpioUserArgs                                                       
00002929  main                                                               
00003b1d  mainThread                                                         
00003f9d  pthread_attr_init                                                  
0000424d  pthread_attr_setdetachstate                                        
0000403d  pthread_attr_setschedparam                                         
000042b5  pthread_attr_setstacksize                                          
00001269  pthread_create                                                     
000028cd  pthread_exit                                                       
00004b70  resourceDB                                                         
000039c5  sleep                                                              
20004938  ti_sysbios_family_arm_cc26xx_Timer_Module_state                    
00000a49  ti_sysbios_family_arm_cc26xx_Timer_construct                       
00004145  ti_sysbios_family_arm_cc26xx_Timer_dynamicStub                     
00003331  ti_sysbios_family_arm_cc26xx_Timer_periodicStub                    
00003a9f  ti_sysbios_family_arm_cc26xx_Timer_setNextTick                     
0000336d  ti_sysbios_family_arm_cc26xx_Timer_setThreshold                    
00002d79  ti_sysbios_family_arm_cc26xx_Timer_start                           
200046ac  ti_sysbios_family_arm_cc26xx_TimestampProvider_Module_state        
00002341  ti_sysbios_family_arm_m3_Hwi_Instance_init                         
200048d4  ti_sysbios_family_arm_m3_Hwi_Module_state                          
00003d35  ti_sysbios_family_arm_m3_Hwi_construct                             
00002ff1  ti_sysbios_family_arm_m3_Hwi_construct2                            
00003035  ti_sysbios_family_arm_m3_Hwi_disableInterrupt                      
00000b69  ti_sysbios_family_arm_m3_Hwi_dispatch                              
00002421  ti_sysbios_family_arm_m3_Hwi_dispatchC                             
200042d8  ti_sysbios_family_arm_m3_Hwi_dispatchTable                         
000042bb  ti_sysbios_family_arm_m3_Hwi_doSwiRestore                          
000042c1  ti_sysbios_family_arm_m3_Hwi_doTaskRestore                         
00003079  ti_sysbios_family_arm_m3_Hwi_enableInterrupt                       
00001341  ti_sysbios_family_arm_m3_Hwi_excFillContext                        
00004155  ti_sysbios_family_arm_m3_Hwi_excHandler                            
00003b45  ti_sysbios_family_arm_m3_Hwi_excHandlerAsm                         
0000384d  ti_sysbios_family_arm_m3_Hwi_excHandlerMin                         
00003621  ti_sysbios_family_arm_m3_Hwi_getStackInfo                          
00003655  ti_sysbios_family_arm_m3_Hwi_init                                  
00001f7d  ti_sysbios_family_arm_m3_Hwi_initNVIC                              
00003e01  ti_sysbios_family_arm_m3_Hwi_initStack                             
00002981  ti_sysbios_family_arm_m3_Hwi_initStacks                            
00000c40  ti_sysbios_family_arm_m3_Hwi_interruptsAreDisabledButShouldNotBe   
00000c45  ti_sysbios_family_arm_m3_Hwi_pendSV                                
00001ffd  ti_sysbios_family_arm_m3_Hwi_postInit                              
20000000  ti_sysbios_family_arm_m3_Hwi_ramVectors                            
00000000  ti_sysbios_family_arm_m3_Hwi_resetVectors                          
00000c68  ti_sysbios_family_arm_m3_Hwi_return                                
00004c88  ti_sysbios_family_arm_m3_Hwi_swiTaskKeyAddress                     
00003e61  ti_sysbios_family_arm_m3_Hwi_switchAndRunFunc                      
00004051  ti_sysbios_family_arm_m3_Hwi_switchFromBootStack                   
00003b6d  ti_sysbios_gates_GateMutex_Instance_init                           
20004a40  ti_sysbios_gates_GateMutex_Module_state                            
000039f1  ti_sysbios_gates_GateMutex_enter                                   
00004191  ti_sysbios_gates_GateMutex_leave                                   
00002dc1  ti_sysbios_heaps_HeapMem_Instance_init                             
20004a48  ti_sysbios_heaps_HeapMem_Module_state                              
00002e09  ti_sysbios_heaps_HeapMem_alloc                                     
000026f1  ti_sysbios_heaps_HeapMem_allocUnprotected                          
000033a9  ti_sysbios_heaps_HeapMem_construct                                 
0000387d  ti_sysbios_heaps_HeapMem_free                                      
00002b6b  ti_sysbios_heaps_HeapMem_freeUnprotected                           
20004614  ti_sysbios_heaps_HeapMem_gate                                      
00003181  ti_sysbios_heaps_HeapMem_getStats                                  
00004259  ti_sysbios_heaps_HeapMem_init                                      
000042fb  ti_sysbios_heaps_HeapMem_isBlocking                                
000033e5  ti_sysbios_knl_ClockSupport_init                                   
00004265  ti_sysbios_knl_ClockSupport_setNextTick                            
200044a8  ti_sysbios_knl_ClockSupport_timerStruct                            
00003689  ti_sysbios_knl_Clock_Instance_init                                 
20004978  ti_sysbios_knl_Clock_Module_state                                  
00003a1d  ti_sysbios_knl_Clock_getTicks                                      
000031c1  ti_sysbios_knl_Clock_getTicksUntilInterrupt                        
00001e71  ti_sysbios_knl_Clock_init                                          
00003fb5  ti_sysbios_knl_Clock_scheduleNextTick                              
00003ffd  ti_sysbios_knl_Clock_start                                         
00001cbd  ti_sysbios_knl_Clock_startI                                        
00004271  ti_sysbios_knl_Clock_tick                                          
00002751  ti_sysbios_knl_Clock_walkQueueDynamic                              
000014e9  ti_sysbios_knl_Clock_workFuncDynamic                               
00004c80  ti_sysbios_knl_Idle_funcList                                       
00002629  ti_sysbios_knl_Idle_init                                           
20004913  ti_sysbios_knl_Idle_initDone                                       
000042c7  ti_sysbios_knl_Idle_loop                                           
00003eb9  ti_sysbios_knl_Idle_run                                            
200040d8  ti_sysbios_knl_Idle_taskStack                                      
20004508  ti_sysbios_knl_Idle_taskStruct                                     
00003ed5  ti_sysbios_knl_Queue_put                                           
00003b95  ti_sysbios_knl_Semaphore_Instance_init                             
20004a50  ti_sysbios_knl_Semaphore_Module_state                              
00003d59  ti_sysbios_knl_Semaphore_destruct                                  
00001185  ti_sysbios_knl_Semaphore_pend                                      
00003759  ti_sysbios_knl_Semaphore_pendTimeout                               
000027b1  ti_sysbios_knl_Semaphore_post                                      
00002c9d  ti_sysbios_knl_Swi_Instance_init                                   
20004950  ti_sysbios_knl_Swi_Module_state                                    
00003bbd  ti_sysbios_knl_Swi_init                                            
00002a7d  ti_sysbios_knl_Swi_post                                            
20004560  ti_sysbios_knl_Swi_readyQs                                         
000030bd  ti_sysbios_knl_Swi_restore                                         
000022cd  ti_sysbios_knl_Swi_restoreHwi                                      
000024f9  ti_sysbios_knl_Swi_run                                             
00002acd  ti_sysbios_knl_Swi_runLoop                                         
00002811  ti_sysbios_knl_Swi_schedule                                        
000042cd  ti_sysbios_knl_Swi_startup                                         
0000268d  ti_sysbios_knl_TaskSupport_buildTaskStack                          
00003fcd  ti_sysbios_knl_TaskSupport_glue                                    
000038ad  ti_sysbios_knl_TaskSupport_start                                   
00003be5  ti_sysbios_knl_TaskSupport_swap                                    
00003bf0  ti_sysbios_knl_TaskSupport_swapReturn                              
00001679  ti_sysbios_knl_Task_Instance_finalize                              
00001c19  ti_sysbios_knl_Task_Instance_init                                  
200049e0  ti_sysbios_knl_Task_Module_state                                   
00003ac9  ti_sysbios_knl_Task_allBlockedFunction                             
00003421  ti_sysbios_knl_Task_blockI                                         
00003c0d  ti_sysbios_knl_Task_construct                                      
0000345d  ti_sysbios_knl_Task_create                                         
200046b0  ti_sysbios_knl_Task_defaultStackHeap                               
00003e21  ti_sysbios_knl_Task_delete                                         
00003e41  ti_sysbios_knl_Task_destruct                                       
00003d7d  ti_sysbios_knl_Task_enter                                          
00003201  ti_sysbios_knl_Task_exit                                           
00003c35  ti_sysbios_knl_Task_init                                           
000021e1  ti_sysbios_knl_Task_postInit                                       
00003549  ti_sysbios_knl_Task_processVitalTaskFlag                           
20004590  ti_sysbios_knl_Task_readyQs                                        
00003499  ti_sysbios_knl_Task_restore                                        
00003a49  ti_sysbios_knl_Task_restoreHwi                                     
00002e51  ti_sysbios_knl_Task_schedule                                       
00001a05  ti_sysbios_knl_Task_setPri                                         
00001d51  ti_sysbios_knl_Task_sleep                                          
00003f0b  ti_sysbios_knl_Task_sleepTimeout                                   
000023b1  ti_sysbios_knl_Task_startup                                        
00003fe5  ti_sysbios_knl_Task_unblock                                        
000036bd  ti_sysbios_knl_Task_unblockI                                       
2000492c  ti_sysbios_runtime_Error_ignore                                    
000036f1  ti_sysbios_runtime_Error_raiseX                                    
000034d5  ti_sysbios_runtime_Memory_alloc                                    
20004914  ti_sysbios_runtime_Memory_defaultHeapInstance                      
20004910  ti_sysbios_runtime_Startup_done                                    
00002e99  ti_sysbios_runtime_Startup_exec                                    
20004944  ti_sysbios_runtime_System_Module_state                             
000038dd  ti_sysbios_runtime_System_atexit                                   
2000463c  ti_sysbios_runtime_System_atexitHandlers                           
000042a1  ti_sysbios_runtime_System_exit                                     
0000396b  ti_sysbios_runtime_System_exitSpin                                 
0000390d  ti_sysbios_runtime_System_processAtExit                            


GLOBAL SYMBOLS: SORTED BY Symbol Address 

address   name                                                               
-------   ----                                                               
00000000  __TI_static_base__                                                 
00000000  ti_sysbios_family_arm_m3_Hwi_resetVectors                          
00000600  __STACK_SIZE                                                       
00000627  BIOS_nullFunc                                                      
00000629  PowerCC26X2_auxISR                                                 
000007bd  Power_sleep                                                        
00000a49  ti_sysbios_family_arm_cc26xx_Timer_construct                       
00000b69  ti_sysbios_family_arm_m3_Hwi_dispatch                              
00000c40  ti_sysbios_family_arm_m3_Hwi_interruptsAreDisabledButShouldNotBe   
00000c45  ti_sysbios_family_arm_m3_Hwi_pendSV                                
00000c68  ti_sysbios_family_arm_m3_Hwi_return                                
00000c85  Power_init                                                         
00000d9d  PowerCC26X2_calibrate                                              
00000ea9  GPIO_init                                                          
00000fad  NOROM_SysCtrlStandby                                               
000010a1  NOROM_SetupTrimDevice                                              
00001185  ti_sysbios_knl_Semaphore_pend                                      
00001269  pthread_create                                                     
00001341  ti_sysbios_family_arm_m3_Hwi_excFillContext                        
000014e9  ti_sysbios_knl_Clock_workFuncDynamic                               
00001679  ti_sysbios_knl_Task_Instance_finalize                              
00001731  NOROM_OSC_HPOSCInitializeFrequencyOffsetParameters                 
000017e7  NOROM_OSCHF_AttemptToSwitchToXosc                                  
0000189b  Board_initHook                                                     
0000189d  PowerCC26XX_standbyPolicy                                          
00001951  Power_releaseDependency                                            
00001a05  ti_sysbios_knl_Task_setPri                                         
00001ab9  Power_setDependency                                                
00001b69  __udivmoddi4                                                       
00001c19  ti_sysbios_knl_Task_Instance_init                                  
00001cbd  ti_sysbios_knl_Clock_startI                                        
00001d51  ti_sysbios_knl_Task_sleep                                          
00001de5  GPIO_setConfig                                                     
00001e71  ti_sysbios_knl_Clock_init                                          
00001efd  NOROM_SysCtrlSetRechargeBeforePowerDown                            
00001f7d  ti_sysbios_family_arm_m3_Hwi_initNVIC                              
00001ffd  ti_sysbios_family_arm_m3_Hwi_postInit                              
00002079  NOROM_OSCHF_SwitchToRcOscTurnOffXosc                               
000020f1  NOROM_OSC_CapArrayAdjustWorkaround_Boot                            
00002169  _pthread_removeThreadKeys                                          
000021e1  ti_sysbios_knl_Task_postInit                                       
00002259  PowerCC26X2_updateSubSecInc                                        
000022cd  ti_sysbios_knl_Swi_restoreHwi                                      
00002341  ti_sysbios_family_arm_m3_Hwi_Instance_init                         
000023b1  ti_sysbios_knl_Task_startup                                        
00002421  ti_sysbios_family_arm_m3_Hwi_dispatchC                             
0000248d  __TI_decompress_lzss                                               
000024f7  __aeabi_ldiv0                                                      
000024f9  ti_sysbios_knl_Swi_run                                             
00002561  PowerCC26X2_initiateCalibration                                    
00002629  ti_sysbios_knl_Idle_init                                           
0000268d  ti_sysbios_knl_TaskSupport_buildTaskStack                          
000026f1  ti_sysbios_heaps_HeapMem_allocUnprotected                          
00002751  ti_sysbios_knl_Clock_walkQueueDynamic                              
000027b1  ti_sysbios_knl_Semaphore_post                                      
00002811  ti_sysbios_knl_Swi_schedule                                        
00002871  __divmoddi4                                                        
000028cd  pthread_exit                                                       
00002929  main                                                               
00002981  ti_sysbios_family_arm_m3_Hwi_initStacks                            
000029d9  NOROM_ChipInfo_GetHwRevision                                       
00002a2b  _nop                                                               
00002a2d  Board_shutDownExtFlash                                             
00002a7d  ti_sysbios_knl_Swi_post                                            
00002acd  ti_sysbios_knl_Swi_runLoop                                         
00002b1d  Board_sendExtFlashByte                                             
00002b6b  ti_sysbios_heaps_HeapMem_freeUnprotected                           
00002bb9  BIOS_startFunc                                                     
00002c05  NOROM_OSC_HPOSCRelativeFrequencyOffsetGet                          
00002c9d  ti_sysbios_knl_Swi_Instance_init                                   
00002ce9  BIOS_init                                                          
00002d31  NOROM_AUXSYSIFOpModeChange                                         
00002d79  ti_sysbios_family_arm_cc26xx_Timer_start                           
00002dc1  ti_sysbios_heaps_HeapMem_Instance_init                             
00002e09  ti_sysbios_heaps_HeapMem_alloc                                     
00002e51  ti_sysbios_knl_Task_schedule                                       
00002e99  ti_sysbios_runtime_Startup_exec                                    
00002ee1  BIOS_atExitFunc                                                    
00002f25  GPIO_hwiIntFxn                                                     
00002f69  NOROM_PRCMPowerDomainsAllOff                                       
00002fad  NOROM_PRCMPowerDomainsAllOn                                        
00002ff1  ti_sysbios_family_arm_m3_Hwi_construct2                            
00003035  ti_sysbios_family_arm_m3_Hwi_disableInterrupt                      
00003079  ti_sysbios_family_arm_m3_Hwi_enableInterrupt                       
000030bd  ti_sysbios_knl_Swi_restore                                         
00003101  PowerCC26X2_RCOSC_clockFunc                                        
00003141  PowerCC26X2_setAclkRefSrc                                          
00003181  ti_sysbios_heaps_HeapMem_getStats                                  
000031c1  ti_sysbios_knl_Clock_getTicksUntilInterrupt                        
00003201  ti_sysbios_knl_Task_exit                                           
00003241  GPIO_resetConfig                                                   
0000327d  HwiP_construct                                                     
000032b9  NOROM_SysCtrlIdle                                                  
000032f5  PowerCC26X2_setTdcClkSrc24M                                        
00003331  ti_sysbios_family_arm_cc26xx_Timer_periodicStub                    
0000336d  ti_sysbios_family_arm_cc26xx_Timer_setThreshold                    
000033a9  ti_sysbios_heaps_HeapMem_construct                                 
000033e5  ti_sysbios_knl_ClockSupport_init                                   
00003421  ti_sysbios_knl_Task_blockI                                         
0000345d  ti_sysbios_knl_Task_create                                         
00003499  ti_sysbios_knl_Task_restore                                        
000034d5  ti_sysbios_runtime_Memory_alloc                                    
00003511  PowerCC26X2_oscDisableQualifiers                                   
00003549  ti_sysbios_knl_Task_processVitalTaskFlag                           
00003581  __TI_auto_init_nobinit_nopinit                                     
000035b9  Power_releaseConstraint                                            
000035ed  _pthread_cleanupFxn                                                
00003621  ti_sysbios_family_arm_m3_Hwi_getStackInfo                          
00003655  ti_sysbios_family_arm_m3_Hwi_init                                  
00003689  ti_sysbios_knl_Clock_Instance_init                                 
000036bd  ti_sysbios_knl_Task_unblockI                                       
000036f1  ti_sysbios_runtime_Error_raiseX                                    
00003725  _c_int00                                                           
00003759  ti_sysbios_knl_Semaphore_pendTimeout                               
0000378d  Board_wakeUpExtFlash                                               
000037bd  ClockP_construct                                                   
000037ed  Power_setConstraint                                                
0000384d  ti_sysbios_family_arm_m3_Hwi_excHandlerMin                         
0000387d  ti_sysbios_heaps_HeapMem_free                                      
000038ad  ti_sysbios_knl_TaskSupport_start                                   
000038dd  ti_sysbios_runtime_System_atexit                                   
0000390d  ti_sysbios_runtime_System_processAtExit                            
0000393d  NOROM_ThisLibraryIsFor_CC13x2_CC26x2_HwRev20AndLater_HaltIfViolated
0000396b  ti_sysbios_runtime_System_exitSpin                                 
0000396d  PowerCC26XX_schedulerDisable                                       
000039c5  sleep                                                              
000039f1  ti_sysbios_gates_GateMutex_enter                                   
00003a1d  ti_sysbios_knl_Clock_getTicks                                      
00003a49  ti_sysbios_knl_Task_restoreHwi                                     
00003a75  NOROM_OSCHF_TurnOnXosc                                             
00003a9f  ti_sysbios_family_arm_cc26xx_Timer_setNextTick                     
00003ac9  ti_sysbios_knl_Task_allBlockedFunction                             
00003af5  BIOS_registerRTSLock                                               
00003b1d  mainThread                                                         
00003b45  ti_sysbios_family_arm_m3_Hwi_excHandlerAsm                         
00003b6d  ti_sysbios_gates_GateMutex_Instance_init                           
00003b95  ti_sysbios_knl_Semaphore_Instance_init                             
00003bbd  ti_sysbios_knl_Swi_init                                            
00003be5  ti_sysbios_knl_TaskSupport_swap                                    
00003bf0  ti_sysbios_knl_TaskSupport_swapReturn                              
00003c0d  ti_sysbios_knl_Task_construct                                      
00003c35  ti_sysbios_knl_Task_init                                           
00003c5d  BIOS_removeRTSLock                                                 
00003c81  PowerCC26X2_setSubSecIncToXoscLf                                   
00003ca5  PowerCC26X2_writeCtrim                                             
00003cc9  PowerCC26X2_writeCtrimFract                                        
00003ced  PowerCC26X2_writeCtrimFractEn                                      
00003d11  PowerCC26X2_writeRtrim                                             
00003d35  ti_sysbios_family_arm_m3_Hwi_construct                             
00003d59  ti_sysbios_knl_Semaphore_destruct                                  
00003d7d  ti_sysbios_knl_Task_enter                                          
00003da1  PowerCC26X2_disableTCXOQual                                        
00003dc1  PowerCC26X2_enableTCXOQual                                         
00003de1  PowerCC26XX_schedulerRestore                                       
00003e01  ti_sysbios_family_arm_m3_Hwi_initStack                             
00003e21  ti_sysbios_knl_Task_delete                                         
00003e41  ti_sysbios_knl_Task_destruct                                       
00003e61  ti_sysbios_family_arm_m3_Hwi_switchAndRunFunc                      
00003e81  BIOS_rtsLock                                                       
00003e9d  Power_getTransitionLatency                                         
00003eb9  ti_sysbios_knl_Idle_run                                            
00003ed5  ti_sysbios_knl_Queue_put                                           
00003ef1  Board_init                                                         
00003f0b  ti_sysbios_knl_Task_sleepTimeout                                   
00003f25  BIOS_exitFunc                                                      
00003f3d  BIOS_rtsUnlock                                                     
00003f55  GPIO_disableInt                                                    
00003f6d  PowerCC26XX_calibrate                                              
00003f85  Power_idleFunc                                                     
00003f9d  pthread_attr_init                                                  
00003fb5  ti_sysbios_knl_Clock_scheduleNextTick                              
00003fcd  ti_sysbios_knl_TaskSupport_glue                                    
00003fe5  ti_sysbios_knl_Task_unblock                                        
00003ffd  ti_sysbios_knl_Clock_start                                         
00004000  HEAPSIZE                                                           
00004015  GPIO_toggle                                                        
00004029  _args_main                                                         
0000403d  pthread_attr_setschedparam                                         
00004051  ti_sysbios_family_arm_m3_Hwi_switchFromBootStack                   
00004065  __aeabi_ldivmod                                                    
00004079  __aeabi_memset                                                     
00004079  __aeabi_memset4                                                    
00004079  __aeabi_memset8                                                    
00004085  __aeabi_memclr                                                     
00004085  __aeabi_memclr4                                                    
00004085  __aeabi_memclr8                                                    
0000408d  __aeabi_uldivmod                                                   
000040b3  TI_memcpy_small                                                    
000040c5  GPIO_write                                                         
000040d5  HwiP_Params_init                                                   
000040e5  PowerCC26X2_oscCtlClearXtal                                        
000040f5  PowerCC26X2_prcmEnableCacheRetention                               
00004105  PowerCC26X2_readCtrim                                              
00004115  PowerCC26X2_readCtrimFract                                         
00004125  PowerCC26X2_readRtrim                                              
00004135  PowerCC26X2_switchToTCXO                                           
00004145  ti_sysbios_family_arm_cc26xx_Timer_dynamicStub                     
00004155  ti_sysbios_family_arm_m3_Hwi_excHandler                            
00004165  __TI_zero_init                                                     
00004191  ti_sysbios_gates_GateMutex_leave                                   
0000419f  TI_memset_small                                                    
000041ad  __TI_decompress_none                                               
000041bd  BIOS_linkedWithIncorrectBootLibrary                                
000041c9  BIOS_start                                                         
000041d5  HwiP_disable                                                       
000041e1  NOROM_CPUcpsid                                                     
000041ed  NOROM_CPUcpsie                                                     
000041f9  PowerCC26X2_oscClockSourceGet                                      
00004205  PowerCC26X2_setPeriphDeepSleepEnable                               
00004211  PowerCC26X2_sysCtrlGetResetSource                                  
0000421d  PowerCC26X2_sysCtrlVoltageConditionalControl                       
00004229  Power_getConstraintMask                                            
00004235  _register_lock                                                     
00004241  _register_unlock                                                   
0000424d  pthread_attr_setdetachstate                                        
00004259  ti_sysbios_heaps_HeapMem_init                                      
00004265  ti_sysbios_knl_ClockSupport_setNextTick                            
00004271  ti_sysbios_knl_Clock_tick                                          
0000427d  ClockP_Params_init                                                 
00004287  PowerCC26X2_sysCtrlStandby                                         
00004291  NOROM_CPUdelay                                                     
00004299  PowerCC26X2_oschfTrySwitchToXosc                                   
000042a1  ti_sysbios_runtime_System_exit                                     
000042a9  ClockP_stop                                                        
000042af  HwiP_restore                                                       
000042b5  pthread_attr_setstacksize                                          
000042bb  ti_sysbios_family_arm_m3_Hwi_doSwiRestore                          
000042c1  ti_sysbios_family_arm_m3_Hwi_doTaskRestore                         
000042c7  ti_sysbios_knl_Idle_loop                                           
000042cd  ti_sysbios_knl_Swi_startup                                         
000042d3  ClockP_getSystemTickPeriod                                         
000042d7  ClockP_start                                                       
000042db  PowerCC26X2_oschfSwitchToRcosc                                     
000042df  PowerCC26X2_sysCtrlIdle                                            
000042e3  PowerCC26X2_turnOnXosc                                             
000042e7  ResetISR                                                           
000042eb  _system_post_cinit                                                 
000042ef  _system_pre_init                                                   
000042fb  ti_sysbios_heaps_HeapMem_isBlocking                                
00004301  __aeabi_memcpy                                                     
00004301  __aeabi_memcpy4                                                    
00004301  __aeabi_memcpy8                                                    
00004afd  GPIO_pinLowerBound                                                 
00004afe  GPIO_pinUpperBound                                                 
00004b70  resourceDB                                                         
00004c1c  PowerCC26X2_config                                                 
00004c44  GPIO_config                                                        
00004c80  ti_sysbios_knl_Idle_funcList                                       
00004c88  ti_sysbios_family_arm_m3_Hwi_swiTaskKeyAddress                     
00004c8c  __c_args__                                                         
00004d38  __TI_Handler_Table_Base                                            
00004d44  __TI_Handler_Table_Limit                                           
00004d4c  __TI_CINIT_Base                                                    
00004d5c  __TI_CINIT_Limit                                                   
00004d5c  __TI_CINIT_Warm                                                    
00057fa8  __ccfg                                                             
20000000  __start___llvm_prf_bits                                            
20000000  __start___llvm_prf_cnts                                            
20000000  __stop___llvm_prf_bits                                             
20000000  __stop___llvm_prf_cnts                                             
20000000  ti_sysbios_family_arm_m3_Hwi_ramVectors                            
200000d8  __primary_heap_start__                                             
200040d8  __primary_heap_end__                                               
200040d8  ti_sysbios_knl_Idle_taskStack                                      
200042d8  ti_sysbios_family_arm_m3_Hwi_dispatchTable                         
200043b0  gpioCallbackFunctions                                              
2000442c  gpioUserArgs                                                       
200044a8  ti_sysbios_knl_ClockSupport_timerStruct                            
20004508  ti_sysbios_knl_Idle_taskStruct                                     
20004560  ti_sysbios_knl_Swi_readyQs                                         
20004590  ti_sysbios_knl_Task_readyQs                                        
200045c0  BIOS_heapMemObject                                                 
200045ec  BIOS_rtsGate                                                       
20004614  ti_sysbios_heaps_HeapMem_gate                                      
2000463c  ti_sysbios_runtime_System_atexitHandlers                           
200046a4  PowerCC26XX_swiKey                                                 
200046a8  PowerCC26XX_taskKey                                                
200046ac  ti_sysbios_family_arm_cc26xx_TimestampProvider_Module_state        
200046b0  ti_sysbios_knl_Task_defaultStackHeap                               
200046b8  PowerCC26X2_module                                                 
2000482c  gpioPinConfigs                                                     
200048a8  BIOS_Module_state                                                  
200048d4  ti_sysbios_family_arm_m3_Hwi_Module_state                          
20004910  ti_sysbios_runtime_Startup_done                                    
20004913  ti_sysbios_knl_Idle_initDone                                       
20004914  ti_sysbios_runtime_Memory_defaultHeapInstance                      
2000492c  ti_sysbios_runtime_Error_ignore                                    
20004938  ti_sysbios_family_arm_cc26xx_Timer_Module_state                    
20004944  ti_sysbios_runtime_System_Module_state                             
20004950  ti_sysbios_knl_Swi_Module_state                                    
20004978  ti_sysbios_knl_Clock_Module_state                                  
200049e0  ti_sysbios_knl_Task_Module_state                                   
20004a30  _hposcCoeffs                                                       
20004a40  ti_sysbios_gates_GateMutex_Module_state                            
20004a48  ti_sysbios_heaps_HeapMem_Module_state                              
20004a50  ti_sysbios_knl_Semaphore_Module_state                              
20004a58  _lock                                                              
20004a5c  _unlock                                                            
20013a00  __stack                                                            
20014000  __STACK_END                                                        
ffffffff  __TI_pprof_out_hndl                                                
ffffffff  __TI_prof_data_size                                                
ffffffff  __TI_prof_data_start                                               
ffffffff  __binit__                                                          
ffffffff  binit                                                              
UNDEFED   ITM_flush                                                          
UNDEFED   ITM_restore                                                        
UNDEFED   __mpu_init                                                         

[308 symbols]
