******************************************************************************
            TI ARM Clang Linker PC v2.1.2                      
******************************************************************************
>> Linked Sun Jan 21 15:56:32 2024

OUTPUT FILE NAME:   <multiSniff_LP_CC2652RB_tirtos7_ticlang2.out>
ENTRY POINT SYMBOL: "ResetISR"  address: 0000b99d


MEMORY CONFIGURATION

         name            origin    length      used     unused   attr    fill
----------------------  --------  ---------  --------  --------  ----  --------
  FLASH                 00000000   00050000  0000cc87  00043379  R  X
  STV_R                 00050000   00000020  00000000  00000020  R   
  HTML                  00051000   00003000  00000000  00003000  R   
  GPRAM                 11000000   00002000  00000000  00002000  RW X
  SRAM                  20000000   00012000  000062cb  0000bd35  RW X
  MTU_BUFFER            20012000   00001500  00000000  00001500  RW  
  STV_W                 20013500   00000020  00000000  00000020   W  
  LOG_DATA              90000000   00040000  00000000  00040000  R   


SEGMENT ALLOCATION MAP

run origin  load origin   length   init length attrs members
----------  ----------- ---------- ----------- ----- -------
00000000    00000000    0000cb03   0000cb03    r-x
  00000000    00000000    0000003c   0000003c    r-- .resetVecs
  00000040    00000040    0000b9e0   0000b9e0    r-x .text
  0000ba20    0000ba20    000010e3   000010e3    r-- .rodata
0000cb04    0000cb04    00000008   00000008    rw-
  0000cb04    0000cb04    00000008   00000008    rw- .args
0000cb0c    0000cb0c    00000128   00000128    r--
  0000cb0c    0000cb0c    00000128   00000128    r-- .cinit
0004ffa8    0004ffa8    00000058   00000058    r--
  0004ffa8    0004ffa8    00000058   00000058    r-- .ccfg
200000d8    200000d8    000016ce   00000000    rw-
  200000d8    200000d8    000016ce   00000000    rw- .bss
20001830    20001830    00000010   00000000    rw-
  20001830    20001830    00000010   00000000    rw- .TI.bound:dmaSpi0RxControlTableEntry
20001840    20001840    00000010   00000000    rw-
  20001840    20001840    00000010   00000000    rw- .TI.bound:dmaSpi0TxControlTableEntry
20001a30    20001a30    00000010   00000000    rw-
  20001a30    20001a30    00000010   00000000    rw- .TI.bound:dmaSpi0RxAltControlTableEntry
20001a40    20001a40    00000010   00000000    rw-
  20001a40    20001a40    00000010   00000000    rw- .TI.bound:dmaSpi0TxAltControlTableEntry
20001a50    20001a50    00004000   00000000    r--
  20001a50    20001a50    00004000   00000000    r-- .priheap
20005a50    20005a50    000004e5   00000000    rw-
  20005a50    20005a50    000004e5   00000000    rw- .data
20011a00    20011a00    00000600   00000000    rw-
  20011a00    20011a00    00000600   00000000    rw- .stack


SECTION ALLOCATION MAP

 output                                  attributes/
section   page    origin      length       input sections
--------  ----  ----------  ----------   ----------------
.binit     0    00000000    00000000     

.cinit     0    0000cb0c    00000128     
                  0000cb0c    000000c4     (.cinit..data.load) [load image, compression = lzss]
                  0000cbd0    0000000c     (__TI_handler_table)
                  0000cbdc    00000008     (.cinit..TI.bound:dmaSpi0RxAltControlTableEntry.load) [load image, compression = zero_init]
                  0000cbe4    00000008     (.cinit..TI.bound:dmaSpi0RxControlTableEntry.load) [load image, compression = zero_init]
                  0000cbec    00000008     (.cinit..TI.bound:dmaSpi0TxAltControlTableEntry.load) [load image, compression = zero_init]
                  0000cbf4    00000008     (.cinit..TI.bound:dmaSpi0TxControlTableEntry.load) [load image, compression = zero_init]
                  0000cbfc    00000008     (.cinit..bss.load) [load image, compression = zero_init]
                  0000cc04    00000030     (__TI_cinit_table)

.init_array 
*          0    00000000    00000000     UNINITIALIZED

.ccfg      0    0004ffa8    00000058     
                  0004ffa8    00000058     ti_devices_config.o (.ccfg)

.bss       0    200000d8    000016ce     UNINITIALIZED
                  200000d8    00000401     ssd1306.o (.bss.SSD1306_LcdBufferInclStreamByte)
                  200004d9    00000002     ssd1306.o (.bss.SSD1306_SendCommand.buffer)
                  200004db    00000001     dashboard_task.o (.bss.Dashboard_Main.readDestination)
                  200004dc    00000004     ssd1306.o (.bss._i2c)
                  200004e0    00000400     (.common:ti_sysbios_knl_Idle_taskStack)
                  200008e0    00000400     (.common:ti_sysbios_runtime_SysMin_outbuf)
                  20000ce0    000002c0     rf_multiMode_cc26x2.a : RFCC26X2_multiMode.c.cc26x2.ticlang.o (.bss.RF_cmdPool)
                  20000fa0    00000140     (.common:i2cCC26xxObjects)
                  200010e0    00000120     libsysbm.a : trgmsg.c.obj (.bss:_CIOBUF_)
                  20001200    00000100     (.common:spiCC26X2DMAObjects)
                  20001300    000000d8     (.common:ti_sysbios_family_arm_m3_Hwi_dispatchTable)
                  200013d8    0000007c     (.common:gpioCallbackFunctions)
                  20001454    0000007c     (.common:gpioUserArgs)
                  200014d0    00000060     (.common:ti_sysbios_knl_ClockSupport_timerStruct)
                  20001530    00000058     (.common:ti_sysbios_knl_Idle_taskStruct)
                  20001588    00000030     (.common:ti_sysbios_knl_Swi_readyQs)
                  200015b8    00000030     (.common:ti_sysbios_knl_Task_readyQs)
                  200015e8    0000002c     (.common:BIOS_heapMemObject)
                  20001614    00000028     (.common:BIOS_rtsGate)
                  2000163c    00000028     (.common:ti_sysbios_heaps_HeapMem_gate)
                  20001664    00000024     (.common:dashboardTaskParams)
                  20001688    00000024     (.common:initTaskParams)
                  200016ac    00000020     (.common:Ethernet)
                  200016cc    00000020     (.common:ti_sysbios_runtime_System_atexitHandlers)
                  200016ec    00000020     (.common:udmaCC26XXObject)
                  2000170c    0000001c     drivers_cc26x2.a : TemperatureCC26X2.c.obj (.bss.batmonHwi)
                  20001728    0000001c                      : GPIOCC26X2.c.obj (.bss.gpioHwi)
                  20001744    00000014     (.common:ti_sysbios_hal_Seconds_Module_state)
                  20001758    00000010     ssd1306.o (.bss._i2cParams)
                  20001768    00000008     drivers_cc26x2.a : TemperatureCC26X2.c.obj (.bss.notificationList)
                  20001770    00000008     (.common:parmbuf)
                  20001778    00000004     driverlib.lib : osc.o (.bss.oscHfGlobals.0)
                  2000177c    00000004                   : osc.o (.bss.oscHfGlobals.2)
                  20001780    00000004                   : osc.o (.bss.oscHfGlobals.3)
                  20001784    00000004                   : osc.o (.bss.oscHfGlobals.4)
                  20001788    00000004     (.common:Init_SemaphoreHandle)
                  2000178c    00000004     (.common:PowerCC26XX_swiKey)
                  20001790    00000004     (.common:PowerCC26XX_taskKey)
                  20001794    00000004     (.common:spi)
                  20001798    00000004     (.common:ti_sysbios_family_arm_cc26xx_TimestampProvider_Module_state)
                  2000179c    00000004     (.common:ti_sysbios_knl_Task_defaultStackHeap)
                  200017a0    00000002     socket.o (.bss.local_port)
                  200017a2    00000002     (.common:_counter)
                  200017a4    00000002     (.common:ethernetServer)

.data      0    20005a50    000004e5     UNINITIALIZED
                  20005a50    00000174     drivers_cc26x2.a : PowerCC26X2.c.obj (.data.PowerCC26X2_module)
                  20005bc4    0000007c     ti_drivers_config.o (.data.gpioPinConfigs)
                  20005c40    00000068     rf_multiMode_cc26x2.a : RFCC26X2_multiMode.c.cc26x2.ticlang.o (.data..L_MergedGlobals.1)
                  20005ca8    00000068     ti_sysbios_config.o (.data.ti_sysbios_knl_Clock_Module_state)
                  20005d10    00000064     rf_multiMode_cc26x2.a : RFCC26X2_multiMode.c.cc26x2.ticlang.o (.data..L_MergedGlobals.3)
                  20005d74    00000058                           : RFCC26X2_multiMode.c.cc26x2.ticlang.o (.data..L_MergedGlobals.2)
                  20005dcc    0000003c     ti_sysbios_config.o (.data.ti_sysbios_family_arm_m3_Hwi_Module_state)
                  20005e08    0000003c     ti_sysbios_config.o (.data.ti_sysbios_knl_Task_Module_state)
                  20005e44    0000002c     ti_sysbios_config.o (.data.BIOS_Module_state)
                  20005e70    00000028     ti_sysbios_config.o (.data.ti_sysbios_knl_Swi_Module_state)
                  20005e98    00000010     Ethernet.o (.data.Ethernet_server_port)
                  20005ea8    00000010     driverlib.lib : osc.o (.data._hposcCoeffs)
                  20005eb8    00000010     ti_sysbios_config.o (.data.ti_sysbios_runtime_SysMin_Module_state)
                  20005ec8    0000000c     ti_sysbios_config.o (.data.ti_sysbios_family_arm_cc26xx_Timer_Module_state)
                  20005ed4    0000000c     ti_sysbios_config.o (.data.ti_sysbios_runtime_Error_ignore)
                  20005ee0    0000000c     ti_sysbios_config.o (.data.ti_sysbios_runtime_System_Module_state)
                  20005eec    00000008     rf_multiMode_cc26x2.a : RFCC26X2_multiMode.c.cc26x2.ticlang.o (.data..L_MergedGlobals)
                  20005ef4    00000008     ti_sysbios_config.o (.data.prefixStrings)
                  20005efc    00000008     ti_sysbios_config.o (.data.ti_sysbios_gates_GateMutex_Module_state)
                  20005f04    00000008     ti_sysbios_config.o (.data.ti_sysbios_heaps_HeapMem_Module_state)
                  20005f0c    00000008     ti_sysbios_config.o (.data.ti_sysbios_knl_Semaphore_Module_state)
                  20005f14    00000004     drivers_cc26x2.a : TemperatureCC26X2.c.obj (.data..L_MergedGlobals)
                  20005f18    00000004     EthernetClient.o (.data.EthernetClientPrintMethods)
                  20005f1c    00000004     libc.a : aeabi_portable.c.obj (.data.__aeabi_errno)
                  20005f20    00000004            : _lock.c.obj (.data._lock)
                  20005f24    00000004            : _lock.c.obj (.data._unlock)
                  20005f28    00000004     ti_sysbios_config.o (.data.terminatedList)
                  20005f2c    00000004     ti_sysbios_config.o (.data.ti_sysbios_runtime_Memory_defaultHeapInstance)
                  20005f30    00000001     drivers_cc26x2.a : GPIOCC26X2.c.obj (.data.initCalled)
                  20005f31    00000001                      : SPI.c.obj (.data.isInitialized)
                  20005f32    00000001                      : TemperatureCC26X2.c.obj (.data.isInitialized)
                  20005f33    00000001     ti_sysbios_config.o (.data.ti_sysbios_knl_Idle_initDone)
                  20005f34    00000001     ti_sysbios_config.o (.data.ti_sysbios_runtime_Startup_done)

.stack     0    20011a00    00000600     UNINITIALIZED
                  20011a00    00000004     sysbios.a : boot_cortex_m.obj (.stack)
                  20011a04    000005fc     --HOLE--

.priheap   0    20001a50    00004000     UNINITIALIZED
                  20001a50    00004000     --HOLE--

.log_data 
*          0    90000000    00000000     COPY SECTION

.resetVecs 
*          0    00000000    0000003c     
                  00000000    0000003c     ti_sysbios_config.o (.resetVecs)

.vecs      0    20000000    000000d8     NOLOAD SECTION
                  20000000    000000d8     ti_sysbios_config.o (.vecs)

.text      0    00000040    0000b9e0     
                  00000040    000005f0     ti_sysbios_config.o (.text.ti_sysbios_runtime_System_doPrint)
                  00000630    000005ea     driverlib.lib : osc.o (.text.findHposcCoefficients)
                  00000c1a    00000372     Dhcp.o (.text.DHCP_parseDHCPResponse)
                  00000f8c    000002de     log.o (.text.Log_print)
                  0000126a    00000002     ti_sysbios_config.o (.text.BIOS_nullFunc)
                  0000126c    000002c8     drivers_cc26x2.a : SPICC26X2DMA.c.obj (.text.SPICC26X2DMA_transfer)
                  00001534    0000025c     Dhcp.o (.text.DHCP_send_DHCP_MESSAGE)
                  00001790    00000236     Dhcp.o (.text.DHCP_request_DHCP_lease)
                  000019c6    00000002     ti_drivers_config.o (.text.Board_initHook)
                  000019c8    00000200     ti_sysbios_config.o (.text.ti_sysbios_runtime_System_printfExtend)
                  00001bc8    000001fa     ti_sysbios_config.o (.text.ti_sysbios_family_arm_m3_Hwi_excFillContext)
                  00001dc2    00000002     drivers_cc26x2.a : I2C.c.obj (.text.I2C_init)
                  00001dc4    000001b6     libclang_rt.builtins.a : adddf3.S.obj (.text)
                  00001f7a    000001ae     drivers_cc26x2.a : SPICC26X2DMA.c.obj (.text.SPICC26X2DMA_hwiFxn)
                  00002128    000001aa     ti_sysbios_config.o (.text.ti_sysbios_knl_TaskSupport_buildTaskStack)
                  000022d2    0000019a     ssd1306.o (.text.SSD1306_DrawLine)
                  0000246c    00000198     ti_sysbios_config.o (.text.ti_sysbios_family_arm_cc26xx_Timer_construct)
                  00002604    00000194     drivers_cc26x2.a : PowerCC26X2_calibrateRCOSC.c.obj (.text.PowerCC26X2_auxISR)
                  00002798    0000018e     ti_sysbios_config.o (.text.ti_sysbios_knl_Task_Instance_init)
                  00002926    00000002     libclang_rt.builtins.a : aeabi_div0.c.obj (.text.__aeabi_ldiv0)
                  00002928    00000188     drivers_cc26x2.a : SPICC26X2DMA.c.obj (.text.SPICC26X2DMA_open)
                  00002ab0    00000160                      : SPICC26X2DMA.c.obj (.text.configNextTransfer)
                  00002c10    00000158                      : PowerCC26X2.c.obj (.text.Power_sleep)
                  00002d68    0000014e     init_task.o (.text.Init_Main)
                  00002eb6    0000013e     ti_sysbios_config.o (.text.PowerCC26XX_standbyPolicy)
                  00002ff4    0000013e     ti_sysbios_config.o (.text.ti_sysbios_heaps_HeapMem_allocUnprotected)
                  00003132    00000002     libc.a : _lock.c.obj (.text._nop)
                  00003134    0000013c     drivers_cc26x2.a : I2CCC26XX.c.obj (.text.I2C_open)
                  00003270    0000013c     ti_sysbios_config.o (.text.ti_sysbios_knl_Clock_workFuncDynamic)
                  000033ac    00000136     IPAddress.o (.text.IPAddress_toString)
                  000034e2    00000002     drivers_cc26x2.a : PowerCC26X2.c.obj (.text.emptyClockFunc)
                  000034e4    00000136     libclang_rt.builtins.a : divdf3.S.obj (.text)
                  0000361a    00000002     ti_sysbios_config.o (.text.ti_sysbios_family_arm_cc26xx_Timer_startup)
                  0000361c    00000134     driverlib.lib : osc.o (.text.findHposcPc)
                  00003750    00000130     Dhcp.o (.text.DHCP_checkLease)
                  00003880    00000126     drivers_cc26x2.a : I2C.c.obj (.text.I2C_transferTimeout)
                  000039a6    00000002     ti_sysbios_config.o (.text.ti_sysbios_knl_TaskSupport_init)
                  000039a8    00000124     rf_multiMode_cc26x2.a : RFCC26X2_multiMode.c.cc26x2.ticlang.o (.text.RF_abortCmd)
                  00003acc    00000122     drivers_cc26x2.a : SPICC26X2DMA.c.obj (.text.SPICC26X2DMA_transferCancel)
                  00003bee    00000002     --HOLE-- [fill = 0]
                  00003bf0    0000011c     sysbios.a : Hwi_asm_gnu.obj (.text.ti_sysbios_family_arm_m3_Hwi_dispatch)
                  00003d0c    00000118     drivers_cc26x2.a : PowerCC26X2.c.obj (.text.Power_init)
                  00003e24    0000010e     ti_sysbios_config.o (.text.ti_sysbios_knl_Semaphore_pend)
                  00003f32    00000002     --HOLE-- [fill = 0]
                  00003f34    0000010c     drivers_cc26x2.a : PowerCC26X2_calibrateRCOSC.c.obj (.text.PowerCC26X2_calibrate)
                  00004040    0000010a     ssd1306.o (.text.SSD1306_DrawChar)
                  0000414a    0000010a     ti_sysbios_config.o (.text.ti_sysbios_knl_Task_Instance_finalize)
                  00004254    00000104     drivers_cc26x2.a : GPIOCC26X2.c.obj (.text.GPIO_init)
                  00004358    00000102     dashboard_task.o (.text.Dashboard_Main)
                  0000445a    000000fe     ti_sysbios_config.o (.text.ti_sysbios_family_arm_m3_Hwi_Instance_init)
                  00004558    000000fc     libclang_rt.builtins.a : muldf3.S.obj (.text)
                  00004654    000000f4     driverlib.lib : sys_ctrl.o (.text.NOROM_SysCtrlStandby)
                  00004748    000000ee     ti_sysbios_config.o (.text.ti_sysbios_knl_Clock_startI)
                  00004836    00000002     --HOLE-- [fill = 0]
                  00004838    000000e8     drivers_cc26x2.a : I2CCC26XX.c.obj (.text.I2CCC26XX_hwiFxn)
                  00004920    000000e8     socket.o (.text.send)
                  00004a08    000000e4     driverlib.lib : setup.o (.text.NOROM_SetupTrimDevice)
                  00004aec    000000e4     ti_sysbios_config.o (.text.ti_sysbios_family_arm_m3_Hwi_initNVIC)
                  00004bd0    000000da     ti_sysbios_config.o (.text.ti_sysbios_heaps_HeapMem_freeUnprotected)
                  00004caa    00000002     --HOLE-- [fill = 0]
                  00004cac    000000d8     drivers_cc26x2.a : SPICC26X2DMA.c.obj (.text.SPICC26X2DMA_control)
                  00004d84    000000d0                      : PowerCC26X2.c.obj (.text.configureXOSCHF)
                  00004e54    000000c4     driverlib.lib : setup.o (.text.TrimAfterColdResetWakeupFromShutDown)
                  00004f18    000000c0     ti_sysbios_config.o (.text.ti_sysbios_knl_Clock_walkQueueDynamic)
                  00004fd8    000000c0     ti_sysbios_config.o (.text.ti_sysbios_knl_Swi_restoreHwi)
                  00005098    000000c0     ti_sysbios_config.o (.text.ti_sysbios_runtime_System_formatNum)
                  00005158    000000be     gui.o (.text.GUI_Init)
                  00005216    000000bc     ti_sysbios_config.o (.text.ti_sysbios_knl_Task_postInit)
                  000052d2    000000b8     ti_sysbios_config.o (.text.ti_sysbios_knl_Swi_Instance_init)
                  0000538a    000000b6     driverlib.lib : osc.o (.text.NOROM_OSC_HPOSCInitializeFrequencyOffsetParameters)
                  00005440    000000b4                   : osc.o (.text.NOROM_OSCHF_AttemptToSwitchToXosc)
                  000054f4    000000b4     drivers_cc26x2.a : PowerCC26X2.c.obj (.text.Power_releaseDependency)
                  000055a8    000000b4     socket.o (.text.socket)
                  0000565c    000000b0     drivers_cc26x2.a : PowerCC26X2.c.obj (.text.Power_setDependency)
                  0000570c    000000b0     libclang_rt.builtins.a : udivmoddi4.S.obj (.text)
                  000057bc    000000a8     drivers_cc26x2.a : TemperatureCC26X2.c.obj (.text.temperatureHwiFxn)
                  00005864    000000a6     socket.o (.text.recv)
                  0000590a    000000a2     ti_sysbios_config.o (.text.ti_sysbios_knl_TaskSupport_start)
                  000059ac    000000a0     drivers_cc26x2.a : I2CCC26XX.c.obj (.text.I2CCC26XX_swiFxn)
                  00005a4c    0000009a     Ethernet.o (.text.Ethernet_begin_mac)
                  00005ae6    0000009a     ssd1306.o (.text.SSD1306_Init)
                  00005b80    0000009a     ti_sysbios_config.o (.text.ti_sysbios_knl_Task_schedule)
                  00005c1a    00000098     ti_sysbios_config.o (.text.ti_sysbios_hal_Seconds_getTime)
                  00005cb2    00000096     EthernetUdp.o (.text.EthernetUDP_begin)
                  00005d48    00000094     Ethernet.o (.text.Ethernet_maintain)
                  00005ddc    00000094     rf_multiMode_cc26x2.a : RFCC26X2_multiMode.c.cc26x2.ticlang.o (.text.RF_hposcRfCompensateFxn)
                  00005e70    00000094     ti_sysbios_config.o (.text.ti_sysbios_heaps_HeapMem_Instance_init)
                  00005f04    00000090     ti_sysbios_config.o (.text.ti_sysbios_knl_Task_sleep)
                  00005f94    0000008e     ssd1306.o (.text.SSD1306_DrawPixel)
                  00006022    0000008e     ti_sysbios_config.o (.text.ti_sysbios_family_arm_m3_Hwi_excHandlerMin)
                  000060b0    0000008e     ti_sysbios_config.o (.text.ti_sysbios_knl_Swi_runLoop)
                  0000613e    00000002     --HOLE-- [fill = 0]
                  00006140    0000008c     drivers_cc26x2.a : GPIOCC26XX.c.obj (.text.GPIO_setConfig)
                  000061cc    0000008c     ti_sysbios_config.o (.text.ti_sysbios_family_arm_m3_Hwi_construct2)
                  00006258    0000008a     EthernetClient.o (.text.EthernetClient_stop)
                  000062e2    0000008a     EthernetServer.o (.text.EthernetServer_accept)
                  0000636c    0000008a     EthernetServer.o (.text.EthernetServer_available)
                  000063f6    0000008a     ti_sysbios_config.o (.text.ti_sysbios_knl_Semaphore_post)
                  00006480    00000088     rf_multiMode_cc26x2.a : RFCC26X2_multiMode.c.cc26x2.ticlang.o (.text.RF_discardPendCmd)
                  00006508    00000088     ti_sysbios_config.o (.text.ti_sysbios_family_arm_m3_Hwi_postInit)
                  00006590    00000086     ti_sysbios_config.o (.text.ti_sysbios_runtime_Memory_alloc)
                  00006616    00000084     EthernetUdp.o (.text.EthernetUDP_parsePacket)
                  0000669a    00000084     main.o (.text.main)
                  0000671e    00000082     EthernetClient.o (.text.EthernetClient_connected)
                  000067a0    00000082     ti_sysbios_config.o (.text.ti_sysbios_family_arm_m3_Hwi_getStackInfo)
                  00006822    00000080     driverlib.lib : sys_ctrl.o (.text.NOROM_SysCtrlSetRechargeBeforePowerDown)
                  000068a2    0000007e     ti_drivers_config.o (.text.Board_sendExtFlashByte)
                  00006920    0000007e     ssd1306.o (.text.SSD1306_UpdatePosition)
                  0000699e    0000007c     ti_sysbios_config.o (.text.SwiP_construct)
                  00006a1a    0000007c     ti_sysbios_config.o (.text.ti_sysbios_family_arm_cc26xx_Timer_periodicStub)
                  00006a96    0000007c     ti_sysbios_config.o (.text.ti_sysbios_knl_Swi_schedule)
                  00006b12    0000007a     ti_sysbios_config.o (.text.ti_sysbios_family_arm_m3_Hwi_dispatchC)
                  00006b8c    0000007a     ti_sysbios_config.o (.text.ti_sysbios_knl_Idle_init)
                  00006c06    00000078     driverlib.lib : osc.o (.text.NOROM_OSCHF_SwitchToRcOscTurnOffXosc)
                  00006c7e    00000078                   : osc.o (.text.NOROM_OSC_CapArrayAdjustWorkaround_Boot)
                  00006cf6    00000002     --HOLE-- [fill = 0]
                  00006cf8    00000078     drivers_cc26x2.a : SPICC26X2DMA.c.obj (.text.SPICC26X2DMA_close)
                  00006d70    00000078     ti_sysbios_config.o (.text.ti_sysbios_family_arm_m3_Hwi_disableInterrupt)
                  00006de8    00000078     ti_sysbios_config.o (.text.ti_sysbios_knl_Swi_run)
                  00006e60    00000078     ti_sysbios_config.o (.text.ti_sysbios_knl_Task_blockI)
                  00006ed8    00000078     ti_sysbios_config.o (.text.ti_sysbios_knl_Task_startup)
                  00006f50    00000076     gui.o (.text.GUI_ChangeProto)
                  00006fc6    00000002     --HOLE-- [fill = 0]
                  00006fc8    00000074     drivers_cc26x2.a : PowerCC26X2_calibrateRCOSC_helpers.c.obj (.text.PowerCC26X2_updateSubSecInc)
                  0000703c    00000074                      : TemperatureCC26X2.c.obj (.text.Temperature_init)
                  000070b0    00000074     ti_sysbios_config.o (.text.ti_sysbios_heaps_HeapMem_getStats)
                  00007124    00000072     ti_sysbios_config.o (.text.ti_sysbios_family_arm_cc26xx_Timer_setThreshold)
                  00007196    00000070     EthernetServer.o (.text.EthernetServer_begin)
                  00007206    00000002     --HOLE-- [fill = 0]
                  00007208    00000070     ArduinoCompatibility.o (.text.millis)
                  00007278    00000070     ti_sysbios_config.o (.text.ti_sysbios_family_arm_m3_Hwi_enableInterrupt)
                  000072e8    0000006e     ti_sysbios_config.o (.text.BIOS_init)
                  00007356    0000006e     ti_drivers_config.o (.text.Board_shutDownExtFlash)
                  000073c4    0000006e     libclang_rt.builtins.a : comparedf2.c.obj (.text.__gedf2)
                  00007432    00000002     --HOLE-- [fill = 0]
                  00007434    0000006e                            : comparedf2.c.obj (.text.__ledf2)
                  000074a2    0000006e     ti_sysbios_config.o (.text.ti_sysbios_knl_Clock_init)
                  00007510    0000006c     Dhcp.o (.text.DHCP_printByte)
                  0000757c    0000006c     EthernetUdp.o (.text.EthernetUDP_read_buf)
                  000075e8    0000006c     w5500.o (.text.W5500_read_buf)
                  00007654    0000006a     drivers_cc26x2.a : I2CCC26XX.c.obj (.text.I2CSupport_primeTransfer)
                  000076be    0000006a     w5500.o (.text.W5500_write_buf)
                  00007728    0000006a     libc.a : copy_decompress_lzss.c.obj (.text:decompress:lzss)
                  00007792    00000068     w5500.o (.text.W5500_send_data_processing_offset)
                  000077fa    00000066     EthernetClient.o (.text.EthernetClient_readBytesUntil)
                  00007860    00000066     ti_sysbios_config.o (.text.ti_sysbios_family_arm_cc26xx_Timer_start)
                  000078c6    00000066     ti_sysbios_config.o (.text.ti_sysbios_family_arm_m3_Hwi_Instance_finalize)
                  0000792c    00000064     drivers_cc26x2.a : PowerCC26X2_calibrateRCOSC.c.obj (.text.PowerCC26X2_initiateCalibration)
                  00007990    00000064     SPIfg.o (.text.SPI_transf)
                  000079f4    00000064     ssd1306.o (.text.SSD1306_DrawString)
                  00007a58    00000064     drivers_cc26x2.a : UDMACC26XX.c.obj (.text.UDMACC26XX_open)
                  00007abc    00000064                      : PowerCC26X2.c.obj (.text.oscillatorISR)
                  00007b20    00000062     socket.o (.text.bufferData)
                  00007b82    00000002     --HOLE-- [fill = 0]
                  00007b84    00000062     libclang_rt.builtins.a : aeabi_dcmp.S.obj (.text)
                  00007be6    00000060     Dhcp.o (.text.DHCP_beginWithDHCP)
                  00007c46    00000060     drivers_cc26x2.a : SPICC26X2DMA.c.obj (.text.csnCallback)
                  00007ca6    00000060     ti_sysbios_config.o (.text.ti_sysbios_knl_ClockSupport_init)
                  00007d06    0000005e     socket.o (.text.startUDP)
                  00007d64    0000005e     ti_sysbios_config.o (.text.ti_sysbios_knl_Swi_post)
                  00007dc2    0000005e     ti_sysbios_config.o (.text.ti_sysbios_runtime_Error_raiseX)
                  00007e20    0000005c     ti_sysbios_config.o (.text.ClockP_construct)
                  00007e7c    0000005c     libclang_rt.builtins.a : divmoddi4.c.obj (.text.__divmoddi4)
                  00007ed8    0000005c     ti_sysbios_config.o (.text.ti_sysbios_heaps_HeapMem_alloc)
                  00007f34    0000005c     ti_sysbios_config.o (.text.ti_sysbios_knl_Task_init)
                  00007f90    00000058     ti_sysbios_config.o (.text.AONRTCEventClear)
                  00007fe8    00000058     ti_sysbios_config.o (.text.HwiP_construct)
                  00008040    00000058     w5500.o (.text.W5500_recv_data_processing)
                  00008098    00000058     ti_sysbios_config.o (.text.ti_sysbios_family_arm_m3_Hwi_construct)
                  000080f0    00000058     sysbios.a : Hwi_asm_switch_gnu.obj (.text.ti_sysbios_family_arm_m3_Hwi_initStacks)
                  00008148    00000058     ti_sysbios_config.o (.text.ti_sysbios_heaps_HeapMem_construct)
                  000081a0    00000058     ti_sysbios_config.o (.text.ti_sysbios_knl_Swi_init)
                  000081f8    00000056     ti_sysbios_config.o (.text.AONRTCCompareValueSet)
                  0000824e    00000056     gui.o (.text.GUI_ChangeRx)
                  000082a4    00000056     ti_sysbios_config.o (.text.getTime)
                  000082fa    00000056     ti_sysbios_config.o (.text.ti_sysbios_family_arm_cc26xx_Timer_getCurrentTick)
                  00008350    00000056     ti_sysbios_config.o (.text.ti_sysbios_knl_Clock_Instance_init)
                  000083a6    00000056     ti_sysbios_config.o (.text.ti_sysbios_runtime_SystemSupport_flush)
                  000083fc    00000056     ti_sysbios_config.o (.text.ti_sysbios_runtime_System_atexit)
                  00008452    00000056     ti_sysbios_config.o (.text.ti_sysbios_runtime_System_putchar)
                  000084a8    00000054     ti_sysbios_config.o (.text.AONRTCChannelEnable)
                  000084fc    00000054     ti_sysbios_config.o (.text.BIOS_startFunc)
                  00008550    00000054     libsysbm.a : hostwrite.c.obj (.text.HOSTwrite)
                  000085a4    00000054     drivers_cc26x2.a : I2CCC26XX.c.obj (.text.I2CCC26XX_initHw)
                  000085f8    00000052     driverlib.lib : chipinfo.o (.text.NOROM_ChipInfo_GetHwRevision)
                  0000864a    00000052     ti_sysbios_config.o (.text.usleep)
                  0000869c    00000050     rf_multiMode_cc26x2.a : RFCC26X2_multiMode.c.cc26x2.ticlang.o (.text.RF_enableHPOSCTemperatureCompensation)
                  000086ec    00000050     ti_sysbios_config.o (.text.ti_sysbios_family_arm_cc26xx_Timer_setNextTick)
                  0000873c    0000004e     w5500.o (.text.W5500_getRXReceivedSize)
                  0000878a    0000004e     w5500.o (.text.W5500_getTXFreeSize)
                  000087d8    0000004e     ti_sysbios_config.o (.text.ti_sysbios_knl_Swi_restore)
                  00008826    0000004c     driverlib.lib : osc.o (.text.NOROM_OSC_HPOSCRelativeFrequencyOffsetGet)
                  00008872    00000002     --HOLE-- [fill = 0]
                  00008874    0000004c     drivers_cc26x2.a : SPICC26X2DMA.c.obj (.text.initHw)
                  000088c0    0000004c     SPIfg.o (.text.initSS)
                  0000890c    0000004c     drivers_cc26x2.a : PowerCC26X2.c.obj (.text.switchXOSCHF)
                  00008958    0000004c     ti_sysbios_config.o (.text.ti_sysbios_knl_Task_create)
                  000089a4    0000004c     ti_sysbios_config.o (.text.ti_sysbios_runtime_SystemSupport_putch)
                  000089f0    0000004c     ti_sysbios_config.o (.text.ti_sysbios_runtime_System_processAtExit)
                  00008a3c    0000004a     SPIfg.o (.text.SPI_begin)
                  00008a86    0000004a     ti_sysbios_config.o (.text.ti_sysbios_knl_Task_construct)
                  00008ad0    0000004a     ti_sysbios_config.o (.text.ti_sysbios_runtime_Error_print)
                  00008b1a    00000048     EthernetClient.o (.text.EthernetClient_timedRead)
                  00008b62    00000002     --HOLE-- [fill = 0]
                  00008b64    00000048     driverlib.lib : aux_sysif.o (.text.NOROM_AUXSYSIFOpModeChange)
                  00008bac    00000048     ssd1306.o (.text.SSD1306_SendCommand)
                  00008bf4    00000048     init_task.o (.text.Stv_CopyStvFromFlashIfNotYet)
                  00008c3c    00000048     drivers_cc26x2.a : TemperatureCC26X2.c.obj (.text.Temperature_registerNotifyRange)
                  00008c84    00000048     w5500.o (.text.W5500_init)
                  00008ccc    00000048     ti_sysbios_config.o (.text.ti_sysbios_family_arm_m3_Hwi_init)
                  00008d14    00000048     libclang_rt.builtins.a : fixdfsi.S.obj (.text)
                  00008d5c    00000046     ti_sysbios_config.o (.text.ti_sysbios_knl_Semaphore_Instance_init)
                  00008da2    00000046     ti_sysbios_config.o (.text.ti_sysbios_knl_Swi_construct)
                  00008de8    00000046     ti_sysbios_config.o (.text.ti_sysbios_knl_Task_processVitalTaskFlag)
                  00008e2e    00000046     ti_sysbios_config.o (.text.ti_sysbios_knl_Task_unblockI)
                  00008e74    00000046     ti_sysbios_config.o (.text.ti_sysbios_runtime_SysMin_output)
                  00008eba    00000044     ti_sysbios_config.o (.text.BIOS_rtsLock)
                  00008efe    00000002     --HOLE-- [fill = 0]
                  00008f00    00000044     drivers_cc26x2.a : GPIOCC26X2.c.obj (.text.GPIO_hwiIntFxn)
                  00008f44    00000044     gui.o (.text.GUI_ChangeDeviceIp)
                  00008f88    00000044     gui.o (.text.GUI_ChangeTargetIp)
                  00008fcc    00000044     driverlib.lib : prcm.o (.text.NOROM_PRCMPowerDomainsAllOff)
                  00009010    00000044                   : prcm.o (.text.NOROM_PRCMPowerDomainsAllOn)
                  00009054    00000044     rf_multiMode_cc26x2.a : RFCC26X2_multiMode.c.cc26x2.ticlang.o (.text.RF_cmdGet)
                  00009098    00000044     drivers_cc26x2.a : SPI.c.obj (.text.SPI_init)
                  000090dc    00000044     ti_sysbios_config.o (.text._pthread_cleanupFxn)
                  00009120    00000044     drivers_cc26x2.a : TemperatureCC26X2.c.obj (.text.degreesToCode)
                  00009164    00000044                      : TemperatureCC26X2.c.obj (.text.setNextThresholds)
                  000091a8    00000044     ti_sysbios_config.o (.text.ti_sysbios_knl_Task_restore)
                  000091ec    00000044     libclang_rt.builtins.a : fixunsdfsi.S.obj (.text)
                  00009230    00000044     restart.o (.text)
                  00009274    00000042     EthernetClient.o (.text.EthernetClient_write)
                  000092b6    00000042     EthernetUdp.o (.text.EthernetUDP_read)
                  000092f8    00000042     ssd1306.o (.text.SSD1306_UpdateScreen)
                  0000933a    00000040     Ethernet.o (.text.Ethernet_begin_mac_ip_dns_gateway_subnet)
                  0000937a    00000002     --HOLE-- [fill = 0]
                  0000937c    00000040     drivers_cc26x2.a : PowerCC26X2_calibrateRCOSC.c.obj (.text.PowerCC26X2_RCOSC_clockFunc)
                  000093bc    00000040                      : PowerCC26X2_calibrateRCOSC_helpers.c.obj (.text.PowerCC26X2_setAclkRefSrc)
                  000093fc    00000040     rf_multiMode_cc26x2.a : RFCC26X2_multiMode.c.cc26x2.ticlang.o (.text.RF_updateHpOscOverride)
                  0000943c    00000040     drivers_cc26x2.a : SPI.c.obj (.text.SPI_open)
                  0000947c    00000040     ti_sysbios_config.o (.text.ti_sysbios_gates_GateMutex_enter)
                  000094bc    00000040     ti_sysbios_config.o (.text.ti_sysbios_knl_Semaphore_pendTimeout)
                  000094fc    00000040     ti_sysbios_config.o (.text.ti_sysbios_knl_Task_exit)
                  0000953c    0000003e     w5500.o (.text.W5500_read)
                  0000957a    0000003e     w5500.o (.text.W5500_write)
                  000095b8    0000003e     socket.o (.text.sendUDP)
                  000095f6    0000003e     ti_sysbios_config.o (.text.ti_sysbios_knl_Clock_getTicksUntilInterrupt)
                  00009634    0000003c     ti_sysbios_config.o (.text.BIOS_atExitFunc)
                  00009670    0000003c     drivers_cc26x2.a : GPIO.c.obj (.text.GPIO_resetConfig)
                  000096ac    0000003c     driverlib.lib : sys_ctrl.o (.text.NOROM_SysCtrlIdle)
                  000096e8    0000003c     drivers_cc26x2.a : PowerCC26X2_calibrateRCOSC_helpers.c.obj (.text.PowerCC26X2_setTdcClkSrc24M)
                  00009724    0000003c     ti_sysbios_config.o (.text.ti_sysbios_family_arm_m3_Hwi_setPriority)
                  00009760    0000003c     ti_sysbios_config.o (.text.ti_sysbios_knl_Task_restoreHwi)
                  0000979c    0000003c     drivers_cc26x2.a : TemperatureCC26X2.c.obj (.text.updateThresholds)
                  000097d8    0000003c     Printfg.o (.text.write_string)
                  00009814    0000003a     Ethernet.o (.text.Ethernet_begin_mac_ip_dns_gateway)
                  0000984e    0000003a     ssd1306.o (.text.sendData)
                  00009888    0000003a     ti_sysbios_config.o (.text.ti_sysbios_family_arm_m3_Hwi_clearInterrupt)
                  000098c2    00000038     ti_drivers_config.o (.text.Board_wakeUpExtFlash)
                  000098fa    00000038     EthernetUdp.o (.text.EthernetUDP_stop)
                  00009932    00000002     --HOLE-- [fill = 0]
                  00009934    00000038     drivers_cc26x2.a : PowerCC26X2_helpers.c.obj (.text.PowerCC26X2_oscDisableQualifiers)
                  0000996c    00000038                      : UDMACC26XX.c.obj (.text.UDMACC26XX_close)
                  000099a4    00000038     w5500.o (.text.W5500_readSnRX_RD)
                  000099dc    00000038     w5500.o (.text.W5500_readSnRX_RSR)
                  00009a14    00000038     w5500.o (.text.W5500_readSnTX_FSR)
                  00009a4c    00000038     w5500.o (.text.W5500_readSnTX_WR)
                  00009a84    00000038     socket.o (.text.listen)
                  00009abc    00000038     ti_sysbios_config.o (.text.ti_sysbios_runtime_Startup_exec)
                  00009af4    00000038     libc.a : autoinit.c.obj (.text:__TI_auto_init_nobinit_nopinit)
                  00009b2c    00000038     libclang_rt.builtins.a : extendsfdf2.S.obj (.text)
                  00009b64    00000036     ti_sysbios_config.o (.text.BIOS_rtsUnlock)
                  00009b9a    00000036     ti_sysbios_config.o (.text.SemaphoreP_pend)
                  00009bd0    00000036     ti_sysbios_config.o (.text.ti_sysbios_knl_Swi_construct2)
                  00009c06    00000002     --HOLE-- [fill = 0]
                  00009c08    00000034     drivers_cc26x2.a : PowerCC26X2.c.obj (.text.Power_releaseConstraint)
                  00009c3c    00000034     rf_multiMode_cc26x2.a : RFCC26X2_multiMode.c.cc26x2.ticlang.o (.text.RF_runDirectImmediateCmd)
                  00009c70    00000034     w5500.o (.text.W5500_read_data)
                  00009ca4    00000034     w5500.o (.text.W5500_writeSn_buf)
                  00009cd8    00000034     libsysbm.a : trgmsg.c.obj (.text.__TI_writemsg)
                  00009d0c    00000034     ti_sysbios_config.o (.text.ti_sysbios_family_arm_cc26xx_Timer_getMaxTicks)
                  00009d40    00000034     ti_sysbios_config.o (.text.ti_sysbios_knl_Queue_put)
                  00009d74    00000034     ti_sysbios_config.o (.text.ti_sysbios_runtime_System_vprintf)
                  00009da8    00000034     sysbios.a : boot_cortex_m.obj (.text:_c_int00)
                  00009ddc    00000032     ti_drivers_config.o (.text.Board_init)
                  00009e0e    00000032     EthernetUdp.o (.text.EthernetUDP_write)
                  00009e40    00000032     ti_sysbios_config.o (.text.ti_sysbios_knl_Semaphore_create)
                  00009e72    00000030     EthernetClient.o (.text.EthernetClient_read)
                  00009ea2    00000002     --HOLE-- [fill = 0]
                  00009ea4    00000030     drivers_cc26x2.a : GPIOCC26XX.c.obj (.text.GPIO_setInterruptConfig)
                  00009ed4    00000030                      : PowerCC26X2.c.obj (.text.Power_setConstraint)
                  00009f04    00000030     w5500.o (.text.W5500_writeSn)
                  00009f34    00000030     libsysbm.a : trgmsg.c.obj (.text.__TI_readmsg)
                  00009f64    00000030     drivers_cc26x2.a : PowerCC26X2.c.obj (.text.notify)
                  00009f94    00000030     ti_sysbios_config.o (.text.ti_sysbios_family_arm_m3_Hwi_plug)
                  00009fc4    00000030     ti_sysbios_config.o (.text.ti_sysbios_heaps_HeapMem_free)
                  00009ff4    00000030     ti_sysbios_config.o (.text.ti_sysbios_knl_Clock_construct)
                  0000a024    00000030     ti_sysbios_config.o (.text.ti_sysbios_knl_Idle_run)
                  0000a054    0000002e     EthernetClient.o (.text.EthernetClient_status)
                  0000a082    0000002e     EthernetUdp.o (.text.EthernetUDP_beginPacket_ip)
                  0000a0b0    0000002e     driverlib.lib : chipinfo.o (.text.NOROM_ThisLibraryIsFor_CC13x2_CC26x2_HwRev20AndLater_HaltIfViolated)
                  0000a0de    0000002e     ti_sysbios_config.o (.text._pthread_delete)
                  0000a10c    0000002e     ti_sysbios_config.o (.text.ti_sysbios_family_arm_m3_Hwi_initStack)
                  0000a13a    0000002e     ti_sysbios_config.o (.text.ti_sysbios_gates_GateMutex_Instance_init)
                  0000a168    0000002e     libclang_rt.builtins.a : floatsidf.S.obj (.text)
                  0000a196    0000002c     ti_sysbios_config.o (.text.BIOS_registerRTSLock)
                  0000a1c2    0000002c     ti_sysbios_config.o (.text.BIOS_removeRTSLock)
                  0000a1ee    00000002     --HOLE-- [fill = 0]
                  0000a1f0    0000002c     rf_multiMode_cc26x2.a : RFCC26X2_multiMode.c.cc26x2.ticlang.o (.text.RF_executeDirectImmediateCmd)
                  0000a21c    0000002c     ti_sysbios_config.o (.text.SemaphoreP_createBinary)
                  0000a248    0000002c     drivers_cc26x2.a : TemperatureCC26X2.c.obj (.text.Temperature_unregisterNotify)
                  0000a274    0000002c     w5500.o (.text.W5500_execCmdSn)
                  0000a2a0    0000002c     w5500.o (.text.W5500_writeSnDPORT)
                  0000a2cc    0000002c     w5500.o (.text.W5500_writeSnPORT)
                  0000a2f8    0000002c     w5500.o (.text.W5500_writeSnRX_RD)
                  0000a324    0000002c     w5500.o (.text.W5500_writeSnTX_WR)
                  0000a350    0000002c     ti_sysbios_config.o (.text.ti_sysbios_knl_Semaphore_construct)
                  0000a37c    0000002c     ti_sysbios_config.o (.text.ti_sysbios_runtime_Memory_free)
                  0000a3a8    0000002a     IPAddress.o (.text.IPAddress_Init_str)
                  0000a3d2    0000002a     driverlib.lib : osc.o (.text.NOROM_OSCHF_TurnOnXosc)
                  0000a3fc    0000002a     drivers_cc26x2.a : SPICC26X2DMA.c.obj (.text.SPICC26X2DMA_swiFxn)
                  0000a426    0000002a     ti_sysbios_config.o (.text.SemaphoreP_constructBinary)
                  0000a450    0000002a     ti_sysbios_config.o (.text.ti_sysbios_knl_Clock_initI)
                  0000a47a    0000002a     ti_sysbios_config.o (.text.ti_sysbios_knl_Task_enter)
                  0000a4a4    00000028     EthernetClient.o (.text.EthernetClient_available)
                  0000a4cc    00000028     drivers_cc26x2.a : I2C.c.obj (.text.I2C_cancel)
                  0000a4f4    00000028                      : List.c.obj (.text.List_remove)
                  0000a51c    00000028     rf_multiMode_cc26x2.a : RFCC26X2_multiMode.c.cc26x2.ticlang.o (.text.RF_cmdStoreEvents)
                  0000a544    00000028     w5500.o (.text.W5500_readSn)
                  0000a56c    00000028     sysbios.a : Hwi_asm_gnu.obj (.text.ti_sysbios_family_arm_m3_Hwi_excHandlerAsm)
                  0000a594    00000028     ti_sysbios_config.o (.text.ti_sysbios_gates_GateMutex_construct)
                  0000a5bc    00000028     ti_sysbios_config.o (.text.ti_sysbios_knl_Queue_enqueue)
                  0000a5e4    00000028     ti_sysbios_config.o (.text.ti_sysbios_knl_Swi_or)
                  0000a60c    00000028     sysbios.a : TaskSupport_asm_gnu.obj (.text.ti_sysbios_knl_TaskSupport_swap)
                  0000a634    00000028     ti_sysbios_config.o (.text.ti_sysbios_knl_Task_sleepTimeout)
                  0000a65c    00000028     ti_sysbios_config.o (.text.ti_sysbios_runtime_System_init)
                  0000a684    00000028     ti_sysbios_config.o (.text.ti_sysbios_runtime_System_printf)
                  0000a6ac    00000026     drivers_cc26x2.a : SPICC26X2DMA.c.obj (.text.flushFifos)
                  0000a6d2    00000026     ti_sysbios_config.o (.text.ti_sysbios_family_arm_m3_Hwi_getHandle)
                  0000a6f8    00000026     ti_sysbios_config.o (.text.ti_sysbios_knl_Swi_destruct)
                  0000a71e    00000026     ti_sysbios_config.o (.text.ti_sysbios_knl_Task_allBlockedFunction)
                  0000a744    00000026     ti_sysbios_config.o (.text.ti_sysbios_knl_Task_delete)
                  0000a76a    00000026     ti_sysbios_config.o (.text.ti_sysbios_knl_Task_destruct)
                  0000a790    00000024     Ethernet.o (.text.Ethernet_begin_mac_ip_dns)
                  0000a7b4    00000024     drivers_cc26x2.a : List.c.obj (.text.List_put)
                  0000a7d8    00000024                      : PowerCC26X2_helpers.c.obj (.text.PowerCC26X2_setSubSecIncToXoscLf)
                  0000a7fc    00000024                      : PowerCC26X2_calibrateRCOSC_helpers.c.obj (.text.PowerCC26X2_writeCtrim)
                  0000a820    00000024                      : PowerCC26X2_calibrateRCOSC_helpers.c.obj (.text.PowerCC26X2_writeCtrimFract)
                  0000a844    00000024                      : PowerCC26X2_calibrateRCOSC_helpers.c.obj (.text.PowerCC26X2_writeCtrimFractEn)
                  0000a868    00000024                      : PowerCC26X2_calibrateRCOSC_helpers.c.obj (.text.PowerCC26X2_writeRtrim)
                  0000a88c    00000024                      : PowerCC26X2.c.obj (.text.Power_registerNotify)
                  0000a8b0    00000024     ssd1306.o (.text.SSD1306_SetPosition)
                  0000a8d4    00000024     drivers_cc26x2.a : SPICC26X2DMA.c.obj (.text.releaseConstraint)
                  0000a8f8    00000024     ti_sysbios_config.o (.text.ti_sysbios_family_arm_cc26xx_Timer_Params_init)
                  0000a91c    00000024     ti_sysbios_config.o (.text.ti_sysbios_knl_Task_Params_init)
                  0000a940    00000022     ti_sysbios_config.o (.text.BIOS_setThreadType)
                  0000a962    00000022     w5500.o (.text.W5500_send_data_processing)
                  0000a984    00000022     libc.a : memcmp.c.obj (.text.memcmp)
                  0000a9a6    00000022     ti_sysbios_config.o (.text.ti_sysbios_gates_GateMutex_leave)
                  0000a9c8    00000022     ti_sysbios_config.o (.text.ti_sysbios_heaps_HeapMem_restore)
                  0000a9ea    00000022     ti_sysbios_config.o (.text.ti_sysbios_knl_Clock_getTicks)
                  0000aa0c    00000022     ti_sysbios_config.o (.text.ti_sysbios_knl_Clock_scheduleNextTick)
                  0000aa2e    00000022     ti_sysbios_config.o (.text.ti_sysbios_knl_Queue_dequeue)
                  0000aa50    00000022     ti_sysbios_config.o (.text.ti_sysbios_knl_Semaphore_destruct)
                  0000aa72    00000020     Dhcp.o (.text.DHCP_reset_DHCP_lease)
                  0000aa92    00000020     Ethernet.o (.text.Ethernet_begin_mac_ip)
                  0000aab2    00000002     --HOLE-- [fill = 0]
                  0000aab4    00000020     rf_multiMode_cc26x2.a : rfc.c.cc26x2.ticlang.o (.text.NOROM_RFCDoorbellSendTo)
                  0000aad4    00000020                           : rfc.c.cc26x2.ticlang.o (.text.NOROM_RFCOverrideSearch)
                  0000aaf4    00000020     drivers_cc26x2.a : PowerCC26X2_helpers.c.obj (.text.PowerCC26X2_disableTCXOQual)
                  0000ab14    00000020                      : PowerCC26X2_helpers.c.obj (.text.PowerCC26X2_enableTCXOQual)
                  0000ab34    00000020     ti_sysbios_config.o (.text.PowerCC26XX_schedulerDisable)
                  0000ab54    00000020     ti_sysbios_config.o (.text.PowerCC26XX_schedulerRestore)
                  0000ab74    00000020     drivers_cc26x2.a : PowerCC26X2.c.obj (.text.Power_unregisterNotify)
                  0000ab94    00000020     rf_multiMode_cc26x2.a : RFCC26X2_multiMode.c.cc26x2.ticlang.o (.text.RF_invokeGlobalCallback)
                  0000abb4    00000020     socket.o (.text.close)
                  0000abd4    00000020     ti_sysbios_config.o (.text.ti_sysbios_family_arm_cc26xx_Timer_postInit)
                  0000abf4    00000020     ti_sysbios_config.o (.text.ti_sysbios_family_arm_m3_Hwi_excHandler)
                  0000ac14    00000020     ti_sysbios_config.o (.text.ti_sysbios_knl_ClockSupport_getCurrentTick)
                  0000ac34    00000020     libclang_rt.builtins.a : floatunsidf.S.obj (.text)
                  0000ac54    0000001e     ti_sysbios_config.o (.text.SwiP_Params_init)
                  0000ac72    0000001e     w5500.o (.text.W5500_writeSnCR)
                  0000ac90    0000001e     w5500.o (.text.W5500_writeSnIR)
                  0000acae    0000001e     w5500.o (.text.W5500_writeSnMR)
                  0000accc    0000001e     sysbios.a : Hwi_asm_switch_gnu.obj (.text.ti_sysbios_family_arm_m3_Hwi_switchAndRunFunc)
                  0000acea    0000001e     ti_sysbios_config.o (.text.ti_sysbios_family_arm_m3_Hwi_switchFromBootStack)
                  0000ad08    0000001e     ti_sysbios_config.o (.text.ti_sysbios_knl_Task_unblock)
                  0000ad26    0000001c     EthernetClient.o (.text.EthernetClient_begin)
                  0000ad42    0000001c     EthernetClient.o (.text.EthernetClient_print)
                  0000ad5e    0000001c     EthernetUdp.o (.text.EthernetUDP_flush)
                  0000ad7a    00000002     --HOLE-- [fill = 0]
                  0000ad7c    0000001c     drivers_cc26x2.a : GPIO.c.obj (.text.GPIO_setCallback)
                  0000ad98    0000001c                      : GPIOCC26XX.c.obj (.text.GPIO_setMux)
                  0000adb4    0000001c     ti_sysbios_config.o (.text.HwiP_Params_init)
                  0000add0    0000001c     drivers_cc26x2.a : PowerCC26X2.c.obj (.text.Power_getTransitionLatency)
                  0000adec    0000001c     w5500.o (.text.W5500_writeSnDIPR)
                  0000ae08    0000001c     drivers_cc26x2.a : TemperatureCC26X2.c.obj (.text.setTempLowerLimit)
                  0000ae24    0000001c                      : TemperatureCC26X2.c.obj (.text.setTempUpperLimit)
                  0000ae40    0000001c     ti_sysbios_config.o (.text.ti_sysbios_family_arm_cc26xx_Timer_dynamicStub)
                  0000ae5c    0000001c     ti_sysbios_config.o (.text.ti_sysbios_family_arm_m3_Hwi_Params_init)
                  0000ae78    0000001c     ti_sysbios_config.o (.text.ti_sysbios_knl_Clock_enqueueI)
                  0000ae94    0000001c     ti_sysbios_config.o (.text.ti_sysbios_knl_Clock_start)
                  0000aeb0    0000001c     ti_sysbios_config.o (.text.ti_sysbios_knl_Queue_remove)
                  0000aecc    0000001c     ti_sysbios_config.o (.text.ti_sysbios_knl_Swi_Params_init)
                  0000aee8    0000001c     ti_sysbios_config.o (.text.ti_sysbios_knl_Swi_disable)
                  0000af04    0000001c     ti_sysbios_config.o (.text.ti_sysbios_knl_Task_disable)
                  0000af20    0000001a     ti_sysbios_config.o (.text.BIOS_exitFunc)
                  0000af3a    0000001a     ti_sysbios_config.o (.text.BIOS_getCpuFreq)
                  0000af54    0000001a     dashboard_task.o (.text.Dashboard_SendHtml)
                  0000af6e    0000001a     drivers_cc26x2.a : I2CCC26XX.c.obj (.text.I2CCC26XX_completeTransfer)
                  0000af88    0000001a     ti_sysbios_config.o (.text.ti_sysbios_knl_Semaphore_Instance_finalize)
                  0000afa2    00000018     ti_sysbios_config.o (.text.BIOS_exit)
                  0000afba    00000018     Dhcp.o (.text.DHCP_getDnsServerIp)
                  0000afd2    00000018     Dhcp.o (.text.DHCP_getGatewayIp)
                  0000afea    00000018     Dhcp.o (.text.DHCP_getLocalIp)
                  0000b002    00000018     Dhcp.o (.text.DHCP_getSubnetMask)
                  0000b01a    00000002     --HOLE-- [fill = 0]
                  0000b01c    00000018     drivers_cc26x2.a : GPIOCC26XX.c.obj (.text.GPIO_disableInt)
                  0000b034    00000018                      : PowerCC26X2.c.obj (.text.PowerCC26XX_calibrate)
                  0000b04c    00000018                      : PowerCC26X2.c.obj (.text.Power_idleFunc)
                  0000b064    00000018     init_task.o (.text.Stv_WriteAtAddress)
                  0000b07c    00000018     Printfg.o (.text.print)
                  0000b094    00000018     ti_sysbios_config.o (.text.ti_sysbios_family_arm_cc26xx_Timer_getCount64)
                  0000b0ac    00000018     ti_sysbios_config.o (.text.ti_sysbios_knl_ClockSupport_setNextTick)
                  0000b0c4    00000018     sysbios.a : TaskSupport_asm_gnu.obj (.text.ti_sysbios_knl_TaskSupport_glue)
                  0000b0dc    00000016     ti_sysbios_config.o (.text.ClockP_Params_init)
                  0000b0f2    00000016     w5500.o (.text.W5500_readSIPR)
                  0000b108    00000016     w5500.o (.text.W5500_readSnCR)
                  0000b11e    00000016     w5500.o (.text.W5500_readSnIR)
                  0000b134    00000016     w5500.o (.text.W5500_readSnSR)
                  0000b14a    00000016     w5500.o (.text.W5500_writeGAR)
                  0000b160    00000016     w5500.o (.text.W5500_writeSHAR)
                  0000b176    00000016     w5500.o (.text.W5500_writeSIPR)
                  0000b18c    00000016     w5500.o (.text.W5500_writeSUBR)
                  0000b1a2    00000016     ArduinoCompatibility.o (.text.delay)
                  0000b1b8    00000016     socket.o (.text.disconnect)
                  0000b1ce    00000016     ti_sysbios_config.o (.text.ti_sysbios_family_arm_m3_Hwi_enable)
                  0000b1e4    00000016     ti_sysbios_config.o (.text.ti_sysbios_knl_Intrinsics_maxbit)
                  0000b1fa    00000016     ti_sysbios_config.o (.text.ti_sysbios_knl_Queue_construct)
                  0000b210    00000016     ti_sysbios_config.o (.text.ti_sysbios_knl_Queue_empty)
                  0000b226    00000016     ti_sysbios_config.o (.text.ti_sysbios_runtime_SystemSupport_init)
                  0000b23c    00000016     ti_sysbios_config.o (.text.ti_sysbios_runtime_System_exit)
                  0000b252    00000002     --HOLE-- [fill = 0]
                  0000b254    00000014     drivers_cc26x2.a : GPIOCC26XX.c.obj (.text.GPIO_read)
                  0000b268    00000014                      : GPIO.c.obj (.text.GPIO_setUserArg)
                  0000b27c    00000014                      : I2CCC26XX.c.obj (.text.I2CCC26XX_postNotify)
                  0000b290    00000014                      : SPICC26X2DMA.c.obj (.text.OUTLINED_FUNCTION_0)
                  0000b2a4    00000014     ti_sysbios_config.o (.text.SwiP_or)
                  0000b2b8    00000014     drivers_cc26x2.a : TemperatureCC26X2.c.obj (.text.Temperature_getTemperature)
                  0000b2cc    00000014     libc.a : args_main.c.obj (.text._args_main)
                  0000b2e0    00000014     ti_sysbios_config.o (.text.ti_sysbios_family_arm_cc26xx_TimestampProvider_init)
                  0000b2f4    00000014     ti_sysbios_config.o (.text.ti_sysbios_family_arm_m3_Hwi_disable)
                  0000b308    00000014     ti_sysbios_config.o (.text.ti_sysbios_knl_Swi_Instance_finalize)
                  0000b31c    00000014     ti_sysbios_config.o (.text.ti_sysbios_runtime_System_printf_va)
                  0000b330    00000014     libclang_rt.builtins.a : aeabi_ldivmod.S.obj (.text)
                  0000b344    00000014                            : aeabi_memset.S.obj (.text)
                  0000b358    00000014                            : aeabi_uldivmod.S.obj (.text)
                  0000b36c    00000012     EthernetUdp.o (.text.EthernetUDP_endPacket)
                  0000b37e    00000012     drivers_cc26x2.a : I2C.c.obj (.text.I2C_transfer)
                  0000b390    00000012     ti_sysbios_config.o (.text.ti_sysbios_family_arm_m3_Hwi_destruct)
                  0000b3a2    00000012     ti_sysbios_config.o (.text.ti_sysbios_family_arm_m3_Hwi_doSwiRestore)
                  0000b3b4    00000012     ti_sysbios_config.o (.text.ti_sysbios_family_arm_m3_Hwi_doTaskRestore)
                  0000b3c6    00000012     ti_sysbios_config.o (.text.ti_sysbios_heaps_HeapMem_Params_init)
                  0000b3d8    00000012     ti_sysbios_config.o (.text.ti_sysbios_heaps_HeapMem_init)
                  0000b3ea    00000012     ti_sysbios_config.o (.text.ti_sysbios_knl_Clock_Params_init)
                  0000b3fc    00000012     ti_sysbios_config.o (.text.ti_sysbios_knl_Clock_tick)
                  0000b40e    00000012     ti_sysbios_config.o (.text.ti_sysbios_knl_Queue_Instance_init)
                  0000b420    00000012     ti_sysbios_config.o (.text.ti_sysbios_knl_Semaphore_Params_init)
                  0000b432    00000012     libc.a : memcpy_t2.S.obj (.text:TI_memcpy_small)
                  0000b444    00000010     ti_sysbios_config.o (.text.BIOS_start)
                  0000b454    00000010     ti_sysbios_config.o (.text.ClockP_getCpuFreq)
                  0000b464    00000010     ti_sysbios_config.o (.text.ClockP_start)
                  0000b474    00000010     ti_sysbios_config.o (.text.ClockP_stop)
                  0000b484    00000010     Ethernet.o (.text.Ethernet_localIP)
                  0000b494    00000010     drivers_cc26x2.a : GPIO.c.obj (.text.GPIO_getUserArg)
                  0000b4a4    00000010                      : GPIOCC26XX.c.obj (.text.GPIO_write)
                  0000b4b4    00000010     ti_sysbios_config.o (.text.HwiP_clearInterrupt)
                  0000b4c4    00000010     ti_sysbios_config.o (.text.HwiP_destruct)
                  0000b4d4    00000010     ti_sysbios_config.o (.text.HwiP_disable)
                  0000b4e4    00000010     ti_sysbios_config.o (.text.HwiP_disableInterrupt)
                  0000b4f4    00000010     ti_sysbios_config.o (.text.HwiP_enableInterrupt)
                  0000b504    00000010     ti_sysbios_config.o (.text.HwiP_restore)
                  0000b514    00000010     drivers_cc26x2.a : PowerCC26X2_helpers.c.obj (.text.PowerCC26X2_oscCtlClearXtal)
                  0000b524    00000010                      : PowerCC26X2_helpers.c.obj (.text.PowerCC26X2_prcmEnableCacheRetention)
                  0000b534    00000010                      : PowerCC26X2_calibrateRCOSC_helpers.c.obj (.text.PowerCC26X2_readCtrim)
                  0000b544    00000010                      : PowerCC26X2_calibrateRCOSC_helpers.c.obj (.text.PowerCC26X2_readCtrimFract)
                  0000b554    00000010                      : PowerCC26X2_calibrateRCOSC_helpers.c.obj (.text.PowerCC26X2_readRtrim)
                  0000b564    00000010                      : PowerCC26X2_helpers.c.obj (.text.PowerCC26X2_switchToTCXO)
                  0000b574    00000010                      : PowerCC26X2.c.obj (.text.Power_getDependencyCount)
                  0000b584    00000010     ti_sysbios_config.o (.text.SemaphoreP_destruct)
                  0000b594    00000010     ti_sysbios_config.o (.text.SemaphoreP_post)
                  0000b5a4    00000010     ti_sysbios_config.o (.text.SwiP_destruct)
                  0000b5b4    00000010     ti_sysbios_config.o (.text.SwiP_post)
                  0000b5c4    00000010     ti_sysbios_config.o (.text.SysCtrlAonUpdate)
                  0000b5d4    00000010     w5500.o (.text.W5500_getIPAddress)
                  0000b5e4    00000010     w5500.o (.text.W5500_setGatewayIp)
                  0000b5f4    00000010     w5500.o (.text.W5500_setIPAddress)
                  0000b604    00000010     w5500.o (.text.W5500_setMACAddress)
                  0000b614    00000010     w5500.o (.text.W5500_setSubnetMask)
                  0000b624    00000010     ti_sysbios_config.o (.text.ti_sysbios_family_arm_cc26xx_Timer_setPeriod)
                  0000b634    00000010     ti_sysbios_config.o (.text.ti_sysbios_knl_ClockSupport_getMaxTicks)
                  0000b644    00000010     ti_sysbios_config.o (.text.ti_sysbios_knl_Clock_removeI)
                  0000b654    00000010     ti_sysbios_config.o (.text.ti_sysbios_knl_Clock_setTimeout)
                  0000b664    00000010     ti_sysbios_config.o (.text.ti_sysbios_knl_Idle_loop)
                  0000b674    00000010     ti_sysbios_config.o (.text.ti_sysbios_knl_Queue_destruct)
                  0000b684    00000010     ti_sysbios_config.o (.text.ti_sysbios_knl_Queue_elemClear)
                  0000b694    00000010     ti_sysbios_config.o (.text.ti_sysbios_knl_Swi_enabled)
                  0000b6a4    00000010     ti_sysbios_config.o (.text.ti_sysbios_runtime_Types_argToFloat)
                  0000b6b4    00000010     libc.a : copy_zero_init.c.obj (.text:decompress:ZI)
                  0000b6c4    0000000e     ti_sysbios_config.o (.text.BIOS_linkedWithIncorrectBootLibrary)
                  0000b6d2    0000000e     EthernetUdp.o (.text.EthernetUDP_begin_init)
                  0000b6e0    0000000e     ti_sysbios_config.o (.text.IntMasterDisable)
                  0000b6ee    0000000e     ti_sysbios_config.o (.text.IntMasterEnable)
                  0000b6fc    0000000e     drivers_cc26x2.a : PowerCC26X2.c.obj (.text.OUTLINED_FUNCTION_0)
                  0000b70a    0000000e     libc.a : strcpy.c.obj (.text.strcpy)
                  0000b718    0000000e            : strlen.c.obj (.text.strlen)
                  0000b726    0000000e     drivers_cc26x2.a : PowerCC26X2.c.obj (.text.switchToTCXO)
                  0000b734    0000000e     ti_sysbios_config.o (.text.ti_sysbios_family_arm_m3_Hwi_restore)
                  0000b742    0000000e     ti_sysbios_config.o (.text.ti_sysbios_heaps_HeapMem_isBlocking)
                  0000b750    0000000e     ti_sysbios_config.o (.text.ti_sysbios_knl_Clock_stop)
                  0000b75e    0000000e     ti_sysbios_config.o (.text.ti_sysbios_runtime_SystemSupport_exit)
                  0000b76c    0000000e     libc.a : memset_t2.S.obj (.text:TI_memset_small)
                  0000b77a    0000000e            : copy_decompress_none.c.obj (.text:decompress:none)
                  0000b788    0000000c     ti_sysbios_config.o (.text.AONRTCCurrentCompareValueGet)
                  0000b794    0000000c     ti_sysbios_config.o (.text.BIOS_getThreadType)
                  0000b7a0    0000000c     ti_sysbios_config.o (.text.ClockP_getSystemTickPeriod)
                  0000b7ac    0000000c     EthernetUdp.o (.text.EthernetUDP_available)
                  0000b7b8    0000000c     EthernetUdp.o (.text.EthernetUDP_rawIPAddress)
                  0000b7c4    0000000c     EthernetUdp.o (.text.EthernetUDP_remotePort)
                  0000b7d0    0000000c     drivers_cc26x2.a : I2C.c.obj (.text.I2C_Params_init)
                  0000b7dc    0000000c     driverlib.lib : cpu.o (.text.NOROM_CPUcpsid)
                  0000b7e8    0000000c                   : cpu.o (.text.NOROM_CPUcpsie)
                  0000b7f4    0000000c     drivers_cc26x2.a : I2CCC26XX.c.obj (.text.OUTLINED_FUNCTION_0)
                  0000b800    0000000c                      : PowerCC26X2_helpers.c.obj (.text.PowerCC26X2_oscClockSourceGet)
                  0000b80c    0000000c                      : PowerCC26X2_helpers.c.obj (.text.PowerCC26X2_setPeriphDeepSleepEnable)
                  0000b818    0000000c                      : PowerCC26X2_helpers.c.obj (.text.PowerCC26X2_sysCtrlGetResetSource)
                  0000b824    0000000c                      : PowerCC26X2_helpers.c.obj (.text.PowerCC26X2_sysCtrlVoltageConditionalControl)
                  0000b830    0000000c                      : PowerCC26X2.c.obj (.text.Power_getConstraintMask)
                  0000b83c    0000000c                      : SPI.c.obj (.text.SPI_Params_init)
                  0000b848    0000000c     init_task.o (.text.Stv_ReadFromAddress)
                  0000b854    0000000c     libc.a : _lock.c.obj (.text._register_lock)
                  0000b860    0000000c            : _lock.c.obj (.text._register_unlock)
                  0000b86c    0000000c     SPIfg.o (.text.resetSS)
                  0000b878    0000000c     SPIfg.o (.text.setSS)
                  0000b884    0000000c     drivers_cc26x2.a : SPICC26X2DMA.c.obj (.text.spiPostNotify)
                  0000b890    0000000c     ti_sysbios_config.o (.text.ti_sysbios_knl_Queue_head)
                  0000b89c    0000000c     ti_sysbios_config.o (.text.ti_sysbios_knl_Queue_next)
                  0000b8a8    0000000c     ti_sysbios_config.o (.text.ti_sysbios_knl_Queue_prev)
                  0000b8b4    0000000c     ti_sysbios_config.o (.text.ti_sysbios_knl_Swi_postInit)
                  0000b8c0    0000000c     ti_sysbios_config.o (.text.ti_sysbios_knl_Swi_self)
                  0000b8cc    0000000c     ti_sysbios_config.o (.text.ti_sysbios_knl_Task_self)
                  0000b8d8    0000000a     drivers_cc26x2.a : I2CCC26XX.c.obj (.text.I2CMasterControl)
                  0000b8e2    0000000a                      : SPICC26X2DMA.c.obj (.text.OUTLINED_FUNCTION_2)
                  0000b8ec    0000000a     rf_multiMode_cc26x2.a : RFCC26X2_multiMode.c.cc26x2.ticlang.o (.text.OUTLINED_FUNCTION_5)
                  0000b8f6    0000000a     drivers_cc26x2.a : PowerCC26X2_helpers.c.obj (.text.PowerCC26X2_sysCtrlStandby)
                  0000b900    0000000a                      : SPICC26X2DMA.c.obj (.text.SPICC26X2DMA_init)
                  0000b90a    0000000a                      : UDMACC26XX.c.obj (.text.UDMACC26XX_hwiIntFxn)
                  0000b914    0000000a     ti_sysbios_config.o (.text.ti_sysbios_gates_GateMutex_handle)
                  0000b91e    0000000a     ti_sysbios_config.o (.text.ti_sysbios_knl_Clock_handle)
                  0000b928    0000000a     ti_sysbios_config.o (.text.ti_sysbios_knl_Queue_struct)
                  0000b932    0000000a     ti_sysbios_config.o (.text.ti_sysbios_knl_Semaphore_handle)
                  0000b93c    0000000a     ti_sysbios_config.o (.text.ti_sysbios_knl_Swi_startup)
                  0000b946    0000000a     ti_sysbios_config.o (.text.ti_sysbios_runtime_Error_check)
                  0000b950    0000000a     ti_sysbios_config.o (.text.ti_sysbios_runtime_Types_iargToPtr)
                  0000b95a    0000000a     ti_sysbios_config.o (.text.ti_sysbios_runtime_Types_uargToPtr)
                  0000b964    00000008     ti_sysbios_config.o (.text.Boot_trimDevice)
                  0000b96c    00000008     Dhcp.o (.text.DHCP_presend_DHCP)
                  0000b974    00000008     drivers_cc26x2.a : I2CCC26XX.c.obj (.text.I2CCC26XX_blockingCallback)
                  0000b97c    00000008                      : I2CCC26XX.c.obj (.text.I2CSupport_masterFinish)
                  0000b984    00000008     driverlib.lib : cpu.o (.text.NOROM_CPUdelay)
                  0000b98c    00000008     drivers_cc26x2.a : SPICC26X2DMA.c.obj (.text.OUTLINED_FUNCTION_1)
                  0000b994    00000008                      : PowerCC26X2_helpers.c.obj (.text.PowerCC26X2_oschfTrySwitchToXosc)
                  0000b99c    00000008     ti_sysbios_config.o (.text.ResetISR)
                  0000b9a4    00000008     libc.a : aeabi_portable.c.obj (.text.__aeabi_errno_addr)
                  0000b9ac    00000008     ti_sysbios_config.o (.text._system_post_cinit)
                  0000b9b4    00000008     ti_sysbios_config.o (.text._system_pre_init)
                  0000b9bc    00000008     drivers_cc26x2.a : SPICC26X2DMA.c.obj (.text.blockingTransferCallback)
                  0000b9c4    00000008     ti_sysbios_config.o (.text.ti_sysbios_family_arm_m3_Hwi_startup)
                  0000b9cc    00000008     ti_sysbios_config.o (.text.ti_sysbios_runtime_Startup_reset)
                  0000b9d4    00000008     ti_sysbios_config.o (.text.ti_sysbios_runtime_System_exitSpin)
                  0000b9dc    00000006     drivers_cc26x2.a : I2CCC26XX.c.obj (.text.I2CSupport_powerRelConstraint)
                  0000b9e2    00000006                      : I2CCC26XX.c.obj (.text.I2CSupport_powerSetConstraint)
                  0000b9e8    00000006                      : SPI.c.obj (.text.SPI_transfer)
                  0000b9ee    00000006     ArduinoCompatibility.o (.text.random)
                  0000b9f4    00000004     ti_sysbios_config.o (.text.PRCMSleep)
                  0000b9f8    00000004     drivers_cc26x2.a : PowerCC26X2_helpers.c.obj (.text.PowerCC26X2_oschfSwitchToRcosc)
                  0000b9fc    00000004                      : PowerCC26X2_helpers.c.obj (.text.PowerCC26X2_sysCtrlIdle)
                  0000ba00    00000004                      : PowerCC26X2_helpers.c.obj (.text.PowerCC26X2_turnOnXosc)
                  0000ba04    00000004                      : PowerCC26X2.c.obj (.text.configureRFCoreClocks)
                  0000ba08    00000004                      : PowerCC26X2.c.obj (.text.nopResourceHandler)
                  0000ba0c    00000004     ti_sysbios_config.o (.text.ti_sysbios_gates_GateMutex_canBlock)
                  0000ba10    00000004     ti_sysbios_config.o (.text.ti_sysbios_knl_TaskSupport_getStackAlignment)
                  0000ba14    00000004     ti_sysbios_config.o (.text.ti_sysbios_runtime_Memory_getMaxDefaultTypeAlign)
                  0000ba18    00000004     ti_sysbios_config.o (.text.ti_sysbios_runtime_SystemSupport_ready)
                  0000ba1c    00000004     libclang_rt.builtins.a : aeabi_memcpy.S.obj (.text)

.rodata    0    0000ba20    000010e3     
                  0000ba20    000005ef     ti_sysbios_config.o (.rodata.str1.1)
                  0000c00f    00000243     log.o (.rodata.str1.1)
                  0000c252    000001e0     ssd1306.o (.rodata.FONTS)
                  0000c432    00000094     ti_sysbios_config.o (.rodata.ti_sysbios_family_arm_m3_Hwi_excHandlerMin.err)
                  0000c4c6    0000008d     ti_sysbios_config.o (.rodata.ti_sysbios_heaps_HeapMem_alloc.err)
                  0000c553    00000089     ti_sysbios_config.o (.rodata.ti_sysbios_family_arm_m3_Hwi_Instance_init.err.1)
                  0000c5dc    00000089     ti_sysbios_config.o (.rodata.ti_sysbios_family_arm_m3_Hwi_excHandlerMin.err.2)
                  0000c665    00000089     ti_sysbios_config.o (.rodata.ti_sysbios_runtime_Memory_alloc.err)
                  0000c6ee    00000086     ti_sysbios_config.o (.rodata.ti_sysbios_family_arm_m3_Hwi_Instance_init.err)
                  0000c774    00000004     ti_sysbios_config.o (.rodata.ti_sysbios_family_arm_m3_Hwi_swiTaskKeyAddress)
                  0000c778    00000070     driverlib.lib : osc.o (.rodata..L__const.NOROM_OSC_HPOSC_Debug_InitFreqOffsetParams.hposcParm)
                  0000c7e8    0000006b     gui.o (.rodata.str1.1)
                  0000c853    0000005d     init_task.o (.rodata.str1.1)
                  0000c8b0    00000054     drivers_cc26x2.a : PowerCC26X2.c.obj (.rodata.resourceDB)
                  0000c904    00000040     ti_drivers_config.o (.rodata.spiCC26X2DMAHWAttrs)
                  0000c944    00000024     ti_sysbios_config.o (.rodata.ti_sysbios_knl_Task_Params_default)
                  0000c968    00000020     drivers_cc26x2.a : SPI.c.obj (.rodata.SPI_defaultParams)
                  0000c988    00000020     ssd1306.o (.rodata.SSD1306_InitSequence)
                  0000c9a8    0000001c     ti_sysbios_config.o (.rodata.ti_sysbios_family_arm_cc26xx_Timer_Params_default)
                  0000c9c4    00000018     drivers_cc26x2.a : SPICC26X2DMA.c.obj (.rodata.SPICC26X2DMA_fxnTable)
                  0000c9dc    00000018                      : SPICC26X2DMA.c.obj (.rodata.cst8)
                  0000c9f4    00000018                      : SPICC26X2DMA.c.obj (.rodata.frameFormat)
                  0000ca0c    00000018     ti_drivers_config.o (.rodata.i2cCC26xxHWAttrs)
                  0000ca24    00000018     ti_sysbios_config.o (.rodata.ti_sysbios_family_arm_m3_Hwi_Params_default)
                  0000ca3c    00000014     ti_drivers_config.o (.rodata.PowerCC26X2_config)
                  0000ca50    00000014     ti_sysbios_config.o (.rodata.ti_sysbios_knl_Swi_Params_default)
                  0000ca64    00000010     ti_drivers_config.o (.rodata.GPIO_config)
                  0000ca74    00000010     drivers_cc26x2.a : I2CCC26XX.c.obj (.rodata.cst16)
                  0000ca84    0000000c     ti_drivers_config.o (.rodata.RFCC26XX_hwAttrs)
                  0000ca90    0000000c     ti_drivers_config.o (.rodata.SPI_config)
                  0000ca9c    0000000c     ti_sysbios_config.o (.rodata.ti_sysbios_heaps_HeapMem_Params_default)
                  0000caa8    0000000c     ti_sysbios_config.o (.rodata.ti_sysbios_knl_Clock_Params_default)
                  0000cab4    0000000c     ti_sysbios_config.o (.rodata.ti_sysbios_knl_Semaphore_Params_default)
                  0000cac0    00000008     ti_drivers_config.o (.rodata.I2C_config)
                  0000cac8    00000008     ti_drivers_config.o (.rodata.UDMACC26XX_config)
                  0000cad0    00000008     driverlib.lib : aux_sysif.o (.rodata.cst4)
                  0000cad8    00000008     ti_sysbios_config.o (.rodata.ti_sysbios_knl_Idle_funcList)
                  0000cae0    00000008     ti_drivers_config.o (.rodata.udmaCC26XXHWAttrs)
                  0000cae8    00000007     Dhcp.o (.rodata.str1.1)
                  0000caef    00000001     ti_drivers_config.o (.rodata.GPIO_pinLowerBound)
                  0000caf0    00000004     ti_sysbios_config.o (.rodata.ti_sysbios_gates_GateMutex_Params_default)
                  0000caf4    00000004     ti_sysbios_config.o (.rodata.ti_sysbios_knl_Clock_tickPeriod)
                  0000caf8    00000004     ti_sysbios_config.o (.rodata.ti_sysbios_knl_Swi_numPriorities)
                  0000cafc    00000001     ti_drivers_config.o (.rodata.GPIO_pinUpperBound)
                  0000cafd    00000001     ti_drivers_config.o (.rodata.I2C_count)
                  0000cafe    00000001     ti_drivers_config.o (.rodata.SPI_count)
                  0000caff    00000001     ti_drivers_config.o (.rodata.TemperatureCC26X2_config)
                  0000cb00    00000001     ti_sysbios_config.o (.rodata.ti_sysbios_knl_Clock_tickMode)
                  0000cb01    00000001     ti_sysbios_config.o (.rodata.ti_sysbios_knl_Task_checkStackFlag)
                  0000cb02    00000001     ti_sysbios_config.o (.rodata.ti_sysbios_knl_Task_initStackFlag)

__llvm_prf_cnts 
*          0    20000000    00000000     UNINITIALIZED

__llvm_prf_bits 
*          0    20000000    00000000     UNINITIALIZED

.TI.bound:dmaSpi0RxControlTableEntry 
*          0    20001830    00000010     UNINITIALIZED
                  20001830    00000010     ti_drivers_config.o (.TI.bound:dmaSpi0RxControlTableEntry)

.TI.bound:dmaSpi0TxControlTableEntry 
*          0    20001840    00000010     UNINITIALIZED
                  20001840    00000010     ti_drivers_config.o (.TI.bound:dmaSpi0TxControlTableEntry)

.TI.bound:dmaSpi0RxAltControlTableEntry 
*          0    20001a30    00000010     UNINITIALIZED
                  20001a30    00000010     ti_drivers_config.o (.TI.bound:dmaSpi0RxAltControlTableEntry)

.TI.bound:dmaSpi0TxAltControlTableEntry 
*          0    20001a40    00000010     UNINITIALIZED
                  20001a40    00000010     ti_drivers_config.o (.TI.bound:dmaSpi0TxAltControlTableEntry)

.args      0    0000cb04    00000008     
                  0000cb04    00000008     --HOLE-- [fill = 0]

MODULE SUMMARY

       Module                                     code    ro data   rw data
       ------                                     ----    -------   -------
    .\
       init_task.o                                442     93        0      
       dashboard_task.o                           284     0         3      
       main.o                                     132     0         76     
    +--+------------------------------------------+-------+---------+---------+
       Total:                                     858     93        79     
                                                                           
    .\source\driverlib\ssd1306\
       ssd1306.o                                  1430    512       1049   
    +--+------------------------------------------+-------+---------+---------+
       Total:                                     1430    512       1049   
                                                                           
    .\source\driverlib\w5500\
       w5500.o                                    1802    0         0      
    +--+------------------------------------------+-------+---------+---------+
       Total:                                     1802    0         0      
                                                                           
    .\source\ethernet\
       Dhcp.o                                     2696    7         0      
       socket.o                                   942     0         2      
       EthernetUdp.o                              704     0         0      
       EthernetClient.o                           698     0         4      
       Ethernet.o                                 508     0         48     
       EthernetServer.o                           388     0         0      
       IPAddress.o                                352     0         0      
       SPIfg.o                                    274     0         4      
       ArduinoCompatibility.o                     140     0         0      
       Printfg.o                                  84      0         0      
    +--+------------------------------------------+-------+---------+---------+
       Total:                                     6786    7         58     
                                                                           
    .\source\oled_gui\
       gui.o                                      530     107       0      
    +--+------------------------------------------+-------+---------+---------+
       Total:                                     530     107       0      
                                                                           
    .\source\utils\
       log.o                                      734     579       0      
       restart.o                                  68      0         0      
    +--+------------------------------------------+-------+---------+---------+
       Total:                                     802     579       0      
                                                                           
    .\syscfg\
       ti_sysbios_config.o                        17892   2584      3354   
       ti_drivers_config.o                        344     177       1044   
       ti_devices_config.o                        0       88        0      
    +--+------------------------------------------+-------+---------+---------+
       Total:                                     18236   2849      4398   
                                                                           
    C:/ti/simplelink_cc13xx_cc26xx_sdk_6_30_01_03/kernel/tirtos7/packages/ti/sysbios/lib/ticlang/m4f/sysbios.a
       Hwi_asm_gnu.obj                            324     0         0      
       Hwi_asm_switch_gnu.obj                     118     0         0      
       TaskSupport_asm_gnu.obj                    64      0         0      
       boot_cortex_m.obj                          52      0         0      
    +--+------------------------------------------+-------+---------+---------+
[...]
0000b035  PowerCC26XX_calibrate                                              
0000b04d  Power_idleFunc                                                     
0000b065  Stv_WriteAtAddress                                                 
0000b07d  print                                                              
0000b095  ti_sysbios_family_arm_cc26xx_Timer_getCount64                      
0000b0ad  ti_sysbios_knl_ClockSupport_setNextTick                            
0000b0c5  ti_sysbios_knl_TaskSupport_glue                                    
0000b0dd  ClockP_Params_init                                                 
0000b0f3  W5500_readSIPR                                                     
0000b109  W5500_readSnCR                                                     
0000b11f  W5500_readSnIR                                                     
0000b135  W5500_readSnSR                                                     
0000b14b  W5500_writeGAR                                                     
0000b161  W5500_writeSHAR                                                    
0000b177  W5500_writeSIPR                                                    
0000b18d  W5500_writeSUBR                                                    
0000b1a3  delay                                                              
0000b1b9  disconnect                                                         
0000b1fb  ti_sysbios_knl_Queue_construct                                     
0000b211  ti_sysbios_knl_Queue_empty                                         
0000b227  ti_sysbios_runtime_SystemSupport_init                              
0000b23d  ti_sysbios_runtime_System_exit                                     
0000b255  GPIO_read                                                          
0000b269  GPIO_setUserArg                                                    
0000b2a5  SwiP_or                                                            
0000b2b9  Temperature_getTemperature                                         
0000b2cd  _args_main                                                         
0000b2e1  ti_sysbios_family_arm_cc26xx_TimestampProvider_init                
0000b309  ti_sysbios_knl_Swi_Instance_finalize                               
0000b31d  ti_sysbios_runtime_System_printf_va                                
0000b331  __aeabi_ldivmod                                                    
0000b345  __aeabi_memset                                                     
0000b345  __aeabi_memset4                                                    
0000b345  __aeabi_memset8                                                    
0000b351  __aeabi_memclr                                                     
0000b351  __aeabi_memclr4                                                    
0000b351  __aeabi_memclr8                                                    
0000b359  __aeabi_uldivmod                                                   
0000b36d  EthernetUDP_endPacket                                              
0000b37f  I2C_transfer                                                       
0000b391  ti_sysbios_family_arm_m3_Hwi_destruct                              
0000b3a3  ti_sysbios_family_arm_m3_Hwi_doSwiRestore                          
0000b3b5  ti_sysbios_family_arm_m3_Hwi_doTaskRestore                         
0000b3c7  ti_sysbios_heaps_HeapMem_Params_init                               
0000b3d9  ti_sysbios_heaps_HeapMem_init                                      
0000b3eb  ti_sysbios_knl_Clock_Params_init                                   
0000b3fd  ti_sysbios_knl_Clock_tick                                          
0000b40f  ti_sysbios_knl_Queue_Instance_init                                 
0000b421  ti_sysbios_knl_Semaphore_Params_init                               
0000b433  TI_memcpy_small                                                    
0000b445  BIOS_start                                                         
0000b455  ClockP_getCpuFreq                                                  
0000b465  ClockP_start                                                       
0000b475  ClockP_stop                                                        
0000b485  Ethernet_localIP                                                   
0000b495  GPIO_getUserArg                                                    
0000b4a5  GPIO_write                                                         
0000b4b5  HwiP_clearInterrupt                                                
0000b4c5  HwiP_destruct                                                      
0000b4d5  HwiP_disable                                                       
0000b4e5  HwiP_disableInterrupt                                              
0000b4f5  HwiP_enableInterrupt                                               
0000b505  HwiP_restore                                                       
0000b515  PowerCC26X2_oscCtlClearXtal                                        
0000b525  PowerCC26X2_prcmEnableCacheRetention                               
0000b535  PowerCC26X2_readCtrim                                              
0000b545  PowerCC26X2_readCtrimFract                                         
0000b555  PowerCC26X2_readRtrim                                              
0000b565  PowerCC26X2_switchToTCXO                                           
0000b575  Power_getDependencyCount                                           
0000b585  SemaphoreP_destruct                                                
0000b595  SemaphoreP_post                                                    
0000b5a5  SwiP_destruct                                                      
0000b5b5  SwiP_post                                                          
0000b5d5  W5500_getIPAddress                                                 
0000b5e5  W5500_setGatewayIp                                                 
0000b5f5  W5500_setIPAddress                                                 
0000b605  W5500_setMACAddress                                                
0000b615  W5500_setSubnetMask                                                
0000b625  ti_sysbios_family_arm_cc26xx_Timer_setPeriod                       
0000b635  ti_sysbios_knl_ClockSupport_getMaxTicks                            
0000b645  ti_sysbios_knl_Clock_removeI                                       
0000b655  ti_sysbios_knl_Clock_setTimeout                                    
0000b665  ti_sysbios_knl_Idle_loop                                           
0000b675  ti_sysbios_knl_Queue_destruct                                      
0000b685  ti_sysbios_knl_Queue_elemClear                                     
0000b695  ti_sysbios_knl_Swi_enabled                                         
0000b6b5  __TI_zero_init                                                     
0000b6c5  BIOS_linkedWithIncorrectBootLibrary                                
0000b6d3  EthernetUDP_begin_init                                             
0000b70b  strcpy                                                             
0000b719  strlen                                                             
0000b743  ti_sysbios_heaps_HeapMem_isBlocking                                
0000b751  ti_sysbios_knl_Clock_stop                                          
0000b75f  ti_sysbios_runtime_SystemSupport_exit                              
0000b76d  TI_memset_small                                                    
0000b77b  __TI_decompress_none                                               
0000b795  BIOS_getThreadType                                                 
0000b7a1  ClockP_getSystemTickPeriod                                         
0000b7ad  EthernetUDP_available                                              
0000b7b9  EthernetUDP_rawIPAddress                                           
0000b7c5  EthernetUDP_remotePort                                             
0000b7d1  I2C_Params_init                                                    
0000b7dd  NOROM_CPUcpsid                                                     
0000b7e9  NOROM_CPUcpsie                                                     
0000b801  PowerCC26X2_oscClockSourceGet                                      
0000b80d  PowerCC26X2_setPeriphDeepSleepEnable                               
0000b819  PowerCC26X2_sysCtrlGetResetSource                                  
0000b825  PowerCC26X2_sysCtrlVoltageConditionalControl                       
0000b831  Power_getConstraintMask                                            
0000b83d  SPI_Params_init                                                    
0000b849  Stv_ReadFromAddress                                                
0000b855  _register_lock                                                     
0000b861  _register_unlock                                                   
0000b86d  resetSS                                                            
0000b879  setSS                                                              
0000b891  ti_sysbios_knl_Queue_head                                          
0000b89d  ti_sysbios_knl_Queue_next                                          
0000b8a9  ti_sysbios_knl_Queue_prev                                          
0000b8b5  ti_sysbios_knl_Swi_postInit                                        
0000b8c1  ti_sysbios_knl_Swi_self                                            
0000b8cd  ti_sysbios_knl_Task_self                                           
0000b8f7  PowerCC26X2_sysCtrlStandby                                         
0000b901  SPICC26X2DMA_init                                                  
0000b90b  UDMACC26XX_hwiIntFxn                                               
0000b93d  ti_sysbios_knl_Swi_startup                                         
0000b947  ti_sysbios_runtime_Error_check                                     
0000b965  Boot_trimDevice                                                    
0000b96d  DHCP_presend_DHCP                                                  
0000b97d  I2CSupport_masterFinish                                            
0000b985  NOROM_CPUdelay                                                     
0000b995  PowerCC26X2_oschfTrySwitchToXosc                                   
0000b99d  ResetISR                                                           
0000b9a5  __aeabi_errno_addr                                                 
0000b9ad  _system_post_cinit                                                 
0000b9b5  _system_pre_init                                                   
0000b9c5  ti_sysbios_family_arm_m3_Hwi_startup                               
0000b9cd  ti_sysbios_runtime_Startup_reset                                   
0000b9d5  ti_sysbios_runtime_System_exitSpin                                 
0000b9dd  I2CSupport_powerRelConstraint                                      
0000b9e3  I2CSupport_powerSetConstraint                                      
0000b9e9  SPI_transfer                                                       
0000b9ef  random                                                             
0000b9f9  PowerCC26X2_oschfSwitchToRcosc                                     
0000b9fd  PowerCC26X2_sysCtrlIdle                                            
0000ba01  PowerCC26X2_turnOnXosc                                             
0000ba0d  ti_sysbios_gates_GateMutex_canBlock                                
0000ba11  ti_sysbios_knl_TaskSupport_getStackAlignment                       
0000ba15  ti_sysbios_runtime_Memory_getMaxDefaultTypeAlign                   
0000ba19  ti_sysbios_runtime_SystemSupport_ready                             
0000ba1d  __aeabi_memcpy                                                     
0000ba1d  __aeabi_memcpy4                                                    
0000ba1d  __aeabi_memcpy8                                                    
0000c774  ti_sysbios_family_arm_m3_Hwi_swiTaskKeyAddress                     
0000c8b0  resourceDB                                                         
0000c904  spiCC26X2DMAHWAttrs                                                
0000c968  SPI_defaultParams                                                  
0000c988  SSD1306_InitSequence                                               
0000c9c4  SPICC26X2DMA_fxnTable                                              
0000ca0c  i2cCC26xxHWAttrs                                                   
0000ca3c  PowerCC26X2_config                                                 
0000ca64  GPIO_config                                                        
0000ca84  RFCC26XX_hwAttrs                                                   
0000ca90  SPI_config                                                         
0000cac0  I2C_config                                                         
0000cac8  UDMACC26XX_config                                                  
0000cad8  ti_sysbios_knl_Idle_funcList                                       
0000cae0  udmaCC26XXHWAttrs                                                  
0000caef  GPIO_pinLowerBound                                                 
0000caf4  ti_sysbios_knl_Clock_tickPeriod                                    
0000caf8  ti_sysbios_knl_Swi_numPriorities                                   
0000cafc  GPIO_pinUpperBound                                                 
0000cafd  I2C_count                                                          
0000cafe  SPI_count                                                          
0000caff  TemperatureCC26X2_config                                           
0000cb00  ti_sysbios_knl_Clock_tickMode                                      
0000cb01  ti_sysbios_knl_Task_checkStackFlag                                 
0000cb02  ti_sysbios_knl_Task_initStackFlag                                  
0000cb04  __c_args__                                                         
0000cbd0  __TI_Handler_Table_Base                                            
0000cbdc  __TI_Handler_Table_Limit                                           
0000cc04  __TI_CINIT_Base                                                    
0000cc34  __TI_CINIT_Limit                                                   
0000cc34  __TI_CINIT_Warm                                                    
0004ffa8  __ccfg                                                             
20000000  __start___llvm_prf_bits                                            
20000000  __start___llvm_prf_cnts                                            
20000000  __stop___llvm_prf_bits                                             
20000000  __stop___llvm_prf_cnts                                             
20000000  ti_sysbios_family_arm_m3_Hwi_ramVectors                            
200004e0  ti_sysbios_knl_Idle_taskStack                                      
200008e0  ti_sysbios_runtime_SysMin_outbuf                                   
20000fa0  i2cCC26xxObjects                                                   
200010e0  _CIOBUF_                                                           
200010e0  __CIOBUF_                                                          
20001200  spiCC26X2DMAObjects                                                
20001300  ti_sysbios_family_arm_m3_Hwi_dispatchTable                         
200013d8  gpioCallbackFunctions                                              
20001454  gpioUserArgs                                                       
200014d0  ti_sysbios_knl_ClockSupport_timerStruct                            
20001530  ti_sysbios_knl_Idle_taskStruct                                     
20001588  ti_sysbios_knl_Swi_readyQs                                         
200015b8  ti_sysbios_knl_Task_readyQs                                        
200015e8  BIOS_heapMemObject                                                 
20001614  BIOS_rtsGate                                                       
2000163c  ti_sysbios_heaps_HeapMem_gate                                      
20001664  dashboardTaskParams                                                
20001688  initTaskParams                                                     
200016ac  Ethernet                                                           
200016cc  ti_sysbios_runtime_System_atexitHandlers                           
200016ec  udmaCC26XXObject                                                   
20001744  ti_sysbios_hal_Seconds_Module_state                                
20001770  parmbuf                                                            
20001788  Init_SemaphoreHandle                                               
2000178c  PowerCC26XX_swiKey                                                 
20001790  PowerCC26XX_taskKey                                                
20001794  spi                                                                
20001798  ti_sysbios_family_arm_cc26xx_TimestampProvider_Module_state        
2000179c  ti_sysbios_knl_Task_defaultStackHeap                               
200017a2  _counter                                                           
200017a4  ethernetServer                                                     
20001a50  __primary_heap_start__                                             
20005a50  PowerCC26X2_module                                                 
20005a50  __primary_heap_end__                                               
20005bc4  gpioPinConfigs                                                     
20005ca8  ti_sysbios_knl_Clock_Module_state                                  
20005dcc  ti_sysbios_family_arm_m3_Hwi_Module_state                          
20005e08  ti_sysbios_knl_Task_Module_state                                   
20005e44  BIOS_Module_state                                                  
20005e70  ti_sysbios_knl_Swi_Module_state                                    
20005e98  Ethernet_server_port                                               
20005ea8  _hposcCoeffs                                                       
20005eb8  ti_sysbios_runtime_SysMin_Module_state                             
20005ec8  ti_sysbios_family_arm_cc26xx_Timer_Module_state                    
20005ed4  ti_sysbios_runtime_Error_ignore                                    
20005ee0  ti_sysbios_runtime_System_Module_state                             
20005efc  ti_sysbios_gates_GateMutex_Module_state                            
20005f04  ti_sysbios_heaps_HeapMem_Module_state                              
20005f0c  ti_sysbios_knl_Semaphore_Module_state                              
20005f18  EthernetClientPrintMethods                                         
20005f1c  __aeabi_errno                                                      
20005f20  _lock                                                              
20005f24  _unlock                                                            
20005f2c  ti_sysbios_runtime_Memory_defaultHeapInstance                      
20005f33  ti_sysbios_knl_Idle_initDone                                       
20005f34  ti_sysbios_runtime_Startup_done                                    
20011a00  __stack                                                            
20012000  __STACK_END                                                        
ffffffff  __TI_pprof_out_hndl                                                
ffffffff  __TI_prof_data_size                                                
ffffffff  __TI_prof_data_start                                               
ffffffff  __binit__                                                          
ffffffff  binit                                                              
UNDEFED   ITM_flush                                                          
UNDEFED   ITM_restore                                                        
UNDEFED   __mpu_init                                                         

[642 symbols]
