******************************************************************************
            TI ARM Clang Linker PC v2.1.2                      
******************************************************************************
>> Linked Mon Mar 11 20:20:41 2024

OUTPUT FILE NAME:   <multiSniff_LP_CC2652RB_tirtos7_ticlang2.out>
ENTRY POINT SYMBOL: "ResetISR"  address: 0000f07d


MEMORY CONFIGURATION

         name            origin    length      used     unused   attr    fill
----------------------  --------  ---------  --------  --------  ----  --------
  FLASH                 00000000   00050000  00010c22  0003f3de  R  X
  STV_R                 00050000   00000020  00000000  00000020  R   
  HTML                  00051000   00003000  00000000  00003000  R   
  GPRAM                 11000000   00002000  00000000  00002000  RW X
  SRAM                  20000000   00012000  00008033  00009fcd  RW X
  MTU_BUFFER            20012000   00001500  00000000  00001500  RW  
  STV_W                 20013500   00000020  00000000  00000020   W  
  LOG_DATA              90000000   00040000  00000000  00040000  R   


SEGMENT ALLOCATION MAP

run origin  load origin   length   init length attrs members
----------  ----------- ---------- ----------- ----- -------
00000000    00000000    0001098a   0001098a    r-x
  00000000    00000000    0000003c   0000003c    r-- .resetVecs
  00000040    00000040    0000f0c8   0000f0c8    r-x .text
  0000f108    0000f108    00001882   00001882    r-- .rodata
0001098c    0001098c    00000008   00000008    rw-
  0001098c    0001098c    00000008   00000008    rw- .args
00010994    00010994    0000023c   0000023c    r--
  00010994    00010994    0000023c   0000023c    r-- .cinit
0004ffa8    0004ffa8    00000058   00000058    r--
  0004ffa8    0004ffa8    00000058   00000058    r-- .ccfg
200000d8    200000d8    000006a3   00000000    rw-
  200000d8    200000d8    000006a3   00000000    rw- .data
20001830    20001830    00000010   00000000    rw-
  20001830    20001830    00000010   00000000    rw- .TI.bound:dmaSpi0RxControlTableEntry
20001840    20001840    00000010   00000000    rw-
  20001840    20001840    00000010   00000000    rw- .TI.bound:dmaSpi0TxControlTableEntry
20001a30    20001a30    00000010   00000000    rw-
  20001a30    20001a30    00000010   00000000    rw- .TI.bound:dmaSpi0RxAltControlTableEntry
20001a40    20001a40    00000010   00000000    rw-
  20001a40    20001a40    00000010   00000000    rw- .TI.bound:dmaSpi0TxAltControlTableEntry
20001a50    20001a50    00004000   00000000    r--
  20001a50    20001a50    00004000   00000000    r-- .priheap
20005a50    20005a50    00003278   00000000    rw-
  20005a50    20005a50    00003278   00000000    rw- .bss
20011a00    20011a00    00000600   00000000    rw-
  20011a00    20011a00    00000600   00000000    rw- .stack


SECTION ALLOCATION MAP

 output                                  attributes/
section   page    origin      length       input sections
--------  ----  ----------  ----------   ----------------
.binit     0    00000000    00000000     

.cinit     0    00010994    0000023c     
                  00010994    000001d8     (.cinit..data.load) [load image, compression = lzss]
                  00010b6c    0000000c     (__TI_handler_table)
                  00010b78    00000008     (.cinit..TI.bound:dmaSpi0RxAltControlTableEntry.load) [load image, compression = zero_init]
                  00010b80    00000008     (.cinit..TI.bound:dmaSpi0RxControlTableEntry.load) [load image, compression = zero_init]
                  00010b88    00000008     (.cinit..TI.bound:dmaSpi0TxAltControlTableEntry.load) [load image, compression = zero_init]
                  00010b90    00000008     (.cinit..TI.bound:dmaSpi0TxControlTableEntry.load) [load image, compression = zero_init]
                  00010b98    00000008     (.cinit..bss.load) [load image, compression = zero_init]
                  00010ba0    00000030     (__TI_cinit_table)

.init_array 
*          0    00000000    00000000     UNINITIALIZED

.ccfg      0    0004ffa8    00000058     
                  0004ffa8    00000058     ti_devices_config.o (.ccfg)

.data      0    200000d8    000006a3     UNINITIALIZED
                  200000d8    00000174     drivers_cc26x2.a : PowerCC26X2.c.obj (.data.PowerCC26X2_module)
                  2000024c    0000007c     ti_drivers_config.o (.data.gpioPinConfigs)
                  200002c8    00000068     rf_multiMode_cc26x2.a : RFCC26X2_multiMode.c.cc26x2.ticlang.o (.data..L_MergedGlobals.1)
                  20000330    00000068     ti_sysbios_config.o (.data.ti_sysbios_knl_Clock_Module_state)
                  20000398    00000064     rf_multiMode_cc26x2.a : RFCC26X2_multiMode.c.cc26x2.ticlang.o (.data..L_MergedGlobals.3)
                  200003fc    00000058                           : RFCC26X2_multiMode.c.cc26x2.ticlang.o (.data..L_MergedGlobals.2)
                  20000454    00000054     ti_radio_config.o (.data.ble_pOverridesCommon)
                  200004a8    00000040     ti_radio_config.o (.data.RFCMD_ieeeRX)
                  200004e8    0000003c     ti_sysbios_config.o (.data.ti_sysbios_family_arm_m3_Hwi_Module_state)
                  20000524    0000003c     ti_sysbios_config.o (.data.ti_sysbios_knl_Task_Module_state)
                  20000560    0000002c     ti_sysbios_config.o (.data.BIOS_Module_state)
                  2000058c    00000028     ti_sysbios_config.o (.data.ti_sysbios_knl_Swi_Module_state)
                  200005b4    00000024     ti_radio_config.o (.data.RFCMD_bleRadioSetup)
                  200005d8    00000020     ti_radio_config.o (.data.RFCMD_bleGenericRX)
                  200005f8    0000001c     ti_radio_config.o (.data.ble_pOverrides2Mbps)
                  20000614    00000018     ti_radio_config.o (.data.RFCMD_bleFrequencySynthesizer)
                  2000062c    00000018     ti_radio_config.o (.data.RFCMD_ieeeFrequencySynthesizer)
                  20000644    00000018     ti_radio_config.o (.data.RFCMD_ieeeRadioSetup)
                  2000065c    00000018     ti_radio_config.o (.data.ble_pOverrides1Mbps)
                  20000674    00000014     ti_radio_config.o (.data.RFCMD_bleGenericRXPar)
                  20000688    00000014     ti_radio_config.o (.data.ble_pOverridesCoded)
                  2000069c    00000010     Ethernet.o (.data.Ethernet_server_port)
                  200006ac    00000010     ti_radio_config.o (.data.RFCMD_bleModeObject)
                  200006bc    00000010     ti_radio_config.o (.data.RFCMD_ieeeModeObject)
                  200006cc    00000010     driverlib.lib : osc.o (.data._hposcCoeffs)
                  200006dc    00000010     ti_radio_config.o (.data.ieee_pOverrides)
                  200006ec    00000010     ti_sysbios_config.o (.data.ti_sysbios_runtime_SysMin_Module_state)
                  200006fc    0000000c     ti_sysbios_config.o (.data.ti_sysbios_family_arm_cc26xx_Timer_Module_state)
                  20000708    0000000c     ti_sysbios_config.o (.data.ti_sysbios_runtime_Error_ignore)
                  20000714    0000000c     ti_sysbios_config.o (.data.ti_sysbios_runtime_System_Module_state)
                  20000720    00000008     rf_multiMode_cc26x2.a : RFCC26X2_multiMode.c.cc26x2.ticlang.o (.data..L_MergedGlobals)
                  20000728    00000008                           : RFCC26X2_multiMode.c.cc26x2.ticlang.o (.data.RFCC26XX_schedulerPolicy)
                  20000730    00000008     ti_sysbios_config.o (.data.prefixStrings)
                  20000738    00000008     ti_sysbios_config.o (.data.ti_sysbios_gates_GateMutex_Module_state)
                  20000740    00000008     ti_sysbios_config.o (.data.ti_sysbios_heaps_HeapMem_Module_state)
                  20000748    00000008     ti_sysbios_config.o (.data.ti_sysbios_knl_Semaphore_Module_state)
                  20000750    00000004     drivers_cc26x2.a : TemperatureCC26X2.c.obj (.data..L_MergedGlobals)
                  20000754    00000004     EthernetClient.o (.data.EthernetClientPrintMethods)
                  20000758    00000004     EthernetUdp.o (.data.EthernetUDPPrintMethods)
                  2000075c    00000004     rf_multiMode_cc26x2.a : RFCC26X2_multiMode.c.cc26x2.ticlang.o (.data.RF_fsmActiveState.lfClockSourceLast)
                  20000760    00000004     libc.a : aeabi_portable.c.obj (.data.__aeabi_errno)
                  20000764    00000004            : _lock.c.obj (.data._lock)
                  20000768    00000004            : _lock.c.obj (.data._unlock)
                  2000076c    00000004     ti_sysbios_config.o (.data.terminatedList)
                  20000770    00000004     ti_sysbios_config.o (.data.ti_sysbios_runtime_Memory_defaultHeapInstance)
                  20000774    00000001     rf_multiMode_cc26x2.a : rf_patch_cpe_bt5.c.cc26x2.ticlang.o (.data.bBt5PatchEntered)
                  20000775    00000001                           : rf_patch_cpe_ieee_802_15_4.c.cc26x2.ticlang.o (.data.bIeee802154PatchEntered)
                  20000776    00000001     drivers_cc26x2.a : GPIOCC26X2.c.obj (.data.initCalled)
                  20000777    00000001                      : SPI.c.obj (.data.isInitialized)
                  20000778    00000001                      : TemperatureCC26X2.c.obj (.data.isInitialized)
                  20000779    00000001     ti_sysbios_config.o (.data.ti_sysbios_knl_Idle_initDone)
                  2000077a    00000001     ti_sysbios_config.o (.data.ti_sysbios_runtime_Startup_done)

.bss       0    20005a50    00003278     UNINITIALIZED
                  20005a50    0000183c     radio_queue.o (.bss.RadioQueue_RXbuffer)
                  2000728c    00000401     ssd1306.o (.bss.SSD1306_LcdBufferInclStreamByte)
                  2000768d    00000002     ssd1306.o (.bss.SSD1306_SendCommand.buffer)
                  2000768f    00000001     dashboard_task.o (.bss.Dashboard_Main.readDestination)
                  20007690    00000400     (.common:ti_sysbios_knl_Idle_taskStack)
                  20007a90    00000400     (.common:ti_sysbios_runtime_SysMin_outbuf)
                  20007e90    000002c0     rf_multiMode_cc26x2.a : RFCC26X2_multiMode.c.cc26x2.ticlang.o (.bss.RF_cmdPool)
                  20008150    000001ba     html.o (.bss.valueBuffer)
                  2000830a    00000002     socket.o (.bss.local_port)
                  2000830c    00000140     (.common:i2cCC26xxObjects)
                  2000844c    00000120     libsysbm.a : trgmsg.c.obj (.bss:_CIOBUF_)
                  2000856c    00000100     (.common:spiCC26X2DMAObjects)
                  2000866c    000000d8     (.common:ti_sysbios_family_arm_m3_Hwi_dispatchTable)
                  20008744    0000007c     (.common:gpioCallbackFunctions)
                  200087c0    0000007c     (.common:gpioUserArgs)
                  2000883c    00000004     radio_queue.o (.bss.RadioQueue_ReadEntry)
                  20008840    00000068     rf_multiMode_cc26x2.a : RFCC26X2_multiMode.c.cc26x2.ticlang.o (.bss.RF_ratModule)
                  200088a8    00000060     (.common:ti_sysbios_knl_ClockSupport_timerStruct)
                  20008908    00000058     (.common:ti_sysbios_knl_Idle_taskStruct)
                  20008960    00000044                           : RFCC26X2_multiMode.c.cc26x2.ticlang.o (.bss.RF_clkInactivityObj)
                  200089a4    00000044                           : RFCC26X2_multiMode.c.cc26x2.ticlang.o (.bss.RF_clkPowerUpObj)
                  200089e8    0000003c                           : RFCC26X2_multiMode.c.cc26x2.ticlang.o (.bss.RF_swiHwObj)
                  20008a24    00000030     (.common:ti_sysbios_knl_Swi_readyQs)
                  20008a54    00000030     (.common:ti_sysbios_knl_Task_readyQs)
                  20008a84    0000002c     (.common:BIOS_heapMemObject)
                  20008ab0    00000028     (.common:BIOS_rtsGate)
                  20008ad8    00000028     (.common:ti_sysbios_heaps_HeapMem_gate)
                  20008b00    00000024     (.common:dashboardTaskParams)
                  20008b24    00000024     (.common:initTaskParams)
                  20008b48    00000024     (.common:sniffingTaskParams)
                  20008b6c    00000020     (.common:Ethernet)
                  20008b8c    00000020     (.common:ti_sysbios_runtime_System_atexitHandlers)
                  20008bac    00000020     (.common:udmaCC26XXObject)
                  20008bcc    0000001c     drivers_cc26x2.a : TemperatureCC26X2.c.obj (.bss.batmonHwi)
                  20008be8    0000001c                      : GPIOCC26X2.c.obj (.bss.gpioHwi)
                  20008c04    00000014     (.common:ti_sysbios_hal_Seconds_Module_state)
                  20008c18    00000010     ssd1306.o (.bss._i2cParams)
                  20008c28    00000010     (.common:ethernetUdp)
                  20008c38    00000010     (.common:ieeeStats)
                  20008c48    0000000c     (.common:Dashboard_SemaphoreParams)
                  20008c54    0000000c     (.common:Init_SemaphoreParams)
                  20008c60    0000000c     (.common:bleStats)
                  20008c6c    00000008     radio_queue.o (.bss.RadioQueue_object)
                  20008c74    00000008     drivers_cc26x2.a : TemperatureCC26X2.c.obj (.bss.notificationList)
                  20008c7c    00000008     (.common:parmbuf)
                  20008c84    00000004     dashboard_task.o (.bss.StrTok.p)
                  20008c88    00000004     ssd1306.o (.bss._i2c)
                  20008c8c    00000004     driverlib.lib : osc.o (.bss.oscHfGlobals.0)
                  20008c90    00000004                   : osc.o (.bss.oscHfGlobals.2)
                  20008c94    00000004                   : osc.o (.bss.oscHfGlobals.3)
                  20008c98    00000004                   : osc.o (.bss.oscHfGlobals.4)
                  20008c9c    00000004     (.common:Dashboard_SemaphoreHandle)
                  20008ca0    00000004     (.common:Init_SemaphoreHandle)
                  20008ca4    00000004     (.common:PowerCC26XX_swiKey)
                  20008ca8    00000004     (.common:PowerCC26XX_taskKey)
                  20008cac    00000004     (.common:dashboardTaskHandle)
                  20008cb0    00000004     (.common:initTaskHandle)
                  20008cb4    00000004     (.common:sniffingTaskHandle)
                  20008cb8    00000004     (.common:spi)
                  20008cbc    00000004     (.common:ti_sysbios_family_arm_cc26xx_TimestampProvider_Module_state)
                  20008cc0    00000004     (.common:ti_sysbios_knl_Task_defaultStackHeap)
                  20008cc4    00000002     (.common:_counter)
                  20008cc6    00000002     (.common:ethernetServer)

.stack     0    20011a00    00000600     UNINITIALIZED
                  20011a00    00000004     sysbios.a : boot_cortex_m.obj (.stack)
                  20011a04    000005fc     --HOLE--

.priheap   0    20001a50    00004000     UNINITIALIZED
                  20001a50    00004000     --HOLE--

.log_data 
*          0    90000000    00000000     COPY SECTION

.resetVecs 
*          0    00000000    0000003c     
                  00000000    0000003c     ti_sysbios_config.o (.resetVecs)

.vecs      0    20000000    000000d8     NOLOAD SECTION
                  20000000    000000d8     ti_sysbios_config.o (.vecs)

.text      0    00000040    0000f0c8     
                  00000040    000005f0     ti_sysbios_config.o (.text.ti_sysbios_runtime_System_doPrint)
                  00000630    000005ea     driverlib.lib : osc.o (.text.findHposcCoefficients)
                  00000c1a    00000002     ti_sysbios_config.o (.text.BIOS_nullFunc)
                  00000c1c    00000498     rf_multiMode_cc26x2.a : RFCC26X2_multiMode.c.cc26x2.ticlang.o (.text.RF_fsmActiveState)
                  000010b4    00000372     Dhcp.o (.text.DHCP_parseDHCPResponse)
                  00001426    00000002     ti_drivers_config.o (.text.Board_initHook)
                  00001428    000002de     log.o (.text.Log_print)
                  00001706    00000002     drivers_cc26x2.a : I2C.c.obj (.text.I2C_init)
                  00001708    000002c8                      : SPICC26X2DMA.c.obj (.text.SPICC26X2DMA_transfer)
                  000019d0    0000029c     rf_multiMode_cc26x2.a : RFCC26X2_multiMode.c.cc26x2.ticlang.o (.text.RF_open)
                  00001c6c    00000268     libc.a : _printfi.c.obj (.text:__TI_printfi_minimal)
                  00001ed4    0000025c     Dhcp.o (.text.DHCP_send_DHCP_MESSAGE)
                  00002130    0000023a     Dhcp.o (.text.DHCP_request_DHCP_lease)
                  0000236a    00000006     drivers_cc26x2.a : I2CCC26XX.c.obj (.text.I2CSupport_powerRelConstraint)
                  00002370    00000200     ti_sysbios_config.o (.text.ti_sysbios_runtime_System_printfExtend)
                  00002570    000001fa     ti_sysbios_config.o (.text.ti_sysbios_family_arm_m3_Hwi_excFillContext)
                  0000276a    00000002     rf_multiMode_cc26x2.a : rfc.c.cc26x2.ticlang.o (.text.NOROM_RFCCpePatchReset)
                  0000276c    000001dc                           : RFCC26X2_multiMode.c.cc26x2.ticlang.o (.text.RF_dispatchNextCmd)
                  00002948    000001b6     libclang_rt.builtins.a : adddf3.S.obj (.text)
                  00002afe    000001ae     drivers_cc26x2.a : SPICC26X2DMA.c.obj (.text.SPICC26X2DMA_hwiFxn)
                  00002cac    000001aa     ti_sysbios_config.o (.text.ti_sysbios_knl_TaskSupport_buildTaskStack)
                  00002e56    000001a4     init_task.o (.text.Init_Main)
                  00002ffa    000001a0     dashboard_task.o (.text.UpdateDashboardInfo)
                  0000319a    0000019a     ssd1306.o (.text.SSD1306_DrawLine)
                  00003334    00000198     ti_sysbios_config.o (.text.ti_sysbios_family_arm_cc26xx_Timer_construct)
                  000034cc    00000194     drivers_cc26x2.a : PowerCC26X2_calibrateRCOSC.c.obj (.text.PowerCC26X2_auxISR)
                  00003660    0000018e     ti_sysbios_config.o (.text.ti_sysbios_knl_Task_Instance_init)
                  000037ee    00000002     rf_multiMode_cc26x2.a : RFCC26X2_multiMode.c.cc26x2.ticlang.o (.text.RF_defaultCallback)
                  000037f0    00000188     drivers_cc26x2.a : SPICC26X2DMA.c.obj (.text.SPICC26X2DMA_open)
                  00003978    00000160                      : SPICC26X2DMA.c.obj (.text.configNextTransfer)
                  00003ad8    00000158                      : PowerCC26X2.c.obj (.text.Power_sleep)
                  00003c30    00000148     rf_multiMode_cc26x2.a : RFCC26X2_multiMode.c.cc26x2.ticlang.o (.text.RF_radioOpDoneCb)
                  00003d78    0000013e     ti_sysbios_config.o (.text.PowerCC26XX_standbyPolicy)
                  00003eb6    0000013e     ti_sysbios_config.o (.text.ti_sysbios_heaps_HeapMem_allocUnprotected)
                  00003ff4    0000013c     drivers_cc26x2.a : I2CCC26XX.c.obj (.text.I2C_open)
                  00004130    0000013c     ti_sysbios_config.o (.text.ti_sysbios_knl_Clock_workFuncDynamic)
                  0000426c    00000136     IPAddress.o (.text.IPAddress_toString)
                  000043a2    00000002     libclang_rt.builtins.a : aeabi_div0.c.obj (.text.__aeabi_ldiv0)
                  000043a4    00000136                            : divdf3.S.obj (.text)
                  000044da    00000002     libc.a : _lock.c.obj (.text._nop)
                  000044dc    00000134     driverlib.lib : osc.o (.text.findHposcPc)
                  00004610    00000130     Dhcp.o (.text.DHCP_checkLease)
                  00004740    0000012c     rf_multiMode_cc26x2.a : RFCC26X2_multiMode.c.cc26x2.ticlang.o (.text.RF_close)
                  0000486c    0000012c                           : RFCC26X2_multiMode.c.cc26x2.ticlang.o (.text.RF_fsmSetupState)
                  00004998    00000126     drivers_cc26x2.a : I2C.c.obj (.text.I2C_transferTimeout)
                  00004abe    00000002                      : PowerCC26X2.c.obj (.text.emptyClockFunc)
                  00004ac0    00000124     rf_multiMode_cc26x2.a : RFCC26X2_multiMode.c.cc26x2.ticlang.o (.text.RF_abortCmd)
                  00004be4    00000122     drivers_cc26x2.a : SPICC26X2DMA.c.obj (.text.SPICC26X2DMA_transferCancel)
                  00004d06    00000002     ti_sysbios_config.o (.text.ti_sysbios_family_arm_cc26xx_Timer_startup)
                  00004d08    00000120     dashboard_task.o (.text.SetStatusProperty)
                  00004e28    0000011c     sysbios.a : Hwi_asm_gnu.obj (.text.ti_sysbios_family_arm_m3_Hwi_dispatch)
                  00004f44    00000118     drivers_cc26x2.a : PowerCC26X2.c.obj (.text.Power_init)
                  0000505c    00000118     rf_multiMode_cc26x2.a : RFCC26X2_multiMode.c.cc26x2.ticlang.o (.text.RF_decodeOverridePointers)
                  00005174    0000010e     ti_sysbios_config.o (.text.ti_sysbios_knl_Semaphore_pend)
                  00005282    0000010c     dashboard_task.o (.text.Dashboard_Main)
                  0000538e    00000002     ti_sysbios_config.o (.text.ti_sysbios_knl_TaskSupport_init)
                  00005390    0000010c     drivers_cc26x2.a : PowerCC26X2_calibrateRCOSC.c.obj (.text.PowerCC26X2_calibrate)
                  0000549c    0000010a     ssd1306.o (.text.SSD1306_DrawChar)
                  000055a6    0000010a     ti_sysbios_config.o (.text.ti_sysbios_knl_Task_Instance_finalize)
                  000056b0    00000108     rf_multiMode_cc26x2.a : RFCC26X2_multiMode.c.cc26x2.ticlang.o (.text.RF_fsmPowerUpState)
                  000057b8    00000104     drivers_cc26x2.a : GPIOCC26X2.c.obj (.text.GPIO_init)
                  000058bc    000000fe     ti_sysbios_config.o (.text.ti_sysbios_family_arm_m3_Hwi_Instance_init)
                  000059ba    00000002     --HOLE-- [fill = 0]
                  000059bc    000000fc     rf_multiMode_cc26x2.a : RFCC26X2_multiMode.c.cc26x2.ticlang.o (.text.RF_hwiCpe0Active)
                  00005ab8    000000fc     libclang_rt.builtins.a : muldf3.S.obj (.text)
                  00005bb4    000000f4     driverlib.lib : sys_ctrl.o (.text.NOROM_SysCtrlStandby)
                  00005ca8    000000f4     sniffing_task.o (.text.Sniffing_Main)
                  00005d9c    000000f4     dashboard_task.o (.text.StrTok)
                  00005e90    000000f2     radio_queue.o (.text.RadioQueue_create)
                  00005f82    000000ee     ti_sysbios_config.o (.text.ti_sysbios_knl_Clock_startI)
                  00006070    000000e8     drivers_cc26x2.a : I2CCC26XX.c.obj (.text.I2CCC26XX_hwiFxn)
                  00006158    000000e8     socket.o (.text.send)
                  00006240    000000e4     driverlib.lib : setup.o (.text.NOROM_SetupTrimDevice)
                  00006324    000000e4     ti_sysbios_config.o (.text.ti_sysbios_family_arm_m3_Hwi_initNVIC)
                  00006408    000000da     ti_sysbios_config.o (.text.ti_sysbios_heaps_HeapMem_freeUnprotected)
                  000064e2    00000002     --HOLE-- [fill = 0]
                  000064e4    000000d8     drivers_cc26x2.a : SPICC26X2DMA.c.obj (.text.SPICC26X2DMA_control)
                  000065bc    000000d0                      : PowerCC26X2.c.obj (.text.configureXOSCHF)
                  0000668c    000000cc     rf_multiMode_cc26x2.a : RFCC26X2_multiMode.c.cc26x2.ticlang.o (.text.RF_postCmd)
                  00006758    000000ca                           : RFCC26X2_multiMode.c.cc26x2.ticlang.o (.text.RF_updatePaConfiguration)
                  00006822    000000c8     IPAddress.o (.text.IPAddress_fromString)
                  000068ea    000000c4     driverlib.lib : setup.o (.text.TrimAfterColdResetWakeupFromShutDown)
                  000069ae    000000c0     ti_sysbios_config.o (.text.ti_sysbios_knl_Clock_walkQueueDynamic)
                  00006a6e    000000c0     ti_sysbios_config.o (.text.ti_sysbios_knl_Swi_restoreHwi)
                  00006b2e    000000c0     ti_sysbios_config.o (.text.ti_sysbios_runtime_System_formatNum)
                  00006bee    000000be     gui.o (.text.GUI_Init)
                  00006cac    000000bc     rf_multiMode_cc26x2.a : RFCC26X2_multiMode.c.cc26x2.ticlang.o (.text.RF_swiHw)
                  00006d68    000000bc     ti_sysbios_config.o (.text.ti_sysbios_knl_Task_postInit)
                  00006e24    000000b8     ti_sysbios_config.o (.text.ti_sysbios_knl_Swi_Instance_init)
                  00006edc    000000b6     driverlib.lib : osc.o (.text.NOROM_OSC_HPOSCInitializeFrequencyOffsetParameters)
                  00006f92    000000b6     radio_api.o (.text.Radio_initRXCmd)
                  00007048    000000b4     driverlib.lib : osc.o (.text.NOROM_OSCHF_AttemptToSwitchToXosc)
                  000070fc    000000b4     drivers_cc26x2.a : PowerCC26X2.c.obj (.text.Power_releaseDependency)
                  000071b0    000000b4     socket.o (.text.socket)
                  00007264    000000b2     html.o (.text.Html_CopyHtmlToMtuBuffer)
                  00007316    000000b0     dashboard_task.o (.text.HandleRestApi)
                  000073c6    00000002     --HOLE-- [fill = 0]
                  000073c8    000000b0     drivers_cc26x2.a : PowerCC26X2.c.obj (.text.Power_setDependency)
                  00007478    000000b0     libclang_rt.builtins.a : udivmoddi4.S.obj (.text)
                  00007528    000000ac     rf_multiMode_cc26x2.a : RFCC26X2_multiMode.c.cc26x2.ticlang.o (.text.RF_pendCmd)
                  000075d4    000000a8     drivers_cc26x2.a : TemperatureCC26X2.c.obj (.text.temperatureHwiFxn)
                  0000767c    000000a6     socket.o (.text.recv)
                  00007722    00000002     --HOLE-- [fill = 0]
                  00007724    000000a4     rf_multiMode_cc26x2.a : RFCC26X2_multiMode.c.cc26x2.ticlang.o (.text.RF_initRadioSetup)
                  000077c8    000000a2     ti_sysbios_config.o (.text.ti_sysbios_knl_TaskSupport_start)
                  0000786a    000000a0     drivers_cc26x2.a : I2CCC26XX.c.obj (.text.I2CCC26XX_swiFxn)
                  0000790a    00000002     --HOLE-- [fill = 0]
                  0000790c    000000a0     rf_multiMode_cc26x2.a : RFCC26X2_multiMode.c.cc26x2.ticlang.o (.text.RF_calculateDispatchTime)
                  000079ac    0000009c     EthernetUdp.o (.text.EthernetUDP_begin)
                  00007a48    0000009a     Ethernet.o (.text.Ethernet_begin_mac)
                  00007ae2    0000009a     ssd1306.o (.text.SSD1306_Init)
                  00007b7c    0000009a     ti_sysbios_config.o (.text.ti_sysbios_knl_Task_schedule)
                  00007c16    00000098     rf_multiMode_cc26x2.a : RFCC26X2_multiMode.c.cc26x2.ticlang.o (.text.RF_defaultSubmitPolicy)
                  00007cae    00000098     ti_sysbios_config.o (.text.ti_sysbios_hal_Seconds_getTime)
                  00007d46    00000096     rf_multiMode_cc26x2.a : RFCC26X2_multiMode.c.cc26x2.ticlang.o (.text.RF_verifyGap)
                  00007ddc    00000094     Ethernet.o (.text.Ethernet_maintain)
                  00007e70    00000094     rf_multiMode_cc26x2.a : RFCC26X2_multiMode.c.cc26x2.ticlang.o (.text.RF_hposcRfCompensateFxn)
                  00007f04    00000094                           : RFCC26X2_multiMode.c.cc26x2.ticlang.o (.text.RF_ratRestartChannels)
                  00007f98    00000094     ti_sysbios_config.o (.text.ti_sysbios_heaps_HeapMem_Instance_init)
                  0000802c    00000090     ti_sysbios_config.o (.text.ti_sysbios_knl_Task_sleep)
                  000080bc    0000008e     ssd1306.o (.text.SSD1306_DrawPixel)
                  0000814a    0000008e     ti_sysbios_config.o (.text.ti_sysbios_family_arm_m3_Hwi_excHandlerMin)
                  000081d8    0000008e     ti_sysbios_config.o (.text.ti_sysbios_knl_Swi_runLoop)
                  00008266    00000002     --HOLE-- [fill = 0]
                  00008268    0000008c     drivers_cc26x2.a : GPIOCC26XX.c.obj (.text.GPIO_setConfig)
                  000082f4    0000008c     ti_sysbios_config.o (.text.ti_sysbios_family_arm_m3_Hwi_construct2)
                  00008380    0000008a     EthernetClient.o (.text.EthernetClient_stop)
                  0000840a    0000008a     EthernetServer.o (.text.EthernetServer_accept)
                  00008494    0000008a     EthernetServer.o (.text.EthernetServer_available)
                  0000851e    0000008a     ti_sysbios_config.o (.text.ti_sysbios_knl_Semaphore_post)
                  000085a8    00000088     rf_multiMode_cc26x2.a : RFCC26X2_multiMode.c.cc26x2.ticlang.o (.text.RF_cmdDispatchTime)
                  00008630    00000088                           : RFCC26X2_multiMode.c.cc26x2.ticlang.o (.text.RF_discardPendCmd)
                  000086b8    00000088     ti_sysbios_config.o (.text.ti_sysbios_family_arm_m3_Hwi_postInit)
                  00008740    00000086     sniffing_task.o (.text.HandleIncomingRfPacket)
                  000087c6    00000086     ti_sysbios_config.o (.text.ti_sysbios_runtime_Memory_alloc)
                  0000884c    00000084     EthernetUdp.o (.text.EthernetUDP_parsePacket)
                  000088d0    00000082     EthernetClient.o (.text.EthernetClient_connected)
                  00008952    00000082     ti_sysbios_config.o (.text.ti_sysbios_family_arm_m3_Hwi_getStackInfo)
                  000089d4    00000080     driverlib.lib : sys_ctrl.o (.text.NOROM_SysCtrlSetRechargeBeforePowerDown)
                  00008a54    0000007e     ti_drivers_config.o (.text.Board_sendExtFlashByte)
                  00008ad2    0000007e     driverlib.lib : chipinfo.o (.text.NOROM_ChipInfo_GetChipType)
                  00008b50    0000007e     ssd1306.o (.text.SSD1306_UpdatePosition)
                  00008bce    0000007c     ti_sysbios_config.o (.text.SwiP_construct)
                  00008c4a    0000007c     ti_sysbios_config.o (.text.ti_sysbios_family_arm_cc26xx_Timer_periodicStub)
                  00008cc6    0000007c     ti_sysbios_config.o (.text.ti_sysbios_knl_Swi_schedule)
                  00008d42    0000007a     ti_sysbios_config.o (.text.ti_sysbios_family_arm_m3_Hwi_dispatchC)
                  00008dbc    0000007a     ti_sysbios_config.o (.text.ti_sysbios_knl_Idle_init)
                  00008e36    00000078     driverlib.lib : osc.o (.text.NOROM_OSCHF_SwitchToRcOscTurnOffXosc)
                  00008eae    00000078                   : osc.o (.text.NOROM_OSC_CapArrayAdjustWorkaround_Boot)
                  00008f26    00000002     --HOLE-- [fill = 0]
                  00008f28    00000078     rf_multiMode_cc26x2.a : RFCC26X2_multiMode.c.cc26x2.ticlang.o (.text.RF_ratFreeChannel)
                  00008fa0    00000078     drivers_cc26x2.a : SPICC26X2DMA.c.obj (.text.SPICC26X2DMA_close)
                  00009018    00000078     ti_sysbios_config.o (.text.ti_sysbios_family_arm_m3_Hwi_disableInterrupt)
                  00009090    00000078     ti_sysbios_config.o (.text.ti_sysbios_knl_Swi_run)
                  00009108    00000078     ti_sysbios_config.o (.text.ti_sysbios_knl_Task_blockI)
                  00009180    00000078     ti_sysbios_config.o (.text.ti_sysbios_knl_Task_startup)
                  000091f8    00000076     gui.o (.text.GUI_ChangeProto)
                  0000926e    00000002     --HOLE-- [fill = 0]
                  00009270    00000074     drivers_cc26x2.a : PowerCC26X2_calibrateRCOSC_helpers.c.obj (.text.PowerCC26X2_updateSubSecInc)
                  000092e4    00000074     rf_multiMode_cc26x2.a : RFCC26X2_multiMode.c.cc26x2.ticlang.o (.text.RF_hwiHw)
                  00009358    00000074     drivers_cc26x2.a : TemperatureCC26X2.c.obj (.text.Temperature_init)
                  000093cc    00000074     ti_sysbios_config.o (.text.ti_sysbios_heaps_HeapMem_getStats)
                  00009440    00000072     ti_sysbios_config.o (.text.ti_sysbios_family_arm_cc26xx_Timer_setThreshold)
                  000094b2    00000070     EthernetServer.o (.text.EthernetServer_begin)
                  00009522    00000006     drivers_cc26x2.a : I2CCC26XX.c.obj (.text.I2CSupport_powerSetConstraint)
                  00009528    00000070     ArduinoCompatibility.o (.text.millis)
                  00009598    00000070     ti_sysbios_config.o (.text.ti_sysbios_family_arm_m3_Hwi_enableInterrupt)
                  00009608    0000006e     ti_sysbios_config.o (.text.BIOS_init)
                  00009676    0000006e     ti_drivers_config.o (.text.Board_shutDownExtFlash)
                  000096e4    0000006e     libclang_rt.builtins.a : comparedf2.c.obj (.text.__gedf2)
                  00009752    00000002     --HOLE-- [fill = 0]
                  00009754    0000006e                            : comparedf2.c.obj (.text.__ledf2)
                  000097c2    0000006e     init_task.o (.text.byte2hex)
                  00009830    0000006e     ti_sysbios_config.o (.text.ti_sysbios_knl_Clock_init)
                  0000989e    0000006c     Dhcp.o (.text.DHCP_printByte)
                  0000990a    0000006c     EthernetUdp.o (.text.EthernetUDP_read_buf)
                  00009976    00000002     --HOLE-- [fill = 0]
                  00009978    0000006c     rf_multiMode_cc26x2.a : RFCC26X2_multiMode.c.cc26x2.ticlang.o (.text.RF_issueRadioFreeCb)
                  000099e4    0000006c     w5500.o (.text.W5500_read_buf)
                  00009a50    0000006a     html.o (.text.Html_strcpy)
                  00009aba    0000006a     drivers_cc26x2.a : I2CCC26XX.c.obj (.text.I2CSupport_primeTransfer)
                  00009b24    0000006a     radio_queue.o (.text.RadioQueue_takePacket)
                  00009b8e    0000006a     w5500.o (.text.W5500_write_buf)
                  00009bf8    0000006a     main.o (.text.main)
                  00009c62    0000006a     libc.a : copy_decompress_lzss.c.obj (.text:decompress:lzss)
                  00009ccc    00000068     rf_multiMode_cc26x2.a : RFCC26X2_multiMode.c.cc26x2.ticlang.o (.text.RF_detachOverrides)
                  00009d34    00000068     w5500.o (.text.W5500_send_data_processing_offset)
                  00009d9c    00000066     EthernetClient.o (.text.EthernetClient_readBytesUntil)
                  00009e02    00000066     radio_api.o (.text.Radio_stopRX)
                  00009e68    00000066     ti_sysbios_config.o (.text.ti_sysbios_family_arm_cc26xx_Timer_start)
                  00009ece    00000066     ti_sysbios_config.o (.text.ti_sysbios_family_arm_m3_Hwi_Instance_finalize)
                  00009f34    00000064     drivers_cc26x2.a : PowerCC26X2_calibrateRCOSC.c.obj (.text.PowerCC26X2_initiateCalibration)
                  00009f98    00000064     rf_multiMode_cc26x2.a : RFCC26X2_multiMode.c.cc26x2.ticlang.o (.text.RF_attachOverrides)
                  00009ffc    00000064                           : RFCC26X2_multiMode.c.cc26x2.ticlang.o (.text.RF_dispatchNextEvent)
                  0000a060    00000064                           : RFCC26X2_multiMode.c.cc26x2.ticlang.o (.text.RF_hwiCpe0PowerFsm)
                  0000a0c4    00000064     SPIfg.o (.text.SPI_transf)
                  0000a128    00000064     ssd1306.o (.text.SSD1306_DrawString)
                  0000a18c    00000064     drivers_cc26x2.a : UDMACC26XX.c.obj (.text.UDMACC26XX_open)
                  0000a1f0    00000064                      : PowerCC26X2.c.obj (.text.oscillatorISR)
                  0000a254    00000062     rf_multiMode_cc26x2.a : RFCC26X2_multiMode.c.cc26x2.ticlang.o (.text.RF_syncCb)
                  0000a2b6    00000062     socket.o (.text.bufferData)
                  0000a318    00000062     libclang_rt.builtins.a : aeabi_dcmp.S.obj (.text)
                  0000a37a    00000060     Dhcp.o (.text.DHCP_beginWithDHCP)
                  0000a3da    00000060     drivers_cc26x2.a : SPICC26X2DMA.c.obj (.text.csnCallback)
                  0000a43a    00000060     ti_sysbios_config.o (.text.ti_sysbios_knl_ClockSupport_init)
                  0000a49a    00000002     --HOLE-- [fill = 0]
                  0000a49c    0000005e     rf_multiMode_cc26x2.a : rfc.c.cc26x2.ticlang.o (.text.NOROM_RFCAnaDivTxOverride)
                  0000a4fa    0000005e     socket.o (.text.startUDP)
                  0000a558    0000005e     ti_sysbios_config.o (.text.ti_sysbios_knl_Swi_post)
                  0000a5b6    0000005e     ti_sysbios_config.o (.text.ti_sysbios_runtime_Error_raiseX)
                  0000a614    0000005c     ti_sysbios_config.o (.text.ClockP_construct)
                  0000a670    0000005c     radio_api.o (.text.Radio_beginRX)
                  0000a6cc    0000005c     libclang_rt.builtins.a : divmoddi4.c.obj (.text.__divmoddi4)
                  0000a728    0000005c     ti_sysbios_config.o (.text.ti_sysbios_heaps_HeapMem_alloc)
                  0000a784    0000005c     ti_sysbios_config.o (.text.ti_sysbios_knl_Task_init)
                  0000a7e0    0000005a     init_task.o (.text.mac2string)
                  0000a83a    00000058     ti_sysbios_config.o (.text.AONRTCEventClear)
                  0000a892    00000058     ti_sysbios_config.o (.text.HwiP_construct)
                  0000a8ea    00000002     --HOLE-- [fill = 0]
                  0000a8ec    00000058     rf_multiMode_cc26x2.a : RFCC26X2_multiMode.c.cc26x2.ticlang.o (.text.RF_applyRfCorePatch)
                  0000a944    00000058     radio_queue.o (.text.RadioQueue_reset)
                  0000a99c    00000058     radio_api.o (.text.Radio_setFrequencySynthesizer)
                  0000a9f4    00000058     w5500.o (.text.W5500_recv_data_processing)
                  0000aa4c    00000058     ti_sysbios_config.o (.text.ti_sysbios_family_arm_m3_Hwi_construct)
                  0000aaa4    00000058     sysbios.a : Hwi_asm_switch_gnu.obj (.text.ti_sysbios_family_arm_m3_Hwi_initStacks)
                  0000aafc    00000058     ti_sysbios_config.o (.text.ti_sysbios_heaps_HeapMem_construct)
                  0000ab54    00000058     ti_sysbios_config.o (.text.ti_sysbios_knl_Swi_init)
                  0000abac    00000058     ti_sysbios_config.o (.text.ti_sysbios_knl_Task_yield)
                  0000ac04    00000056     ti_sysbios_config.o (.text.AONRTCCompareValueSet)
                  0000ac5a    00000056     gui.o (.text.GUI_ChangeRx)
                  0000acb0    00000056     SPIfg.o (.text.SPI_begin)
                  0000ad06    00000056     ti_sysbios_config.o (.text.getTime)
                  0000ad5c    00000056     ti_sysbios_config.o (.text.ti_sysbios_family_arm_cc26xx_Timer_getCurrentTick)
                  0000adb2    00000056     ti_sysbios_config.o (.text.ti_sysbios_knl_Clock_Instance_init)
                  0000ae08    00000056     ti_sysbios_config.o (.text.ti_sysbios_runtime_SystemSupport_flush)
                  0000ae5e    00000056     ti_sysbios_config.o (.text.ti_sysbios_runtime_System_atexit)
                  0000aeb4    00000056     ti_sysbios_config.o (.text.ti_sysbios_runtime_System_putchar)
                  0000af0a    00000054     ti_sysbios_config.o (.text.AONRTCChannelEnable)
                  0000af5e    00000054     ti_sysbios_config.o (.text.BIOS_startFunc)
                  0000afb2    00000054     Ethernet.o (.text.Ethernet_ClearConnectInterruptForAllSockets)
                  0000b006    00000002     --HOLE-- [fill = 0]
                  0000b008    00000054     libsysbm.a : hostwrite.c.obj (.text.HOSTwrite)
                  0000b05c    00000054     drivers_cc26x2.a : I2CCC26XX.c.obj (.text.I2CCC26XX_initHw)
                  0000b0b0    00000054     rf_multiMode_cc26x2.a : RFCC26X2_multiMode.c.cc26x2.ticlang.o (.text.RF_fsmXOSCState)
                  0000b104    00000054                           : RFCC26X2_multiMode.c.cc26x2.ticlang.o (.text.RF_getCurrentTime)
                  0000b158    00000052     driverlib.lib : chipinfo.o (.text.NOROM_ChipInfo_GetHwRevision)
                  0000b1aa    00000052     ti_sysbios_config.o (.text.usleep)
                  0000b1fc    00000050     rf_multiMode_cc26x2.a : RFCC26X2_multiMode.c.cc26x2.ticlang.o (.text.RF_enableHPOSCTemperatureCompensation)
                  0000b24c    00000050                           : RFCC26X2_multiMode.c.cc26x2.ticlang.o (.text.RF_wakeupNotification)
                  0000b29c    00000050     ti_sysbios_config.o (.text.ti_sysbios_family_arm_cc26xx_Timer_setNextTick)
                  0000b2ec    0000004e     w5500.o (.text.W5500_getRXReceivedSize)
                  0000b33a    0000004e     w5500.o (.text.W5500_getTXFreeSize)
                  0000b388    0000004e     ti_sysbios_config.o (.text.ti_sysbios_knl_Swi_restore)
                  0000b3d6    0000004c     driverlib.lib : osc.o (.text.NOROM_OSC_HPOSCRelativeFrequencyOffsetGet)
                  0000b422    00000002     --HOLE-- [fill = 0]
                  0000b424    0000004c     rf_multiMode_cc26x2.a : rf_patch_cpe_bt5.c.cc26x2.ticlang.o (.text.configureBt5Patch)
                  0000b470    0000004c     drivers_cc26x2.a : SPICC26X2DMA.c.obj (.text.initHw)
                  0000b4bc    0000004c     SPIfg.o (.text.initSS)
                  0000b508    0000004c     drivers_cc26x2.a : PowerCC26X2.c.obj (.text.switchXOSCHF)
                  0000b554    0000004c     ti_sysbios_config.o (.text.ti_sysbios_knl_Clock_getTimeout)
                  0000b5a0    0000004c     ti_sysbios_config.o (.text.ti_sysbios_knl_Task_create)
                  0000b5ec    0000004c     ti_sysbios_config.o (.text.ti_sysbios_runtime_SystemSupport_putch)
                  0000b638    0000004c     ti_sysbios_config.o (.text.ti_sysbios_runtime_System_processAtExit)
                  0000b684    0000004a     ti_sysbios_config.o (.text.ti_sysbios_knl_Task_construct)
                  0000b6ce    0000004a     ti_sysbios_config.o (.text.ti_sysbios_runtime_Error_print)
                  0000b718    00000048     EthernetClient.o (.text.EthernetClient_timedRead)
                  0000b760    00000048     Ethernet.o (.text.Ethernet_SetConnectInterruptForAllSockets)
                  0000b7a8    00000048     html.o (.text.Html_SetKeyValueInBuffer)
                  0000b7f0    00000048     driverlib.lib : aux_sysif.o (.text.NOROM_AUXSYSIFOpModeChange)
                  0000b838    00000048     rf_multiMode_cc26x2.a : rfc.c.cc26x2.ticlang.o (.text.NOROM_RFCSynthPowerDown)
                  0000b880    00000048     drivers_cc26x2.a : PowerCC26X2.c.obj (.text.PowerCC26XX_switchXOSC_HF)
                  0000b8c8    00000048     radio_api.o (.text.Radio_GetCurrentProtocol)
                  0000b910    00000048     ssd1306.o (.text.SSD1306_SendCommand)
                  0000b958    00000048     drivers_cc26x2.a : TemperatureCC26X2.c.obj (.text.Temperature_registerNotifyRange)
                  0000b9a0    00000048     w5500.o (.text.W5500_init)
                  0000b9e8    00000048     rf_multiMode_cc26x2.a : rf_patch_cpe_ieee_802_15_4.c.cc26x2.ticlang.o (.text.rf_patch_cpe_ieee_802_15_4)
                  0000ba30    00000048     ti_sysbios_config.o (.text.ti_sysbios_family_arm_m3_Hwi_init)
                  0000ba78    00000048     libclang_rt.builtins.a : fixdfsi.S.obj (.text)
                  0000bac0    00000046     ti_sysbios_config.o (.text.ti_sysbios_knl_Semaphore_Instance_init)
                  0000bb06    00000046     ti_sysbios_config.o (.text.ti_sysbios_knl_Swi_construct)
                  0000bb4c    00000046     ti_sysbios_config.o (.text.ti_sysbios_knl_Task_processVitalTaskFlag)
                  0000bb92    00000046     ti_sysbios_config.o (.text.ti_sysbios_knl_Task_unblockI)
                  0000bbd8    00000046     ti_sysbios_config.o (.text.ti_sysbios_runtime_SysMin_output)
                  0000bc1e    00000044     ti_sysbios_config.o (.text.BIOS_rtsLock)
                  0000bc62    00000002     --HOLE-- [fill = 0]
                  0000bc64    00000044     drivers_cc26x2.a : GPIOCC26X2.c.obj (.text.GPIO_hwiIntFxn)
                  0000bca8    00000044     gui.o (.text.GUI_ChangeDeviceIp)
                  0000bcec    00000044     gui.o (.text.GUI_ChangeTargetIp)
                  0000bd30    00000044     driverlib.lib : prcm.o (.text.NOROM_PRCMPowerDomainsAllOff)
                  0000bd74    00000044                   : prcm.o (.text.NOROM_PRCMPowerDomainsAllOn)
                  0000bdb8    00000044     rf_multiMode_cc26x2.a : RFCC26X2_multiMode.c.cc26x2.ticlang.o (.text.RF_cmdGet)
                  0000bdfc    00000044                           : RFCC26X2_multiMode.c.cc26x2.ticlang.o (.text.RF_updatePowerupDuration)
                  0000be40    00000044     drivers_cc26x2.a : SPI.c.obj (.text.SPI_init)
                  0000be84    00000044     ti_sysbios_config.o (.text._pthread_cleanupFxn)
                  0000bec8    00000044     drivers_cc26x2.a : TemperatureCC26X2.c.obj (.text.degreesToCode)
                  0000bf0c    00000044                      : TemperatureCC26X2.c.obj (.text.setNextThresholds)
                  0000bf50    00000044     ti_sysbios_config.o (.text.ti_sysbios_knl_Task_restore)
                  0000bf94    00000044     libclang_rt.builtins.a : fixunsdfsi.S.obj (.text)
                  0000bfd8    00000044     restart.o (.text)
                  0000c01c    00000042     EthernetClient.o (.text.EthernetClient_write)
                  0000c05e    00000042     EthernetUdp.o (.text.EthernetUDP_read)
                  0000c0a0    00000042     ssd1306.o (.text.SSD1306_UpdateScreen)
                  0000c0e2    00000042     stv.o (.text.STV_WriteStringAtAddress)
                  0000c124    00000040     Ethernet.o (.text.Ethernet_begin_mac_ip_dns_gateway_subnet)
                  0000c164    00000040     main.o (.text.Main_CreateDashboardTask)
                  0000c1a4    00000040     main.o (.text.Main_CreateInitTask)
                  0000c1e4    00000040     main.o (.text.Main_CreateSniffingTask)
                  0000c224    00000040     drivers_cc26x2.a : PowerCC26X2_calibrateRCOSC.c.obj (.text.PowerCC26X2_RCOSC_clockFunc)
                  0000c264    00000040                      : PowerCC26X2_calibrateRCOSC_helpers.c.obj (.text.PowerCC26X2_setAclkRefSrc)
                  0000c2a4    00000040     rf_multiMode_cc26x2.a : RFCC26X2_multiMode.c.cc26x2.ticlang.o (.text.RF_updateHpOscOverride)
                  0000c2e4    00000040     drivers_cc26x2.a : SPI.c.obj (.text.SPI_open)
                  0000c324    00000040     ti_sysbios_config.o (.text.ti_sysbios_gates_GateMutex_enter)
                  0000c364    00000040     ti_sysbios_config.o (.text.ti_sysbios_knl_Semaphore_pendTimeout)
                  0000c3a4    00000040     ti_sysbios_config.o (.text.ti_sysbios_knl_Task_exit)
                  0000c3e4    0000003e     dashboard_task.o (.text.SendHtmlToClient)
                  0000c422    0000003e     w5500.o (.text.W5500_read)
                  0000c460    0000003e     w5500.o (.text.W5500_write)
                  0000c49e    0000003e     ti_sysbios_config.o (.text.ti_sysbios_knl_Clock_getTicksUntilInterrupt)
                  0000c4dc    0000003c     ti_sysbios_config.o (.text.BIOS_atExitFunc)
                  0000c518    0000003c     drivers_cc26x2.a : GPIO.c.obj (.text.GPIO_resetConfig)
                  0000c554    0000003c     driverlib.lib : sys_ctrl.o (.text.NOROM_SysCtrlIdle)
                  0000c590    0000003c     drivers_cc26x2.a : PowerCC26X2_calibrateRCOSC_helpers.c.obj (.text.PowerCC26X2_setTdcClkSrc24M)
                  0000c5cc    0000003c     radio_api.o (.text.Radio_openRadioCore)
                  0000c608    0000003c     radio_api.o (.text.getFSCmdByProto)
                  0000c644    0000003c     radio_api.o (.text.getRFModeByProto)
                  0000c680    0000003c     radio_api.o (.text.getRSCmdByProto)
                  0000c6bc    0000003c     radio_api.o (.text.getRXCmdByProto)
                  0000c6f8    0000003c     ti_sysbios_config.o (.text.ti_sysbios_family_arm_m3_Hwi_setPriority)
                  0000c734    0000003c     ti_sysbios_config.o (.text.ti_sysbios_knl_Task_restoreHwi)
                  0000c770    0000003c     drivers_cc26x2.a : TemperatureCC26X2.c.obj (.text.updateThresholds)
                  0000c7ac    0000003c     Printfg.o (.text.write_string)
                  0000c7e8    0000003a     stv.o (.text.STV_CopyStvFromFlashIfNotYet)
                  0000c822    0000003a     ssd1306.o (.text.sendData)
                  0000c85c    0000003a     ti_sysbios_config.o (.text.ti_sysbios_family_arm_m3_Hwi_clearInterrupt)
                  0000c896    00000038     ti_drivers_config.o (.text.Board_wakeUpExtFlash)
                  0000c8ce    00000038     EthernetUdp.o (.text.EthernetUDP_stop)
                  0000c906    00000002     --HOLE-- [fill = 0]
                  0000c908    00000038     drivers_cc26x2.a : PowerCC26X2_helpers.c.obj (.text.PowerCC26X2_oscDisableQualifiers)
                  0000c940    00000038                      : UDMACC26XX.c.obj (.text.UDMACC26XX_close)
                  0000c978    00000038     w5500.o (.text.W5500_readSnRX_RD)
                  0000c9b0    00000038     w5500.o (.text.W5500_readSnRX_RSR)
                  0000c9e8    00000038     w5500.o (.text.W5500_readSnTX_FSR)
                  0000ca20    00000038     w5500.o (.text.W5500_readSnTX_WR)
                  0000ca58    00000038     socket.o (.text.listen)
                  0000ca90    00000038     rf_multiMode_cc26x2.a : rf_patch_cpe_bt5.c.cc26x2.ticlang.o (.text.rf_patch_cpe_bt5)
                  0000cac8    00000038     libc.a : sprintf.c.obj (.text.sprintf)
                  0000cb00    00000038     ti_sysbios_config.o (.text.ti_sysbios_runtime_Startup_exec)
                  0000cb38    00000038     libc.a : autoinit.c.obj (.text:__TI_auto_init_nobinit_nopinit)
                  0000cb70    00000038     libclang_rt.builtins.a : extendsfdf2.S.obj (.text)
                  0000cba8    00000036     ti_sysbios_config.o (.text.BIOS_rtsUnlock)
                  0000cbde    00000036     ti_drivers_config.o (.text.Board_init)
                  0000cc14    00000036     ti_sysbios_config.o (.text.SemaphoreP_pend)
                  0000cc4a    00000036     ti_sysbios_config.o (.text.ti_sysbios_knl_Swi_construct2)
                  0000cc80    00000034     html.o (.text.Html_strset)
                  0000ccb4    00000034     drivers_cc26x2.a : PowerCC26X2.c.obj (.text.Power_releaseConstraint)
                  0000cce8    00000034     rf_multiMode_cc26x2.a : RFCC26X2_multiMode.c.cc26x2.ticlang.o (.text.RF_powerConstraintRelease)
                  0000cd1c    00000034                           : RFCC26X2_multiMode.c.cc26x2.ticlang.o (.text.RF_runDirectImmediateCmd)
                  0000cd50    00000034     w5500.o (.text.W5500_read_data)
                  0000cd84    00000034     w5500.o (.text.W5500_writeSn_buf)
                  0000cdb8    00000034     libsysbm.a : trgmsg.c.obj (.text.__TI_writemsg)
                  0000cdec    00000034     ti_sysbios_config.o (.text.ti_sysbios_family_arm_cc26xx_Timer_getMaxTicks)
                  0000ce20    00000034     ti_sysbios_config.o (.text.ti_sysbios_knl_Queue_put)
                  0000ce54    00000034     ti_sysbios_config.o (.text.ti_sysbios_runtime_System_vprintf)
                  0000ce88    00000034     sysbios.a : boot_cortex_m.obj (.text:_c_int00)
                  0000cebc    00000032     EthernetUdp.o (.text.EthernetUDP_write)
                  0000ceee    00000032     ti_sysbios_config.o (.text.ti_sysbios_knl_Semaphore_create)
                  0000cf20    00000030     EthernetClient.o (.text.EthernetClient_read)
                  0000cf50    00000030     drivers_cc26x2.a : GPIOCC26XX.c.obj (.text.GPIO_setInterruptConfig)
                  0000cf80    00000030                      : PowerCC26X2.c.obj (.text.Power_setConstraint)
                  0000cfb0    00000030     rf_multiMode_cc26x2.a : RFCC26X2_multiMode.c.cc26x2.ticlang.o (.text.RF_checkCmdFsError)
                  0000cfe0    00000030     radio_api.o (.text.Radio_HandleQueueOverflow)
                  0000d010    00000030     w5500.o (.text.W5500_writeSn)
                  0000d040    00000030     libsysbm.a : trgmsg.c.obj (.text.__TI_readmsg)
                  0000d070    00000030     radio_queue.o (.text.get16bitValue)
                  0000d0a0    00000030     drivers_cc26x2.a : PowerCC26X2.c.obj (.text.notify)
                  0000d0d0    00000030     ti_sysbios_config.o (.text.ti_sysbios_family_arm_m3_Hwi_plug)
                  0000d100    00000030     ti_sysbios_config.o (.text.ti_sysbios_heaps_HeapMem_free)
                  0000d130    00000030     ti_sysbios_config.o (.text.ti_sysbios_knl_Clock_construct)
                  0000d160    00000030     ti_sysbios_config.o (.text.ti_sysbios_knl_Idle_run)
                  0000d190    0000002e     EthernetClient.o (.text.EthernetClient_status)
                  0000d1be    0000002e     EthernetUdp.o (.text.EthernetUDP_beginPacket_ip)
                  0000d1ec    0000002e     driverlib.lib : chipinfo.o (.text.NOROM_ThisLibraryIsFor_CC13x2_CC26x2_HwRev20AndLater_HaltIfViolated)
                  0000d21a    0000002e     rf_multiMode_cc26x2.a : RFCC26X2_multiMode.c.cc26x2.ticlang.o (.text.RF_calculateDeltaTimeUs)
                  0000d248    0000002e     ti_sysbios_config.o (.text._pthread_delete)
                  0000d276    0000002e     ti_sysbios_config.o (.text.ti_sysbios_family_arm_m3_Hwi_initStack)
                  0000d2a4    0000002e     ti_sysbios_config.o (.text.ti_sysbios_gates_GateMutex_Instance_init)
                  0000d2d2    00000002     --HOLE-- [fill = 0]
                  0000d2d4    0000002e     libclang_rt.builtins.a : floatsidf.S.obj (.text)
                  0000d302    0000002c     ti_sysbios_config.o (.text.BIOS_registerRTSLock)
                  0000d32e    0000002c     ti_sysbios_config.o (.text.BIOS_removeRTSLock)
                  0000d35a    00000002     --HOLE-- [fill = 0]
                  0000d35c    0000002c     rf_multiMode_cc26x2.a : RFCC26X2_multiMode.c.cc26x2.ticlang.o (.text.RF_executeDirectImmediateCmd)
                  0000d388    0000002c     drivers_cc26x2.a : TemperatureCC26X2.c.obj (.text.Temperature_unregisterNotify)
                  0000d3b4    0000002c     w5500.o (.text.W5500_execCmdSn)
                  0000d3e0    0000002c     w5500.o (.text.W5500_writeSnDPORT)
                  0000d40c    0000002c     w5500.o (.text.W5500_writeSnPORT)
                  0000d438    0000002c     w5500.o (.text.W5500_writeSnRX_RD)
                  0000d464    0000002c     w5500.o (.text.W5500_writeSnTX_WR)
                  0000d490    0000002c     ti_sysbios_config.o (.text.ti_sysbios_knl_Semaphore_construct)
                  0000d4bc    0000002c     ti_sysbios_config.o (.text.ti_sysbios_runtime_Memory_free)
                  0000d4e8    0000002a     IPAddress.o (.text.IPAddress_Init_str)
                  0000d512    0000002a     driverlib.lib : osc.o (.text.NOROM_OSCHF_TurnOnXosc)
                  0000d53c    0000002a     radio_queue.o (.text.RadioQueue_init)
                  0000d566    0000002a     drivers_cc26x2.a : SPICC26X2DMA.c.obj (.text.SPICC26X2DMA_swiFxn)
                  0000d590    0000002a     ti_sysbios_config.o (.text.SemaphoreP_constructBinary)
                  0000d5ba    0000002a     ti_sysbios_config.o (.text.ti_sysbios_knl_Clock_initI)
                  0000d5e4    0000002a     ti_sysbios_config.o (.text.ti_sysbios_knl_Task_enter)
                  0000d60e    00000028     EthernetClient.o (.text.EthernetClient_available)
                  0000d636    00000028     drivers_cc26x2.a : I2C.c.obj (.text.I2C_cancel)
                  0000d65e    00000028                      : List.c.obj (.text.List_remove)
                  0000d686    00000002     --HOLE-- [fill = 0]
                  0000d688    00000028                      : PowerCC26X2.c.obj (.text.PowerCC26XX_isStableXOSC_HF)
                  0000d6b0    00000028     rf_multiMode_cc26x2.a : RFCC26X2_multiMode.c.cc26x2.ticlang.o (.text.RF_cmdStoreEvents)
                  0000d6d8    00000028     w5500.o (.text.W5500_readSn)
                  0000d700    00000028     sysbios.a : Hwi_asm_gnu.obj (.text.ti_sysbios_family_arm_m3_Hwi_excHandlerAsm)
                  0000d728    00000028     ti_sysbios_config.o (.text.ti_sysbios_gates_GateMutex_construct)
                  0000d750    00000028     ti_sysbios_config.o (.text.ti_sysbios_knl_Queue_enqueue)
                  0000d778    00000028     ti_sysbios_config.o (.text.ti_sysbios_knl_Swi_or)
                  0000d7a0    00000028     sysbios.a : TaskSupport_asm_gnu.obj (.text.ti_sysbios_knl_TaskSupport_swap)
                  0000d7c8    00000028     ti_sysbios_config.o (.text.ti_sysbios_knl_Task_sleepTimeout)
                  0000d7f0    00000028     ti_sysbios_config.o (.text.ti_sysbios_runtime_System_init)
                  0000d818    00000028     ti_sysbios_config.o (.text.ti_sysbios_runtime_System_printf)
                  0000d840    00000026     drivers_cc26x2.a : List.c.obj (.text.List_insert)
                  0000d866    00000026                      : List.c.obj (.text.List_putHead)
                  0000d88c    00000026                      : SPICC26X2DMA.c.obj (.text.flushFifos)
                  0000d8b2    00000026     ti_sysbios_config.o (.text.ti_sysbios_family_arm_m3_Hwi_getHandle)
                  0000d8d8    00000026     ti_sysbios_config.o (.text.ti_sysbios_knl_Swi_destruct)
                  0000d8fe    00000026     ti_sysbios_config.o (.text.ti_sysbios_knl_Task_allBlockedFunction)
                  0000d924    00000026     ti_sysbios_config.o (.text.ti_sysbios_knl_Task_delete)
                  0000d94a    00000026     ti_sysbios_config.o (.text.ti_sysbios_knl_Task_destruct)
                  0000d970    00000024     ti_sysbios_config.o (.text.HwiP_setFunc)
                  0000d994    00000024     drivers_cc26x2.a : List.c.obj (.text.List_put)
                  0000d9b8    00000024                      : PowerCC26X2_helpers.c.obj (.text.PowerCC26X2_getOscHfSourceReady)
                  0000d9dc    00000024                      : PowerCC26X2_helpers.c.obj (.text.PowerCC26X2_setSubSecIncToXoscLf)
                  0000da00    00000024                      : PowerCC26X2_calibrateRCOSC_helpers.c.obj (.text.PowerCC26X2_writeCtrim)
                  0000da24    00000024                      : PowerCC26X2_calibrateRCOSC_helpers.c.obj (.text.PowerCC26X2_writeCtrimFract)
                  0000da48    00000024                      : PowerCC26X2_calibrateRCOSC_helpers.c.obj (.text.PowerCC26X2_writeCtrimFractEn)
                  0000da6c    00000024                      : PowerCC26X2_calibrateRCOSC_helpers.c.obj (.text.PowerCC26X2_writeRtrim)
                  0000da90    00000024                      : PowerCC26X2.c.obj (.text.Power_registerNotify)
                  0000dab4    00000024     rf_multiMode_cc26x2.a : RFCC26X2_multiMode.c.cc26x2.ticlang.o (.text.RF_clkPowerUp)
                  0000dad8    00000024                           : RFCC26X2_multiMode.c.cc26x2.ticlang.o (.text.RF_hwiCpe0ChangePhy)
                  0000dafc    00000024                           : RFCC26X2_multiMode.c.cc26x2.ticlang.o (.text.RF_isStateTransitionAllowed)
                  0000db20    00000024                           : RFCC26X2_multiMode.c.cc26x2.ticlang.o (.text.RF_searchAndReplacePAOverride)
                  0000db44    00000024     ssd1306.o (.text.SSD1306_SetPosition)
                  0000db68    00000024     drivers_cc26x2.a : SPICC26X2DMA.c.obj (.text.releaseConstraint)
                  0000db8c    00000024     ti_sysbios_config.o (.text.ti_sysbios_family_arm_cc26xx_Timer_Params_init)
                  0000dbb0    00000024     ti_sysbios_config.o (.text.ti_sysbios_knl_Task_Params_init)
                  0000dbd4    00000022     ti_sysbios_config.o (.text.BIOS_setThreadType)
                  0000dbf6    00000022     drivers_cc26x2.a : List.c.obj (.text.List_get)
                  0000dc18    00000022     rf_multiMode_cc26x2.a : RFCC26X2_multiMode.c.cc26x2.ticlang.o (.text.RF_queueEnd)
                  0000dc3a    00000022     w5500.o (.text.W5500_send_data_processing)
                  0000dc5c    00000022     libc.a : memcmp.c.obj (.text.memcmp)
                  0000dc7e    00000022     socket.o (.text.sendUDP)
                  0000dca0    00000022     ti_sysbios_config.o (.text.ti_sysbios_gates_GateMutex_leave)
                  0000dcc2    00000022     ti_sysbios_config.o (.text.ti_sysbios_heaps_HeapMem_restore)
                  0000dce4    00000022     ti_sysbios_config.o (.text.ti_sysbios_knl_Clock_getTicks)
                  0000dd06    00000022     ti_sysbios_config.o (.text.ti_sysbios_knl_Clock_scheduleNextTick)
                  0000dd28    00000022     ti_sysbios_config.o (.text.ti_sysbios_knl_Queue_dequeue)
                  0000dd4a    00000022     ti_sysbios_config.o (.text.ti_sysbios_knl_Semaphore_destruct)
                  0000dd6c    00000020     Dhcp.o (.text.DHCP_reset_DHCP_lease)
                  0000dd8c    00000020     EthernetUdp.o (.text.EthernetUDP_write_byte)
                  0000ddac    00000020     rf_multiMode_cc26x2.a : rfc.c.cc26x2.ticlang.o (.text.NOROM_RFCDoorbellSendTo)
                  0000ddcc    00000020                           : rfc.c.cc26x2.ticlang.o (.text.NOROM_RFCOverrideSearch)
                  0000ddec    00000020     drivers_cc26x2.a : PowerCC26X2_helpers.c.obj (.text.PowerCC26X2_disableTCXOQual)
                  0000de0c    00000020                      : PowerCC26X2_helpers.c.obj (.text.PowerCC26X2_enableTCXOQual)
                  0000de2c    00000020     ti_sysbios_config.o (.text.PowerCC26XX_schedulerDisable)
                  0000de4c    00000020     ti_sysbios_config.o (.text.PowerCC26XX_schedulerRestore)
                  0000de6c    00000020     drivers_cc26x2.a : PowerCC26X2.c.obj (.text.Power_unregisterNotify)
                  0000de8c    00000020     rf_multiMode_cc26x2.a : RFCC26X2_multiMode.c.cc26x2.ticlang.o (.text.RF_cmdAlloc)
                  0000deac    00000020                           : RFCC26X2_multiMode.c.cc26x2.ticlang.o (.text.RF_invokeGlobalCallback)
                  0000decc    00000020                           : RFCC26X2_multiMode.c.cc26x2.ticlang.o (.text.RF_ratIsRunning)
                  0000deec    00000020     socket.o (.text.close)
                  0000df0c    00000020     ti_sysbios_config.o (.text.ti_sysbios_family_arm_cc26xx_Timer_postInit)
                  0000df2c    00000020     ti_sysbios_config.o (.text.ti_sysbios_family_arm_m3_Hwi_excHandler)
                  0000df4c    00000020     ti_sysbios_config.o (.text.ti_sysbios_family_arm_m3_Hwi_post)
                  0000df6c    00000020     ti_sysbios_config.o (.text.ti_sysbios_knl_ClockSupport_getCurrentTick)
                  0000df8c    00000020     libclang_rt.builtins.a : floatunsidf.S.obj (.text)
                  0000dfac    0000001e     ti_sysbios_config.o (.text.SwiP_Params_init)
                  0000dfca    0000001e     w5500.o (.text.W5500_writeSnCR)
                  0000dfe8    0000001e     w5500.o (.text.W5500_writeSnIMR)
                  0000e006    0000001e     w5500.o (.text.W5500_writeSnIR)
                  0000e024    0000001e     w5500.o (.text.W5500_writeSnMR)
                  0000e042    0000001e     libc.a : memccpy.c.obj (.text.memccpy)
                  0000e060    0000001e     sysbios.a : Hwi_asm_switch_gnu.obj (.text.ti_sysbios_family_arm_m3_Hwi_switchAndRunFunc)
                  0000e07e    0000001e     ti_sysbios_config.o (.text.ti_sysbios_family_arm_m3_Hwi_switchFromBootStack)
                  0000e09c    0000001e     ti_sysbios_config.o (.text.ti_sysbios_knl_Task_unblock)
                  0000e0ba    0000001e     Printfg.o (.text.write_byte)
                  0000e0d8    0000001c     EthernetClient.o (.text.EthernetClient_begin)
                  0000e0f4    0000001c     EthernetClient.o (.text.EthernetClient_print)
                  0000e110    0000001c     EthernetUdp.o (.text.EthernetUDP_flush)
                  0000e12c    0000001c     drivers_cc26x2.a : GPIO.c.obj (.text.GPIO_setCallback)
                  0000e148    0000001c                      : GPIOCC26XX.c.obj (.text.GPIO_setMux)
                  0000e164    0000001c     ti_sysbios_config.o (.text.HwiP_Params_init)
                  0000e180    0000001c     drivers_cc26x2.a : PowerCC26X2.c.obj (.text.Power_getTransitionLatency)
                  0000e19c    0000001c     rf_multiMode_cc26x2.a : RFCC26X2_multiMode.c.cc26x2.ticlang.o (.text.RF_clkInactivityCallback)
                  0000e1b8    0000001c                           : RFCC26X2_multiMode.c.cc26x2.ticlang.o (.text.RF_getPAOverrideOffsetAndValue)
                  0000e1d4    0000001c                           : RFCC26X2_multiMode.c.cc26x2.ticlang.o (.text.RF_powerConstraintSet)
                  0000e1f0    0000001c                           : RFCC26X2_multiMode.c.cc26x2.ticlang.o (.text.RF_swiFsm)
                  0000e20c    0000001c     w5500.o (.text.W5500_writeSnDIPR)
                  0000e228    0000001c     drivers_cc26x2.a : TemperatureCC26X2.c.obj (.text.setTempLowerLimit)
                  0000e244    0000001c                      : TemperatureCC26X2.c.obj (.text.setTempUpperLimit)
                  0000e260    0000001c     ti_sysbios_config.o (.text.ti_sysbios_family_arm_cc26xx_Timer_dynamicStub)
                  0000e27c    0000001c     ti_sysbios_config.o (.text.ti_sysbios_family_arm_m3_Hwi_Params_init)
                  0000e298    0000001c     ti_sysbios_config.o (.text.ti_sysbios_knl_Clock_Instance_finalize)
                  0000e2b4    0000001c     ti_sysbios_config.o (.text.ti_sysbios_knl_Clock_enqueueI)
                  0000e2d0    0000001c     ti_sysbios_config.o (.text.ti_sysbios_knl_Clock_start)
                  0000e2ec    0000001c     ti_sysbios_config.o (.text.ti_sysbios_knl_Queue_remove)
                  0000e308    0000001c     ti_sysbios_config.o (.text.ti_sysbios_knl_Swi_Params_init)
                  0000e324    0000001c     ti_sysbios_config.o (.text.ti_sysbios_knl_Swi_disable)
                  0000e340    0000001c     ti_sysbios_config.o (.text.ti_sysbios_knl_Task_disable)
                  0000e35c    0000001a     ti_sysbios_config.o (.text.BIOS_exitFunc)
                  0000e376    0000001a     ti_sysbios_config.o (.text.BIOS_getCpuFreq)
                  0000e390    0000001a     drivers_cc26x2.a : I2CCC26XX.c.obj (.text.I2CCC26XX_completeTransfer)
                  0000e3aa    0000001a     ti_sysbios_config.o (.text.ti_sysbios_knl_Semaphore_Instance_finalize)
                  0000e3c4    00000018     ti_sysbios_config.o (.text.BIOS_exit)
                  0000e3dc    00000018     Dhcp.o (.text.DHCP_getDnsServerIp)
                  0000e3f4    00000018     Dhcp.o (.text.DHCP_getGatewayIp)
                  0000e40c    00000018     Dhcp.o (.text.DHCP_getLocalIp)
                  0000e424    00000018     Dhcp.o (.text.DHCP_getSubnetMask)
                  0000e43c    00000018     drivers_cc26x2.a : GPIOCC26XX.c.obj (.text.GPIO_disableInt)
                  0000e454    00000018                      : GPIOCC26XX.c.obj (.text.GPIO_enableInt)
                  0000e46c    00000018                      : PowerCC26X2.c.obj (.text.PowerCC26XX_calibrate)
                  0000e484    00000018                      : PowerCC26X2.c.obj (.text.Power_idleFunc)
                  0000e49c    00000018     rf_multiMode_cc26x2.a : RFCC26X2_multiMode.c.cc26x2.ticlang.o (.text.RF_restartClockTimeout)
                  0000e4b4    00000018     stv.o (.text.STV_WriteAtAddress)
                  0000e4cc    00000018     w5500.o (.text.W5500_writeSIMR)
                  0000e4e4    00000018     w5500.o (.text.W5500_writeSIR)
                  0000e4fc    00000018     libc.a : sprintf.c.obj (.text._outs)
                  0000e514    00000018     Printfg.o (.text.print)
                  0000e52c    00000018     ti_sysbios_config.o (.text.ti_sysbios_family_arm_cc26xx_Timer_getCount64)
                  0000e544    00000018     ti_sysbios_config.o (.text.ti_sysbios_family_arm_m3_Hwi_setFunc)
                  0000e55c    00000018     ti_sysbios_config.o (.text.ti_sysbios_knl_ClockSupport_setNextTick)
                  0000e574    00000018     sysbios.a : TaskSupport_asm_gnu.obj (.text.ti_sysbios_knl_TaskSupport_glue)
                  0000e58c    00000016     ti_sysbios_config.o (.text.ClockP_Params_init)
                  0000e5a2    00000016     dashboard_task.o (.text.HandleInterrupt)
                  0000e5b8    00000016     drivers_cc26x2.a : List.c.obj (.text.List_clearList)
                  0000e5ce    00000016     radio_queue.o (.text.RadioQueue_hasPacket)
                  0000e5e4    00000016     radio_queue.o (.text.RadioQueue_nextEntry)
                  0000e5fa    00000016     w5500.o (.text.W5500_readGAR)
                  0000e610    00000016     w5500.o (.text.W5500_readSIPR)
                  0000e626    00000016     w5500.o (.text.W5500_readSUBR)
                  0000e63c    00000016     w5500.o (.text.W5500_readSnCR)
                  0000e652    00000016     w5500.o (.text.W5500_readSnIR)
                  0000e668    00000016     w5500.o (.text.W5500_readSnSR)
                  0000e67e    00000016     w5500.o (.text.W5500_writeGAR)
                  0000e694    00000016     w5500.o (.text.W5500_writeSHAR)
                  0000e6aa    00000016     w5500.o (.text.W5500_writeSIPR)
                  0000e6c0    00000016     w5500.o (.text.W5500_writeSUBR)
                  0000e6d6    00000016     ArduinoCompatibility.o (.text.delay)
                  0000e6ec    00000016     socket.o (.text.disconnect)
                  0000e702    00000016     ti_sysbios_config.o (.text.ti_sysbios_family_arm_m3_Hwi_enable)
                  0000e718    00000016     ti_sysbios_config.o (.text.ti_sysbios_knl_Intrinsics_maxbit)
                  0000e72e    00000016     ti_sysbios_config.o (.text.ti_sysbios_knl_Queue_construct)
                  0000e744    00000016     ti_sysbios_config.o (.text.ti_sysbios_knl_Queue_empty)
                  0000e75a    00000016     ti_sysbios_config.o (.text.ti_sysbios_runtime_SystemSupport_init)
                  0000e770    00000016     ti_sysbios_config.o (.text.ti_sysbios_runtime_System_exit)
                  0000e786    00000014     ti_sysbios_config.o (.text.ClockP_setTimeout)
                  0000e79a    00000002     --HOLE-- [fill = 0]
                  0000e79c    00000014     drivers_cc26x2.a : GPIOCC26XX.c.obj (.text.GPIO_read)
                  0000e7b0    00000014                      : GPIO.c.obj (.text.GPIO_setUserArg)
                  0000e7c4    00000014                      : I2CCC26XX.c.obj (.text.I2CCC26XX_postNotify)
                  0000e7d8    00000014                      : SPICC26X2DMA.c.obj (.text.OUTLINED_FUNCTION_0)
                  0000e7ec    00000014     rf_multiMode_cc26x2.a : RFCC26X2_multiMode.c.cc26x2.ticlang.o (.text.RF_dbellSyncOnAck)
                  0000e800    00000014                           : RFCC26X2_multiMode.c.cc26x2.ticlang.o (.text.RF_flushCmd)
                  0000e814    00000014     ti_sysbios_config.o (.text.SwiP_or)
                  0000e828    00000014     drivers_cc26x2.a : TemperatureCC26X2.c.obj (.text.Temperature_getTemperature)
                  0000e83c    00000014     libc.a : args_main.c.obj (.text._args_main)
                  0000e850    00000014     ti_sysbios_config.o (.text.ti_sysbios_family_arm_cc26xx_TimestampProvider_init)
                  0000e864    00000014     ti_sysbios_config.o (.text.ti_sysbios_family_arm_m3_Hwi_disable)
                  0000e878    00000014     ti_sysbios_config.o (.text.ti_sysbios_knl_Swi_Instance_finalize)
                  0000e88c    00000014     ti_sysbios_config.o (.text.ti_sysbios_runtime_System_printf_va)
                  0000e8a0    00000014     libclang_rt.builtins.a : aeabi_ldivmod.S.obj (.text)
                  0000e8b4    00000014                            : aeabi_memset.S.obj (.text)
                  0000e8c8    00000014                            : aeabi_uldivmod.S.obj (.text)
                  0000e8dc    00000012     EthernetUdp.o (.text.EthernetUDP_endPacket)
                  0000e8ee    00000012     drivers_cc26x2.a : I2C.c.obj (.text.I2C_transfer)
                  0000e900    00000012     ti_drivers_config.o (.text.configureCallbacks)
                  0000e912    00000012     ti_sysbios_config.o (.text.ti_sysbios_family_arm_m3_Hwi_destruct)
                  0000e924    00000012     ti_sysbios_config.o (.text.ti_sysbios_family_arm_m3_Hwi_doSwiRestore)
                  0000e936    00000012     ti_sysbios_config.o (.text.ti_sysbios_family_arm_m3_Hwi_doTaskRestore)
                  0000e948    00000012     ti_sysbios_config.o (.text.ti_sysbios_heaps_HeapMem_Params_init)
                  0000e95a    00000012     ti_sysbios_config.o (.text.ti_sysbios_heaps_HeapMem_init)
                  0000e96c    00000012     ti_sysbios_config.o (.text.ti_sysbios_knl_Clock_Params_init)
                  0000e97e    00000012     ti_sysbios_config.o (.text.ti_sysbios_knl_Clock_tick)
                  0000e990    00000012     ti_sysbios_config.o (.text.ti_sysbios_knl_Queue_Instance_init)
                  0000e9a2    00000012     ti_sysbios_config.o (.text.ti_sysbios_knl_Semaphore_Params_init)
                  0000e9b4    00000012     libc.a : memcpy_t2.S.obj (.text:TI_memcpy_small)
                  0000e9c6    00000010     ti_sysbios_config.o (.text.BIOS_start)
                  0000e9d6    00000010     ti_sysbios_config.o (.text.ClockP_destruct)
                  0000e9e6    00000010     ti_sysbios_config.o (.text.ClockP_getCpuFreq)
                  0000e9f6    00000010     ti_sysbios_config.o (.text.ClockP_getTimeout)
                  0000ea06    00000010     ti_sysbios_config.o (.text.ClockP_isActive)
                  0000ea16    00000010     ti_sysbios_config.o (.text.ClockP_start)
                  0000ea26    00000010     ti_sysbios_config.o (.text.ClockP_stop)
                  0000ea36    00000010     Ethernet.o (.text.Ethernet_gatewayIP)
                  0000ea46    00000010     Ethernet.o (.text.Ethernet_localIP)
                  0000ea56    00000010     Ethernet.o (.text.Ethernet_subnetMask)
                  0000ea66    00000002     --HOLE-- [fill = 0]
                  0000ea68    00000010     drivers_cc26x2.a : GPIO.c.obj (.text.GPIO_getUserArg)
                  0000ea78    00000010                      : GPIOCC26XX.c.obj (.text.GPIO_write)
                  0000ea88    00000010     ti_sysbios_config.o (.text.HwiP_clearInterrupt)
                  0000ea98    00000010     ti_sysbios_config.o (.text.HwiP_destruct)
                  0000eaa8    00000010     ti_sysbios_config.o (.text.HwiP_disable)
                  0000eab8    00000010     ti_sysbios_config.o (.text.HwiP_disableInterrupt)
                  0000eac8    00000010     ti_sysbios_config.o (.text.HwiP_enableInterrupt)
                  0000ead8    00000010     ti_sysbios_config.o (.text.HwiP_post)
                  0000eae8    00000010     ti_sysbios_config.o (.text.HwiP_restore)
                  0000eaf8    00000010     rf_multiMode_cc26x2.a : rfc.c.cc26x2.ticlang.o (.text.NOROM_RFCCpeIntGetAndClear)
                  0000eb08    00000010                           : rfc.c.cc26x2.ticlang.o (.text.NOROM_RFCHwIntGetAndClear)
                  0000eb18    00000010     drivers_cc26x2.a : PowerCC26X2_helpers.c.obj (.text.PowerCC26X2_oscCtlClearXtal)
                  0000eb28    00000010                      : PowerCC26X2_helpers.c.obj (.text.PowerCC26X2_prcmEnableCacheRetention)
                  0000eb38    00000010                      : PowerCC26X2_calibrateRCOSC_helpers.c.obj (.text.PowerCC26X2_readCtrim)
                  0000eb48    00000010                      : PowerCC26X2_calibrateRCOSC_helpers.c.obj (.text.PowerCC26X2_readCtrimFract)
                  0000eb58    00000010                      : PowerCC26X2_calibrateRCOSC_helpers.c.obj (.text.PowerCC26X2_readRtrim)
                  0000eb68    00000010                      : PowerCC26X2_helpers.c.obj (.text.PowerCC26X2_switchToTCXO)
                  0000eb78    00000010                      : PowerCC26X2.c.obj (.text.Power_getDependencyCount)
                  0000eb88    00000010     ti_sysbios_config.o (.text.SemaphoreP_destruct)
                  0000eb98    00000010     ti_sysbios_config.o (.text.SemaphoreP_post)
                  0000eba8    00000010     ti_sysbios_config.o (.text.SwiP_destruct)
                  0000ebb8    00000010     ti_sysbios_config.o (.text.SwiP_disable)
                  0000ebc8    00000010     ti_sysbios_config.o (.text.SwiP_getTrigger)
                  0000ebd8    00000010     ti_sysbios_config.o (.text.SwiP_post)
                  0000ebe8    00000010     ti_sysbios_config.o (.text.SwiP_restore)
                  0000ebf8    00000010     ti_sysbios_config.o (.text.SysCtrlAonUpdate)
                  0000ec08    00000010     w5500.o (.text.W5500_getGatewayIp)
                  0000ec18    00000010     w5500.o (.text.W5500_getIPAddress)
                  0000ec28    00000010     w5500.o (.text.W5500_getSubnetMask)
                  0000ec38    00000010     w5500.o (.text.W5500_setGatewayIp)
                  0000ec48    00000010     w5500.o (.text.W5500_setIPAddress)
                  0000ec58    00000010     w5500.o (.text.W5500_setMACAddress)
                  0000ec68    00000010     w5500.o (.text.W5500_setSubnetMask)
                  0000ec78    00000010     ti_sysbios_config.o (.text.ti_sysbios_family_arm_cc26xx_Timer_setPeriod)
                  0000ec88    00000010     ti_sysbios_config.o (.text.ti_sysbios_knl_ClockSupport_getMaxTicks)
                  0000ec98    00000010     ti_sysbios_config.o (.text.ti_sysbios_knl_Clock_destruct)
                  0000eca8    00000010     ti_sysbios_config.o (.text.ti_sysbios_knl_Clock_isActive)
                  0000ecb8    00000010     ti_sysbios_config.o (.text.ti_sysbios_knl_Clock_removeI)
                  0000ecc8    00000010     ti_sysbios_config.o (.text.ti_sysbios_knl_Clock_setTimeout)
                  0000ecd8    00000010     ti_sysbios_config.o (.text.ti_sysbios_knl_Idle_loop)
                  0000ece8    00000010     ti_sysbios_config.o (.text.ti_sysbios_knl_Queue_destruct)
                  0000ecf8    00000010     ti_sysbios_config.o (.text.ti_sysbios_knl_Queue_elemClear)
                  0000ed08    00000010     ti_sysbios_config.o (.text.ti_sysbios_knl_Swi_enabled)
                  0000ed18    00000010     ti_sysbios_config.o (.text.ti_sysbios_runtime_Types_argToFloat)
                  0000ed28    00000010     libc.a : copy_zero_init.c.obj (.text:decompress:ZI)
                  0000ed38    0000000e     ti_sysbios_config.o (.text.BIOS_linkedWithIncorrectBootLibrary)
                  0000ed46    0000000e     EthernetUdp.o (.text.EthernetUDP_begin_init)
                  0000ed54    0000000e     ti_sysbios_config.o (.text.IntMasterDisable)
                  0000ed62    0000000e     ti_sysbios_config.o (.text.IntMasterEnable)
                  0000ed70    0000000e     drivers_cc26x2.a : PowerCC26X2.c.obj (.text.OUTLINED_FUNCTION_0)
                  0000ed7e    0000000e     rf_multiMode_cc26x2.a : RFCC26X2_multiMode.c.cc26x2.ticlang.o (.text.OUTLINED_FUNCTION_0)
                  0000ed8c    0000000e                           : RFCC26X2_multiMode.c.cc26x2.ticlang.o (.text.OUTLINED_FUNCTION_3)
                  0000ed9a    0000000e     libc.a : strcpy.c.obj (.text.strcpy)
                  0000eda8    0000000e            : _printfi.c.obj (.text.strlen)
                  0000edb6    0000000e            : strlen.c.obj (.text.strlen)
[...]
0000e97f  ti_sysbios_knl_Clock_tick                                          
0000e991  ti_sysbios_knl_Queue_Instance_init                                 
0000e9a3  ti_sysbios_knl_Semaphore_Params_init                               
0000e9b5  TI_memcpy_small                                                    
0000e9c7  BIOS_start                                                         
0000e9d7  ClockP_destruct                                                    
0000e9e7  ClockP_getCpuFreq                                                  
0000e9f7  ClockP_getTimeout                                                  
0000ea07  ClockP_isActive                                                    
0000ea17  ClockP_start                                                       
0000ea27  ClockP_stop                                                        
0000ea37  Ethernet_gatewayIP                                                 
0000ea47  Ethernet_localIP                                                   
0000ea57  Ethernet_subnetMask                                                
0000ea69  GPIO_getUserArg                                                    
0000ea79  GPIO_write                                                         
0000ea89  HwiP_clearInterrupt                                                
0000ea99  HwiP_destruct                                                      
0000eaa9  HwiP_disable                                                       
0000eab9  HwiP_disableInterrupt                                              
0000eac9  HwiP_enableInterrupt                                               
0000ead9  HwiP_post                                                          
0000eae9  HwiP_restore                                                       
0000eaf9  NOROM_RFCCpeIntGetAndClear                                         
0000eb09  NOROM_RFCHwIntGetAndClear                                          
0000eb19  PowerCC26X2_oscCtlClearXtal                                        
0000eb29  PowerCC26X2_prcmEnableCacheRetention                               
0000eb39  PowerCC26X2_readCtrim                                              
0000eb49  PowerCC26X2_readCtrimFract                                         
0000eb59  PowerCC26X2_readRtrim                                              
0000eb69  PowerCC26X2_switchToTCXO                                           
0000eb79  Power_getDependencyCount                                           
0000eb89  SemaphoreP_destruct                                                
0000eb99  SemaphoreP_post                                                    
0000eba9  SwiP_destruct                                                      
0000ebb9  SwiP_disable                                                       
0000ebc9  SwiP_getTrigger                                                    
0000ebd9  SwiP_post                                                          
0000ebe9  SwiP_restore                                                       
0000ec09  W5500_getGatewayIp                                                 
0000ec19  W5500_getIPAddress                                                 
0000ec29  W5500_getSubnetMask                                                
0000ec39  W5500_setGatewayIp                                                 
0000ec49  W5500_setIPAddress                                                 
0000ec59  W5500_setMACAddress                                                
0000ec69  W5500_setSubnetMask                                                
0000ec79  ti_sysbios_family_arm_cc26xx_Timer_setPeriod                       
0000ec89  ti_sysbios_knl_ClockSupport_getMaxTicks                            
0000ec99  ti_sysbios_knl_Clock_destruct                                      
0000eca9  ti_sysbios_knl_Clock_isActive                                      
0000ecb9  ti_sysbios_knl_Clock_removeI                                       
0000ecc9  ti_sysbios_knl_Clock_setTimeout                                    
0000ecd9  ti_sysbios_knl_Idle_loop                                           
0000ece9  ti_sysbios_knl_Queue_destruct                                      
0000ecf9  ti_sysbios_knl_Queue_elemClear                                     
0000ed09  ti_sysbios_knl_Swi_enabled                                         
0000ed29  __TI_zero_init                                                     
0000ed39  BIOS_linkedWithIncorrectBootLibrary                                
0000ed47  EthernetUDP_begin_init                                             
0000ed9b  strcpy                                                             
0000edb7  strlen                                                             
0000ede1  ti_sysbios_heaps_HeapMem_isBlocking                                
0000edef  ti_sysbios_knl_Clock_stop                                          
0000edfd  ti_sysbios_runtime_SystemSupport_exit                              
0000ee0b  TI_memset_small                                                    
0000ee19  __TI_decompress_none                                               
0000ee33  BIOS_getThreadType                                                 
0000ee3f  ClockP_getSystemTickPeriod                                         
0000ee4b  EthernetUDP_available                                              
0000ee57  EthernetUDP_rawIPAddress                                           
0000ee63  EthernetUDP_remotePort                                             
0000ee6f  I2C_Params_init                                                    
0000ee7b  NOROM_CPUcpsid                                                     
0000ee87  NOROM_CPUcpsie                                                     
0000eea1  PowerCC26X2_oscClockSourceGet                                      
0000eead  PowerCC26X2_setPeriphDeepSleepEnable                               
0000eeb9  PowerCC26X2_sysCtrlGetResetSource                                  
0000eec5  PowerCC26X2_sysCtrlVoltageConditionalControl                       
0000eed1  Power_getConstraintMask                                            
0000eedd  RF_Params_init                                                     
0000eee9  SPI_Params_init                                                    
0000eef5  STV_ReadFromAddress                                                
0000ef01  W5500_readSIR                                                      
0000ef0d  _register_lock                                                     
0000ef19  _register_unlock                                                   
0000ef25  resetSS                                                            
0000ef31  setSS                                                              
0000ef49  ti_sysbios_knl_Queue_head                                          
0000ef55  ti_sysbios_knl_Queue_next                                          
0000ef61  ti_sysbios_knl_Queue_prev                                          
0000ef6d  ti_sysbios_knl_Swi_getTrigger                                      
0000ef79  ti_sysbios_knl_Swi_postInit                                        
0000ef85  ti_sysbios_knl_Swi_self                                            
0000ef91  ti_sysbios_knl_Task_self                                           
0000efbb  PowerCC26X2_sysCtrlStandby                                         
0000efc5  RadioQueue_getDQpointer                                            
0000efcf  SPICC26X2DMA_init                                                  
0000efd9  UDMACC26XX_hwiIntFxn                                               
0000f015  ti_sysbios_knl_Swi_startup                                         
0000f01f  ti_sysbios_runtime_Error_check                                     
0000f03d  Boot_trimDevice                                                    
0000f045  DHCP_presend_DHCP                                                  
0000f055  I2CSupport_masterFinish                                            
0000f05d  NOROM_CPUdelay                                                     
0000f075  PowerCC26X2_oschfTrySwitchToXosc                                   
0000f07d  ResetISR                                                           
0000f085  __aeabi_errno_addr                                                 
0000f08d  _system_post_cinit                                                 
0000f095  _system_pre_init                                                   
0000f0a5  ti_sysbios_family_arm_m3_Hwi_startup                               
0000f0ad  ti_sysbios_runtime_Startup_reset                                   
0000f0b5  ti_sysbios_runtime_System_exitSpin                                 
0000f0c9  SPI_transfer                                                       
0000f0cf  random                                                             
0000f0d5  NOROM_RFCOverrideUpdate                                            
0000f0dd  PowerCC26X2_oschfSwitchToRcosc                                     
0000f0e1  PowerCC26X2_sysCtrlIdle                                            
0000f0e5  PowerCC26X2_turnOnXosc                                             
0000f0e9  RF_defaultExecutionPolicy                                          
0000f0f5  ti_sysbios_gates_GateMutex_canBlock                                
0000f0f9  ti_sysbios_knl_TaskSupport_getStackAlignment                       
0000f0fd  ti_sysbios_runtime_Memory_getMaxDefaultTypeAlign                   
0000f101  ti_sysbios_runtime_SystemSupport_ready                             
0000f105  __aeabi_memcpy                                                     
0000f105  __aeabi_memcpy4                                                    
0000f105  __aeabi_memcpy8                                                    
0000f6f7  CONFIG_GPIO_W5500_INT_CONST                                        
00010542  GPIO_pinLowerBound                                                 
00010543  GPIO_pinUpperBound                                                 
00010544  ti_sysbios_family_arm_m3_Hwi_swiTaskKeyAddress                     
000106dc  resourceDB                                                         
00010730  spiCC26X2DMAHWAttrs                                                
000107b6  I2C_count                                                          
000107b7  SPI_count                                                          
000107b8  SPI_defaultParams                                                  
000107d8  SSD1306_InitSequence                                               
00010834  SPICC26X2DMA_fxnTable                                              
0001087c  i2cCC26xxHWAttrs                                                   
000108ac  PowerCC26X2_config                                                 
000108e7  TemperatureCC26X2_config                                           
000108e8  GPIO_config                                                        
00010908  RFCC26XX_hwAttrs                                                   
00010914  SPI_config                                                         
0001094c  I2C_config                                                         
00010954  UDMACC26XX_config                                                  
00010964  ti_sysbios_knl_Idle_funcList                                       
0001096c  udmaCC26XXHWAttrs                                                  
0001097b  ti_sysbios_knl_Clock_tickMode                                      
00010980  ti_sysbios_knl_Clock_tickPeriod                                    
00010984  ti_sysbios_knl_Swi_numPriorities                                   
00010988  ti_sysbios_knl_Task_checkStackFlag                                 
00010989  ti_sysbios_knl_Task_initStackFlag                                  
0001098c  __c_args__                                                         
00010b6c  __TI_Handler_Table_Base                                            
00010b78  __TI_Handler_Table_Limit                                           
00010ba0  __TI_CINIT_Base                                                    
00010bd0  __TI_CINIT_Limit                                                   
00010bd0  __TI_CINIT_Warm                                                    
0004ffa8  __ccfg                                                             
20000000  __start___llvm_prf_bits                                            
20000000  __start___llvm_prf_cnts                                            
20000000  __stop___llvm_prf_bits                                             
20000000  __stop___llvm_prf_cnts                                             
20000000  ti_sysbios_family_arm_m3_Hwi_ramVectors                            
200000d8  PowerCC26X2_module                                                 
2000024c  gpioPinConfigs                                                     
20000330  ti_sysbios_knl_Clock_Module_state                                  
20000454  ble_pOverridesCommon                                               
200004a8  RFCMD_ieeeRX                                                       
200004e8  ti_sysbios_family_arm_m3_Hwi_Module_state                          
20000524  ti_sysbios_knl_Task_Module_state                                   
20000560  BIOS_Module_state                                                  
2000058c  ti_sysbios_knl_Swi_Module_state                                    
200005b4  RFCMD_bleRadioSetup                                                
200005d8  RFCMD_bleGenericRX                                                 
200005f8  ble_pOverrides2Mbps                                                
20000614  RFCMD_bleFrequencySynthesizer                                      
2000062c  RFCMD_ieeeFrequencySynthesizer                                     
20000644  RFCMD_ieeeRadioSetup                                               
2000065c  ble_pOverrides1Mbps                                                
20000674  RFCMD_bleGenericRXPar                                              
20000688  ble_pOverridesCoded                                                
2000069c  Ethernet_server_port                                               
200006ac  RFCMD_bleModeObject                                                
200006bc  RFCMD_ieeeModeObject                                               
200006cc  _hposcCoeffs                                                       
200006dc  ieee_pOverrides                                                    
200006ec  ti_sysbios_runtime_SysMin_Module_state                             
200006fc  ti_sysbios_family_arm_cc26xx_Timer_Module_state                    
20000708  ti_sysbios_runtime_Error_ignore                                    
20000714  ti_sysbios_runtime_System_Module_state                             
20000728  RFCC26XX_schedulerPolicy                                           
20000738  ti_sysbios_gates_GateMutex_Module_state                            
20000740  ti_sysbios_heaps_HeapMem_Module_state                              
20000748  ti_sysbios_knl_Semaphore_Module_state                              
20000754  EthernetClientPrintMethods                                         
20000758  EthernetUDPPrintMethods                                            
20000760  __aeabi_errno                                                      
20000764  _lock                                                              
20000768  _unlock                                                            
20000770  ti_sysbios_runtime_Memory_defaultHeapInstance                      
20000779  ti_sysbios_knl_Idle_initDone                                       
2000077a  ti_sysbios_runtime_Startup_done                                    
20001a50  __primary_heap_start__                                             
20005a50  __primary_heap_end__                                               
20007690  ti_sysbios_knl_Idle_taskStack                                      
20007a90  ti_sysbios_runtime_SysMin_outbuf                                   
2000830c  i2cCC26xxObjects                                                   
2000844c  _CIOBUF_                                                           
2000844c  __CIOBUF_                                                          
2000856c  spiCC26X2DMAObjects                                                
2000866c  ti_sysbios_family_arm_m3_Hwi_dispatchTable                         
20008744  gpioCallbackFunctions                                              
200087c0  gpioUserArgs                                                       
200088a8  ti_sysbios_knl_ClockSupport_timerStruct                            
20008908  ti_sysbios_knl_Idle_taskStruct                                     
20008a24  ti_sysbios_knl_Swi_readyQs                                         
20008a54  ti_sysbios_knl_Task_readyQs                                        
20008a84  BIOS_heapMemObject                                                 
20008ab0  BIOS_rtsGate                                                       
20008ad8  ti_sysbios_heaps_HeapMem_gate                                      
20008b00  dashboardTaskParams                                                
20008b24  initTaskParams                                                     
20008b48  sniffingTaskParams                                                 
20008b6c  Ethernet                                                           
20008b8c  ti_sysbios_runtime_System_atexitHandlers                           
20008bac  udmaCC26XXObject                                                   
20008c04  ti_sysbios_hal_Seconds_Module_state                                
20008c28  ethernetUdp                                                        
20008c38  ieeeStats                                                          
20008c48  Dashboard_SemaphoreParams                                          
20008c54  Init_SemaphoreParams                                               
20008c60  bleStats                                                           
20008c7c  parmbuf                                                            
20008c9c  Dashboard_SemaphoreHandle                                          
20008ca0  Init_SemaphoreHandle                                               
20008ca4  PowerCC26XX_swiKey                                                 
20008ca8  PowerCC26XX_taskKey                                                
20008cac  dashboardTaskHandle                                                
20008cb0  initTaskHandle                                                     
20008cb4  sniffingTaskHandle                                                 
20008cb8  spi                                                                
20008cbc  ti_sysbios_family_arm_cc26xx_TimestampProvider_Module_state        
20008cc0  ti_sysbios_knl_Task_defaultStackHeap                               
20008cc4  _counter                                                           
20008cc6  ethernetServer                                                     
20011a00  __stack                                                            
20012000  __STACK_END                                                        
ffffffff  __TI_pprof_out_hndl                                                
ffffffff  __TI_prof_data_size                                                
ffffffff  __TI_prof_data_start                                               
ffffffff  __binit__                                                          
ffffffff  binit                                                              
UNDEFED   ITM_flush                                                          
UNDEFED   ITM_restore                                                        
UNDEFED   __mpu_init                                                         

[761 symbols]
