******************************************************************************
            TI ARM Clang Linker PC v2.1.2                      
******************************************************************************
>> Linked Sun Feb  4 21:41:23 2024

OUTPUT FILE NAME:   <multiSniff_LP_CC2652RB_tirtos7_ticlang2.out>
ENTRY POINT SYMBOL: "ResetISR"  address: 0000bd69


MEMORY CONFIGURATION

         name            origin    length      used     unused   attr    fill
----------------------  --------  ---------  --------  --------  ----  --------
  FLASH                 00000000   00050000  0000d061  00042f9f  R  X
  STV_R                 00050000   00000020  00000000  00000020  R   
  HTML                  00051000   00003000  00000000  00003000  R   
  GPRAM                 11000000   00002000  00000000  00002000  RW X
  SRAM                  20000000   00012000  00006485  0000bb7b  RW X
  MTU_BUFFER            20012000   00001500  00000000  00001500  RW  
  STV_W                 20013500   00000020  00000000  00000020   W  
  LOG_DATA              90000000   00040000  00000000  00040000  R   


SEGMENT ALLOCATION MAP

run origin  load origin   length   init length attrs members
----------  ----------- ---------- ----------- ----- -------
00000000    00000000    0000cee1   0000cee1    r-x
  00000000    00000000    0000003c   0000003c    r-- .resetVecs
  00000040    00000040    0000bdac   0000bdac    r-x .text
  0000bdf0    0000bdf0    000010f1   000010f1    r-- .rodata
0000cee4    0000cee4    00000008   00000008    rw-
  0000cee4    0000cee4    00000008   00000008    rw- .args
0000ceec    0000ceec    00000128   00000128    r--
  0000ceec    0000ceec    00000128   00000128    r-- .cinit
0004ffa8    0004ffa8    00000058   00000058    r--
  0004ffa8    0004ffa8    00000058   00000058    r-- .ccfg
200000d8    200000d8    000004e5   00000000    rw-
  200000d8    200000d8    000004e5   00000000    rw- .data
20001830    20001830    00000010   00000000    rw-
  20001830    20001830    00000010   00000000    rw- .TI.bound:dmaSpi0RxControlTableEntry
20001840    20001840    00000010   00000000    rw-
  20001840    20001840    00000010   00000000    rw- .TI.bound:dmaSpi0TxControlTableEntry
20001a30    20001a30    00000010   00000000    rw-
  20001a30    20001a30    00000010   00000000    rw- .TI.bound:dmaSpi0RxAltControlTableEntry
20001a40    20001a40    00000010   00000000    rw-
  20001a40    20001a40    00000010   00000000    rw- .TI.bound:dmaSpi0TxAltControlTableEntry
20001a50    20001a50    00004000   00000000    r--
  20001a50    20001a50    00004000   00000000    r-- .priheap
20005a50    20005a50    00001888   00000000    rw-
  20005a50    20005a50    00001888   00000000    rw- .bss
20011a00    20011a00    00000600   00000000    rw-
  20011a00    20011a00    00000600   00000000    rw- .stack


SECTION ALLOCATION MAP

 output                                  attributes/
section   page    origin      length       input sections
--------  ----  ----------  ----------   ----------------
.binit     0    00000000    00000000     

.cinit     0    0000ceec    00000128     
                  0000ceec    000000c2     (.cinit..data.load) [load image, compression = lzss]
                  0000cfae    00000002     --HOLE-- [fill = 0]
                  0000cfb0    0000000c     (__TI_handler_table)
                  0000cfbc    00000008     (.cinit..TI.bound:dmaSpi0RxAltControlTableEntry.load) [load image, compression = zero_init]
                  0000cfc4    00000008     (.cinit..TI.bound:dmaSpi0RxControlTableEntry.load) [load image, compression = zero_init]
                  0000cfcc    00000008     (.cinit..TI.bound:dmaSpi0TxAltControlTableEntry.load) [load image, compression = zero_init]
                  0000cfd4    00000008     (.cinit..TI.bound:dmaSpi0TxControlTableEntry.load) [load image, compression = zero_init]
                  0000cfdc    00000008     (.cinit..bss.load) [load image, compression = zero_init]
                  0000cfe4    00000030     (__TI_cinit_table)

.init_array 
*          0    00000000    00000000     UNINITIALIZED

.ccfg      0    0004ffa8    00000058     
                  0004ffa8    00000058     ti_devices_config.o (.ccfg)

.data      0    200000d8    000004e5     UNINITIALIZED
                  200000d8    00000174     drivers_cc26x2.a : PowerCC26X2.c.obj (.data.PowerCC26X2_module)
                  2000024c    0000007c     ti_drivers_config.o (.data.gpioPinConfigs)
                  200002c8    00000068     rf_multiMode_cc26x2.a : RFCC26X2_multiMode.c.cc26x2.ticlang.o (.data..L_MergedGlobals.1)
                  20000330    00000068     ti_sysbios_config.o (.data.ti_sysbios_knl_Clock_Module_state)
                  20000398    00000064     rf_multiMode_cc26x2.a : RFCC26X2_multiMode.c.cc26x2.ticlang.o (.data..L_MergedGlobals.3)
                  200003fc    00000058                           : RFCC26X2_multiMode.c.cc26x2.ticlang.o (.data..L_MergedGlobals.2)
                  20000454    0000003c     ti_sysbios_config.o (.data.ti_sysbios_family_arm_m3_Hwi_Module_state)
                  20000490    0000003c     ti_sysbios_config.o (.data.ti_sysbios_knl_Task_Module_state)
                  200004cc    0000002c     ti_sysbios_config.o (.data.BIOS_Module_state)
                  200004f8    00000028     ti_sysbios_config.o (.data.ti_sysbios_knl_Swi_Module_state)
                  20000520    00000010     Ethernet.o (.data.Ethernet_server_port)
                  20000530    00000010     driverlib.lib : osc.o (.data._hposcCoeffs)
                  20000540    00000010     ti_sysbios_config.o (.data.ti_sysbios_runtime_SysMin_Module_state)
                  20000550    0000000c     ti_sysbios_config.o (.data.ti_sysbios_family_arm_cc26xx_Timer_Module_state)
                  2000055c    0000000c     ti_sysbios_config.o (.data.ti_sysbios_runtime_Error_ignore)
                  20000568    0000000c     ti_sysbios_config.o (.data.ti_sysbios_runtime_System_Module_state)
                  20000574    00000008     rf_multiMode_cc26x2.a : RFCC26X2_multiMode.c.cc26x2.ticlang.o (.data..L_MergedGlobals)
                  2000057c    00000008     ti_sysbios_config.o (.data.prefixStrings)
                  20000584    00000008     ti_sysbios_config.o (.data.ti_sysbios_gates_GateMutex_Module_state)
                  2000058c    00000008     ti_sysbios_config.o (.data.ti_sysbios_heaps_HeapMem_Module_state)
                  20000594    00000008     ti_sysbios_config.o (.data.ti_sysbios_knl_Semaphore_Module_state)
                  2000059c    00000004     drivers_cc26x2.a : TemperatureCC26X2.c.obj (.data..L_MergedGlobals)
                  200005a0    00000004     EthernetClient.o (.data.EthernetClientPrintMethods)
                  200005a4    00000004     libc.a : aeabi_portable.c.obj (.data.__aeabi_errno)
                  200005a8    00000004            : _lock.c.obj (.data._lock)
                  200005ac    00000004            : _lock.c.obj (.data._unlock)
                  200005b0    00000004     ti_sysbios_config.o (.data.terminatedList)
                  200005b4    00000004     ti_sysbios_config.o (.data.ti_sysbios_runtime_Memory_defaultHeapInstance)
                  200005b8    00000001     drivers_cc26x2.a : GPIOCC26X2.c.obj (.data.initCalled)
                  200005b9    00000001                      : SPI.c.obj (.data.isInitialized)
                  200005ba    00000001                      : TemperatureCC26X2.c.obj (.data.isInitialized)
                  200005bb    00000001     ti_sysbios_config.o (.data.ti_sysbios_knl_Idle_initDone)
                  200005bc    00000001     ti_sysbios_config.o (.data.ti_sysbios_runtime_Startup_done)

.bss       0    20005a50    00001888     UNINITIALIZED
                  20005a50    00000401     ssd1306.o (.bss.SSD1306_LcdBufferInclStreamByte)
                  20005e51    00000002     ssd1306.o (.bss.SSD1306_SendCommand.buffer)
                  20005e53    00000001     dashboard_task.o (.bss.Dashboard_Main.readDestination)
                  20005e54    00000004     ssd1306.o (.bss._i2c)
                  20005e58    00000400     (.common:ti_sysbios_knl_Idle_taskStack)
                  20006258    00000400     (.common:ti_sysbios_runtime_SysMin_outbuf)
                  20006658    000002c0     rf_multiMode_cc26x2.a : RFCC26X2_multiMode.c.cc26x2.ticlang.o (.bss.RF_cmdPool)
                  20006918    000001ba     html.o (.bss.valueBuffer)
                  20006ad2    00000002     socket.o (.bss.local_port)
                  20006ad4    00000140     (.common:i2cCC26xxObjects)
                  20006c14    00000120     libsysbm.a : trgmsg.c.obj (.bss:_CIOBUF_)
                  20006d34    00000100     (.common:spiCC26X2DMAObjects)
                  20006e34    000000d8     (.common:ti_sysbios_family_arm_m3_Hwi_dispatchTable)
                  20006f0c    0000007c     (.common:gpioCallbackFunctions)
                  20006f88    0000007c     (.common:gpioUserArgs)
                  20007004    00000004     driverlib.lib : osc.o (.bss.oscHfGlobals.0)
                  20007008    00000060     (.common:ti_sysbios_knl_ClockSupport_timerStruct)
                  20007068    00000058     (.common:ti_sysbios_knl_Idle_taskStruct)
                  200070c0    00000030     (.common:ti_sysbios_knl_Swi_readyQs)
                  200070f0    00000030     (.common:ti_sysbios_knl_Task_readyQs)
                  20007120    0000002c     (.common:BIOS_heapMemObject)
                  2000714c    00000028     (.common:BIOS_rtsGate)
                  20007174    00000028     (.common:ti_sysbios_heaps_HeapMem_gate)
                  2000719c    00000024     (.common:dashboardTaskParams)
                  200071c0    00000024     (.common:initTaskParams)
                  200071e4    00000020     (.common:Ethernet)
                  20007204    00000020     (.common:ti_sysbios_runtime_System_atexitHandlers)
                  20007224    00000020     (.common:udmaCC26XXObject)
                  20007244    0000001c     drivers_cc26x2.a : TemperatureCC26X2.c.obj (.bss.batmonHwi)
                  20007260    0000001c                      : GPIOCC26X2.c.obj (.bss.gpioHwi)
                  2000727c    00000014     (.common:ti_sysbios_hal_Seconds_Module_state)
                  20007290    00000010     ssd1306.o (.bss._i2cParams)
                  200072a0    00000008     drivers_cc26x2.a : TemperatureCC26X2.c.obj (.bss.notificationList)
                  200072a8    00000008     (.common:parmbuf)
                  200072b0    00000004     driverlib.lib : osc.o (.bss.oscHfGlobals.2)
                  200072b4    00000004                   : osc.o (.bss.oscHfGlobals.3)
                  200072b8    00000004                   : osc.o (.bss.oscHfGlobals.4)
                  200072bc    00000004     (.common:Init_SemaphoreHandle)
                  200072c0    00000004     (.common:PowerCC26XX_swiKey)
                  200072c4    00000004     (.common:PowerCC26XX_taskKey)
                  200072c8    00000004     (.common:spi)
                  200072cc    00000004     (.common:ti_sysbios_family_arm_cc26xx_TimestampProvider_Module_state)
                  200072d0    00000004     (.common:ti_sysbios_knl_Task_defaultStackHeap)
                  200072d4    00000002     (.common:_counter)
                  200072d6    00000002     (.common:ethernetServer)

.stack     0    20011a00    00000600     UNINITIALIZED
                  20011a00    00000004     sysbios.a : boot_cortex_m.obj (.stack)
                  20011a04    000005fc     --HOLE--

.priheap   0    20001a50    00004000     UNINITIALIZED
                  20001a50    00004000     --HOLE--

.log_data 
*          0    90000000    00000000     COPY SECTION

.resetVecs 
*          0    00000000    0000003c     
                  00000000    0000003c     ti_sysbios_config.o (.resetVecs)

.vecs      0    20000000    000000d8     NOLOAD SECTION
                  20000000    000000d8     ti_sysbios_config.o (.vecs)

.text      0    00000040    0000bdac     
                  00000040    000005f0     ti_sysbios_config.o (.text.ti_sysbios_runtime_System_doPrint)
                  00000630    000005ea     driverlib.lib : osc.o (.text.findHposcCoefficients)
                  00000c1a    00000372     Dhcp.o (.text.DHCP_parseDHCPResponse)
                  00000f8c    000002de     log.o (.text.Log_print)
                  0000126a    00000002     ti_sysbios_config.o (.text.BIOS_nullFunc)
                  0000126c    000002c8     drivers_cc26x2.a : SPICC26X2DMA.c.obj (.text.SPICC26X2DMA_transfer)
                  00001534    0000025c     Dhcp.o (.text.DHCP_send_DHCP_MESSAGE)
                  00001790    00000236     Dhcp.o (.text.DHCP_request_DHCP_lease)
                  000019c6    00000002     ti_drivers_config.o (.text.Board_initHook)
                  000019c8    00000200     ti_sysbios_config.o (.text.ti_sysbios_runtime_System_printfExtend)
                  00001bc8    000001fa     ti_sysbios_config.o (.text.ti_sysbios_family_arm_m3_Hwi_excFillContext)
                  00001dc2    00000002     drivers_cc26x2.a : I2C.c.obj (.text.I2C_init)
                  00001dc4    000001b6     libclang_rt.builtins.a : adddf3.S.obj (.text)
                  00001f7a    000001ae     drivers_cc26x2.a : SPICC26X2DMA.c.obj (.text.SPICC26X2DMA_hwiFxn)
                  00002128    000001aa     ti_sysbios_config.o (.text.ti_sysbios_knl_TaskSupport_buildTaskStack)
                  000022d2    0000019c     init_task.o (.text.Init_Main)
                  0000246e    0000019a     ssd1306.o (.text.SSD1306_DrawLine)
                  00002608    00000198     ti_sysbios_config.o (.text.ti_sysbios_family_arm_cc26xx_Timer_construct)
                  000027a0    00000194     drivers_cc26x2.a : PowerCC26X2_calibrateRCOSC.c.obj (.text.PowerCC26X2_auxISR)
                  00002934    0000018e     ti_sysbios_config.o (.text.ti_sysbios_knl_Task_Instance_init)
                  00002ac2    00000002     libclang_rt.builtins.a : aeabi_div0.c.obj (.text.__aeabi_ldiv0)
                  00002ac4    00000188     drivers_cc26x2.a : SPICC26X2DMA.c.obj (.text.SPICC26X2DMA_open)
                  00002c4c    00000160                      : SPICC26X2DMA.c.obj (.text.configNextTransfer)
                  00002dac    00000158                      : PowerCC26X2.c.obj (.text.Power_sleep)
                  00002f04    0000013e     ti_sysbios_config.o (.text.PowerCC26XX_standbyPolicy)
                  00003042    0000013e     ti_sysbios_config.o (.text.ti_sysbios_heaps_HeapMem_allocUnprotected)
                  00003180    0000013c     drivers_cc26x2.a : I2CCC26XX.c.obj (.text.I2C_open)
                  000032bc    0000013c     ti_sysbios_config.o (.text.ti_sysbios_knl_Clock_workFuncDynamic)
                  000033f8    00000136     IPAddress.o (.text.IPAddress_toString)
                  0000352e    00000002     libc.a : _lock.c.obj (.text._nop)
                  00003530    00000136     libclang_rt.builtins.a : divdf3.S.obj (.text)
                  00003666    00000002     drivers_cc26x2.a : PowerCC26X2.c.obj (.text.emptyClockFunc)
                  00003668    00000134     driverlib.lib : osc.o (.text.findHposcPc)
                  0000379c    00000130     Dhcp.o (.text.DHCP_checkLease)
                  000038cc    00000126     drivers_cc26x2.a : I2C.c.obj (.text.I2C_transferTimeout)
                  000039f2    00000002     ti_sysbios_config.o (.text.ti_sysbios_family_arm_cc26xx_Timer_startup)
                  000039f4    00000124     rf_multiMode_cc26x2.a : RFCC26X2_multiMode.c.cc26x2.ticlang.o (.text.RF_abortCmd)
                  00003b18    00000122     drivers_cc26x2.a : SPICC26X2DMA.c.obj (.text.SPICC26X2DMA_transferCancel)
                  00003c3a    00000002     ti_sysbios_config.o (.text.ti_sysbios_knl_TaskSupport_init)
                  00003c3c    0000011c     sysbios.a : Hwi_asm_gnu.obj (.text.ti_sysbios_family_arm_m3_Hwi_dispatch)
                  00003d58    00000118     drivers_cc26x2.a : PowerCC26X2.c.obj (.text.Power_init)
                  00003e70    0000010e     ti_sysbios_config.o (.text.ti_sysbios_knl_Semaphore_pend)
                  00003f7e    00000002     --HOLE-- [fill = 0]
                  00003f80    0000010c     drivers_cc26x2.a : PowerCC26X2_calibrateRCOSC.c.obj (.text.PowerCC26X2_calibrate)
                  0000408c    0000010a     ssd1306.o (.text.SSD1306_DrawChar)
                  00004196    0000010a     ti_sysbios_config.o (.text.ti_sysbios_knl_Task_Instance_finalize)
                  000042a0    00000104     drivers_cc26x2.a : GPIOCC26X2.c.obj (.text.GPIO_init)
                  000043a4    000000fe     dashboard_task.o (.text.Dashboard_Main)
                  000044a2    000000fe     ti_sysbios_config.o (.text.ti_sysbios_family_arm_m3_Hwi_Instance_init)
                  000045a0    000000fc     libclang_rt.builtins.a : muldf3.S.obj (.text)
                  0000469c    000000f4     driverlib.lib : sys_ctrl.o (.text.NOROM_SysCtrlStandby)
                  00004790    000000ee     ti_sysbios_config.o (.text.ti_sysbios_knl_Clock_startI)
                  0000487e    00000002     --HOLE-- [fill = 0]
                  00004880    000000e8     drivers_cc26x2.a : I2CCC26XX.c.obj (.text.I2CCC26XX_hwiFxn)
                  00004968    000000e8     socket.o (.text.send)
                  00004a50    000000e4     driverlib.lib : setup.o (.text.NOROM_SetupTrimDevice)
                  00004b34    000000e4     ti_sysbios_config.o (.text.ti_sysbios_family_arm_m3_Hwi_initNVIC)
                  00004c18    000000de     dashboard_task.o (.text.UpdateDashboardInfo)
                  00004cf6    000000da     ti_sysbios_config.o (.text.ti_sysbios_heaps_HeapMem_freeUnprotected)
                  00004dd0    000000d8     drivers_cc26x2.a : SPICC26X2DMA.c.obj (.text.SPICC26X2DMA_control)
                  00004ea8    000000d0                      : PowerCC26X2.c.obj (.text.configureXOSCHF)
                  00004f78    000000c4     driverlib.lib : setup.o (.text.TrimAfterColdResetWakeupFromShutDown)
                  0000503c    000000c0     ti_sysbios_config.o (.text.ti_sysbios_knl_Clock_walkQueueDynamic)
                  000050fc    000000c0     ti_sysbios_config.o (.text.ti_sysbios_knl_Swi_restoreHwi)
                  000051bc    000000c0     ti_sysbios_config.o (.text.ti_sysbios_runtime_System_formatNum)
                  0000527c    000000be     gui.o (.text.GUI_Init)
                  0000533a    000000bc     ti_sysbios_config.o (.text.ti_sysbios_knl_Task_postInit)
                  000053f6    000000b8     ti_sysbios_config.o (.text.ti_sysbios_knl_Swi_Instance_init)
                  000054ae    000000b6     driverlib.lib : osc.o (.text.NOROM_OSC_HPOSCInitializeFrequencyOffsetParameters)
                  00005564    000000b4                   : osc.o (.text.NOROM_OSCHF_AttemptToSwitchToXosc)
                  00005618    000000b4     drivers_cc26x2.a : PowerCC26X2.c.obj (.text.Power_releaseDependency)
                  000056cc    000000b4     socket.o (.text.socket)
                  00005780    000000b2     html.o (.text.Html_CopyHtmlToMtuBuffer)
                  00005832    00000002     --HOLE-- [fill = 0]
                  00005834    000000b0     drivers_cc26x2.a : PowerCC26X2.c.obj (.text.Power_setDependency)
                  000058e4    000000b0     libclang_rt.builtins.a : udivmoddi4.S.obj (.text)
                  00005994    000000a8     drivers_cc26x2.a : TemperatureCC26X2.c.obj (.text.temperatureHwiFxn)
                  00005a3c    000000a6     socket.o (.text.recv)
                  00005ae2    000000a2     ti_sysbios_config.o (.text.ti_sysbios_knl_TaskSupport_start)
                  00005b84    000000a0     drivers_cc26x2.a : I2CCC26XX.c.obj (.text.I2CCC26XX_swiFxn)
                  00005c24    0000009a     Ethernet.o (.text.Ethernet_begin_mac)
                  00005cbe    0000009a     ssd1306.o (.text.SSD1306_Init)
                  00005d58    0000009a     ti_sysbios_config.o (.text.ti_sysbios_knl_Task_schedule)
                  00005df2    00000098     ti_sysbios_config.o (.text.ti_sysbios_hal_Seconds_getTime)
                  00005e8a    00000096     EthernetUdp.o (.text.EthernetUDP_begin)
                  00005f20    00000094     Ethernet.o (.text.Ethernet_maintain)
                  00005fb4    00000094     rf_multiMode_cc26x2.a : RFCC26X2_multiMode.c.cc26x2.ticlang.o (.text.RF_hposcRfCompensateFxn)
                  00006048    00000094     ti_sysbios_config.o (.text.ti_sysbios_heaps_HeapMem_Instance_init)
                  000060dc    00000090     ti_sysbios_config.o (.text.ti_sysbios_knl_Task_sleep)
                  0000616c    0000008e     ssd1306.o (.text.SSD1306_DrawPixel)
                  000061fa    0000008e     ti_sysbios_config.o (.text.ti_sysbios_family_arm_m3_Hwi_excHandlerMin)
                  00006288    0000008e     ti_sysbios_config.o (.text.ti_sysbios_knl_Swi_runLoop)
                  00006316    00000002     --HOLE-- [fill = 0]
                  00006318    0000008c     drivers_cc26x2.a : GPIOCC26XX.c.obj (.text.GPIO_setConfig)
                  000063a4    0000008c     ti_sysbios_config.o (.text.ti_sysbios_family_arm_m3_Hwi_construct2)
                  00006430    0000008a     EthernetClient.o (.text.EthernetClient_stop)
                  000064ba    0000008a     EthernetServer.o (.text.EthernetServer_accept)
                  00006544    0000008a     EthernetServer.o (.text.EthernetServer_available)
                  000065ce    0000008a     ti_sysbios_config.o (.text.ti_sysbios_knl_Semaphore_post)
                  00006658    00000088     rf_multiMode_cc26x2.a : RFCC26X2_multiMode.c.cc26x2.ticlang.o (.text.RF_discardPendCmd)
                  000066e0    00000088     ti_sysbios_config.o (.text.ti_sysbios_family_arm_m3_Hwi_postInit)
                  00006768    00000086     ti_sysbios_config.o (.text.ti_sysbios_runtime_Memory_alloc)
                  000067ee    00000084     EthernetUdp.o (.text.EthernetUDP_parsePacket)
                  00006872    00000084     main.o (.text.main)
                  000068f6    00000082     EthernetClient.o (.text.EthernetClient_connected)
                  00006978    00000082     ti_sysbios_config.o (.text.ti_sysbios_family_arm_m3_Hwi_getStackInfo)
                  000069fa    00000080     driverlib.lib : sys_ctrl.o (.text.NOROM_SysCtrlSetRechargeBeforePowerDown)
                  00006a7a    0000007e     ti_drivers_config.o (.text.Board_sendExtFlashByte)
                  00006af8    0000007e     ssd1306.o (.text.SSD1306_UpdatePosition)
                  00006b76    0000007c     ti_sysbios_config.o (.text.SwiP_construct)
                  00006bf2    0000007c     ti_sysbios_config.o (.text.ti_sysbios_family_arm_cc26xx_Timer_periodicStub)
                  00006c6e    0000007c     ti_sysbios_config.o (.text.ti_sysbios_knl_Swi_schedule)
                  00006cea    0000007a     ti_sysbios_config.o (.text.ti_sysbios_family_arm_m3_Hwi_dispatchC)
                  00006d64    0000007a     ti_sysbios_config.o (.text.ti_sysbios_knl_Idle_init)
                  00006dde    00000078     driverlib.lib : osc.o (.text.NOROM_OSCHF_SwitchToRcOscTurnOffXosc)
                  00006e56    00000078                   : osc.o (.text.NOROM_OSC_CapArrayAdjustWorkaround_Boot)
                  00006ece    00000002     --HOLE-- [fill = 0]
                  00006ed0    00000078     drivers_cc26x2.a : SPICC26X2DMA.c.obj (.text.SPICC26X2DMA_close)
                  00006f48    00000078     ti_sysbios_config.o (.text.ti_sysbios_family_arm_m3_Hwi_disableInterrupt)
                  00006fc0    00000078     ti_sysbios_config.o (.text.ti_sysbios_knl_Swi_run)
                  00007038    00000078     ti_sysbios_config.o (.text.ti_sysbios_knl_Task_blockI)
                  000070b0    00000078     ti_sysbios_config.o (.text.ti_sysbios_knl_Task_startup)
                  00007128    00000076     gui.o (.text.GUI_ChangeProto)
                  0000719e    00000002     --HOLE-- [fill = 0]
                  000071a0    00000074     drivers_cc26x2.a : PowerCC26X2_calibrateRCOSC_helpers.c.obj (.text.PowerCC26X2_updateSubSecInc)
                  00007214    00000074                      : TemperatureCC26X2.c.obj (.text.Temperature_init)
                  00007288    00000074     ti_sysbios_config.o (.text.ti_sysbios_heaps_HeapMem_getStats)
                  000072fc    00000072     ti_sysbios_config.o (.text.ti_sysbios_family_arm_cc26xx_Timer_setThreshold)
                  0000736e    00000070     EthernetServer.o (.text.EthernetServer_begin)
                  000073de    00000002     --HOLE-- [fill = 0]
                  000073e0    00000070     ArduinoCompatibility.o (.text.millis)
                  00007450    00000070     ti_sysbios_config.o (.text.ti_sysbios_family_arm_m3_Hwi_enableInterrupt)
                  000074c0    0000006e     ti_sysbios_config.o (.text.BIOS_init)
                  0000752e    0000006e     ti_drivers_config.o (.text.Board_shutDownExtFlash)
                  0000759c    0000006e     libclang_rt.builtins.a : comparedf2.c.obj (.text.__gedf2)
                  0000760a    00000002     --HOLE-- [fill = 0]
                  0000760c    0000006e                            : comparedf2.c.obj (.text.__ledf2)
                  0000767a    0000006e     init_task.o (.text.byte2hex)
                  000076e8    0000006e     ti_sysbios_config.o (.text.ti_sysbios_knl_Clock_init)
                  00007756    0000006c     Dhcp.o (.text.DHCP_printByte)
                  000077c2    0000006c     EthernetUdp.o (.text.EthernetUDP_read_buf)
                  0000782e    0000006c     w5500.o (.text.W5500_read_buf)
                  0000789a    0000006a     html.o (.text.Html_strcpy)
                  00007904    0000006a     drivers_cc26x2.a : I2CCC26XX.c.obj (.text.I2CSupport_primeTransfer)
                  0000796e    0000006a     w5500.o (.text.W5500_write_buf)
                  000079d8    0000006a     libc.a : copy_decompress_lzss.c.obj (.text:decompress:lzss)
                  00007a42    00000068     w5500.o (.text.W5500_send_data_processing_offset)
                  00007aaa    00000066     EthernetClient.o (.text.EthernetClient_readBytesUntil)
                  00007b10    00000066     ti_sysbios_config.o (.text.ti_sysbios_family_arm_cc26xx_Timer_start)
                  00007b76    00000066     ti_sysbios_config.o (.text.ti_sysbios_family_arm_m3_Hwi_Instance_finalize)
                  00007bdc    00000064     drivers_cc26x2.a : PowerCC26X2_calibrateRCOSC.c.obj (.text.PowerCC26X2_initiateCalibration)
                  00007c40    00000064     SPIfg.o (.text.SPI_transf)
                  00007ca4    00000064     ssd1306.o (.text.SSD1306_DrawString)
                  00007d08    00000064     drivers_cc26x2.a : UDMACC26XX.c.obj (.text.UDMACC26XX_open)
                  00007d6c    00000064                      : PowerCC26X2.c.obj (.text.oscillatorISR)
                  00007dd0    00000062     socket.o (.text.bufferData)
                  00007e32    00000002     --HOLE-- [fill = 0]
                  00007e34    00000062     libclang_rt.builtins.a : aeabi_dcmp.S.obj (.text)
                  00007e96    00000060     Dhcp.o (.text.DHCP_beginWithDHCP)
                  00007ef6    00000060     drivers_cc26x2.a : SPICC26X2DMA.c.obj (.text.csnCallback)
                  00007f56    00000060     ti_sysbios_config.o (.text.ti_sysbios_knl_ClockSupport_init)
                  00007fb6    0000005e     socket.o (.text.startUDP)
                  00008014    0000005e     ti_sysbios_config.o (.text.ti_sysbios_knl_Swi_post)
                  00008072    0000005e     ti_sysbios_config.o (.text.ti_sysbios_runtime_Error_raiseX)
                  000080d0    0000005c     ti_sysbios_config.o (.text.ClockP_construct)
                  0000812c    0000005c     libclang_rt.builtins.a : divmoddi4.c.obj (.text.__divmoddi4)
                  00008188    0000005c     ti_sysbios_config.o (.text.ti_sysbios_heaps_HeapMem_alloc)
                  000081e4    0000005c     ti_sysbios_config.o (.text.ti_sysbios_knl_Task_init)
                  00008240    0000005a     init_task.o (.text.mac2string)
                  0000829a    00000058     ti_sysbios_config.o (.text.AONRTCEventClear)
                  000082f2    00000058     ti_sysbios_config.o (.text.HwiP_construct)
                  0000834a    00000058     w5500.o (.text.W5500_recv_data_processing)
                  000083a2    00000058     ti_sysbios_config.o (.text.ti_sysbios_family_arm_m3_Hwi_construct)
                  000083fa    00000002     --HOLE-- [fill = 0]
                  000083fc    00000058     sysbios.a : Hwi_asm_switch_gnu.obj (.text.ti_sysbios_family_arm_m3_Hwi_initStacks)
                  00008454    00000058     ti_sysbios_config.o (.text.ti_sysbios_heaps_HeapMem_construct)
                  000084ac    00000058     ti_sysbios_config.o (.text.ti_sysbios_knl_Swi_init)
                  00008504    00000056     ti_sysbios_config.o (.text.AONRTCCompareValueSet)
                  0000855a    00000056     gui.o (.text.GUI_ChangeRx)
                  000085b0    00000056     ti_sysbios_config.o (.text.getTime)
                  00008606    00000056     ti_sysbios_config.o (.text.ti_sysbios_family_arm_cc26xx_Timer_getCurrentTick)
                  0000865c    00000056     ti_sysbios_config.o (.text.ti_sysbios_knl_Clock_Instance_init)
                  000086b2    00000056     ti_sysbios_config.o (.text.ti_sysbios_runtime_SystemSupport_flush)
                  00008708    00000056     ti_sysbios_config.o (.text.ti_sysbios_runtime_System_atexit)
                  0000875e    00000056     ti_sysbios_config.o (.text.ti_sysbios_runtime_System_putchar)
                  000087b4    00000054     ti_sysbios_config.o (.text.AONRTCChannelEnable)
                  00008808    00000054     ti_sysbios_config.o (.text.BIOS_startFunc)
                  0000885c    00000054     libsysbm.a : hostwrite.c.obj (.text.HOSTwrite)
                  000088b0    00000054     drivers_cc26x2.a : I2CCC26XX.c.obj (.text.I2CCC26XX_initHw)
                  00008904    00000052     driverlib.lib : chipinfo.o (.text.NOROM_ChipInfo_GetHwRevision)
                  00008956    00000052     ti_sysbios_config.o (.text.usleep)
                  000089a8    00000050     rf_multiMode_cc26x2.a : RFCC26X2_multiMode.c.cc26x2.ticlang.o (.text.RF_enableHPOSCTemperatureCompensation)
                  000089f8    00000050     ti_sysbios_config.o (.text.ti_sysbios_family_arm_cc26xx_Timer_setNextTick)
                  00008a48    0000004e     w5500.o (.text.W5500_getRXReceivedSize)
                  00008a96    0000004e     w5500.o (.text.W5500_getTXFreeSize)
                  00008ae4    0000004e     ti_sysbios_config.o (.text.ti_sysbios_knl_Swi_restore)
                  00008b32    0000004c     driverlib.lib : osc.o (.text.NOROM_OSC_HPOSCRelativeFrequencyOffsetGet)
                  00008b7e    00000002     --HOLE-- [fill = 0]
                  00008b80    0000004c     drivers_cc26x2.a : SPICC26X2DMA.c.obj (.text.initHw)
                  00008bcc    0000004c     SPIfg.o (.text.initSS)
                  00008c18    0000004c     drivers_cc26x2.a : PowerCC26X2.c.obj (.text.switchXOSCHF)
                  00008c64    0000004c     ti_sysbios_config.o (.text.ti_sysbios_knl_Task_create)
                  00008cb0    0000004c     ti_sysbios_config.o (.text.ti_sysbios_runtime_SystemSupport_putch)
                  00008cfc    0000004c     ti_sysbios_config.o (.text.ti_sysbios_runtime_System_processAtExit)
                  00008d48    0000004a     SPIfg.o (.text.SPI_begin)
                  00008d92    0000004a     ti_sysbios_config.o (.text.ti_sysbios_knl_Task_construct)
                  00008ddc    0000004a     ti_sysbios_config.o (.text.ti_sysbios_runtime_Error_print)
                  00008e26    00000048     EthernetClient.o (.text.EthernetClient_timedRead)
                  00008e6e    00000048     html.o (.text.Html_SetKeyValueInBuffer)
                  00008eb6    00000002     --HOLE-- [fill = 0]
                  00008eb8    00000048     driverlib.lib : aux_sysif.o (.text.NOROM_AUXSYSIFOpModeChange)
                  00008f00    00000048     ssd1306.o (.text.SSD1306_SendCommand)
                  00008f48    00000048     drivers_cc26x2.a : TemperatureCC26X2.c.obj (.text.Temperature_registerNotifyRange)
                  00008f90    00000048     w5500.o (.text.W5500_init)
                  00008fd8    00000048     ti_sysbios_config.o (.text.ti_sysbios_family_arm_m3_Hwi_init)
                  00009020    00000048     libclang_rt.builtins.a : fixdfsi.S.obj (.text)
                  00009068    00000046     ti_sysbios_config.o (.text.ti_sysbios_knl_Semaphore_Instance_init)
                  000090ae    00000046     ti_sysbios_config.o (.text.ti_sysbios_knl_Swi_construct)
                  000090f4    00000046     ti_sysbios_config.o (.text.ti_sysbios_knl_Task_processVitalTaskFlag)
                  0000913a    00000046     ti_sysbios_config.o (.text.ti_sysbios_knl_Task_unblockI)
                  00009180    00000046     ti_sysbios_config.o (.text.ti_sysbios_runtime_SysMin_output)
                  000091c6    00000044     ti_sysbios_config.o (.text.BIOS_rtsLock)
                  0000920a    00000002     --HOLE-- [fill = 0]
                  0000920c    00000044     drivers_cc26x2.a : GPIOCC26X2.c.obj (.text.GPIO_hwiIntFxn)
                  00009250    00000044     gui.o (.text.GUI_ChangeDeviceIp)
                  00009294    00000044     gui.o (.text.GUI_ChangeTargetIp)
                  000092d8    00000044     driverlib.lib : prcm.o (.text.NOROM_PRCMPowerDomainsAllOff)
                  0000931c    00000044                   : prcm.o (.text.NOROM_PRCMPowerDomainsAllOn)
                  00009360    00000044     rf_multiMode_cc26x2.a : RFCC26X2_multiMode.c.cc26x2.ticlang.o (.text.RF_cmdGet)
                  000093a4    00000044     drivers_cc26x2.a : SPI.c.obj (.text.SPI_init)
                  000093e8    00000044     ti_sysbios_config.o (.text._pthread_cleanupFxn)
                  0000942c    00000044     drivers_cc26x2.a : TemperatureCC26X2.c.obj (.text.degreesToCode)
                  00009470    00000044                      : TemperatureCC26X2.c.obj (.text.setNextThresholds)
                  000094b4    00000044     ti_sysbios_config.o (.text.ti_sysbios_knl_Task_restore)
                  000094f8    00000044     libclang_rt.builtins.a : fixunsdfsi.S.obj (.text)
                  0000953c    00000044     restart.o (.text)
                  00009580    00000042     EthernetClient.o (.text.EthernetClient_write)
                  000095c2    00000042     EthernetUdp.o (.text.EthernetUDP_read)
                  00009604    00000042     ssd1306.o (.text.SSD1306_UpdateScreen)
                  00009646    00000042     stv.o (.text.STV_WriteStringAtAddress)
                  00009688    00000040     Ethernet.o (.text.Ethernet_begin_mac_ip_dns_gateway_subnet)
                  000096c8    00000040     drivers_cc26x2.a : PowerCC26X2_calibrateRCOSC.c.obj (.text.PowerCC26X2_RCOSC_clockFunc)
                  00009708    00000040                      : PowerCC26X2_calibrateRCOSC_helpers.c.obj (.text.PowerCC26X2_setAclkRefSrc)
                  00009748    00000040     rf_multiMode_cc26x2.a : RFCC26X2_multiMode.c.cc26x2.ticlang.o (.text.RF_updateHpOscOverride)
                  00009788    00000040     drivers_cc26x2.a : SPI.c.obj (.text.SPI_open)
                  000097c8    00000040     ti_sysbios_config.o (.text.ti_sysbios_gates_GateMutex_enter)
                  00009808    00000040     ti_sysbios_config.o (.text.ti_sysbios_knl_Semaphore_pendTimeout)
                  00009848    00000040     ti_sysbios_config.o (.text.ti_sysbios_knl_Task_exit)
                  00009888    0000003e     dashboard_task.o (.text.SendHtml)
                  000098c6    0000003e     w5500.o (.text.W5500_read)
                  00009904    0000003e     w5500.o (.text.W5500_write)
                  00009942    0000003e     socket.o (.text.sendUDP)
                  00009980    0000003e     ti_sysbios_config.o (.text.ti_sysbios_knl_Clock_getTicksUntilInterrupt)
                  000099be    0000003c     ti_sysbios_config.o (.text.BIOS_atExitFunc)
                  000099fa    00000002     --HOLE-- [fill = 0]
                  000099fc    0000003c     drivers_cc26x2.a : GPIO.c.obj (.text.GPIO_resetConfig)
                  00009a38    0000003c     driverlib.lib : sys_ctrl.o (.text.NOROM_SysCtrlIdle)
                  00009a74    0000003c     drivers_cc26x2.a : PowerCC26X2_calibrateRCOSC_helpers.c.obj (.text.PowerCC26X2_setTdcClkSrc24M)
                  00009ab0    0000003c     ti_sysbios_config.o (.text.ti_sysbios_family_arm_m3_Hwi_setPriority)
                  00009aec    0000003c     ti_sysbios_config.o (.text.ti_sysbios_knl_Task_restoreHwi)
                  00009b28    0000003c     drivers_cc26x2.a : TemperatureCC26X2.c.obj (.text.updateThresholds)
                  00009b64    0000003c     Printfg.o (.text.write_string)
                  00009ba0    0000003a     stv.o (.text.STV_CopyStvFromFlashIfNotYet)
                  00009bda    0000003a     ssd1306.o (.text.sendData)
                  00009c14    0000003a     ti_sysbios_config.o (.text.ti_sysbios_family_arm_m3_Hwi_clearInterrupt)
                  00009c4e    00000038     ti_drivers_config.o (.text.Board_wakeUpExtFlash)
                  00009c86    00000038     EthernetUdp.o (.text.EthernetUDP_stop)
                  00009cbe    00000002     --HOLE-- [fill = 0]
                  00009cc0    00000038     drivers_cc26x2.a : PowerCC26X2_helpers.c.obj (.text.PowerCC26X2_oscDisableQualifiers)
                  00009cf8    00000038                      : UDMACC26XX.c.obj (.text.UDMACC26XX_close)
                  00009d30    00000038     w5500.o (.text.W5500_readSnRX_RD)
                  00009d68    00000038     w5500.o (.text.W5500_readSnRX_RSR)
                  00009da0    00000038     w5500.o (.text.W5500_readSnTX_FSR)
                  00009dd8    00000038     w5500.o (.text.W5500_readSnTX_WR)
                  00009e10    00000038     socket.o (.text.listen)
                  00009e48    00000038     ti_sysbios_config.o (.text.ti_sysbios_runtime_Startup_exec)
                  00009e80    00000038     libc.a : autoinit.c.obj (.text:__TI_auto_init_nobinit_nopinit)
                  00009eb8    00000038     libclang_rt.builtins.a : extendsfdf2.S.obj (.text)
                  00009ef0    00000036     ti_sysbios_config.o (.text.BIOS_rtsUnlock)
                  00009f26    00000036     ti_sysbios_config.o (.text.SemaphoreP_pend)
                  00009f5c    00000036     ti_sysbios_config.o (.text.ti_sysbios_knl_Swi_construct2)
                  00009f92    00000034     html.o (.text.Html_strset)
                  00009fc6    00000002     --HOLE-- [fill = 0]
                  00009fc8    00000034     drivers_cc26x2.a : PowerCC26X2.c.obj (.text.Power_releaseConstraint)
                  00009ffc    00000034     rf_multiMode_cc26x2.a : RFCC26X2_multiMode.c.cc26x2.ticlang.o (.text.RF_runDirectImmediateCmd)
                  0000a030    00000034     w5500.o (.text.W5500_read_data)
                  0000a064    00000034     w5500.o (.text.W5500_writeSn_buf)
                  0000a098    00000034     libsysbm.a : trgmsg.c.obj (.text.__TI_writemsg)
                  0000a0cc    00000034     ti_sysbios_config.o (.text.ti_sysbios_family_arm_cc26xx_Timer_getMaxTicks)
                  0000a100    00000034     ti_sysbios_config.o (.text.ti_sysbios_knl_Queue_put)
                  0000a134    00000034     ti_sysbios_config.o (.text.ti_sysbios_runtime_System_vprintf)
                  0000a168    00000034     sysbios.a : boot_cortex_m.obj (.text:_c_int00)
                  0000a19c    00000032     ti_drivers_config.o (.text.Board_init)
                  0000a1ce    00000032     EthernetUdp.o (.text.EthernetUDP_write)
                  0000a200    00000032     ti_sysbios_config.o (.text.ti_sysbios_knl_Semaphore_create)
                  0000a232    00000030     EthernetClient.o (.text.EthernetClient_read)
                  0000a262    00000002     --HOLE-- [fill = 0]
                  0000a264    00000030     drivers_cc26x2.a : GPIOCC26XX.c.obj (.text.GPIO_setInterruptConfig)
                  0000a294    00000030                      : PowerCC26X2.c.obj (.text.Power_setConstraint)
                  0000a2c4    00000030     w5500.o (.text.W5500_writeSn)
                  0000a2f4    00000030     libsysbm.a : trgmsg.c.obj (.text.__TI_readmsg)
                  0000a324    00000030     drivers_cc26x2.a : PowerCC26X2.c.obj (.text.notify)
                  0000a354    00000030     ti_sysbios_config.o (.text.ti_sysbios_family_arm_m3_Hwi_plug)
                  0000a384    00000030     ti_sysbios_config.o (.text.ti_sysbios_heaps_HeapMem_free)
                  0000a3b4    00000030     ti_sysbios_config.o (.text.ti_sysbios_knl_Clock_construct)
                  0000a3e4    00000030     ti_sysbios_config.o (.text.ti_sysbios_knl_Idle_run)
                  0000a414    0000002e     EthernetClient.o (.text.EthernetClient_status)
                  0000a442    0000002e     EthernetUdp.o (.text.EthernetUDP_beginPacket_ip)
                  0000a470    0000002e     driverlib.lib : chipinfo.o (.text.NOROM_ThisLibraryIsFor_CC13x2_CC26x2_HwRev20AndLater_HaltIfViolated)
                  0000a49e    0000002e     ti_sysbios_config.o (.text._pthread_delete)
                  0000a4cc    0000002e     ti_sysbios_config.o (.text.ti_sysbios_family_arm_m3_Hwi_initStack)
                  0000a4fa    0000002e     ti_sysbios_config.o (.text.ti_sysbios_gates_GateMutex_Instance_init)
                  0000a528    0000002e     libclang_rt.builtins.a : floatsidf.S.obj (.text)
                  0000a556    0000002c     ti_sysbios_config.o (.text.BIOS_registerRTSLock)
                  0000a582    0000002c     ti_sysbios_config.o (.text.BIOS_removeRTSLock)
                  0000a5ae    00000002     --HOLE-- [fill = 0]
                  0000a5b0    0000002c     rf_multiMode_cc26x2.a : RFCC26X2_multiMode.c.cc26x2.ticlang.o (.text.RF_executeDirectImmediateCmd)
                  0000a5dc    0000002c     ti_sysbios_config.o (.text.SemaphoreP_createBinary)
                  0000a608    0000002c     drivers_cc26x2.a : TemperatureCC26X2.c.obj (.text.Temperature_unregisterNotify)
                  0000a634    0000002c     w5500.o (.text.W5500_execCmdSn)
                  0000a660    0000002c     w5500.o (.text.W5500_writeSnDPORT)
                  0000a68c    0000002c     w5500.o (.text.W5500_writeSnPORT)
                  0000a6b8    0000002c     w5500.o (.text.W5500_writeSnRX_RD)
                  0000a6e4    0000002c     w5500.o (.text.W5500_writeSnTX_WR)
                  0000a710    0000002c     ti_sysbios_config.o (.text.ti_sysbios_knl_Semaphore_construct)
                  0000a73c    0000002c     ti_sysbios_config.o (.text.ti_sysbios_runtime_Memory_free)
                  0000a768    0000002a     IPAddress.o (.text.IPAddress_Init_str)
                  0000a792    0000002a     driverlib.lib : osc.o (.text.NOROM_OSCHF_TurnOnXosc)
                  0000a7bc    0000002a     drivers_cc26x2.a : SPICC26X2DMA.c.obj (.text.SPICC26X2DMA_swiFxn)
                  0000a7e6    0000002a     ti_sysbios_config.o (.text.SemaphoreP_constructBinary)
                  0000a810    0000002a     ti_sysbios_config.o (.text.ti_sysbios_knl_Clock_initI)
                  0000a83a    0000002a     ti_sysbios_config.o (.text.ti_sysbios_knl_Task_enter)
                  0000a864    00000028     EthernetClient.o (.text.EthernetClient_available)
                  0000a88c    00000028     drivers_cc26x2.a : I2C.c.obj (.text.I2C_cancel)
                  0000a8b4    00000028                      : List.c.obj (.text.List_remove)
                  0000a8dc    00000028     rf_multiMode_cc26x2.a : RFCC26X2_multiMode.c.cc26x2.ticlang.o (.text.RF_cmdStoreEvents)
                  0000a904    00000028     w5500.o (.text.W5500_readSn)
                  0000a92c    00000028     sysbios.a : Hwi_asm_gnu.obj (.text.ti_sysbios_family_arm_m3_Hwi_excHandlerAsm)
                  0000a954    00000028     ti_sysbios_config.o (.text.ti_sysbios_gates_GateMutex_construct)
                  0000a97c    00000028     ti_sysbios_config.o (.text.ti_sysbios_knl_Queue_enqueue)
                  0000a9a4    00000028     ti_sysbios_config.o (.text.ti_sysbios_knl_Swi_or)
                  0000a9cc    00000028     sysbios.a : TaskSupport_asm_gnu.obj (.text.ti_sysbios_knl_TaskSupport_swap)
                  0000a9f4    00000028     ti_sysbios_config.o (.text.ti_sysbios_knl_Task_sleepTimeout)
                  0000aa1c    00000028     ti_sysbios_config.o (.text.ti_sysbios_runtime_System_init)
                  0000aa44    00000028     ti_sysbios_config.o (.text.ti_sysbios_runtime_System_printf)
                  0000aa6c    00000026     drivers_cc26x2.a : SPICC26X2DMA.c.obj (.text.flushFifos)
                  0000aa92    00000026     ti_sysbios_config.o (.text.ti_sysbios_family_arm_m3_Hwi_getHandle)
                  0000aab8    00000026     ti_sysbios_config.o (.text.ti_sysbios_knl_Swi_destruct)
                  0000aade    00000026     ti_sysbios_config.o (.text.ti_sysbios_knl_Task_allBlockedFunction)
                  0000ab04    00000026     ti_sysbios_config.o (.text.ti_sysbios_knl_Task_delete)
                  0000ab2a    00000026     ti_sysbios_config.o (.text.ti_sysbios_knl_Task_destruct)
                  0000ab50    00000024     drivers_cc26x2.a : List.c.obj (.text.List_put)
                  0000ab74    00000024                      : PowerCC26X2_helpers.c.obj (.text.PowerCC26X2_setSubSecIncToXoscLf)
                  0000ab98    00000024                      : PowerCC26X2_calibrateRCOSC_helpers.c.obj (.text.PowerCC26X2_writeCtrim)
                  0000abbc    00000024                      : PowerCC26X2_calibrateRCOSC_helpers.c.obj (.text.PowerCC26X2_writeCtrimFract)
                  0000abe0    00000024                      : PowerCC26X2_calibrateRCOSC_helpers.c.obj (.text.PowerCC26X2_writeCtrimFractEn)
                  0000ac04    00000024                      : PowerCC26X2_calibrateRCOSC_helpers.c.obj (.text.PowerCC26X2_writeRtrim)
                  0000ac28    00000024                      : PowerCC26X2.c.obj (.text.Power_registerNotify)
                  0000ac4c    00000024     ssd1306.o (.text.SSD1306_SetPosition)
                  0000ac70    00000024     drivers_cc26x2.a : SPICC26X2DMA.c.obj (.text.releaseConstraint)
                  0000ac94    00000024     ti_sysbios_config.o (.text.ti_sysbios_family_arm_cc26xx_Timer_Params_init)
                  0000acb8    00000024     ti_sysbios_config.o (.text.ti_sysbios_knl_Task_Params_init)
                  0000acdc    00000022     ti_sysbios_config.o (.text.BIOS_setThreadType)
                  0000acfe    00000022     w5500.o (.text.W5500_send_data_processing)
                  0000ad20    00000022     libc.a : memcmp.c.obj (.text.memcmp)
                  0000ad42    00000022     ti_sysbios_config.o (.text.ti_sysbios_gates_GateMutex_leave)
                  0000ad64    00000022     ti_sysbios_config.o (.text.ti_sysbios_heaps_HeapMem_restore)
                  0000ad86    00000022     ti_sysbios_config.o (.text.ti_sysbios_knl_Clock_getTicks)
                  0000ada8    00000022     ti_sysbios_config.o (.text.ti_sysbios_knl_Clock_scheduleNextTick)
                  0000adca    00000022     ti_sysbios_config.o (.text.ti_sysbios_knl_Queue_dequeue)
                  0000adec    00000022     ti_sysbios_config.o (.text.ti_sysbios_knl_Semaphore_destruct)
                  0000ae0e    00000020     Dhcp.o (.text.DHCP_reset_DHCP_lease)
                  0000ae2e    00000002     --HOLE-- [fill = 0]
                  0000ae30    00000020     rf_multiMode_cc26x2.a : rfc.c.cc26x2.ticlang.o (.text.NOROM_RFCDoorbellSendTo)
                  0000ae50    00000020                           : rfc.c.cc26x2.ticlang.o (.text.NOROM_RFCOverrideSearch)
                  0000ae70    00000020     drivers_cc26x2.a : PowerCC26X2_helpers.c.obj (.text.PowerCC26X2_disableTCXOQual)
                  0000ae90    00000020                      : PowerCC26X2_helpers.c.obj (.text.PowerCC26X2_enableTCXOQual)
                  0000aeb0    00000020     ti_sysbios_config.o (.text.PowerCC26XX_schedulerDisable)
                  0000aed0    00000020     ti_sysbios_config.o (.text.PowerCC26XX_schedulerRestore)
                  0000aef0    00000020     drivers_cc26x2.a : PowerCC26X2.c.obj (.text.Power_unregisterNotify)
                  0000af10    00000020     rf_multiMode_cc26x2.a : RFCC26X2_multiMode.c.cc26x2.ticlang.o (.text.RF_invokeGlobalCallback)
                  0000af30    00000020     socket.o (.text.close)
                  0000af50    00000020     ti_sysbios_config.o (.text.ti_sysbios_family_arm_cc26xx_Timer_postInit)
                  0000af70    00000020     ti_sysbios_config.o (.text.ti_sysbios_family_arm_m3_Hwi_excHandler)
                  0000af90    00000020     ti_sysbios_config.o (.text.ti_sysbios_knl_ClockSupport_getCurrentTick)
                  0000afb0    00000020     libclang_rt.builtins.a : floatunsidf.S.obj (.text)
                  0000afd0    0000001e     ti_sysbios_config.o (.text.SwiP_Params_init)
                  0000afee    0000001e     w5500.o (.text.W5500_writeSnCR)
                  0000b00c    0000001e     w5500.o (.text.W5500_writeSnIR)
                  0000b02a    0000001e     w5500.o (.text.W5500_writeSnMR)
                  0000b048    0000001e     sysbios.a : Hwi_asm_switch_gnu.obj (.text.ti_sysbios_family_arm_m3_Hwi_switchAndRunFunc)
                  0000b066    0000001e     ti_sysbios_config.o (.text.ti_sysbios_family_arm_m3_Hwi_switchFromBootStack)
                  0000b084    0000001e     ti_sysbios_config.o (.text.ti_sysbios_knl_Task_unblock)
                  0000b0a2    0000001c     EthernetClient.o (.text.EthernetClient_begin)
                  0000b0be    0000001c     EthernetClient.o (.text.EthernetClient_print)
                  0000b0da    0000001c     EthernetUdp.o (.text.EthernetUDP_flush)
                  0000b0f6    00000002     --HOLE-- [fill = 0]
                  0000b0f8    0000001c     drivers_cc26x2.a : GPIO.c.obj (.text.GPIO_setCallback)
                  0000b114    0000001c                      : GPIOCC26XX.c.obj (.text.GPIO_setMux)
                  0000b130    0000001c     ti_sysbios_config.o (.text.HwiP_Params_init)
                  0000b14c    0000001c     drivers_cc26x2.a : PowerCC26X2.c.obj (.text.Power_getTransitionLatency)
                  0000b168    0000001c     w5500.o (.text.W5500_writeSnDIPR)
                  0000b184    0000001c     drivers_cc26x2.a : TemperatureCC26X2.c.obj (.text.setTempLowerLimit)
                  0000b1a0    0000001c                      : TemperatureCC26X2.c.obj (.text.setTempUpperLimit)
                  0000b1bc    0000001c     ti_sysbios_config.o (.text.ti_sysbios_family_arm_cc26xx_Timer_dynamicStub)
                  0000b1d8    0000001c     ti_sysbios_config.o (.text.ti_sysbios_family_arm_m3_Hwi_Params_init)
                  0000b1f4    0000001c     ti_sysbios_config.o (.text.ti_sysbios_knl_Clock_enqueueI)
                  0000b210    0000001c     ti_sysbios_config.o (.text.ti_sysbios_knl_Clock_start)
                  0000b22c    0000001c     ti_sysbios_config.o (.text.ti_sysbios_knl_Queue_remove)
                  0000b248    0000001c     ti_sysbios_config.o (.text.ti_sysbios_knl_Swi_Params_init)
                  0000b264    0000001c     ti_sysbios_config.o (.text.ti_sysbios_knl_Swi_disable)
                  0000b280    0000001c     ti_sysbios_config.o (.text.ti_sysbios_knl_Task_disable)
                  0000b29c    0000001a     ti_sysbios_config.o (.text.BIOS_exitFunc)
                  0000b2b6    0000001a     ti_sysbios_config.o (.text.BIOS_getCpuFreq)
                  0000b2d0    0000001a     drivers_cc26x2.a : I2CCC26XX.c.obj (.text.I2CCC26XX_completeTransfer)
                  0000b2ea    0000001a     ti_sysbios_config.o (.text.ti_sysbios_knl_Semaphore_Instance_finalize)
                  0000b304    00000018     ti_sysbios_config.o (.text.BIOS_exit)
                  0000b31c    00000018     Dhcp.o (.text.DHCP_getDnsServerIp)
                  0000b334    00000018     Dhcp.o (.text.DHCP_getGatewayIp)
                  0000b34c    00000018     Dhcp.o (.text.DHCP_getLocalIp)
                  0000b364    00000018     Dhcp.o (.text.DHCP_getSubnetMask)
                  0000b37c    00000018     drivers_cc26x2.a : GPIOCC26XX.c.obj (.text.GPIO_disableInt)
                  0000b394    00000018                      : PowerCC26X2.c.obj (.text.PowerCC26XX_calibrate)
                  0000b3ac    00000018                      : PowerCC26X2.c.obj (.text.Power_idleFunc)
                  0000b3c4    00000018     stv.o (.text.STV_WriteAtAddress)
                  0000b3dc    00000018     Printfg.o (.text.print)
                  0000b3f4    00000018     ti_sysbios_config.o (.text.ti_sysbios_family_arm_cc26xx_Timer_getCount64)
                  0000b40c    00000018     ti_sysbios_config.o (.text.ti_sysbios_knl_ClockSupport_setNextTick)
                  0000b424    00000018     sysbios.a : TaskSupport_asm_gnu.obj (.text.ti_sysbios_knl_TaskSupport_glue)
                  0000b43c    00000016     ti_sysbios_config.o (.text.ClockP_Params_init)
                  0000b452    00000016     w5500.o (.text.W5500_readGAR)
                  0000b468    00000016     w5500.o (.text.W5500_readSIPR)
                  0000b47e    00000016     w5500.o (.text.W5500_readSUBR)
                  0000b494    00000016     w5500.o (.text.W5500_readSnCR)
                  0000b4aa    00000016     w5500.o (.text.W5500_readSnIR)
                  0000b4c0    00000016     w5500.o (.text.W5500_readSnSR)
                  0000b4d6    00000016     w5500.o (.text.W5500_writeGAR)
                  0000b4ec    00000016     w5500.o (.text.W5500_writeSHAR)
                  0000b502    00000016     w5500.o (.text.W5500_writeSIPR)
                  0000b518    00000016     w5500.o (.text.W5500_writeSUBR)
                  0000b52e    00000016     ArduinoCompatibility.o (.text.delay)
                  0000b544    00000016     socket.o (.text.disconnect)
                  0000b55a    00000016     ti_sysbios_config.o (.text.ti_sysbios_family_arm_m3_Hwi_enable)
                  0000b570    00000016     ti_sysbios_config.o (.text.ti_sysbios_knl_Intrinsics_maxbit)
                  0000b586    00000016     ti_sysbios_config.o (.text.ti_sysbios_knl_Queue_construct)
                  0000b59c    00000016     ti_sysbios_config.o (.text.ti_sysbios_knl_Queue_empty)
                  0000b5b2    00000016     ti_sysbios_config.o (.text.ti_sysbios_runtime_SystemSupport_init)
                  0000b5c8    00000016     ti_sysbios_config.o (.text.ti_sysbios_runtime_System_exit)
                  0000b5de    00000002     --HOLE-- [fill = 0]
                  0000b5e0    00000014     drivers_cc26x2.a : GPIOCC26XX.c.obj (.text.GPIO_read)
                  0000b5f4    00000014                      : GPIO.c.obj (.text.GPIO_setUserArg)
                  0000b608    00000014                      : I2CCC26XX.c.obj (.text.I2CCC26XX_postNotify)
                  0000b61c    00000014                      : SPICC26X2DMA.c.obj (.text.OUTLINED_FUNCTION_0)
                  0000b630    00000014     ti_sysbios_config.o (.text.SwiP_or)
                  0000b644    00000014     drivers_cc26x2.a : TemperatureCC26X2.c.obj (.text.Temperature_getTemperature)
                  0000b658    00000014     libc.a : args_main.c.obj (.text._args_main)
                  0000b66c    00000014     ti_sysbios_config.o (.text.ti_sysbios_family_arm_cc26xx_TimestampProvider_init)
                  0000b680    00000014     ti_sysbios_config.o (.text.ti_sysbios_family_arm_m3_Hwi_disable)
                  0000b694    00000014     ti_sysbios_config.o (.text.ti_sysbios_knl_Swi_Instance_finalize)
                  0000b6a8    00000014     ti_sysbios_config.o (.text.ti_sysbios_runtime_System_printf_va)
                  0000b6bc    00000014     libclang_rt.builtins.a : aeabi_ldivmod.S.obj (.text)
                  0000b6d0    00000014                            : aeabi_memset.S.obj (.text)
                  0000b6e4    00000014                            : aeabi_uldivmod.S.obj (.text)
                  0000b6f8    00000012     EthernetUdp.o (.text.EthernetUDP_endPacket)
                  0000b70a    00000012     drivers_cc26x2.a : I2C.c.obj (.text.I2C_transfer)
                  0000b71c    00000012     ti_sysbios_config.o (.text.ti_sysbios_family_arm_m3_Hwi_destruct)
                  0000b72e    00000012     ti_sysbios_config.o (.text.ti_sysbios_family_arm_m3_Hwi_doSwiRestore)
                  0000b740    00000012     ti_sysbios_config.o (.text.ti_sysbios_family_arm_m3_Hwi_doTaskRestore)
                  0000b752    00000012     ti_sysbios_config.o (.text.ti_sysbios_heaps_HeapMem_Params_init)
                  0000b764    00000012     ti_sysbios_config.o (.text.ti_sysbios_heaps_HeapMem_init)
                  0000b776    00000012     ti_sysbios_config.o (.text.ti_sysbios_knl_Clock_Params_init)
                  0000b788    00000012     ti_sysbios_config.o (.text.ti_sysbios_knl_Clock_tick)
                  0000b79a    00000012     ti_sysbios_config.o (.text.ti_sysbios_knl_Queue_Instance_init)
                  0000b7ac    00000012     ti_sysbios_config.o (.text.ti_sysbios_knl_Semaphore_Params_init)
                  0000b7be    00000012     libc.a : memcpy_t2.S.obj (.text:TI_memcpy_small)
                  0000b7d0    00000010     ti_sysbios_config.o (.text.BIOS_start)
                  0000b7e0    00000010     ti_sysbios_config.o (.text.ClockP_getCpuFreq)
                  0000b7f0    00000010     ti_sysbios_config.o (.text.ClockP_start)
                  0000b800    00000010     ti_sysbios_config.o (.text.ClockP_stop)
                  0000b810    00000010     Ethernet.o (.text.Ethernet_gatewayIP)
                  0000b820    00000010     Ethernet.o (.text.Ethernet_localIP)
                  0000b830    00000010     Ethernet.o (.text.Ethernet_subnetMask)
                  0000b840    00000010     drivers_cc26x2.a : GPIO.c.obj (.text.GPIO_getUserArg)
                  0000b850    00000010                      : GPIOCC26XX.c.obj (.text.GPIO_write)
                  0000b860    00000010     ti_sysbios_config.o (.text.HwiP_clearInterrupt)
                  0000b870    00000010     ti_sysbios_config.o (.text.HwiP_destruct)
                  0000b880    00000010     ti_sysbios_config.o (.text.HwiP_disable)
                  0000b890    00000010     ti_sysbios_config.o (.text.HwiP_disableInterrupt)
                  0000b8a0    00000010     ti_sysbios_config.o (.text.HwiP_enableInterrupt)
                  0000b8b0    00000010     ti_sysbios_config.o (.text.HwiP_restore)
                  0000b8c0    00000010     drivers_cc26x2.a : PowerCC26X2_helpers.c.obj (.text.PowerCC26X2_oscCtlClearXtal)
                  0000b8d0    00000010                      : PowerCC26X2_helpers.c.obj (.text.PowerCC26X2_prcmEnableCacheRetention)
                  0000b8e0    00000010                      : PowerCC26X2_calibrateRCOSC_helpers.c.obj (.text.PowerCC26X2_readCtrim)
                  0000b8f0    00000010                      : PowerCC26X2_calibrateRCOSC_helpers.c.obj (.text.PowerCC26X2_readCtrimFract)
                  0000b900    00000010                      : PowerCC26X2_calibrateRCOSC_helpers.c.obj (.text.PowerCC26X2_readRtrim)
                  0000b910    00000010                      : PowerCC26X2_helpers.c.obj (.text.PowerCC26X2_switchToTCXO)
                  0000b920    00000010                      : PowerCC26X2.c.obj (.text.Power_getDependencyCount)
                  0000b930    00000010     ti_sysbios_config.o (.text.SemaphoreP_destruct)
                  0000b940    00000010     ti_sysbios_config.o (.text.SemaphoreP_post)
                  0000b950    00000010     ti_sysbios_config.o (.text.SwiP_destruct)
                  0000b960    00000010     ti_sysbios_config.o (.text.SwiP_post)
                  0000b970    00000010     ti_sysbios_config.o (.text.SysCtrlAonUpdate)
                  0000b980    00000010     w5500.o (.text.W5500_getGatewayIp)
                  0000b990    00000010     w5500.o (.text.W5500_getIPAddress)
                  0000b9a0    00000010     w5500.o (.text.W5500_getSubnetMask)
                  0000b9b0    00000010     w5500.o (.text.W5500_setGatewayIp)
                  0000b9c0    00000010     w5500.o (.text.W5500_setIPAddress)
                  0000b9d0    00000010     w5500.o (.text.W5500_setMACAddress)
                  0000b9e0    00000010     w5500.o (.text.W5500_setSubnetMask)
                  0000b9f0    00000010     ti_sysbios_config.o (.text.ti_sysbios_family_arm_cc26xx_Timer_setPeriod)
                  0000ba00    00000010     ti_sysbios_config.o (.text.ti_sysbios_knl_ClockSupport_getMaxTicks)
                  0000ba10    00000010     ti_sysbios_config.o (.text.ti_sysbios_knl_Clock_removeI)
                  0000ba20    00000010     ti_sysbios_config.o (.text.ti_sysbios_knl_Clock_setTimeout)
                  0000ba30    00000010     ti_sysbios_config.o (.text.ti_sysbios_knl_Idle_loop)
                  0000ba40    00000010     ti_sysbios_config.o (.text.ti_sysbios_knl_Queue_destruct)
                  0000ba50    00000010     ti_sysbios_config.o (.text.ti_sysbios_knl_Queue_elemClear)
                  0000ba60    00000010     ti_sysbios_config.o (.text.ti_sysbios_knl_Swi_enabled)
                  0000ba70    00000010     ti_sysbios_config.o (.text.ti_sysbios_runtime_Types_argToFloat)
                  0000ba80    00000010     libc.a : copy_zero_init.c.obj (.text:decompress:ZI)
                  0000ba90    0000000e     ti_sysbios_config.o (.text.BIOS_linkedWithIncorrectBootLibrary)
                  0000ba9e    0000000e     EthernetUdp.o (.text.EthernetUDP_begin_init)
                  0000baac    0000000e     ti_sysbios_config.o (.text.IntMasterDisable)
                  0000baba    0000000e     ti_sysbios_config.o (.text.IntMasterEnable)
                  0000bac8    0000000e     drivers_cc26x2.a : PowerCC26X2.c.obj (.text.OUTLINED_FUNCTION_0)
                  0000bad6    0000000e     libc.a : strcpy.c.obj (.text.strcpy)
                  0000bae4    0000000e            : strlen.c.obj (.text.strlen)
                  0000baf2    0000000e     drivers_cc26x2.a : PowerCC26X2.c.obj (.text.switchToTCXO)
                  0000bb00    0000000e     ti_sysbios_config.o (.text.ti_sysbios_family_arm_m3_Hwi_restore)
                  0000bb0e    0000000e     ti_sysbios_config.o (.text.ti_sysbios_heaps_HeapMem_isBlocking)
                  0000bb1c    0000000e     ti_sysbios_config.o (.text.ti_sysbios_knl_Clock_stop)
                  0000bb2a    0000000e     ti_sysbios_config.o (.text.ti_sysbios_runtime_SystemSupport_exit)
                  0000bb38    0000000e     libc.a : memset_t2.S.obj (.text:TI_memset_small)
                  0000bb46    0000000e            : copy_decompress_none.c.obj (.text:decompress:none)
                  0000bb54    0000000c     ti_sysbios_config.o (.text.AONRTCCurrentCompareValueGet)
                  0000bb60    0000000c     ti_sysbios_config.o (.text.BIOS_getThreadType)
                  0000bb6c    0000000c     ti_sysbios_config.o (.text.ClockP_getSystemTickPeriod)
                  0000bb78    0000000c     EthernetUdp.o (.text.EthernetUDP_available)
                  0000bb84    0000000c     EthernetUdp.o (.text.EthernetUDP_rawIPAddress)
                  0000bb90    0000000c     EthernetUdp.o (.text.EthernetUDP_remotePort)
                  0000bb9c    0000000c     drivers_cc26x2.a : I2C.c.obj (.text.I2C_Params_init)
                  0000bba8    0000000c     driverlib.lib : cpu.o (.text.NOROM_CPUcpsid)
                  0000bbb4    0000000c                   : cpu.o (.text.NOROM_CPUcpsie)
                  0000bbc0    0000000c     drivers_cc26x2.a : I2CCC26XX.c.obj (.text.OUTLINED_FUNCTION_0)
                  0000bbcc    0000000c                      : PowerCC26X2_helpers.c.obj (.text.PowerCC26X2_oscClockSourceGet)
                  0000bbd8    0000000c                      : PowerCC26X2_helpers.c.obj (.text.PowerCC26X2_setPeriphDeepSleepEnable)
                  0000bbe4    0000000c                      : PowerCC26X2_helpers.c.obj (.text.PowerCC26X2_sysCtrlGetResetSource)
                  0000bbf0    0000000c                      : PowerCC26X2_helpers.c.obj (.text.PowerCC26X2_sysCtrlVoltageConditionalControl)
                  0000bbfc    0000000c                      : PowerCC26X2.c.obj (.text.Power_getConstraintMask)
                  0000bc08    0000000c                      : SPI.c.obj (.text.SPI_Params_init)
                  0000bc14    0000000c     stv.o (.text.STV_ReadFromAddress)
                  0000bc20    0000000c     libc.a : _lock.c.obj (.text._register_lock)
                  0000bc2c    0000000c            : _lock.c.obj (.text._register_unlock)
                  0000bc38    0000000c     SPIfg.o (.text.resetSS)
                  0000bc44    0000000c     SPIfg.o (.text.setSS)
                  0000bc50    0000000c     drivers_cc26x2.a : SPICC26X2DMA.c.obj (.text.spiPostNotify)
                  0000bc5c    0000000c     ti_sysbios_config.o (.text.ti_sysbios_knl_Queue_head)
                  0000bc68    0000000c     ti_sysbios_config.o (.text.ti_sysbios_knl_Queue_next)
                  0000bc74    0000000c     ti_sysbios_config.o (.text.ti_sysbios_knl_Queue_prev)
                  0000bc80    0000000c     ti_sysbios_config.o (.text.ti_sysbios_knl_Swi_postInit)
                  0000bc8c    0000000c     ti_sysbios_config.o (.text.ti_sysbios_knl_Swi_self)
                  0000bc98    0000000c     ti_sysbios_config.o (.text.ti_sysbios_knl_Task_self)
                  0000bca4    0000000a     drivers_cc26x2.a : I2CCC26XX.c.obj (.text.I2CMasterControl)
                  0000bcae    0000000a                      : SPICC26X2DMA.c.obj (.text.OUTLINED_FUNCTION_2)
                  0000bcb8    0000000a     rf_multiMode_cc26x2.a : RFCC26X2_multiMode.c.cc26x2.ticlang.o (.text.OUTLINED_FUNCTION_5)
                  0000bcc2    0000000a     drivers_cc26x2.a : PowerCC26X2_helpers.c.obj (.text.PowerCC26X2_sysCtrlStandby)
                  0000bccc    0000000a                      : SPICC26X2DMA.c.obj (.text.SPICC26X2DMA_init)
                  0000bcd6    0000000a                      : UDMACC26XX.c.obj (.text.UDMACC26XX_hwiIntFxn)
                  0000bce0    0000000a     ti_sysbios_config.o (.text.ti_sysbios_gates_GateMutex_handle)
                  0000bcea    0000000a     ti_sysbios_config.o (.text.ti_sysbios_knl_Clock_handle)
                  0000bcf4    0000000a     ti_sysbios_config.o (.text.ti_sysbios_knl_Queue_struct)
                  0000bcfe    0000000a     ti_sysbios_config.o (.text.ti_sysbios_knl_Semaphore_handle)
                  0000bd08    0000000a     ti_sysbios_config.o (.text.ti_sysbios_knl_Swi_startup)
                  0000bd12    0000000a     ti_sysbios_config.o (.text.ti_sysbios_runtime_Error_check)
                  0000bd1c    0000000a     ti_sysbios_config.o (.text.ti_sysbios_runtime_Types_iargToPtr)
                  0000bd26    0000000a     ti_sysbios_config.o (.text.ti_sysbios_runtime_Types_uargToPtr)
                  0000bd30    00000008     ti_sysbios_config.o (.text.Boot_trimDevice)
                  0000bd38    00000008     Dhcp.o (.text.DHCP_presend_DHCP)
                  0000bd40    00000008     drivers_cc26x2.a : I2CCC26XX.c.obj (.text.I2CCC26XX_blockingCallback)
                  0000bd48    00000008                      : I2CCC26XX.c.obj (.text.I2CSupport_masterFinish)
                  0000bd50    00000008     driverlib.lib : cpu.o (.text.NOROM_CPUdelay)
                  0000bd58    00000008     drivers_cc26x2.a : SPICC26X2DMA.c.obj (.text.OUTLINED_FUNCTION_1)
                  0000bd60    00000008                      : PowerCC26X2_helpers.c.obj (.text.PowerCC26X2_oschfTrySwitchToXosc)
                  0000bd68    00000008     ti_sysbios_config.o (.text.ResetISR)
                  0000bd70    00000008     libc.a : aeabi_portable.c.obj (.text.__aeabi_errno_addr)
                  0000bd78    00000008     ti_sysbios_config.o (.text._system_post_cinit)
                  0000bd80    00000008     ti_sysbios_config.o (.text._system_pre_init)
                  0000bd88    00000008     drivers_cc26x2.a : SPICC26X2DMA.c.obj (.text.blockingTransferCallback)
                  0000bd90    00000008     ti_sysbios_config.o (.text.ti_sysbios_family_arm_m3_Hwi_startup)
                  0000bd98    00000008     ti_sysbios_config.o (.text.ti_sysbios_runtime_Startup_reset)
                  0000bda0    00000008     ti_sysbios_config.o (.text.ti_sysbios_runtime_System_exitSpin)
                  0000bda8    00000006     drivers_cc26x2.a : I2CCC26XX.c.obj (.text.I2CSupport_powerRelConstraint)
                  0000bdae    00000006                      : I2CCC26XX.c.obj (.text.I2CSupport_powerSetConstraint)
                  0000bdb4    00000006                      : SPI.c.obj (.text.SPI_transfer)
                  0000bdba    00000006     ArduinoCompatibility.o (.text.random)
                  0000bdc0    00000004     ti_sysbios_config.o (.text.PRCMSleep)
                  0000bdc4    00000004     drivers_cc26x2.a : PowerCC26X2_helpers.c.obj (.text.PowerCC26X2_oschfSwitchToRcosc)
                  0000bdc8    00000004                      : PowerCC26X2_helpers.c.obj (.text.PowerCC26X2_sysCtrlIdle)
                  0000bdcc    00000004                      : PowerCC26X2_helpers.c.obj (.text.PowerCC26X2_turnOnXosc)
                  0000bdd0    00000004                      : PowerCC26X2.c.obj (.text.configureRFCoreClocks)
                  0000bdd4    00000004                      : PowerCC26X2.c.obj (.text.nopResourceHandler)
                  0000bdd8    00000004     ti_sysbios_config.o (.text.ti_sysbios_gates_GateMutex_canBlock)
                  0000bddc    00000004     ti_sysbios_config.o (.text.ti_sysbios_knl_TaskSupport_getStackAlignment)
                  0000bde0    00000004     ti_sysbios_config.o (.text.ti_sysbios_runtime_Memory_getMaxDefaultTypeAlign)
                  0000bde4    00000004     ti_sysbios_config.o (.text.ti_sysbios_runtime_SystemSupport_ready)
                  0000bde8    00000004     libclang_rt.builtins.a : aeabi_memcpy.S.obj (.text)

.rodata    0    0000bdf0    000010f1     
                  0000bdf0    000005ef     ti_sysbios_config.o (.rodata.str1.1)
                  0000c3df    00000243     log.o (.rodata.str1.1)
                  0000c622    000001e0     ssd1306.o (.rodata.FONTS)
                  0000c802    00000094     ti_sysbios_config.o (.rodata.ti_sysbios_family_arm_m3_Hwi_excHandlerMin.err)
                  0000c896    0000008d     ti_sysbios_config.o (.rodata.ti_sysbios_heaps_HeapMem_alloc.err)
                  0000c923    00000089     ti_sysbios_config.o (.rodata.ti_sysbios_family_arm_m3_Hwi_Instance_init.err.1)
                  0000c9ac    00000089     ti_sysbios_config.o (.rodata.ti_sysbios_family_arm_m3_Hwi_excHandlerMin.err.2)
                  0000ca35    00000089     ti_sysbios_config.o (.rodata.ti_sysbios_runtime_Memory_alloc.err)
                  0000cabe    00000086     ti_sysbios_config.o (.rodata.ti_sysbios_family_arm_m3_Hwi_Instance_init.err)
                  0000cb44    00000004     ti_sysbios_config.o (.rodata.ti_sysbios_family_arm_m3_Hwi_swiTaskKeyAddress)
                  0000cb48    00000070     driverlib.lib : osc.o (.rodata..L__const.NOROM_OSC_HPOSC_Debug_InitFreqOffsetParams.hposcParm)
                  0000cbb8    0000006b     gui.o (.rodata.str1.1)
                  0000cc23    0000005d     init_task.o (.rodata.str1.1)
                  0000cc80    00000054     drivers_cc26x2.a : PowerCC26X2.c.obj (.rodata.resourceDB)
                  0000ccd4    00000040     ti_drivers_config.o (.rodata.spiCC26X2DMAHWAttrs)
                  0000cd14    00000024     ti_sysbios_config.o (.rodata.ti_sysbios_knl_Task_Params_default)
                  0000cd38    00000020     drivers_cc26x2.a : SPI.c.obj (.rodata.SPI_defaultParams)
                  0000cd58    00000020     ssd1306.o (.rodata.SSD1306_InitSequence)
                  0000cd78    0000001c     ti_sysbios_config.o (.rodata.ti_sysbios_family_arm_cc26xx_Timer_Params_default)
                  0000cd94    00000018     drivers_cc26x2.a : SPICC26X2DMA.c.obj (.rodata.SPICC26X2DMA_fxnTable)
                  0000cdac    00000018                      : SPICC26X2DMA.c.obj (.rodata.cst8)
                  0000cdc4    00000018                      : SPICC26X2DMA.c.obj (.rodata.frameFormat)
                  0000cddc    00000018     ti_drivers_config.o (.rodata.i2cCC26xxHWAttrs)
                  0000cdf4    00000018     ti_sysbios_config.o (.rodata.ti_sysbios_family_arm_m3_Hwi_Params_default)
                  0000ce0c    00000014     ti_drivers_config.o (.rodata.PowerCC26X2_config)
                  0000ce20    00000014     ti_sysbios_config.o (.rodata.ti_sysbios_knl_Swi_Params_default)
                  0000ce34    00000010     ti_drivers_config.o (.rodata.GPIO_config)
                  0000ce44    00000010     drivers_cc26x2.a : I2CCC26XX.c.obj (.rodata.cst16)
                  0000ce54    0000000e     dashboard_task.o (.rodata.str1.1)
                  0000ce62    00000001     ti_drivers_config.o (.rodata.GPIO_pinLowerBound)
                  0000ce63    00000001     ti_drivers_config.o (.rodata.GPIO_pinUpperBound)
                  0000ce64    0000000c     ti_drivers_config.o (.rodata.RFCC26XX_hwAttrs)
                  0000ce70    0000000c     ti_drivers_config.o (.rodata.SPI_config)
                  0000ce7c    0000000c     ti_sysbios_config.o (.rodata.ti_sysbios_heaps_HeapMem_Params_default)
                  0000ce88    0000000c     ti_sysbios_config.o (.rodata.ti_sysbios_knl_Clock_Params_default)
                  0000ce94    0000000c     ti_sysbios_config.o (.rodata.ti_sysbios_knl_Semaphore_Params_default)
                  0000cea0    00000008     ti_drivers_config.o (.rodata.I2C_config)
                  0000cea8    00000008     ti_drivers_config.o (.rodata.UDMACC26XX_config)
                  0000ceb0    00000008     driverlib.lib : aux_sysif.o (.rodata.cst4)
                  0000ceb8    00000008     ti_sysbios_config.o (.rodata.ti_sysbios_knl_Idle_funcList)
                  0000cec0    00000008     ti_drivers_config.o (.rodata.udmaCC26XXHWAttrs)
                  0000cec8    00000007     Dhcp.o (.rodata.str1.1)
                  0000cecf    00000001     ti_drivers_config.o (.rodata.I2C_count)
                  0000ced0    00000004     ti_sysbios_config.o (.rodata.ti_sysbios_gates_GateMutex_Params_default)
                  0000ced4    00000004     ti_sysbios_config.o (.rodata.ti_sysbios_knl_Clock_tickPeriod)
                  0000ced8    00000004     ti_sysbios_config.o (.rodata.ti_sysbios_knl_Swi_numPriorities)
                  0000cedc    00000001     ti_drivers_config.o (.rodata.SPI_count)
                  0000cedd    00000001     ti_drivers_config.o (.rodata.TemperatureCC26X2_config)
                  0000cede    00000001     ti_sysbios_config.o (.rodata.ti_sysbios_knl_Clock_tickMode)
                  0000cedf    00000001     ti_sysbios_config.o (.rodata.ti_sysbios_knl_Task_checkStackFlag)
                  0000cee0    00000001     ti_sysbios_config.o (.rodata.ti_sysbios_knl_Task_initStackFlag)

__llvm_prf_cnts 
*          0    20000000    00000000     UNINITIALIZED

__llvm_prf_bits 
*          0    20000000    00000000     UNINITIALIZED

.TI.bound:dmaSpi0RxControlTableEntry 
*          0    20001830    00000010     UNINITIALIZED
                  20001830    00000010     ti_drivers_config.o (.TI.bound:dmaSpi0RxControlTableEntry)

.TI.bound:dmaSpi0TxControlTableEntry 
*          0    20001840    00000010     UNINITIALIZED
                  20001840    00000010     ti_drivers_config.o (.TI.bound:dmaSpi0TxControlTableEntry)

.TI.bound:dmaSpi0RxAltControlTableEntry 
*          0    20001a30    00000010     UNINITIALIZED
                  20001a30    00000010     ti_drivers_config.o (.TI.bound:dmaSpi0RxAltControlTableEntry)

.TI.bound:dmaSpi0TxAltControlTableEntry 
*          0    20001a40    00000010     UNINITIALIZED
                  20001a40    00000010     ti_drivers_config.o (.TI.bound:dmaSpi0TxAltControlTableEntry)

.args      0    0000cee4    00000008     
                  0000cee4    00000008     --HOLE-- [fill = 0]

MODULE SUMMARY

       Module                                     code    ro data   rw data
       ------                                     ----    -------   -------
    .\
       init_task.o                                612     93        0      
       dashboard_task.o                           538     14        3      
       main.o                                     132     0         76     
    +--+------------------------------------------+-------+---------+---------+
       Total:                                     1282    107       79     
                                                                           
    .\source\driverlib\ssd1306\
       ssd1306.o                                  1430    512       1049   
    +--+------------------------------------------+-------+---------+---------+
       Total:                                     1430    512       1049   
                                                                           
    .\source\driverlib\w5500\
       w5500.o                                    1878    0         0      
    +--+------------------------------------------+-------+---------+---------+
       Total:                                     1878    0         0      
                                                                           
    .\source\ethernet\
       Dhcp.o                                     2696    7         0      
       socket.o                                   942     0         2      
       EthernetUdp.o                              704     0         0      
       EthernetClient.o                           698     0         4      
       Ethernet.o                                 414     0         48     
       EthernetServer.o                           388     0         0      
       IPAddress.o                                352     0         0      
       SPIfg.o                                    274     0         4      
       ArduinoCompatibility.o                     140     0         0      
       Printfg.o                                  84      0         0      
    +--+------------------------------------------+-------+---------+---------+
       Total:                                     6692    7         58     
                                                                           
    .\source\html\
       html.o                                     408     0         442    
    +--+------------------------------------------+-------+---------+---------+
       Total:                                     408     0         442    
                                                                           
    .\source\oled_gui\
       gui.o                                      530     107       0      
    +--+------------------------------------------+-------+---------+---------+
       Total:                                     530     107       0      
                                                                           
    .\source\utils\
       log.o                                      734     579       0      
[...]
0000b425  ti_sysbios_knl_TaskSupport_glue                                    
0000b43d  ClockP_Params_init                                                 
0000b453  W5500_readGAR                                                      
0000b469  W5500_readSIPR                                                     
0000b47f  W5500_readSUBR                                                     
0000b495  W5500_readSnCR                                                     
0000b4ab  W5500_readSnIR                                                     
0000b4c1  W5500_readSnSR                                                     
0000b4d7  W5500_writeGAR                                                     
0000b4ed  W5500_writeSHAR                                                    
0000b503  W5500_writeSIPR                                                    
0000b519  W5500_writeSUBR                                                    
0000b52f  delay                                                              
0000b545  disconnect                                                         
0000b587  ti_sysbios_knl_Queue_construct                                     
0000b59d  ti_sysbios_knl_Queue_empty                                         
0000b5b3  ti_sysbios_runtime_SystemSupport_init                              
0000b5c9  ti_sysbios_runtime_System_exit                                     
0000b5e1  GPIO_read                                                          
0000b5f5  GPIO_setUserArg                                                    
0000b631  SwiP_or                                                            
0000b645  Temperature_getTemperature                                         
0000b659  _args_main                                                         
0000b66d  ti_sysbios_family_arm_cc26xx_TimestampProvider_init                
0000b695  ti_sysbios_knl_Swi_Instance_finalize                               
0000b6a9  ti_sysbios_runtime_System_printf_va                                
0000b6bd  __aeabi_ldivmod                                                    
0000b6d1  __aeabi_memset                                                     
0000b6d1  __aeabi_memset4                                                    
0000b6d1  __aeabi_memset8                                                    
0000b6dd  __aeabi_memclr                                                     
0000b6dd  __aeabi_memclr4                                                    
0000b6dd  __aeabi_memclr8                                                    
0000b6e5  __aeabi_uldivmod                                                   
0000b6f9  EthernetUDP_endPacket                                              
0000b70b  I2C_transfer                                                       
0000b71d  ti_sysbios_family_arm_m3_Hwi_destruct                              
0000b72f  ti_sysbios_family_arm_m3_Hwi_doSwiRestore                          
0000b741  ti_sysbios_family_arm_m3_Hwi_doTaskRestore                         
0000b753  ti_sysbios_heaps_HeapMem_Params_init                               
0000b765  ti_sysbios_heaps_HeapMem_init                                      
0000b777  ti_sysbios_knl_Clock_Params_init                                   
0000b789  ti_sysbios_knl_Clock_tick                                          
0000b79b  ti_sysbios_knl_Queue_Instance_init                                 
0000b7ad  ti_sysbios_knl_Semaphore_Params_init                               
0000b7bf  TI_memcpy_small                                                    
0000b7d1  BIOS_start                                                         
0000b7e1  ClockP_getCpuFreq                                                  
0000b7f1  ClockP_start                                                       
0000b801  ClockP_stop                                                        
0000b811  Ethernet_gatewayIP                                                 
0000b821  Ethernet_localIP                                                   
0000b831  Ethernet_subnetMask                                                
0000b841  GPIO_getUserArg                                                    
0000b851  GPIO_write                                                         
0000b861  HwiP_clearInterrupt                                                
0000b871  HwiP_destruct                                                      
0000b881  HwiP_disable                                                       
0000b891  HwiP_disableInterrupt                                              
0000b8a1  HwiP_enableInterrupt                                               
0000b8b1  HwiP_restore                                                       
0000b8c1  PowerCC26X2_oscCtlClearXtal                                        
0000b8d1  PowerCC26X2_prcmEnableCacheRetention                               
0000b8e1  PowerCC26X2_readCtrim                                              
0000b8f1  PowerCC26X2_readCtrimFract                                         
0000b901  PowerCC26X2_readRtrim                                              
0000b911  PowerCC26X2_switchToTCXO                                           
0000b921  Power_getDependencyCount                                           
0000b931  SemaphoreP_destruct                                                
0000b941  SemaphoreP_post                                                    
0000b951  SwiP_destruct                                                      
0000b961  SwiP_post                                                          
0000b981  W5500_getGatewayIp                                                 
0000b991  W5500_getIPAddress                                                 
0000b9a1  W5500_getSubnetMask                                                
0000b9b1  W5500_setGatewayIp                                                 
0000b9c1  W5500_setIPAddress                                                 
0000b9d1  W5500_setMACAddress                                                
0000b9e1  W5500_setSubnetMask                                                
0000b9f1  ti_sysbios_family_arm_cc26xx_Timer_setPeriod                       
0000ba01  ti_sysbios_knl_ClockSupport_getMaxTicks                            
0000ba11  ti_sysbios_knl_Clock_removeI                                       
0000ba21  ti_sysbios_knl_Clock_setTimeout                                    
0000ba31  ti_sysbios_knl_Idle_loop                                           
0000ba41  ti_sysbios_knl_Queue_destruct                                      
0000ba51  ti_sysbios_knl_Queue_elemClear                                     
0000ba61  ti_sysbios_knl_Swi_enabled                                         
0000ba81  __TI_zero_init                                                     
0000ba91  BIOS_linkedWithIncorrectBootLibrary                                
0000ba9f  EthernetUDP_begin_init                                             
0000bad7  strcpy                                                             
0000bae5  strlen                                                             
0000bb0f  ti_sysbios_heaps_HeapMem_isBlocking                                
0000bb1d  ti_sysbios_knl_Clock_stop                                          
0000bb2b  ti_sysbios_runtime_SystemSupport_exit                              
0000bb39  TI_memset_small                                                    
0000bb47  __TI_decompress_none                                               
0000bb61  BIOS_getThreadType                                                 
0000bb6d  ClockP_getSystemTickPeriod                                         
0000bb79  EthernetUDP_available                                              
0000bb85  EthernetUDP_rawIPAddress                                           
0000bb91  EthernetUDP_remotePort                                             
0000bb9d  I2C_Params_init                                                    
0000bba9  NOROM_CPUcpsid                                                     
0000bbb5  NOROM_CPUcpsie                                                     
0000bbcd  PowerCC26X2_oscClockSourceGet                                      
0000bbd9  PowerCC26X2_setPeriphDeepSleepEnable                               
0000bbe5  PowerCC26X2_sysCtrlGetResetSource                                  
0000bbf1  PowerCC26X2_sysCtrlVoltageConditionalControl                       
0000bbfd  Power_getConstraintMask                                            
0000bc09  SPI_Params_init                                                    
0000bc15  STV_ReadFromAddress                                                
0000bc21  _register_lock                                                     
0000bc2d  _register_unlock                                                   
0000bc39  resetSS                                                            
0000bc45  setSS                                                              
0000bc5d  ti_sysbios_knl_Queue_head                                          
0000bc69  ti_sysbios_knl_Queue_next                                          
0000bc75  ti_sysbios_knl_Queue_prev                                          
0000bc81  ti_sysbios_knl_Swi_postInit                                        
0000bc8d  ti_sysbios_knl_Swi_self                                            
0000bc99  ti_sysbios_knl_Task_self                                           
0000bcc3  PowerCC26X2_sysCtrlStandby                                         
0000bccd  SPICC26X2DMA_init                                                  
0000bcd7  UDMACC26XX_hwiIntFxn                                               
0000bd09  ti_sysbios_knl_Swi_startup                                         
0000bd13  ti_sysbios_runtime_Error_check                                     
0000bd31  Boot_trimDevice                                                    
0000bd39  DHCP_presend_DHCP                                                  
0000bd49  I2CSupport_masterFinish                                            
0000bd51  NOROM_CPUdelay                                                     
0000bd61  PowerCC26X2_oschfTrySwitchToXosc                                   
0000bd69  ResetISR                                                           
0000bd71  __aeabi_errno_addr                                                 
0000bd79  _system_post_cinit                                                 
0000bd81  _system_pre_init                                                   
0000bd91  ti_sysbios_family_arm_m3_Hwi_startup                               
0000bd99  ti_sysbios_runtime_Startup_reset                                   
0000bda1  ti_sysbios_runtime_System_exitSpin                                 
0000bda9  I2CSupport_powerRelConstraint                                      
0000bdaf  I2CSupport_powerSetConstraint                                      
0000bdb5  SPI_transfer                                                       
0000bdbb  random                                                             
0000bdc5  PowerCC26X2_oschfSwitchToRcosc                                     
0000bdc9  PowerCC26X2_sysCtrlIdle                                            
0000bdcd  PowerCC26X2_turnOnXosc                                             
0000bdd9  ti_sysbios_gates_GateMutex_canBlock                                
0000bddd  ti_sysbios_knl_TaskSupport_getStackAlignment                       
0000bde1  ti_sysbios_runtime_Memory_getMaxDefaultTypeAlign                   
0000bde5  ti_sysbios_runtime_SystemSupport_ready                             
0000bde9  __aeabi_memcpy                                                     
0000bde9  __aeabi_memcpy4                                                    
0000bde9  __aeabi_memcpy8                                                    
0000cb44  ti_sysbios_family_arm_m3_Hwi_swiTaskKeyAddress                     
0000cc80  resourceDB                                                         
0000ccd4  spiCC26X2DMAHWAttrs                                                
0000cd38  SPI_defaultParams                                                  
0000cd58  SSD1306_InitSequence                                               
0000cd94  SPICC26X2DMA_fxnTable                                              
0000cddc  i2cCC26xxHWAttrs                                                   
0000ce0c  PowerCC26X2_config                                                 
0000ce34  GPIO_config                                                        
0000ce62  GPIO_pinLowerBound                                                 
0000ce63  GPIO_pinUpperBound                                                 
0000ce64  RFCC26XX_hwAttrs                                                   
0000ce70  SPI_config                                                         
0000cea0  I2C_config                                                         
0000cea8  UDMACC26XX_config                                                  
0000ceb8  ti_sysbios_knl_Idle_funcList                                       
0000cec0  udmaCC26XXHWAttrs                                                  
0000cecf  I2C_count                                                          
0000ced4  ti_sysbios_knl_Clock_tickPeriod                                    
0000ced8  ti_sysbios_knl_Swi_numPriorities                                   
0000cedc  SPI_count                                                          
0000cedd  TemperatureCC26X2_config                                           
0000cede  ti_sysbios_knl_Clock_tickMode                                      
0000cedf  ti_sysbios_knl_Task_checkStackFlag                                 
0000cee0  ti_sysbios_knl_Task_initStackFlag                                  
0000cee4  __c_args__                                                         
0000cfb0  __TI_Handler_Table_Base                                            
0000cfbc  __TI_Handler_Table_Limit                                           
0000cfe4  __TI_CINIT_Base                                                    
0000d014  __TI_CINIT_Limit                                                   
0000d014  __TI_CINIT_Warm                                                    
0004ffa8  __ccfg                                                             
20000000  __start___llvm_prf_bits                                            
20000000  __start___llvm_prf_cnts                                            
20000000  __stop___llvm_prf_bits                                             
20000000  __stop___llvm_prf_cnts                                             
20000000  ti_sysbios_family_arm_m3_Hwi_ramVectors                            
200000d8  PowerCC26X2_module                                                 
2000024c  gpioPinConfigs                                                     
20000330  ti_sysbios_knl_Clock_Module_state                                  
20000454  ti_sysbios_family_arm_m3_Hwi_Module_state                          
20000490  ti_sysbios_knl_Task_Module_state                                   
200004cc  BIOS_Module_state                                                  
200004f8  ti_sysbios_knl_Swi_Module_state                                    
20000520  Ethernet_server_port                                               
20000530  _hposcCoeffs                                                       
20000540  ti_sysbios_runtime_SysMin_Module_state                             
20000550  ti_sysbios_family_arm_cc26xx_Timer_Module_state                    
2000055c  ti_sysbios_runtime_Error_ignore                                    
20000568  ti_sysbios_runtime_System_Module_state                             
20000584  ti_sysbios_gates_GateMutex_Module_state                            
2000058c  ti_sysbios_heaps_HeapMem_Module_state                              
20000594  ti_sysbios_knl_Semaphore_Module_state                              
200005a0  EthernetClientPrintMethods                                         
200005a4  __aeabi_errno                                                      
200005a8  _lock                                                              
200005ac  _unlock                                                            
200005b4  ti_sysbios_runtime_Memory_defaultHeapInstance                      
200005bb  ti_sysbios_knl_Idle_initDone                                       
200005bc  ti_sysbios_runtime_Startup_done                                    
20001a50  __primary_heap_start__                                             
20005a50  __primary_heap_end__                                               
20005e58  ti_sysbios_knl_Idle_taskStack                                      
20006258  ti_sysbios_runtime_SysMin_outbuf                                   
20006ad4  i2cCC26xxObjects                                                   
20006c14  _CIOBUF_                                                           
20006c14  __CIOBUF_                                                          
20006d34  spiCC26X2DMAObjects                                                
20006e34  ti_sysbios_family_arm_m3_Hwi_dispatchTable                         
20006f0c  gpioCallbackFunctions                                              
20006f88  gpioUserArgs                                                       
20007008  ti_sysbios_knl_ClockSupport_timerStruct                            
20007068  ti_sysbios_knl_Idle_taskStruct                                     
200070c0  ti_sysbios_knl_Swi_readyQs                                         
200070f0  ti_sysbios_knl_Task_readyQs                                        
20007120  BIOS_heapMemObject                                                 
2000714c  BIOS_rtsGate                                                       
20007174  ti_sysbios_heaps_HeapMem_gate                                      
2000719c  dashboardTaskParams                                                
200071c0  initTaskParams                                                     
200071e4  Ethernet                                                           
20007204  ti_sysbios_runtime_System_atexitHandlers                           
20007224  udmaCC26XXObject                                                   
2000727c  ti_sysbios_hal_Seconds_Module_state                                
200072a8  parmbuf                                                            
200072bc  Init_SemaphoreHandle                                               
200072c0  PowerCC26XX_swiKey                                                 
200072c4  PowerCC26XX_taskKey                                                
200072c8  spi                                                                
200072cc  ti_sysbios_family_arm_cc26xx_TimestampProvider_Module_state        
200072d0  ti_sysbios_knl_Task_defaultStackHeap                               
200072d4  _counter                                                           
200072d6  ethernetServer                                                     
20011a00  __stack                                                            
20012000  __STACK_END                                                        
ffffffff  __TI_pprof_out_hndl                                                
ffffffff  __TI_prof_data_size                                                
ffffffff  __TI_prof_data_start                                               
ffffffff  __binit__                                                          
ffffffff  binit                                                              
UNDEFED   ITM_flush                                                          
UNDEFED   ITM_restore                                                        
UNDEFED   __mpu_init                                                         

[651 symbols]
