******************************************************************************
            TI ARM Clang Linker PC v2.1.2                      
******************************************************************************
>> Linked Tue Dec 12 21:36:46 2023

OUTPUT FILE NAME:   <multiSniff_LP_CC2652RB_tirtos7_ticlang2.out>
ENTRY POINT SYMBOL: "ResetISR"  address: 000089a9


MEMORY CONFIGURATION

         name            origin    length      used     unused   attr    fill
----------------------  --------  ---------  --------  --------  ----  --------
  FLASH                 00000000   00050000  0000997c  00046684  R  X
  STV                   00050000   00000010  00000000  00000010  RW  
  GPRAM                 11000000   00002000  00000000  00002000  RW X
  SRAM                  20000000   00014000  000060a9  0000df57  RW X
  LOG_DATA              90000000   00040000  00000000  00040000  R   


SEGMENT ALLOCATION MAP

run origin  load origin   length   init length attrs members
----------  ----------- ---------- ----------- ----- -------
00000000    00000000    000097f8   000097f8    r-x
  00000000    00000000    0000003c   0000003c    r-- .resetVecs
  00000040    00000040    000089ac   000089ac    r-x .text
  000089f0    000089f0    00000e08   00000e08    r-- .rodata
000097f8    000097f8    00000008   00000008    rw-
  000097f8    000097f8    00000008   00000008    rw- .args
00009800    00009800    0000012c   0000012c    r--
  00009800    00009800    0000012c   0000012c    r-- .cinit
0004ffa8    0004ffa8    00000058   00000058    r--
  0004ffa8    0004ffa8    00000058   00000058    r-- .ccfg
200000d8    200000d8    00001492   00000000    rw-
  200000d8    200000d8    00001492   00000000    rw- .bss
20001830    20001830    00000010   00000000    rw-
  20001830    20001830    00000010   00000000    rw- .TI.bound:dmaSpi0RxControlTableEntry
20001840    20001840    00000010   00000000    rw-
  20001840    20001840    00000010   00000000    rw- .TI.bound:dmaSpi0TxControlTableEntry
20001a30    20001a30    00000010   00000000    rw-
  20001a30    20001a30    00000010   00000000    rw- .TI.bound:dmaSpi0RxAltControlTableEntry
20001a40    20001a40    00000010   00000000    rw-
  20001a40    20001a40    00000010   00000000    rw- .TI.bound:dmaSpi0TxAltControlTableEntry
20001a50    20001a50    00004000   00000000    r--
  20001a50    20001a50    00004000   00000000    r-- .priheap
20005a50    20005a50    000004ff   00000000    rw-
  20005a50    20005a50    000004ff   00000000    rw- .data
20013a00    20013a00    00000600   00000000    rw-
  20013a00    20013a00    00000600   00000000    rw- .stack


SECTION ALLOCATION MAP

 output                                  attributes/
section   page    origin      length       input sections
--------  ----  ----------  ----------   ----------------
.binit     0    00000000    00000000     

.cinit     0    00009800    0000012c     
                  00009800    000000c5     (.cinit..data.load) [load image, compression = lzss]
                  000098c5    00000003     --HOLE-- [fill = 0]
                  000098c8    0000000c     (__TI_handler_table)
                  000098d4    00000008     (.cinit..TI.bound:dmaSpi0RxAltControlTableEntry.load) [load image, compression = zero_init]
                  000098dc    00000008     (.cinit..TI.bound:dmaSpi0RxControlTableEntry.load) [load image, compression = zero_init]
                  000098e4    00000008     (.cinit..TI.bound:dmaSpi0TxAltControlTableEntry.load) [load image, compression = zero_init]
                  000098ec    00000008     (.cinit..TI.bound:dmaSpi0TxControlTableEntry.load) [load image, compression = zero_init]
                  000098f4    00000008     (.cinit..bss.load) [load image, compression = zero_init]
                  000098fc    00000030     (__TI_cinit_table)

.init_array 
*          0    00000000    00000000     UNINITIALIZED

.ccfg      0    0004ffa8    00000058     
                  0004ffa8    00000058     ti_devices_config.o (.ccfg)

.text      0    00000040    000089ac     
                  00000040    000009d4     libc.a : _printfi.c.obj (.text:__TI_printfi)
                  00000a14    000005ea     driverlib.lib : osc.o (.text.findHposcCoefficients)
                  00000ffe    00000002     ti_sysbios_config.o (.text.BIOS_nullFunc)
                  00001000    000002c8     drivers_cc26x2.a : SPICC26X2DMA.c.obj (.text.SPICC26X2DMA_transfer)
                  000012c8    000002b8     libc.a : _printfi.c.obj (.text._pconv_a)
                  00001580    00000238            : _printfi.c.obj (.text._pconv_g)
                  000017b8    000001f0     Dhcp.o (.text.DHCP_parseDHCPResponse)
                  000019a8    000001b6     libclang_rt.builtins.a : adddf3.S.obj (.text)
                  00001b5e    000001ae     drivers_cc26x2.a : SPICC26X2DMA.c.obj (.text.SPICC26X2DMA_hwiFxn)
                  00001d0c    00000004     ti_sysbios_config.o (.text.ClockP_getSystemTickPeriod)
                  00001d10    000001a0     libc.a : _printfi.c.obj (.text.fcvt)
                  00001eb0    00000194     drivers_cc26x2.a : PowerCC26X2_calibrateRCOSC.c.obj (.text.PowerCC26X2_auxISR)
                  00002044    00000188                      : SPICC26X2DMA.c.obj (.text.SPICC26X2DMA_open)
                  000021cc    00000004     ti_sysbios_config.o (.text.ClockP_start)
                  000021d0    00000180     libc.a : _printfi.c.obj (.text._pconv_e)
                  00002350    00000174     Dhcp.o (.text.DHCP_send_DHCP_MESSAGE)
                  000024c4    00000160     drivers_cc26x2.a : SPICC26X2DMA.c.obj (.text.configNextTransfer)
                  00002624    00000158                      : PowerCC26X2.c.obj (.text.Power_sleep)
                  0000277c    0000013c                      : I2CCC26XX.c.obj (.text.I2C_open)
                  000028b8    00000136     libclang_rt.builtins.a : divdf3.S.obj (.text)
                  000029ee    00000002     ti_drivers_config.o (.text.Board_initHook)
                  000029f0    00000134     driverlib.lib : osc.o (.text.findHposcPc)
                  00002b24    00000126     drivers_cc26x2.a : I2C.c.obj (.text.I2C_transferTimeout)
                  00002c4a    00000002                      : I2C.c.obj (.text.I2C_init)
                  00002c4c    00000124     rf_multiMode_cc26x2.a : RFCC26X2_multiMode.c.cc26x2.ticlang.o (.text.RF_abortCmd)
                  00002d70    00000122     drivers_cc26x2.a : SPICC26X2DMA.c.obj (.text.SPICC26X2DMA_transferCancel)
                  00002e92    00000002     libclang_rt.builtins.a : aeabi_div0.c.obj (.text.__aeabi_ldiv0)
                  00002e94    00000120     ti_sysbios_config.o (.text.ti_sysbios_family_arm_cc26xx_Timer_construct)
                  00002fb4    0000011c     sysbios.a : Hwi_asm_gnu.obj (.text.ti_sysbios_family_arm_m3_Hwi_dispatch)
                  000030d0    00000118     drivers_cc26x2.a : PowerCC26X2.c.obj (.text.Power_init)
                  000031e8    00000110     Dhcp.o (.text.DHCP_request_DHCP_lease)
                  000032f8    0000010c     drivers_cc26x2.a : PowerCC26X2_calibrateRCOSC.c.obj (.text.PowerCC26X2_calibrate)
                  00003404    00000004     EthernetUdp.o (.text.EthernetUDP_available)
                  00003408    0000010c     libc.a : s_scalbn.c.obj (.text.scalbn)
                  00003514    00000104     drivers_cc26x2.a : GPIOCC26X2.c.obj (.text.GPIO_init)
                  00003618    000000fc     libclang_rt.builtins.a : muldf3.S.obj (.text)
                  00003714    000000f4     driverlib.lib : sys_ctrl.o (.text.NOROM_SysCtrlStandby)
                  00003808    000000e8     drivers_cc26x2.a : I2CCC26XX.c.obj (.text.I2CCC26XX_hwiFxn)
                  000038f0    000000e4     driverlib.lib : setup.o (.text.NOROM_SetupTrimDevice)
                  000039d4    000000e4     ti_sysbios_config.o (.text.ti_sysbios_knl_Semaphore_pend)
                  00003ab8    000000d8     drivers_cc26x2.a : SPICC26X2DMA.c.obj (.text.SPICC26X2DMA_control)
                  00003b90    000000d8     ti_sysbios_config.o (.text.ti_sysbios_family_arm_m3_Hwi_excFillContext)
                  00003c68    000000d0     drivers_cc26x2.a : PowerCC26X2.c.obj (.text.configureXOSCHF)
                  00003d38    000000cc     ssd1306.o (.text.SSD1306_DrawLine)
                  00003e04    000000cc     ti_sysbios_config.o (.text.ti_sysbios_knl_Clock_workFuncDynamic)
                  00003ed0    000000c4     driverlib.lib : setup.o (.text.TrimAfterColdResetWakeupFromShutDown)
                  00003f94    000000b8     ti_sysbios_config.o (.text.ti_sysbios_knl_Task_Instance_finalize)
                  0000404c    000000b6     driverlib.lib : osc.o (.text.NOROM_OSC_HPOSCInitializeFrequencyOffsetParameters)
                  00004102    000000b4                   : osc.o (.text.NOROM_OSCHF_AttemptToSwitchToXosc)
                  000041b6    00000002     libc.a : _lock.c.obj (.text._nop)
                  000041b8    000000b4     ti_sysbios_config.o (.text.PowerCC26XX_standbyPolicy)
                  0000426c    000000b4     drivers_cc26x2.a : PowerCC26X2.c.obj (.text.Power_releaseDependency)
                  00004320    000000b0                      : PowerCC26X2.c.obj (.text.Power_setDependency)
                  000043d0    000000b0     libclang_rt.builtins.a : udivmoddi4.S.obj (.text)
                  00004480    000000a8     drivers_cc26x2.a : TemperatureCC26X2.c.obj (.text.temperatureHwiFxn)
                  00004528    000000a4     ti_sysbios_config.o (.text.ti_sysbios_knl_Task_Instance_init)
                  000045cc    000000a0     drivers_cc26x2.a : I2CCC26XX.c.obj (.text.I2CCC26XX_swiFxn)
                  0000466c    0000009c     gui.o (.text.GUI_Init)
                  00004708    00000094     rf_multiMode_cc26x2.a : RFCC26X2_multiMode.c.cc26x2.ticlang.o (.text.RF_hposcRfCompensateFxn)
                  0000479c    00000094     ti_sysbios_config.o (.text.ti_sysbios_knl_Clock_startI)
                  00004830    00000094     ti_sysbios_config.o (.text.ti_sysbios_knl_Task_sleep)
                  000048c4    0000008c     drivers_cc26x2.a : GPIOCC26XX.c.obj (.text.GPIO_setConfig)
                  00004950    0000008c     ti_sysbios_config.o (.text.ti_sysbios_knl_Clock_init)
                  000049dc    00000088     rf_multiMode_cc26x2.a : RFCC26X2_multiMode.c.cc26x2.ticlang.o (.text.RF_discardPendCmd)
                  00004a64    00000080     driverlib.lib : sys_ctrl.o (.text.NOROM_SysCtrlSetRechargeBeforePowerDown)
                  00004ae4    00000080     ti_sysbios_config.o (.text.ti_sysbios_family_arm_m3_Hwi_initNVIC)
                  00004b64    0000007c     ti_sysbios_config.o (.text.ti_sysbios_family_arm_m3_Hwi_postInit)
                  00004be0    00000078     driverlib.lib : osc.o (.text.NOROM_OSCHF_SwitchToRcOscTurnOffXosc)
                  00004c58    00000078                   : osc.o (.text.NOROM_OSC_CapArrayAdjustWorkaround_Boot)
                  00004cd0    00000078     drivers_cc26x2.a : SPICC26X2DMA.c.obj (.text.SPICC26X2DMA_close)
                  00004d48    00000078     ti_sysbios_config.o (.text.ti_sysbios_knl_Task_postInit)
                  00004dc0    00000074     drivers_cc26x2.a : PowerCC26X2_calibrateRCOSC_helpers.c.obj (.text.PowerCC26X2_updateSubSecInc)
                  00004e34    00000074                      : TemperatureCC26X2.c.obj (.text.Temperature_init)
                  00004ea8    00000074     ti_sysbios_config.o (.text.ti_sysbios_knl_Swi_restoreHwi)
                  00004f1c    00000070     ti_sysbios_config.o (.text.ti_sysbios_family_arm_m3_Hwi_Instance_init)
                  00004f8c    00000070     ti_sysbios_config.o (.text.ti_sysbios_knl_Task_startup)
                  00004ffc    0000006e     libclang_rt.builtins.a : comparedf2.c.obj (.text.__gedf2)
                  0000506a    00000002     drivers_cc26x2.a : PowerCC26X2.c.obj (.text.emptyClockFunc)
                  0000506c    0000006e     libclang_rt.builtins.a : comparedf2.c.obj (.text.__ledf2)
                  000050da    00000002     ti_sysbios_config.o (.text.ti_sysbios_runtime_System_exitSpin)
                  000050dc    0000006c     Ethernet.o (.text.Ethernet_begin_mac)
                  00005148    0000006c     libc.a : _printfi.c.obj (.text._mcpy)
                  000051b4    0000006c     ti_sysbios_config.o (.text.ti_sysbios_family_arm_m3_Hwi_dispatchC)
                  00005220    0000006c     ti_sysbios_config.o (.text.ti_sysbios_hal_Seconds_getTime)
                  0000528c    0000006a     drivers_cc26x2.a : I2CCC26XX.c.obj (.text.I2CSupport_primeTransfer)
                  000052f6    0000006a     libc.a : copy_decompress_lzss.c.obj (.text:decompress:lzss)
                  00005360    00000068            : s_frexp.c.obj (.text.frexp)
                  000053c8    00000068     ti_sysbios_config.o (.text.ti_sysbios_knl_Swi_run)
                  00005430    00000064     drivers_cc26x2.a : PowerCC26X2_calibrateRCOSC.c.obj (.text.PowerCC26X2_initiateCalibration)
                  00005494    00000064                      : UDMACC26XX.c.obj (.text.UDMACC26XX_open)
                  000054f8    00000064                      : PowerCC26X2.c.obj (.text.oscillatorISR)
                  0000555c    00000064     ti_sysbios_config.o (.text.ti_sysbios_knl_Idle_init)
                  000055c0    00000064     ti_sysbios_config.o (.text.ti_sysbios_knl_TaskSupport_buildTaskStack)
                  00005624    00000062     libclang_rt.builtins.a : aeabi_dcmp.S.obj (.text)
                  00005686    00000002     --HOLE-- [fill = 0]
                  00005688    00000060     ssd1306.o (.text.SSD1306_DrawChar)
                  000056e8    00000060     drivers_cc26x2.a : SPICC26X2DMA.c.obj (.text.csnCallback)
                  00005748    00000060     ti_sysbios_config.o (.text.ti_sysbios_heaps_HeapMem_allocUnprotected)
                  000057a8    00000060     ti_sysbios_config.o (.text.ti_sysbios_knl_Clock_walkQueueDynamic)
                  00005808    00000060     ti_sysbios_config.o (.text.ti_sysbios_knl_Semaphore_post)
                  00005868    00000060     ti_sysbios_config.o (.text.ti_sysbios_knl_Swi_schedule)
                  000058c8    0000005c     libclang_rt.builtins.a : divmoddi4.c.obj (.text.__divmoddi4)
                  00005924    00000058     socket.o (.text.recv)
                  0000597c    00000058     sysbios.a : Hwi_asm_switch_gnu.obj (.text.ti_sysbios_family_arm_m3_Hwi_initStacks)
                  000059d4    00000056     libc.a : _ltoa.c.obj (.text.__TI_ltoa)
                  00005a2a    00000002     --HOLE-- [fill = 0]
                  00005a2c    00000054     libsysbm.a : hostwrite.c.obj (.text.HOSTwrite)
                  00005a80    00000054     drivers_cc26x2.a : I2CCC26XX.c.obj (.text.I2CCC26XX_initHw)
                  00005ad4    00000054     main.o (.text.InitTask)
                  00005b28    00000054     ssd1306.o (.text.SSD1306_Init)
                  00005b7c    00000054     libc.a : _printfi.c.obj (.text._pconv_f)
                  00005bd0    00000054     ti_sysbios_config.o (.text.ti_sysbios_runtime_Startup_exec)
                  00005c24    00000052     driverlib.lib : chipinfo.o (.text.NOROM_ChipInfo_GetHwRevision)
                  00005c76    00000002     --HOLE-- [fill = 0]
                  00005c78    00000050     ti_drivers_config.o (.text.Board_shutDownExtFlash)
                  00005cc8    00000050     rf_multiMode_cc26x2.a : RFCC26X2_multiMode.c.cc26x2.ticlang.o (.text.RF_enableHPOSCTemperatureCompensation)
                  00005d18    00000050     ti_sysbios_config.o (.text.ti_sysbios_knl_Swi_post)
                  00005d68    00000050     ti_sysbios_config.o (.text.ti_sysbios_knl_Swi_runLoop)
                  00005db8    0000004e     ti_drivers_config.o (.text.Board_sendExtFlashByte)
                  00005e06    0000004e     libc.a : _printfi.c.obj (.text._ecpy)
                  00005e54    0000004e     ti_sysbios_config.o (.text.ti_sysbios_heaps_HeapMem_freeUnprotected)
                  00005ea2    00000002     --HOLE-- [fill = 0]
                  00005ea4    0000004c     ti_sysbios_config.o (.text.BIOS_startFunc)
                  00005ef0    0000004c     driverlib.lib : osc.o (.text.NOROM_OSC_HPOSCRelativeFrequencyOffsetGet)
                  00005f3c    0000004c     SPIfg.o (.text.SPI_begin)
                  00005f88    0000004c     drivers_cc26x2.a : SPICC26X2DMA.c.obj (.text.initHw)
                  00005fd4    0000004c     socket.o (.text.socket)
                  00006020    0000004c     drivers_cc26x2.a : PowerCC26X2.c.obj (.text.switchXOSCHF)
                  0000606c    0000004c     ti_sysbios_config.o (.text.ti_sysbios_knl_Swi_Instance_init)
                  000060b8    00000048     ti_sysbios_config.o (.text.BIOS_init)
                  00006100    00000048     EthernetUdp.o (.text.EthernetUDP_begin)
                  00006148    00000048     driverlib.lib : aux_sysif.o (.text.NOROM_AUXSYSIFOpModeChange)
                  00006190    00000048     drivers_cc26x2.a : TemperatureCC26X2.c.obj (.text.Temperature_registerNotifyRange)
                  000061d8    00000048     libc.a : atoi.c.obj (.text.atoi)
                  00006220    00000048     ArduinoCompatibility.o (.text.millis)
                  00006268    00000048     ti_sysbios_config.o (.text.ti_sysbios_family_arm_cc26xx_Timer_start)
                  000062b0    00000048     ti_sysbios_config.o (.text.ti_sysbios_heaps_HeapMem_Instance_init)
                  000062f8    00000048     ti_sysbios_config.o (.text.ti_sysbios_heaps_HeapMem_alloc)
                  00006340    00000048     ti_sysbios_config.o (.text.ti_sysbios_knl_Task_schedule)
                  00006388    00000048     libclang_rt.builtins.a : fixdfsi.S.obj (.text)
                  000063d0    00000044     ti_sysbios_config.o (.text.BIOS_atExitFunc)
                  00006414    00000044     Dhcp.o (.text.DHCP_beginWithDHCP)
                  00006458    00000044     drivers_cc26x2.a : GPIOCC26X2.c.obj (.text.GPIO_hwiIntFxn)
                  0000649c    00000044     driverlib.lib : prcm.o (.text.NOROM_PRCMPowerDomainsAllOff)
                  000064e0    00000044                   : prcm.o (.text.NOROM_PRCMPowerDomainsAllOn)
                  00006524    00000044     rf_multiMode_cc26x2.a : RFCC26X2_multiMode.c.cc26x2.ticlang.o (.text.RF_cmdGet)
                  00006568    00000044     drivers_cc26x2.a : SPI.c.obj (.text.SPI_init)
                  000065ac    00000044                      : TemperatureCC26X2.c.obj (.text.degreesToCode)
                  000065f0    00000044                      : TemperatureCC26X2.c.obj (.text.setNextThresholds)
                  00006634    00000044     ti_sysbios_config.o (.text.ti_sysbios_family_arm_m3_Hwi_Instance_finalize)
                  00006678    00000044     ti_sysbios_config.o (.text.ti_sysbios_family_arm_m3_Hwi_construct2)
                  000066bc    00000044     ti_sysbios_config.o (.text.ti_sysbios_family_arm_m3_Hwi_disableInterrupt)
                  00006700    00000044     ti_sysbios_config.o (.text.ti_sysbios_family_arm_m3_Hwi_enableInterrupt)
                  00006744    00000044     ti_sysbios_config.o (.text.ti_sysbios_knl_Swi_restore)
                  00006788    00000044     libclang_rt.builtins.a : fixunsdfsi.S.obj (.text)
                  000067cc    00000040     EthernetUdp.o (.text.EthernetUDP_parsePacket)
                  0000680c    00000040     drivers_cc26x2.a : PowerCC26X2_calibrateRCOSC.c.obj (.text.PowerCC26X2_RCOSC_clockFunc)
                  0000684c    00000040                      : PowerCC26X2_calibrateRCOSC_helpers.c.obj (.text.PowerCC26X2_setAclkRefSrc)
                  0000688c    00000040     rf_multiMode_cc26x2.a : RFCC26X2_multiMode.c.cc26x2.ticlang.o (.text.RF_updateHpOscOverride)
                  000068cc    00000040     drivers_cc26x2.a : SPI.c.obj (.text.SPI_open)
                  0000690c    00000040     SPIfg.o (.text.SPI_transf)
                  0000694c    00000040     ssd1306.o (.text.SSD1306_DrawPixel)
                  0000698c    00000040     w5500.o (.text.W5500_read_buf)
                  000069cc    00000040     ti_sysbios_config.o (.text.ti_sysbios_heaps_HeapMem_getStats)
                  00006a0c    00000040     ti_sysbios_config.o (.text.ti_sysbios_knl_Clock_getTicksUntilInterrupt)
                  00006a4c    00000040     ti_sysbios_config.o (.text.ti_sysbios_knl_Task_exit)
                  00006a8c    0000003c     drivers_cc26x2.a : GPIO.c.obj (.text.GPIO_resetConfig)
                  00006ac8    0000003c     ti_sysbios_config.o (.text.HwiP_construct)
                  00006b04    0000003c     driverlib.lib : sys_ctrl.o (.text.NOROM_SysCtrlIdle)
                  00006b40    0000003c     drivers_cc26x2.a : PowerCC26X2_calibrateRCOSC_helpers.c.obj (.text.PowerCC26X2_setTdcClkSrc24M)
                  00006b7c    0000003c     w5500.o (.text.W5500_write_buf)
                  00006bb8    0000003c     main.o (.text.main)
                  00006bf4    0000003c     ti_sysbios_config.o (.text.ti_sysbios_family_arm_cc26xx_Timer_periodicStub)
                  00006c30    0000003c     ti_sysbios_config.o (.text.ti_sysbios_family_arm_cc26xx_Timer_setThreshold)
                  00006c6c    0000003c     ti_sysbios_config.o (.text.ti_sysbios_heaps_HeapMem_construct)
                  00006ca8    0000003c     ti_sysbios_config.o (.text.ti_sysbios_knl_ClockSupport_init)
                  00006ce4    0000003c     ti_sysbios_config.o (.text.ti_sysbios_knl_Task_blockI)
                  00006d20    0000003c     ti_sysbios_config.o (.text.ti_sysbios_knl_Task_create)
                  00006d5c    0000003c     ti_sysbios_config.o (.text.ti_sysbios_knl_Task_restore)
                  00006d98    0000003c     ti_sysbios_config.o (.text.ti_sysbios_runtime_Memory_alloc)
                  00006dd4    0000003c     ti_sysbios_config.o (.text.ti_sysbios_runtime_SystemSupport_flush)
                  00006e10    0000003c     drivers_cc26x2.a : TemperatureCC26X2.c.obj (.text.updateThresholds)
                  00006e4c    0000003a     w5500.o (.text.W5500_getRXReceivedSize)
                  00006e86    00000002     --HOLE-- [fill = 0]
                  00006e88    00000038     drivers_cc26x2.a : PowerCC26X2_helpers.c.obj (.text.PowerCC26X2_oscDisableQualifiers)
                  00006ec0    00000038                      : UDMACC26XX.c.obj (.text.UDMACC26XX_close)
                  00006ef8    00000038     ti_sysbios_config.o (.text.getTime)
                  00006f30    00000038     libc.a : sprintf.c.obj (.text.sprintf)
                  00006f68    00000038     ti_sysbios_config.o (.text.ti_sysbios_knl_Task_processVitalTaskFlag)
                  00006fa0    00000038     libc.a : autoinit.c.obj (.text:__TI_auto_init_nobinit_nopinit)
                  00006fd8    00000036     w5500.o (.text.W5500_recv_data_processing)
                  0000700e    00000002     --HOLE-- [fill = 0]
                  00007010    00000034     Ethernet.o (.text.Ethernet_begin_mac_ip_dns_gateway_subnet)
                  00007044    00000034     drivers_cc26x2.a : PowerCC26X2.c.obj (.text.Power_releaseConstraint)
                  00007078    00000034     rf_multiMode_cc26x2.a : RFCC26X2_multiMode.c.cc26x2.ticlang.o (.text.RF_runDirectImmediateCmd)
                  000070ac    00000034     ti_sysbios_config.o (.text.SwiP_construct)
                  000070e0    00000034     libsysbm.a : trgmsg.c.obj (.text.__TI_writemsg)
                  00007114    00000034     libc.a : _printfi.c.obj (.text._fcpy)
                  00007148    00000034     ti_sysbios_config.o (.text._pthread_cleanupFxn)
                  0000717c    00000034     ti_sysbios_config.o (.text.ti_sysbios_family_arm_m3_Hwi_getStackInfo)
                  000071b0    00000034     ti_sysbios_config.o (.text.ti_sysbios_family_arm_m3_Hwi_init)
                  000071e4    00000034     ti_sysbios_config.o (.text.ti_sysbios_knl_Clock_Instance_init)
                  00007218    00000034     ti_sysbios_config.o (.text.ti_sysbios_knl_Task_unblockI)
                  0000724c    00000034     ti_sysbios_config.o (.text.ti_sysbios_runtime_Error_raiseX)
                  00007280    00000034     ti_sysbios_config.o (.text.ti_sysbios_runtime_System_processAtExit)
                  000072b4    00000034     sysbios.a : boot_cortex_m.obj (.text:_c_int00)
                  000072e8    00000032     ti_sysbios_config.o (.text.ti_sysbios_knl_Semaphore_pendTimeout)
                  0000731a    00000002     --HOLE-- [fill = 0]
                  0000731c    00000030     ti_drivers_config.o (.text.Board_wakeUpExtFlash)
                  0000734c    00000030     ti_sysbios_config.o (.text.ClockP_construct)
                  0000737c    00000030     drivers_cc26x2.a : GPIOCC26XX.c.obj (.text.GPIO_setInterruptConfig)
                  000073ac    00000030                      : PowerCC26X2.c.obj (.text.Power_setConstraint)
                  000073dc    00000030     ssd1306.o (.text.SSD1306_UpdatePosition)
                  0000740c    00000030     libsysbm.a : trgmsg.c.obj (.text.__TI_readmsg)
                  0000743c    00000030     drivers_cc26x2.a : PowerCC26X2.c.obj (.text.notify)
                  0000746c    00000030     ti_sysbios_config.o (.text.ti_sysbios_family_arm_m3_Hwi_excHandlerMin)
                  0000749c    00000030     ti_sysbios_config.o (.text.ti_sysbios_heaps_HeapMem_free)
                  000074cc    00000030     ti_sysbios_config.o (.text.ti_sysbios_knl_TaskSupport_start)
                  000074fc    00000030     ti_sysbios_config.o (.text.ti_sysbios_runtime_System_atexit)
                  0000752c    0000002e     driverlib.lib : chipinfo.o (.text.NOROM_ThisLibraryIsFor_CC13x2_CC26x2_HwRev20AndLater_HaltIfViolated)
                  0000755a    0000002e     w5500.o (.text.W5500_send_data_processing_offset)
                  00007588    0000002e     socket.o (.text.startUDP)
                  000075b6    00000002     --HOLE-- [fill = 0]
                  000075b8    0000002e     libclang_rt.builtins.a : floatsidf.S.obj (.text)
                  000075e6    00000002     --HOLE-- [fill = 0]
                  000075e8    0000002c     ti_sysbios_config.o (.text.PowerCC26XX_schedulerDisable)
                  00007614    0000002c     rf_multiMode_cc26x2.a : RFCC26X2_multiMode.c.cc26x2.ticlang.o (.text.RF_executeDirectImmediateCmd)
                  00007640    0000002c     drivers_cc26x2.a : TemperatureCC26X2.c.obj (.text.Temperature_unregisterNotify)
                  0000766c    0000002c     w5500.o (.text.W5500_init)
                  00007698    0000002c     w5500.o (.text.W5500_read)
                  000076c4    0000002c     w5500.o (.text.W5500_write)
                  000076f0    0000002c     ti_sysbios_config.o (.text._pthread_delete)
                  0000771c    0000002c     SPIfg.o (.text.initSS)
                  00007748    0000002c     ti_sysbios_config.o (.text.ti_sysbios_gates_GateMutex_enter)
                  00007774    0000002c     ti_sysbios_config.o (.text.ti_sysbios_knl_Clock_getTicks)
                  000077a0    0000002c     ti_sysbios_config.o (.text.ti_sysbios_knl_Task_restoreHwi)
                  000077cc    0000002c     ti_sysbios_config.o (.text.usleep)
                  000077f8    0000002a     EthernetUdp.o (.text.EthernetUDP_read)
                  00007822    0000002a     EthernetUdp.o (.text.EthernetUDP_read_buf)
                  0000784c    0000002a     driverlib.lib : osc.o (.text.NOROM_OSCHF_TurnOnXosc)
                  00007876    0000002a     drivers_cc26x2.a : SPICC26X2DMA.c.obj (.text.SPICC26X2DMA_swiFxn)
                  000078a0    0000002a     socket.o (.text.bufferData)
                  000078ca    0000002a     ti_sysbios_config.o (.text.ti_sysbios_family_arm_cc26xx_Timer_setNextTick)
                  000078f4    0000002a     ti_sysbios_config.o (.text.ti_sysbios_knl_Task_allBlockedFunction)
                  0000791e    00000002     --HOLE-- [fill = 0]
                  00007920    00000028     ti_sysbios_config.o (.text.BIOS_registerRTSLock)
                  00007948    00000028     drivers_cc26x2.a : I2C.c.obj (.text.I2C_cancel)
                  00007970    00000028                      : List.c.obj (.text.List_remove)
                  00007998    00000028     rf_multiMode_cc26x2.a : RFCC26X2_multiMode.c.cc26x2.ticlang.o (.text.RF_cmdStoreEvents)
                  000079c0    00000028     sysbios.a : Hwi_asm_gnu.obj (.text.ti_sysbios_family_arm_m3_Hwi_excHandlerAsm)
                  000079e8    00000028     ti_sysbios_config.o (.text.ti_sysbios_gates_GateMutex_Instance_init)
                  00007a10    00000028     ti_sysbios_config.o (.text.ti_sysbios_knl_Semaphore_Instance_init)
                  00007a38    00000028     ti_sysbios_config.o (.text.ti_sysbios_knl_Swi_init)
                  00007a60    00000028     sysbios.a : TaskSupport_asm_gnu.obj (.text.ti_sysbios_knl_TaskSupport_swap)
                  00007a88    00000028     ti_sysbios_config.o (.text.ti_sysbios_knl_Task_construct)
                  00007ab0    00000028     ti_sysbios_config.o (.text.ti_sysbios_knl_Task_init)
                  00007ad8    00000026     drivers_cc26x2.a : SPICC26X2DMA.c.obj (.text.flushFifos)
                  00007afe    00000002     --HOLE-- [fill = 0]
                  00007b00    00000024     ti_sysbios_config.o (.text.BIOS_removeRTSLock)
                  00007b24    00000024     ti_drivers_config.o (.text.Board_init)
                  00007b48    00000024     EthernetUdp.o (.text.EthernetUDP_stop)
                  00007b6c    00000024     IPAddress.o (.text.IPAddress_toString)
                  00007b90    00000024     drivers_cc26x2.a : List.c.obj (.text.List_put)
                  00007bb4    00000024                      : PowerCC26X2_helpers.c.obj (.text.PowerCC26X2_setSubSecIncToXoscLf)
                  00007bd8    00000024                      : PowerCC26X2_calibrateRCOSC_helpers.c.obj (.text.PowerCC26X2_writeCtrim)
                  00007bfc    00000024                      : PowerCC26X2_calibrateRCOSC_helpers.c.obj (.text.PowerCC26X2_writeCtrimFract)
                  00007c20    00000024                      : PowerCC26X2_calibrateRCOSC_helpers.c.obj (.text.PowerCC26X2_writeCtrimFractEn)
                  00007c44    00000024                      : PowerCC26X2_calibrateRCOSC_helpers.c.obj (.text.PowerCC26X2_writeRtrim)
                  00007c68    00000024                      : PowerCC26X2.c.obj (.text.Power_registerNotify)
                  00007c8c    00000024                      : SPICC26X2DMA.c.obj (.text.releaseConstraint)
                  00007cb0    00000024     ssd1306.o (.text.sendData)
                  00007cd4    00000024     socket.o (.text.sendUDP)
                  00007cf8    00000024     ti_sysbios_config.o (.text.ti_sysbios_family_arm_m3_Hwi_construct)
                  00007d1c    00000024     ti_sysbios_config.o (.text.ti_sysbios_knl_Semaphore_destruct)
                  00007d40    00000024     ti_sysbios_config.o (.text.ti_sysbios_knl_Task_enter)
                  00007d64    00000022     ssd1306.o (.text.SSD1306_DrawString)
                  00007d86    00000022     w5500.o (.text.W5500_getTXFreeSize)
                  00007da8    00000022     ti_sysbios_config.o (.text.ti_sysbios_runtime_SysMin_output)
                  00007dca    00000020     Dhcp.o (.text.DHCP_printByte)
                  00007dea    00000002     --HOLE-- [fill = 0]
                  00007dec    00000020     ti_sysbios_config.o (.text.HwiP_clearInterrupt)
                  00007e0c    00000020     rf_multiMode_cc26x2.a : rfc.c.cc26x2.ticlang.o (.text.NOROM_RFCDoorbellSendTo)
                  00007e2c    00000020                           : rfc.c.cc26x2.ticlang.o (.text.NOROM_RFCOverrideSearch)
                  00007e4c    00000020     drivers_cc26x2.a : PowerCC26X2_helpers.c.obj (.text.PowerCC26X2_disableTCXOQual)
                  00007e6c    00000020                      : PowerCC26X2_helpers.c.obj (.text.PowerCC26X2_enableTCXOQual)
                  00007e8c    00000020     ti_sysbios_config.o (.text.PowerCC26XX_schedulerRestore)
                  00007eac    00000020     drivers_cc26x2.a : PowerCC26X2.c.obj (.text.Power_unregisterNotify)
                  00007ecc    00000020     rf_multiMode_cc26x2.a : RFCC26X2_multiMode.c.cc26x2.ticlang.o (.text.RF_invokeGlobalCallback)
                  00007eec    00000020     ssd1306.o (.text.SSD1306_SendCommand)
                  00007f0c    00000020     ti_sysbios_config.o (.text.SemaphoreP_constructBinary)
                  00007f2c    00000020     ti_sysbios_config.o (.text.ti_sysbios_family_arm_m3_Hwi_initStack)
                  00007f4c    00000020     ti_sysbios_config.o (.text.ti_sysbios_knl_Task_delete)
                  00007f6c    00000020     ti_sysbios_config.o (.text.ti_sysbios_knl_Task_destruct)
                  00007f8c    00000020     libclang_rt.builtins.a : floatunsidf.S.obj (.text)
                  00007fac    0000001e     libc.a : memccpy.c.obj (.text.memccpy)
                  00007fca    0000001e     sysbios.a : Hwi_asm_switch_gnu.obj (.text.ti_sysbios_family_arm_m3_Hwi_switchAndRunFunc)
                  00007fe8    0000001c     ti_sysbios_config.o (.text.BIOS_rtsLock)
                  00008004    0000001c     drivers_cc26x2.a : GPIO.c.obj (.text.GPIO_setCallback)
                  00008020    0000001c                      : GPIOCC26XX.c.obj (.text.GPIO_setMux)
                  0000803c    0000001c     gui.o (.text.GUI_ChangeDeviceIp)
                  00008058    0000001c     drivers_cc26x2.a : PowerCC26X2.c.obj (.text.Power_getTransitionLatency)
                  00008074    0000001c     ssd1306.o (.text.SSD1306_UpdateScreen)
                  00008090    0000001c     w5500.o (.text.W5500_writeSnDPORT)
                  000080ac    0000001c     w5500.o (.text.W5500_writeSnPORT)
                  000080c8    0000001c     w5500.o (.text.W5500_writeSnRX_RD)
                  000080e4    0000001c     w5500.o (.text.W5500_writeSnTX_WR)
                  00008100    0000001c     drivers_cc26x2.a : TemperatureCC26X2.c.obj (.text.setTempLowerLimit)
                  0000811c    0000001c                      : TemperatureCC26X2.c.obj (.text.setTempUpperLimit)
                  00008138    0000001c     ti_sysbios_config.o (.text.ti_sysbios_knl_Idle_run)
                  00008154    0000001c     ti_sysbios_config.o (.text.ti_sysbios_knl_Queue_put)
                  00008170    0000001c     ti_sysbios_config.o (.text.ti_sysbios_knl_Swi_construct)
                  0000818c    0000001c     ti_sysbios_config.o (.text.ti_sysbios_knl_Swi_destruct)
                  000081a8    0000001a     EthernetUdp.o (.text.EthernetUDP_write)
                  000081c2    0000001a     drivers_cc26x2.a : I2CCC26XX.c.obj (.text.I2CCC26XX_completeTransfer)
                  000081dc    0000001a     w5500.o (.text.W5500_readSnRX_RD)
                  000081f6    0000001a     w5500.o (.text.W5500_readSnRX_RSR)
                  00008210    0000001a     w5500.o (.text.W5500_readSnTX_FSR)
                  0000822a    0000001a     w5500.o (.text.W5500_readSnTX_WR)
                  00008244    0000001a     ti_sysbios_config.o (.text.ti_sysbios_knl_Task_sleepTimeout)
                  0000825e    00000002     --HOLE-- [fill = 0]
                  00008260    00000018     ti_sysbios_config.o (.text.BIOS_exitFunc)
                  00008278    00000018     ti_sysbios_config.o (.text.BIOS_rtsUnlock)
                  00008290    00000018     drivers_cc26x2.a : GPIOCC26XX.c.obj (.text.GPIO_disableInt)
                  000082a8    00000018                      : PowerCC26X2.c.obj (.text.PowerCC26XX_calibrate)
                  000082c0    00000018                      : PowerCC26X2.c.obj (.text.Power_idleFunc)
                  000082d8    00000018     libc.a : sprintf.c.obj (.text._outs)
                  000082f0    00000018     ti_sysbios_config.o (.text.ti_sysbios_knl_Clock_scheduleNextTick)
                  00008308    00000018     ti_sysbios_config.o (.text.ti_sysbios_knl_Swi_construct2)
                  00008320    00000018     ti_sysbios_config.o (.text.ti_sysbios_knl_Swi_or)
                  00008338    00000018     sysbios.a : TaskSupport_asm_gnu.obj (.text.ti_sysbios_knl_TaskSupport_glue)
                  00008350    00000018     ti_sysbios_config.o (.text.ti_sysbios_knl_Task_unblock)
                  00008368    00000016     w5500.o (.text.W5500_read_data)
                  0000837e    00000016     socket.o (.text.close)
                  00008394    00000016     ti_sysbios_config.o (.text.ti_sysbios_knl_Clock_start)
                  000083aa    00000002     --HOLE-- [fill = 0]
                  000083ac    00000014     drivers_cc26x2.a : GPIOCC26XX.c.obj (.text.GPIO_read)
                  000083c0    00000014                      : GPIO.c.obj (.text.GPIO_setUserArg)
                  000083d4    00000014                      : I2CCC26XX.c.obj (.text.I2CCC26XX_postNotify)
                  000083e8    00000014                      : SPICC26X2DMA.c.obj (.text.OUTLINED_FUNCTION_0)
                  000083fc    00000014                      : TemperatureCC26X2.c.obj (.text.Temperature_getTemperature)
                  00008410    00000014     w5500.o (.text.W5500_execCmdSn)
                  00008424    00000014     w5500.o (.text.W5500_writeSn)
                  00008438    00000014     w5500.o (.text.W5500_writeSn_buf)
                  0000844c    00000014     libc.a : args_main.c.obj (.text._args_main)
                  00008460    00000014     ti_sysbios_config.o (.text.ti_sysbios_family_arm_m3_Hwi_switchFromBootStack)
                  00008474    00000014     libclang_rt.builtins.a : aeabi_ldivmod.S.obj (.text)
                  00008488    00000014                            : aeabi_memset.S.obj (.text)
                  0000849c    00000014                            : aeabi_uldivmod.S.obj (.text)
                  000084b0    00000012     EthernetUdp.o (.text.EthernetUDP_beginPacket_ip)
                  000084c2    00000012     EthernetUdp.o (.text.EthernetUDP_flush)
                  000084d4    00000012     Ethernet.o (.text.Ethernet_begin_mac_ip_dns)
                  000084e6    00000012     drivers_cc26x2.a : I2C.c.obj (.text.I2C_transfer)
                  000084f8    00000012     IPAddress.o (.text.IPAddress_Init_str)
                  0000850a    00000012     libc.a : _printfi.c.obj (.text.strchr)
                  0000851c    00000012            : memcpy_t2.S.obj (.text:TI_memcpy_small)
                  0000852e    00000002     --HOLE-- [fill = 0]
                  00008530    00000010     ti_sysbios_config.o (.text.ClockP_getCpuFreq)
                  00008540    00000010     Dhcp.o (.text.DHCP_getDnsServerIp)
                  00008550    00000010     Dhcp.o (.text.DHCP_getGatewayIp)
                  00008560    00000010     Dhcp.o (.text.DHCP_getLocalIp)
                  00008570    00000010     Dhcp.o (.text.DHCP_getSubnetMask)
                  00008580    00000010     drivers_cc26x2.a : GPIO.c.obj (.text.GPIO_getUserArg)
                  00008590    00000010                      : GPIOCC26XX.c.obj (.text.GPIO_write)
                  000085a0    00000010     ti_sysbios_config.o (.text.HwiP_Params_init)
                  000085b0    00000010     drivers_cc26x2.a : PowerCC26X2_helpers.c.obj (.text.PowerCC26X2_oscCtlClearXtal)
                  000085c0    00000010                      : PowerCC26X2_helpers.c.obj (.text.PowerCC26X2_prcmEnableCacheRetention)
                  000085d0    00000010                      : PowerCC26X2_calibrateRCOSC_helpers.c.obj (.text.PowerCC26X2_readCtrim)
                  000085e0    00000010                      : PowerCC26X2_calibrateRCOSC_helpers.c.obj (.text.PowerCC26X2_readCtrimFract)
                  000085f0    00000010                      : PowerCC26X2_calibrateRCOSC_helpers.c.obj (.text.PowerCC26X2_readRtrim)
                  00008600    00000010                      : PowerCC26X2_helpers.c.obj (.text.PowerCC26X2_switchToTCXO)
                  00008610    00000010                      : PowerCC26X2.c.obj (.text.Power_getDependencyCount)
                  00008620    00000010     ssd1306.o (.text.SSD1306_SetPosition)
                  00008630    00000010     ti_sysbios_config.o (.text.SwiP_Params_init)
                  00008640    00000010     ti_sysbios_config.o (.text.ti_sysbios_family_arm_cc26xx_Timer_dynamicStub)
                  00008650    00000010     ti_sysbios_config.o (.text.ti_sysbios_family_arm_m3_Hwi_excHandler)
                  00008660    00000010     libc.a : wcslen.c.obj (.text.wcslen)
                  00008670    00000010            : copy_zero_init.c.obj (.text:decompress:ZI)
                  00008680    0000000e     Ethernet.o (.text.Ethernet_begin_mac_ip_dns_gateway)
                  0000868e    0000000e     drivers_cc26x2.a : PowerCC26X2.c.obj (.text.OUTLINED_FUNCTION_0)
                  0000869c    0000000e     w5500.o (.text.W5500_readSn)
                  000086aa    0000000e     libc.a : _printfi.c.obj (.text.strlen)
                  000086b8    0000000e     drivers_cc26x2.a : PowerCC26X2.c.obj (.text.switchToTCXO)
                  000086c6    0000000e     ti_sysbios_config.o (.text.ti_sysbios_gates_GateMutex_leave)
                  000086d4    0000000e     libc.a : memset_t2.S.obj (.text:TI_memset_small)
                  000086e2    0000000e            : copy_decompress_none.c.obj (.text:decompress:none)
                  000086f0    0000000c     ti_sysbios_config.o (.text.BIOS_linkedWithIncorrectBootLibrary)
                  000086fc    0000000c     ti_sysbios_config.o (.text.BIOS_start)
                  00008708    0000000c     Ethernet.o (.text.Ethernet_begin_mac_ip)
                  00008714    0000000c     Ethernet.o (.text.Ethernet_localIP)
                  00008720    0000000c     ti_sysbios_config.o (.text.HwiP_disable)
                  0000872c    0000000c     drivers_cc26x2.a : I2C.c.obj (.text.I2C_Params_init)
                  00008738    0000000c     driverlib.lib : cpu.o (.text.NOROM_CPUcpsid)
                  00008744    0000000c                   : cpu.o (.text.NOROM_CPUcpsie)
                  00008750    0000000c     drivers_cc26x2.a : I2CCC26XX.c.obj (.text.OUTLINED_FUNCTION_0)
                  0000875c    0000000c     Dhcp.o (.text.OUTLINED_FUNCTION_2)
                  00008768    0000000c     drivers_cc26x2.a : PowerCC26X2_helpers.c.obj (.text.PowerCC26X2_oscClockSourceGet)
                  00008774    0000000c                      : PowerCC26X2_helpers.c.obj (.text.PowerCC26X2_setPeriphDeepSleepEnable)
                  00008780    0000000c                      : PowerCC26X2_helpers.c.obj (.text.PowerCC26X2_sysCtrlGetResetSource)
                  0000878c    0000000c                      : PowerCC26X2_helpers.c.obj (.text.PowerCC26X2_sysCtrlVoltageConditionalControl)
                  00008798    0000000c                      : PowerCC26X2.c.obj (.text.Power_getConstraintMask)
                  000087a4    0000000c                      : SPI.c.obj (.text.SPI_Params_init)
                  000087b0    0000000c     w5500.o (.text.W5500_readSIPR)
                  000087bc    0000000c     w5500.o (.text.W5500_writeGAR)
                  000087c8    0000000c     w5500.o (.text.W5500_writeSHAR)
                  000087d4    0000000c     w5500.o (.text.W5500_writeSIPR)
                  000087e0    0000000c     w5500.o (.text.W5500_writeSUBR)
                  000087ec    0000000c     libc.a : _lock.c.obj (.text._register_lock)
                  000087f8    0000000c            : _lock.c.obj (.text._register_unlock)
                  00008804    0000000c     drivers_cc26x2.a : SPICC26X2DMA.c.obj (.text.spiPostNotify)
                  00008810    0000000c     ti_sysbios_config.o (.text.ti_sysbios_heaps_HeapMem_init)
                  0000881c    0000000c     ti_sysbios_config.o (.text.ti_sysbios_knl_ClockSupport_setNextTick)
                  00008828    0000000c     ti_sysbios_config.o (.text.ti_sysbios_knl_Clock_tick)
                  00008834    0000000c     ti_sysbios_config.o (.text.ti_sysbios_knl_Task_Params_init)
                  00008840    0000000a     ti_sysbios_config.o (.text.ClockP_Params_init)
                  0000884a    0000000a     drivers_cc26x2.a : I2CCC26XX.c.obj (.text.I2CMasterControl)
                  00008854    0000000a                      : SPICC26X2DMA.c.obj (.text.OUTLINED_FUNCTION_2)
                  0000885e    0000000a     rf_multiMode_cc26x2.a : RFCC26X2_multiMode.c.cc26x2.ticlang.o (.text.OUTLINED_FUNCTION_5)
                  00008868    0000000a     drivers_cc26x2.a : PowerCC26X2_helpers.c.obj (.text.PowerCC26X2_sysCtrlStandby)
                  00008872    0000000a                      : SPICC26X2DMA.c.obj (.text.SPICC26X2DMA_init)
                  0000887c    0000000a     ti_sysbios_config.o (.text.SemaphoreP_pend)
                  00008886    0000000a     drivers_cc26x2.a : UDMACC26XX.c.obj (.text.UDMACC26XX_hwiIntFxn)
                  00008890    0000000a     w5500.o (.text.W5500_writeSnDIPR)
                  0000889a    0000000a     libc.a : sprintf.c.obj (.text._outc)
                  000088a4    0000000a     ArduinoCompatibility.o (.text.delay)
                  000088ae    00000008     drivers_cc26x2.a : I2CCC26XX.c.obj (.text.I2CCC26XX_blockingCallback)
                  000088b6    00000008                      : I2CCC26XX.c.obj (.text.I2CSupport_masterFinish)
                  000088be    00000008     driverlib.lib : cpu.o (.text.NOROM_CPUdelay)
                  000088c6    00000008     Dhcp.o (.text.OUTLINED_FUNCTION_1)
                  000088ce    00000008     drivers_cc26x2.a : SPICC26X2DMA.c.obj (.text.OUTLINED_FUNCTION_1)
                  000088d6    00000008                      : PowerCC26X2_helpers.c.obj (.text.PowerCC26X2_oschfTrySwitchToXosc)
                  000088de    00000008     w5500.o (.text.W5500_writeSnCR)
                  000088e6    00000008     w5500.o (.text.W5500_writeSnIR)
                  000088ee    00000008     w5500.o (.text.W5500_writeSnMR)
                  000088f6    00000002     --HOLE-- [fill = 0]
                  000088f8    00000008     libc.a : aeabi_portable.c.obj (.text.__aeabi_errno_addr)
                  00008900    00000008     drivers_cc26x2.a : SPICC26X2DMA.c.obj (.text.blockingTransferCallback)
                  00008908    00000008     SPIfg.o (.text.resetSS)
                  00008910    00000008     SPIfg.o (.text.setSS)
                  00008918    00000008     ti_sysbios_config.o (.text.ti_sysbios_runtime_System_exit)
                  00008920    00000006     ti_sysbios_config.o (.text.ClockP_stop)
                  00008926    00000006     EthernetUdp.o (.text.EthernetUDP_begin_init)
                  0000892c    00000006     EthernetUdp.o (.text.EthernetUDP_endPacket)
                  00008932    00000006     ti_sysbios_config.o (.text.HwiP_restore)
                  00008938    00000006     drivers_cc26x2.a : I2CCC26XX.c.obj (.text.I2CSupport_powerRelConstraint)
                  0000893e    00000006                      : I2CCC26XX.c.obj (.text.I2CSupport_powerSetConstraint)
                  00008944    00000006     Dhcp.o (.text.OUTLINED_FUNCTION_0)
                  0000894a    00000006     Dhcp.o (.text.OUTLINED_FUNCTION_3)
                  00008950    00000006     drivers_cc26x2.a : SPI.c.obj (.text.SPI_transfer)
                  00008956    00000006     w5500.o (.text.W5500_readSnCR)
                  0000895c    00000006     w5500.o (.text.W5500_readSnIR)
                  00008962    00000006     w5500.o (.text.W5500_readSnSR)
                  00008968    00000006     ArduinoCompatibility.o (.text.random)
                  0000896e    00000006     ti_sysbios_config.o (.text.ti_sysbios_family_arm_m3_Hwi_destruct)
                  00008974    00000006     ti_sysbios_config.o (.text.ti_sysbios_family_arm_m3_Hwi_doSwiRestore)
                  0000897a    00000006     ti_sysbios_config.o (.text.ti_sysbios_family_arm_m3_Hwi_doTaskRestore)
                  00008980    00000006     ti_sysbios_config.o (.text.ti_sysbios_knl_Idle_loop)
                  00008986    00000006     ti_sysbios_config.o (.text.ti_sysbios_knl_Swi_startup)
                  0000898c    00000004     EthernetUdp.o (.text.EthernetUDP_remotePort)
                  00008990    00000004     ti_sysbios_config.o (.text.HwiP_destruct)
                  00008994    00000004     ti_sysbios_config.o (.text.HwiP_disableInterrupt)
                  00008998    00000004     ti_sysbios_config.o (.text.HwiP_enableInterrupt)
                  0000899c    00000004     drivers_cc26x2.a : PowerCC26X2_helpers.c.obj (.text.PowerCC26X2_oschfSwitchToRcosc)
                  000089a0    00000004                      : PowerCC26X2_helpers.c.obj (.text.PowerCC26X2_sysCtrlIdle)
                  000089a4    00000004                      : PowerCC26X2_helpers.c.obj (.text.PowerCC26X2_turnOnXosc)
                  000089a8    00000004     ti_sysbios_config.o (.text.ResetISR)
                  000089ac    00000004     ti_sysbios_config.o (.text.SemaphoreP_destruct)
                  000089b0    00000004     ti_sysbios_config.o (.text.SemaphoreP_post)
                  000089b4    00000004     ti_sysbios_config.o (.text.SwiP_destruct)
                  000089b8    00000004     ti_sysbios_config.o (.text.SwiP_or)
                  000089bc    00000004     ti_sysbios_config.o (.text.SwiP_post)
                  000089c0    00000004     w5500.o (.text.W5500_getIPAddress)
                  000089c4    00000004     w5500.o (.text.W5500_setGatewayIp)
                  000089c8    00000004     w5500.o (.text.W5500_setIPAddress)
                  000089cc    00000004     w5500.o (.text.W5500_setMACAddress)
                  000089d0    00000004     w5500.o (.text.W5500_setSubnetMask)
                  000089d4    00000004     ti_sysbios_config.o (.text._system_post_cinit)
                  000089d8    00000004     ti_sysbios_config.o (.text._system_pre_init)
                  000089dc    00000004     drivers_cc26x2.a : PowerCC26X2.c.obj (.text.configureRFCoreClocks)
                  000089e0    00000004                      : PowerCC26X2.c.obj (.text.nopResourceHandler)
                  000089e4    00000004     ti_sysbios_config.o (.text.ti_sysbios_heaps_HeapMem_isBlocking)
                  000089e8    00000004     libclang_rt.builtins.a : aeabi_memcpy.S.obj (.text)

.rodata    0    000089f0    00000e08     
                  000089f0    000005d0     ti_sysbios_config.o (.rodata.str1.1)
                  00008fc0    000001e0     ssd1306.o (.rodata.FONTS)
                  000091a0    00000101     libc.a : aeabi_ctype.S.obj (.rodata)
                  000092a1    0000008d     ti_sysbios_config.o (.rodata.ti_sysbios_heaps_HeapMem_alloc.err)
                  0000932e    00000089     ti_sysbios_config.o (.rodata.ti_sysbios_family_arm_m3_Hwi_Instance_init.err.1)
                  000093b7    00000089     ti_sysbios_config.o (.rodata.ti_sysbios_runtime_Memory_alloc.err)
                  00009440    00000086     ti_sysbios_config.o (.rodata.ti_sysbios_family_arm_m3_Hwi_Instance_init.err)
                  000094c6    00000001     ti_drivers_config.o (.rodata.GPIO_pinLowerBound)
                  000094c7    00000001     ti_drivers_config.o (.rodata.GPIO_pinUpperBound)
                  000094c8    00000070     driverlib.lib : osc.o (.rodata..L__const.NOROM_OSC_HPOSC_Debug_InitFreqOffsetParams.hposcParm)
                  00009538    00000054     drivers_cc26x2.a : PowerCC26X2.c.obj (.rodata.resourceDB)
                  0000958c    0000004f     gui.o (.rodata.str1.1)
                  000095db    00000001     ti_drivers_config.o (.rodata.I2C_count)
                  000095dc    00000040     ti_drivers_config.o (.rodata.spiCC26X2DMAHWAttrs)
                  0000961c    00000024     ti_sysbios_config.o (.rodata.ti_sysbios_knl_Task_Params_default)
                  00009640    00000022     libc.a : _printfi.c.obj (.rodata.str1.1)
                  00009662    00000001     ti_drivers_config.o (.rodata.SPI_count)
                  00009663    00000001     ti_drivers_config.o (.rodata.TemperatureCC26X2_config)
                  00009664    00000020     drivers_cc26x2.a : SPI.c.obj (.rodata.SPI_defaultParams)
                  00009684    00000020     ssd1306.o (.rodata.SSD1306_InitSequence)
                  000096a4    0000001c     ti_sysbios_config.o (.rodata.ti_sysbios_family_arm_cc26xx_Timer_Params_default)
                  000096c0    00000018     drivers_cc26x2.a : SPICC26X2DMA.c.obj (.rodata.SPICC26X2DMA_fxnTable)
                  000096d8    00000018                      : SPICC26X2DMA.c.obj (.rodata.cst8)
                  000096f0    00000018                      : SPICC26X2DMA.c.obj (.rodata.frameFormat)
                  00009708    00000018     ti_drivers_config.o (.rodata.i2cCC26xxHWAttrs)
                  00009720    00000018     ti_sysbios_config.o (.rodata.ti_sysbios_family_arm_m3_Hwi_Params_default)
                  00009738    00000014     ti_drivers_config.o (.rodata.PowerCC26X2_config)
                  0000974c    00000014     ti_sysbios_config.o (.rodata.ti_sysbios_knl_Swi_Params_default)
                  00009760    00000010     ti_drivers_config.o (.rodata.GPIO_config)
                  00009770    00000010     drivers_cc26x2.a : I2CCC26XX.c.obj (.rodata.cst16)
                  00009780    0000000d     IPAddress.o (.rodata..L.str)
                  0000978d    00000003     --HOLE-- [fill = 0]
                  00009790    0000000c     ti_drivers_config.o (.rodata.RFCC26XX_hwAttrs)
                  0000979c    0000000c     ti_drivers_config.o (.rodata.SPI_config)
                  000097a8    0000000c     ti_sysbios_config.o (.rodata.ti_sysbios_heaps_HeapMem_Params_default)
                  000097b4    0000000c     ti_sysbios_config.o (.rodata.ti_sysbios_knl_Clock_Params_default)
                  000097c0    0000000c     ti_sysbios_config.o (.rodata.ti_sysbios_knl_Semaphore_Params_default)
                  000097cc    00000008     ti_drivers_config.o (.rodata.I2C_config)
                  000097d4    00000008     ti_drivers_config.o (.rodata.UDMACC26XX_config)
                  000097dc    00000008     driverlib.lib : aux_sysif.o (.rodata.cst4)
                  000097e4    00000008     ti_sysbios_config.o (.rodata.ti_sysbios_knl_Idle_funcList)
                  000097ec    00000008     ti_drivers_config.o (.rodata.udmaCC26XXHWAttrs)
                  000097f4    00000004     ti_sysbios_config.o (.rodata.ti_sysbios_family_arm_m3_Hwi_swiTaskKeyAddress)

.bss       0    200000d8    00001492     UNINITIALIZED
                  200000d8    00000401     ssd1306.o (.bss.SSD1306_LcdBufferInclStreamByte)
                  200004d9    00000400     (.common:ti_sysbios_runtime_SysMin_outbuf)
                  200008d9    00000001     --HOLE--
                  200008da    00000002     socket.o (.bss.local_port)
                  200008dc    00000004     driverlib.lib : osc.o (.bss.oscHfGlobals.0)
                  200008e0    000002c0     rf_multiMode_cc26x2.a : RFCC26X2_multiMode.c.cc26x2.ticlang.o (.bss.RF_cmdPool)
                  20000ba0    00000200     (.common:ti_sysbios_knl_Idle_taskStack)
                  20000da0    00000140     (.common:i2cCC26xxObjects)
                  20000ee0    00000120     libsysbm.a : trgmsg.c.obj (.bss:_CIOBUF_)
                  20001000    00000100     (.common:spiCC26X2DMAObjects)
                  20001100    000000d8     (.common:ti_sysbios_family_arm_m3_Hwi_dispatchTable)
                  200011d8    0000007c     (.common:gpioCallbackFunctions)
                  20001254    0000007c     (.common:gpioUserArgs)
                  200012d0    00000060     (.common:ti_sysbios_knl_ClockSupport_timerStruct)
                  20001330    00000058     (.common:ti_sysbios_knl_Idle_taskStruct)
                  20001388    00000030     (.common:ti_sysbios_knl_Swi_readyQs)
                  200013b8    00000030     (.common:ti_sysbios_knl_Task_readyQs)
                  200013e8    0000002c     (.common:BIOS_heapMemObject)
                  20001414    00000028     (.common:BIOS_rtsGate)
                  2000143c    00000028     (.common:ti_sysbios_heaps_HeapMem_gate)
                  20001464    00000024     (.common:initTaskParams)
                  20001488    00000020     (.common:Ethernet)
                  200014a8    00000020     (.common:ti_sysbios_runtime_System_atexitHandlers)
                  200014c8    00000020     (.common:udmaCC26XXObject)
                  200014e8    0000001c     drivers_cc26x2.a : TemperatureCC26X2.c.obj (.bss.batmonHwi)
                  20001504    0000001c                      : GPIOCC26X2.c.obj (.bss.gpioHwi)
                  20001520    00000014     (.common:ti_sysbios_hal_Seconds_Module_state)
                  20001534    00000008                      : TemperatureCC26X2.c.obj (.bss.notificationList)
                  2000153c    00000008     (.common:parmbuf)
                  20001544    00000004     driverlib.lib : osc.o (.bss.oscHfGlobals.2)
                  20001548    00000004                   : osc.o (.bss.oscHfGlobals.3)
                  2000154c    00000004                   : osc.o (.bss.oscHfGlobals.4)
                  20001550    00000004     (.common:PowerCC26XX_swiKey)
                  20001554    00000004     (.common:PowerCC26XX_taskKey)
                  20001558    00000004     (.common:initTaskHandle)
                  2000155c    00000004     (.common:spi)
                  20001560    00000004     (.common:ti_sysbios_family_arm_cc26xx_TimestampProvider_Module_state)
                  20001564    00000004     (.common:ti_sysbios_knl_Task_defaultStackHeap)
                  20001568    00000002     (.common:_counter)

.data      0    20005a50    000004ff     UNINITIALIZED
                  20005a50    00000174     drivers_cc26x2.a : PowerCC26X2.c.obj (.data.PowerCC26X2_module)
                  20005bc4    0000007c     ti_drivers_config.o (.data.gpioPinConfigs)
                  20005c40    00000078     ti_sysbios_config.o (.data..L_MergedGlobals)
                  20005cb8    00000068     rf_multiMode_cc26x2.a : RFCC26X2_multiMode.c.cc26x2.ticlang.o (.data..L_MergedGlobals.1)
                  20005d20    00000068     ti_sysbios_config.o (.data..L_MergedGlobals.70)
                  20005d88    00000068     ti_sysbios_config.o (.data.ti_sysbios_knl_Clock_Module_state)
                  20005df0    00000064     rf_multiMode_cc26x2.a : RFCC26X2_multiMode.c.cc26x2.ticlang.o (.data..L_MergedGlobals.3)
                  20005e54    00000058                           : RFCC26X2_multiMode.c.cc26x2.ticlang.o (.data..L_MergedGlobals.2)
                  20005eac    0000003c     ti_sysbios_config.o (.data.ti_sysbios_knl_Task_Module_state)
                  20005ee8    00000014     ssd1306.o (.data..L_MergedGlobals)
                  20005efc    00000010     Ethernet.o (.data.Ethernet_server_port)
                  20005f0c    00000010     driverlib.lib : osc.o (.data._hposcCoeffs)
                  20005f1c    00000008     rf_multiMode_cc26x2.a : RFCC26X2_multiMode.c.cc26x2.ticlang.o (.data..L_MergedGlobals)
                  20005f24    00000008     ti_sysbios_config.o (.data.ti_sysbios_gates_GateMutex_Module_state)
                  20005f2c    00000008     ti_sysbios_config.o (.data.ti_sysbios_heaps_HeapMem_Module_state)
                  20005f34    00000008     ti_sysbios_config.o (.data.ti_sysbios_knl_Semaphore_Module_state)
                  20005f3c    00000004     drivers_cc26x2.a : TemperatureCC26X2.c.obj (.data..L_MergedGlobals)
                  20005f40    00000004     libc.a : aeabi_portable.c.obj (.data.__aeabi_errno)
                  20005f44    00000004            : _lock.c.obj (.data._lock)
                  20005f48    00000004            : _lock.c.obj (.data._unlock)
                  20005f4c    00000001     drivers_cc26x2.a : GPIOCC26X2.c.obj (.data.initCalled)
                  20005f4d    00000001                      : SPI.c.obj (.data.isInitialized)
                  20005f4e    00000001                      : TemperatureCC26X2.c.obj (.data.isInitialized)

.stack     0    20013a00    00000600     UNINITIALIZED
                  20013a00    00000004     sysbios.a : boot_cortex_m.obj (.stack)
                  20013a04    000005fc     --HOLE--

.priheap   0    20001a50    00004000     UNINITIALIZED
                  20001a50    00004000     --HOLE--

.log_data 
*          0    90000000    00000000     COPY SECTION

.resetVecs 
*          0    00000000    0000003c     
                  00000000    0000003c     ti_sysbios_config.o (.resetVecs)

.vecs      0    20000000    000000d8     NOLOAD SECTION
                  20000000    000000d8     ti_sysbios_config.o (.vecs)

__llvm_prf_cnts 
*          0    20000000    00000000     UNINITIALIZED

__llvm_prf_bits 
*          0    20000000    00000000     UNINITIALIZED

.TI.bound:dmaSpi0RxControlTableEntry 
*          0    20001830    00000010     UNINITIALIZED
                  20001830    00000010     ti_drivers_config.o (.TI.bound:dmaSpi0RxControlTableEntry)

.TI.bound:dmaSpi0TxControlTableEntry 
*          0    20001840    00000010     UNINITIALIZED
                  20001840    00000010     ti_drivers_config.o (.TI.bound:dmaSpi0TxControlTableEntry)

.TI.bound:dmaSpi0RxAltControlTableEntry 
*          0    20001a30    00000010     UNINITIALIZED
                  20001a30    00000010     ti_drivers_config.o (.TI.bound:dmaSpi0RxAltControlTableEntry)

.TI.bound:dmaSpi0TxAltControlTableEntry 
*          0    20001a40    00000010     UNINITIALIZED
                  20001a40    00000010     ti_drivers_config.o (.TI.bound:dmaSpi0TxAltControlTableEntry)

.args      0    000097f8    00000008     
                  000097f8    00000008     --HOLE-- [fill = 0]

MODULE SUMMARY

       Module                                     code    ro data   rw data
       ------                                     ----    -------   -------
    .\
       main.o                                     144     0         42     
    +--+------------------------------------------+-------+---------+---------+
       Total:                                     144     0         42     
                                                                           
    .\source\driverlib\ssd1306\
       ssd1306.o                                  642     512       1045   
    +--+------------------------------------------+-------+---------+---------+
       Total:                                     642     512       1045   
                                                                           
    .\source\driverlib\w5500\
       w5500.o                                    892     0         0      
    +--+------------------------------------------+-------+---------+---------+
       Total:                                     892     0         0      
                                                                           
    .\source\ethernet\
       Dhcp.o                                     1336    0         0      
       EthernetUdp.o                              338     0         0      
       socket.o                                   310     0         2      
       Ethernet.o                                 216     0         48     
       SPIfg.o                                    200     0         4      
       ArduinoCompatibility.o                     88      0         0      
       IPAddress.o                                54      13        0      
    +--+------------------------------------------+-------+---------+---------+
       Total:                                     2542    13        54     
                                                                           
    .\source\oled_gui\
       gui.o                                      184     79        0      
    +--+------------------------------------------+-------+---------+---------+
       Total:                                     184     79        0      
                                                                           
    .\syscfg\
       ti_sysbios_config.o                        7986    2253      2852   
       ti_drivers_config.o                        244     177       1044   
       ti_devices_config.o                        0       88        0      
    +--+------------------------------------------+-------+---------+---------+
       Total:                                     8230    2518      3896   
                                                                           
    C:/ti/simplelink_cc13xx_cc26xx_sdk_6_30_01_03/kernel/tirtos7/packages/ti/sysbios/lib/ticlang/m4f/sysbios.a
       Hwi_asm_gnu.obj                            324     0         0      
       Hwi_asm_switch_gnu.obj                     118     0         0      
       TaskSupport_asm_gnu.obj                    64      0         0      
       boot_cortex_m.obj                          52      0         0      
    +--+------------------------------------------+-------+---------+---------+
       Total:                                     558     0         0      
                                                                           
    C:/ti/simplelink_cc13xx_cc26xx_sdk_6_30_01_03/source/ti/devices/cc13x2_cc26x2/driverlib/bin/ticlang/driverlib.lib
       osc.o                                      2542    112       32     
       sys_ctrl.o                                 432     0         0      
       setup.o                                    424     0         0      
       prcm.o                                     136     0         0      
       chipinfo.o                                 128     0         0      
       aux_sysif.o                                72      8         0      
       cpu.o                                      32      0         0      
    +--+------------------------------------------+-------+---------+---------+
       Total:                                     3766    120       32     
                                                                           
    C:/ti/simplelink_cc13xx_cc26xx_sdk_6_30_01_03/source/ti/drivers/lib/ticlang/m4f/drivers_cc26x2.a
       SPICC26X2DMA.c.obj                         2868    72        0      
       PowerCC26X2.c.obj                          1722    84        372    
       I2CCC26XX.c.obj                            994     16        0      
       PowerCC26X2_calibrateRCOSC.c.obj           836     0         0      
       TemperatureCC26X2.c.obj                    672     0         41     
       PowerCC26X2_calibrateRCOSC_helpers.c.obj   432     0         0      
       I2C.c.obj                                  366     0         0      
       GPIOCC26X2.c.obj                           328     0         29     
       PowerCC26X2_helpers.c.obj                  282     0         0      
       GPIOCC26XX.c.obj                           276     0         0      
       SPI.c.obj                                  150     32        1      
       UDMACC26XX.c.obj                           166     0         0      
       GPIO.c.obj                                 124     0         0      
       List.c.obj                                 76      0         0      
    +--+------------------------------------------+-------+---------+---------+
       Total:                                     9292    204       443    
                                                                           
    C:/ti/simplelink_cc13xx_cc26xx_sdk_6_30_01_03/source/ti/drivers/rf/lib/ticlang/m4f/rf_multiMode_cc26x2.a
       RFCC26X2_multiMode.c.cc26x2.ticlang.o      966     0         1004   
       rfc.c.cc26x2.ticlang.o                     64      0         0      
    +--+------------------------------------------+-------+---------+---------+
       Total:                                     1030    0         1004   
                                                                           
    C:\ti\ccs1210\ccs\tools\compiler\ti-cgt-armllvm_2.1.2.LTS\lib\armv7em-ti-none-eabihf/c/libc.a
       _printfi.c.obj                             4934    34        0      
       s_scalbn.c.obj                             268     0         0      
       aeabi_ctype.S.obj                          0       257       0      
       copy_decompress_lzss.c.obj                 106     0         0      
       s_frexp.c.obj                              104     0         0      
       sprintf.c.obj                              90      0         0      
       _ltoa.c.obj                                86      0         0      
       atoi.c.obj                                 72      0         0      
       autoinit.c.obj                             56      0         0      
       _lock.c.obj                                26      0         8      
       memccpy.c.obj                              30      0         0      
       args_main.c.obj                            20      0         0      
       memcpy_t2.S.obj                            18      0         0      
       copy_zero_init.c.obj                       16      0         0      
       wcslen.c.obj                               16      0         0      
       copy_decompress_none.c.obj                 14      0         0      
       memset_t2.S.obj                            14      0         0      
       aeabi_portable.c.obj                       8       0         4      
    +--+------------------------------------------+-------+---------+---------+
       Total:                                     5878    291       12     
                                                                           
    C:\ti\ccs1210\ccs\tools\compiler\ti-cgt-armllvm_2.1.2.LTS\lib\armv7em-ti-none-eabihf/c/libsysbm.a
       trgmsg.c.obj                               100     0         288    
       hostwrite.c.obj                            84      0         0      
       hostopen.c.obj                             0       0         8      
    +--+------------------------------------------+-------+---------+---------+
       Total:                                     184     0         296    
                                                                           
    C:\ti\ccs1210\ccs\tools\compiler\ti-cgt-armllvm_2.1.2.LTS\lib\clang/14.0.6/lib/armv7em-ti-none-eabihf/libclang_rt.builtins.a
       adddf3.S.obj                               438     0         0      
       divdf3.S.obj                               310     0         0      
       muldf3.S.obj                               252     0         0      
       comparedf2.c.obj                           220     0         0      
       udivmoddi4.S.obj                           176     0         0      
       aeabi_dcmp.S.obj                           98      0         0      
       divmoddi4.c.obj                            92      0         0      
       fixdfsi.S.obj                              72      0         0      
       fixunsdfsi.S.obj                           68      0         0      
       floatsidf.S.obj                            46      0         0      
       floatunsidf.S.obj                          32      0         0      
       aeabi_ldivmod.S.obj                        20      0         0      
       aeabi_memset.S.obj                         20      0         0      
       aeabi_uldivmod.S.obj                       20      0         0      
       aeabi_memcpy.S.obj                         4       0         0      
       aeabi_div0.c.obj                           2       0         0      
    +--+------------------------------------------+-------+---------+---------+
       Total:                                     1870    0         0      
                                                                           
       Stack:                                     0       0         1536   
       Linker Generated:                          0       297       0      
    +--+------------------------------------------+-------+---------+---------+
       Grand Total:                               35212   4034      8360   


LINKER GENERATED COPY TABLES

__TI_cinit_table @ 000098fc records: 6, size/record: 8, table size: 48
	.data: load addr=00009800, load size=000000c5 bytes, run addr=20005a50, run size=000004ff bytes, compression=lzss
	.TI.bound:dmaSpi0RxAltControlTableEntry: load addr=000098d4, load size=00000008 bytes, run addr=20001a30, run size=00000010 bytes, compression=zero_init
	.TI.bound:dmaSpi0RxControlTableEntry: load addr=000098dc, load size=00000008 bytes, run addr=20001830, run size=00000010 bytes, compression=zero_init
	.TI.bound:dmaSpi0TxAltControlTableEntry: load addr=000098e4, load size=00000008 bytes, run addr=20001a40, run size=00000010 bytes, compression=zero_init
	.TI.bound:dmaSpi0TxControlTableEntry: load addr=000098ec, load size=00000008 bytes, run addr=20001840, run size=00000010 bytes, compression=zero_init
	.bss: load addr=000098f4, load size=00000008 bytes, run addr=200000d8, run size=00001492 bytes, compression=zero_init


LINKER GENERATED HANDLER TABLE

__TI_handler_table @ 000098c8 records: 3, size/record: 4, table size: 12
	index: 0, handler: __TI_decompress_lzss
	index: 1, handler: __TI_decompress_none
	index: 2, handler: __TI_zero_init


GLOBAL SYMBOLS: SORTED ALPHABETICALLY BY Name 

address   name                                                               
-------   ----                                                               
20005d20  BIOS_Module_state                                                  
000063d1  BIOS_atExitFunc                                                    
00008261  BIOS_exitFunc                                                      
200013e8  BIOS_heapMemObject                                                 
000060b9  BIOS_init                                                          
000086f1  BIOS_linkedWithIncorrectBootLibrary                                
00000fff  BIOS_nullFunc                                                      
00007921  BIOS_registerRTSLock                                               
00007b01  BIOS_removeRTSLock                                                 
20001414  BIOS_rtsGate                                                       
00007fe9  BIOS_rtsLock                                                       
00008279  BIOS_rtsUnlock                                                     
000086fd  BIOS_start                                                         
00005ea5  BIOS_startFunc                                                     
00007b25  Board_init                                                         
000029ef  Board_initHook                                                     
00005db9  Board_sendExtFlashByte                                             
00005c79  Board_shutDownExtFlash                                             
0000731d  Board_wakeUpExtFlash                                               
0000710b  C$$IO$$                                                            
00008841  ClockP_Params_init                                                 
0000734d  ClockP_construct                                                   
00008531  ClockP_getCpuFreq                                                  
00001d0d  ClockP_getSystemTickPeriod                                         
000021cd  ClockP_start                                                       
00008921  ClockP_stop                                                        
00006415  DHCP_beginWithDHCP                                                 
00008541  DHCP_getDnsServerIp                                                
00008551  DHCP_getGatewayIp                                                  
00008561  DHCP_getLocalIp                                                    
00008571  DHCP_getSubnetMask                                                 
000017b9  DHCP_parseDHCPResponse                                             
00007dcb  DHCP_printByte                                                     
000031e9  DHCP_request_DHCP_lease                                            
00002351  DHCP_send_DHCP_MESSAGE                                             
20001488  Ethernet                                                           
00003405  EthernetUDP_available                                              
00006101  EthernetUDP_begin                                                  
000084b1  EthernetUDP_beginPacket_ip                                         
00008927  EthernetUDP_begin_init                                             
0000892d  EthernetUDP_endPacket                                              
000084c3  EthernetUDP_flush                                                  
000067cd  EthernetUDP_parsePacket                                            
000077f9  EthernetUDP_read                                                   
00007823  EthernetUDP_read_buf                                               
0000898d  EthernetUDP_remotePort                                             
00007b49  EthernetUDP_stop                                                   
000081a9  EthernetUDP_write                                                  
000050dd  Ethernet_begin_mac                                                 
00008709  Ethernet_begin_mac_ip                                              
000084d5  Ethernet_begin_mac_ip_dns                                          
00008681  Ethernet_begin_mac_ip_dns_gateway                                  
00007011  Ethernet_begin_mac_ip_dns_gateway_subnet                           
00008715  Ethernet_localIP                                                   
20005efc  Ethernet_server_port                                               
00009760  GPIO_config                                                        
00008291  GPIO_disableInt                                                    
00008581  GPIO_getUserArg                                                    
00006459  GPIO_hwiIntFxn                                                     
00003515  GPIO_init                                                          
000094c6  GPIO_pinLowerBound                                                 
000094c7  GPIO_pinUpperBound                                                 
000083ad  GPIO_read                                                          
00006a8d  GPIO_resetConfig                                                   
00008005  GPIO_setCallback                                                   
000048c5  GPIO_setConfig                                                     
0000737d  GPIO_setInterruptConfig                                            
00008021  GPIO_setMux                                                        
000083c1  GPIO_setUserArg                                                    
00008591  GPIO_write                                                         
0000803d  GUI_ChangeDeviceIp                                                 
0000466d  GUI_Init                                                           
00004000  HEAPSIZE                                                           
00005a2d  HOSTwrite                                                          
000085a1  HwiP_Params_init                                                   
00007ded  HwiP_clearInterrupt                                                
00006ac9  HwiP_construct                                                     
[...]
00008059  Power_getTransitionLatency                                         
00008075  SSD1306_UpdateScreen                                               
00008091  W5500_writeSnDPORT                                                 
000080ad  W5500_writeSnPORT                                                  
000080c9  W5500_writeSnRX_RD                                                 
000080e5  W5500_writeSnTX_WR                                                 
00008139  ti_sysbios_knl_Idle_run                                            
00008155  ti_sysbios_knl_Queue_put                                           
00008171  ti_sysbios_knl_Swi_construct                                       
0000818d  ti_sysbios_knl_Swi_destruct                                        
000081a9  EthernetUDP_write                                                  
000081dd  W5500_readSnRX_RD                                                  
000081f7  W5500_readSnRX_RSR                                                 
00008211  W5500_readSnTX_FSR                                                 
0000822b  W5500_readSnTX_WR                                                  
00008245  ti_sysbios_knl_Task_sleepTimeout                                   
00008261  BIOS_exitFunc                                                      
00008279  BIOS_rtsUnlock                                                     
00008291  GPIO_disableInt                                                    
000082a9  PowerCC26XX_calibrate                                              
000082c1  Power_idleFunc                                                     
000082f1  ti_sysbios_knl_Clock_scheduleNextTick                              
00008309  ti_sysbios_knl_Swi_construct2                                      
00008321  ti_sysbios_knl_Swi_or                                              
00008339  ti_sysbios_knl_TaskSupport_glue                                    
00008351  ti_sysbios_knl_Task_unblock                                        
00008369  W5500_read_data                                                    
0000837f  close                                                              
00008395  ti_sysbios_knl_Clock_start                                         
000083ad  GPIO_read                                                          
000083c1  GPIO_setUserArg                                                    
000083fd  Temperature_getTemperature                                         
00008411  W5500_execCmdSn                                                    
00008425  W5500_writeSn                                                      
00008439  W5500_writeSn_buf                                                  
0000844d  _args_main                                                         
00008461  ti_sysbios_family_arm_m3_Hwi_switchFromBootStack                   
00008475  __aeabi_ldivmod                                                    
00008489  __aeabi_memset                                                     
00008489  __aeabi_memset4                                                    
00008489  __aeabi_memset8                                                    
00008495  __aeabi_memclr                                                     
00008495  __aeabi_memclr4                                                    
00008495  __aeabi_memclr8                                                    
0000849d  __aeabi_uldivmod                                                   
000084b1  EthernetUDP_beginPacket_ip                                         
000084c3  EthernetUDP_flush                                                  
000084d5  Ethernet_begin_mac_ip_dns                                          
000084e7  I2C_transfer                                                       
000084f9  IPAddress_Init_str                                                 
0000851d  TI_memcpy_small                                                    
00008531  ClockP_getCpuFreq                                                  
00008541  DHCP_getDnsServerIp                                                
00008551  DHCP_getGatewayIp                                                  
00008561  DHCP_getLocalIp                                                    
00008571  DHCP_getSubnetMask                                                 
00008581  GPIO_getUserArg                                                    
00008591  GPIO_write                                                         
000085a1  HwiP_Params_init                                                   
000085b1  PowerCC26X2_oscCtlClearXtal                                        
000085c1  PowerCC26X2_prcmEnableCacheRetention                               
000085d1  PowerCC26X2_readCtrim                                              
000085e1  PowerCC26X2_readCtrimFract                                         
000085f1  PowerCC26X2_readRtrim                                              
00008601  PowerCC26X2_switchToTCXO                                           
00008611  Power_getDependencyCount                                           
00008621  SSD1306_SetPosition                                                
00008631  SwiP_Params_init                                                   
00008641  ti_sysbios_family_arm_cc26xx_Timer_dynamicStub                     
00008651  ti_sysbios_family_arm_m3_Hwi_excHandler                            
00008661  wcslen                                                             
00008671  __TI_zero_init                                                     
00008681  Ethernet_begin_mac_ip_dns_gateway                                  
0000869d  W5500_readSn                                                       
000086c7  ti_sysbios_gates_GateMutex_leave                                   
000086d5  TI_memset_small                                                    
000086e3  __TI_decompress_none                                               
000086f1  BIOS_linkedWithIncorrectBootLibrary                                
000086fd  BIOS_start                                                         
00008709  Ethernet_begin_mac_ip                                              
00008715  Ethernet_localIP                                                   
00008721  HwiP_disable                                                       
0000872d  I2C_Params_init                                                    
00008739  NOROM_CPUcpsid                                                     
00008745  NOROM_CPUcpsie                                                     
00008769  PowerCC26X2_oscClockSourceGet                                      
00008775  PowerCC26X2_setPeriphDeepSleepEnable                               
00008781  PowerCC26X2_sysCtrlGetResetSource                                  
0000878d  PowerCC26X2_sysCtrlVoltageConditionalControl                       
00008799  Power_getConstraintMask                                            
000087a5  SPI_Params_init                                                    
000087b1  W5500_readSIPR                                                     
000087bd  W5500_writeGAR                                                     
000087c9  W5500_writeSHAR                                                    
000087d5  W5500_writeSIPR                                                    
000087e1  W5500_writeSUBR                                                    
000087ed  _register_lock                                                     
000087f9  _register_unlock                                                   
00008811  ti_sysbios_heaps_HeapMem_init                                      
0000881d  ti_sysbios_knl_ClockSupport_setNextTick                            
00008829  ti_sysbios_knl_Clock_tick                                          
00008835  ti_sysbios_knl_Task_Params_init                                    
00008841  ClockP_Params_init                                                 
00008869  PowerCC26X2_sysCtrlStandby                                         
00008873  SPICC26X2DMA_init                                                  
0000887d  SemaphoreP_pend                                                    
00008887  UDMACC26XX_hwiIntFxn                                               
00008891  W5500_writeSnDIPR                                                  
000088a5  delay                                                              
000088b7  I2CSupport_masterFinish                                            
000088bf  NOROM_CPUdelay                                                     
000088d7  PowerCC26X2_oschfTrySwitchToXosc                                   
000088df  W5500_writeSnCR                                                    
000088e7  W5500_writeSnIR                                                    
000088ef  W5500_writeSnMR                                                    
000088f9  __aeabi_errno_addr                                                 
00008909  resetSS                                                            
00008911  setSS                                                              
00008919  ti_sysbios_runtime_System_exit                                     
00008921  ClockP_stop                                                        
00008927  EthernetUDP_begin_init                                             
0000892d  EthernetUDP_endPacket                                              
00008933  HwiP_restore                                                       
00008939  I2CSupport_powerRelConstraint                                      
0000893f  I2CSupport_powerSetConstraint                                      
00008951  SPI_transfer                                                       
00008957  W5500_readSnCR                                                     
0000895d  W5500_readSnIR                                                     
00008963  W5500_readSnSR                                                     
00008969  random                                                             
0000896f  ti_sysbios_family_arm_m3_Hwi_destruct                              
00008975  ti_sysbios_family_arm_m3_Hwi_doSwiRestore                          
0000897b  ti_sysbios_family_arm_m3_Hwi_doTaskRestore                         
00008981  ti_sysbios_knl_Idle_loop                                           
00008987  ti_sysbios_knl_Swi_startup                                         
0000898d  EthernetUDP_remotePort                                             
00008991  HwiP_destruct                                                      
00008995  HwiP_disableInterrupt                                              
00008999  HwiP_enableInterrupt                                               
0000899d  PowerCC26X2_oschfSwitchToRcosc                                     
000089a1  PowerCC26X2_sysCtrlIdle                                            
000089a5  PowerCC26X2_turnOnXosc                                             
000089a9  ResetISR                                                           
000089ad  SemaphoreP_destruct                                                
000089b1  SemaphoreP_post                                                    
000089b5  SwiP_destruct                                                      
000089b9  SwiP_or                                                            
000089bd  SwiP_post                                                          
000089c1  W5500_getIPAddress                                                 
000089c5  W5500_setGatewayIp                                                 
000089c9  W5500_setIPAddress                                                 
000089cd  W5500_setMACAddress                                                
000089d1  W5500_setSubnetMask                                                
000089d5  _system_post_cinit                                                 
000089d9  _system_pre_init                                                   
000089e5  ti_sysbios_heaps_HeapMem_isBlocking                                
000089e9  __aeabi_memcpy                                                     
000089e9  __aeabi_memcpy4                                                    
000089e9  __aeabi_memcpy8                                                    
000091a0  __aeabi_ctype_table_                                               
000091a0  __aeabi_ctype_table_C                                              
000094c6  GPIO_pinLowerBound                                                 
000094c7  GPIO_pinUpperBound                                                 
00009538  resourceDB                                                         
000095db  I2C_count                                                          
000095dc  spiCC26X2DMAHWAttrs                                                
00009662  SPI_count                                                          
00009663  TemperatureCC26X2_config                                           
00009664  SPI_defaultParams                                                  
00009684  SSD1306_InitSequence                                               
000096c0  SPICC26X2DMA_fxnTable                                              
00009708  i2cCC26xxHWAttrs                                                   
00009738  PowerCC26X2_config                                                 
00009760  GPIO_config                                                        
00009790  RFCC26XX_hwAttrs                                                   
0000979c  SPI_config                                                         
000097cc  I2C_config                                                         
000097d4  UDMACC26XX_config                                                  
000097e4  ti_sysbios_knl_Idle_funcList                                       
000097ec  udmaCC26XXHWAttrs                                                  
000097f4  ti_sysbios_family_arm_m3_Hwi_swiTaskKeyAddress                     
000097f8  __c_args__                                                         
000098c8  __TI_Handler_Table_Base                                            
000098d4  __TI_Handler_Table_Limit                                           
000098fc  __TI_CINIT_Base                                                    
0000992c  __TI_CINIT_Limit                                                   
0000992c  __TI_CINIT_Warm                                                    
0004ffa8  __ccfg                                                             
20000000  __start___llvm_prf_bits                                            
20000000  __start___llvm_prf_cnts                                            
20000000  __stop___llvm_prf_bits                                             
20000000  __stop___llvm_prf_cnts                                             
20000000  ti_sysbios_family_arm_m3_Hwi_ramVectors                            
200004d9  ti_sysbios_runtime_SysMin_outbuf                                   
20000ba0  ti_sysbios_knl_Idle_taskStack                                      
20000da0  i2cCC26xxObjects                                                   
20000ee0  _CIOBUF_                                                           
20000ee0  __CIOBUF_                                                          
20001000  spiCC26X2DMAObjects                                                
20001100  ti_sysbios_family_arm_m3_Hwi_dispatchTable                         
200011d8  gpioCallbackFunctions                                              
20001254  gpioUserArgs                                                       
200012d0  ti_sysbios_knl_ClockSupport_timerStruct                            
20001330  ti_sysbios_knl_Idle_taskStruct                                     
20001388  ti_sysbios_knl_Swi_readyQs                                         
200013b8  ti_sysbios_knl_Task_readyQs                                        
200013e8  BIOS_heapMemObject                                                 
20001414  BIOS_rtsGate                                                       
2000143c  ti_sysbios_heaps_HeapMem_gate                                      
20001464  initTaskParams                                                     
20001488  Ethernet                                                           
200014a8  ti_sysbios_runtime_System_atexitHandlers                           
200014c8  udmaCC26XXObject                                                   
20001520  ti_sysbios_hal_Seconds_Module_state                                
2000153c  parmbuf                                                            
20001550  PowerCC26XX_swiKey                                                 
20001554  PowerCC26XX_taskKey                                                
20001558  initTaskHandle                                                     
2000155c  spi                                                                
20001560  ti_sysbios_family_arm_cc26xx_TimestampProvider_Module_state        
20001564  ti_sysbios_knl_Task_defaultStackHeap                               
20001568  _counter                                                           
20001a50  __primary_heap_start__                                             
20005a50  PowerCC26X2_module                                                 
20005a50  __primary_heap_end__                                               
20005bc4  gpioPinConfigs                                                     
20005c40  ti_sysbios_runtime_Startup_done                                    
20005c43  ti_sysbios_knl_Idle_initDone                                       
20005c44  ti_sysbios_runtime_Memory_defaultHeapInstance                      
20005c5c  ti_sysbios_runtime_Error_ignore                                    
20005c68  ti_sysbios_family_arm_cc26xx_Timer_Module_state                    
20005c74  ti_sysbios_runtime_System_Module_state                             
20005c80  ti_sysbios_runtime_SysMin_Module_state                             
20005c90  ti_sysbios_knl_Swi_Module_state                                    
20005d20  BIOS_Module_state                                                  
20005d4c  ti_sysbios_family_arm_m3_Hwi_Module_state                          
20005d88  ti_sysbios_knl_Clock_Module_state                                  
20005eac  ti_sysbios_knl_Task_Module_state                                   
20005efc  Ethernet_server_port                                               
20005f0c  _hposcCoeffs                                                       
20005f24  ti_sysbios_gates_GateMutex_Module_state                            
20005f2c  ti_sysbios_heaps_HeapMem_Module_state                              
20005f34  ti_sysbios_knl_Semaphore_Module_state                              
20005f40  __aeabi_errno                                                      
20005f44  _lock                                                              
20005f48  _unlock                                                            
20013a00  __stack                                                            
20014000  __STACK_END                                                        
ffffffff  __TI_pprof_out_hndl                                                
ffffffff  __TI_prof_data_size                                                
ffffffff  __TI_prof_data_start                                               
ffffffff  __binit__                                                          
ffffffff  binit                                                              
UNDEFED   ITM_flush                                                          
UNDEFED   ITM_restore                                                        
UNDEFED   __mpu_init                                                         

[534 symbols]
