******************************************************************************
            TI ARM Clang Linker PC v2.1.2                      
******************************************************************************
>> Linked Thu Apr  4 21:12:50 2024

OUTPUT FILE NAME:   <multiSniff_LP_CC2652RB_tirtos7_ticlang2.out>
ENTRY POINT SYMBOL: "ResetISR"  address: 0000f0bd


MEMORY CONFIGURATION

         name            origin    length      used     unused   attr    fill
----------------------  --------  ---------  --------  --------  ----  --------
  FLASH                 00000000   00050000  00010d58  0003f2a8  R  X
  STV_R                 00050000   00000020  00000000  00000020  R   
  HTML                  00051000   00003000  00000000  00003000  R   
  GPRAM                 11000000   00002000  00000000  00002000  RW X
  SRAM                  20000000   00012000  0000815e  00009ea2  RW X
  MTU_BUFFER            20012000   00001500  00000000  00001500  RW  
  STV_W                 20013500   00000020  00000000  00000020   W  
  LOG_DATA              90000000   00040000  00000000  00040000  R   


SEGMENT ALLOCATION MAP

run origin  load origin   length   init length attrs members
----------  ----------- ---------- ----------- ----- -------
00000000    00000000    0000f154   0000f154    r-x
  00000000    00000000    0000003c   0000003c    r-- .resetVecs
  00000040    00000040    0000f114   0000f114    r-x .text
0000f154    0000f154    00000008   00000008    rw-
  0000f154    0000f154    00000008   00000008    rw- .args
0000f160    0000f160    00001ba8   00001ba8    r--
  0000f160    0000f160    00001968   00001968    r-- .rodata
  00010ac8    00010ac8    00000240   00000240    r-- .cinit
0004ffa8    0004ffa8    00000058   00000058    r--
  0004ffa8    0004ffa8    00000058   00000058    r-- .ccfg
200000d8    200000d8    000006a3   00000000    rw-
  200000d8    200000d8    000006a3   00000000    rw- .data
20001830    20001830    00000010   00000000    rw-
  20001830    20001830    00000010   00000000    rw- .TI.bound:dmaSpi0RxControlTableEntry
20001840    20001840    00000010   00000000    rw-
  20001840    20001840    00000010   00000000    rw- .TI.bound:dmaSpi0TxControlTableEntry
20001a30    20001a30    00000010   00000000    rw-
  20001a30    20001a30    00000010   00000000    rw- .TI.bound:dmaSpi0RxAltControlTableEntry
20001a40    20001a40    00000010   00000000    rw-
  20001a40    20001a40    00000010   00000000    rw- .TI.bound:dmaSpi0TxAltControlTableEntry
20001a50    20001a50    00004000   00000000    r--
  20001a50    20001a50    00004000   00000000    r-- .priheap
20005a50    20005a50    000033a3   00000000    rw-
  20005a50    20005a50    000033a3   00000000    rw- .bss
20011a00    20011a00    00000600   00000000    rw-
  20011a00    20011a00    00000600   00000000    rw- .stack


SECTION ALLOCATION MAP

 output                                  attributes/
section   page    origin      length       input sections
--------  ----  ----------  ----------   ----------------
.binit     0    00000000    00000000     

.cinit     0    00010ac8    00000240     
                  00010ac8    000001db     (.cinit..data.load) [load image, compression = lzss]
                  00010ca3    00000001     --HOLE-- [fill = 0]
                  00010ca4    0000000c     (__TI_handler_table)
                  00010cb0    00000008     (.cinit..TI.bound:dmaSpi0RxAltControlTableEntry.load) [load image, compression = zero_init]
                  00010cb8    00000008     (.cinit..TI.bound:dmaSpi0RxControlTableEntry.load) [load image, compression = zero_init]
                  00010cc0    00000008     (.cinit..TI.bound:dmaSpi0TxAltControlTableEntry.load) [load image, compression = zero_init]
                  00010cc8    00000008     (.cinit..TI.bound:dmaSpi0TxControlTableEntry.load) [load image, compression = zero_init]
                  00010cd0    00000008     (.cinit..bss.load) [load image, compression = zero_init]
                  00010cd8    00000030     (__TI_cinit_table)

.init_array 
*          0    00000000    00000000     UNINITIALIZED

.ccfg      0    0004ffa8    00000058     
                  0004ffa8    00000058     ti_devices_config.o (.ccfg)

.data      0    200000d8    000006a3     UNINITIALIZED
                  200000d8    00000174     drivers_cc26x2.a : PowerCC26X2.c.obj (.data.PowerCC26X2_module)
                  2000024c    0000007c     ti_drivers_config.o (.data.gpioPinConfigs)
                  200002c8    00000068     rf_multiMode_cc26x2.a : RFCC26X2_multiMode.c.cc26x2.ticlang.o (.data..L_MergedGlobals.1)
                  20000330    00000068     ti_sysbios_config.o (.data.ti_sysbios_knl_Clock_Module_state)
                  20000398    00000064     rf_multiMode_cc26x2.a : RFCC26X2_multiMode.c.cc26x2.ticlang.o (.data..L_MergedGlobals.3)
                  200003fc    00000058                           : RFCC26X2_multiMode.c.cc26x2.ticlang.o (.data..L_MergedGlobals.2)
                  20000454    00000054     ti_radio_config.o (.data.ble_pOverridesCommon)
                  200004a8    00000040     ti_radio_config.o (.data.RFCMD_ieeeRX)
                  200004e8    0000003c     ti_sysbios_config.o (.data.ti_sysbios_family_arm_m3_Hwi_Module_state)
                  20000524    0000003c     ti_sysbios_config.o (.data.ti_sysbios_knl_Task_Module_state)
                  20000560    0000002c     ti_sysbios_config.o (.data.BIOS_Module_state)
                  2000058c    00000028     ti_sysbios_config.o (.data.ti_sysbios_knl_Swi_Module_state)
                  200005b4    00000024     ti_radio_config.o (.data.RFCMD_bleRadioSetup)
                  200005d8    00000020     ti_radio_config.o (.data.RFCMD_bleGenericRX)
                  200005f8    0000001c     ti_radio_config.o (.data.ble_pOverrides2Mbps)
                  20000614    00000018     ti_radio_config.o (.data.RFCMD_bleFrequencySynthesizer)
                  2000062c    00000018     ti_radio_config.o (.data.RFCMD_ieeeFrequencySynthesizer)
                  20000644    00000018     ti_radio_config.o (.data.RFCMD_ieeeRadioSetup)
                  2000065c    00000018     ti_radio_config.o (.data.ble_pOverrides1Mbps)
                  20000674    00000014     ti_radio_config.o (.data.RFCMD_bleGenericRXPar)
                  20000688    00000014     ti_radio_config.o (.data.ble_pOverridesCoded)
                  2000069c    00000010     Ethernet.o (.data.Ethernet_server_port)
                  200006ac    00000010     ti_radio_config.o (.data.RFCMD_bleModeObject)
                  200006bc    00000010     ti_radio_config.o (.data.RFCMD_ieeeModeObject)
                  200006cc    00000010     driverlib.lib : osc.o (.data._hposcCoeffs)
                  200006dc    00000010     ti_radio_config.o (.data.ieee_pOverrides)
                  200006ec    00000010     ti_sysbios_config.o (.data.ti_sysbios_runtime_SysMin_Module_state)
                  200006fc    0000000c     ti_sysbios_config.o (.data.ti_sysbios_family_arm_cc26xx_Timer_Module_state)
                  20000708    0000000c     ti_sysbios_config.o (.data.ti_sysbios_runtime_Error_ignore)
                  20000714    0000000c     ti_sysbios_config.o (.data.ti_sysbios_runtime_System_Module_state)
                  20000720    00000008     rf_multiMode_cc26x2.a : RFCC26X2_multiMode.c.cc26x2.ticlang.o (.data..L_MergedGlobals)
                  20000728    00000008                           : RFCC26X2_multiMode.c.cc26x2.ticlang.o (.data.RFCC26XX_schedulerPolicy)
                  20000730    00000008     ti_sysbios_config.o (.data.prefixStrings)
                  20000738    00000008     ti_sysbios_config.o (.data.ti_sysbios_gates_GateMutex_Module_state)
                  20000740    00000008     ti_sysbios_config.o (.data.ti_sysbios_heaps_HeapMem_Module_state)
                  20000748    00000008     ti_sysbios_config.o (.data.ti_sysbios_knl_Semaphore_Module_state)
                  20000750    00000004     drivers_cc26x2.a : TemperatureCC26X2.c.obj (.data..L_MergedGlobals)
                  20000754    00000004     EthernetClient.o (.data.EthernetClientPrintMethods)
                  20000758    00000004     EthernetUdp.o (.data.EthernetUDPPrintMethods)
                  2000075c    00000004     rf_multiMode_cc26x2.a : RFCC26X2_multiMode.c.cc26x2.ticlang.o (.data.RF_fsmActiveState.lfClockSourceLast)
                  20000760    00000004     libc.a : aeabi_portable.c.obj (.data.__aeabi_errno)
                  20000764    00000004            : _lock.c.obj (.data._lock)
                  20000768    00000004            : _lock.c.obj (.data._unlock)
                  2000076c    00000004     ti_sysbios_config.o (.data.terminatedList)
                  20000770    00000004     ti_sysbios_config.o (.data.ti_sysbios_runtime_Memory_defaultHeapInstance)
                  20000774    00000001     rf_multiMode_cc26x2.a : rf_patch_cpe_bt5.c.cc26x2.ticlang.o (.data.bBt5PatchEntered)
                  20000775    00000001                           : rf_patch_cpe_ieee_802_15_4.c.cc26x2.ticlang.o (.data.bIeee802154PatchEntered)
                  20000776    00000001     drivers_cc26x2.a : GPIOCC26X2.c.obj (.data.initCalled)
                  20000777    00000001                      : SPI.c.obj (.data.isInitialized)
                  20000778    00000001                      : TemperatureCC26X2.c.obj (.data.isInitialized)
                  20000779    00000001     ti_sysbios_config.o (.data.ti_sysbios_knl_Idle_initDone)
                  2000077a    00000001     ti_sysbios_config.o (.data.ti_sysbios_runtime_Startup_done)

.bss       0    20005a50    000033a3     UNINITIALIZED
                  20005a50    0000183c     radio_queue.o (.bss.RadioQueue_RXbuffer)
                  2000728c    00000401     ssd1306.o (.bss.SSD1306_LcdBufferInclStreamByte)
                  2000768d    00000002     ssd1306.o (.bss.SSD1306_SendCommand.buffer)
                  2000768f    00000001     dashboard_task.o (.bss.Dashboard_Main.readDestination)
                  20007690    00000400     (.common:ti_sysbios_knl_Idle_taskStack)
                  20007a90    00000400     (.common:ti_sysbios_runtime_SysMin_outbuf)
                  20007e90    000002c0     rf_multiMode_cc26x2.a : RFCC26X2_multiMode.c.cc26x2.ticlang.o (.bss.RF_cmdPool)
                  20008150    000001ba     html.o (.bss.valueBuffer)
                  2000830a    00000002     socket.o (.bss.local_port)
                  2000830c    00000140     (.common:i2cCC26xxObjects)
                  2000844c    00000120     libsysbm.a : trgmsg.c.obj (.bss:_CIOBUF_)
                  2000856c    00000004     radio_queue.o (.bss.RadioQueue_ReadEntry)
                  20008570    00000100     (.common:rfObject)
                  20008670    00000100     (.common:spiCC26X2DMAObjects)
                  20008770    000000d8     (.common:ti_sysbios_family_arm_m3_Hwi_dispatchTable)
                  20008848    0000007c     (.common:gpioCallbackFunctions)
                  200088c4    0000007c     (.common:gpioUserArgs)
                  20008940    00000068     rf_multiMode_cc26x2.a : RFCC26X2_multiMode.c.cc26x2.ticlang.o (.bss.RF_ratModule)
                  200089a8    00000060     (.common:ti_sysbios_knl_ClockSupport_timerStruct)
                  20008a08    00000058     (.common:ti_sysbios_knl_Idle_taskStruct)
                  20008a60    00000044                           : RFCC26X2_multiMode.c.cc26x2.ticlang.o (.bss.RF_clkInactivityObj)
                  20008aa4    00000044                           : RFCC26X2_multiMode.c.cc26x2.ticlang.o (.bss.RF_clkPowerUpObj)
                  20008ae8    0000003c                           : RFCC26X2_multiMode.c.cc26x2.ticlang.o (.bss.RF_swiHwObj)
                  20008b24    00000030     (.common:ti_sysbios_knl_Swi_readyQs)
                  20008b54    00000030     (.common:ti_sysbios_knl_Task_readyQs)
                  20008b84    0000002c     (.common:BIOS_heapMemObject)
                  20008bb0    00000028     (.common:BIOS_rtsGate)
                  20008bd8    00000028     (.common:ti_sysbios_heaps_HeapMem_gate)
                  20008c00    00000024     (.common:dashboardTaskParams)
                  20008c24    00000024     (.common:initTaskParams)
                  20008c48    00000024     (.common:sniffingTaskParams)
                  20008c6c    00000020     (.common:Ethernet)
                  20008c8c    00000020     (.common:rfParams)
                  20008cac    00000020     (.common:ti_sysbios_runtime_System_atexitHandlers)
                  20008ccc    00000020     (.common:udmaCC26XXObject)
                  20008cec    0000001c     drivers_cc26x2.a : TemperatureCC26X2.c.obj (.bss.batmonHwi)
                  20008d08    0000001c                      : GPIOCC26X2.c.obj (.bss.gpioHwi)
                  20008d24    00000014     (.common:ti_sysbios_hal_Seconds_Module_state)
                  20008d38    00000010     ssd1306.o (.bss._i2cParams)
                  20008d48    00000010     (.common:ethernetUdp)
                  20008d58    00000010     (.common:ieeeStats)
                  20008d68    0000000c     (.common:Dashboard_SemaphoreParams)
                  20008d74    0000000c     (.common:Init_SemaphoreParams)
                  20008d80    0000000c     (.common:bleStats)
                  20008d8c    00000008     radio_queue.o (.bss.RadioQueue_object)
                  20008d94    00000008     drivers_cc26x2.a : TemperatureCC26X2.c.obj (.bss.notificationList)
                  20008d9c    00000008     (.common:parmbuf)
                  20008da4    00000004     dashboard_task.o (.bss.StrTok.p)
                  20008da8    00000004     ssd1306.o (.bss._i2c)
                  20008dac    00000004     driverlib.lib : osc.o (.bss.oscHfGlobals.0)
                  20008db0    00000004                   : osc.o (.bss.oscHfGlobals.2)
                  20008db4    00000004                   : osc.o (.bss.oscHfGlobals.3)
                  20008db8    00000004                   : osc.o (.bss.oscHfGlobals.4)
                  20008dbc    00000004     (.common:Dashboard_SemaphoreHandle)
                  20008dc0    00000004     (.common:Init_SemaphoreHandle)
                  20008dc4    00000004     (.common:PowerCC26XX_swiKey)
                  20008dc8    00000004     (.common:PowerCC26XX_taskKey)
                  20008dcc    00000004     (.common:dashboardTaskHandle)
                  20008dd0    00000004     (.common:initTaskHandle)
                  20008dd4    00000004     (.common:nRxBufFull)
                  20008dd8    00000004     (.common:rfHandle)
                  20008ddc    00000004     (.common:sniffingTaskHandle)
                  20008de0    00000004     (.common:spi)
                  20008de4    00000004     (.common:ti_sysbios_family_arm_cc26xx_TimestampProvider_Module_state)
                  20008de8    00000004     (.common:ti_sysbios_knl_Task_defaultStackHeap)
                  20008dec    00000002     (.common:_counter)
                  20008dee    00000002     (.common:ethernetServer)
                  20008df0    00000002     (.common:rfCmdHandle)
                  20008df2    00000001     (.common:CurrentRfProtocol)

.stack     0    20011a00    00000600     UNINITIALIZED
                  20011a00    00000004     sysbios.a : boot_cortex_m.obj (.stack)
                  20011a04    000005fc     --HOLE--

.priheap   0    20001a50    00004000     UNINITIALIZED
                  20001a50    00004000     --HOLE--

.log_data 
*          0    90000000    00000000     COPY SECTION

.resetVecs 
*          0    00000000    0000003c     
                  00000000    0000003c     ti_sysbios_config.o (.resetVecs)

.vecs      0    20000000    000000d8     NOLOAD SECTION
                  20000000    000000d8     ti_sysbios_config.o (.vecs)

.text      0    00000040    0000f114     
                  00000040    000005f0     ti_sysbios_config.o (.text.ti_sysbios_runtime_System_doPrint)
                  00000630    000005ea     driverlib.lib : osc.o (.text.findHposcCoefficients)
                  00000c1a    00000002     ti_sysbios_config.o (.text.BIOS_nullFunc)
                  00000c1c    00000498     rf_multiMode_cc26x2.a : RFCC26X2_multiMode.c.cc26x2.ticlang.o (.text.RF_fsmActiveState)
                  000010b4    00000372     Dhcp.o (.text.DHCP_parseDHCPResponse)
                  00001426    00000002     ti_drivers_config.o (.text.Board_initHook)
                  00001428    000002f8     log.o (.text.Log_print)
                  00001720    000002c8     drivers_cc26x2.a : SPICC26X2DMA.c.obj (.text.SPICC26X2DMA_transfer)
                  000019e8    0000029c     rf_multiMode_cc26x2.a : RFCC26X2_multiMode.c.cc26x2.ticlang.o (.text.RF_open)
                  00001c84    00000268     libc.a : _printfi.c.obj (.text:__TI_printfi_minimal)
                  00001eec    0000025c     Dhcp.o (.text.DHCP_send_DHCP_MESSAGE)
                  00002148    00000236     Dhcp.o (.text.DHCP_request_DHCP_lease)
                  0000237e    00000002     drivers_cc26x2.a : I2C.c.obj (.text.I2C_init)
                  00002380    00000200     ti_sysbios_config.o (.text.ti_sysbios_runtime_System_printfExtend)
                  00002580    000001fa     ti_sysbios_config.o (.text.ti_sysbios_family_arm_m3_Hwi_excFillContext)
                  0000277a    00000002     rf_multiMode_cc26x2.a : rfc.c.cc26x2.ticlang.o (.text.NOROM_RFCCpePatchReset)
                  0000277c    000001dc                           : RFCC26X2_multiMode.c.cc26x2.ticlang.o (.text.RF_dispatchNextCmd)
                  00002958    000001ba     dashboard_task.o (.text.UpdateDashboardInfo)
                  00002b12    00000002     rf_multiMode_cc26x2.a : RFCC26X2_multiMode.c.cc26x2.ticlang.o (.text.RF_defaultCallback)
                  00002b14    000001b6     libclang_rt.builtins.a : adddf3.S.obj (.text)
                  00002cca    000001ae     drivers_cc26x2.a : SPICC26X2DMA.c.obj (.text.SPICC26X2DMA_hwiFxn)
                  00002e78    000001aa     ti_sysbios_config.o (.text.ti_sysbios_knl_TaskSupport_buildTaskStack)
                  00003022    000001a4     init_task.o (.text.Init_Main)
                  000031c6    0000019a     ssd1306.o (.text.SSD1306_DrawLine)
                  00003360    00000198     ti_sysbios_config.o (.text.ti_sysbios_family_arm_cc26xx_Timer_construct)
                  000034f8    00000194     drivers_cc26x2.a : PowerCC26X2_calibrateRCOSC.c.obj (.text.PowerCC26X2_auxISR)
                  0000368c    0000018e     ti_sysbios_config.o (.text.ti_sysbios_knl_Task_Instance_init)
                  0000381a    00000002     libclang_rt.builtins.a : aeabi_div0.c.obj (.text.__aeabi_ldiv0)
                  0000381c    00000188     drivers_cc26x2.a : SPICC26X2DMA.c.obj (.text.SPICC26X2DMA_open)
                  000039a4    0000017a     dashboard_task.o (.text.SetStatusProperty)
                  00003b1e    00000002     libc.a : _lock.c.obj (.text._nop)
                  00003b20    00000160     drivers_cc26x2.a : SPICC26X2DMA.c.obj (.text.configNextTransfer)
                  00003c80    00000158                      : PowerCC26X2.c.obj (.text.Power_sleep)
                  00003dd8    0000014a     radio_proc.o (.text.initCmdObjects)
                  00003f22    00000002     drivers_cc26x2.a : PowerCC26X2.c.obj (.text.emptyClockFunc)
                  00003f24    00000148     rf_multiMode_cc26x2.a : RFCC26X2_multiMode.c.cc26x2.ticlang.o (.text.RF_radioOpDoneCb)
                  0000406c    0000013e     ti_sysbios_config.o (.text.PowerCC26XX_standbyPolicy)
                  000041aa    0000013e     ti_sysbios_config.o (.text.ti_sysbios_heaps_HeapMem_allocUnprotected)
                  000042e8    0000013c     drivers_cc26x2.a : I2CCC26XX.c.obj (.text.I2C_open)
                  00004424    0000013c     ti_sysbios_config.o (.text.ti_sysbios_knl_Clock_workFuncDynamic)
                  00004560    00000136     IPAddress.o (.text.IPAddress_toString)
                  00004696    00000002     ti_sysbios_config.o (.text.ti_sysbios_family_arm_cc26xx_Timer_startup)
                  00004698    00000136     libclang_rt.builtins.a : divdf3.S.obj (.text)
                  000047ce    00000134     radio_proc.o (.text.Radio_SetUpAndBeginRx)
                  00004902    00000002     ti_sysbios_config.o (.text.ti_sysbios_knl_TaskSupport_init)
                  00004904    00000134     driverlib.lib : osc.o (.text.findHposcPc)
                  00004a38    00000130     Dhcp.o (.text.DHCP_checkLease)
                  00004b68    0000012c     rf_multiMode_cc26x2.a : RFCC26X2_multiMode.c.cc26x2.ticlang.o (.text.RF_close)
                  00004c94    0000012c                           : RFCC26X2_multiMode.c.cc26x2.ticlang.o (.text.RF_fsmSetupState)
                  00004dc0    00000126     drivers_cc26x2.a : I2C.c.obj (.text.I2C_transferTimeout)
                  00004ee6    00000002     --HOLE-- [fill = 0]
                  00004ee8    00000124     rf_multiMode_cc26x2.a : RFCC26X2_multiMode.c.cc26x2.ticlang.o (.text.RF_abortCmd)
                  0000500c    00000122     drivers_cc26x2.a : SPICC26X2DMA.c.obj (.text.SPICC26X2DMA_transferCancel)
                  0000512e    00000122     sniffing_task.o (.text.Sniffing_Main)
                  00005250    0000011c     sysbios.a : Hwi_asm_gnu.obj (.text.ti_sysbios_family_arm_m3_Hwi_dispatch)
                  0000536c    00000118     drivers_cc26x2.a : PowerCC26X2.c.obj (.text.Power_init)
                  00005484    00000118     rf_multiMode_cc26x2.a : RFCC26X2_multiMode.c.cc26x2.ticlang.o (.text.RF_decodeOverridePointers)
                  0000559c    0000010e     ti_sysbios_config.o (.text.ti_sysbios_knl_Semaphore_pend)
                  000056aa    00000002     --HOLE-- [fill = 0]
                  000056ac    0000010c     drivers_cc26x2.a : PowerCC26X2_calibrateRCOSC.c.obj (.text.PowerCC26X2_calibrate)
                  000057b8    0000010a     ssd1306.o (.text.SSD1306_DrawChar)
                  000058c2    0000010a     ti_sysbios_config.o (.text.ti_sysbios_knl_Task_Instance_finalize)
                  000059cc    00000108     rf_multiMode_cc26x2.a : RFCC26X2_multiMode.c.cc26x2.ticlang.o (.text.RF_fsmPowerUpState)
                  00005ad4    00000104     drivers_cc26x2.a : GPIOCC26X2.c.obj (.text.GPIO_init)
                  00005bd8    000000fe     ti_sysbios_config.o (.text.ti_sysbios_family_arm_m3_Hwi_Instance_init)
                  00005cd6    00000002     --HOLE-- [fill = 0]
                  00005cd8    000000fc     rf_multiMode_cc26x2.a : RFCC26X2_multiMode.c.cc26x2.ticlang.o (.text.RF_hwiCpe0Active)
                  00005dd4    000000fc     libclang_rt.builtins.a : muldf3.S.obj (.text)
                  00005ed0    000000f4     driverlib.lib : sys_ctrl.o (.text.NOROM_SysCtrlStandby)
                  00005fc4    000000f4     dashboard_task.o (.text.StrTok)
                  000060b8    000000f2     radio_queue.o (.text.RadioQueue_create)
                  000061aa    000000ee     ti_sysbios_config.o (.text.ti_sysbios_knl_Clock_startI)
                  00006298    000000e8     drivers_cc26x2.a : I2CCC26XX.c.obj (.text.I2CCC26XX_hwiFxn)
                  00006380    000000e8     socket.o (.text.send)
                  00006468    000000e6     dashboard_task.o (.text.Dashboard_Main)
                  0000654e    00000002     --HOLE-- [fill = 0]
                  00006550    000000e4     driverlib.lib : setup.o (.text.NOROM_SetupTrimDevice)
                  00006634    000000e4     ti_sysbios_config.o (.text.ti_sysbios_family_arm_m3_Hwi_initNVIC)
                  00006718    000000da     ti_sysbios_config.o (.text.ti_sysbios_heaps_HeapMem_freeUnprotected)
                  000067f2    00000002     --HOLE-- [fill = 0]
                  000067f4    000000d8     drivers_cc26x2.a : SPICC26X2DMA.c.obj (.text.SPICC26X2DMA_control)
                  000068cc    000000d0                      : PowerCC26X2.c.obj (.text.configureXOSCHF)
                  0000699c    000000cc     rf_multiMode_cc26x2.a : RFCC26X2_multiMode.c.cc26x2.ticlang.o (.text.RF_postCmd)
                  00006a68    000000ca                           : RFCC26X2_multiMode.c.cc26x2.ticlang.o (.text.RF_updatePaConfiguration)
                  00006b32    000000c8     IPAddress.o (.text.IPAddress_fromString)
                  00006bfa    000000c4     driverlib.lib : setup.o (.text.TrimAfterColdResetWakeupFromShutDown)
                  00006cbe    000000c0     radio_proc.o (.text.Radio_HandlerFunc)
                  00006d7e    000000c0     ti_sysbios_config.o (.text.ti_sysbios_knl_Clock_walkQueueDynamic)
                  00006e3e    000000c0     ti_sysbios_config.o (.text.ti_sysbios_knl_Swi_restoreHwi)
                  00006efe    000000c0     ti_sysbios_config.o (.text.ti_sysbios_runtime_System_formatNum)
                  00006fbe    000000be     gui.o (.text.GUI_Init)
                  0000707c    000000bc     rf_multiMode_cc26x2.a : RFCC26X2_multiMode.c.cc26x2.ticlang.o (.text.RF_swiHw)
                  00007138    000000bc     ti_sysbios_config.o (.text.ti_sysbios_knl_Task_postInit)
                  000071f4    000000b8     ti_sysbios_config.o (.text.ti_sysbios_knl_Swi_Instance_init)
                  000072ac    000000b6     driverlib.lib : osc.o (.text.NOROM_OSC_HPOSCInitializeFrequencyOffsetParameters)
                  00007362    000000b4                   : osc.o (.text.NOROM_OSCHF_AttemptToSwitchToXosc)
                  00007416    00000002     --HOLE-- [fill = 0]
                  00007418    000000b4     drivers_cc26x2.a : PowerCC26X2.c.obj (.text.Power_releaseDependency)
                  000074cc    000000b4     socket.o (.text.socket)
                  00007580    000000b2     html.o (.text.Html_CopyHtmlToMtuBuffer)
                  00007632    000000b0     dashboard_task.o (.text.HandleRestApi)
                  000076e2    00000002     --HOLE-- [fill = 0]
                  000076e4    000000b0     drivers_cc26x2.a : PowerCC26X2.c.obj (.text.Power_setDependency)
                  00007794    000000b0     libclang_rt.builtins.a : udivmoddi4.S.obj (.text)
                  00007844    000000ac     rf_multiMode_cc26x2.a : RFCC26X2_multiMode.c.cc26x2.ticlang.o (.text.RF_pendCmd)
                  000078f0    000000a8     drivers_cc26x2.a : TemperatureCC26X2.c.obj (.text.temperatureHwiFxn)
                  00007998    000000a6     socket.o (.text.recv)
                  00007a3e    00000002     --HOLE-- [fill = 0]
                  00007a40    000000a4     rf_multiMode_cc26x2.a : RFCC26X2_multiMode.c.cc26x2.ticlang.o (.text.RF_initRadioSetup)
                  00007ae4    000000a2     ti_sysbios_config.o (.text.ti_sysbios_knl_TaskSupport_start)
                  00007b86    000000a0     drivers_cc26x2.a : I2CCC26XX.c.obj (.text.I2CCC26XX_swiFxn)
                  00007c26    00000002     --HOLE-- [fill = 0]
                  00007c28    000000a0     rf_multiMode_cc26x2.a : RFCC26X2_multiMode.c.cc26x2.ticlang.o (.text.RF_calculateDispatchTime)
                  00007cc8    0000009a     Ethernet.o (.text.Ethernet_begin_mac)
                  00007d62    0000009a     ssd1306.o (.text.SSD1306_Init)
                  00007dfc    0000009a     ti_sysbios_config.o (.text.ti_sysbios_knl_Task_schedule)
                  00007e96    00000098     rf_multiMode_cc26x2.a : RFCC26X2_multiMode.c.cc26x2.ticlang.o (.text.RF_defaultSubmitPolicy)
                  00007f2e    00000098     ti_sysbios_config.o (.text.ti_sysbios_hal_Seconds_getTime)
                  00007fc6    00000096     EthernetUdp.o (.text.EthernetUDP_begin)
                  0000805c    00000096     rf_multiMode_cc26x2.a : RFCC26X2_multiMode.c.cc26x2.ticlang.o (.text.RF_verifyGap)
                  000080f2    00000094     Ethernet.o (.text.Ethernet_maintain)
                  00008186    00000002     --HOLE-- [fill = 0]
                  00008188    00000094     rf_multiMode_cc26x2.a : RFCC26X2_multiMode.c.cc26x2.ticlang.o (.text.RF_hposcRfCompensateFxn)
                  0000821c    00000094                           : RFCC26X2_multiMode.c.cc26x2.ticlang.o (.text.RF_ratRestartChannels)
                  000082b0    00000094     ti_sysbios_config.o (.text.ti_sysbios_heaps_HeapMem_Instance_init)
                  00008344    00000090     ti_sysbios_config.o (.text.ti_sysbios_knl_Task_sleep)
                  000083d4    0000008e     ssd1306.o (.text.SSD1306_DrawPixel)
                  00008462    0000008e     ti_sysbios_config.o (.text.ti_sysbios_family_arm_m3_Hwi_excHandlerMin)
                  000084f0    0000008e     ti_sysbios_config.o (.text.ti_sysbios_knl_Swi_runLoop)
                  0000857e    00000002     --HOLE-- [fill = 0]
                  00008580    0000008c     drivers_cc26x2.a : GPIOCC26XX.c.obj (.text.GPIO_setConfig)
                  0000860c    0000008c     ti_sysbios_config.o (.text.ti_sysbios_family_arm_m3_Hwi_construct2)
                  00008698    0000008a     EthernetClient.o (.text.EthernetClient_stop)
                  00008722    0000008a     EthernetServer.o (.text.EthernetServer_accept)
                  000087ac    0000008a     EthernetServer.o (.text.EthernetServer_available)
                  00008836    0000008a     ti_sysbios_config.o (.text.ti_sysbios_knl_Semaphore_post)
                  000088c0    00000088     rf_multiMode_cc26x2.a : RFCC26X2_multiMode.c.cc26x2.ticlang.o (.text.RF_cmdDispatchTime)
                  00008948    00000088                           : RFCC26X2_multiMode.c.cc26x2.ticlang.o (.text.RF_discardPendCmd)
                  000089d0    00000088     ti_sysbios_config.o (.text.ti_sysbios_family_arm_m3_Hwi_postInit)
                  00008a58    00000086     ti_sysbios_config.o (.text.ti_sysbios_runtime_Memory_alloc)
                  00008ade    00000084     EthernetUdp.o (.text.EthernetUDP_parsePacket)
                  00008b62    00000082     EthernetClient.o (.text.EthernetClient_connected)
                  00008be4    00000082     ti_sysbios_config.o (.text.ti_sysbios_family_arm_m3_Hwi_getStackInfo)
                  00008c66    00000080     driverlib.lib : sys_ctrl.o (.text.NOROM_SysCtrlSetRechargeBeforePowerDown)
                  00008ce6    0000007e     ti_drivers_config.o (.text.Board_sendExtFlashByte)
                  00008d64    0000007e     driverlib.lib : chipinfo.o (.text.NOROM_ChipInfo_GetChipType)
                  00008de2    0000007e     ssd1306.o (.text.SSD1306_UpdatePosition)
                  00008e60    0000007c     rf_multiMode_cc26x2.a : RFCC26X2_multiMode.c.cc26x2.ticlang.o (.text.RF_ratDisableChannel)
                  00008edc    0000007c     ti_sysbios_config.o (.text.SwiP_construct)
                  00008f58    0000007c     ti_sysbios_config.o (.text.ti_sysbios_family_arm_cc26xx_Timer_periodicStub)
                  00008fd4    0000007c     ti_sysbios_config.o (.text.ti_sysbios_knl_Swi_schedule)
                  00009050    0000007a     ti_sysbios_config.o (.text.ti_sysbios_family_arm_m3_Hwi_dispatchC)
                  000090ca    0000007a     ti_sysbios_config.o (.text.ti_sysbios_knl_Idle_init)
                  00009144    00000078     driverlib.lib : osc.o (.text.NOROM_OSCHF_SwitchToRcOscTurnOffXosc)
                  000091bc    00000078                   : osc.o (.text.NOROM_OSC_CapArrayAdjustWorkaround_Boot)
                  00009234    00000078     rf_multiMode_cc26x2.a : RFCC26X2_multiMode.c.cc26x2.ticlang.o (.text.RF_ratFreeChannel)
                  000092ac    00000078     drivers_cc26x2.a : SPICC26X2DMA.c.obj (.text.SPICC26X2DMA_close)
                  00009324    00000078     ti_sysbios_config.o (.text.ti_sysbios_family_arm_m3_Hwi_disableInterrupt)
                  0000939c    00000078     ti_sysbios_config.o (.text.ti_sysbios_knl_Swi_run)
                  00009414    00000078     ti_sysbios_config.o (.text.ti_sysbios_knl_Task_blockI)
                  0000948c    00000078     ti_sysbios_config.o (.text.ti_sysbios_knl_Task_startup)
                  00009504    00000076     gui.o (.text.GUI_ChangeProto)
                  0000957a    00000002     --HOLE-- [fill = 0]
                  0000957c    00000074     drivers_cc26x2.a : PowerCC26X2_calibrateRCOSC_helpers.c.obj (.text.PowerCC26X2_updateSubSecInc)
                  000095f0    00000074     rf_multiMode_cc26x2.a : RFCC26X2_multiMode.c.cc26x2.ticlang.o (.text.RF_hwiHw)
                  00009664    00000074     drivers_cc26x2.a : TemperatureCC26X2.c.obj (.text.Temperature_init)
                  000096d8    00000074     ti_sysbios_config.o (.text.ti_sysbios_heaps_HeapMem_getStats)
                  0000974c    00000072     ti_sysbios_config.o (.text.ti_sysbios_family_arm_cc26xx_Timer_setThreshold)
                  000097be    00000070     EthernetServer.o (.text.EthernetServer_begin)
                  0000982e    00000002     --HOLE-- [fill = 0]
                  00009830    00000070     ArduinoCompatibility.o (.text.millis)
                  000098a0    00000070     ti_sysbios_config.o (.text.ti_sysbios_family_arm_m3_Hwi_enableInterrupt)
                  00009910    0000006e     ti_sysbios_config.o (.text.BIOS_init)
                  0000997e    0000006e     ti_drivers_config.o (.text.Board_shutDownExtFlash)
                  000099ec    0000006e     libclang_rt.builtins.a : comparedf2.c.obj (.text.__gedf2)
                  00009a5a    00000002     --HOLE-- [fill = 0]
                  00009a5c    0000006e                            : comparedf2.c.obj (.text.__ledf2)
                  00009aca    0000006e     init_task.o (.text.byte2hex)
                  00009b38    0000006e     ti_sysbios_config.o (.text.ti_sysbios_knl_Clock_init)
                  00009ba6    0000006c     Dhcp.o (.text.DHCP_printByte)
                  00009c12    0000006c     EthernetUdp.o (.text.EthernetUDP_read_buf)
                  00009c7e    00000002     --HOLE-- [fill = 0]
                  00009c80    0000006c     rf_multiMode_cc26x2.a : RFCC26X2_multiMode.c.cc26x2.ticlang.o (.text.RF_issueRadioFreeCb)
                  00009cec    0000006c     w5500.o (.text.W5500_read_buf)
                  00009d58    0000006a     html.o (.text.Html_strcpy)
                  00009dc2    0000006a     drivers_cc26x2.a : I2CCC26XX.c.obj (.text.I2CSupport_primeTransfer)
                  00009e2c    0000006a     radio_queue.o (.text.RadioQueue_takePacket)
                  00009e96    0000006a     w5500.o (.text.W5500_write_buf)
                  00009f00    0000006a     main.o (.text.main)
                  00009f6a    0000006a     libc.a : copy_decompress_lzss.c.obj (.text:decompress:lzss)
                  00009fd4    00000068     rf_multiMode_cc26x2.a : RFCC26X2_multiMode.c.cc26x2.ticlang.o (.text.RF_detachOverrides)
                  0000a03c    00000068     w5500.o (.text.W5500_send_data_processing_offset)
                  0000a0a4    00000066     EthernetClient.o (.text.EthernetClient_readBytesUntil)
                  0000a10a    00000066     ti_sysbios_config.o (.text.ti_sysbios_family_arm_cc26xx_Timer_start)
                  0000a170    00000066     ti_sysbios_config.o (.text.ti_sysbios_family_arm_m3_Hwi_Instance_finalize)
                  0000a1d6    00000002     --HOLE-- [fill = 0]
                  0000a1d8    00000064     drivers_cc26x2.a : PowerCC26X2_calibrateRCOSC.c.obj (.text.PowerCC26X2_initiateCalibration)
                  0000a23c    00000064     rf_multiMode_cc26x2.a : RFCC26X2_multiMode.c.cc26x2.ticlang.o (.text.RF_attachOverrides)
                  0000a2a0    00000064                           : RFCC26X2_multiMode.c.cc26x2.ticlang.o (.text.RF_dispatchNextEvent)
                  0000a304    00000064                           : RFCC26X2_multiMode.c.cc26x2.ticlang.o (.text.RF_hwiCpe0PowerFsm)
                  0000a368    00000064     SPIfg.o (.text.SPI_transf)
                  0000a3cc    00000064     ssd1306.o (.text.SSD1306_DrawString)
                  0000a430    00000064     drivers_cc26x2.a : UDMACC26XX.c.obj (.text.UDMACC26XX_open)
                  0000a494    00000064                      : PowerCC26X2.c.obj (.text.oscillatorISR)
                  0000a4f8    00000062     rf_multiMode_cc26x2.a : RFCC26X2_multiMode.c.cc26x2.ticlang.o (.text.RF_syncCb)
                  0000a55a    00000062     socket.o (.text.bufferData)
                  0000a5bc    00000062     libclang_rt.builtins.a : aeabi_dcmp.S.obj (.text)
                  0000a61e    00000060     Dhcp.o (.text.DHCP_beginWithDHCP)
                  0000a67e    00000060     drivers_cc26x2.a : SPICC26X2DMA.c.obj (.text.csnCallback)
                  0000a6de    00000060     ti_sysbios_config.o (.text.ti_sysbios_knl_ClockSupport_init)
                  0000a73e    00000002     --HOLE-- [fill = 0]
                  0000a740    0000005e     rf_multiMode_cc26x2.a : rfc.c.cc26x2.ticlang.o (.text.NOROM_RFCAnaDivTxOverride)
                  0000a79e    0000005e     socket.o (.text.startUDP)
                  0000a7fc    0000005e     ti_sysbios_config.o (.text.ti_sysbios_knl_Swi_post)
                  0000a85a    0000005e     ti_sysbios_config.o (.text.ti_sysbios_runtime_Error_raiseX)
                  0000a8b8    0000005c     ti_sysbios_config.o (.text.ClockP_construct)
                  0000a914    0000005c     libclang_rt.builtins.a : divmoddi4.c.obj (.text.__divmoddi4)
                  0000a970    0000005c     ti_sysbios_config.o (.text.ti_sysbios_heaps_HeapMem_alloc)
                  0000a9cc    0000005c     ti_sysbios_config.o (.text.ti_sysbios_knl_Task_init)
                  0000aa28    0000005a     init_task.o (.text.mac2string)
                  0000aa82    00000058     ti_sysbios_config.o (.text.AONRTCEventClear)
                  0000aada    00000058     ti_sysbios_config.o (.text.HwiP_construct)
                  0000ab32    00000002     --HOLE-- [fill = 0]
                  0000ab34    00000058     rf_multiMode_cc26x2.a : RFCC26X2_multiMode.c.cc26x2.ticlang.o (.text.RF_applyRfCorePatch)
                  0000ab8c    00000058     radio_queue.o (.text.RadioQueue_reset)
                  0000abe4    00000058     w5500.o (.text.W5500_recv_data_processing)
                  0000ac3c    00000058     ti_sysbios_config.o (.text.ti_sysbios_family_arm_m3_Hwi_construct)
                  0000ac94    00000058     sysbios.a : Hwi_asm_switch_gnu.obj (.text.ti_sysbios_family_arm_m3_Hwi_initStacks)
                  0000acec    00000058     ti_sysbios_config.o (.text.ti_sysbios_heaps_HeapMem_construct)
                  0000ad44    00000058     ti_sysbios_config.o (.text.ti_sysbios_knl_Swi_init)
                  0000ad9c    00000056     ti_sysbios_config.o (.text.AONRTCCompareValueSet)
                  0000adf2    00000056     gui.o (.text.GUI_ChangeRx)
                  0000ae48    00000056     SPIfg.o (.text.SPI_begin)
                  0000ae9e    00000056     ti_sysbios_config.o (.text.getTime)
                  0000aef4    00000056     ti_sysbios_config.o (.text.ti_sysbios_family_arm_cc26xx_Timer_getCurrentTick)
                  0000af4a    00000056     ti_sysbios_config.o (.text.ti_sysbios_knl_Clock_Instance_init)
                  0000afa0    00000056     ti_sysbios_config.o (.text.ti_sysbios_runtime_SystemSupport_flush)
                  0000aff6    00000056     ti_sysbios_config.o (.text.ti_sysbios_runtime_System_atexit)
                  0000b04c    00000056     ti_sysbios_config.o (.text.ti_sysbios_runtime_System_putchar)
                  0000b0a2    00000054     ti_sysbios_config.o (.text.AONRTCChannelEnable)
                  0000b0f6    00000054     ti_sysbios_config.o (.text.BIOS_startFunc)
                  0000b14a    00000002     --HOLE-- [fill = 0]
                  0000b14c    00000054     libsysbm.a : hostwrite.c.obj (.text.HOSTwrite)
                  0000b1a0    00000054     drivers_cc26x2.a : I2CCC26XX.c.obj (.text.I2CCC26XX_initHw)
                  0000b1f4    00000054     rf_multiMode_cc26x2.a : RFCC26X2_multiMode.c.cc26x2.ticlang.o (.text.RF_fsmXOSCState)
                  0000b248    00000054                           : RFCC26X2_multiMode.c.cc26x2.ticlang.o (.text.RF_getCurrentTime)
                  0000b29c    00000052     driverlib.lib : chipinfo.o (.text.NOROM_ChipInfo_GetHwRevision)
                  0000b2ee    00000052     ti_sysbios_config.o (.text.usleep)
                  0000b340    00000050     rf_multiMode_cc26x2.a : RFCC26X2_multiMode.c.cc26x2.ticlang.o (.text.RF_enableHPOSCTemperatureCompensation)
                  0000b390    00000050                           : RFCC26X2_multiMode.c.cc26x2.ticlang.o (.text.RF_wakeupNotification)
                  0000b3e0    00000050     ti_sysbios_config.o (.text.ti_sysbios_family_arm_cc26xx_Timer_setNextTick)
                  0000b430    0000004e     w5500.o (.text.W5500_getRXReceivedSize)
                  0000b47e    0000004e     w5500.o (.text.W5500_getTXFreeSize)
                  0000b4cc    0000004e     ti_sysbios_config.o (.text.ti_sysbios_knl_Swi_restore)
                  0000b51a    0000004c     driverlib.lib : osc.o (.text.NOROM_OSC_HPOSCRelativeFrequencyOffsetGet)
                  0000b566    00000002     --HOLE-- [fill = 0]
                  0000b568    0000004c     rf_multiMode_cc26x2.a : rf_patch_cpe_bt5.c.cc26x2.ticlang.o (.text.configureBt5Patch)
                  0000b5b4    0000004c     drivers_cc26x2.a : SPICC26X2DMA.c.obj (.text.initHw)
                  0000b600    0000004c     SPIfg.o (.text.initSS)
                  0000b64c    0000004c     drivers_cc26x2.a : PowerCC26X2.c.obj (.text.switchXOSCHF)
                  0000b698    0000004c     ti_sysbios_config.o (.text.ti_sysbios_knl_Clock_getTimeout)
                  0000b6e4    0000004c     ti_sysbios_config.o (.text.ti_sysbios_knl_Task_create)
                  0000b730    0000004c     ti_sysbios_config.o (.text.ti_sysbios_runtime_SystemSupport_putch)
                  0000b77c    0000004c     ti_sysbios_config.o (.text.ti_sysbios_runtime_System_processAtExit)
                  0000b7c8    0000004a     radio_proc.o (.text.Radio_StopRx)
                  0000b812    0000004a     ti_sysbios_config.o (.text.ti_sysbios_knl_Task_construct)
                  0000b85c    0000004a     ti_sysbios_config.o (.text.ti_sysbios_runtime_Error_print)
                  0000b8a6    00000048     EthernetClient.o (.text.EthernetClient_timedRead)
                  0000b8ee    00000048     html.o (.text.Html_SetKeyValueInBuffer)
                  0000b936    00000002     --HOLE-- [fill = 0]
                  0000b938    00000048     driverlib.lib : aux_sysif.o (.text.NOROM_AUXSYSIFOpModeChange)
                  0000b980    00000048     rf_multiMode_cc26x2.a : rfc.c.cc26x2.ticlang.o (.text.NOROM_RFCSynthPowerDown)
                  0000b9c8    00000048     drivers_cc26x2.a : PowerCC26X2.c.obj (.text.PowerCC26XX_switchXOSC_HF)
                  0000ba10    00000048     ssd1306.o (.text.SSD1306_SendCommand)
                  0000ba58    00000048     drivers_cc26x2.a : TemperatureCC26X2.c.obj (.text.Temperature_registerNotifyRange)
                  0000baa0    00000048     w5500.o (.text.W5500_init)
                  0000bae8    00000048     libc.a : atoi.c.obj (.text.atoi)
                  0000bb30    00000048     rf_multiMode_cc26x2.a : rf_patch_cpe_ieee_802_15_4.c.cc26x2.ticlang.o (.text.rf_patch_cpe_ieee_802_15_4)
                  0000bb78    00000048     ti_sysbios_config.o (.text.ti_sysbios_family_arm_m3_Hwi_init)
                  0000bbc0    00000048     libclang_rt.builtins.a : fixdfsi.S.obj (.text)
                  0000bc08    00000046     ti_sysbios_config.o (.text.ti_sysbios_knl_Semaphore_Instance_init)
                  0000bc4e    00000046     ti_sysbios_config.o (.text.ti_sysbios_knl_Swi_construct)
                  0000bc94    00000046     ti_sysbios_config.o (.text.ti_sysbios_knl_Task_processVitalTaskFlag)
                  0000bcda    00000046     ti_sysbios_config.o (.text.ti_sysbios_knl_Task_unblockI)
                  0000bd20    00000046     ti_sysbios_config.o (.text.ti_sysbios_runtime_SysMin_output)
                  0000bd66    00000044     ti_sysbios_config.o (.text.BIOS_rtsLock)
                  0000bdaa    00000002     --HOLE-- [fill = 0]
                  0000bdac    00000044     drivers_cc26x2.a : GPIOCC26X2.c.obj (.text.GPIO_hwiIntFxn)
                  0000bdf0    00000044     gui.o (.text.GUI_ChangeDeviceIp)
                  0000be34    00000044     gui.o (.text.GUI_ChangeTargetIp)
                  0000be78    00000044     driverlib.lib : prcm.o (.text.NOROM_PRCMPowerDomainsAllOff)
                  0000bebc    00000044                   : prcm.o (.text.NOROM_PRCMPowerDomainsAllOn)
                  0000bf00    00000044     rf_multiMode_cc26x2.a : RFCC26X2_multiMode.c.cc26x2.ticlang.o (.text.RF_cmdGet)
                  0000bf44    00000044                           : RFCC26X2_multiMode.c.cc26x2.ticlang.o (.text.RF_updatePowerupDuration)
                  0000bf88    00000044     drivers_cc26x2.a : SPI.c.obj (.text.SPI_init)
                  0000bfcc    00000044     ti_sysbios_config.o (.text._pthread_cleanupFxn)
                  0000c010    00000044     drivers_cc26x2.a : TemperatureCC26X2.c.obj (.text.degreesToCode)
                  0000c054    00000044                      : TemperatureCC26X2.c.obj (.text.setNextThresholds)
                  0000c098    00000044     ti_sysbios_config.o (.text.ti_sysbios_knl_Task_restore)
                  0000c0dc    00000044     libclang_rt.builtins.a : fixunsdfsi.S.obj (.text)
                  0000c120    00000044     restart.o (.text)
                  0000c164    00000042     EthernetClient.o (.text.EthernetClient_write)
                  0000c1a6    00000042     EthernetUdp.o (.text.EthernetUDP_read)
                  0000c1e8    00000042     ssd1306.o (.text.SSD1306_UpdateScreen)
                  0000c22a    00000042     stv.o (.text.STV_WriteStringAtAddress)
                  0000c26c    00000040     Ethernet.o (.text.Ethernet_begin_mac_ip_dns_gateway_subnet)
                  0000c2ac    00000040     main.o (.text.Main_CreateDashboardTask)
                  0000c2ec    00000040     main.o (.text.Main_CreateInitTask)
                  0000c32c    00000040     main.o (.text.Main_CreateSniffingTask)
                  0000c36c    00000040     drivers_cc26x2.a : PowerCC26X2_calibrateRCOSC.c.obj (.text.PowerCC26X2_RCOSC_clockFunc)
                  0000c3ac    00000040                      : PowerCC26X2_calibrateRCOSC_helpers.c.obj (.text.PowerCC26X2_setAclkRefSrc)
                  0000c3ec    00000040     rf_multiMode_cc26x2.a : RFCC26X2_multiMode.c.cc26x2.ticlang.o (.text.RF_updateHpOscOverride)
                  0000c42c    00000040     drivers_cc26x2.a : SPI.c.obj (.text.SPI_open)
                  0000c46c    00000040     ti_sysbios_config.o (.text.ti_sysbios_gates_GateMutex_enter)
                  0000c4ac    00000040     ti_sysbios_config.o (.text.ti_sysbios_knl_Semaphore_pendTimeout)
                  0000c4ec    00000040     ti_sysbios_config.o (.text.ti_sysbios_knl_Task_exit)
                  0000c52c    0000003e     dashboard_task.o (.text.HandleInterrupt)
                  0000c56a    0000003e     dashboard_task.o (.text.SendHtmlToClient)
                  0000c5a8    0000003e     w5500.o (.text.W5500_read)
                  0000c5e6    0000003e     w5500.o (.text.W5500_write)
                  0000c624    0000003e     ti_sysbios_config.o (.text.ti_sysbios_knl_Clock_getTicksUntilInterrupt)
                  0000c662    0000003c     ti_sysbios_config.o (.text.BIOS_atExitFunc)
                  0000c69e    00000002     --HOLE-- [fill = 0]
                  0000c6a0    0000003c     drivers_cc26x2.a : GPIO.c.obj (.text.GPIO_resetConfig)
                  0000c6dc    0000003c     driverlib.lib : sys_ctrl.o (.text.NOROM_SysCtrlIdle)
                  0000c718    0000003c     drivers_cc26x2.a : PowerCC26X2_calibrateRCOSC_helpers.c.obj (.text.PowerCC26X2_setTdcClkSrc24M)
                  0000c754    0000003c     ti_sysbios_config.o (.text.ti_sysbios_family_arm_m3_Hwi_setPriority)
                  0000c790    0000003c     ti_sysbios_config.o (.text.ti_sysbios_knl_Task_restoreHwi)
                  0000c7cc    0000003c     drivers_cc26x2.a : TemperatureCC26X2.c.obj (.text.updateThresholds)
                  0000c808    0000003c     Printfg.o (.text.write_string)
                  0000c844    0000003a     stv.o (.text.STV_CopyStvFromFlashIfNotYet)
                  0000c87e    0000003a     ssd1306.o (.text.sendData)
                  0000c8b8    0000003a     ti_sysbios_config.o (.text.ti_sysbios_family_arm_m3_Hwi_clearInterrupt)
                  0000c8f2    00000038     ti_drivers_config.o (.text.Board_wakeUpExtFlash)
                  0000c92a    00000038     EthernetUdp.o (.text.EthernetUDP_stop)
                  0000c962    00000038     Ethernet.o (.text.Ethernet_ClearConnectInterruptForAllSockets)
                  0000c99a    00000002     --HOLE-- [fill = 0]
                  0000c99c    00000038     drivers_cc26x2.a : PowerCC26X2_helpers.c.obj (.text.PowerCC26X2_oscDisableQualifiers)
                  0000c9d4    00000038                      : UDMACC26XX.c.obj (.text.UDMACC26XX_close)
                  0000ca0c    00000038     w5500.o (.text.W5500_readSnRX_RD)
                  0000ca44    00000038     w5500.o (.text.W5500_readSnRX_RSR)
                  0000ca7c    00000038     w5500.o (.text.W5500_readSnTX_FSR)
                  0000cab4    00000038     w5500.o (.text.W5500_readSnTX_WR)
                  0000caec    00000038     socket.o (.text.listen)
                  0000cb24    00000038     rf_multiMode_cc26x2.a : rf_patch_cpe_bt5.c.cc26x2.ticlang.o (.text.rf_patch_cpe_bt5)
                  0000cb5c    00000038     libc.a : sprintf.c.obj (.text.sprintf)
                  0000cb94    00000038     ti_sysbios_config.o (.text.ti_sysbios_runtime_Startup_exec)
                  0000cbcc    00000038     libc.a : autoinit.c.obj (.text:__TI_auto_init_nobinit_nopinit)
                  0000cc04    00000038     libclang_rt.builtins.a : extendsfdf2.S.obj (.text)
                  0000cc3c    00000036     ti_sysbios_config.o (.text.BIOS_rtsUnlock)
                  0000cc72    00000036     ti_drivers_config.o (.text.Board_init)
                  0000cca8    00000036     ti_sysbios_config.o (.text.SemaphoreP_pend)
                  0000ccde    00000036     ti_sysbios_config.o (.text.ti_sysbios_knl_Swi_construct2)
                  0000cd14    00000034     html.o (.text.Html_strset)
                  0000cd48    00000034     drivers_cc26x2.a : PowerCC26X2.c.obj (.text.Power_releaseConstraint)
                  0000cd7c    00000034     rf_multiMode_cc26x2.a : RFCC26X2_multiMode.c.cc26x2.ticlang.o (.text.RF_powerConstraintRelease)
                  0000cdb0    00000034                           : RFCC26X2_multiMode.c.cc26x2.ticlang.o (.text.RF_runDirectImmediateCmd)
                  0000cde4    00000034     w5500.o (.text.W5500_read_data)
                  0000ce18    00000034     w5500.o (.text.W5500_writeSn_buf)
                  0000ce4c    00000034     libsysbm.a : trgmsg.c.obj (.text.__TI_writemsg)
                  0000ce80    00000034     ti_sysbios_config.o (.text.ti_sysbios_family_arm_cc26xx_Timer_getMaxTicks)
                  0000ceb4    00000034     ti_sysbios_config.o (.text.ti_sysbios_knl_Queue_put)
                  0000cee8    00000034     ti_sysbios_config.o (.text.ti_sysbios_runtime_System_vprintf)
                  0000cf1c    00000034     sysbios.a : boot_cortex_m.obj (.text:_c_int00)
                  0000cf50    00000032     EthernetUdp.o (.text.EthernetUDP_write)
                  0000cf82    00000032     ti_sysbios_config.o (.text.ti_sysbios_knl_Semaphore_create)
                  0000cfb4    00000030     EthernetClient.o (.text.EthernetClient_read)
                  0000cfe4    00000030     drivers_cc26x2.a : GPIOCC26XX.c.obj (.text.GPIO_setInterruptConfig)
                  0000d014    00000030                      : PowerCC26X2.c.obj (.text.Power_setConstraint)
                  0000d044    00000030     rf_multiMode_cc26x2.a : RFCC26X2_multiMode.c.cc26x2.ticlang.o (.text.RF_checkCmdFsError)
                  0000d074    00000030     w5500.o (.text.W5500_writeSn)
                  0000d0a4    00000030     libsysbm.a : trgmsg.c.obj (.text.__TI_readmsg)
                  0000d0d4    00000030     radio_queue.o (.text.get16bitValue)
                  0000d104    00000030     drivers_cc26x2.a : PowerCC26X2.c.obj (.text.notify)
                  0000d134    00000030     ti_sysbios_config.o (.text.ti_sysbios_family_arm_m3_Hwi_plug)
                  0000d164    00000030     ti_sysbios_config.o (.text.ti_sysbios_heaps_HeapMem_free)
                  0000d194    00000030     ti_sysbios_config.o (.text.ti_sysbios_knl_Clock_construct)
                  0000d1c4    00000030     ti_sysbios_config.o (.text.ti_sysbios_knl_Idle_run)
                  0000d1f4    0000002e     EthernetClient.o (.text.EthernetClient_status)
                  0000d222    0000002e     EthernetUdp.o (.text.EthernetUDP_beginPacket_ip)
                  0000d250    0000002e     driverlib.lib : chipinfo.o (.text.NOROM_ThisLibraryIsFor_CC13x2_CC26x2_HwRev20AndLater_HaltIfViolated)
                  0000d27e    0000002e     rf_multiMode_cc26x2.a : RFCC26X2_multiMode.c.cc26x2.ticlang.o (.text.RF_calculateDeltaTimeUs)
                  0000d2ac    0000002e     ti_sysbios_config.o (.text._pthread_delete)
                  0000d2da    0000002e     ti_sysbios_config.o (.text.ti_sysbios_family_arm_m3_Hwi_initStack)
                  0000d308    0000002e     ti_sysbios_config.o (.text.ti_sysbios_gates_GateMutex_Instance_init)
                  0000d336    00000002     --HOLE-- [fill = 0]
                  0000d338    0000002e     libclang_rt.builtins.a : floatsidf.S.obj (.text)
                  0000d366    0000002c     ti_sysbios_config.o (.text.BIOS_registerRTSLock)
                  0000d392    0000002c     ti_sysbios_config.o (.text.BIOS_removeRTSLock)
                  0000d3be    00000002     --HOLE-- [fill = 0]
                  0000d3c0    0000002c     rf_multiMode_cc26x2.a : RFCC26X2_multiMode.c.cc26x2.ticlang.o (.text.RF_executeDirectImmediateCmd)
                  0000d3ec    0000002c     drivers_cc26x2.a : TemperatureCC26X2.c.obj (.text.Temperature_unregisterNotify)
                  0000d418    0000002c     w5500.o (.text.W5500_execCmdSn)
                  0000d444    0000002c     w5500.o (.text.W5500_writeSnDPORT)
                  0000d470    0000002c     w5500.o (.text.W5500_writeSnPORT)
                  0000d49c    0000002c     w5500.o (.text.W5500_writeSnRX_RD)
                  0000d4c8    0000002c     w5500.o (.text.W5500_writeSnTX_WR)
                  0000d4f4    0000002c     ti_sysbios_config.o (.text.ti_sysbios_knl_Semaphore_construct)
                  0000d520    0000002c     ti_sysbios_config.o (.text.ti_sysbios_runtime_Memory_free)
                  0000d54c    0000002a     IPAddress.o (.text.IPAddress_Init_str)
                  0000d576    0000002a     driverlib.lib : osc.o (.text.NOROM_OSCHF_TurnOnXosc)
                  0000d5a0    0000002a     radio_queue.o (.text.RadioQueue_init)
                  0000d5ca    0000002a     drivers_cc26x2.a : SPICC26X2DMA.c.obj (.text.SPICC26X2DMA_swiFxn)
                  0000d5f4    0000002a     ti_sysbios_config.o (.text.SemaphoreP_constructBinary)
                  0000d61e    0000002a     ti_sysbios_config.o (.text.ti_sysbios_knl_Clock_initI)
                  0000d648    0000002a     ti_sysbios_config.o (.text.ti_sysbios_knl_Task_enter)
                  0000d672    00000028     EthernetClient.o (.text.EthernetClient_available)
                  0000d69a    00000028     drivers_cc26x2.a : I2C.c.obj (.text.I2C_cancel)
                  0000d6c2    00000028                      : List.c.obj (.text.List_remove)
                  0000d6ea    00000002     --HOLE-- [fill = 0]
                  0000d6ec    00000028                      : PowerCC26X2.c.obj (.text.PowerCC26XX_isStableXOSC_HF)
                  0000d714    00000028     rf_multiMode_cc26x2.a : RFCC26X2_multiMode.c.cc26x2.ticlang.o (.text.RF_cmdStoreEvents)
                  0000d73c    00000028     w5500.o (.text.W5500_readSn)
                  0000d764    00000028     sysbios.a : Hwi_asm_gnu.obj (.text.ti_sysbios_family_arm_m3_Hwi_excHandlerAsm)
                  0000d78c    00000028     ti_sysbios_config.o (.text.ti_sysbios_gates_GateMutex_construct)
                  0000d7b4    00000028     ti_sysbios_config.o (.text.ti_sysbios_knl_Queue_enqueue)
                  0000d7dc    00000028     ti_sysbios_config.o (.text.ti_sysbios_knl_Swi_or)
                  0000d804    00000028     sysbios.a : TaskSupport_asm_gnu.obj (.text.ti_sysbios_knl_TaskSupport_swap)
                  0000d82c    00000028     ti_sysbios_config.o (.text.ti_sysbios_knl_Task_sleepTimeout)
                  0000d854    00000028     ti_sysbios_config.o (.text.ti_sysbios_runtime_System_init)
                  0000d87c    00000028     ti_sysbios_config.o (.text.ti_sysbios_runtime_System_printf)
                  0000d8a4    00000026     drivers_cc26x2.a : List.c.obj (.text.List_insert)
                  0000d8ca    00000026                      : List.c.obj (.text.List_putHead)
                  0000d8f0    00000026                      : SPICC26X2DMA.c.obj (.text.flushFifos)
                  0000d916    00000026     ti_sysbios_config.o (.text.ti_sysbios_family_arm_m3_Hwi_getHandle)
                  0000d93c    00000026     ti_sysbios_config.o (.text.ti_sysbios_knl_Swi_destruct)
                  0000d962    00000026     ti_sysbios_config.o (.text.ti_sysbios_knl_Task_allBlockedFunction)
                  0000d988    00000026     ti_sysbios_config.o (.text.ti_sysbios_knl_Task_delete)
                  0000d9ae    00000026     ti_sysbios_config.o (.text.ti_sysbios_knl_Task_destruct)
                  0000d9d4    00000024     ti_sysbios_config.o (.text.HwiP_setFunc)
                  0000d9f8    00000024     drivers_cc26x2.a : List.c.obj (.text.List_put)
                  0000da1c    00000024                      : PowerCC26X2_helpers.c.obj (.text.PowerCC26X2_getOscHfSourceReady)
                  0000da40    00000024                      : PowerCC26X2_helpers.c.obj (.text.PowerCC26X2_setSubSecIncToXoscLf)
                  0000da64    00000024                      : PowerCC26X2_calibrateRCOSC_helpers.c.obj (.text.PowerCC26X2_writeCtrim)
                  0000da88    00000024                      : PowerCC26X2_calibrateRCOSC_helpers.c.obj (.text.PowerCC26X2_writeCtrimFract)
                  0000daac    00000024                      : PowerCC26X2_calibrateRCOSC_helpers.c.obj (.text.PowerCC26X2_writeCtrimFractEn)
                  0000dad0    00000024                      : PowerCC26X2_calibrateRCOSC_helpers.c.obj (.text.PowerCC26X2_writeRtrim)
                  0000daf4    00000024                      : PowerCC26X2.c.obj (.text.Power_registerNotify)
                  0000db18    00000024     rf_multiMode_cc26x2.a : RFCC26X2_multiMode.c.cc26x2.ticlang.o (.text.RF_clkPowerUp)
                  0000db3c    00000024                           : RFCC26X2_multiMode.c.cc26x2.ticlang.o (.text.RF_hwiCpe0ChangePhy)
                  0000db60    00000024                           : RFCC26X2_multiMode.c.cc26x2.ticlang.o (.text.RF_isStateTransitionAllowed)
                  0000db84    00000024                           : RFCC26X2_multiMode.c.cc26x2.ticlang.o (.text.RF_searchAndReplacePAOverride)
                  0000dba8    00000024     ssd1306.o (.text.SSD1306_SetPosition)
                  0000dbcc    00000024     drivers_cc26x2.a : SPICC26X2DMA.c.obj (.text.releaseConstraint)
                  0000dbf0    00000024     ti_sysbios_config.o (.text.ti_sysbios_family_arm_cc26xx_Timer_Params_init)
                  0000dc14    00000024     ti_sysbios_config.o (.text.ti_sysbios_knl_Task_Params_init)
                  0000dc38    00000022     ti_sysbios_config.o (.text.BIOS_setThreadType)
                  0000dc5a    00000022     drivers_cc26x2.a : List.c.obj (.text.List_get)
                  0000dc7c    00000022     rf_multiMode_cc26x2.a : RFCC26X2_multiMode.c.cc26x2.ticlang.o (.text.RF_queueEnd)
                  0000dc9e    00000022     w5500.o (.text.W5500_send_data_processing)
                  0000dcc0    00000022     libc.a : memcmp.c.obj (.text.memcmp)
                  0000dce2    00000022     socket.o (.text.sendUDP)
                  0000dd04    00000022     ti_sysbios_config.o (.text.ti_sysbios_gates_GateMutex_leave)
                  0000dd26    00000022     ti_sysbios_config.o (.text.ti_sysbios_heaps_HeapMem_restore)
                  0000dd48    00000022     ti_sysbios_config.o (.text.ti_sysbios_knl_Clock_getTicks)
                  0000dd6a    00000022     ti_sysbios_config.o (.text.ti_sysbios_knl_Clock_scheduleNextTick)
                  0000dd8c    00000022     ti_sysbios_config.o (.text.ti_sysbios_knl_Queue_dequeue)
                  0000ddae    00000022     ti_sysbios_config.o (.text.ti_sysbios_knl_Semaphore_destruct)
                  0000ddd0    00000020     Dhcp.o (.text.DHCP_reset_DHCP_lease)
                  0000ddf0    00000020     EthernetUdp.o (.text.EthernetUDP_write_byte)
                  0000de10    00000020     rf_multiMode_cc26x2.a : rfc.c.cc26x2.ticlang.o (.text.NOROM_RFCDoorbellSendTo)
                  0000de30    00000020                           : rfc.c.cc26x2.ticlang.o (.text.NOROM_RFCOverrideSearch)
                  0000de50    00000020     drivers_cc26x2.a : PowerCC26X2_helpers.c.obj (.text.PowerCC26X2_disableTCXOQual)
                  0000de70    00000020                      : PowerCC26X2_helpers.c.obj (.text.PowerCC26X2_enableTCXOQual)
                  0000de90    00000020     ti_sysbios_config.o (.text.PowerCC26XX_schedulerDisable)
                  0000deb0    00000020     ti_sysbios_config.o (.text.PowerCC26XX_schedulerRestore)
                  0000ded0    00000020     drivers_cc26x2.a : PowerCC26X2.c.obj (.text.Power_unregisterNotify)
                  0000def0    00000020     rf_multiMode_cc26x2.a : RFCC26X2_multiMode.c.cc26x2.ticlang.o (.text.RF_cmdAlloc)
                  0000df10    00000020                           : RFCC26X2_multiMode.c.cc26x2.ticlang.o (.text.RF_invokeGlobalCallback)
                  0000df30    00000020                           : RFCC26X2_multiMode.c.cc26x2.ticlang.o (.text.RF_ratIsRunning)
                  0000df50    00000020     socket.o (.text.close)
                  0000df70    00000020     ti_sysbios_config.o (.text.ti_sysbios_family_arm_cc26xx_Timer_postInit)
                  0000df90    00000020     ti_sysbios_config.o (.text.ti_sysbios_family_arm_m3_Hwi_excHandler)
                  0000dfb0    00000020     ti_sysbios_config.o (.text.ti_sysbios_family_arm_m3_Hwi_post)
                  0000dfd0    00000020     ti_sysbios_config.o (.text.ti_sysbios_knl_ClockSupport_getCurrentTick)
                  0000dff0    00000020     libclang_rt.builtins.a : floatunsidf.S.obj (.text)
                  0000e010    0000001e     ti_sysbios_config.o (.text.SwiP_Params_init)
                  0000e02e    0000001e     w5500.o (.text.W5500_writeSnCR)
                  0000e04c    0000001e     w5500.o (.text.W5500_writeSnIR)
                  0000e06a    0000001e     w5500.o (.text.W5500_writeSnMR)
                  0000e088    0000001e     libc.a : memccpy.c.obj (.text.memccpy)
                  0000e0a6    0000001e     sysbios.a : Hwi_asm_switch_gnu.obj (.text.ti_sysbios_family_arm_m3_Hwi_switchAndRunFunc)
                  0000e0c4    0000001e     ti_sysbios_config.o (.text.ti_sysbios_family_arm_m3_Hwi_switchFromBootStack)
                  0000e0e2    0000001e     ti_sysbios_config.o (.text.ti_sysbios_knl_Task_unblock)
                  0000e100    0000001e     Printfg.o (.text.write_byte)
                  0000e11e    0000001c     EthernetClient.o (.text.EthernetClient_begin)
                  0000e13a    0000001c     EthernetClient.o (.text.EthernetClient_print)
                  0000e156    0000001c     EthernetUdp.o (.text.EthernetUDP_flush)
                  0000e172    00000002     --HOLE-- [fill = 0]
                  0000e174    0000001c     drivers_cc26x2.a : GPIO.c.obj (.text.GPIO_setCallback)
                  0000e190    0000001c                      : GPIOCC26XX.c.obj (.text.GPIO_setMux)
                  0000e1ac    0000001c     ti_sysbios_config.o (.text.HwiP_Params_init)
                  0000e1c8    0000001c     drivers_cc26x2.a : PowerCC26X2.c.obj (.text.Power_getTransitionLatency)
                  0000e1e4    0000001c     rf_multiMode_cc26x2.a : RFCC26X2_multiMode.c.cc26x2.ticlang.o (.text.RF_clkInactivityCallback)
                  0000e200    0000001c                           : RFCC26X2_multiMode.c.cc26x2.ticlang.o (.text.RF_getPAOverrideOffsetAndValue)
                  0000e21c    0000001c                           : RFCC26X2_multiMode.c.cc26x2.ticlang.o (.text.RF_powerConstraintSet)
                  0000e238    0000001c                           : RFCC26X2_multiMode.c.cc26x2.ticlang.o (.text.RF_swiFsm)
                  0000e254    0000001c     w5500.o (.text.W5500_writeSnDIPR)
                  0000e270    0000001c     drivers_cc26x2.a : TemperatureCC26X2.c.obj (.text.setTempLowerLimit)
                  0000e28c    0000001c                      : TemperatureCC26X2.c.obj (.text.setTempUpperLimit)
                  0000e2a8    0000001c     ti_sysbios_config.o (.text.ti_sysbios_family_arm_cc26xx_Timer_dynamicStub)
                  0000e2c4    0000001c     ti_sysbios_config.o (.text.ti_sysbios_family_arm_m3_Hwi_Params_init)
                  0000e2e0    0000001c     dashboard_task.o (.text.ti_sysbios_family_arm_m3_Hwi_disable)
                  0000e2fc    0000001c     ti_sysbios_config.o (.text.ti_sysbios_knl_Clock_Instance_finalize)
                  0000e318    0000001c     ti_sysbios_config.o (.text.ti_sysbios_knl_Clock_enqueueI)
                  0000e334    0000001c     ti_sysbios_config.o (.text.ti_sysbios_knl_Clock_start)
                  0000e350    0000001c     ti_sysbios_config.o (.text.ti_sysbios_knl_Queue_remove)
                  0000e36c    0000001c     ti_sysbios_config.o (.text.ti_sysbios_knl_Swi_Params_init)
                  0000e388    0000001c     ti_sysbios_config.o (.text.ti_sysbios_knl_Swi_disable)
                  0000e3a4    0000001c     ti_sysbios_config.o (.text.ti_sysbios_knl_Task_disable)
                  0000e3c0    0000001a     ti_sysbios_config.o (.text.BIOS_exitFunc)
                  0000e3da    0000001a     ti_sysbios_config.o (.text.BIOS_getCpuFreq)
                  0000e3f4    0000001a     drivers_cc26x2.a : I2CCC26XX.c.obj (.text.I2CCC26XX_completeTransfer)
                  0000e40e    0000001a     ti_sysbios_config.o (.text.ti_sysbios_knl_Semaphore_Instance_finalize)
                  0000e428    00000018     ti_sysbios_config.o (.text.BIOS_exit)
                  0000e440    00000018     Dhcp.o (.text.DHCP_getDnsServerIp)
                  0000e458    00000018     Dhcp.o (.text.DHCP_getGatewayIp)
                  0000e470    00000018     Dhcp.o (.text.DHCP_getLocalIp)
                  0000e488    00000018     Dhcp.o (.text.DHCP_getSubnetMask)
                  0000e4a0    00000018     drivers_cc26x2.a : GPIOCC26XX.c.obj (.text.GPIO_disableInt)
                  0000e4b8    00000018                      : PowerCC26X2.c.obj (.text.PowerCC26XX_calibrate)
                  0000e4d0    00000018                      : PowerCC26X2.c.obj (.text.Power_idleFunc)
                  0000e4e8    00000018     rf_multiMode_cc26x2.a : RFCC26X2_multiMode.c.cc26x2.ticlang.o (.text.RF_restartClockTimeout)
                  0000e500    00000018     stv.o (.text.STV_WriteAtAddress)
                  0000e518    00000018     w5500.o (.text.W5500_writeSIR)
                  0000e530    00000018     libc.a : sprintf.c.obj (.text._outs)
                  0000e548    00000018     Printfg.o (.text.print)
                  0000e560    00000018     ti_sysbios_config.o (.text.ti_sysbios_family_arm_cc26xx_Timer_getCount64)
                  0000e578    00000018     ti_sysbios_config.o (.text.ti_sysbios_family_arm_m3_Hwi_setFunc)
                  0000e590    00000018     ti_sysbios_config.o (.text.ti_sysbios_knl_ClockSupport_setNextTick)
                  0000e5a8    00000018     sysbios.a : TaskSupport_asm_gnu.obj (.text.ti_sysbios_knl_TaskSupport_glue)
                  0000e5c0    00000016     ti_sysbios_config.o (.text.ClockP_Params_init)
                  0000e5d6    00000016     drivers_cc26x2.a : List.c.obj (.text.List_clearList)
                  0000e5ec    00000016     radio_queue.o (.text.RadioQueue_hasPacket)
                  0000e602    00000016     radio_queue.o (.text.RadioQueue_nextEntry)
                  0000e618    00000016     w5500.o (.text.W5500_readGAR)
                  0000e62e    00000016     w5500.o (.text.W5500_readSIPR)
                  0000e644    00000016     w5500.o (.text.W5500_readSUBR)
                  0000e65a    00000016     w5500.o (.text.W5500_readSnCR)
                  0000e670    00000016     w5500.o (.text.W5500_readSnIR)
                  0000e686    00000016     w5500.o (.text.W5500_readSnSR)
                  0000e69c    00000016     w5500.o (.text.W5500_writeGAR)
                  0000e6b2    00000016     w5500.o (.text.W5500_writeSHAR)
                  0000e6c8    00000016     w5500.o (.text.W5500_writeSIPR)
                  0000e6de    00000016     w5500.o (.text.W5500_writeSUBR)
                  0000e6f4    00000016     ArduinoCompatibility.o (.text.delay)
                  0000e70a    00000016     socket.o (.text.disconnect)
                  0000e720    00000016     dashboard_task.o (.text.ti_sysbios_family_arm_m3_Hwi_enable)
                  0000e736    00000016     ti_sysbios_config.o (.text.ti_sysbios_family_arm_m3_Hwi_enable)
                  0000e74c    00000016     ti_sysbios_config.o (.text.ti_sysbios_knl_Intrinsics_maxbit)
                  0000e762    00000016     ti_sysbios_config.o (.text.ti_sysbios_knl_Queue_construct)
                  0000e778    00000016     ti_sysbios_config.o (.text.ti_sysbios_knl_Queue_empty)
                  0000e78e    00000016     ti_sysbios_config.o (.text.ti_sysbios_runtime_SystemSupport_init)
                  0000e7a4    00000016     ti_sysbios_config.o (.text.ti_sysbios_runtime_System_exit)
                  0000e7ba    00000014     ti_sysbios_config.o (.text.ClockP_setTimeout)
                  0000e7ce    00000002     --HOLE-- [fill = 0]
                  0000e7d0    00000014     drivers_cc26x2.a : GPIOCC26XX.c.obj (.text.GPIO_read)
                  0000e7e4    00000014                      : GPIO.c.obj (.text.GPIO_setUserArg)
                  0000e7f8    00000014                      : I2CCC26XX.c.obj (.text.I2CCC26XX_postNotify)
                  0000e80c    00000014                      : SPICC26X2DMA.c.obj (.text.OUTLINED_FUNCTION_0)
                  0000e820    00000014     rf_multiMode_cc26x2.a : RFCC26X2_multiMode.c.cc26x2.ticlang.o (.text.RF_dbellSyncOnAck)
                  0000e834    00000014                           : RFCC26X2_multiMode.c.cc26x2.ticlang.o (.text.RF_flushCmd)
                  0000e848    00000014     ti_sysbios_config.o (.text.SwiP_or)
                  0000e85c    00000014     drivers_cc26x2.a : TemperatureCC26X2.c.obj (.text.Temperature_getTemperature)
                  0000e870    00000014     libc.a : args_main.c.obj (.text._args_main)
                  0000e884    00000014     ti_sysbios_config.o (.text.ti_sysbios_family_arm_cc26xx_TimestampProvider_init)
                  0000e898    00000014     ti_sysbios_config.o (.text.ti_sysbios_family_arm_m3_Hwi_disable)
                  0000e8ac    00000014     ti_sysbios_config.o (.text.ti_sysbios_knl_Swi_Instance_finalize)
                  0000e8c0    00000014     ti_sysbios_config.o (.text.ti_sysbios_runtime_System_printf_va)
                  0000e8d4    00000014     libclang_rt.builtins.a : aeabi_ldivmod.S.obj (.text)
                  0000e8e8    00000014                            : aeabi_memset.S.obj (.text)
                  0000e8fc    00000014                            : aeabi_uldivmod.S.obj (.text)
                  0000e910    00000012     EthernetUdp.o (.text.EthernetUDP_endPacket)
                  0000e922    00000012     drivers_cc26x2.a : I2C.c.obj (.text.I2C_transfer)
                  0000e934    00000012     ti_drivers_config.o (.text.configureCallbacks)
                  0000e946    00000012     ti_sysbios_config.o (.text.ti_sysbios_family_arm_m3_Hwi_destruct)
                  0000e958    00000012     ti_sysbios_config.o (.text.ti_sysbios_family_arm_m3_Hwi_doSwiRestore)
                  0000e96a    00000012     ti_sysbios_config.o (.text.ti_sysbios_family_arm_m3_Hwi_doTaskRestore)
                  0000e97c    00000012     ti_sysbios_config.o (.text.ti_sysbios_heaps_HeapMem_Params_init)
                  0000e98e    00000012     ti_sysbios_config.o (.text.ti_sysbios_heaps_HeapMem_init)
                  0000e9a0    00000012     ti_sysbios_config.o (.text.ti_sysbios_knl_Clock_Params_init)
                  0000e9b2    00000012     ti_sysbios_config.o (.text.ti_sysbios_knl_Clock_tick)
                  0000e9c4    00000012     ti_sysbios_config.o (.text.ti_sysbios_knl_Queue_Instance_init)
                  0000e9d6    00000012     ti_sysbios_config.o (.text.ti_sysbios_knl_Semaphore_Params_init)
                  0000e9e8    00000012     libc.a : memcpy_t2.S.obj (.text:TI_memcpy_small)
                  0000e9fa    00000010     ti_sysbios_config.o (.text.BIOS_start)
                  0000ea0a    00000010     ti_sysbios_config.o (.text.ClockP_destruct)
                  0000ea1a    00000010     ti_sysbios_config.o (.text.ClockP_getCpuFreq)
                  0000ea2a    00000010     ti_sysbios_config.o (.text.ClockP_getTimeout)
                  0000ea3a    00000010     ti_sysbios_config.o (.text.ClockP_isActive)
                  0000ea4a    00000010     ti_sysbios_config.o (.text.ClockP_start)
                  0000ea5a    00000010     ti_sysbios_config.o (.text.ClockP_stop)
                  0000ea6a    00000010     Ethernet.o (.text.Ethernet_gatewayIP)
                  0000ea7a    00000010     Ethernet.o (.text.Ethernet_localIP)
                  0000ea8a    00000010     Ethernet.o (.text.Ethernet_subnetMask)
                  0000ea9a    00000002     --HOLE-- [fill = 0]
                  0000ea9c    00000010     drivers_cc26x2.a : GPIO.c.obj (.text.GPIO_getUserArg)
                  0000eaac    00000010                      : GPIOCC26XX.c.obj (.text.GPIO_write)
                  0000eabc    00000010     ti_sysbios_config.o (.text.HwiP_clearInterrupt)
                  0000eacc    00000010     ti_sysbios_config.o (.text.HwiP_destruct)
                  0000eadc    00000010     ti_sysbios_config.o (.text.HwiP_disable)
                  0000eaec    00000010     ti_sysbios_config.o (.text.HwiP_disableInterrupt)
                  0000eafc    00000010     ti_sysbios_config.o (.text.HwiP_enableInterrupt)
                  0000eb0c    00000010     ti_sysbios_config.o (.text.HwiP_post)
                  0000eb1c    00000010     ti_sysbios_config.o (.text.HwiP_restore)
                  0000eb2c    00000010     rf_multiMode_cc26x2.a : rfc.c.cc26x2.ticlang.o (.text.NOROM_RFCCpeIntGetAndClear)
                  0000eb3c    00000010                           : rfc.c.cc26x2.ticlang.o (.text.NOROM_RFCHwIntGetAndClear)
                  0000eb4c    00000010     drivers_cc26x2.a : PowerCC26X2_helpers.c.obj (.text.PowerCC26X2_oscCtlClearXtal)
                  0000eb5c    00000010                      : PowerCC26X2_helpers.c.obj (.text.PowerCC26X2_prcmEnableCacheRetention)
                  0000eb6c    00000010                      : PowerCC26X2_calibrateRCOSC_helpers.c.obj (.text.PowerCC26X2_readCtrim)
                  0000eb7c    00000010                      : PowerCC26X2_calibrateRCOSC_helpers.c.obj (.text.PowerCC26X2_readCtrimFract)
                  0000eb8c    00000010                      : PowerCC26X2_calibrateRCOSC_helpers.c.obj (.text.PowerCC26X2_readRtrim)
                  0000eb9c    00000010                      : PowerCC26X2_helpers.c.obj (.text.PowerCC26X2_switchToTCXO)
                  0000ebac    00000010                      : PowerCC26X2.c.obj (.text.Power_getDependencyCount)
                  0000ebbc    00000010     ti_sysbios_config.o (.text.SemaphoreP_destruct)
                  0000ebcc    00000010     ti_sysbios_config.o (.text.SemaphoreP_post)
                  0000ebdc    00000010     ti_sysbios_config.o (.text.SwiP_destruct)
                  0000ebec    00000010     ti_sysbios_config.o (.text.SwiP_disable)
                  0000ebfc    00000010     ti_sysbios_config.o (.text.SwiP_getTrigger)
                  0000ec0c    00000010     ti_sysbios_config.o (.text.SwiP_post)
                  0000ec1c    00000010     ti_sysbios_config.o (.text.SwiP_restore)
                  0000ec2c    00000010     ti_sysbios_config.o (.text.SysCtrlAonUpdate)
                  0000ec3c    00000010     w5500.o (.text.W5500_getGatewayIp)
                  0000ec4c    00000010     w5500.o (.text.W5500_getIPAddress)
                  0000ec5c    00000010     w5500.o (.text.W5500_getSubnetMask)
                  0000ec6c    00000010     w5500.o (.text.W5500_setGatewayIp)
                  0000ec7c    00000010     w5500.o (.text.W5500_setIPAddress)
                  0000ec8c    00000010     w5500.o (.text.W5500_setMACAddress)
                  0000ec9c    00000010     w5500.o (.text.W5500_setSubnetMask)
                  0000ecac    00000010     ti_sysbios_config.o (.text.ti_sysbios_family_arm_cc26xx_Timer_setPeriod)
                  0000ecbc    00000010     ti_sysbios_config.o (.text.ti_sysbios_knl_ClockSupport_getMaxTicks)
                  0000eccc    00000010     ti_sysbios_config.o (.text.ti_sysbios_knl_Clock_destruct)
                  0000ecdc    00000010     ti_sysbios_config.o (.text.ti_sysbios_knl_Clock_isActive)
                  0000ecec    00000010     ti_sysbios_config.o (.text.ti_sysbios_knl_Clock_removeI)
                  0000ecfc    00000010     ti_sysbios_config.o (.text.ti_sysbios_knl_Clock_setTimeout)
                  0000ed0c    00000010     ti_sysbios_config.o (.text.ti_sysbios_knl_Idle_loop)
                  0000ed1c    00000010     ti_sysbios_config.o (.text.ti_sysbios_knl_Queue_destruct)
                  0000ed2c    00000010     ti_sysbios_config.o (.text.ti_sysbios_knl_Queue_elemClear)
                  0000ed3c    00000010     ti_sysbios_config.o (.text.ti_sysbios_knl_Swi_enabled)
                  0000ed4c    00000010     ti_sysbios_config.o (.text.ti_sysbios_runtime_Types_argToFloat)
                  0000ed5c    00000010     libc.a : copy_zero_init.c.obj (.text:decompress:ZI)
                  0000ed6c    0000000e     ti_sysbios_config.o (.text.BIOS_linkedWithIncorrectBootLibrary)
                  0000ed7a    0000000e     EthernetUdp.o (.text.EthernetUDP_begin_init)
                  0000ed88    0000000e     ti_sysbios_config.o (.text.IntMasterDisable)
                  0000ed96    0000000e     ti_sysbios_config.o (.text.IntMasterEnable)
                  0000eda4    0000000e     drivers_cc26x2.a : PowerCC26X2.c.obj (.text.OUTLINED_FUNCTION_0)
                  0000edb2    0000000e     rf_multiMode_cc26x2.a : RFCC26X2_multiMode.c.cc26x2.ticlang.o (.text.OUTLINED_FUNCTION_0)
                  0000edc0    0000000e                           : RFCC26X2_multiMode.c.cc26x2.ticlang.o (.text.OUTLINED_FUNCTION_3)
                  0000edce    0000000e     libc.a : strcpy.c.obj (.text.strcpy)
                  0000eddc    0000000e            : _printfi.c.obj (.text.strlen)
[...]
0000ea5b  ClockP_stop                                                        
0000ea6b  Ethernet_gatewayIP                                                 
0000ea7b  Ethernet_localIP                                                   
0000ea8b  Ethernet_subnetMask                                                
0000ea9d  GPIO_getUserArg                                                    
0000eaad  GPIO_write                                                         
0000eabd  HwiP_clearInterrupt                                                
0000eacd  HwiP_destruct                                                      
0000eadd  HwiP_disable                                                       
0000eaed  HwiP_disableInterrupt                                              
0000eafd  HwiP_enableInterrupt                                               
0000eb0d  HwiP_post                                                          
0000eb1d  HwiP_restore                                                       
0000eb2d  NOROM_RFCCpeIntGetAndClear                                         
0000eb3d  NOROM_RFCHwIntGetAndClear                                          
0000eb4d  PowerCC26X2_oscCtlClearXtal                                        
0000eb5d  PowerCC26X2_prcmEnableCacheRetention                               
0000eb6d  PowerCC26X2_readCtrim                                              
0000eb7d  PowerCC26X2_readCtrimFract                                         
0000eb8d  PowerCC26X2_readRtrim                                              
0000eb9d  PowerCC26X2_switchToTCXO                                           
0000ebad  Power_getDependencyCount                                           
0000ebbd  SemaphoreP_destruct                                                
0000ebcd  SemaphoreP_post                                                    
0000ebdd  SwiP_destruct                                                      
0000ebed  SwiP_disable                                                       
0000ebfd  SwiP_getTrigger                                                    
0000ec0d  SwiP_post                                                          
0000ec1d  SwiP_restore                                                       
0000ec3d  W5500_getGatewayIp                                                 
0000ec4d  W5500_getIPAddress                                                 
0000ec5d  W5500_getSubnetMask                                                
0000ec6d  W5500_setGatewayIp                                                 
0000ec7d  W5500_setIPAddress                                                 
0000ec8d  W5500_setMACAddress                                                
0000ec9d  W5500_setSubnetMask                                                
0000ecad  ti_sysbios_family_arm_cc26xx_Timer_setPeriod                       
0000ecbd  ti_sysbios_knl_ClockSupport_getMaxTicks                            
0000eccd  ti_sysbios_knl_Clock_destruct                                      
0000ecdd  ti_sysbios_knl_Clock_isActive                                      
0000eced  ti_sysbios_knl_Clock_removeI                                       
0000ecfd  ti_sysbios_knl_Clock_setTimeout                                    
0000ed0d  ti_sysbios_knl_Idle_loop                                           
0000ed1d  ti_sysbios_knl_Queue_destruct                                      
0000ed2d  ti_sysbios_knl_Queue_elemClear                                     
0000ed3d  ti_sysbios_knl_Swi_enabled                                         
0000ed5d  __TI_zero_init                                                     
0000ed6d  BIOS_linkedWithIncorrectBootLibrary                                
0000ed7b  EthernetUDP_begin_init                                             
0000edcf  strcpy                                                             
0000edeb  strlen                                                             
0000ee23  ti_sysbios_heaps_HeapMem_isBlocking                                
0000ee31  ti_sysbios_knl_Clock_stop                                          
0000ee3f  ti_sysbios_runtime_SystemSupport_exit                              
0000ee4d  TI_memset_small                                                    
0000ee5b  __TI_decompress_none                                               
0000ee75  BIOS_getThreadType                                                 
0000ee81  ClockP_getSystemTickPeriod                                         
0000ee8d  EthernetUDP_available                                              
0000ee99  EthernetUDP_rawIPAddress                                           
0000eea5  EthernetUDP_remotePort                                             
0000eeb1  I2C_Params_init                                                    
0000eebd  NOROM_CPUcpsid                                                     
0000eec9  NOROM_CPUcpsie                                                     
0000eee1  PowerCC26X2_oscClockSourceGet                                      
0000eeed  PowerCC26X2_setPeriphDeepSleepEnable                               
0000eef9  PowerCC26X2_sysCtrlGetResetSource                                  
0000ef05  PowerCC26X2_sysCtrlVoltageConditionalControl                       
0000ef11  Power_getConstraintMask                                            
0000ef1d  RF_Params_init                                                     
0000ef29  Radio_GetCurrentProtocol                                           
0000ef35  SPI_Params_init                                                    
0000ef41  STV_ReadFromAddress                                                
0000ef4d  _register_lock                                                     
0000ef59  _register_unlock                                                   
0000ef65  resetSS                                                            
0000ef71  setSS                                                              
0000ef89  ti_sysbios_knl_Queue_head                                          
0000ef95  ti_sysbios_knl_Queue_next                                          
0000efa1  ti_sysbios_knl_Queue_prev                                          
0000efad  ti_sysbios_knl_Swi_getTrigger                                      
0000efb9  ti_sysbios_knl_Swi_postInit                                        
0000efc5  ti_sysbios_knl_Swi_self                                            
0000efd1  ti_sysbios_knl_Task_self                                           
0000effb  PowerCC26X2_sysCtrlStandby                                         
0000f005  RadioQueue_getDQpointer                                            
0000f00f  SPICC26X2DMA_init                                                  
0000f019  UDMACC26XX_hwiIntFxn                                               
0000f055  ti_sysbios_knl_Swi_startup                                         
0000f05f  ti_sysbios_runtime_Error_check                                     
0000f07d  Boot_trimDevice                                                    
0000f085  DHCP_presend_DHCP                                                  
0000f095  I2CSupport_masterFinish                                            
0000f09d  NOROM_CPUdelay                                                     
0000f0b5  PowerCC26X2_oschfTrySwitchToXosc                                   
0000f0bd  ResetISR                                                           
0000f0c5  __aeabi_errno_addr                                                 
0000f0cd  _system_post_cinit                                                 
0000f0d5  _system_pre_init                                                   
0000f0e5  ti_sysbios_family_arm_m3_Hwi_startup                               
0000f0ed  ti_sysbios_runtime_Startup_reset                                   
0000f0f5  ti_sysbios_runtime_System_exitSpin                                 
0000f0fd  I2CSupport_powerRelConstraint                                      
0000f103  I2CSupport_powerSetConstraint                                      
0000f115  SPI_transfer                                                       
0000f11b  random                                                             
0000f121  NOROM_RFCOverrideUpdate                                            
0000f129  PowerCC26X2_oschfSwitchToRcosc                                     
0000f12d  PowerCC26X2_sysCtrlIdle                                            
0000f131  PowerCC26X2_turnOnXosc                                             
0000f135  RF_defaultExecutionPolicy                                          
0000f141  ti_sysbios_gates_GateMutex_canBlock                                
0000f145  ti_sysbios_knl_TaskSupport_getStackAlignment                       
0000f149  ti_sysbios_runtime_Memory_getMaxDefaultTypeAlign                   
0000f14d  ti_sysbios_runtime_SystemSupport_ready                             
0000f151  __aeabi_memcpy                                                     
0000f151  __aeabi_memcpy4                                                    
0000f151  __aeabi_memcpy8                                                    
0000f154  __c_args__                                                         
0000f74f  GPIO_pinLowerBound                                                 
000100d2  GPIO_pinUpperBound                                                 
000100d3  I2C_count                                                          
00010280  __aeabi_ctype_table_                                               
00010280  __aeabi_ctype_table_C                                              
000106c3  SPI_count                                                          
000106c4  ti_sysbios_family_arm_m3_Hwi_disablePriority                       
00010800  resourceDB                                                         
00010854  spiCC26X2DMAHWAttrs                                                
000108da  TemperatureCC26X2_config                                           
000108db  ti_sysbios_knl_Clock_tickMode                                      
000108dc  SPI_defaultParams                                                  
000108fc  SSD1306_InitSequence                                               
00010958  SPICC26X2DMA_fxnTable                                              
000109a0  i2cCC26xxHWAttrs                                                   
000109e7  ti_sysbios_knl_Task_checkStackFlag                                 
000109e8  PowerCC26X2_config                                                 
00010a21  ti_sysbios_knl_Task_initStackFlag                                  
00010a24  GPIO_config                                                        
00010a44  RFCC26XX_hwAttrs                                                   
00010a50  SPI_config                                                         
00010a88  I2C_config                                                         
00010a90  UDMACC26XX_config                                                  
00010aa0  ti_sysbios_knl_Idle_funcList                                       
00010aa8  udmaCC26XXHWAttrs                                                  
00010ab8  ti_sysbios_family_arm_m3_Hwi_swiTaskKeyAddress                     
00010ac0  ti_sysbios_knl_Clock_tickPeriod                                    
00010ac4  ti_sysbios_knl_Swi_numPriorities                                   
00010ca4  __TI_Handler_Table_Base                                            
00010cb0  __TI_Handler_Table_Limit                                           
00010cd8  __TI_CINIT_Base                                                    
00010d08  __TI_CINIT_Limit                                                   
00010d08  __TI_CINIT_Warm                                                    
0004ffa8  __ccfg                                                             
20000000  __start___llvm_prf_bits                                            
20000000  __start___llvm_prf_cnts                                            
20000000  __stop___llvm_prf_bits                                             
20000000  __stop___llvm_prf_cnts                                             
20000000  ti_sysbios_family_arm_m3_Hwi_ramVectors                            
200000d8  PowerCC26X2_module                                                 
2000024c  gpioPinConfigs                                                     
20000330  ti_sysbios_knl_Clock_Module_state                                  
20000454  ble_pOverridesCommon                                               
200004a8  RFCMD_ieeeRX                                                       
200004e8  ti_sysbios_family_arm_m3_Hwi_Module_state                          
20000524  ti_sysbios_knl_Task_Module_state                                   
20000560  BIOS_Module_state                                                  
2000058c  ti_sysbios_knl_Swi_Module_state                                    
200005b4  RFCMD_bleRadioSetup                                                
200005d8  RFCMD_bleGenericRX                                                 
200005f8  ble_pOverrides2Mbps                                                
20000614  RFCMD_bleFrequencySynthesizer                                      
2000062c  RFCMD_ieeeFrequencySynthesizer                                     
20000644  RFCMD_ieeeRadioSetup                                               
2000065c  ble_pOverrides1Mbps                                                
20000674  RFCMD_bleGenericRXPar                                              
20000688  ble_pOverridesCoded                                                
2000069c  Ethernet_server_port                                               
200006ac  RFCMD_bleModeObject                                                
200006bc  RFCMD_ieeeModeObject                                               
200006cc  _hposcCoeffs                                                       
200006dc  ieee_pOverrides                                                    
200006ec  ti_sysbios_runtime_SysMin_Module_state                             
200006fc  ti_sysbios_family_arm_cc26xx_Timer_Module_state                    
20000708  ti_sysbios_runtime_Error_ignore                                    
20000714  ti_sysbios_runtime_System_Module_state                             
20000728  RFCC26XX_schedulerPolicy                                           
20000738  ti_sysbios_gates_GateMutex_Module_state                            
20000740  ti_sysbios_heaps_HeapMem_Module_state                              
20000748  ti_sysbios_knl_Semaphore_Module_state                              
20000754  EthernetClientPrintMethods                                         
20000758  EthernetUDPPrintMethods                                            
20000760  __aeabi_errno                                                      
20000764  _lock                                                              
20000768  _unlock                                                            
20000770  ti_sysbios_runtime_Memory_defaultHeapInstance                      
20000779  ti_sysbios_knl_Idle_initDone                                       
2000077a  ti_sysbios_runtime_Startup_done                                    
20001a50  __primary_heap_start__                                             
20005a50  __primary_heap_end__                                               
20007690  ti_sysbios_knl_Idle_taskStack                                      
20007a90  ti_sysbios_runtime_SysMin_outbuf                                   
2000830c  i2cCC26xxObjects                                                   
2000844c  _CIOBUF_                                                           
2000844c  __CIOBUF_                                                          
20008570  rfObject                                                           
20008670  spiCC26X2DMAObjects                                                
20008770  ti_sysbios_family_arm_m3_Hwi_dispatchTable                         
20008848  gpioCallbackFunctions                                              
200088c4  gpioUserArgs                                                       
200089a8  ti_sysbios_knl_ClockSupport_timerStruct                            
20008a08  ti_sysbios_knl_Idle_taskStruct                                     
20008b24  ti_sysbios_knl_Swi_readyQs                                         
20008b54  ti_sysbios_knl_Task_readyQs                                        
20008b84  BIOS_heapMemObject                                                 
20008bb0  BIOS_rtsGate                                                       
20008bd8  ti_sysbios_heaps_HeapMem_gate                                      
20008c00  dashboardTaskParams                                                
20008c24  initTaskParams                                                     
20008c48  sniffingTaskParams                                                 
20008c6c  Ethernet                                                           
20008c8c  rfParams                                                           
20008cac  ti_sysbios_runtime_System_atexitHandlers                           
20008ccc  udmaCC26XXObject                                                   
20008d24  ti_sysbios_hal_Seconds_Module_state                                
20008d48  ethernetUdp                                                        
20008d58  ieeeStats                                                          
20008d68  Dashboard_SemaphoreParams                                          
20008d74  Init_SemaphoreParams                                               
20008d80  bleStats                                                           
20008d9c  parmbuf                                                            
20008dbc  Dashboard_SemaphoreHandle                                          
20008dc0  Init_SemaphoreHandle                                               
20008dc4  PowerCC26XX_swiKey                                                 
20008dc8  PowerCC26XX_taskKey                                                
20008dcc  dashboardTaskHandle                                                
20008dd0  initTaskHandle                                                     
20008dd4  nRxBufFull                                                         
20008dd8  rfHandle                                                           
20008ddc  sniffingTaskHandle                                                 
20008de0  spi                                                                
20008de4  ti_sysbios_family_arm_cc26xx_TimestampProvider_Module_state        
20008de8  ti_sysbios_knl_Task_defaultStackHeap                               
20008dec  _counter                                                           
20008dee  ethernetServer                                                     
20008df0  rfCmdHandle                                                        
20008df2  CurrentRfProtocol                                                  
20011a00  __stack                                                            
20012000  __STACK_END                                                        
ffffffff  __TI_pprof_out_hndl                                                
ffffffff  __TI_prof_data_size                                                
ffffffff  __TI_prof_data_start                                               
ffffffff  __binit__                                                          
ffffffff  binit                                                              
UNDEFED   ITM_flush                                                          
UNDEFED   ITM_restore                                                        
UNDEFED   __mpu_init                                                         

[758 symbols]
