******************************************************************************
            TI ARM Clang Linker PC v2.1.2                      
******************************************************************************
>> Linked Sat Jan  6 10:41:05 2024

OUTPUT FILE NAME:   <multiSniff_LP_CC2652RB_tirtos7_ticlang2.out>
ENTRY POINT SYMBOL: "ResetISR"  address: 000072dd


MEMORY CONFIGURATION

         name            origin    length      used     unused   attr    fill
----------------------  --------  ---------  --------  --------  ----  --------
  FLASH                 00000000   00050000  000081ac  00047e54  R  X
  STV                   00050000   00000010  00000000  00000010  RW  
  GPRAM                 11000000   00002000  00000000  00002000  RW X
  SRAM                  20000000   00010000  00006263  00009d9d  RW X
  HTML                  20010000   00003000  00000000  00003000  R   
  MTU_BUFFER            20013000   00001000  00000000  00001000  RW  
  LOG_DATA              90000000   00040000  00000000  00040000  R   


SEGMENT ALLOCATION MAP

run origin  load origin   length   init length attrs members
----------  ----------- ---------- ----------- ----- -------
00000000    00000000    00008028   00008028    r-x
  00000000    00000000    0000003c   0000003c    r-- .resetVecs
  00000040    00000040    000072e0   000072e0    r-x .text
  00007320    00007320    00000d08   00000d08    r-- .rodata
00008028    00008028    00000008   00000008    rw-
  00008028    00008028    00000008   00000008    rw- .args
00008030    00008030    00000128   00000128    r--
  00008030    00008030    00000128   00000128    r-- .cinit
0004ffa8    0004ffa8    00000058   00000058    r--
  0004ffa8    0004ffa8    00000058   00000058    r-- .ccfg
200000d8    200000d8    0000164c   00000000    rw-
  200000d8    200000d8    0000164c   00000000    rw- .bss
20001830    20001830    00000010   00000000    rw-
  20001830    20001830    00000010   00000000    rw- .TI.bound:dmaSpi0RxControlTableEntry
20001840    20001840    00000010   00000000    rw-
  20001840    20001840    00000010   00000000    rw- .TI.bound:dmaSpi0TxControlTableEntry
20001a30    20001a30    00000010   00000000    rw-
  20001a30    20001a30    00000010   00000000    rw- .TI.bound:dmaSpi0RxAltControlTableEntry
20001a40    20001a40    00000010   00000000    rw-
  20001a40    20001a40    00000010   00000000    rw- .TI.bound:dmaSpi0TxAltControlTableEntry
20001a50    20001a50    00004000   00000000    r--
  20001a50    20001a50    00004000   00000000    r-- .priheap
20005a50    20005a50    000004ff   00000000    rw-
  20005a50    20005a50    000004ff   00000000    rw- .data
2000fa00    2000fa00    00000600   00000000    rw-
  2000fa00    2000fa00    00000600   00000000    rw- .stack


SECTION ALLOCATION MAP

 output                                  attributes/
section   page    origin      length       input sections
--------  ----  ----------  ----------   ----------------
.binit     0    00000000    00000000     

.cinit     0    00008030    00000128     
                  00008030    000000c4     (.cinit..data.load) [load image, compression = lzss]
                  000080f4    0000000c     (__TI_handler_table)
                  00008100    00000008     (.cinit..TI.bound:dmaSpi0RxAltControlTableEntry.load) [load image, compression = zero_init]
                  00008108    00000008     (.cinit..TI.bound:dmaSpi0RxControlTableEntry.load) [load image, compression = zero_init]
                  00008110    00000008     (.cinit..TI.bound:dmaSpi0TxAltControlTableEntry.load) [load image, compression = zero_init]
                  00008118    00000008     (.cinit..TI.bound:dmaSpi0TxControlTableEntry.load) [load image, compression = zero_init]
                  00008120    00000008     (.cinit..bss.load) [load image, compression = zero_init]
                  00008128    00000030     (__TI_cinit_table)

.init_array 
*          0    00000000    00000000     UNINITIALIZED

.ccfg      0    0004ffa8    00000058     
                  0004ffa8    00000058     ti_devices_config.o (.ccfg)

.text      0    00000040    000072e0     
                  00000040    000005ea     driverlib.lib : osc.o (.text.findHposcCoefficients)
                  0000062a    00000002     ti_sysbios_config.o (.text.BIOS_nullFunc)
                  0000062c    000002c8     drivers_cc26x2.a : SPICC26X2DMA.c.obj (.text.SPICC26X2DMA_transfer)
                  000008f4    000001f0     Dhcp.o (.text.DHCP_parseDHCPResponse)
                  00000ae4    000001b6     libclang_rt.builtins.a : adddf3.S.obj (.text)
                  00000c9a    000001ae     drivers_cc26x2.a : SPICC26X2DMA.c.obj (.text.SPICC26X2DMA_hwiFxn)
                  00000e48    00000194                      : PowerCC26X2_calibrateRCOSC.c.obj (.text.PowerCC26X2_auxISR)
                  00000fdc    00000188                      : SPICC26X2DMA.c.obj (.text.SPICC26X2DMA_open)
                  00001164    00000174     Dhcp.o (.text.DHCP_send_DHCP_MESSAGE)
                  000012d8    00000160     drivers_cc26x2.a : SPICC26X2DMA.c.obj (.text.configNextTransfer)
                  00001438    00000158                      : PowerCC26X2.c.obj (.text.Power_sleep)
                  00001590    0000013c                      : I2CCC26XX.c.obj (.text.I2C_open)
                  000016cc    00000136     libclang_rt.builtins.a : divdf3.S.obj (.text)
                  00001802    00000002     ti_drivers_config.o (.text.Board_initHook)
                  00001804    00000134     driverlib.lib : osc.o (.text.findHposcPc)
                  00001938    00000126     drivers_cc26x2.a : I2C.c.obj (.text.I2C_transferTimeout)
                  00001a5e    00000002                      : I2C.c.obj (.text.I2C_init)
                  00001a60    00000124     rf_multiMode_cc26x2.a : RFCC26X2_multiMode.c.cc26x2.ticlang.o (.text.RF_abortCmd)
                  00001b84    00000122     drivers_cc26x2.a : SPICC26X2DMA.c.obj (.text.SPICC26X2DMA_transferCancel)
                  00001ca6    00000002     libclang_rt.builtins.a : aeabi_div0.c.obj (.text.__aeabi_ldiv0)
                  00001ca8    00000120     ti_sysbios_config.o (.text.ti_sysbios_family_arm_cc26xx_Timer_construct)
                  00001dc8    0000011c     sysbios.a : Hwi_asm_gnu.obj (.text.ti_sysbios_family_arm_m3_Hwi_dispatch)
                  00001ee4    00000118     drivers_cc26x2.a : PowerCC26X2.c.obj (.text.Power_init)
                  00001ffc    00000110     Dhcp.o (.text.DHCP_request_DHCP_lease)
                  0000210c    0000010c     drivers_cc26x2.a : PowerCC26X2_calibrateRCOSC.c.obj (.text.PowerCC26X2_calibrate)
                  00002218    00000104                      : GPIOCC26X2.c.obj (.text.GPIO_init)
                  0000231c    000000f4     driverlib.lib : sys_ctrl.o (.text.NOROM_SysCtrlStandby)
                  00002410    000000e8     drivers_cc26x2.a : I2CCC26XX.c.obj (.text.I2CCC26XX_hwiFxn)
                  000024f8    000000e4     driverlib.lib : setup.o (.text.NOROM_SetupTrimDevice)
                  000025dc    000000e4     ti_sysbios_config.o (.text.ti_sysbios_knl_Semaphore_pend)
                  000026c0    000000d8     drivers_cc26x2.a : SPICC26X2DMA.c.obj (.text.SPICC26X2DMA_control)
                  00002798    000000d8     ti_sysbios_config.o (.text.ti_sysbios_family_arm_m3_Hwi_excFillContext)
                  00002870    000000d0     drivers_cc26x2.a : PowerCC26X2.c.obj (.text.configureXOSCHF)
                  00002940    000000cc     ssd1306.o (.text.SSD1306_DrawLine)
                  00002a0c    000000cc     ti_sysbios_config.o (.text.ti_sysbios_knl_Clock_workFuncDynamic)
                  00002ad8    000000c4     driverlib.lib : setup.o (.text.TrimAfterColdResetWakeupFromShutDown)
                  00002b9c    000000b8     ti_sysbios_config.o (.text.ti_sysbios_knl_Task_Instance_finalize)
                  00002c54    000000b6     driverlib.lib : osc.o (.text.NOROM_OSC_HPOSCInitializeFrequencyOffsetParameters)
                  00002d0a    000000b4                   : osc.o (.text.NOROM_OSCHF_AttemptToSwitchToXosc)
                  00002dbe    00000002     libc.a : _lock.c.obj (.text._nop)
                  00002dc0    000000b4     ti_sysbios_config.o (.text.PowerCC26XX_standbyPolicy)
                  00002e74    000000b4     drivers_cc26x2.a : PowerCC26X2.c.obj (.text.Power_releaseDependency)
                  00002f28    000000b0                      : PowerCC26X2.c.obj (.text.Power_setDependency)
                  00002fd8    000000b0     libclang_rt.builtins.a : udivmoddi4.S.obj (.text)
                  00003088    000000ac     main.o (.text.InitTask)
                  00003134    000000a8     drivers_cc26x2.a : TemperatureCC26X2.c.obj (.text.temperatureHwiFxn)
                  000031dc    000000a4     ti_sysbios_config.o (.text.ti_sysbios_knl_Task_Instance_init)
                  00003280    000000a0     drivers_cc26x2.a : I2CCC26XX.c.obj (.text.I2CCC26XX_swiFxn)
                  00003320    0000009c     gui.o (.text.GUI_Init)
                  000033bc    00000094     rf_multiMode_cc26x2.a : RFCC26X2_multiMode.c.cc26x2.ticlang.o (.text.RF_hposcRfCompensateFxn)
                  00003450    00000094     ti_sysbios_config.o (.text.ti_sysbios_knl_Clock_startI)
                  000034e4    00000094     ti_sysbios_config.o (.text.ti_sysbios_knl_Task_sleep)
                  00003578    0000008c     drivers_cc26x2.a : GPIOCC26XX.c.obj (.text.GPIO_setConfig)
                  00003604    0000008c     ti_sysbios_config.o (.text.ti_sysbios_knl_Clock_init)
                  00003690    00000088     rf_multiMode_cc26x2.a : RFCC26X2_multiMode.c.cc26x2.ticlang.o (.text.RF_discardPendCmd)
                  00003718    00000084     IPAddress.o (.text.IPAddress_toString)
                  0000379c    00000080     driverlib.lib : sys_ctrl.o (.text.NOROM_SysCtrlSetRechargeBeforePowerDown)
                  0000381c    00000080     ti_sysbios_config.o (.text.ti_sysbios_family_arm_m3_Hwi_initNVIC)
                  0000389c    0000007c     ti_sysbios_config.o (.text.ti_sysbios_family_arm_m3_Hwi_postInit)
                  00003918    00000078     driverlib.lib : osc.o (.text.NOROM_OSCHF_SwitchToRcOscTurnOffXosc)
                  00003990    00000078                   : osc.o (.text.NOROM_OSC_CapArrayAdjustWorkaround_Boot)
                  00003a08    00000078     drivers_cc26x2.a : SPICC26X2DMA.c.obj (.text.SPICC26X2DMA_close)
                  00003a80    00000078     ti_sysbios_config.o (.text.ti_sysbios_knl_Task_postInit)
                  00003af8    00000074     drivers_cc26x2.a : PowerCC26X2_calibrateRCOSC_helpers.c.obj (.text.PowerCC26X2_updateSubSecInc)
                  00003b6c    00000074                      : TemperatureCC26X2.c.obj (.text.Temperature_init)
                  00003be0    00000074     ti_sysbios_config.o (.text.ti_sysbios_knl_Swi_restoreHwi)
                  00003c54    00000070     html.o (.text.Html_CopyHtmlToMtuBuffer)
                  00003cc4    00000070     ti_sysbios_config.o (.text.ti_sysbios_family_arm_m3_Hwi_Instance_init)
                  00003d34    00000070     ti_sysbios_config.o (.text.ti_sysbios_knl_Task_startup)
                  00003da4    0000006c     Ethernet.o (.text.Ethernet_begin_mac)
                  00003e10    0000006c     ti_sysbios_config.o (.text.ti_sysbios_family_arm_m3_Hwi_dispatchC)
                  00003e7c    0000006c     ti_sysbios_config.o (.text.ti_sysbios_hal_Seconds_getTime)
                  00003ee8    0000006a     drivers_cc26x2.a : I2CCC26XX.c.obj (.text.I2CSupport_primeTransfer)
                  00003f52    0000006a     libc.a : copy_decompress_lzss.c.obj (.text:decompress:lzss)
                  00003fbc    00000068     ti_sysbios_config.o (.text.ti_sysbios_knl_Swi_run)
                  00004024    00000064     drivers_cc26x2.a : PowerCC26X2_calibrateRCOSC.c.obj (.text.PowerCC26X2_initiateCalibration)
                  00004088    00000064                      : UDMACC26XX.c.obj (.text.UDMACC26XX_open)
                  000040ec    00000064                      : PowerCC26X2.c.obj (.text.oscillatorISR)
                  00004150    00000064     ti_sysbios_config.o (.text.ti_sysbios_knl_Idle_init)
                  000041b4    00000064     ti_sysbios_config.o (.text.ti_sysbios_knl_TaskSupport_buildTaskStack)
                  00004218    00000060     ssd1306.o (.text.SSD1306_DrawChar)
                  00004278    00000060     drivers_cc26x2.a : SPICC26X2DMA.c.obj (.text.csnCallback)
                  000042d8    00000060     ti_sysbios_config.o (.text.ti_sysbios_heaps_HeapMem_allocUnprotected)
                  00004338    00000060     ti_sysbios_config.o (.text.ti_sysbios_knl_Clock_walkQueueDynamic)
                  00004398    00000060     ti_sysbios_config.o (.text.ti_sysbios_knl_Semaphore_post)
                  000043f8    00000060     ti_sysbios_config.o (.text.ti_sysbios_knl_Swi_schedule)
                  00004458    0000005c     libclang_rt.builtins.a : divmoddi4.c.obj (.text.__divmoddi4)
                  000044b4    00000058     socket.o (.text.recv)
                  0000450c    00000058     sysbios.a : Hwi_asm_switch_gnu.obj (.text.ti_sysbios_family_arm_m3_Hwi_initStacks)
                  00004564    00000054     libsysbm.a : hostwrite.c.obj (.text.HOSTwrite)
                  000045b8    00000054     drivers_cc26x2.a : I2CCC26XX.c.obj (.text.I2CCC26XX_initHw)
                  0000460c    00000054     ssd1306.o (.text.SSD1306_Init)
                  00004660    00000054     ti_sysbios_config.o (.text.ti_sysbios_runtime_Startup_exec)
                  000046b4    00000052     driverlib.lib : chipinfo.o (.text.NOROM_ChipInfo_GetHwRevision)
                  00004706    00000002     drivers_cc26x2.a : PowerCC26X2.c.obj (.text.emptyClockFunc)
                  00004708    00000050     ti_drivers_config.o (.text.Board_shutDownExtFlash)
                  00004758    00000050     rf_multiMode_cc26x2.a : RFCC26X2_multiMode.c.cc26x2.ticlang.o (.text.RF_enableHPOSCTemperatureCompensation)
                  000047a8    00000050     ti_sysbios_config.o (.text.ti_sysbios_knl_Swi_post)
                  000047f8    00000050     ti_sysbios_config.o (.text.ti_sysbios_knl_Swi_runLoop)
                  00004848    0000004e     ti_drivers_config.o (.text.Board_sendExtFlashByte)
                  00004896    0000004e     ti_sysbios_config.o (.text.ti_sysbios_heaps_HeapMem_freeUnprotected)
                  000048e4    0000004c     ti_sysbios_config.o (.text.BIOS_startFunc)
                  00004930    0000004c     driverlib.lib : osc.o (.text.NOROM_OSC_HPOSCRelativeFrequencyOffsetGet)
                  0000497c    0000004c     SPIfg.o (.text.SPI_begin)
                  000049c8    0000004c     drivers_cc26x2.a : SPICC26X2DMA.c.obj (.text.initHw)
                  00004a14    0000004c     socket.o (.text.socket)
                  00004a60    0000004c     drivers_cc26x2.a : PowerCC26X2.c.obj (.text.switchXOSCHF)
                  00004aac    0000004c     ti_sysbios_config.o (.text.ti_sysbios_knl_Swi_Instance_init)
                  00004af8    00000048     ti_sysbios_config.o (.text.BIOS_init)
                  00004b40    00000048     EthernetUdp.o (.text.EthernetUDP_begin)
                  00004b88    00000048     driverlib.lib : aux_sysif.o (.text.NOROM_AUXSYSIFOpModeChange)
                  00004bd0    00000048     drivers_cc26x2.a : TemperatureCC26X2.c.obj (.text.Temperature_registerNotifyRange)
                  00004c18    00000048     ArduinoCompatibility.o (.text.millis)
                  00004c60    00000048     ti_sysbios_config.o (.text.ti_sysbios_family_arm_cc26xx_Timer_start)
                  00004ca8    00000048     ti_sysbios_config.o (.text.ti_sysbios_heaps_HeapMem_Instance_init)
                  00004cf0    00000048     ti_sysbios_config.o (.text.ti_sysbios_heaps_HeapMem_alloc)
                  00004d38    00000048     ti_sysbios_config.o (.text.ti_sysbios_knl_Task_schedule)
                  00004d80    00000044     ti_sysbios_config.o (.text.BIOS_atExitFunc)
                  00004dc4    00000044     Dhcp.o (.text.DHCP_beginWithDHCP)
                  00004e08    00000044     drivers_cc26x2.a : GPIOCC26X2.c.obj (.text.GPIO_hwiIntFxn)
                  00004e4c    00000044     driverlib.lib : prcm.o (.text.NOROM_PRCMPowerDomainsAllOff)
                  00004e90    00000044                   : prcm.o (.text.NOROM_PRCMPowerDomainsAllOn)
                  00004ed4    00000044     rf_multiMode_cc26x2.a : RFCC26X2_multiMode.c.cc26x2.ticlang.o (.text.RF_cmdGet)
                  00004f18    00000044     drivers_cc26x2.a : SPI.c.obj (.text.SPI_init)
                  00004f5c    00000044                      : TemperatureCC26X2.c.obj (.text.degreesToCode)
                  00004fa0    00000044                      : TemperatureCC26X2.c.obj (.text.setNextThresholds)
                  00004fe4    00000044     ti_sysbios_config.o (.text.ti_sysbios_family_arm_m3_Hwi_Instance_finalize)
                  00005028    00000044     ti_sysbios_config.o (.text.ti_sysbios_family_arm_m3_Hwi_construct2)
                  0000506c    00000044     ti_sysbios_config.o (.text.ti_sysbios_family_arm_m3_Hwi_disableInterrupt)
                  000050b0    00000044     ti_sysbios_config.o (.text.ti_sysbios_family_arm_m3_Hwi_enableInterrupt)
                  000050f4    00000044     ti_sysbios_config.o (.text.ti_sysbios_knl_Swi_restore)
                  00005138    00000044     libclang_rt.builtins.a : fixunsdfsi.S.obj (.text)
                  0000517c    00000040     EthernetUdp.o (.text.EthernetUDP_parsePacket)
                  000051bc    00000040     drivers_cc26x2.a : PowerCC26X2_calibrateRCOSC.c.obj (.text.PowerCC26X2_RCOSC_clockFunc)
                  000051fc    00000040                      : PowerCC26X2_calibrateRCOSC_helpers.c.obj (.text.PowerCC26X2_setAclkRefSrc)
                  0000523c    00000040     rf_multiMode_cc26x2.a : RFCC26X2_multiMode.c.cc26x2.ticlang.o (.text.RF_updateHpOscOverride)
                  0000527c    00000040     drivers_cc26x2.a : SPI.c.obj (.text.SPI_open)
                  000052bc    00000040     SPIfg.o (.text.SPI_transf)
                  000052fc    00000040     ssd1306.o (.text.SSD1306_DrawPixel)
                  0000533c    00000040     w5500.o (.text.W5500_read_buf)
                  0000537c    00000040     ti_sysbios_config.o (.text.ti_sysbios_heaps_HeapMem_getStats)
                  000053bc    00000040     ti_sysbios_config.o (.text.ti_sysbios_knl_Clock_getTicksUntilInterrupt)
                  000053fc    00000040     ti_sysbios_config.o (.text.ti_sysbios_knl_Task_exit)
                  0000543c    0000003c     drivers_cc26x2.a : GPIO.c.obj (.text.GPIO_resetConfig)
                  00005478    0000003c     gui.o (.text.GUI_ChangeDeviceIp)
                  000054b4    0000003c     gui.o (.text.GUI_ChangeTargetIp)
                  000054f0    0000003c     ti_sysbios_config.o (.text.HwiP_construct)
                  0000552c    0000003c     driverlib.lib : sys_ctrl.o (.text.NOROM_SysCtrlIdle)
                  00005568    0000003c     drivers_cc26x2.a : PowerCC26X2_calibrateRCOSC_helpers.c.obj (.text.PowerCC26X2_setTdcClkSrc24M)
                  000055a4    0000003c     w5500.o (.text.W5500_write_buf)
                  000055e0    0000003c     main.o (.text.main)
                  0000561c    0000003c     ti_sysbios_config.o (.text.ti_sysbios_family_arm_cc26xx_Timer_periodicStub)
                  00005658    0000003c     ti_sysbios_config.o (.text.ti_sysbios_family_arm_cc26xx_Timer_setThreshold)
                  00005694    0000003c     ti_sysbios_config.o (.text.ti_sysbios_heaps_HeapMem_construct)
                  000056d0    0000003c     ti_sysbios_config.o (.text.ti_sysbios_knl_ClockSupport_init)
                  0000570c    0000003c     ti_sysbios_config.o (.text.ti_sysbios_knl_Task_blockI)
                  00005748    0000003c     ti_sysbios_config.o (.text.ti_sysbios_knl_Task_create)
                  00005784    0000003c     ti_sysbios_config.o (.text.ti_sysbios_knl_Task_restore)
                  000057c0    0000003c     ti_sysbios_config.o (.text.ti_sysbios_runtime_Memory_alloc)
                  000057fc    0000003c     ti_sysbios_config.o (.text.ti_sysbios_runtime_SystemSupport_flush)
                  00005838    0000003c     drivers_cc26x2.a : TemperatureCC26X2.c.obj (.text.updateThresholds)
                  00005874    0000003a     w5500.o (.text.W5500_getRXReceivedSize)
                  000058ae    00000002     ti_sysbios_config.o (.text.ti_sysbios_runtime_System_exitSpin)
                  000058b0    00000038     drivers_cc26x2.a : PowerCC26X2_helpers.c.obj (.text.PowerCC26X2_oscDisableQualifiers)
                  000058e8    00000038                      : UDMACC26XX.c.obj (.text.UDMACC26XX_close)
                  00005920    00000038     ti_sysbios_config.o (.text.getTime)
                  00005958    00000038     ti_sysbios_config.o (.text.ti_sysbios_knl_Task_processVitalTaskFlag)
                  00005990    00000038     libc.a : autoinit.c.obj (.text:__TI_auto_init_nobinit_nopinit)
                  000059c8    00000036     w5500.o (.text.W5500_recv_data_processing)
                  000059fe    00000002     --HOLE-- [fill = 0]
                  00005a00    00000034     Ethernet.o (.text.Ethernet_begin_mac_ip_dns_gateway_subnet)
                  00005a34    00000034     drivers_cc26x2.a : PowerCC26X2.c.obj (.text.Power_releaseConstraint)
                  00005a68    00000034     rf_multiMode_cc26x2.a : RFCC26X2_multiMode.c.cc26x2.ticlang.o (.text.RF_runDirectImmediateCmd)
                  00005a9c    00000034     ti_sysbios_config.o (.text.SwiP_construct)
                  00005ad0    00000034     libsysbm.a : trgmsg.c.obj (.text.__TI_writemsg)
                  00005b04    00000034     ti_sysbios_config.o (.text._pthread_cleanupFxn)
                  00005b38    00000034     ti_sysbios_config.o (.text.ti_sysbios_family_arm_m3_Hwi_getStackInfo)
                  00005b6c    00000034     ti_sysbios_config.o (.text.ti_sysbios_family_arm_m3_Hwi_init)
                  00005ba0    00000034     ti_sysbios_config.o (.text.ti_sysbios_knl_Clock_Instance_init)
                  00005bd4    00000034     ti_sysbios_config.o (.text.ti_sysbios_knl_Task_unblockI)
                  00005c08    00000034     ti_sysbios_config.o (.text.ti_sysbios_runtime_Error_raiseX)
                  00005c3c    00000034     ti_sysbios_config.o (.text.ti_sysbios_runtime_System_processAtExit)
                  00005c70    00000034     sysbios.a : boot_cortex_m.obj (.text:_c_int00)
                  00005ca4    00000032     ti_sysbios_config.o (.text.ti_sysbios_knl_Semaphore_pendTimeout)
                  00005cd6    00000002     --HOLE-- [fill = 0]
                  00005cd8    00000030     ti_drivers_config.o (.text.Board_wakeUpExtFlash)
                  00005d08    00000030     ti_sysbios_config.o (.text.ClockP_construct)
                  00005d38    00000030     drivers_cc26x2.a : GPIOCC26XX.c.obj (.text.GPIO_setInterruptConfig)
                  00005d68    00000030     html.o (.text.Html_SetKeyValueInBuffer)
                  00005d98    00000030     drivers_cc26x2.a : PowerCC26X2.c.obj (.text.Power_setConstraint)
                  00005dc8    00000030     ssd1306.o (.text.SSD1306_UpdatePosition)
                  00005df8    00000030     libsysbm.a : trgmsg.c.obj (.text.__TI_readmsg)
                  00005e28    00000030     drivers_cc26x2.a : PowerCC26X2.c.obj (.text.notify)
                  00005e58    00000030     ti_sysbios_config.o (.text.ti_sysbios_family_arm_m3_Hwi_excHandlerMin)
                  00005e88    00000030     ti_sysbios_config.o (.text.ti_sysbios_heaps_HeapMem_free)
                  00005eb8    00000030     ti_sysbios_config.o (.text.ti_sysbios_knl_TaskSupport_start)
                  00005ee8    00000030     ti_sysbios_config.o (.text.ti_sysbios_runtime_System_atexit)
                  00005f18    0000002e     driverlib.lib : chipinfo.o (.text.NOROM_ThisLibraryIsFor_CC13x2_CC26x2_HwRev20AndLater_HaltIfViolated)
                  00005f46    0000002e     w5500.o (.text.W5500_send_data_processing_offset)
                  00005f74    0000002e     socket.o (.text.startUDP)
                  00005fa2    00000002     --HOLE-- [fill = 0]
                  00005fa4    0000002c     ti_sysbios_config.o (.text.PowerCC26XX_schedulerDisable)
                  00005fd0    0000002c     rf_multiMode_cc26x2.a : RFCC26X2_multiMode.c.cc26x2.ticlang.o (.text.RF_executeDirectImmediateCmd)
                  00005ffc    0000002c     drivers_cc26x2.a : TemperatureCC26X2.c.obj (.text.Temperature_unregisterNotify)
                  00006028    0000002c     w5500.o (.text.W5500_init)
                  00006054    0000002c     w5500.o (.text.W5500_read)
                  00006080    0000002c     w5500.o (.text.W5500_write)
                  000060ac    0000002c     ti_sysbios_config.o (.text._pthread_delete)
                  000060d8    0000002c     SPIfg.o (.text.initSS)
                  00006104    0000002c     ti_sysbios_config.o (.text.ti_sysbios_gates_GateMutex_enter)
                  00006130    0000002c     ti_sysbios_config.o (.text.ti_sysbios_knl_Clock_getTicks)
                  0000615c    0000002c     ti_sysbios_config.o (.text.ti_sysbios_knl_Task_restoreHwi)
                  00006188    0000002c     ti_sysbios_config.o (.text.usleep)
                  000061b4    0000002a     EthernetUdp.o (.text.EthernetUDP_read)
                  000061de    0000002a     EthernetUdp.o (.text.EthernetUDP_read_buf)
                  00006208    0000002a     driverlib.lib : osc.o (.text.NOROM_OSCHF_TurnOnXosc)
                  00006232    0000002a     drivers_cc26x2.a : SPICC26X2DMA.c.obj (.text.SPICC26X2DMA_swiFxn)
                  0000625c    0000002a     socket.o (.text.bufferData)
                  00006286    0000002a     ti_sysbios_config.o (.text.ti_sysbios_family_arm_cc26xx_Timer_setNextTick)
                  000062b0    0000002a     ti_sysbios_config.o (.text.ti_sysbios_knl_Task_allBlockedFunction)
                  000062da    00000002     --HOLE-- [fill = 0]
                  000062dc    00000028     ti_sysbios_config.o (.text.BIOS_registerRTSLock)
                  00006304    00000028     drivers_cc26x2.a : I2C.c.obj (.text.I2C_cancel)
                  0000632c    00000028                      : List.c.obj (.text.List_remove)
                  00006354    00000028     rf_multiMode_cc26x2.a : RFCC26X2_multiMode.c.cc26x2.ticlang.o (.text.RF_cmdStoreEvents)
                  0000637c    00000028     sysbios.a : Hwi_asm_gnu.obj (.text.ti_sysbios_family_arm_m3_Hwi_excHandlerAsm)
                  000063a4    00000028     ti_sysbios_config.o (.text.ti_sysbios_gates_GateMutex_Instance_init)
                  000063cc    00000028     ti_sysbios_config.o (.text.ti_sysbios_knl_Semaphore_Instance_init)
                  000063f4    00000028     ti_sysbios_config.o (.text.ti_sysbios_knl_Swi_init)
                  0000641c    00000028     sysbios.a : TaskSupport_asm_gnu.obj (.text.ti_sysbios_knl_TaskSupport_swap)
                  00006444    00000028     ti_sysbios_config.o (.text.ti_sysbios_knl_Task_construct)
                  0000646c    00000028     ti_sysbios_config.o (.text.ti_sysbios_knl_Task_init)
                  00006494    00000026     drivers_cc26x2.a : SPICC26X2DMA.c.obj (.text.flushFifos)
                  000064ba    00000002     --HOLE-- [fill = 0]
                  000064bc    00000024     ti_sysbios_config.o (.text.BIOS_removeRTSLock)
                  000064e0    00000024     ti_drivers_config.o (.text.Board_init)
                  00006504    00000024     EthernetUdp.o (.text.EthernetUDP_stop)
                  00006528    00000024     drivers_cc26x2.a : List.c.obj (.text.List_put)
                  0000654c    00000024                      : PowerCC26X2_helpers.c.obj (.text.PowerCC26X2_setSubSecIncToXoscLf)
                  00006570    00000024                      : PowerCC26X2_calibrateRCOSC_helpers.c.obj (.text.PowerCC26X2_writeCtrim)
                  00006594    00000024                      : PowerCC26X2_calibrateRCOSC_helpers.c.obj (.text.PowerCC26X2_writeCtrimFract)
                  000065b8    00000024                      : PowerCC26X2_calibrateRCOSC_helpers.c.obj (.text.PowerCC26X2_writeCtrimFractEn)
                  000065dc    00000024                      : PowerCC26X2_calibrateRCOSC_helpers.c.obj (.text.PowerCC26X2_writeRtrim)
                  00006600    00000024                      : PowerCC26X2.c.obj (.text.Power_registerNotify)
                  00006624    00000024                      : SPICC26X2DMA.c.obj (.text.releaseConstraint)
                  00006648    00000024     ssd1306.o (.text.sendData)
                  0000666c    00000024     socket.o (.text.sendUDP)
                  00006690    00000024     ti_sysbios_config.o (.text.ti_sysbios_family_arm_m3_Hwi_construct)
                  000066b4    00000024     ti_sysbios_config.o (.text.ti_sysbios_knl_Semaphore_destruct)
                  000066d8    00000024     ti_sysbios_config.o (.text.ti_sysbios_knl_Task_enter)
                  000066fc    00000022     ssd1306.o (.text.SSD1306_DrawString)
                  0000671e    00000022     w5500.o (.text.W5500_getTXFreeSize)
                  00006740    00000022     ti_sysbios_config.o (.text.ti_sysbios_runtime_SysMin_output)
                  00006762    00000020     Dhcp.o (.text.DHCP_printByte)
                  00006782    00000002     --HOLE-- [fill = 0]
                  00006784    00000020     ti_sysbios_config.o (.text.HwiP_clearInterrupt)
                  000067a4    00000020     rf_multiMode_cc26x2.a : rfc.c.cc26x2.ticlang.o (.text.NOROM_RFCDoorbellSendTo)
                  000067c4    00000020                           : rfc.c.cc26x2.ticlang.o (.text.NOROM_RFCOverrideSearch)
                  000067e4    00000020     drivers_cc26x2.a : PowerCC26X2_helpers.c.obj (.text.PowerCC26X2_disableTCXOQual)
                  00006804    00000020                      : PowerCC26X2_helpers.c.obj (.text.PowerCC26X2_enableTCXOQual)
                  00006824    00000020     ti_sysbios_config.o (.text.PowerCC26XX_schedulerRestore)
                  00006844    00000020     drivers_cc26x2.a : PowerCC26X2.c.obj (.text.Power_unregisterNotify)
                  00006864    00000020     rf_multiMode_cc26x2.a : RFCC26X2_multiMode.c.cc26x2.ticlang.o (.text.RF_invokeGlobalCallback)
                  00006884    00000020     ssd1306.o (.text.SSD1306_SendCommand)
                  000068a4    00000020     ti_sysbios_config.o (.text.SemaphoreP_constructBinary)
                  000068c4    00000020     ti_sysbios_config.o (.text.ti_sysbios_family_arm_m3_Hwi_initStack)
                  000068e4    00000020     ti_sysbios_config.o (.text.ti_sysbios_knl_Task_delete)
                  00006904    00000020     ti_sysbios_config.o (.text.ti_sysbios_knl_Task_destruct)
                  00006924    00000020     libclang_rt.builtins.a : floatunsidf.S.obj (.text)
                  00006944    0000001e     sysbios.a : Hwi_asm_switch_gnu.obj (.text.ti_sysbios_family_arm_m3_Hwi_switchAndRunFunc)
                  00006962    00000002     --HOLE-- [fill = 0]
                  00006964    0000001c     ti_sysbios_config.o (.text.BIOS_rtsLock)
                  00006980    0000001c     drivers_cc26x2.a : GPIO.c.obj (.text.GPIO_setCallback)
                  0000699c    0000001c                      : GPIOCC26XX.c.obj (.text.GPIO_setMux)
                  000069b8    0000001c     html.o (.text.Html_strcpy)
                  000069d4    0000001c     drivers_cc26x2.a : PowerCC26X2.c.obj (.text.Power_getTransitionLatency)
                  000069f0    0000001c     ssd1306.o (.text.SSD1306_UpdateScreen)
                  00006a0c    0000001c     w5500.o (.text.W5500_writeSnDPORT)
                  00006a28    0000001c     w5500.o (.text.W5500_writeSnPORT)
                  00006a44    0000001c     w5500.o (.text.W5500_writeSnRX_RD)
                  00006a60    0000001c     w5500.o (.text.W5500_writeSnTX_WR)
                  00006a7c    0000001c     drivers_cc26x2.a : TemperatureCC26X2.c.obj (.text.setTempLowerLimit)
                  00006a98    0000001c                      : TemperatureCC26X2.c.obj (.text.setTempUpperLimit)
                  00006ab4    0000001c     ti_sysbios_config.o (.text.ti_sysbios_knl_Idle_run)
                  00006ad0    0000001c     ti_sysbios_config.o (.text.ti_sysbios_knl_Queue_put)
                  00006aec    0000001c     ti_sysbios_config.o (.text.ti_sysbios_knl_Swi_construct)
                  00006b08    0000001c     ti_sysbios_config.o (.text.ti_sysbios_knl_Swi_destruct)
                  00006b24    0000001a     EthernetUdp.o (.text.EthernetUDP_write)
                  00006b3e    0000001a     drivers_cc26x2.a : I2CCC26XX.c.obj (.text.I2CCC26XX_completeTransfer)
                  00006b58    0000001a     w5500.o (.text.W5500_readSnRX_RD)
                  00006b72    0000001a     w5500.o (.text.W5500_readSnRX_RSR)
                  00006b8c    0000001a     w5500.o (.text.W5500_readSnTX_FSR)
                  00006ba6    0000001a     w5500.o (.text.W5500_readSnTX_WR)
                  00006bc0    0000001a     ti_sysbios_config.o (.text.ti_sysbios_knl_Task_sleepTimeout)
                  00006bda    00000002     --HOLE-- [fill = 0]
                  00006bdc    00000018     ti_sysbios_config.o (.text.BIOS_exitFunc)
                  00006bf4    00000018     ti_sysbios_config.o (.text.BIOS_rtsUnlock)
                  00006c0c    00000018     drivers_cc26x2.a : GPIOCC26XX.c.obj (.text.GPIO_disableInt)
                  00006c24    00000018                      : PowerCC26X2.c.obj (.text.PowerCC26XX_calibrate)
                  00006c3c    00000018                      : PowerCC26X2.c.obj (.text.Power_idleFunc)
                  00006c54    00000018     ti_sysbios_config.o (.text.ti_sysbios_knl_Clock_scheduleNextTick)
                  00006c6c    00000018     ti_sysbios_config.o (.text.ti_sysbios_knl_Swi_construct2)
                  00006c84    00000018     ti_sysbios_config.o (.text.ti_sysbios_knl_Swi_or)
                  00006c9c    00000018     sysbios.a : TaskSupport_asm_gnu.obj (.text.ti_sysbios_knl_TaskSupport_glue)
                  00006cb4    00000018     ti_sysbios_config.o (.text.ti_sysbios_knl_Task_unblock)
                  00006ccc    00000016     w5500.o (.text.W5500_read_data)
                  00006ce2    00000016     socket.o (.text.close)
                  00006cf8    00000016     ti_sysbios_config.o (.text.ti_sysbios_knl_Clock_start)
                  00006d0e    00000002     --HOLE-- [fill = 0]
                  00006d10    00000014     drivers_cc26x2.a : GPIOCC26XX.c.obj (.text.GPIO_read)
                  00006d24    00000014                      : GPIO.c.obj (.text.GPIO_setUserArg)
                  00006d38    00000014                      : I2CCC26XX.c.obj (.text.I2CCC26XX_postNotify)
                  00006d4c    00000014                      : SPICC26X2DMA.c.obj (.text.OUTLINED_FUNCTION_0)
                  00006d60    00000014                      : TemperatureCC26X2.c.obj (.text.Temperature_getTemperature)
                  00006d74    00000014     w5500.o (.text.W5500_execCmdSn)
                  00006d88    00000014     w5500.o (.text.W5500_writeSn)
                  00006d9c    00000014     w5500.o (.text.W5500_writeSn_buf)
                  00006db0    00000014     libc.a : args_main.c.obj (.text._args_main)
                  00006dc4    00000014     ti_sysbios_config.o (.text.ti_sysbios_family_arm_m3_Hwi_switchFromBootStack)
                  00006dd8    00000014     libclang_rt.builtins.a : aeabi_ldivmod.S.obj (.text)
                  00006dec    00000014                            : aeabi_memset.S.obj (.text)
                  00006e00    00000014                            : aeabi_uldivmod.S.obj (.text)
                  00006e14    00000012     EthernetUdp.o (.text.EthernetUDP_beginPacket_ip)
                  00006e26    00000012     EthernetUdp.o (.text.EthernetUDP_flush)
                  00006e38    00000012     Ethernet.o (.text.Ethernet_begin_mac_ip_dns)
                  00006e4a    00000012     drivers_cc26x2.a : I2C.c.obj (.text.I2C_transfer)
                  00006e5c    00000012     IPAddress.o (.text.IPAddress_Init_str)
                  00006e6e    00000012     libc.a : memcpy_t2.S.obj (.text:TI_memcpy_small)
                  00006e80    00000010     ti_sysbios_config.o (.text.ClockP_getCpuFreq)
                  00006e90    00000010     Dhcp.o (.text.DHCP_getDnsServerIp)
                  00006ea0    00000010     Dhcp.o (.text.DHCP_getGatewayIp)
                  00006eb0    00000010     Dhcp.o (.text.DHCP_getLocalIp)
                  00006ec0    00000010     Dhcp.o (.text.DHCP_getSubnetMask)
                  00006ed0    00000010     drivers_cc26x2.a : GPIO.c.obj (.text.GPIO_getUserArg)
                  00006ee0    00000010                      : GPIOCC26XX.c.obj (.text.GPIO_write)
                  00006ef0    00000010     ti_sysbios_config.o (.text.HwiP_Params_init)
                  00006f00    00000010     drivers_cc26x2.a : PowerCC26X2_helpers.c.obj (.text.PowerCC26X2_oscCtlClearXtal)
                  00006f10    00000010                      : PowerCC26X2_helpers.c.obj (.text.PowerCC26X2_prcmEnableCacheRetention)
                  00006f20    00000010                      : PowerCC26X2_calibrateRCOSC_helpers.c.obj (.text.PowerCC26X2_readCtrim)
                  00006f30    00000010                      : PowerCC26X2_calibrateRCOSC_helpers.c.obj (.text.PowerCC26X2_readCtrimFract)
                  00006f40    00000010                      : PowerCC26X2_calibrateRCOSC_helpers.c.obj (.text.PowerCC26X2_readRtrim)
                  00006f50    00000010                      : PowerCC26X2_helpers.c.obj (.text.PowerCC26X2_switchToTCXO)
                  00006f60    00000010                      : PowerCC26X2.c.obj (.text.Power_getDependencyCount)
                  00006f70    00000010     ssd1306.o (.text.SSD1306_SetPosition)
                  00006f80    00000010     ti_sysbios_config.o (.text.SwiP_Params_init)
                  00006f90    00000010     ti_sysbios_config.o (.text.ti_sysbios_family_arm_cc26xx_Timer_dynamicStub)
                  00006fa0    00000010     ti_sysbios_config.o (.text.ti_sysbios_family_arm_m3_Hwi_excHandler)
                  00006fb0    00000010     libc.a : copy_zero_init.c.obj (.text:decompress:ZI)
                  00006fc0    0000000e     Ethernet.o (.text.Ethernet_begin_mac_ip_dns_gateway)
                  00006fce    0000000e     drivers_cc26x2.a : PowerCC26X2.c.obj (.text.OUTLINED_FUNCTION_0)
                  00006fdc    0000000e     w5500.o (.text.W5500_readSn)
                  00006fea    0000000e     drivers_cc26x2.a : PowerCC26X2.c.obj (.text.switchToTCXO)
                  00006ff8    0000000e     ti_sysbios_config.o (.text.ti_sysbios_gates_GateMutex_leave)
                  00007006    0000000e     libc.a : memset_t2.S.obj (.text:TI_memset_small)
                  00007014    0000000e            : copy_decompress_none.c.obj (.text:decompress:none)
                  00007022    00000002     --HOLE-- [fill = 0]
                  00007024    0000000c     ti_sysbios_config.o (.text.BIOS_linkedWithIncorrectBootLibrary)
                  00007030    0000000c     ti_sysbios_config.o (.text.BIOS_start)
                  0000703c    0000000c     Ethernet.o (.text.Ethernet_begin_mac_ip)
                  00007048    0000000c     Ethernet.o (.text.Ethernet_localIP)
                  00007054    0000000c     ti_sysbios_config.o (.text.HwiP_disable)
                  00007060    0000000c     drivers_cc26x2.a : I2C.c.obj (.text.I2C_Params_init)
                  0000706c    0000000c     driverlib.lib : cpu.o (.text.NOROM_CPUcpsid)
                  00007078    0000000c                   : cpu.o (.text.NOROM_CPUcpsie)
                  00007084    0000000c     drivers_cc26x2.a : I2CCC26XX.c.obj (.text.OUTLINED_FUNCTION_0)
                  00007090    0000000c     Dhcp.o (.text.OUTLINED_FUNCTION_2)
                  0000709c    0000000c     drivers_cc26x2.a : PowerCC26X2_helpers.c.obj (.text.PowerCC26X2_oscClockSourceGet)
                  000070a8    0000000c                      : PowerCC26X2_helpers.c.obj (.text.PowerCC26X2_setPeriphDeepSleepEnable)
                  000070b4    0000000c                      : PowerCC26X2_helpers.c.obj (.text.PowerCC26X2_sysCtrlGetResetSource)
                  000070c0    0000000c                      : PowerCC26X2_helpers.c.obj (.text.PowerCC26X2_sysCtrlVoltageConditionalControl)
                  000070cc    0000000c                      : PowerCC26X2.c.obj (.text.Power_getConstraintMask)
                  000070d8    0000000c                      : SPI.c.obj (.text.SPI_Params_init)
                  000070e4    0000000c     w5500.o (.text.W5500_readSIPR)
                  000070f0    0000000c     w5500.o (.text.W5500_writeGAR)
                  000070fc    0000000c     w5500.o (.text.W5500_writeSHAR)
                  00007108    0000000c     w5500.o (.text.W5500_writeSIPR)
                  00007114    0000000c     w5500.o (.text.W5500_writeSUBR)
                  00007120    0000000c     libc.a : _lock.c.obj (.text._register_lock)
                  0000712c    0000000c            : _lock.c.obj (.text._register_unlock)
                  00007138    0000000c     drivers_cc26x2.a : SPICC26X2DMA.c.obj (.text.spiPostNotify)
                  00007144    0000000c     ti_sysbios_config.o (.text.ti_sysbios_heaps_HeapMem_init)
                  00007150    0000000c     ti_sysbios_config.o (.text.ti_sysbios_knl_ClockSupport_setNextTick)
                  0000715c    0000000c     ti_sysbios_config.o (.text.ti_sysbios_knl_Clock_tick)
                  00007168    0000000c     ti_sysbios_config.o (.text.ti_sysbios_knl_Task_Params_init)
                  00007174    0000000a     ti_sysbios_config.o (.text.ClockP_Params_init)
                  0000717e    0000000a     drivers_cc26x2.a : I2CCC26XX.c.obj (.text.I2CMasterControl)
                  00007188    0000000a                      : SPICC26X2DMA.c.obj (.text.OUTLINED_FUNCTION_2)
                  00007192    0000000a     rf_multiMode_cc26x2.a : RFCC26X2_multiMode.c.cc26x2.ticlang.o (.text.OUTLINED_FUNCTION_5)
                  0000719c    0000000a     drivers_cc26x2.a : PowerCC26X2_helpers.c.obj (.text.PowerCC26X2_sysCtrlStandby)
                  000071a6    0000000a                      : SPICC26X2DMA.c.obj (.text.SPICC26X2DMA_init)
                  000071b0    0000000a     ti_sysbios_config.o (.text.SemaphoreP_pend)
                  000071ba    0000000a     drivers_cc26x2.a : UDMACC26XX.c.obj (.text.UDMACC26XX_hwiIntFxn)
                  000071c4    0000000a     w5500.o (.text.W5500_writeSnDIPR)
                  000071ce    0000000a     ArduinoCompatibility.o (.text.delay)
                  000071d8    00000008     drivers_cc26x2.a : I2CCC26XX.c.obj (.text.I2CCC26XX_blockingCallback)
                  000071e0    00000008                      : I2CCC26XX.c.obj (.text.I2CSupport_masterFinish)
                  000071e8    00000008     driverlib.lib : cpu.o (.text.NOROM_CPUdelay)
                  000071f0    00000008     Dhcp.o (.text.OUTLINED_FUNCTION_1)
                  000071f8    00000008     drivers_cc26x2.a : SPICC26X2DMA.c.obj (.text.OUTLINED_FUNCTION_1)
                  00007200    00000008                      : PowerCC26X2_helpers.c.obj (.text.PowerCC26X2_oschfTrySwitchToXosc)
                  00007208    00000008     w5500.o (.text.W5500_writeSnCR)
                  00007210    00000008     w5500.o (.text.W5500_writeSnIR)
                  00007218    00000008     w5500.o (.text.W5500_writeSnMR)
                  00007220    00000008     libc.a : aeabi_portable.c.obj (.text.__aeabi_errno_addr)
                  00007228    00000008     drivers_cc26x2.a : SPICC26X2DMA.c.obj (.text.blockingTransferCallback)
                  00007230    00000008     SPIfg.o (.text.resetSS)
                  00007238    00000008     SPIfg.o (.text.setSS)
                  00007240    00000008     ti_sysbios_config.o (.text.ti_sysbios_runtime_System_exit)
                  00007248    00000006     ti_sysbios_config.o (.text.ClockP_stop)
                  0000724e    00000006     EthernetUdp.o (.text.EthernetUDP_begin_init)
                  00007254    00000006     EthernetUdp.o (.text.EthernetUDP_endPacket)
                  0000725a    00000006     ti_sysbios_config.o (.text.HwiP_restore)
                  00007260    00000006     drivers_cc26x2.a : I2CCC26XX.c.obj (.text.I2CSupport_powerRelConstraint)
                  00007266    00000006                      : I2CCC26XX.c.obj (.text.I2CSupport_powerSetConstraint)
                  0000726c    00000006     Dhcp.o (.text.OUTLINED_FUNCTION_0)
                  00007272    00000006     Dhcp.o (.text.OUTLINED_FUNCTION_3)
                  00007278    00000006     drivers_cc26x2.a : SPI.c.obj (.text.SPI_transfer)
                  0000727e    00000006     w5500.o (.text.W5500_readSnCR)
                  00007284    00000006     w5500.o (.text.W5500_readSnIR)
                  0000728a    00000006     w5500.o (.text.W5500_readSnSR)
                  00007290    00000006     ArduinoCompatibility.o (.text.random)
                  00007296    00000006     ti_sysbios_config.o (.text.ti_sysbios_family_arm_m3_Hwi_destruct)
                  0000729c    00000006     ti_sysbios_config.o (.text.ti_sysbios_family_arm_m3_Hwi_doSwiRestore)
                  000072a2    00000006     ti_sysbios_config.o (.text.ti_sysbios_family_arm_m3_Hwi_doTaskRestore)
                  000072a8    00000006     ti_sysbios_config.o (.text.ti_sysbios_knl_Idle_loop)
                  000072ae    00000006     ti_sysbios_config.o (.text.ti_sysbios_knl_Swi_startup)
                  000072b4    00000004     ti_sysbios_config.o (.text.ClockP_getSystemTickPeriod)
                  000072b8    00000004     ti_sysbios_config.o (.text.ClockP_start)
                  000072bc    00000004     EthernetUdp.o (.text.EthernetUDP_available)
                  000072c0    00000004     EthernetUdp.o (.text.EthernetUDP_remotePort)
                  000072c4    00000004     ti_sysbios_config.o (.text.HwiP_destruct)
                  000072c8    00000004     ti_sysbios_config.o (.text.HwiP_disableInterrupt)
                  000072cc    00000004     ti_sysbios_config.o (.text.HwiP_enableInterrupt)
                  000072d0    00000004     drivers_cc26x2.a : PowerCC26X2_helpers.c.obj (.text.PowerCC26X2_oschfSwitchToRcosc)
                  000072d4    00000004                      : PowerCC26X2_helpers.c.obj (.text.PowerCC26X2_sysCtrlIdle)
                  000072d8    00000004                      : PowerCC26X2_helpers.c.obj (.text.PowerCC26X2_turnOnXosc)
                  000072dc    00000004     ti_sysbios_config.o (.text.ResetISR)
                  000072e0    00000004     ti_sysbios_config.o (.text.SemaphoreP_destruct)
                  000072e4    00000004     ti_sysbios_config.o (.text.SemaphoreP_post)
                  000072e8    00000004     ti_sysbios_config.o (.text.SwiP_destruct)
                  000072ec    00000004     ti_sysbios_config.o (.text.SwiP_or)
                  000072f0    00000004     ti_sysbios_config.o (.text.SwiP_post)
                  000072f4    00000004     w5500.o (.text.W5500_getIPAddress)
                  000072f8    00000004     w5500.o (.text.W5500_setGatewayIp)
                  000072fc    00000004     w5500.o (.text.W5500_setIPAddress)
                  00007300    00000004     w5500.o (.text.W5500_setMACAddress)
                  00007304    00000004     w5500.o (.text.W5500_setSubnetMask)
                  00007308    00000004     ti_sysbios_config.o (.text._system_post_cinit)
                  0000730c    00000004     ti_sysbios_config.o (.text._system_pre_init)
                  00007310    00000004     drivers_cc26x2.a : PowerCC26X2.c.obj (.text.configureRFCoreClocks)
                  00007314    00000004                      : PowerCC26X2.c.obj (.text.nopResourceHandler)
                  00007318    00000004     ti_sysbios_config.o (.text.ti_sysbios_heaps_HeapMem_isBlocking)
                  0000731c    00000004     libclang_rt.builtins.a : aeabi_memcpy.S.obj (.text)

.rodata    0    00007320    00000d08     
                  00007320    000005d0     ti_sysbios_config.o (.rodata.str1.1)
                  000078f0    000001e0     ssd1306.o (.rodata.FONTS)
                  00007ad0    0000008d     ti_sysbios_config.o (.rodata.ti_sysbios_heaps_HeapMem_alloc.err)
                  00007b5d    00000089     ti_sysbios_config.o (.rodata.ti_sysbios_family_arm_m3_Hwi_Instance_init.err.1)
                  00007be6    00000089     ti_sysbios_config.o (.rodata.ti_sysbios_runtime_Memory_alloc.err)
                  00007c6f    00000086     ti_sysbios_config.o (.rodata.ti_sysbios_family_arm_m3_Hwi_Instance_init.err)
                  00007cf5    00000001     ti_drivers_config.o (.rodata.GPIO_pinLowerBound)
                  00007cf6    00000001     ti_drivers_config.o (.rodata.GPIO_pinUpperBound)
                  00007cf7    00000001     ti_drivers_config.o (.rodata.I2C_count)
                  00007cf8    00000070     driverlib.lib : osc.o (.rodata..L__const.NOROM_OSC_HPOSC_Debug_InitFreqOffsetParams.hposcParm)
                  00007d68    0000006b     gui.o (.rodata.str1.1)
                  00007dd3    00000001     ti_drivers_config.o (.rodata.SPI_count)
                  00007dd4    00000054     drivers_cc26x2.a : PowerCC26X2.c.obj (.rodata.resourceDB)
                  00007e28    00000040     ti_drivers_config.o (.rodata.spiCC26X2DMAHWAttrs)
                  00007e68    00000024     ti_sysbios_config.o (.rodata.ti_sysbios_knl_Task_Params_default)
                  00007e8c    00000020     drivers_cc26x2.a : SPI.c.obj (.rodata.SPI_defaultParams)
                  00007eac    00000020     ssd1306.o (.rodata.SSD1306_InitSequence)
                  00007ecc    0000001c     ti_sysbios_config.o (.rodata.ti_sysbios_family_arm_cc26xx_Timer_Params_default)
                  00007ee8    00000018     drivers_cc26x2.a : SPICC26X2DMA.c.obj (.rodata.SPICC26X2DMA_fxnTable)
                  00007f00    00000018                      : SPICC26X2DMA.c.obj (.rodata.cst8)
                  00007f18    00000018                      : SPICC26X2DMA.c.obj (.rodata.frameFormat)
                  00007f30    00000018     ti_drivers_config.o (.rodata.i2cCC26xxHWAttrs)
                  00007f48    00000018     ti_sysbios_config.o (.rodata.ti_sysbios_family_arm_m3_Hwi_Params_default)
                  00007f60    00000017     main.o (.rodata.str1.1)
                  00007f77    00000001     ti_drivers_config.o (.rodata.TemperatureCC26X2_config)
                  00007f78    00000014     ti_drivers_config.o (.rodata.PowerCC26X2_config)
                  00007f8c    00000014     ti_sysbios_config.o (.rodata.ti_sysbios_knl_Swi_Params_default)
                  00007fa0    00000010     ti_drivers_config.o (.rodata.GPIO_config)
                  00007fb0    00000010     drivers_cc26x2.a : I2CCC26XX.c.obj (.rodata.cst16)
                  00007fc0    0000000c     ti_drivers_config.o (.rodata.RFCC26XX_hwAttrs)
                  00007fcc    0000000c     ti_drivers_config.o (.rodata.SPI_config)
                  00007fd8    0000000c     ti_sysbios_config.o (.rodata.ti_sysbios_heaps_HeapMem_Params_default)
                  00007fe4    0000000c     ti_sysbios_config.o (.rodata.ti_sysbios_knl_Clock_Params_default)
                  00007ff0    0000000c     ti_sysbios_config.o (.rodata.ti_sysbios_knl_Semaphore_Params_default)
                  00007ffc    00000008     ti_drivers_config.o (.rodata.I2C_config)
                  00008004    00000008     ti_drivers_config.o (.rodata.UDMACC26XX_config)
                  0000800c    00000008     driverlib.lib : aux_sysif.o (.rodata.cst4)
                  00008014    00000008     ti_sysbios_config.o (.rodata.ti_sysbios_knl_Idle_funcList)
                  0000801c    00000008     ti_drivers_config.o (.rodata.udmaCC26XXHWAttrs)
                  00008024    00000004     ti_sysbios_config.o (.rodata.ti_sysbios_family_arm_m3_Hwi_swiTaskKeyAddress)

.bss       0    200000d8    0000164c     UNINITIALIZED
                  200000d8    00000401     ssd1306.o (.bss.SSD1306_LcdBufferInclStreamByte)
                  200004d9    00000400     (.common:ti_sysbios_runtime_SysMin_outbuf)
                  200008d9    00000001     --HOLE--
                  200008da    00000002     socket.o (.bss.local_port)
                  200008dc    00000004     driverlib.lib : osc.o (.bss.oscHfGlobals.0)
                  200008e0    000002c0     rf_multiMode_cc26x2.a : RFCC26X2_multiMode.c.cc26x2.ticlang.o (.bss.RF_cmdPool)
                  20000ba0    00000200     (.common:ti_sysbios_knl_Idle_taskStack)
                  20000da0    000001ba     html.o (.bss.valueBuffer)
                  20000f5a    00000002     (.common:_counter)
                  20000f5c    00000140     (.common:i2cCC26xxObjects)
                  2000109c    00000120     libsysbm.a : trgmsg.c.obj (.bss:_CIOBUF_)
                  200011bc    00000100     (.common:spiCC26X2DMAObjects)
                  200012bc    000000d8     (.common:ti_sysbios_family_arm_m3_Hwi_dispatchTable)
                  20001394    0000007c     (.common:gpioCallbackFunctions)
                  20001410    0000007c     (.common:gpioUserArgs)
                  2000148c    00000004     driverlib.lib : osc.o (.bss.oscHfGlobals.2)
                  20001490    00000060     (.common:ti_sysbios_knl_ClockSupport_timerStruct)
                  200014f0    00000058     (.common:ti_sysbios_knl_Idle_taskStruct)
                  20001548    00000030     (.common:ti_sysbios_knl_Swi_readyQs)
                  20001578    00000030     (.common:ti_sysbios_knl_Task_readyQs)
                  200015a8    0000002c     (.common:BIOS_heapMemObject)
                  200015d4    00000028     (.common:BIOS_rtsGate)
                  200015fc    00000028     (.common:ti_sysbios_heaps_HeapMem_gate)
                  20001624    00000024     (.common:initTaskParams)
                  20001648    00000020     (.common:Ethernet)
                  20001668    00000020     (.common:ti_sysbios_runtime_System_atexitHandlers)
                  20001688    00000020     (.common:udmaCC26XXObject)
                  200016a8    0000001c     drivers_cc26x2.a : TemperatureCC26X2.c.obj (.bss.batmonHwi)
                  200016c4    0000001c                      : GPIOCC26X2.c.obj (.bss.gpioHwi)
                  200016e0    00000014     (.common:ti_sysbios_hal_Seconds_Module_state)
                  200016f4    00000008                      : TemperatureCC26X2.c.obj (.bss.notificationList)
                  200016fc    00000008     (.common:parmbuf)
                  20001704    00000004     driverlib.lib : osc.o (.bss.oscHfGlobals.3)
                  20001708    00000004                   : osc.o (.bss.oscHfGlobals.4)
                  2000170c    00000004     (.common:PowerCC26XX_swiKey)
                  20001710    00000004     (.common:PowerCC26XX_taskKey)
                  20001714    00000004     (.common:initTaskHandle)
                  20001718    00000004     (.common:spi)
                  2000171c    00000004     (.common:ti_sysbios_family_arm_cc26xx_TimestampProvider_Module_state)
                  20001720    00000004     (.common:ti_sysbios_knl_Task_defaultStackHeap)

.data      0    20005a50    000004ff     UNINITIALIZED
                  20005a50    00000174     drivers_cc26x2.a : PowerCC26X2.c.obj (.data.PowerCC26X2_module)
                  20005bc4    0000007c     ti_drivers_config.o (.data.gpioPinConfigs)
                  20005c40    00000078     ti_sysbios_config.o (.data..L_MergedGlobals)
                  20005cb8    00000068     rf_multiMode_cc26x2.a : RFCC26X2_multiMode.c.cc26x2.ticlang.o (.data..L_MergedGlobals.1)
                  20005d20    00000068     ti_sysbios_config.o (.data..L_MergedGlobals.70)
                  20005d88    00000068     ti_sysbios_config.o (.data.ti_sysbios_knl_Clock_Module_state)
                  20005df0    00000064     rf_multiMode_cc26x2.a : RFCC26X2_multiMode.c.cc26x2.ticlang.o (.data..L_MergedGlobals.3)
                  20005e54    00000058                           : RFCC26X2_multiMode.c.cc26x2.ticlang.o (.data..L_MergedGlobals.2)
                  20005eac    0000003c     ti_sysbios_config.o (.data.ti_sysbios_knl_Task_Module_state)
                  20005ee8    00000014     ssd1306.o (.data..L_MergedGlobals)
                  20005efc    00000010     Ethernet.o (.data.Ethernet_server_port)
                  20005f0c    00000010     driverlib.lib : osc.o (.data._hposcCoeffs)
                  20005f1c    00000008     rf_multiMode_cc26x2.a : RFCC26X2_multiMode.c.cc26x2.ticlang.o (.data..L_MergedGlobals)
                  20005f24    00000008     ti_sysbios_config.o (.data.ti_sysbios_gates_GateMutex_Module_state)
                  20005f2c    00000008     ti_sysbios_config.o (.data.ti_sysbios_heaps_HeapMem_Module_state)
                  20005f34    00000008     ti_sysbios_config.o (.data.ti_sysbios_knl_Semaphore_Module_state)
                  20005f3c    00000004     drivers_cc26x2.a : TemperatureCC26X2.c.obj (.data..L_MergedGlobals)
                  20005f40    00000004     libc.a : aeabi_portable.c.obj (.data.__aeabi_errno)
                  20005f44    00000004            : _lock.c.obj (.data._lock)
                  20005f48    00000004            : _lock.c.obj (.data._unlock)
                  20005f4c    00000001     drivers_cc26x2.a : GPIOCC26X2.c.obj (.data.initCalled)
                  20005f4d    00000001                      : SPI.c.obj (.data.isInitialized)
                  20005f4e    00000001                      : TemperatureCC26X2.c.obj (.data.isInitialized)

.stack     0    2000fa00    00000600     UNINITIALIZED
                  2000fa00    00000004     sysbios.a : boot_cortex_m.obj (.stack)
                  2000fa04    000005fc     --HOLE--

.priheap   0    20001a50    00004000     UNINITIALIZED
                  20001a50    00004000     --HOLE--

.log_data 
*          0    90000000    00000000     COPY SECTION

.resetVecs 
*          0    00000000    0000003c     
                  00000000    0000003c     ti_sysbios_config.o (.resetVecs)

.vecs      0    20000000    000000d8     NOLOAD SECTION
                  20000000    000000d8     ti_sysbios_config.o (.vecs)

__llvm_prf_cnts 
*          0    20000000    00000000     UNINITIALIZED

__llvm_prf_bits 
*          0    20000000    00000000     UNINITIALIZED

.TI.bound:dmaSpi0RxControlTableEntry 
*          0    20001830    00000010     UNINITIALIZED
                  20001830    00000010     ti_drivers_config.o (.TI.bound:dmaSpi0RxControlTableEntry)

.TI.bound:dmaSpi0TxControlTableEntry 
*          0    20001840    00000010     UNINITIALIZED
                  20001840    00000010     ti_drivers_config.o (.TI.bound:dmaSpi0TxControlTableEntry)

.TI.bound:dmaSpi0RxAltControlTableEntry 
*          0    20001a30    00000010     UNINITIALIZED
                  20001a30    00000010     ti_drivers_config.o (.TI.bound:dmaSpi0RxAltControlTableEntry)

.TI.bound:dmaSpi0TxAltControlTableEntry 
*          0    20001a40    00000010     UNINITIALIZED
                  20001a40    00000010     ti_drivers_config.o (.TI.bound:dmaSpi0TxAltControlTableEntry)

.args      0    00008028    00000008     
                  00008028    00000008     --HOLE-- [fill = 0]

MODULE SUMMARY

       Module                                     code    ro data   rw data
       ------                                     ----    -------   -------
    .\
       main.o                                     232     23        40     
       main_tirtos.o                              0       0         2      
    +--+------------------------------------------+-------+---------+---------+
       Total:                                     232     23        42     
                                                                           
    .\source\driverlib\ssd1306\
       ssd1306.o                                  642     512       1045   
    +--+------------------------------------------+-------+---------+---------+
       Total:                                     642     512       1045   
                                                                           
    .\source\driverlib\w5500\
       w5500.o                                    892     0         0      
    +--+------------------------------------------+-------+---------+---------+
       Total:                                     892     0         0      
                                                                           
    .\source\ethernet\
       Dhcp.o                                     1336    0         0      
       EthernetUdp.o                              338     0         0      
       socket.o                                   310     0         2      
       Ethernet.o                                 216     0         48     
       SPIfg.o                                    200     0         4      
       IPAddress.o                                150     0         0      
       ArduinoCompatibility.o                     88      0         0      
    +--+------------------------------------------+-------+---------+---------+
       Total:                                     2638    0         54     
                                                                           
    .\source\html\
       html.o                                     188     0         442    
    +--+------------------------------------------+-------+---------+---------+
       Total:                                     188     0         442    
                                                                           
    .\source\oled_gui\
       gui.o                                      276     107       0      
    +--+------------------------------------------+-------+---------+---------+
       Total:                                     276     107       0      
                                                                           
    .\syscfg\
       ti_sysbios_config.o                        7986    2253      2852   
       ti_drivers_config.o                        244     177       1044   
       ti_devices_config.o                        0       88        0      
    +--+------------------------------------------+-------+---------+---------+
       Total:                                     8230    2518      3896   
                                                                           
    C:/ti/simplelink_cc13xx_cc26xx_sdk_6_30_01_03/kernel/tirtos7/packages/ti/sysbios/lib/ticlang/m4f/sysbios.a
       Hwi_asm_gnu.obj                            324     0         0      
       Hwi_asm_switch_gnu.obj                     118     0         0      
       TaskSupport_asm_gnu.obj                    64      0         0      
       boot_cortex_m.obj                          52      0         0      
    +--+------------------------------------------+-------+---------+---------+
       Total:                                     558     0         0      
                                                                           
    C:/ti/simplelink_cc13xx_cc26xx_sdk_6_30_01_03/source/ti/devices/cc13x2_cc26x2/driverlib/bin/ticlang/driverlib.lib
       osc.o                                      2542    112       32     
       sys_ctrl.o                                 432     0         0      
       setup.o                                    424     0         0      
       prcm.o                                     136     0         0      
       chipinfo.o                                 128     0         0      
       aux_sysif.o                                72      8         0      
       cpu.o                                      32      0         0      
    +--+------------------------------------------+-------+---------+---------+
       Total:                                     3766    120       32     
                                                                           
    C:/ti/simplelink_cc13xx_cc26xx_sdk_6_30_01_03/source/ti/drivers/lib/ticlang/m4f/drivers_cc26x2.a
       SPICC26X2DMA.c.obj                         2868    72        0      
       PowerCC26X2.c.obj                          1722    84        372    
       I2CCC26XX.c.obj                            994     16        0      
       PowerCC26X2_calibrateRCOSC.c.obj           836     0         0      
       TemperatureCC26X2.c.obj                    672     0         41     
       PowerCC26X2_calibrateRCOSC_helpers.c.obj   432     0         0      
       I2C.c.obj                                  366     0         0      
       GPIOCC26X2.c.obj                           328     0         29     
       PowerCC26X2_helpers.c.obj                  282     0         0      
       GPIOCC26XX.c.obj                           276     0         0      
       SPI.c.obj                                  150     32        1      
       UDMACC26XX.c.obj                           166     0         0      
       GPIO.c.obj                                 124     0         0      
       List.c.obj                                 76      0         0      
    +--+------------------------------------------+-------+---------+---------+
       Total:                                     9292    204       443    
                                                                           
    C:/ti/simplelink_cc13xx_cc26xx_sdk_6_30_01_03/source/ti/drivers/rf/lib/ticlang/m4f/rf_multiMode_cc26x2.a
       RFCC26X2_multiMode.c.cc26x2.ticlang.o      966     0         1004   
       rfc.c.cc26x2.ticlang.o                     64      0         0      
    +--+------------------------------------------+-------+---------+---------+
       Total:                                     1030    0         1004   
                                                                           
    C:\ti\ccs1210\ccs\tools\compiler\ti-cgt-armllvm_2.1.2.LTS\lib\armv7em-ti-none-eabihf/c/libc.a
       copy_decompress_lzss.c.obj                 106     0         0      
       autoinit.c.obj                             56      0         0      
       _lock.c.obj                                26      0         8      
       args_main.c.obj                            20      0         0      
       memcpy_t2.S.obj                            18      0         0      
       copy_zero_init.c.obj                       16      0         0      
       copy_decompress_none.c.obj                 14      0         0      
       memset_t2.S.obj                            14      0         0      
       aeabi_portable.c.obj                       8       0         4      
    +--+------------------------------------------+-------+---------+---------+
       Total:                                     278     0         12     
                                                                           
    C:\ti\ccs1210\ccs\tools\compiler\ti-cgt-armllvm_2.1.2.LTS\lib\armv7em-ti-none-eabihf/c/libsysbm.a
       trgmsg.c.obj                               100     0         288    
       hostwrite.c.obj                            84      0         0      
       hostopen.c.obj                             0       0         8      
    +--+------------------------------------------+-------+---------+---------+
       Total:                                     184     0         296    
                                                                           
    C:\ti\ccs1210\ccs\tools\compiler\ti-cgt-armllvm_2.1.2.LTS\lib\clang/14.0.6/lib/armv7em-ti-none-eabihf/libclang_rt.builtins.a
       adddf3.S.obj                               438     0         0      
       divdf3.S.obj                               310     0         0      
       udivmoddi4.S.obj                           176     0         0      
       divmoddi4.c.obj                            92      0         0      
       fixunsdfsi.S.obj                           68      0         0      
       floatunsidf.S.obj                          32      0         0      
       aeabi_ldivmod.S.obj                        20      0         0      
       aeabi_memset.S.obj                         20      0         0      
       aeabi_uldivmod.S.obj                       20      0         0      
       aeabi_memcpy.S.obj                         4       0         0      
       aeabi_div0.c.obj                           2       0         0      
    +--+------------------------------------------+-------+---------+---------+
       Total:                                     1182    0         0      
                                                                           
       Stack:                                     0       0         1536   
       Linker Generated:                          0       296       0      
    +--+------------------------------------------+-------+---------+---------+
       Grand Total:                               29388   3780      8802   


LINKER GENERATED COPY TABLES

__TI_cinit_table @ 00008128 records: 6, size/record: 8, table size: 48
	.data: load addr=00008030, load size=000000c4 bytes, run addr=20005a50, run size=000004ff bytes, compression=lzss
	.TI.bound:dmaSpi0RxAltControlTableEntry: load addr=00008100, load size=00000008 bytes, run addr=20001a30, run size=00000010 bytes, compression=zero_init
	.TI.bound:dmaSpi0RxControlTableEntry: load addr=00008108, load size=00000008 bytes, run addr=20001830, run size=00000010 bytes, compression=zero_init
	.TI.bound:dmaSpi0TxAltControlTableEntry: load addr=00008110, load size=00000008 bytes, run addr=20001a40, run size=00000010 bytes, compression=zero_init
	.TI.bound:dmaSpi0TxControlTableEntry: load addr=00008118, load size=00000008 bytes, run addr=20001840, run size=00000010 bytes, compression=zero_init
	.bss: load addr=00008120, load size=00000008 bytes, run addr=200000d8, run size=0000164c bytes, compression=zero_init


LINKER GENERATED HANDLER TABLE

__TI_handler_table @ 000080f4 records: 3, size/record: 4, table size: 12
	index: 0, handler: __TI_decompress_lzss
	index: 1, handler: __TI_decompress_none
	index: 2, handler: __TI_zero_init


GLOBAL SYMBOLS: SORTED ALPHABETICALLY BY Name 

address   name                                                               
-------   ----                                                               
20005d20  BIOS_Module_state                                                  
00004d81  BIOS_atExitFunc                                                    
00006bdd  BIOS_exitFunc                                                      
200015a8  BIOS_heapMemObject                                                 
00004af9  BIOS_init                                                          
00007025  BIOS_linkedWithIncorrectBootLibrary                                
0000062b  BIOS_nullFunc                                                      
000062dd  BIOS_registerRTSLock                                               
000064bd  BIOS_removeRTSLock                                                 
200015d4  BIOS_rtsGate                                                       
00006965  BIOS_rtsLock                                                       
00006bf5  BIOS_rtsUnlock                                                     
00007031  BIOS_start                                                         
000048e5  BIOS_startFunc                                                     
000064e1  Board_init                                                         
00001803  Board_initHook                                                     
00004849  Board_sendExtFlashByte                                             
00004709  Board_shutDownExtFlash                                             
00005cd9  Board_wakeUpExtFlash                                               
00005afb  C$$IO$$                                                            
00007175  ClockP_Params_init                                                 
00005d09  ClockP_construct                                                   
00006e81  ClockP_getCpuFreq                                                  
000072b5  ClockP_getSystemTickPeriod                                         
000072b9  ClockP_start                                                       
00007249  ClockP_stop                                                        
00004dc5  DHCP_beginWithDHCP                                                 
00006e91  DHCP_getDnsServerIp                                                
00006ea1  DHCP_getGatewayIp                                                  
00006eb1  DHCP_getLocalIp                                                    
00006ec1  DHCP_getSubnetMask                                                 
000008f5  DHCP_parseDHCPResponse                                             
00006763  DHCP_printByte                                                     
00001ffd  DHCP_request_DHCP_lease                                            
00001165  DHCP_send_DHCP_MESSAGE                                             
20001648  Ethernet                                                           
000072bd  EthernetUDP_available                                              
00004b41  EthernetUDP_begin                                                  
00006e15  EthernetUDP_beginPacket_ip                                         
0000724f  EthernetUDP_begin_init                                             
00007255  EthernetUDP_endPacket                                              
00006e27  EthernetUDP_flush                                                  
0000517d  EthernetUDP_parsePacket                                            
000061b5  EthernetUDP_read                                                   
000061df  EthernetUDP_read_buf                                               
000072c1  EthernetUDP_remotePort                                             
00006505  EthernetUDP_stop                                                   
00006b25  EthernetUDP_write                                                  
00003da5  Ethernet_begin_mac                                                 
0000703d  Ethernet_begin_mac_ip                                              
00006e39  Ethernet_begin_mac_ip_dns                                          
00006fc1  Ethernet_begin_mac_ip_dns_gateway                                  
00005a01  Ethernet_begin_mac_ip_dns_gateway_subnet                           
00007049  Ethernet_localIP                                                   
20005efc  Ethernet_server_port                                               
00007fa0  GPIO_config                                                        
00006c0d  GPIO_disableInt                                                    
00006ed1  GPIO_getUserArg                                                    
00004e09  GPIO_hwiIntFxn                                                     
00002219  GPIO_init                                                          
00007cf5  GPIO_pinLowerBound                                                 
00007cf6  GPIO_pinUpperBound                                                 
00006d11  GPIO_read                                                          
0000543d  GPIO_resetConfig                                                   
00006981  GPIO_setCallback                                                   
00003579  GPIO_setConfig                                                     
00005d39  GPIO_setInterruptConfig                                            
0000699d  GPIO_setMux                                                        
00006d25  GPIO_setUserArg                                                    
00006ee1  GPIO_write                                                         
00005479  GUI_ChangeDeviceIp                                                 
000054b5  GUI_ChangeTargetIp                                                 
00003321  GUI_Init                                                           
00004000  HEAPSIZE                                                           
00004565  HOSTwrite                                                          
00003c55  Html_CopyHtmlToMtuBuffer                                           
00005d69  Html_SetKeyValueInBuffer                                           
000069b9  Html_strcpy                                                        
00006ef1  HwiP_Params_init                                                   
00006785  HwiP_clearInterrupt                                                
000054f1  HwiP_construct                                                     
000072c5  HwiP_destruct                                                      
00007055  HwiP_disable                                                       
000072c9  HwiP_disableInterrupt                                              
000072cd  HwiP_enableInterrupt                                               
0000725b  HwiP_restore                                                       
000071e1  I2CSupport_masterFinish                                            
00007261  I2CSupport_powerRelConstraint                                      
00007267  I2CSupport_powerSetConstraint                                      
00003ee9  I2CSupport_primeTransfer                                           
00007061  I2C_Params_init                                                    
00006305  I2C_cancel                                                         
00007ffc  I2C_config                                                         
00007cf7  I2C_count                                                          
00001a5f  I2C_init                                                           
00001591  I2C_open                                                           
00006e4b  I2C_transfer                                                       
00001939  I2C_transferTimeout                                                
00006e5d  IPAddress_Init_str                                                 
00003719  IPAddress_toString                                                 
UNDEFED   ITM_flush                                                          
UNDEFED   ITM_restore                                                        
00003089  InitTask                                                           
00006529  List_put                                                           
0000632d  List_remove                                                        
00004b89  NOROM_AUXSYSIFOpModeChange                                         
0000706d  NOROM_CPUcpsid                                                     
00007079  NOROM_CPUcpsie                                                     
000071e9  NOROM_CPUdelay                                                     
000046b5  NOROM_ChipInfo_GetHwRevision                                       
00002d0b  NOROM_OSCHF_AttemptToSwitchToXosc                                  
00003919  NOROM_OSCHF_SwitchToRcOscTurnOffXosc                               
00006209  NOROM_OSCHF_TurnOnXosc                                             
00003991  NOROM_OSC_CapArrayAdjustWorkaround_Boot                            
00002c55  NOROM_OSC_HPOSCInitializeFrequencyOffsetParameters                 
00004931  NOROM_OSC_HPOSCRelativeFrequencyOffsetGet                          
[...]
000069d5  Power_getTransitionLatency                                         
000069f1  SSD1306_UpdateScreen                                               
00006a0d  W5500_writeSnDPORT                                                 
00006a29  W5500_writeSnPORT                                                  
00006a45  W5500_writeSnRX_RD                                                 
00006a61  W5500_writeSnTX_WR                                                 
00006ab5  ti_sysbios_knl_Idle_run                                            
00006ad1  ti_sysbios_knl_Queue_put                                           
00006aed  ti_sysbios_knl_Swi_construct                                       
00006b09  ti_sysbios_knl_Swi_destruct                                        
00006b25  EthernetUDP_write                                                  
00006b59  W5500_readSnRX_RD                                                  
00006b73  W5500_readSnRX_RSR                                                 
00006b8d  W5500_readSnTX_FSR                                                 
00006ba7  W5500_readSnTX_WR                                                  
00006bc1  ti_sysbios_knl_Task_sleepTimeout                                   
00006bdd  BIOS_exitFunc                                                      
00006bf5  BIOS_rtsUnlock                                                     
00006c0d  GPIO_disableInt                                                    
00006c25  PowerCC26XX_calibrate                                              
00006c3d  Power_idleFunc                                                     
00006c55  ti_sysbios_knl_Clock_scheduleNextTick                              
00006c6d  ti_sysbios_knl_Swi_construct2                                      
00006c85  ti_sysbios_knl_Swi_or                                              
00006c9d  ti_sysbios_knl_TaskSupport_glue                                    
00006cb5  ti_sysbios_knl_Task_unblock                                        
00006ccd  W5500_read_data                                                    
00006ce3  close                                                              
00006cf9  ti_sysbios_knl_Clock_start                                         
00006d11  GPIO_read                                                          
00006d25  GPIO_setUserArg                                                    
00006d61  Temperature_getTemperature                                         
00006d75  W5500_execCmdSn                                                    
00006d89  W5500_writeSn                                                      
00006d9d  W5500_writeSn_buf                                                  
00006db1  _args_main                                                         
00006dc5  ti_sysbios_family_arm_m3_Hwi_switchFromBootStack                   
00006dd9  __aeabi_ldivmod                                                    
00006ded  __aeabi_memset                                                     
00006ded  __aeabi_memset4                                                    
00006ded  __aeabi_memset8                                                    
00006df9  __aeabi_memclr                                                     
00006df9  __aeabi_memclr4                                                    
00006df9  __aeabi_memclr8                                                    
00006e01  __aeabi_uldivmod                                                   
00006e15  EthernetUDP_beginPacket_ip                                         
00006e27  EthernetUDP_flush                                                  
00006e39  Ethernet_begin_mac_ip_dns                                          
00006e4b  I2C_transfer                                                       
00006e5d  IPAddress_Init_str                                                 
00006e6f  TI_memcpy_small                                                    
00006e81  ClockP_getCpuFreq                                                  
00006e91  DHCP_getDnsServerIp                                                
00006ea1  DHCP_getGatewayIp                                                  
00006eb1  DHCP_getLocalIp                                                    
00006ec1  DHCP_getSubnetMask                                                 
00006ed1  GPIO_getUserArg                                                    
00006ee1  GPIO_write                                                         
00006ef1  HwiP_Params_init                                                   
00006f01  PowerCC26X2_oscCtlClearXtal                                        
00006f11  PowerCC26X2_prcmEnableCacheRetention                               
00006f21  PowerCC26X2_readCtrim                                              
00006f31  PowerCC26X2_readCtrimFract                                         
00006f41  PowerCC26X2_readRtrim                                              
00006f51  PowerCC26X2_switchToTCXO                                           
00006f61  Power_getDependencyCount                                           
00006f71  SSD1306_SetPosition                                                
00006f81  SwiP_Params_init                                                   
00006f91  ti_sysbios_family_arm_cc26xx_Timer_dynamicStub                     
00006fa1  ti_sysbios_family_arm_m3_Hwi_excHandler                            
00006fb1  __TI_zero_init                                                     
00006fc1  Ethernet_begin_mac_ip_dns_gateway                                  
00006fdd  W5500_readSn                                                       
00006ff9  ti_sysbios_gates_GateMutex_leave                                   
00007007  TI_memset_small                                                    
00007015  __TI_decompress_none                                               
00007025  BIOS_linkedWithIncorrectBootLibrary                                
00007031  BIOS_start                                                         
0000703d  Ethernet_begin_mac_ip                                              
00007049  Ethernet_localIP                                                   
00007055  HwiP_disable                                                       
00007061  I2C_Params_init                                                    
0000706d  NOROM_CPUcpsid                                                     
00007079  NOROM_CPUcpsie                                                     
0000709d  PowerCC26X2_oscClockSourceGet                                      
000070a9  PowerCC26X2_setPeriphDeepSleepEnable                               
000070b5  PowerCC26X2_sysCtrlGetResetSource                                  
000070c1  PowerCC26X2_sysCtrlVoltageConditionalControl                       
000070cd  Power_getConstraintMask                                            
000070d9  SPI_Params_init                                                    
000070e5  W5500_readSIPR                                                     
000070f1  W5500_writeGAR                                                     
000070fd  W5500_writeSHAR                                                    
00007109  W5500_writeSIPR                                                    
00007115  W5500_writeSUBR                                                    
00007121  _register_lock                                                     
0000712d  _register_unlock                                                   
00007145  ti_sysbios_heaps_HeapMem_init                                      
00007151  ti_sysbios_knl_ClockSupport_setNextTick                            
0000715d  ti_sysbios_knl_Clock_tick                                          
00007169  ti_sysbios_knl_Task_Params_init                                    
00007175  ClockP_Params_init                                                 
0000719d  PowerCC26X2_sysCtrlStandby                                         
000071a7  SPICC26X2DMA_init                                                  
000071b1  SemaphoreP_pend                                                    
000071bb  UDMACC26XX_hwiIntFxn                                               
000071c5  W5500_writeSnDIPR                                                  
000071cf  delay                                                              
000071e1  I2CSupport_masterFinish                                            
000071e9  NOROM_CPUdelay                                                     
00007201  PowerCC26X2_oschfTrySwitchToXosc                                   
00007209  W5500_writeSnCR                                                    
00007211  W5500_writeSnIR                                                    
00007219  W5500_writeSnMR                                                    
00007221  __aeabi_errno_addr                                                 
00007231  resetSS                                                            
00007239  setSS                                                              
00007241  ti_sysbios_runtime_System_exit                                     
00007249  ClockP_stop                                                        
0000724f  EthernetUDP_begin_init                                             
00007255  EthernetUDP_endPacket                                              
0000725b  HwiP_restore                                                       
00007261  I2CSupport_powerRelConstraint                                      
00007267  I2CSupport_powerSetConstraint                                      
00007279  SPI_transfer                                                       
0000727f  W5500_readSnCR                                                     
00007285  W5500_readSnIR                                                     
0000728b  W5500_readSnSR                                                     
00007291  random                                                             
00007297  ti_sysbios_family_arm_m3_Hwi_destruct                              
0000729d  ti_sysbios_family_arm_m3_Hwi_doSwiRestore                          
000072a3  ti_sysbios_family_arm_m3_Hwi_doTaskRestore                         
000072a9  ti_sysbios_knl_Idle_loop                                           
000072af  ti_sysbios_knl_Swi_startup                                         
000072b5  ClockP_getSystemTickPeriod                                         
000072b9  ClockP_start                                                       
000072bd  EthernetUDP_available                                              
000072c1  EthernetUDP_remotePort                                             
000072c5  HwiP_destruct                                                      
000072c9  HwiP_disableInterrupt                                              
000072cd  HwiP_enableInterrupt                                               
000072d1  PowerCC26X2_oschfSwitchToRcosc                                     
000072d5  PowerCC26X2_sysCtrlIdle                                            
000072d9  PowerCC26X2_turnOnXosc                                             
000072dd  ResetISR                                                           
000072e1  SemaphoreP_destruct                                                
000072e5  SemaphoreP_post                                                    
000072e9  SwiP_destruct                                                      
000072ed  SwiP_or                                                            
000072f1  SwiP_post                                                          
000072f5  W5500_getIPAddress                                                 
000072f9  W5500_setGatewayIp                                                 
000072fd  W5500_setIPAddress                                                 
00007301  W5500_setMACAddress                                                
00007305  W5500_setSubnetMask                                                
00007309  _system_post_cinit                                                 
0000730d  _system_pre_init                                                   
00007319  ti_sysbios_heaps_HeapMem_isBlocking                                
0000731d  __aeabi_memcpy                                                     
0000731d  __aeabi_memcpy4                                                    
0000731d  __aeabi_memcpy8                                                    
00007cf5  GPIO_pinLowerBound                                                 
00007cf6  GPIO_pinUpperBound                                                 
00007cf7  I2C_count                                                          
00007dd3  SPI_count                                                          
00007dd4  resourceDB                                                         
00007e28  spiCC26X2DMAHWAttrs                                                
00007e8c  SPI_defaultParams                                                  
00007eac  SSD1306_InitSequence                                               
00007ee8  SPICC26X2DMA_fxnTable                                              
00007f30  i2cCC26xxHWAttrs                                                   
00007f77  TemperatureCC26X2_config                                           
00007f78  PowerCC26X2_config                                                 
00007fa0  GPIO_config                                                        
00007fc0  RFCC26XX_hwAttrs                                                   
00007fcc  SPI_config                                                         
00007ffc  I2C_config                                                         
00008004  UDMACC26XX_config                                                  
00008014  ti_sysbios_knl_Idle_funcList                                       
0000801c  udmaCC26XXHWAttrs                                                  
00008024  ti_sysbios_family_arm_m3_Hwi_swiTaskKeyAddress                     
00008028  __c_args__                                                         
000080f4  __TI_Handler_Table_Base                                            
00008100  __TI_Handler_Table_Limit                                           
00008128  __TI_CINIT_Base                                                    
00008158  __TI_CINIT_Limit                                                   
00008158  __TI_CINIT_Warm                                                    
0004ffa8  __ccfg                                                             
20000000  __start___llvm_prf_bits                                            
20000000  __start___llvm_prf_cnts                                            
20000000  __stop___llvm_prf_bits                                             
20000000  __stop___llvm_prf_cnts                                             
20000000  ti_sysbios_family_arm_m3_Hwi_ramVectors                            
200004d9  ti_sysbios_runtime_SysMin_outbuf                                   
20000ba0  ti_sysbios_knl_Idle_taskStack                                      
20000f5a  _counter                                                           
20000f5c  i2cCC26xxObjects                                                   
2000109c  _CIOBUF_                                                           
2000109c  __CIOBUF_                                                          
200011bc  spiCC26X2DMAObjects                                                
200012bc  ti_sysbios_family_arm_m3_Hwi_dispatchTable                         
20001394  gpioCallbackFunctions                                              
20001410  gpioUserArgs                                                       
20001490  ti_sysbios_knl_ClockSupport_timerStruct                            
200014f0  ti_sysbios_knl_Idle_taskStruct                                     
20001548  ti_sysbios_knl_Swi_readyQs                                         
20001578  ti_sysbios_knl_Task_readyQs                                        
200015a8  BIOS_heapMemObject                                                 
200015d4  BIOS_rtsGate                                                       
200015fc  ti_sysbios_heaps_HeapMem_gate                                      
20001624  initTaskParams                                                     
20001648  Ethernet                                                           
20001668  ti_sysbios_runtime_System_atexitHandlers                           
20001688  udmaCC26XXObject                                                   
200016e0  ti_sysbios_hal_Seconds_Module_state                                
200016fc  parmbuf                                                            
2000170c  PowerCC26XX_swiKey                                                 
20001710  PowerCC26XX_taskKey                                                
20001714  initTaskHandle                                                     
20001718  spi                                                                
2000171c  ti_sysbios_family_arm_cc26xx_TimestampProvider_Module_state        
20001720  ti_sysbios_knl_Task_defaultStackHeap                               
20001a50  __primary_heap_start__                                             
20005a50  PowerCC26X2_module                                                 
20005a50  __primary_heap_end__                                               
20005bc4  gpioPinConfigs                                                     
20005c40  ti_sysbios_runtime_Startup_done                                    
20005c43  ti_sysbios_knl_Idle_initDone                                       
20005c44  ti_sysbios_runtime_Memory_defaultHeapInstance                      
20005c5c  ti_sysbios_runtime_Error_ignore                                    
20005c68  ti_sysbios_family_arm_cc26xx_Timer_Module_state                    
20005c74  ti_sysbios_runtime_System_Module_state                             
20005c80  ti_sysbios_runtime_SysMin_Module_state                             
20005c90  ti_sysbios_knl_Swi_Module_state                                    
20005d20  BIOS_Module_state                                                  
20005d4c  ti_sysbios_family_arm_m3_Hwi_Module_state                          
20005d88  ti_sysbios_knl_Clock_Module_state                                  
20005eac  ti_sysbios_knl_Task_Module_state                                   
20005efc  Ethernet_server_port                                               
20005f0c  _hposcCoeffs                                                       
20005f24  ti_sysbios_gates_GateMutex_Module_state                            
20005f2c  ti_sysbios_heaps_HeapMem_Module_state                              
20005f34  ti_sysbios_knl_Semaphore_Module_state                              
20005f40  __aeabi_errno                                                      
20005f44  _lock                                                              
20005f48  _unlock                                                            
2000fa00  __stack                                                            
20010000  __STACK_END                                                        
ffffffff  __TI_pprof_out_hndl                                                
ffffffff  __TI_prof_data_size                                                
ffffffff  __TI_prof_data_start                                               
ffffffff  __binit__                                                          
ffffffff  binit                                                              
UNDEFED   ITM_flush                                                          
UNDEFED   ITM_restore                                                        
UNDEFED   __mpu_init                                                         

[506 symbols]
