******************************************************************************
            TI ARM Clang Linker PC v2.1.2                      
******************************************************************************
>> Linked Mon Mar 18 21:39:46 2024

OUTPUT FILE NAME:   <multiSniff_LP_CC2652RB_tirtos7_ticlang2.out>
ENTRY POINT SYMBOL: "ResetISR"  address: 0000ec0d


MEMORY CONFIGURATION

         name            origin    length      used     unused   attr    fill
----------------------  --------  ---------  --------  --------  ----  --------
  FLASH                 00000000   00050000  00010780  0003f880  R  X
  STV_R                 00050000   00000020  00000000  00000020  R   
  HTML                  00051000   00003000  00000000  00003000  R   
  GPRAM                 11000000   00002000  00000000  00002000  RW X
  SRAM                  20000000   00012000  0000815e  00009ea2  RW X
  MTU_BUFFER            20012000   00001500  00000000  00001500  RW  
  STV_W                 20013500   00000020  00000000  00000020   W  
  LOG_DATA              90000000   00040000  00000000  00040000  R   


SEGMENT ALLOCATION MAP

run origin  load origin   length   init length attrs members
----------  ----------- ---------- ----------- ----- -------
00000000    00000000    000104e4   000104e4    r-x
  00000000    00000000    0000003c   0000003c    r-- .resetVecs
  00000040    00000040    0000ec60   0000ec60    r-x .text
  0000eca0    0000eca0    00001844   00001844    r-- .rodata
000104e4    000104e4    00000008   00000008    rw-
  000104e4    000104e4    00000008   00000008    rw- .args
000104ec    000104ec    00000240   00000240    r--
  000104ec    000104ec    00000240   00000240    r-- .cinit
0004ffa8    0004ffa8    00000058   00000058    r--
  0004ffa8    0004ffa8    00000058   00000058    r-- .ccfg
200000d8    200000d8    000006a3   00000000    rw-
  200000d8    200000d8    000006a3   00000000    rw- .data
20001830    20001830    00000010   00000000    rw-
  20001830    20001830    00000010   00000000    rw- .TI.bound:dmaSpi0RxControlTableEntry
20001840    20001840    00000010   00000000    rw-
  20001840    20001840    00000010   00000000    rw- .TI.bound:dmaSpi0TxControlTableEntry
20001a30    20001a30    00000010   00000000    rw-
  20001a30    20001a30    00000010   00000000    rw- .TI.bound:dmaSpi0RxAltControlTableEntry
20001a40    20001a40    00000010   00000000    rw-
  20001a40    20001a40    00000010   00000000    rw- .TI.bound:dmaSpi0TxAltControlTableEntry
20001a50    20001a50    00004000   00000000    r--
  20001a50    20001a50    00004000   00000000    r-- .priheap
20005a50    20005a50    000033a3   00000000    rw-
  20005a50    20005a50    000033a3   00000000    rw- .bss
20011a00    20011a00    00000600   00000000    rw-
  20011a00    20011a00    00000600   00000000    rw- .stack


SECTION ALLOCATION MAP

 output                                  attributes/
section   page    origin      length       input sections
--------  ----  ----------  ----------   ----------------
.binit     0    00000000    00000000     

.cinit     0    000104ec    00000240     
                  000104ec    000001d9     (.cinit..data.load) [load image, compression = lzss]
                  000106c5    00000003     --HOLE-- [fill = 0]
                  000106c8    0000000c     (__TI_handler_table)
                  000106d4    00000008     (.cinit..TI.bound:dmaSpi0RxAltControlTableEntry.load) [load image, compression = zero_init]
                  000106dc    00000008     (.cinit..TI.bound:dmaSpi0RxControlTableEntry.load) [load image, compression = zero_init]
                  000106e4    00000008     (.cinit..TI.bound:dmaSpi0TxAltControlTableEntry.load) [load image, compression = zero_init]
                  000106ec    00000008     (.cinit..TI.bound:dmaSpi0TxControlTableEntry.load) [load image, compression = zero_init]
                  000106f4    00000008     (.cinit..bss.load) [load image, compression = zero_init]
                  000106fc    00000030     (__TI_cinit_table)

.init_array 
*          0    00000000    00000000     UNINITIALIZED

.ccfg      0    0004ffa8    00000058     
                  0004ffa8    00000058     ti_devices_config.o (.ccfg)

.data      0    200000d8    000006a3     UNINITIALIZED
                  200000d8    00000174     drivers_cc26x2.a : PowerCC26X2.c.obj (.data.PowerCC26X2_module)
                  2000024c    0000007c     ti_drivers_config.o (.data.gpioPinConfigs)
                  200002c8    00000068     rf_multiMode_cc26x2.a : RFCC26X2_multiMode.c.cc26x2.ticlang.o (.data..L_MergedGlobals.1)
                  20000330    00000068     ti_sysbios_config.o (.data.ti_sysbios_knl_Clock_Module_state)
                  20000398    00000064     rf_multiMode_cc26x2.a : RFCC26X2_multiMode.c.cc26x2.ticlang.o (.data..L_MergedGlobals.3)
                  200003fc    00000058                           : RFCC26X2_multiMode.c.cc26x2.ticlang.o (.data..L_MergedGlobals.2)
                  20000454    00000054     ti_radio_config.o (.data.ble_pOverridesCommon)
                  200004a8    00000040     ti_radio_config.o (.data.RFCMD_ieeeRX)
                  200004e8    0000003c     ti_sysbios_config.o (.data.ti_sysbios_family_arm_m3_Hwi_Module_state)
                  20000524    0000003c     ti_sysbios_config.o (.data.ti_sysbios_knl_Task_Module_state)
                  20000560    0000002c     ti_sysbios_config.o (.data.BIOS_Module_state)
                  2000058c    00000028     ti_sysbios_config.o (.data.ti_sysbios_knl_Swi_Module_state)
                  200005b4    00000024     ti_radio_config.o (.data.RFCMD_bleRadioSetup)
                  200005d8    00000020     ti_radio_config.o (.data.RFCMD_bleGenericRX)
                  200005f8    0000001c     ti_radio_config.o (.data.ble_pOverrides2Mbps)
                  20000614    00000018     ti_radio_config.o (.data.RFCMD_bleFrequencySynthesizer)
                  2000062c    00000018     ti_radio_config.o (.data.RFCMD_ieeeFrequencySynthesizer)
                  20000644    00000018     ti_radio_config.o (.data.RFCMD_ieeeRadioSetup)
                  2000065c    00000018     ti_radio_config.o (.data.ble_pOverrides1Mbps)
                  20000674    00000014     ti_radio_config.o (.data.RFCMD_bleGenericRXPar)
                  20000688    00000014     ti_radio_config.o (.data.ble_pOverridesCoded)
                  2000069c    00000010     Ethernet.o (.data.Ethernet_server_port)
                  200006ac    00000010     ti_radio_config.o (.data.RFCMD_bleModeObject)
                  200006bc    00000010     ti_radio_config.o (.data.RFCMD_ieeeModeObject)
                  200006cc    00000010     driverlib.lib : osc.o (.data._hposcCoeffs)
                  200006dc    00000010     ti_radio_config.o (.data.ieee_pOverrides)
                  200006ec    00000010     ti_sysbios_config.o (.data.ti_sysbios_runtime_SysMin_Module_state)
                  200006fc    0000000c     ti_sysbios_config.o (.data.ti_sysbios_family_arm_cc26xx_Timer_Module_state)
                  20000708    0000000c     ti_sysbios_config.o (.data.ti_sysbios_runtime_Error_ignore)
                  20000714    0000000c     ti_sysbios_config.o (.data.ti_sysbios_runtime_System_Module_state)
                  20000720    00000008     rf_multiMode_cc26x2.a : RFCC26X2_multiMode.c.cc26x2.ticlang.o (.data..L_MergedGlobals)
                  20000728    00000008                           : RFCC26X2_multiMode.c.cc26x2.ticlang.o (.data.RFCC26XX_schedulerPolicy)
                  20000730    00000008     ti_sysbios_config.o (.data.prefixStrings)
                  20000738    00000008     ti_sysbios_config.o (.data.ti_sysbios_gates_GateMutex_Module_state)
                  20000740    00000008     ti_sysbios_config.o (.data.ti_sysbios_heaps_HeapMem_Module_state)
                  20000748    00000008     ti_sysbios_config.o (.data.ti_sysbios_knl_Semaphore_Module_state)
                  20000750    00000004     drivers_cc26x2.a : TemperatureCC26X2.c.obj (.data..L_MergedGlobals)
                  20000754    00000004     EthernetClient.o (.data.EthernetClientPrintMethods)
                  20000758    00000004     EthernetUdp.o (.data.EthernetUDPPrintMethods)
                  2000075c    00000004     rf_multiMode_cc26x2.a : RFCC26X2_multiMode.c.cc26x2.ticlang.o (.data.RF_fsmActiveState.lfClockSourceLast)
                  20000760    00000004     libc.a : aeabi_portable.c.obj (.data.__aeabi_errno)
                  20000764    00000004            : _lock.c.obj (.data._lock)
                  20000768    00000004            : _lock.c.obj (.data._unlock)
                  2000076c    00000004     ti_sysbios_config.o (.data.terminatedList)
                  20000770    00000004     ti_sysbios_config.o (.data.ti_sysbios_runtime_Memory_defaultHeapInstance)
                  20000774    00000001     rf_multiMode_cc26x2.a : rf_patch_cpe_bt5.c.cc26x2.ticlang.o (.data.bBt5PatchEntered)
                  20000775    00000001                           : rf_patch_cpe_ieee_802_15_4.c.cc26x2.ticlang.o (.data.bIeee802154PatchEntered)
                  20000776    00000001     drivers_cc26x2.a : GPIOCC26X2.c.obj (.data.initCalled)
                  20000777    00000001                      : SPI.c.obj (.data.isInitialized)
                  20000778    00000001                      : TemperatureCC26X2.c.obj (.data.isInitialized)
                  20000779    00000001     ti_sysbios_config.o (.data.ti_sysbios_knl_Idle_initDone)
                  2000077a    00000001     ti_sysbios_config.o (.data.ti_sysbios_runtime_Startup_done)

.bss       0    20005a50    000033a3     UNINITIALIZED
                  20005a50    0000183c     radio_queue.o (.bss.RadioQueue_RXbuffer)
                  2000728c    00000401     ssd1306.o (.bss.SSD1306_LcdBufferInclStreamByte)
                  2000768d    00000002     ssd1306.o (.bss.SSD1306_SendCommand.buffer)
                  2000768f    00000001     dashboard_task.o (.bss.Dashboard_Main.readDestination)
                  20007690    00000400     (.common:ti_sysbios_knl_Idle_taskStack)
                  20007a90    00000400     (.common:ti_sysbios_runtime_SysMin_outbuf)
                  20007e90    000002c0     rf_multiMode_cc26x2.a : RFCC26X2_multiMode.c.cc26x2.ticlang.o (.bss.RF_cmdPool)
                  20008150    000001ba     html.o (.bss.valueBuffer)
                  2000830a    00000002     socket.o (.bss.local_port)
                  2000830c    00000140     (.common:i2cCC26xxObjects)
                  2000844c    00000120     libsysbm.a : trgmsg.c.obj (.bss:_CIOBUF_)
                  2000856c    00000004     radio_queue.o (.bss.RadioQueue_ReadEntry)
                  20008570    00000100     (.common:rfObject)
                  20008670    00000100     (.common:spiCC26X2DMAObjects)
                  20008770    000000d8     (.common:ti_sysbios_family_arm_m3_Hwi_dispatchTable)
                  20008848    0000007c     (.common:gpioCallbackFunctions)
                  200088c4    0000007c     (.common:gpioUserArgs)
                  20008940    00000068     rf_multiMode_cc26x2.a : RFCC26X2_multiMode.c.cc26x2.ticlang.o (.bss.RF_ratModule)
                  200089a8    00000060     (.common:ti_sysbios_knl_ClockSupport_timerStruct)
                  20008a08    00000058     (.common:ti_sysbios_knl_Idle_taskStruct)
                  20008a60    00000044                           : RFCC26X2_multiMode.c.cc26x2.ticlang.o (.bss.RF_clkInactivityObj)
                  20008aa4    00000044                           : RFCC26X2_multiMode.c.cc26x2.ticlang.o (.bss.RF_clkPowerUpObj)
                  20008ae8    0000003c                           : RFCC26X2_multiMode.c.cc26x2.ticlang.o (.bss.RF_swiHwObj)
                  20008b24    00000030     (.common:ti_sysbios_knl_Swi_readyQs)
                  20008b54    00000030     (.common:ti_sysbios_knl_Task_readyQs)
                  20008b84    0000002c     (.common:BIOS_heapMemObject)
                  20008bb0    00000028     (.common:BIOS_rtsGate)
                  20008bd8    00000028     (.common:ti_sysbios_heaps_HeapMem_gate)
                  20008c00    00000024     (.common:dashboardTaskParams)
                  20008c24    00000024     (.common:initTaskParams)
                  20008c48    00000024     (.common:sniffingTaskParams)
                  20008c6c    00000020     (.common:Ethernet)
                  20008c8c    00000020     (.common:rfParams)
                  20008cac    00000020     (.common:ti_sysbios_runtime_System_atexitHandlers)
                  20008ccc    00000020     (.common:udmaCC26XXObject)
                  20008cec    0000001c     drivers_cc26x2.a : TemperatureCC26X2.c.obj (.bss.batmonHwi)
                  20008d08    0000001c                      : GPIOCC26X2.c.obj (.bss.gpioHwi)
                  20008d24    00000014     (.common:ti_sysbios_hal_Seconds_Module_state)
                  20008d38    00000010     ssd1306.o (.bss._i2cParams)
                  20008d48    00000010     (.common:ethernetUdp)
                  20008d58    00000010     (.common:ieeeStats)
                  20008d68    0000000c     (.common:Dashboard_SemaphoreParams)
                  20008d74    0000000c     (.common:Init_SemaphoreParams)
                  20008d80    0000000c     (.common:bleStats)
                  20008d8c    00000008     radio_queue.o (.bss.RadioQueue_object)
                  20008d94    00000008     drivers_cc26x2.a : TemperatureCC26X2.c.obj (.bss.notificationList)
                  20008d9c    00000008     (.common:parmbuf)
                  20008da4    00000004     dashboard_task.o (.bss.StrTok.p)
                  20008da8    00000004     ssd1306.o (.bss._i2c)
                  20008dac    00000004     driverlib.lib : osc.o (.bss.oscHfGlobals.0)
                  20008db0    00000004                   : osc.o (.bss.oscHfGlobals.2)
                  20008db4    00000004                   : osc.o (.bss.oscHfGlobals.3)
                  20008db8    00000004                   : osc.o (.bss.oscHfGlobals.4)
                  20008dbc    00000004     (.common:Dashboard_SemaphoreHandle)
                  20008dc0    00000004     (.common:Init_SemaphoreHandle)
                  20008dc4    00000004     (.common:PowerCC26XX_swiKey)
                  20008dc8    00000004     (.common:PowerCC26XX_taskKey)
                  20008dcc    00000004     (.common:dashboardTaskHandle)
                  20008dd0    00000004     (.common:initTaskHandle)
                  20008dd4    00000004     (.common:nRxBufFull)
                  20008dd8    00000004     (.common:rfHandle)
                  20008ddc    00000004     (.common:sniffingTaskHandle)
                  20008de0    00000004     (.common:spi)
                  20008de4    00000004     (.common:ti_sysbios_family_arm_cc26xx_TimestampProvider_Module_state)
                  20008de8    00000004     (.common:ti_sysbios_knl_Task_defaultStackHeap)
                  20008dec    00000002     (.common:_counter)
                  20008dee    00000002     (.common:ethernetServer)
                  20008df0    00000002     (.common:rfCmdHandle)
                  20008df2    00000001     (.common:CurrentRfProtocol)

.stack     0    20011a00    00000600     UNINITIALIZED
                  20011a00    00000004     sysbios.a : boot_cortex_m.obj (.stack)
                  20011a04    000005fc     --HOLE--

.priheap   0    20001a50    00004000     UNINITIALIZED
                  20001a50    00004000     --HOLE--

.log_data 
*          0    90000000    00000000     COPY SECTION

.resetVecs 
*          0    00000000    0000003c     
                  00000000    0000003c     ti_sysbios_config.o (.resetVecs)

.vecs      0    20000000    000000d8     NOLOAD SECTION
                  20000000    000000d8     ti_sysbios_config.o (.vecs)

.text      0    00000040    0000ec60     
                  00000040    000005f0     ti_sysbios_config.o (.text.ti_sysbios_runtime_System_doPrint)
                  00000630    000005ea     driverlib.lib : osc.o (.text.findHposcCoefficients)
                  00000c1a    00000002     ti_sysbios_config.o (.text.BIOS_nullFunc)
                  00000c1c    00000498     rf_multiMode_cc26x2.a : RFCC26X2_multiMode.c.cc26x2.ticlang.o (.text.RF_fsmActiveState)
                  000010b4    00000372     Dhcp.o (.text.DHCP_parseDHCPResponse)
                  00001426    00000002     ti_drivers_config.o (.text.Board_initHook)
                  00001428    000002de     log.o (.text.Log_print)
                  00001706    00000002     drivers_cc26x2.a : I2C.c.obj (.text.I2C_init)
                  00001708    000002c8                      : SPICC26X2DMA.c.obj (.text.SPICC26X2DMA_transfer)
                  000019d0    0000029c     rf_multiMode_cc26x2.a : RFCC26X2_multiMode.c.cc26x2.ticlang.o (.text.RF_open)
                  00001c6c    00000268     libc.a : _printfi.c.obj (.text:__TI_printfi_minimal)
                  00001ed4    0000025c     Dhcp.o (.text.DHCP_send_DHCP_MESSAGE)
                  00002130    00000236     Dhcp.o (.text.DHCP_request_DHCP_lease)
                  00002366    00000002     rf_multiMode_cc26x2.a : rfc.c.cc26x2.ticlang.o (.text.NOROM_RFCCpePatchReset)
                  00002368    00000200     ti_sysbios_config.o (.text.ti_sysbios_runtime_System_printfExtend)
                  00002568    000001fa     ti_sysbios_config.o (.text.ti_sysbios_family_arm_m3_Hwi_excFillContext)
                  00002762    00000002     rf_multiMode_cc26x2.a : RFCC26X2_multiMode.c.cc26x2.ticlang.o (.text.RF_defaultCallback)
                  00002764    000001dc                           : RFCC26X2_multiMode.c.cc26x2.ticlang.o (.text.RF_dispatchNextCmd)
                  00002940    000001b6     libclang_rt.builtins.a : adddf3.S.obj (.text)
                  00002af6    000001ae     drivers_cc26x2.a : SPICC26X2DMA.c.obj (.text.SPICC26X2DMA_hwiFxn)
                  00002ca4    000001aa     ti_sysbios_config.o (.text.ti_sysbios_knl_TaskSupport_buildTaskStack)
                  00002e4e    000001a4     init_task.o (.text.Init_Main)
                  00002ff2    000001a0     dashboard_task.o (.text.UpdateDashboardInfo)
                  00003192    0000019a     ssd1306.o (.text.SSD1306_DrawLine)
                  0000332c    00000198     ti_sysbios_config.o (.text.ti_sysbios_family_arm_cc26xx_Timer_construct)
                  000034c4    00000194     drivers_cc26x2.a : PowerCC26X2_calibrateRCOSC.c.obj (.text.PowerCC26X2_auxISR)
                  00003658    0000018e     ti_sysbios_config.o (.text.ti_sysbios_knl_Task_Instance_init)
                  000037e6    00000002     libclang_rt.builtins.a : aeabi_div0.c.obj (.text.__aeabi_ldiv0)
                  000037e8    00000188     drivers_cc26x2.a : SPICC26X2DMA.c.obj (.text.SPICC26X2DMA_open)
                  00003970    00000160                      : SPICC26X2DMA.c.obj (.text.configNextTransfer)
                  00003ad0    00000158                      : PowerCC26X2.c.obj (.text.Power_sleep)
                  00003c28    00000148     rf_multiMode_cc26x2.a : RFCC26X2_multiMode.c.cc26x2.ticlang.o (.text.RF_radioOpDoneCb)
                  00003d70    00000144     dashboard_task.o (.text.SetStatusProperty)
                  00003eb4    0000013e     ti_sysbios_config.o (.text.PowerCC26XX_standbyPolicy)
                  00003ff2    0000013e     ti_sysbios_config.o (.text.ti_sysbios_heaps_HeapMem_allocUnprotected)
                  00004130    0000013c     drivers_cc26x2.a : I2CCC26XX.c.obj (.text.I2C_open)
                  0000426c    0000013c     ti_sysbios_config.o (.text.ti_sysbios_knl_Clock_workFuncDynamic)
                  000043a8    00000136     IPAddress.o (.text.IPAddress_toString)
                  000044de    00000002     libc.a : _lock.c.obj (.text._nop)
                  000044e0    00000136     libclang_rt.builtins.a : divdf3.S.obj (.text)
                  00004616    00000134     radio_proc.o (.text.Radio_SetUpAndBeginRx)
                  0000474a    00000002     drivers_cc26x2.a : PowerCC26X2.c.obj (.text.emptyClockFunc)
                  0000474c    00000134     driverlib.lib : osc.o (.text.findHposcPc)
                  00004880    00000130     Dhcp.o (.text.DHCP_checkLease)
                  000049b0    0000012c     rf_multiMode_cc26x2.a : RFCC26X2_multiMode.c.cc26x2.ticlang.o (.text.RF_fsmSetupState)
                  00004adc    00000126     drivers_cc26x2.a : I2C.c.obj (.text.I2C_transferTimeout)
                  00004c02    00000002     ti_sysbios_config.o (.text.ti_sysbios_family_arm_cc26xx_Timer_startup)
                  00004c04    00000124     rf_multiMode_cc26x2.a : RFCC26X2_multiMode.c.cc26x2.ticlang.o (.text.RF_abortCmd)
                  00004d28    00000122     drivers_cc26x2.a : SPICC26X2DMA.c.obj (.text.SPICC26X2DMA_transferCancel)
                  00004e4a    00000002     ti_sysbios_config.o (.text.ti_sysbios_knl_TaskSupport_init)
                  00004e4c    0000011c     sysbios.a : Hwi_asm_gnu.obj (.text.ti_sysbios_family_arm_m3_Hwi_dispatch)
                  00004f68    00000118     drivers_cc26x2.a : PowerCC26X2.c.obj (.text.Power_init)
                  00005080    00000118     rf_multiMode_cc26x2.a : RFCC26X2_multiMode.c.cc26x2.ticlang.o (.text.RF_decodeOverridePointers)
                  00005198    0000010e     ti_sysbios_config.o (.text.ti_sysbios_knl_Semaphore_pend)
                  000052a6    00000002     --HOLE-- [fill = 0]
                  000052a8    0000010c     drivers_cc26x2.a : PowerCC26X2_calibrateRCOSC.c.obj (.text.PowerCC26X2_calibrate)
                  000053b4    0000010a     ssd1306.o (.text.SSD1306_DrawChar)
                  000054be    0000010a     ti_sysbios_config.o (.text.ti_sysbios_knl_Task_Instance_finalize)
                  000055c8    00000108     rf_multiMode_cc26x2.a : RFCC26X2_multiMode.c.cc26x2.ticlang.o (.text.RF_fsmPowerUpState)
                  000056d0    00000104     drivers_cc26x2.a : GPIOCC26X2.c.obj (.text.GPIO_init)
                  000057d4    000000fe     ti_sysbios_config.o (.text.ti_sysbios_family_arm_m3_Hwi_Instance_init)
                  000058d2    00000002     --HOLE-- [fill = 0]
                  000058d4    000000fc     rf_multiMode_cc26x2.a : RFCC26X2_multiMode.c.cc26x2.ticlang.o (.text.RF_hwiCpe0Active)
                  000059d0    000000fc     libclang_rt.builtins.a : muldf3.S.obj (.text)
                  00005acc    000000f4     driverlib.lib : sys_ctrl.o (.text.NOROM_SysCtrlStandby)
                  00005bc0    000000f4     sniffing_task.o (.text.Sniffing_Main)
                  00005cb4    000000f4     dashboard_task.o (.text.StrTok)
                  00005da8    000000f2     radio_queue.o (.text.RadioQueue_create)
                  00005e9a    000000ee     ti_sysbios_config.o (.text.ti_sysbios_knl_Clock_startI)
                  00005f88    000000e8     drivers_cc26x2.a : I2CCC26XX.c.obj (.text.I2CCC26XX_hwiFxn)
                  00006070    000000e8     socket.o (.text.send)
                  00006158    000000e6     dashboard_task.o (.text.Dashboard_Main)
                  0000623e    00000002     --HOLE-- [fill = 0]
                  00006240    000000e4     driverlib.lib : setup.o (.text.NOROM_SetupTrimDevice)
                  00006324    000000e4     ti_sysbios_config.o (.text.ti_sysbios_family_arm_m3_Hwi_initNVIC)
                  00006408    000000da     ti_sysbios_config.o (.text.ti_sysbios_heaps_HeapMem_freeUnprotected)
                  000064e2    00000002     --HOLE-- [fill = 0]
                  000064e4    000000d8     drivers_cc26x2.a : SPICC26X2DMA.c.obj (.text.SPICC26X2DMA_control)
                  000065bc    000000d2     radio_proc.o (.text.initCmdObjects)
                  0000668e    00000002     --HOLE-- [fill = 0]
                  00006690    000000d0     drivers_cc26x2.a : PowerCC26X2.c.obj (.text.configureXOSCHF)
                  00006760    000000cc     rf_multiMode_cc26x2.a : RFCC26X2_multiMode.c.cc26x2.ticlang.o (.text.RF_postCmd)
                  0000682c    000000ca                           : RFCC26X2_multiMode.c.cc26x2.ticlang.o (.text.RF_updatePaConfiguration)
                  000068f6    000000c8     IPAddress.o (.text.IPAddress_fromString)
                  000069be    000000c4     driverlib.lib : setup.o (.text.TrimAfterColdResetWakeupFromShutDown)
                  00006a82    000000c0     radio_proc.o (.text.Radio_HandlerFunc)
                  00006b42    000000c0     ti_sysbios_config.o (.text.ti_sysbios_knl_Clock_walkQueueDynamic)
                  00006c02    000000c0     ti_sysbios_config.o (.text.ti_sysbios_knl_Swi_restoreHwi)
                  00006cc2    000000c0     ti_sysbios_config.o (.text.ti_sysbios_runtime_System_formatNum)
                  00006d82    000000be     gui.o (.text.GUI_Init)
                  00006e40    000000bc     rf_multiMode_cc26x2.a : RFCC26X2_multiMode.c.cc26x2.ticlang.o (.text.RF_swiHw)
                  00006efc    000000bc     ti_sysbios_config.o (.text.ti_sysbios_knl_Task_postInit)
                  00006fb8    000000b8     ti_sysbios_config.o (.text.ti_sysbios_knl_Swi_Instance_init)
                  00007070    000000b6     driverlib.lib : osc.o (.text.NOROM_OSC_HPOSCInitializeFrequencyOffsetParameters)
                  00007126    000000b4                   : osc.o (.text.NOROM_OSCHF_AttemptToSwitchToXosc)
                  000071da    00000002     --HOLE-- [fill = 0]
                  000071dc    000000b4     drivers_cc26x2.a : PowerCC26X2.c.obj (.text.Power_releaseDependency)
                  00007290    000000b4     socket.o (.text.socket)
                  00007344    000000b2     html.o (.text.Html_CopyHtmlToMtuBuffer)
                  000073f6    000000b0     dashboard_task.o (.text.HandleRestApi)
                  000074a6    00000002     --HOLE-- [fill = 0]
                  000074a8    000000b0     drivers_cc26x2.a : PowerCC26X2.c.obj (.text.Power_setDependency)
                  00007558    000000b0     libclang_rt.builtins.a : udivmoddi4.S.obj (.text)
                  00007608    000000a8     drivers_cc26x2.a : TemperatureCC26X2.c.obj (.text.temperatureHwiFxn)
                  000076b0    000000a6     socket.o (.text.recv)
                  00007756    00000002     --HOLE-- [fill = 0]
                  00007758    000000a4     rf_multiMode_cc26x2.a : RFCC26X2_multiMode.c.cc26x2.ticlang.o (.text.RF_initRadioSetup)
                  000077fc    000000a2     ti_sysbios_config.o (.text.ti_sysbios_knl_TaskSupport_start)
                  0000789e    000000a0     drivers_cc26x2.a : I2CCC26XX.c.obj (.text.I2CCC26XX_swiFxn)
                  0000793e    00000002     --HOLE-- [fill = 0]
                  00007940    000000a0     rf_multiMode_cc26x2.a : RFCC26X2_multiMode.c.cc26x2.ticlang.o (.text.RF_calculateDispatchTime)
                  000079e0    0000009a     Ethernet.o (.text.Ethernet_begin_mac)
                  00007a7a    0000009a     ssd1306.o (.text.SSD1306_Init)
                  00007b14    0000009a     ti_sysbios_config.o (.text.ti_sysbios_knl_Task_schedule)
                  00007bae    00000098     rf_multiMode_cc26x2.a : RFCC26X2_multiMode.c.cc26x2.ticlang.o (.text.RF_defaultSubmitPolicy)
                  00007c46    00000098     ti_sysbios_config.o (.text.ti_sysbios_hal_Seconds_getTime)
                  00007cde    00000096     EthernetUdp.o (.text.EthernetUDP_begin)
                  00007d74    00000096     rf_multiMode_cc26x2.a : RFCC26X2_multiMode.c.cc26x2.ticlang.o (.text.RF_verifyGap)
                  00007e0a    00000094     Ethernet.o (.text.Ethernet_maintain)
                  00007e9e    00000002     --HOLE-- [fill = 0]
                  00007ea0    00000094     rf_multiMode_cc26x2.a : RFCC26X2_multiMode.c.cc26x2.ticlang.o (.text.RF_hposcRfCompensateFxn)
                  00007f34    00000094                           : RFCC26X2_multiMode.c.cc26x2.ticlang.o (.text.RF_ratRestartChannels)
                  00007fc8    00000094     ti_sysbios_config.o (.text.ti_sysbios_heaps_HeapMem_Instance_init)
                  0000805c    00000090     ti_sysbios_config.o (.text.ti_sysbios_knl_Task_sleep)
                  000080ec    0000008e     ssd1306.o (.text.SSD1306_DrawPixel)
                  0000817a    0000008e     ti_sysbios_config.o (.text.ti_sysbios_family_arm_m3_Hwi_excHandlerMin)
                  00008208    0000008e     ti_sysbios_config.o (.text.ti_sysbios_knl_Swi_runLoop)
                  00008296    00000002     --HOLE-- [fill = 0]
                  00008298    0000008c     drivers_cc26x2.a : GPIOCC26XX.c.obj (.text.GPIO_setConfig)
                  00008324    0000008c     ti_sysbios_config.o (.text.ti_sysbios_family_arm_m3_Hwi_construct2)
                  000083b0    0000008a     EthernetClient.o (.text.EthernetClient_stop)
                  0000843a    0000008a     EthernetServer.o (.text.EthernetServer_accept)
                  000084c4    0000008a     EthernetServer.o (.text.EthernetServer_available)
                  0000854e    0000008a     ti_sysbios_config.o (.text.ti_sysbios_knl_Semaphore_post)
                  000085d8    00000088     rf_multiMode_cc26x2.a : RFCC26X2_multiMode.c.cc26x2.ticlang.o (.text.RF_cmdDispatchTime)
                  00008660    00000088                           : RFCC26X2_multiMode.c.cc26x2.ticlang.o (.text.RF_discardPendCmd)
                  000086e8    00000088     ti_sysbios_config.o (.text.ti_sysbios_family_arm_m3_Hwi_postInit)
                  00008770    00000086     ti_sysbios_config.o (.text.ti_sysbios_runtime_Memory_alloc)
                  000087f6    00000084     EthernetUdp.o (.text.EthernetUDP_parsePacket)
                  0000887a    00000082     EthernetClient.o (.text.EthernetClient_connected)
                  000088fc    00000082     ti_sysbios_config.o (.text.ti_sysbios_family_arm_m3_Hwi_getStackInfo)
                  0000897e    00000080     driverlib.lib : sys_ctrl.o (.text.NOROM_SysCtrlSetRechargeBeforePowerDown)
                  000089fe    0000007e     ti_drivers_config.o (.text.Board_sendExtFlashByte)
                  00008a7c    0000007e     driverlib.lib : chipinfo.o (.text.NOROM_ChipInfo_GetChipType)
                  00008afa    0000007e     ssd1306.o (.text.SSD1306_UpdatePosition)
                  00008b78    0000007c     ti_sysbios_config.o (.text.SwiP_construct)
                  00008bf4    0000007c     ti_sysbios_config.o (.text.ti_sysbios_family_arm_cc26xx_Timer_periodicStub)
                  00008c70    0000007c     ti_sysbios_config.o (.text.ti_sysbios_knl_Swi_schedule)
                  00008cec    0000007a     ti_sysbios_config.o (.text.ti_sysbios_family_arm_m3_Hwi_dispatchC)
                  00008d66    0000007a     ti_sysbios_config.o (.text.ti_sysbios_knl_Idle_init)
                  00008de0    00000078     driverlib.lib : osc.o (.text.NOROM_OSCHF_SwitchToRcOscTurnOffXosc)
                  00008e58    00000078                   : osc.o (.text.NOROM_OSC_CapArrayAdjustWorkaround_Boot)
                  00008ed0    00000078     rf_multiMode_cc26x2.a : RFCC26X2_multiMode.c.cc26x2.ticlang.o (.text.RF_ratFreeChannel)
                  00008f48    00000078     drivers_cc26x2.a : SPICC26X2DMA.c.obj (.text.SPICC26X2DMA_close)
                  00008fc0    00000078     ti_sysbios_config.o (.text.ti_sysbios_family_arm_m3_Hwi_disableInterrupt)
                  00009038    00000078     ti_sysbios_config.o (.text.ti_sysbios_knl_Swi_run)
                  000090b0    00000078     ti_sysbios_config.o (.text.ti_sysbios_knl_Task_blockI)
                  00009128    00000078     ti_sysbios_config.o (.text.ti_sysbios_knl_Task_startup)
                  000091a0    00000076     gui.o (.text.GUI_ChangeProto)
                  00009216    00000002     --HOLE-- [fill = 0]
                  00009218    00000074     drivers_cc26x2.a : PowerCC26X2_calibrateRCOSC_helpers.c.obj (.text.PowerCC26X2_updateSubSecInc)
                  0000928c    00000074     rf_multiMode_cc26x2.a : RFCC26X2_multiMode.c.cc26x2.ticlang.o (.text.RF_hwiHw)
                  00009300    00000074     drivers_cc26x2.a : TemperatureCC26X2.c.obj (.text.Temperature_init)
                  00009374    00000074     ti_sysbios_config.o (.text.ti_sysbios_heaps_HeapMem_getStats)
                  000093e8    00000072     ti_sysbios_config.o (.text.ti_sysbios_family_arm_cc26xx_Timer_setThreshold)
                  0000945a    00000070     EthernetServer.o (.text.EthernetServer_begin)
                  000094ca    00000006     drivers_cc26x2.a : I2CCC26XX.c.obj (.text.I2CSupport_powerRelConstraint)
                  000094d0    00000070     ArduinoCompatibility.o (.text.millis)
                  00009540    00000070     ti_sysbios_config.o (.text.ti_sysbios_family_arm_m3_Hwi_enableInterrupt)
                  000095b0    0000006e     ti_sysbios_config.o (.text.BIOS_init)
                  0000961e    0000006e     ti_drivers_config.o (.text.Board_shutDownExtFlash)
                  0000968c    0000006e     libclang_rt.builtins.a : comparedf2.c.obj (.text.__gedf2)
                  000096fa    00000002     --HOLE-- [fill = 0]
                  000096fc    0000006e                            : comparedf2.c.obj (.text.__ledf2)
                  0000976a    0000006e     init_task.o (.text.byte2hex)
                  000097d8    0000006e     ti_sysbios_config.o (.text.ti_sysbios_knl_Clock_init)
                  00009846    0000006c     Dhcp.o (.text.DHCP_printByte)
                  000098b2    0000006c     EthernetUdp.o (.text.EthernetUDP_read_buf)
                  0000991e    00000002     --HOLE-- [fill = 0]
                  00009920    0000006c     rf_multiMode_cc26x2.a : RFCC26X2_multiMode.c.cc26x2.ticlang.o (.text.RF_issueRadioFreeCb)
                  0000998c    0000006c     w5500.o (.text.W5500_read_buf)
                  000099f8    0000006a     html.o (.text.Html_strcpy)
                  00009a62    0000006a     drivers_cc26x2.a : I2CCC26XX.c.obj (.text.I2CSupport_primeTransfer)
                  00009acc    0000006a     radio_queue.o (.text.RadioQueue_takePacket)
                  00009b36    0000006a     w5500.o (.text.W5500_write_buf)
                  00009ba0    0000006a     main.o (.text.main)
                  00009c0a    0000006a     libc.a : copy_decompress_lzss.c.obj (.text:decompress:lzss)
                  00009c74    00000068     rf_multiMode_cc26x2.a : RFCC26X2_multiMode.c.cc26x2.ticlang.o (.text.RF_detachOverrides)
                  00009cdc    00000068     w5500.o (.text.W5500_send_data_processing_offset)
                  00009d44    00000066     EthernetClient.o (.text.EthernetClient_readBytesUntil)
                  00009daa    00000066     ti_sysbios_config.o (.text.ti_sysbios_family_arm_cc26xx_Timer_start)
                  00009e10    00000066     ti_sysbios_config.o (.text.ti_sysbios_family_arm_m3_Hwi_Instance_finalize)
                  00009e76    00000002     --HOLE-- [fill = 0]
                  00009e78    00000064     drivers_cc26x2.a : PowerCC26X2_calibrateRCOSC.c.obj (.text.PowerCC26X2_initiateCalibration)
                  00009edc    00000064     rf_multiMode_cc26x2.a : RFCC26X2_multiMode.c.cc26x2.ticlang.o (.text.RF_attachOverrides)
                  00009f40    00000064                           : RFCC26X2_multiMode.c.cc26x2.ticlang.o (.text.RF_dispatchNextEvent)
                  00009fa4    00000064                           : RFCC26X2_multiMode.c.cc26x2.ticlang.o (.text.RF_hwiCpe0PowerFsm)
                  0000a008    00000064     SPIfg.o (.text.SPI_transf)
                  0000a06c    00000064     ssd1306.o (.text.SSD1306_DrawString)
                  0000a0d0    00000064     drivers_cc26x2.a : UDMACC26XX.c.obj (.text.UDMACC26XX_open)
                  0000a134    00000064                      : PowerCC26X2.c.obj (.text.oscillatorISR)
                  0000a198    00000062     socket.o (.text.bufferData)
                  0000a1fa    00000002     --HOLE-- [fill = 0]
                  0000a1fc    00000062     libclang_rt.builtins.a : aeabi_dcmp.S.obj (.text)
                  0000a25e    00000060     Dhcp.o (.text.DHCP_beginWithDHCP)
                  0000a2be    00000060     drivers_cc26x2.a : SPICC26X2DMA.c.obj (.text.csnCallback)
                  0000a31e    00000060     ti_sysbios_config.o (.text.ti_sysbios_knl_ClockSupport_init)
                  0000a37e    00000002     --HOLE-- [fill = 0]
                  0000a380    0000005e     rf_multiMode_cc26x2.a : rfc.c.cc26x2.ticlang.o (.text.NOROM_RFCAnaDivTxOverride)
                  0000a3de    0000005e     socket.o (.text.startUDP)
                  0000a43c    0000005e     ti_sysbios_config.o (.text.ti_sysbios_knl_Swi_post)
                  0000a49a    0000005e     ti_sysbios_config.o (.text.ti_sysbios_runtime_Error_raiseX)
                  0000a4f8    0000005c     ti_sysbios_config.o (.text.ClockP_construct)
                  0000a554    0000005c     libclang_rt.builtins.a : divmoddi4.c.obj (.text.__divmoddi4)
                  0000a5b0    0000005c     ti_sysbios_config.o (.text.ti_sysbios_heaps_HeapMem_alloc)
                  0000a60c    0000005c     ti_sysbios_config.o (.text.ti_sysbios_knl_Task_init)
                  0000a668    0000005a     init_task.o (.text.mac2string)
                  0000a6c2    00000058     ti_sysbios_config.o (.text.AONRTCEventClear)
                  0000a71a    00000058     ti_sysbios_config.o (.text.HwiP_construct)
                  0000a772    00000002     --HOLE-- [fill = 0]
                  0000a774    00000058     rf_multiMode_cc26x2.a : RFCC26X2_multiMode.c.cc26x2.ticlang.o (.text.RF_applyRfCorePatch)
                  0000a7cc    00000058     radio_queue.o (.text.RadioQueue_reset)
                  0000a824    00000058     w5500.o (.text.W5500_recv_data_processing)
                  0000a87c    00000058     ti_sysbios_config.o (.text.ti_sysbios_family_arm_m3_Hwi_construct)
                  0000a8d4    00000058     sysbios.a : Hwi_asm_switch_gnu.obj (.text.ti_sysbios_family_arm_m3_Hwi_initStacks)
                  0000a92c    00000058     ti_sysbios_config.o (.text.ti_sysbios_heaps_HeapMem_construct)
                  0000a984    00000058     ti_sysbios_config.o (.text.ti_sysbios_knl_Swi_init)
                  0000a9dc    00000056     ti_sysbios_config.o (.text.AONRTCCompareValueSet)
                  0000aa32    00000056     gui.o (.text.GUI_ChangeRx)
                  0000aa88    00000056     SPIfg.o (.text.SPI_begin)
                  0000aade    00000056     ti_sysbios_config.o (.text.getTime)
                  0000ab34    00000056     ti_sysbios_config.o (.text.ti_sysbios_family_arm_cc26xx_Timer_getCurrentTick)
                  0000ab8a    00000056     ti_sysbios_config.o (.text.ti_sysbios_knl_Clock_Instance_init)
                  0000abe0    00000056     ti_sysbios_config.o (.text.ti_sysbios_runtime_SystemSupport_flush)
                  0000ac36    00000056     ti_sysbios_config.o (.text.ti_sysbios_runtime_System_atexit)
                  0000ac8c    00000056     ti_sysbios_config.o (.text.ti_sysbios_runtime_System_putchar)
                  0000ace2    00000054     ti_sysbios_config.o (.text.AONRTCChannelEnable)
                  0000ad36    00000054     ti_sysbios_config.o (.text.BIOS_startFunc)
                  0000ad8a    00000002     --HOLE-- [fill = 0]
                  0000ad8c    00000054     libsysbm.a : hostwrite.c.obj (.text.HOSTwrite)
                  0000ade0    00000054     drivers_cc26x2.a : I2CCC26XX.c.obj (.text.I2CCC26XX_initHw)
                  0000ae34    00000054     rf_multiMode_cc26x2.a : RFCC26X2_multiMode.c.cc26x2.ticlang.o (.text.RF_fsmXOSCState)
                  0000ae88    00000054                           : RFCC26X2_multiMode.c.cc26x2.ticlang.o (.text.RF_getCurrentTime)
                  0000aedc    00000052     driverlib.lib : chipinfo.o (.text.NOROM_ChipInfo_GetHwRevision)
                  0000af2e    00000052     ti_sysbios_config.o (.text.usleep)
                  0000af80    00000050     rf_multiMode_cc26x2.a : RFCC26X2_multiMode.c.cc26x2.ticlang.o (.text.RF_enableHPOSCTemperatureCompensation)
                  0000afd0    00000050                           : RFCC26X2_multiMode.c.cc26x2.ticlang.o (.text.RF_wakeupNotification)
                  0000b020    00000050     ti_sysbios_config.o (.text.ti_sysbios_family_arm_cc26xx_Timer_setNextTick)
                  0000b070    0000004e     w5500.o (.text.W5500_getRXReceivedSize)
                  0000b0be    0000004e     w5500.o (.text.W5500_getTXFreeSize)
                  0000b10c    0000004e     ti_sysbios_config.o (.text.ti_sysbios_knl_Swi_restore)
                  0000b15a    0000004c     driverlib.lib : osc.o (.text.NOROM_OSC_HPOSCRelativeFrequencyOffsetGet)
                  0000b1a6    00000002     --HOLE-- [fill = 0]
                  0000b1a8    0000004c     rf_multiMode_cc26x2.a : rf_patch_cpe_bt5.c.cc26x2.ticlang.o (.text.configureBt5Patch)
                  0000b1f4    0000004c     drivers_cc26x2.a : SPICC26X2DMA.c.obj (.text.initHw)
                  0000b240    0000004c     SPIfg.o (.text.initSS)
                  0000b28c    0000004c     drivers_cc26x2.a : PowerCC26X2.c.obj (.text.switchXOSCHF)
                  0000b2d8    0000004c     ti_sysbios_config.o (.text.ti_sysbios_knl_Clock_getTimeout)
                  0000b324    0000004c     ti_sysbios_config.o (.text.ti_sysbios_knl_Task_create)
                  0000b370    0000004c     ti_sysbios_config.o (.text.ti_sysbios_runtime_SystemSupport_putch)
                  0000b3bc    0000004c     ti_sysbios_config.o (.text.ti_sysbios_runtime_System_processAtExit)
                  0000b408    0000004a     ti_sysbios_config.o (.text.ti_sysbios_knl_Task_construct)
                  0000b452    0000004a     ti_sysbios_config.o (.text.ti_sysbios_runtime_Error_print)
                  0000b49c    00000048     EthernetClient.o (.text.EthernetClient_timedRead)
                  0000b4e4    00000048     html.o (.text.Html_SetKeyValueInBuffer)
                  0000b52c    00000048     driverlib.lib : aux_sysif.o (.text.NOROM_AUXSYSIFOpModeChange)
                  0000b574    00000048     rf_multiMode_cc26x2.a : rfc.c.cc26x2.ticlang.o (.text.NOROM_RFCSynthPowerDown)
                  0000b5bc    00000048     drivers_cc26x2.a : PowerCC26X2.c.obj (.text.PowerCC26XX_switchXOSC_HF)
                  0000b604    00000048     ssd1306.o (.text.SSD1306_SendCommand)
                  0000b64c    00000048     drivers_cc26x2.a : TemperatureCC26X2.c.obj (.text.Temperature_registerNotifyRange)
                  0000b694    00000048     w5500.o (.text.W5500_init)
                  0000b6dc    00000048     rf_multiMode_cc26x2.a : rf_patch_cpe_ieee_802_15_4.c.cc26x2.ticlang.o (.text.rf_patch_cpe_ieee_802_15_4)
                  0000b724    00000048     ti_sysbios_config.o (.text.ti_sysbios_family_arm_m3_Hwi_init)
                  0000b76c    00000048     libclang_rt.builtins.a : fixdfsi.S.obj (.text)
                  0000b7b4    00000046     ti_sysbios_config.o (.text.ti_sysbios_knl_Semaphore_Instance_init)
                  0000b7fa    00000046     ti_sysbios_config.o (.text.ti_sysbios_knl_Swi_construct)
                  0000b840    00000046     ti_sysbios_config.o (.text.ti_sysbios_knl_Task_processVitalTaskFlag)
                  0000b886    00000046     ti_sysbios_config.o (.text.ti_sysbios_knl_Task_unblockI)
                  0000b8cc    00000046     ti_sysbios_config.o (.text.ti_sysbios_runtime_SysMin_output)
                  0000b912    00000044     ti_sysbios_config.o (.text.BIOS_rtsLock)
                  0000b956    00000002     --HOLE-- [fill = 0]
                  0000b958    00000044     drivers_cc26x2.a : GPIOCC26X2.c.obj (.text.GPIO_hwiIntFxn)
                  0000b99c    00000044     gui.o (.text.GUI_ChangeDeviceIp)
                  0000b9e0    00000044     gui.o (.text.GUI_ChangeTargetIp)
                  0000ba24    00000044     driverlib.lib : prcm.o (.text.NOROM_PRCMPowerDomainsAllOff)
                  0000ba68    00000044                   : prcm.o (.text.NOROM_PRCMPowerDomainsAllOn)
                  0000baac    00000044     rf_multiMode_cc26x2.a : RFCC26X2_multiMode.c.cc26x2.ticlang.o (.text.RF_cmdGet)
                  0000baf0    00000044                           : RFCC26X2_multiMode.c.cc26x2.ticlang.o (.text.RF_updatePowerupDuration)
                  0000bb34    00000044     drivers_cc26x2.a : SPI.c.obj (.text.SPI_init)
                  0000bb78    00000044     ti_sysbios_config.o (.text._pthread_cleanupFxn)
                  0000bbbc    00000044     drivers_cc26x2.a : TemperatureCC26X2.c.obj (.text.degreesToCode)
                  0000bc00    00000044                      : TemperatureCC26X2.c.obj (.text.setNextThresholds)
                  0000bc44    00000044     ti_sysbios_config.o (.text.ti_sysbios_knl_Task_restore)
                  0000bc88    00000044     libclang_rt.builtins.a : fixunsdfsi.S.obj (.text)
                  0000bccc    00000044     restart.o (.text)
                  0000bd10    00000042     EthernetClient.o (.text.EthernetClient_write)
                  0000bd52    00000042     EthernetUdp.o (.text.EthernetUDP_read)
                  0000bd94    00000042     ssd1306.o (.text.SSD1306_UpdateScreen)
                  0000bdd6    00000042     stv.o (.text.STV_WriteStringAtAddress)
                  0000be18    00000040     Ethernet.o (.text.Ethernet_begin_mac_ip_dns_gateway_subnet)
                  0000be58    00000040     main.o (.text.Main_CreateDashboardTask)
                  0000be98    00000040     main.o (.text.Main_CreateInitTask)
                  0000bed8    00000040     main.o (.text.Main_CreateSniffingTask)
                  0000bf18    00000040     drivers_cc26x2.a : PowerCC26X2_calibrateRCOSC.c.obj (.text.PowerCC26X2_RCOSC_clockFunc)
                  0000bf58    00000040                      : PowerCC26X2_calibrateRCOSC_helpers.c.obj (.text.PowerCC26X2_setAclkRefSrc)
                  0000bf98    00000040     rf_multiMode_cc26x2.a : RFCC26X2_multiMode.c.cc26x2.ticlang.o (.text.RF_updateHpOscOverride)
                  0000bfd8    00000040     drivers_cc26x2.a : SPI.c.obj (.text.SPI_open)
                  0000c018    00000040     ti_sysbios_config.o (.text.ti_sysbios_gates_GateMutex_enter)
                  0000c058    00000040     ti_sysbios_config.o (.text.ti_sysbios_knl_Semaphore_pendTimeout)
                  0000c098    00000040     ti_sysbios_config.o (.text.ti_sysbios_knl_Task_exit)
                  0000c0d8    0000003e     dashboard_task.o (.text.HandleInterrupt)
                  0000c116    0000003e     dashboard_task.o (.text.SendHtmlToClient)
                  0000c154    0000003e     w5500.o (.text.W5500_read)
                  0000c192    0000003e     w5500.o (.text.W5500_write)
                  0000c1d0    0000003e     ti_sysbios_config.o (.text.ti_sysbios_knl_Clock_getTicksUntilInterrupt)
                  0000c20e    0000003c     ti_sysbios_config.o (.text.BIOS_atExitFunc)
                  0000c24a    00000002     --HOLE-- [fill = 0]
                  0000c24c    0000003c     drivers_cc26x2.a : GPIO.c.obj (.text.GPIO_resetConfig)
                  0000c288    0000003c     driverlib.lib : sys_ctrl.o (.text.NOROM_SysCtrlIdle)
                  0000c2c4    0000003c     drivers_cc26x2.a : PowerCC26X2_calibrateRCOSC_helpers.c.obj (.text.PowerCC26X2_setTdcClkSrc24M)
                  0000c300    0000003c     ti_sysbios_config.o (.text.ti_sysbios_family_arm_m3_Hwi_setPriority)
                  0000c33c    0000003c     ti_sysbios_config.o (.text.ti_sysbios_knl_Task_restoreHwi)
                  0000c378    0000003c     drivers_cc26x2.a : TemperatureCC26X2.c.obj (.text.updateThresholds)
                  0000c3b4    0000003c     Printfg.o (.text.write_string)
                  0000c3f0    0000003a     stv.o (.text.STV_CopyStvFromFlashIfNotYet)
                  0000c42a    0000003a     ssd1306.o (.text.sendData)
                  0000c464    0000003a     ti_sysbios_config.o (.text.ti_sysbios_family_arm_m3_Hwi_clearInterrupt)
                  0000c49e    00000038     ti_drivers_config.o (.text.Board_wakeUpExtFlash)
                  0000c4d6    00000038     EthernetUdp.o (.text.EthernetUDP_stop)
                  0000c50e    00000038     Ethernet.o (.text.Ethernet_ClearConnectInterruptForAllSockets)
                  0000c546    00000002     --HOLE-- [fill = 0]
                  0000c548    00000038     drivers_cc26x2.a : PowerCC26X2_helpers.c.obj (.text.PowerCC26X2_oscDisableQualifiers)
                  0000c580    00000038                      : UDMACC26XX.c.obj (.text.UDMACC26XX_close)
                  0000c5b8    00000038     w5500.o (.text.W5500_readSnRX_RD)
                  0000c5f0    00000038     w5500.o (.text.W5500_readSnRX_RSR)
                  0000c628    00000038     w5500.o (.text.W5500_readSnTX_FSR)
                  0000c660    00000038     w5500.o (.text.W5500_readSnTX_WR)
                  0000c698    00000038     socket.o (.text.listen)
                  0000c6d0    00000038     rf_multiMode_cc26x2.a : rf_patch_cpe_bt5.c.cc26x2.ticlang.o (.text.rf_patch_cpe_bt5)
                  0000c708    00000038     libc.a : sprintf.c.obj (.text.sprintf)
                  0000c740    00000038     ti_sysbios_config.o (.text.ti_sysbios_runtime_Startup_exec)
                  0000c778    00000038     libc.a : autoinit.c.obj (.text:__TI_auto_init_nobinit_nopinit)
                  0000c7b0    00000038     libclang_rt.builtins.a : extendsfdf2.S.obj (.text)
                  0000c7e8    00000036     ti_sysbios_config.o (.text.BIOS_rtsUnlock)
                  0000c81e    00000036     ti_drivers_config.o (.text.Board_init)
                  0000c854    00000036     ti_sysbios_config.o (.text.SemaphoreP_pend)
                  0000c88a    00000036     ti_sysbios_config.o (.text.ti_sysbios_knl_Swi_construct2)
                  0000c8c0    00000034     html.o (.text.Html_strset)
                  0000c8f4    00000034     drivers_cc26x2.a : PowerCC26X2.c.obj (.text.Power_releaseConstraint)
                  0000c928    00000034     rf_multiMode_cc26x2.a : RFCC26X2_multiMode.c.cc26x2.ticlang.o (.text.RF_powerConstraintRelease)
                  0000c95c    00000034                           : RFCC26X2_multiMode.c.cc26x2.ticlang.o (.text.RF_runDirectImmediateCmd)
                  0000c990    00000034     w5500.o (.text.W5500_read_data)
                  0000c9c4    00000034     w5500.o (.text.W5500_writeSn_buf)
                  0000c9f8    00000034     libsysbm.a : trgmsg.c.obj (.text.__TI_writemsg)
                  0000ca2c    00000034     ti_sysbios_config.o (.text.ti_sysbios_family_arm_cc26xx_Timer_getMaxTicks)
                  0000ca60    00000034     ti_sysbios_config.o (.text.ti_sysbios_knl_Queue_put)
                  0000ca94    00000034     ti_sysbios_config.o (.text.ti_sysbios_runtime_System_vprintf)
                  0000cac8    00000034     sysbios.a : boot_cortex_m.obj (.text:_c_int00)
                  0000cafc    00000032     EthernetUdp.o (.text.EthernetUDP_write)
                  0000cb2e    00000032     ti_sysbios_config.o (.text.ti_sysbios_knl_Semaphore_create)
                  0000cb60    00000030     EthernetClient.o (.text.EthernetClient_read)
                  0000cb90    00000030     drivers_cc26x2.a : GPIOCC26XX.c.obj (.text.GPIO_setInterruptConfig)
                  0000cbc0    00000030                      : PowerCC26X2.c.obj (.text.Power_setConstraint)
                  0000cbf0    00000030     rf_multiMode_cc26x2.a : RFCC26X2_multiMode.c.cc26x2.ticlang.o (.text.RF_checkCmdFsError)
                  0000cc20    00000030     w5500.o (.text.W5500_writeSn)
                  0000cc50    00000030     libsysbm.a : trgmsg.c.obj (.text.__TI_readmsg)
                  0000cc80    00000030     radio_queue.o (.text.get16bitValue)
                  0000ccb0    00000030     drivers_cc26x2.a : PowerCC26X2.c.obj (.text.notify)
                  0000cce0    00000030     ti_sysbios_config.o (.text.ti_sysbios_family_arm_m3_Hwi_plug)
                  0000cd10    00000030     ti_sysbios_config.o (.text.ti_sysbios_heaps_HeapMem_free)
                  0000cd40    00000030     ti_sysbios_config.o (.text.ti_sysbios_knl_Clock_construct)
                  0000cd70    00000030     ti_sysbios_config.o (.text.ti_sysbios_knl_Idle_run)
                  0000cda0    0000002e     EthernetClient.o (.text.EthernetClient_status)
                  0000cdce    0000002e     EthernetUdp.o (.text.EthernetUDP_beginPacket_ip)
                  0000cdfc    0000002e     driverlib.lib : chipinfo.o (.text.NOROM_ThisLibraryIsFor_CC13x2_CC26x2_HwRev20AndLater_HaltIfViolated)
                  0000ce2a    0000002e     rf_multiMode_cc26x2.a : RFCC26X2_multiMode.c.cc26x2.ticlang.o (.text.RF_calculateDeltaTimeUs)
                  0000ce58    0000002e     ti_sysbios_config.o (.text._pthread_delete)
                  0000ce86    0000002e     ti_sysbios_config.o (.text.ti_sysbios_family_arm_m3_Hwi_initStack)
                  0000ceb4    0000002e     ti_sysbios_config.o (.text.ti_sysbios_gates_GateMutex_Instance_init)
                  0000cee2    00000002     --HOLE-- [fill = 0]
                  0000cee4    0000002e     libclang_rt.builtins.a : floatsidf.S.obj (.text)
                  0000cf12    0000002c     ti_sysbios_config.o (.text.BIOS_registerRTSLock)
                  0000cf3e    0000002c     ti_sysbios_config.o (.text.BIOS_removeRTSLock)
                  0000cf6a    00000002     --HOLE-- [fill = 0]
                  0000cf6c    0000002c     rf_multiMode_cc26x2.a : RFCC26X2_multiMode.c.cc26x2.ticlang.o (.text.RF_executeDirectImmediateCmd)
                  0000cf98    0000002c     drivers_cc26x2.a : TemperatureCC26X2.c.obj (.text.Temperature_unregisterNotify)
                  0000cfc4    0000002c     w5500.o (.text.W5500_execCmdSn)
                  0000cff0    0000002c     w5500.o (.text.W5500_writeSnDPORT)
                  0000d01c    0000002c     w5500.o (.text.W5500_writeSnPORT)
                  0000d048    0000002c     w5500.o (.text.W5500_writeSnRX_RD)
                  0000d074    0000002c     w5500.o (.text.W5500_writeSnTX_WR)
                  0000d0a0    0000002c     ti_sysbios_config.o (.text.ti_sysbios_knl_Semaphore_construct)
                  0000d0cc    0000002c     ti_sysbios_config.o (.text.ti_sysbios_runtime_Memory_free)
                  0000d0f8    0000002a     IPAddress.o (.text.IPAddress_Init_str)
                  0000d122    0000002a     driverlib.lib : osc.o (.text.NOROM_OSCHF_TurnOnXosc)
                  0000d14c    0000002a     radio_queue.o (.text.RadioQueue_init)
                  0000d176    0000002a     drivers_cc26x2.a : SPICC26X2DMA.c.obj (.text.SPICC26X2DMA_swiFxn)
                  0000d1a0    0000002a     ti_sysbios_config.o (.text.SemaphoreP_constructBinary)
                  0000d1ca    0000002a     ti_sysbios_config.o (.text.ti_sysbios_knl_Clock_initI)
                  0000d1f4    0000002a     ti_sysbios_config.o (.text.ti_sysbios_knl_Task_enter)
                  0000d21e    00000028     EthernetClient.o (.text.EthernetClient_available)
                  0000d246    00000028     drivers_cc26x2.a : I2C.c.obj (.text.I2C_cancel)
                  0000d26e    00000028                      : List.c.obj (.text.List_remove)
                  0000d296    00000002     --HOLE-- [fill = 0]
                  0000d298    00000028                      : PowerCC26X2.c.obj (.text.PowerCC26XX_isStableXOSC_HF)
                  0000d2c0    00000028     rf_multiMode_cc26x2.a : RFCC26X2_multiMode.c.cc26x2.ticlang.o (.text.RF_cmdStoreEvents)
                  0000d2e8    00000028     w5500.o (.text.W5500_readSn)
                  0000d310    00000028     sysbios.a : Hwi_asm_gnu.obj (.text.ti_sysbios_family_arm_m3_Hwi_excHandlerAsm)
                  0000d338    00000028     ti_sysbios_config.o (.text.ti_sysbios_gates_GateMutex_construct)
                  0000d360    00000028     ti_sysbios_config.o (.text.ti_sysbios_knl_Queue_enqueue)
                  0000d388    00000028     ti_sysbios_config.o (.text.ti_sysbios_knl_Swi_or)
                  0000d3b0    00000028     sysbios.a : TaskSupport_asm_gnu.obj (.text.ti_sysbios_knl_TaskSupport_swap)
                  0000d3d8    00000028     ti_sysbios_config.o (.text.ti_sysbios_knl_Task_sleepTimeout)
                  0000d400    00000028     ti_sysbios_config.o (.text.ti_sysbios_runtime_System_init)
                  0000d428    00000028     ti_sysbios_config.o (.text.ti_sysbios_runtime_System_printf)
                  0000d450    00000026     drivers_cc26x2.a : List.c.obj (.text.List_insert)
                  0000d476    00000026                      : List.c.obj (.text.List_putHead)
                  0000d49c    00000026                      : SPICC26X2DMA.c.obj (.text.flushFifos)
                  0000d4c2    00000026     ti_sysbios_config.o (.text.ti_sysbios_family_arm_m3_Hwi_getHandle)
                  0000d4e8    00000026     ti_sysbios_config.o (.text.ti_sysbios_knl_Swi_destruct)
                  0000d50e    00000026     ti_sysbios_config.o (.text.ti_sysbios_knl_Task_allBlockedFunction)
                  0000d534    00000026     ti_sysbios_config.o (.text.ti_sysbios_knl_Task_delete)
                  0000d55a    00000026     ti_sysbios_config.o (.text.ti_sysbios_knl_Task_destruct)
                  0000d580    00000024     ti_sysbios_config.o (.text.HwiP_setFunc)
                  0000d5a4    00000024     drivers_cc26x2.a : List.c.obj (.text.List_put)
                  0000d5c8    00000024                      : PowerCC26X2_helpers.c.obj (.text.PowerCC26X2_getOscHfSourceReady)
                  0000d5ec    00000024                      : PowerCC26X2_helpers.c.obj (.text.PowerCC26X2_setSubSecIncToXoscLf)
                  0000d610    00000024                      : PowerCC26X2_calibrateRCOSC_helpers.c.obj (.text.PowerCC26X2_writeCtrim)
                  0000d634    00000024                      : PowerCC26X2_calibrateRCOSC_helpers.c.obj (.text.PowerCC26X2_writeCtrimFract)
                  0000d658    00000024                      : PowerCC26X2_calibrateRCOSC_helpers.c.obj (.text.PowerCC26X2_writeCtrimFractEn)
                  0000d67c    00000024                      : PowerCC26X2_calibrateRCOSC_helpers.c.obj (.text.PowerCC26X2_writeRtrim)
                  0000d6a0    00000024                      : PowerCC26X2.c.obj (.text.Power_registerNotify)
                  0000d6c4    00000024     rf_multiMode_cc26x2.a : RFCC26X2_multiMode.c.cc26x2.ticlang.o (.text.RF_clkPowerUp)
                  0000d6e8    00000024                           : RFCC26X2_multiMode.c.cc26x2.ticlang.o (.text.RF_hwiCpe0ChangePhy)
                  0000d70c    00000024                           : RFCC26X2_multiMode.c.cc26x2.ticlang.o (.text.RF_isStateTransitionAllowed)
                  0000d730    00000024                           : RFCC26X2_multiMode.c.cc26x2.ticlang.o (.text.RF_searchAndReplacePAOverride)
                  0000d754    00000024     ssd1306.o (.text.SSD1306_SetPosition)
                  0000d778    00000024     drivers_cc26x2.a : SPICC26X2DMA.c.obj (.text.releaseConstraint)
                  0000d79c    00000024     ti_sysbios_config.o (.text.ti_sysbios_family_arm_cc26xx_Timer_Params_init)
                  0000d7c0    00000024     ti_sysbios_config.o (.text.ti_sysbios_knl_Task_Params_init)
                  0000d7e4    00000022     ti_sysbios_config.o (.text.BIOS_setThreadType)
                  0000d806    00000022     drivers_cc26x2.a : List.c.obj (.text.List_get)
                  0000d828    00000022     w5500.o (.text.W5500_send_data_processing)
                  0000d84a    00000022     libc.a : memcmp.c.obj (.text.memcmp)
                  0000d86c    00000022     socket.o (.text.sendUDP)
                  0000d88e    00000022     ti_sysbios_config.o (.text.ti_sysbios_gates_GateMutex_leave)
                  0000d8b0    00000022     ti_sysbios_config.o (.text.ti_sysbios_heaps_HeapMem_restore)
                  0000d8d2    00000022     ti_sysbios_config.o (.text.ti_sysbios_knl_Clock_getTicks)
                  0000d8f4    00000022     ti_sysbios_config.o (.text.ti_sysbios_knl_Clock_scheduleNextTick)
                  0000d916    00000022     ti_sysbios_config.o (.text.ti_sysbios_knl_Queue_dequeue)
                  0000d938    00000022     ti_sysbios_config.o (.text.ti_sysbios_knl_Semaphore_destruct)
                  0000d95a    00000020     Dhcp.o (.text.DHCP_reset_DHCP_lease)
                  0000d97a    00000020     EthernetUdp.o (.text.EthernetUDP_write_byte)
                  0000d99a    00000002     --HOLE-- [fill = 0]
                  0000d99c    00000020     rf_multiMode_cc26x2.a : rfc.c.cc26x2.ticlang.o (.text.NOROM_RFCDoorbellSendTo)
                  0000d9bc    00000020                           : rfc.c.cc26x2.ticlang.o (.text.NOROM_RFCOverrideSearch)
                  0000d9dc    00000020     drivers_cc26x2.a : PowerCC26X2_helpers.c.obj (.text.PowerCC26X2_disableTCXOQual)
                  0000d9fc    00000020                      : PowerCC26X2_helpers.c.obj (.text.PowerCC26X2_enableTCXOQual)
                  0000da1c    00000020     ti_sysbios_config.o (.text.PowerCC26XX_schedulerDisable)
                  0000da3c    00000020     ti_sysbios_config.o (.text.PowerCC26XX_schedulerRestore)
                  0000da5c    00000020     drivers_cc26x2.a : PowerCC26X2.c.obj (.text.Power_unregisterNotify)
                  0000da7c    00000020     rf_multiMode_cc26x2.a : RFCC26X2_multiMode.c.cc26x2.ticlang.o (.text.RF_cmdAlloc)
                  0000da9c    00000020                           : RFCC26X2_multiMode.c.cc26x2.ticlang.o (.text.RF_invokeGlobalCallback)
                  0000dabc    00000020                           : RFCC26X2_multiMode.c.cc26x2.ticlang.o (.text.RF_ratIsRunning)
                  0000dadc    00000020     radio_proc.o (.text.Radio_StopRx)
                  0000dafc    00000020     socket.o (.text.close)
                  0000db1c    00000020     ti_sysbios_config.o (.text.ti_sysbios_family_arm_cc26xx_Timer_postInit)
                  0000db3c    00000020     ti_sysbios_config.o (.text.ti_sysbios_family_arm_m3_Hwi_excHandler)
                  0000db5c    00000020     ti_sysbios_config.o (.text.ti_sysbios_family_arm_m3_Hwi_post)
                  0000db7c    00000020     ti_sysbios_config.o (.text.ti_sysbios_knl_ClockSupport_getCurrentTick)
                  0000db9c    00000020     libclang_rt.builtins.a : floatunsidf.S.obj (.text)
                  0000dbbc    0000001e     ti_sysbios_config.o (.text.SwiP_Params_init)
                  0000dbda    0000001e     w5500.o (.text.W5500_writeSnCR)
                  0000dbf8    0000001e     w5500.o (.text.W5500_writeSnIR)
                  0000dc16    0000001e     w5500.o (.text.W5500_writeSnMR)
                  0000dc34    0000001e     libc.a : memccpy.c.obj (.text.memccpy)
                  0000dc52    0000001e     sysbios.a : Hwi_asm_switch_gnu.obj (.text.ti_sysbios_family_arm_m3_Hwi_switchAndRunFunc)
                  0000dc70    0000001e     ti_sysbios_config.o (.text.ti_sysbios_family_arm_m3_Hwi_switchFromBootStack)
                  0000dc8e    0000001e     ti_sysbios_config.o (.text.ti_sysbios_knl_Task_unblock)
                  0000dcac    0000001e     Printfg.o (.text.write_byte)
                  0000dcca    0000001c     EthernetClient.o (.text.EthernetClient_begin)
                  0000dce6    0000001c     EthernetClient.o (.text.EthernetClient_print)
                  0000dd02    0000001c     EthernetUdp.o (.text.EthernetUDP_flush)
                  0000dd1e    00000002     --HOLE-- [fill = 0]
                  0000dd20    0000001c     drivers_cc26x2.a : GPIO.c.obj (.text.GPIO_setCallback)
                  0000dd3c    0000001c                      : GPIOCC26XX.c.obj (.text.GPIO_setMux)
                  0000dd58    0000001c     ti_sysbios_config.o (.text.HwiP_Params_init)
                  0000dd74    0000001c     drivers_cc26x2.a : PowerCC26X2.c.obj (.text.Power_getTransitionLatency)
                  0000dd90    0000001c     rf_multiMode_cc26x2.a : RFCC26X2_multiMode.c.cc26x2.ticlang.o (.text.RF_clkInactivityCallback)
                  0000ddac    0000001c                           : RFCC26X2_multiMode.c.cc26x2.ticlang.o (.text.RF_getPAOverrideOffsetAndValue)
                  0000ddc8    0000001c                           : RFCC26X2_multiMode.c.cc26x2.ticlang.o (.text.RF_powerConstraintSet)
                  0000dde4    0000001c                           : RFCC26X2_multiMode.c.cc26x2.ticlang.o (.text.RF_swiFsm)
                  0000de00    0000001c     w5500.o (.text.W5500_writeSnDIPR)
                  0000de1c    0000001c     drivers_cc26x2.a : TemperatureCC26X2.c.obj (.text.setTempLowerLimit)
                  0000de38    0000001c                      : TemperatureCC26X2.c.obj (.text.setTempUpperLimit)
                  0000de54    0000001c     ti_sysbios_config.o (.text.ti_sysbios_family_arm_cc26xx_Timer_dynamicStub)
                  0000de70    0000001c     ti_sysbios_config.o (.text.ti_sysbios_family_arm_m3_Hwi_Params_init)
                  0000de8c    0000001c     dashboard_task.o (.text.ti_sysbios_family_arm_m3_Hwi_disable)
                  0000dea8    0000001c     ti_sysbios_config.o (.text.ti_sysbios_knl_Clock_enqueueI)
                  0000dec4    0000001c     ti_sysbios_config.o (.text.ti_sysbios_knl_Clock_start)
                  0000dee0    0000001c     ti_sysbios_config.o (.text.ti_sysbios_knl_Queue_remove)
                  0000defc    0000001c     ti_sysbios_config.o (.text.ti_sysbios_knl_Swi_Params_init)
                  0000df18    0000001c     ti_sysbios_config.o (.text.ti_sysbios_knl_Swi_disable)
                  0000df34    0000001c     ti_sysbios_config.o (.text.ti_sysbios_knl_Task_disable)
                  0000df50    0000001a     ti_sysbios_config.o (.text.BIOS_exitFunc)
                  0000df6a    0000001a     ti_sysbios_config.o (.text.BIOS_getCpuFreq)
                  0000df84    0000001a     drivers_cc26x2.a : I2CCC26XX.c.obj (.text.I2CCC26XX_completeTransfer)
                  0000df9e    0000001a     ti_sysbios_config.o (.text.ti_sysbios_knl_Semaphore_Instance_finalize)
                  0000dfb8    00000018     ti_sysbios_config.o (.text.BIOS_exit)
                  0000dfd0    00000018     Dhcp.o (.text.DHCP_getDnsServerIp)
                  0000dfe8    00000018     Dhcp.o (.text.DHCP_getGatewayIp)
                  0000e000    00000018     Dhcp.o (.text.DHCP_getLocalIp)
                  0000e018    00000018     Dhcp.o (.text.DHCP_getSubnetMask)
                  0000e030    00000018     drivers_cc26x2.a : GPIOCC26XX.c.obj (.text.GPIO_disableInt)
                  0000e048    00000018                      : PowerCC26X2.c.obj (.text.PowerCC26XX_calibrate)
                  0000e060    00000018                      : PowerCC26X2.c.obj (.text.Power_idleFunc)
                  0000e078    00000018     rf_multiMode_cc26x2.a : RFCC26X2_multiMode.c.cc26x2.ticlang.o (.text.RF_restartClockTimeout)
                  0000e090    00000018     stv.o (.text.STV_WriteAtAddress)
                  0000e0a8    00000018     w5500.o (.text.W5500_writeSIR)
                  0000e0c0    00000018     libc.a : sprintf.c.obj (.text._outs)
                  0000e0d8    00000018     Printfg.o (.text.print)
                  0000e0f0    00000018     ti_sysbios_config.o (.text.ti_sysbios_family_arm_cc26xx_Timer_getCount64)
                  0000e108    00000018     ti_sysbios_config.o (.text.ti_sysbios_family_arm_m3_Hwi_setFunc)
                  0000e120    00000018     ti_sysbios_config.o (.text.ti_sysbios_knl_ClockSupport_setNextTick)
                  0000e138    00000018     sysbios.a : TaskSupport_asm_gnu.obj (.text.ti_sysbios_knl_TaskSupport_glue)
                  0000e150    00000016     ti_sysbios_config.o (.text.ClockP_Params_init)
                  0000e166    00000016     drivers_cc26x2.a : List.c.obj (.text.List_clearList)
                  0000e17c    00000016     radio_queue.o (.text.RadioQueue_hasPacket)
                  0000e192    00000016     radio_queue.o (.text.RadioQueue_nextEntry)
                  0000e1a8    00000016     w5500.o (.text.W5500_readGAR)
                  0000e1be    00000016     w5500.o (.text.W5500_readSIPR)
                  0000e1d4    00000016     w5500.o (.text.W5500_readSUBR)
                  0000e1ea    00000016     w5500.o (.text.W5500_readSnCR)
                  0000e200    00000016     w5500.o (.text.W5500_readSnIR)
                  0000e216    00000016     w5500.o (.text.W5500_readSnSR)
                  0000e22c    00000016     w5500.o (.text.W5500_writeGAR)
                  0000e242    00000016     w5500.o (.text.W5500_writeSHAR)
                  0000e258    00000016     w5500.o (.text.W5500_writeSIPR)
                  0000e26e    00000016     w5500.o (.text.W5500_writeSUBR)
                  0000e284    00000016     ArduinoCompatibility.o (.text.delay)
                  0000e29a    00000016     socket.o (.text.disconnect)
                  0000e2b0    00000016     dashboard_task.o (.text.ti_sysbios_family_arm_m3_Hwi_enable)
                  0000e2c6    00000016     ti_sysbios_config.o (.text.ti_sysbios_family_arm_m3_Hwi_enable)
                  0000e2dc    00000016     ti_sysbios_config.o (.text.ti_sysbios_knl_Intrinsics_maxbit)
                  0000e2f2    00000016     ti_sysbios_config.o (.text.ti_sysbios_knl_Queue_construct)
                  0000e308    00000016     ti_sysbios_config.o (.text.ti_sysbios_knl_Queue_empty)
                  0000e31e    00000016     ti_sysbios_config.o (.text.ti_sysbios_runtime_SystemSupport_init)
                  0000e334    00000016     ti_sysbios_config.o (.text.ti_sysbios_runtime_System_exit)
                  0000e34a    00000014     ti_sysbios_config.o (.text.ClockP_setTimeout)
                  0000e35e    00000002     --HOLE-- [fill = 0]
                  0000e360    00000014     drivers_cc26x2.a : GPIOCC26XX.c.obj (.text.GPIO_read)
                  0000e374    00000014                      : GPIO.c.obj (.text.GPIO_setUserArg)
                  0000e388    00000014                      : I2CCC26XX.c.obj (.text.I2CCC26XX_postNotify)
                  0000e39c    00000014                      : SPICC26X2DMA.c.obj (.text.OUTLINED_FUNCTION_0)
                  0000e3b0    00000014     rf_multiMode_cc26x2.a : RFCC26X2_multiMode.c.cc26x2.ticlang.o (.text.RF_dbellSyncOnAck)
                  0000e3c4    00000014                           : RFCC26X2_multiMode.c.cc26x2.ticlang.o (.text.RF_flushCmd)
                  0000e3d8    00000014     ti_sysbios_config.o (.text.SwiP_or)
                  0000e3ec    00000014     drivers_cc26x2.a : TemperatureCC26X2.c.obj (.text.Temperature_getTemperature)
                  0000e400    00000014     libc.a : args_main.c.obj (.text._args_main)
                  0000e414    00000014     ti_sysbios_config.o (.text.ti_sysbios_family_arm_cc26xx_TimestampProvider_init)
                  0000e428    00000014     ti_sysbios_config.o (.text.ti_sysbios_family_arm_m3_Hwi_disable)
                  0000e43c    00000014     ti_sysbios_config.o (.text.ti_sysbios_knl_Swi_Instance_finalize)
                  0000e450    00000014     ti_sysbios_config.o (.text.ti_sysbios_runtime_System_printf_va)
                  0000e464    00000014     libclang_rt.builtins.a : aeabi_ldivmod.S.obj (.text)
                  0000e478    00000014                            : aeabi_memset.S.obj (.text)
                  0000e48c    00000014                            : aeabi_uldivmod.S.obj (.text)
                  0000e4a0    00000012     EthernetUdp.o (.text.EthernetUDP_endPacket)
                  0000e4b2    00000012     drivers_cc26x2.a : I2C.c.obj (.text.I2C_transfer)
                  0000e4c4    00000012     ti_drivers_config.o (.text.configureCallbacks)
                  0000e4d6    00000012     ti_sysbios_config.o (.text.ti_sysbios_family_arm_m3_Hwi_destruct)
                  0000e4e8    00000012     ti_sysbios_config.o (.text.ti_sysbios_family_arm_m3_Hwi_doSwiRestore)
                  0000e4fa    00000012     ti_sysbios_config.o (.text.ti_sysbios_family_arm_m3_Hwi_doTaskRestore)
                  0000e50c    00000012     ti_sysbios_config.o (.text.ti_sysbios_heaps_HeapMem_Params_init)
                  0000e51e    00000012     ti_sysbios_config.o (.text.ti_sysbios_heaps_HeapMem_init)
                  0000e530    00000012     ti_sysbios_config.o (.text.ti_sysbios_knl_Clock_Params_init)
                  0000e542    00000012     ti_sysbios_config.o (.text.ti_sysbios_knl_Clock_tick)
                  0000e554    00000012     ti_sysbios_config.o (.text.ti_sysbios_knl_Queue_Instance_init)
                  0000e566    00000012     ti_sysbios_config.o (.text.ti_sysbios_knl_Semaphore_Params_init)
                  0000e578    00000012     libc.a : memcpy_t2.S.obj (.text:TI_memcpy_small)
                  0000e58a    00000010     ti_sysbios_config.o (.text.BIOS_start)
                  0000e59a    00000010     ti_sysbios_config.o (.text.ClockP_getCpuFreq)
                  0000e5aa    00000010     ti_sysbios_config.o (.text.ClockP_getTimeout)
                  0000e5ba    00000010     ti_sysbios_config.o (.text.ClockP_isActive)
                  0000e5ca    00000010     ti_sysbios_config.o (.text.ClockP_start)
                  0000e5da    00000010     ti_sysbios_config.o (.text.ClockP_stop)
                  0000e5ea    00000010     Ethernet.o (.text.Ethernet_gatewayIP)
                  0000e5fa    00000010     Ethernet.o (.text.Ethernet_localIP)
                  0000e60a    00000010     Ethernet.o (.text.Ethernet_subnetMask)
                  0000e61a    00000002     --HOLE-- [fill = 0]
                  0000e61c    00000010     drivers_cc26x2.a : GPIO.c.obj (.text.GPIO_getUserArg)
                  0000e62c    00000010                      : GPIOCC26XX.c.obj (.text.GPIO_write)
                  0000e63c    00000010     ti_sysbios_config.o (.text.HwiP_clearInterrupt)
                  0000e64c    00000010     ti_sysbios_config.o (.text.HwiP_destruct)
                  0000e65c    00000010     ti_sysbios_config.o (.text.HwiP_disable)
                  0000e66c    00000010     ti_sysbios_config.o (.text.HwiP_disableInterrupt)
                  0000e67c    00000010     ti_sysbios_config.o (.text.HwiP_enableInterrupt)
                  0000e68c    00000010     ti_sysbios_config.o (.text.HwiP_post)
                  0000e69c    00000010     ti_sysbios_config.o (.text.HwiP_restore)
                  0000e6ac    00000010     rf_multiMode_cc26x2.a : rfc.c.cc26x2.ticlang.o (.text.NOROM_RFCCpeIntGetAndClear)
                  0000e6bc    00000010                           : rfc.c.cc26x2.ticlang.o (.text.NOROM_RFCHwIntGetAndClear)
                  0000e6cc    00000010     drivers_cc26x2.a : PowerCC26X2_helpers.c.obj (.text.PowerCC26X2_oscCtlClearXtal)
                  0000e6dc    00000010                      : PowerCC26X2_helpers.c.obj (.text.PowerCC26X2_prcmEnableCacheRetention)
                  0000e6ec    00000010                      : PowerCC26X2_calibrateRCOSC_helpers.c.obj (.text.PowerCC26X2_readCtrim)
                  0000e6fc    00000010                      : PowerCC26X2_calibrateRCOSC_helpers.c.obj (.text.PowerCC26X2_readCtrimFract)
                  0000e70c    00000010                      : PowerCC26X2_calibrateRCOSC_helpers.c.obj (.text.PowerCC26X2_readRtrim)
                  0000e71c    00000010                      : PowerCC26X2_helpers.c.obj (.text.PowerCC26X2_switchToTCXO)
                  0000e72c    00000010                      : PowerCC26X2.c.obj (.text.Power_getDependencyCount)
                  0000e73c    00000010     ti_sysbios_config.o (.text.SemaphoreP_destruct)
                  0000e74c    00000010     ti_sysbios_config.o (.text.SemaphoreP_post)
                  0000e75c    00000010     ti_sysbios_config.o (.text.SwiP_destruct)
                  0000e76c    00000010     ti_sysbios_config.o (.text.SwiP_getTrigger)
                  0000e77c    00000010     ti_sysbios_config.o (.text.SwiP_post)
                  0000e78c    00000010     ti_sysbios_config.o (.text.SysCtrlAonUpdate)
                  0000e79c    00000010     w5500.o (.text.W5500_getGatewayIp)
                  0000e7ac    00000010     w5500.o (.text.W5500_getIPAddress)
                  0000e7bc    00000010     w5500.o (.text.W5500_getSubnetMask)
                  0000e7cc    00000010     w5500.o (.text.W5500_setGatewayIp)
                  0000e7dc    00000010     w5500.o (.text.W5500_setIPAddress)
                  0000e7ec    00000010     w5500.o (.text.W5500_setMACAddress)
                  0000e7fc    00000010     w5500.o (.text.W5500_setSubnetMask)
                  0000e80c    00000010     ti_sysbios_config.o (.text.ti_sysbios_family_arm_cc26xx_Timer_setPeriod)
                  0000e81c    00000010     ti_sysbios_config.o (.text.ti_sysbios_knl_ClockSupport_getMaxTicks)
                  0000e82c    00000010     ti_sysbios_config.o (.text.ti_sysbios_knl_Clock_isActive)
                  0000e83c    00000010     ti_sysbios_config.o (.text.ti_sysbios_knl_Clock_removeI)
                  0000e84c    00000010     ti_sysbios_config.o (.text.ti_sysbios_knl_Clock_setTimeout)
                  0000e85c    00000010     ti_sysbios_config.o (.text.ti_sysbios_knl_Idle_loop)
                  0000e86c    00000010     ti_sysbios_config.o (.text.ti_sysbios_knl_Queue_destruct)
                  0000e87c    00000010     ti_sysbios_config.o (.text.ti_sysbios_knl_Queue_elemClear)
                  0000e88c    00000010     ti_sysbios_config.o (.text.ti_sysbios_knl_Swi_enabled)
                  0000e89c    00000010     ti_sysbios_config.o (.text.ti_sysbios_runtime_Types_argToFloat)
                  0000e8ac    00000010     libc.a : copy_zero_init.c.obj (.text:decompress:ZI)
                  0000e8bc    0000000e     ti_sysbios_config.o (.text.BIOS_linkedWithIncorrectBootLibrary)
                  0000e8ca    0000000e     EthernetUdp.o (.text.EthernetUDP_begin_init)
                  0000e8d8    0000000e     ti_sysbios_config.o (.text.IntMasterDisable)
                  0000e8e6    0000000e     ti_sysbios_config.o (.text.IntMasterEnable)
                  0000e8f4    0000000e     drivers_cc26x2.a : PowerCC26X2.c.obj (.text.OUTLINED_FUNCTION_0)
                  0000e902    0000000e     rf_multiMode_cc26x2.a : RFCC26X2_multiMode.c.cc26x2.ticlang.o (.text.OUTLINED_FUNCTION_0)
                  0000e910    0000000e                           : RFCC26X2_multiMode.c.cc26x2.ticlang.o (.text.OUTLINED_FUNCTION_3)
                  0000e91e    0000000e     libc.a : strcpy.c.obj (.text.strcpy)
                  0000e92c    0000000e            : _printfi.c.obj (.text.strlen)
                  0000e93a    0000000e            : strlen.c.obj (.text.strlen)
                  0000e948    0000000e     drivers_cc26x2.a : PowerCC26X2.c.obj (.text.switchToTCXO)
                  0000e956    0000000e     dashboard_task.o (.text.ti_sysbios_family_arm_m3_Hwi_restore)
                  0000e964    0000000e     ti_sysbios_config.o (.text.ti_sysbios_family_arm_m3_Hwi_restore)
                  0000e972    0000000e     ti_sysbios_config.o (.text.ti_sysbios_heaps_HeapMem_isBlocking)
                  0000e980    0000000e     ti_sysbios_config.o (.text.ti_sysbios_knl_Clock_stop)
                  0000e98e    0000000e     ti_sysbios_config.o (.text.ti_sysbios_runtime_SystemSupport_exit)
                  0000e99c    0000000e     libc.a : memset_t2.S.obj (.text:TI_memset_small)
                  0000e9aa    0000000e            : copy_decompress_none.c.obj (.text:decompress:none)
                  0000e9b8    0000000c     ti_sysbios_config.o (.text.AONRTCCurrentCompareValueGet)
                  0000e9c4    0000000c     ti_sysbios_config.o (.text.BIOS_getThreadType)
[...]
0000e579  TI_memcpy_small                                                    
0000e58b  BIOS_start                                                         
0000e59b  ClockP_getCpuFreq                                                  
0000e5ab  ClockP_getTimeout                                                  
0000e5bb  ClockP_isActive                                                    
0000e5cb  ClockP_start                                                       
0000e5db  ClockP_stop                                                        
0000e5eb  Ethernet_gatewayIP                                                 
0000e5fb  Ethernet_localIP                                                   
0000e60b  Ethernet_subnetMask                                                
0000e61d  GPIO_getUserArg                                                    
0000e62d  GPIO_write                                                         
0000e63d  HwiP_clearInterrupt                                                
0000e64d  HwiP_destruct                                                      
0000e65d  HwiP_disable                                                       
0000e66d  HwiP_disableInterrupt                                              
0000e67d  HwiP_enableInterrupt                                               
0000e68d  HwiP_post                                                          
0000e69d  HwiP_restore                                                       
0000e6ad  NOROM_RFCCpeIntGetAndClear                                         
0000e6bd  NOROM_RFCHwIntGetAndClear                                          
0000e6cd  PowerCC26X2_oscCtlClearXtal                                        
0000e6dd  PowerCC26X2_prcmEnableCacheRetention                               
0000e6ed  PowerCC26X2_readCtrim                                              
0000e6fd  PowerCC26X2_readCtrimFract                                         
0000e70d  PowerCC26X2_readRtrim                                              
0000e71d  PowerCC26X2_switchToTCXO                                           
0000e72d  Power_getDependencyCount                                           
0000e73d  SemaphoreP_destruct                                                
0000e74d  SemaphoreP_post                                                    
0000e75d  SwiP_destruct                                                      
0000e76d  SwiP_getTrigger                                                    
0000e77d  SwiP_post                                                          
0000e79d  W5500_getGatewayIp                                                 
0000e7ad  W5500_getIPAddress                                                 
0000e7bd  W5500_getSubnetMask                                                
0000e7cd  W5500_setGatewayIp                                                 
0000e7dd  W5500_setIPAddress                                                 
0000e7ed  W5500_setMACAddress                                                
0000e7fd  W5500_setSubnetMask                                                
0000e80d  ti_sysbios_family_arm_cc26xx_Timer_setPeriod                       
0000e81d  ti_sysbios_knl_ClockSupport_getMaxTicks                            
0000e82d  ti_sysbios_knl_Clock_isActive                                      
0000e83d  ti_sysbios_knl_Clock_removeI                                       
0000e84d  ti_sysbios_knl_Clock_setTimeout                                    
0000e85d  ti_sysbios_knl_Idle_loop                                           
0000e86d  ti_sysbios_knl_Queue_destruct                                      
0000e87d  ti_sysbios_knl_Queue_elemClear                                     
0000e88d  ti_sysbios_knl_Swi_enabled                                         
0000e8ad  __TI_zero_init                                                     
0000e8bd  BIOS_linkedWithIncorrectBootLibrary                                
0000e8cb  EthernetUDP_begin_init                                             
0000e91f  strcpy                                                             
0000e93b  strlen                                                             
0000e973  ti_sysbios_heaps_HeapMem_isBlocking                                
0000e981  ti_sysbios_knl_Clock_stop                                          
0000e98f  ti_sysbios_runtime_SystemSupport_exit                              
0000e99d  TI_memset_small                                                    
0000e9ab  __TI_decompress_none                                               
0000e9c5  BIOS_getThreadType                                                 
0000e9d1  ClockP_getSystemTickPeriod                                         
0000e9dd  EthernetUDP_available                                              
0000e9e9  EthernetUDP_rawIPAddress                                           
0000e9f5  EthernetUDP_remotePort                                             
0000ea01  I2C_Params_init                                                    
0000ea0d  NOROM_CPUcpsid                                                     
0000ea19  NOROM_CPUcpsie                                                     
0000ea31  PowerCC26X2_oscClockSourceGet                                      
0000ea3d  PowerCC26X2_setPeriphDeepSleepEnable                               
0000ea49  PowerCC26X2_sysCtrlGetResetSource                                  
0000ea55  PowerCC26X2_sysCtrlVoltageConditionalControl                       
0000ea61  Power_getConstraintMask                                            
0000ea6d  RF_Params_init                                                     
0000ea79  Radio_GetCurrentProtocol                                           
0000ea85  SPI_Params_init                                                    
0000ea91  STV_ReadFromAddress                                                
0000ea9d  _register_lock                                                     
0000eaa9  _register_unlock                                                   
0000eab5  resetSS                                                            
0000eac1  setSS                                                              
0000ead9  ti_sysbios_knl_Queue_head                                          
0000eae5  ti_sysbios_knl_Queue_next                                          
0000eaf1  ti_sysbios_knl_Queue_prev                                          
0000eafd  ti_sysbios_knl_Swi_getTrigger                                      
0000eb09  ti_sysbios_knl_Swi_postInit                                        
0000eb15  ti_sysbios_knl_Swi_self                                            
0000eb21  ti_sysbios_knl_Task_self                                           
0000eb4b  PowerCC26X2_sysCtrlStandby                                         
0000eb55  RadioQueue_getDQpointer                                            
0000eb5f  SPICC26X2DMA_init                                                  
0000eb69  UDMACC26XX_hwiIntFxn                                               
0000eba5  ti_sysbios_knl_Swi_startup                                         
0000ebaf  ti_sysbios_runtime_Error_check                                     
0000ebcd  Boot_trimDevice                                                    
0000ebd5  DHCP_presend_DHCP                                                  
0000ebe5  I2CSupport_masterFinish                                            
0000ebed  NOROM_CPUdelay                                                     
0000ec05  PowerCC26X2_oschfTrySwitchToXosc                                   
0000ec0d  ResetISR                                                           
0000ec15  __aeabi_errno_addr                                                 
0000ec1d  _system_post_cinit                                                 
0000ec25  _system_pre_init                                                   
0000ec35  ti_sysbios_family_arm_m3_Hwi_startup                               
0000ec3d  ti_sysbios_runtime_Startup_reset                                   
0000ec45  ti_sysbios_runtime_System_exitSpin                                 
0000ec4d  I2CSupport_powerSetConstraint                                      
0000ec5f  SPI_transfer                                                       
0000ec65  random                                                             
0000ec6b  NOROM_RFCOverrideUpdate                                            
0000ec73  PowerCC26X2_oschfSwitchToRcosc                                     
0000ec77  PowerCC26X2_sysCtrlIdle                                            
0000ec7b  PowerCC26X2_turnOnXosc                                             
0000ec7f  RF_defaultExecutionPolicy                                          
0000ec8b  ti_sysbios_gates_GateMutex_canBlock                                
0000ec8f  ti_sysbios_knl_TaskSupport_getStackAlignment                       
0000ec93  ti_sysbios_runtime_Memory_getMaxDefaultTypeAlign                   
0000ec97  ti_sysbios_runtime_SystemSupport_ready                             
0000ec9d  __aeabi_memcpy                                                     
0000ec9d  __aeabi_memcpy4                                                    
0000ec9d  __aeabi_memcpy8                                                    
0000f28f  GPIO_pinLowerBound                                                 
000100da  GPIO_pinUpperBound                                                 
000100db  I2C_count                                                          
000100dc  ti_sysbios_family_arm_m3_Hwi_disablePriority                       
00010218  resourceDB                                                         
0001026c  spiCC26X2DMAHWAttrs                                                
000102f2  SPI_count                                                          
000102f3  TemperatureCC26X2_config                                           
000102f4  SPI_defaultParams                                                  
00010314  SSD1306_InitSequence                                               
0001038a  ti_sysbios_knl_Clock_tickMode                                      
0001038b  ti_sysbios_knl_Task_checkStackFlag                                 
0001038c  SPICC26X2DMA_fxnTable                                              
000103d4  i2cCC26xxHWAttrs                                                   
00010404  PowerCC26X2_config                                                 
0001043f  ti_sysbios_knl_Task_initStackFlag                                  
00010440  GPIO_config                                                        
00010460  RFCC26XX_hwAttrs                                                   
0001046c  SPI_config                                                         
000104a4  I2C_config                                                         
000104ac  UDMACC26XX_config                                                  
000104bc  ti_sysbios_knl_Idle_funcList                                       
000104c4  udmaCC26XXHWAttrs                                                  
000104d4  ti_sysbios_family_arm_m3_Hwi_swiTaskKeyAddress                     
000104dc  ti_sysbios_knl_Clock_tickPeriod                                    
000104e0  ti_sysbios_knl_Swi_numPriorities                                   
000104e4  __c_args__                                                         
000106c8  __TI_Handler_Table_Base                                            
000106d4  __TI_Handler_Table_Limit                                           
000106fc  __TI_CINIT_Base                                                    
0001072c  __TI_CINIT_Limit                                                   
0001072c  __TI_CINIT_Warm                                                    
0004ffa8  __ccfg                                                             
20000000  __start___llvm_prf_bits                                            
20000000  __start___llvm_prf_cnts                                            
20000000  __stop___llvm_prf_bits                                             
20000000  __stop___llvm_prf_cnts                                             
20000000  ti_sysbios_family_arm_m3_Hwi_ramVectors                            
200000d8  PowerCC26X2_module                                                 
2000024c  gpioPinConfigs                                                     
20000330  ti_sysbios_knl_Clock_Module_state                                  
20000454  ble_pOverridesCommon                                               
200004a8  RFCMD_ieeeRX                                                       
200004e8  ti_sysbios_family_arm_m3_Hwi_Module_state                          
20000524  ti_sysbios_knl_Task_Module_state                                   
20000560  BIOS_Module_state                                                  
2000058c  ti_sysbios_knl_Swi_Module_state                                    
200005b4  RFCMD_bleRadioSetup                                                
200005d8  RFCMD_bleGenericRX                                                 
200005f8  ble_pOverrides2Mbps                                                
20000614  RFCMD_bleFrequencySynthesizer                                      
2000062c  RFCMD_ieeeFrequencySynthesizer                                     
20000644  RFCMD_ieeeRadioSetup                                               
2000065c  ble_pOverrides1Mbps                                                
20000674  RFCMD_bleGenericRXPar                                              
20000688  ble_pOverridesCoded                                                
2000069c  Ethernet_server_port                                               
200006ac  RFCMD_bleModeObject                                                
200006bc  RFCMD_ieeeModeObject                                               
200006cc  _hposcCoeffs                                                       
200006dc  ieee_pOverrides                                                    
200006ec  ti_sysbios_runtime_SysMin_Module_state                             
200006fc  ti_sysbios_family_arm_cc26xx_Timer_Module_state                    
20000708  ti_sysbios_runtime_Error_ignore                                    
20000714  ti_sysbios_runtime_System_Module_state                             
20000728  RFCC26XX_schedulerPolicy                                           
20000738  ti_sysbios_gates_GateMutex_Module_state                            
20000740  ti_sysbios_heaps_HeapMem_Module_state                              
20000748  ti_sysbios_knl_Semaphore_Module_state                              
20000754  EthernetClientPrintMethods                                         
20000758  EthernetUDPPrintMethods                                            
20000760  __aeabi_errno                                                      
20000764  _lock                                                              
20000768  _unlock                                                            
20000770  ti_sysbios_runtime_Memory_defaultHeapInstance                      
20000779  ti_sysbios_knl_Idle_initDone                                       
2000077a  ti_sysbios_runtime_Startup_done                                    
20001a50  __primary_heap_start__                                             
20005a50  __primary_heap_end__                                               
20007690  ti_sysbios_knl_Idle_taskStack                                      
20007a90  ti_sysbios_runtime_SysMin_outbuf                                   
2000830c  i2cCC26xxObjects                                                   
2000844c  _CIOBUF_                                                           
2000844c  __CIOBUF_                                                          
20008570  rfObject                                                           
20008670  spiCC26X2DMAObjects                                                
20008770  ti_sysbios_family_arm_m3_Hwi_dispatchTable                         
20008848  gpioCallbackFunctions                                              
200088c4  gpioUserArgs                                                       
200089a8  ti_sysbios_knl_ClockSupport_timerStruct                            
20008a08  ti_sysbios_knl_Idle_taskStruct                                     
20008b24  ti_sysbios_knl_Swi_readyQs                                         
20008b54  ti_sysbios_knl_Task_readyQs                                        
20008b84  BIOS_heapMemObject                                                 
20008bb0  BIOS_rtsGate                                                       
20008bd8  ti_sysbios_heaps_HeapMem_gate                                      
20008c00  dashboardTaskParams                                                
20008c24  initTaskParams                                                     
20008c48  sniffingTaskParams                                                 
20008c6c  Ethernet                                                           
20008c8c  rfParams                                                           
20008cac  ti_sysbios_runtime_System_atexitHandlers                           
20008ccc  udmaCC26XXObject                                                   
20008d24  ti_sysbios_hal_Seconds_Module_state                                
20008d48  ethernetUdp                                                        
20008d58  ieeeStats                                                          
20008d68  Dashboard_SemaphoreParams                                          
20008d74  Init_SemaphoreParams                                               
20008d80  bleStats                                                           
20008d9c  parmbuf                                                            
20008dbc  Dashboard_SemaphoreHandle                                          
20008dc0  Init_SemaphoreHandle                                               
20008dc4  PowerCC26XX_swiKey                                                 
20008dc8  PowerCC26XX_taskKey                                                
20008dcc  dashboardTaskHandle                                                
20008dd0  initTaskHandle                                                     
20008dd4  nRxBufFull                                                         
20008dd8  rfHandle                                                           
20008ddc  sniffingTaskHandle                                                 
20008de0  spi                                                                
20008de4  ti_sysbios_family_arm_cc26xx_TimestampProvider_Module_state        
20008de8  ti_sysbios_knl_Task_defaultStackHeap                               
20008dec  _counter                                                           
20008dee  ethernetServer                                                     
20008df0  rfCmdHandle                                                        
20008df2  CurrentRfProtocol                                                  
20011a00  __stack                                                            
20012000  __STACK_END                                                        
ffffffff  __TI_pprof_out_hndl                                                
ffffffff  __TI_prof_data_size                                                
ffffffff  __TI_prof_data_start                                               
ffffffff  __binit__                                                          
ffffffff  binit                                                              
UNDEFED   ITM_flush                                                          
UNDEFED   ITM_restore                                                        
UNDEFED   __mpu_init                                                         

[747 symbols]
