******************************************************************************
            TI ARM Clang Linker PC v2.1.2                      
******************************************************************************
>> Linked Thu Dec  7 21:30:51 2023

OUTPUT FILE NAME:   <multiSniff_LP_CC2652RB_tirtos7_ticlang2.out>
ENTRY POINT SYMBOL: "ResetISR"  address: 00006047


MEMORY CONFIGURATION

         name            origin    length      used     unused   attr    fill
----------------------  --------  ---------  --------  --------  ----  --------
  FLASH                 00000000   00058000  00006f03  000510fd  R  X
  GPRAM                 11000000   00002000  00000000  00002000  RW X
  SRAM                  20000000   00014000  00005b13  0000e4ed  RW X
  LOG_DATA              90000000   00040000  00000000  00040000  R   


SEGMENT ALLOCATION MAP

run origin  load origin   length   init length attrs members
----------  ----------- ---------- ----------- ----- -------
00000000    00000000    00006d83   00006d83    r-x
  00000000    00000000    0000003c   0000003c    r-- .resetVecs
  0000003c    0000003c    00006070   00006070    r-x .text
  000060ac    000060ac    00000cd7   00000cd7    r-- .rodata
00006d84    00006d84    00000008   00000008    rw-
  00006d84    00006d84    00000008   00000008    rw- .args
00006d8c    00006d8c    00000120   00000120    r--
  00006d8c    00006d8c    00000120   00000120    r-- .cinit
00057fa8    00057fa8    00000058   00000058    r--
  00057fa8    00057fa8    00000058   00000058    r-- .ccfg
200000d8    200000d8    000013fb   00000000    rw-
  200000d8    200000d8    00001068   00000000    rw- .bss
  20001140    20001140    00000393   00000000    rw- .data
20001830    20001830    00000010   00000000    rw-
  20001830    20001830    00000010   00000000    rw- .TI.bound:dmaSpi0RxControlTableEntry
20001840    20001840    00000010   00000000    rw-
  20001840    20001840    00000010   00000000    rw- .TI.bound:dmaSpi0TxControlTableEntry
20001a30    20001a30    00000010   00000000    rw-
  20001a30    20001a30    00000010   00000000    rw- .TI.bound:dmaSpi0RxAltControlTableEntry
20001a40    20001a40    00000010   00000000    rw-
  20001a40    20001a40    00000010   00000000    rw- .TI.bound:dmaSpi0TxAltControlTableEntry
20001a50    20001a50    00004000   00000000    r--
  20001a50    20001a50    00004000   00000000    r-- .priheap
20013a00    20013a00    00000600   00000000    rw-
  20013a00    20013a00    00000600   00000000    rw- .stack


SECTION ALLOCATION MAP

 output                                  attributes/
section   page    origin      length       input sections
--------  ----  ----------  ----------   ----------------
.binit     0    00000000    00000000     

.cinit     0    00006d8c    00000120     
                  00006d8c    000000b9     (.cinit..data.load) [load image, compression = lzss]
                  00006e45    00000003     --HOLE-- [fill = 0]
                  00006e48    0000000c     (__TI_handler_table)
                  00006e54    00000008     (.cinit..TI.bound:dmaSpi0RxAltControlTableEntry.load) [load image, compression = zero_init]
                  00006e5c    00000008     (.cinit..TI.bound:dmaSpi0RxControlTableEntry.load) [load image, compression = zero_init]
                  00006e64    00000008     (.cinit..TI.bound:dmaSpi0TxAltControlTableEntry.load) [load image, compression = zero_init]
                  00006e6c    00000008     (.cinit..TI.bound:dmaSpi0TxControlTableEntry.load) [load image, compression = zero_init]
                  00006e74    00000008     (.cinit..bss.load) [load image, compression = zero_init]
                  00006e7c    00000030     (__TI_cinit_table)

.init_array 
*          0    00000000    00000000     UNINITIALIZED

.ccfg      0    00057fa8    00000058     
                  00057fa8    00000058     ti_devices_config.o (.ccfg)

.bss       0    200000d8    00001068     UNINITIALIZED
                  200000d8    00000401     ssd1306.o (.bss.SSD1306_LcdBufferInclStreamByte)
                  200004d9    00000400     (.common:ti_sysbios_runtime_SysMin_outbuf)
                  200008d9    00000001     --HOLE--
                  200008da    00000002     (.common:_counter)
                  200008dc    00000004     ssd1306.o (.bss._i2c)
                  200008e0    00000200     (.common:ti_sysbios_knl_Idle_taskStack)
                  20000ae0    00000140     (.common:i2cCC26xxObjects)
                  20000c20    00000120     libsysbm.a : trgmsg.c.obj (.bss:_CIOBUF_)
                  20000d40    000000d8     (.common:ti_sysbios_family_arm_m3_Hwi_dispatchTable)
                  20000e18    0000007c     (.common:gpioCallbackFunctions)
                  20000e94    0000007c     (.common:gpioUserArgs)
                  20000f10    00000060     (.common:ti_sysbios_knl_ClockSupport_timerStruct)
                  20000f70    00000058     (.common:ti_sysbios_knl_Idle_taskStruct)
                  20000fc8    00000030     (.common:ti_sysbios_knl_Swi_readyQs)
                  20000ff8    00000030     (.common:ti_sysbios_knl_Task_readyQs)
                  20001028    0000002c     (.common:BIOS_heapMemObject)
                  20001054    00000028     (.common:BIOS_rtsGate)
                  2000107c    00000028     (.common:ti_sysbios_heaps_HeapMem_gate)
                  200010a4    00000024     (.common:testParams)
                  200010c8    00000020     (.common:ti_sysbios_runtime_System_atexitHandlers)
                  200010e8    0000001c     drivers_cc26x2.a : GPIOCC26X2.c.obj (.bss.gpioHwi)
                  20001104    00000010     ssd1306.o (.bss._i2cParams)
                  20001114    00000008     (.common:parmbuf)
                  2000111c    00000004     driverlib.lib : osc.o (.bss.oscHfGlobals.0)
                  20001120    00000004                   : osc.o (.bss.oscHfGlobals.2)
                  20001124    00000004                   : osc.o (.bss.oscHfGlobals.3)
                  20001128    00000004                   : osc.o (.bss.oscHfGlobals.4)
                  2000112c    00000004     (.common:PowerCC26XX_swiKey)
                  20001130    00000004     (.common:PowerCC26XX_taskKey)
                  20001134    00000004     (.common:testHandle)
                  20001138    00000004     (.common:ti_sysbios_family_arm_cc26xx_TimestampProvider_Module_state)
                  2000113c    00000004     (.common:ti_sysbios_knl_Task_defaultStackHeap)

.data      0    20001140    00000393     UNINITIALIZED
                  20001140    00000174     drivers_cc26x2.a : PowerCC26X2.c.obj (.data.PowerCC26X2_module)
                  200012b4    0000007c     ti_drivers_config.o (.data.gpioPinConfigs)
                  20001330    00000068     ti_sysbios_config.o (.data.ti_sysbios_knl_Clock_Module_state)
                  20001398    0000003c     ti_sysbios_config.o (.data.ti_sysbios_family_arm_m3_Hwi_Module_state)
                  200013d4    0000003c     ti_sysbios_config.o (.data.ti_sysbios_knl_Task_Module_state)
                  20001410    0000002c     ti_sysbios_config.o (.data.BIOS_Module_state)
                  2000143c    00000028     ti_sysbios_config.o (.data.ti_sysbios_knl_Swi_Module_state)
                  20001464    00000010     driverlib.lib : osc.o (.data._hposcCoeffs)
                  20001474    00000010     ti_sysbios_config.o (.data.ti_sysbios_runtime_SysMin_Module_state)
                  20001484    0000000c     ti_sysbios_config.o (.data.ti_sysbios_family_arm_cc26xx_Timer_Module_state)
                  20001490    0000000c     ti_sysbios_config.o (.data.ti_sysbios_runtime_Error_ignore)
                  2000149c    0000000c     ti_sysbios_config.o (.data.ti_sysbios_runtime_System_Module_state)
                  200014a8    00000008     ti_sysbios_config.o (.data.ti_sysbios_gates_GateMutex_Module_state)
                  200014b0    00000008     ti_sysbios_config.o (.data.ti_sysbios_heaps_HeapMem_Module_state)
                  200014b8    00000008     ti_sysbios_config.o (.data.ti_sysbios_knl_Semaphore_Module_state)
                  200014c0    00000004     libc.a : _lock.c.obj (.data._lock)
                  200014c4    00000004            : _lock.c.obj (.data._unlock)
                  200014c8    00000004     ti_sysbios_config.o (.data.terminatedList)
                  200014cc    00000004     ti_sysbios_config.o (.data.ti_sysbios_runtime_Memory_defaultHeapInstance)
                  200014d0    00000001     drivers_cc26x2.a : GPIOCC26X2.c.obj (.data.initCalled)
                  200014d1    00000001     ti_sysbios_config.o (.data.ti_sysbios_knl_Idle_initDone)
                  200014d2    00000001     ti_sysbios_config.o (.data.ti_sysbios_runtime_Startup_done)

.stack     0    20013a00    00000600     UNINITIALIZED
                  20013a00    00000004     sysbios.a : boot_cortex_m.obj (.stack)
                  20013a04    000005fc     --HOLE--

.priheap   0    20001a50    00004000     UNINITIALIZED
                  20001a50    00004000     --HOLE--

.log_data 
*          0    90000000    00000000     COPY SECTION

.resetVecs 
*          0    00000000    0000003c     
                  00000000    0000003c     ti_sysbios_config.o (.resetVecs)

.vecs      0    20000000    000000d8     NOLOAD SECTION
                  20000000    000000d8     ti_sysbios_config.o (.vecs)

.text      0    0000003c    00006070     
                  0000003c    000001fa     ti_sysbios_config.o (.text.ti_sysbios_family_arm_m3_Hwi_excFillContext)
                  00000236    000001aa     ti_sysbios_config.o (.text.ti_sysbios_knl_TaskSupport_buildTaskStack)
                  000003e0    0000019a     ssd1306.o (.text.SSD1306_DrawLine)
                  0000057a    00000198     ti_sysbios_config.o (.text.ti_sysbios_family_arm_cc26xx_Timer_construct)
                  00000712    00000002     ti_sysbios_config.o (.text.BIOS_nullFunc)
                  00000714    00000194     drivers_cc26x2.a : PowerCC26X2_calibrateRCOSC.c.obj (.text.PowerCC26X2_auxISR)
                  000008a8    0000018e     ti_sysbios_config.o (.text.ti_sysbios_knl_Task_Instance_init)
                  00000a36    00000002     drivers_cc26x2.a : I2C.c.obj (.text.I2C_init)
                  00000a38    00000158                      : PowerCC26X2.c.obj (.text.Power_sleep)
                  00000b90    0000013e     ti_sysbios_config.o (.text.PowerCC26XX_standbyPolicy)
                  00000cce    0000013e     ti_sysbios_config.o (.text.ti_sysbios_heaps_HeapMem_allocUnprotected)
                  00000e0c    0000013c     drivers_cc26x2.a : I2CCC26XX.c.obj (.text.I2C_open)
                  00000f48    0000013c     ti_sysbios_config.o (.text.ti_sysbios_knl_Clock_workFuncDynamic)
                  00001084    00000126     drivers_cc26x2.a : I2C.c.obj (.text.I2C_transferTimeout)
                  000011aa    00000002     libclang_rt.builtins.a : aeabi_div0.c.obj (.text.__aeabi_ldiv0)
                  000011ac    0000011c     sysbios.a : Hwi_asm_gnu.obj (.text.ti_sysbios_family_arm_m3_Hwi_dispatch)
                  000012c8    00000118     drivers_cc26x2.a : PowerCC26X2.c.obj (.text.Power_init)
                  000013e0    0000010e     ti_sysbios_config.o (.text.ti_sysbios_knl_Semaphore_pend)
                  000014ee    00000002     libc.a : _lock.c.obj (.text._nop)
                  000014f0    0000010c     drivers_cc26x2.a : PowerCC26X2_calibrateRCOSC.c.obj (.text.PowerCC26X2_calibrate)
                  000015fc    0000010a     ssd1306.o (.text.SSD1306_DrawChar)
                  00001706    0000010a     ti_sysbios_config.o (.text.ti_sysbios_knl_Task_Instance_finalize)
                  00001810    00000104     drivers_cc26x2.a : GPIOCC26X2.c.obj (.text.GPIO_init)
                  00001914    000000fe     ti_sysbios_config.o (.text.ti_sysbios_family_arm_m3_Hwi_Instance_init)
                  00001a12    00000002     drivers_cc26x2.a : PowerCC26X2.c.obj (.text.emptyClockFunc)
                  00001a14    000000f4     driverlib.lib : sys_ctrl.o (.text.NOROM_SysCtrlStandby)
                  00001b08    000000ee     ti_sysbios_config.o (.text.ti_sysbios_knl_Clock_startI)
                  00001bf6    00000002     ti_sysbios_config.o (.text.ti_sysbios_family_arm_cc26xx_Timer_startup)
                  00001bf8    000000e8     drivers_cc26x2.a : I2CCC26XX.c.obj (.text.I2CCC26XX_hwiFxn)
                  00001ce0    000000e4     driverlib.lib : setup.o (.text.NOROM_SetupTrimDevice)
                  00001dc4    000000e4     ti_sysbios_config.o (.text.ti_sysbios_family_arm_m3_Hwi_initNVIC)
                  00001ea8    000000da     ti_sysbios_config.o (.text.ti_sysbios_heaps_HeapMem_freeUnprotected)
                  00001f82    00000002     ti_sysbios_config.o (.text.ti_sysbios_knl_TaskSupport_init)
                  00001f84    000000d0     drivers_cc26x2.a : PowerCC26X2.c.obj (.text.configureXOSCHF)
                  00002054    000000c4     driverlib.lib : setup.o (.text.TrimAfterColdResetWakeupFromShutDown)
                  00002118    000000c0     ti_sysbios_config.o (.text.ti_sysbios_knl_Clock_walkQueueDynamic)
                  000021d8    000000c0     ti_sysbios_config.o (.text.ti_sysbios_knl_Swi_restoreHwi)
                  00002298    000000be     gui.o (.text.GUI_Init)
                  00002356    000000bc     ti_sysbios_config.o (.text.ti_sysbios_knl_Task_postInit)
                  00002412    000000b8     ti_sysbios_config.o (.text.ti_sysbios_knl_Swi_Instance_init)
                  000024ca    000000b4     driverlib.lib : osc.o (.text.NOROM_OSCHF_AttemptToSwitchToXosc)
                  0000257e    00000002     --HOLE-- [fill = 0]
                  00002580    000000b4     drivers_cc26x2.a : PowerCC26X2.c.obj (.text.Power_releaseDependency)
                  00002634    000000b0                      : PowerCC26X2.c.obj (.text.Power_setDependency)
                  000026e4    000000b0     libclang_rt.builtins.a : udivmoddi4.S.obj (.text)
                  00002794    000000a2     ti_sysbios_config.o (.text.ti_sysbios_knl_TaskSupport_start)
                  00002836    000000a0     drivers_cc26x2.a : I2CCC26XX.c.obj (.text.I2CCC26XX_swiFxn)
                  000028d6    0000009a     ssd1306.o (.text.SSD1306_Init)
                  00002970    0000009a     ti_sysbios_config.o (.text.ti_sysbios_knl_Task_schedule)
                  00002a0a    00000094     ti_sysbios_config.o (.text.ti_sysbios_heaps_HeapMem_Instance_init)
                  00002a9e    0000008e     ssd1306.o (.text.SSD1306_DrawPixel)
                  00002b2c    0000008e     ti_sysbios_config.o (.text.ti_sysbios_family_arm_m3_Hwi_excHandlerMin)
                  00002bba    0000008e     ti_sysbios_config.o (.text.ti_sysbios_knl_Swi_runLoop)
                  00002c48    0000008c     drivers_cc26x2.a : GPIOCC26XX.c.obj (.text.GPIO_setConfig)
                  00002cd4    0000008c     ti_sysbios_config.o (.text.ti_sysbios_family_arm_m3_Hwi_construct2)
                  00002d60    0000008a     ti_sysbios_config.o (.text.ti_sysbios_knl_Semaphore_post)
                  00002dea    00000088     ti_sysbios_config.o (.text.ti_sysbios_family_arm_m3_Hwi_postInit)
                  00002e72    00000086     ti_sysbios_config.o (.text.ti_sysbios_runtime_Memory_alloc)
                  00002ef8    00000082     ti_sysbios_config.o (.text.ti_sysbios_family_arm_m3_Hwi_getStackInfo)
                  00002f7a    00000080     driverlib.lib : sys_ctrl.o (.text.NOROM_SysCtrlSetRechargeBeforePowerDown)
                  00002ffa    0000007e     ssd1306.o (.text.SSD1306_UpdatePosition)
                  00003078    0000007c     ti_sysbios_config.o (.text.SwiP_construct)
                  000030f4    0000007c     ti_sysbios_config.o (.text.ti_sysbios_family_arm_cc26xx_Timer_periodicStub)
                  00003170    0000007c     ti_sysbios_config.o (.text.ti_sysbios_knl_Swi_schedule)
                  000031ec    0000007a     ti_sysbios_config.o (.text.ti_sysbios_family_arm_m3_Hwi_dispatchC)
                  00003266    0000007a     ti_sysbios_config.o (.text.ti_sysbios_knl_Idle_init)
                  000032e0    00000078     driverlib.lib : osc.o (.text.NOROM_OSCHF_SwitchToRcOscTurnOffXosc)
                  00003358    00000078                   : osc.o (.text.NOROM_OSC_CapArrayAdjustWorkaround_Boot)
                  000033d0    00000078     ti_sysbios_config.o (.text.ti_sysbios_family_arm_m3_Hwi_disableInterrupt)
                  00003448    00000078     ti_sysbios_config.o (.text.ti_sysbios_knl_Swi_run)
                  000034c0    00000078     ti_sysbios_config.o (.text.ti_sysbios_knl_Task_blockI)
                  00003538    00000078     ti_sysbios_config.o (.text.ti_sysbios_knl_Task_startup)
                  000035b0    00000074     drivers_cc26x2.a : PowerCC26X2_calibrateRCOSC_helpers.c.obj (.text.PowerCC26X2_updateSubSecInc)
                  00003624    00000074     ti_sysbios_config.o (.text.ti_sysbios_heaps_HeapMem_getStats)
                  00003698    00000072     ti_sysbios_config.o (.text.ti_sysbios_family_arm_cc26xx_Timer_setThreshold)
                  0000370a    00000070     ti_sysbios_config.o (.text.ti_sysbios_family_arm_m3_Hwi_enableInterrupt)
                  0000377a    0000006e     ti_sysbios_config.o (.text.BIOS_init)
                  000037e8    0000006e     ti_sysbios_config.o (.text.ti_sysbios_knl_Clock_init)
                  00003856    0000006a     drivers_cc26x2.a : I2CCC26XX.c.obj (.text.I2CSupport_primeTransfer)
                  000038c0    0000006a     libc.a : copy_decompress_lzss.c.obj (.text:decompress:lzss)
                  0000392a    00000066     ti_sysbios_config.o (.text.ti_sysbios_family_arm_cc26xx_Timer_start)
                  00003990    00000066     ti_sysbios_config.o (.text.ti_sysbios_family_arm_m3_Hwi_Instance_finalize)
                  000039f6    00000002     --HOLE-- [fill = 0]
                  000039f8    00000064     drivers_cc26x2.a : PowerCC26X2_calibrateRCOSC.c.obj (.text.PowerCC26X2_initiateCalibration)
                  00003a5c    00000064     ssd1306.o (.text.SSD1306_DrawString)
                  00003ac0    00000064     gui.o (.text.ito2a)
                  00003b24    00000064     drivers_cc26x2.a : PowerCC26X2.c.obj (.text.oscillatorISR)
                  00003b88    00000060     ti_sysbios_config.o (.text.ti_sysbios_knl_ClockSupport_init)
                  00003be8    0000005e     ti_sysbios_config.o (.text.ti_sysbios_knl_Swi_post)
                  00003c46    0000005c     ti_sysbios_config.o (.text.ClockP_construct)
                  00003ca2    0000005c     gui.o (.text.GUI_ChangeProto)
                  00003cfe    0000005c     ti_sysbios_config.o (.text.ti_sysbios_heaps_HeapMem_alloc)
                  00003d5a    0000005c     ti_sysbios_config.o (.text.ti_sysbios_knl_Task_init)
                  00003db6    00000058     ti_sysbios_config.o (.text.AONRTCEventClear)
                  00003e0e    00000058     ti_sysbios_config.o (.text.HwiP_construct)
                  00003e66    00000058     ti_sysbios_config.o (.text.ti_sysbios_family_arm_m3_Hwi_construct)
                  00003ebe    00000002     --HOLE-- [fill = 0]
                  00003ec0    00000058     sysbios.a : Hwi_asm_switch_gnu.obj (.text.ti_sysbios_family_arm_m3_Hwi_initStacks)
                  00003f18    00000058     ti_sysbios_config.o (.text.ti_sysbios_heaps_HeapMem_construct)
                  00003f70    00000058     ti_sysbios_config.o (.text.ti_sysbios_knl_Swi_init)
                  00003fc8    00000056     ti_sysbios_config.o (.text.AONRTCCompareValueSet)
                  0000401e    00000056     ti_sysbios_config.o (.text.ti_sysbios_family_arm_cc26xx_Timer_getCurrentTick)
                  00004074    00000056     ti_sysbios_config.o (.text.ti_sysbios_knl_Clock_Instance_init)
                  000040ca    00000056     ti_sysbios_config.o (.text.ti_sysbios_runtime_SystemSupport_flush)
                  00004120    00000056     ti_sysbios_config.o (.text.ti_sysbios_runtime_System_atexit)
                  00004176    00000054     ti_sysbios_config.o (.text.AONRTCChannelEnable)
                  000041ca    00000054     ti_sysbios_config.o (.text.BIOS_startFunc)
                  0000421e    00000002     --HOLE-- [fill = 0]
                  00004220    00000054     libsysbm.a : hostwrite.c.obj (.text.HOSTwrite)
                  00004274    00000054     drivers_cc26x2.a : I2CCC26XX.c.obj (.text.I2CCC26XX_initHw)
                  000042c8    00000052     driverlib.lib : chipinfo.o (.text.NOROM_ChipInfo_GetHwRevision)
                  0000431a    00000050     ti_sysbios_config.o (.text.ti_sysbios_family_arm_cc26xx_Timer_setNextTick)
                  0000436a    0000004e     ti_sysbios_config.o (.text.ti_sysbios_knl_Swi_restore)
                  000043b8    0000004c     driverlib.lib : osc.o (.text.NOROM_OSC_HPOSCRelativeFrequencyOffsetGet)
                  00004404    0000004c     drivers_cc26x2.a : PowerCC26X2.c.obj (.text.switchXOSCHF)
                  00004450    0000004c     ti_sysbios_config.o (.text.ti_sysbios_knl_Task_create)
                  0000449c    0000004c     ti_sysbios_config.o (.text.ti_sysbios_runtime_System_processAtExit)
                  000044e8    0000004a     ti_sysbios_config.o (.text.ti_sysbios_knl_Task_construct)
                  00004532    00000002     --HOLE-- [fill = 0]
                  00004534    00000048     driverlib.lib : aux_sysif.o (.text.NOROM_AUXSYSIFOpModeChange)
                  0000457c    00000048     ti_sysbios_config.o (.text.ti_sysbios_family_arm_m3_Hwi_init)
                  000045c4    00000046     ssd1306.o (.text.SSD1306_SendCommand)
                  0000460a    00000046     ti_sysbios_config.o (.text.ti_sysbios_knl_Semaphore_Instance_init)
                  00004650    00000046     ti_sysbios_config.o (.text.ti_sysbios_knl_Swi_construct)
                  00004696    00000046     ti_sysbios_config.o (.text.ti_sysbios_knl_Task_processVitalTaskFlag)
                  000046dc    00000046     ti_sysbios_config.o (.text.ti_sysbios_knl_Task_unblockI)
                  00004722    00000046     ti_sysbios_config.o (.text.ti_sysbios_runtime_SysMin_output)
                  00004768    00000044     ti_sysbios_config.o (.text.BIOS_rtsLock)
                  000047ac    00000044     drivers_cc26x2.a : GPIOCC26X2.c.obj (.text.GPIO_hwiIntFxn)
                  000047f0    00000044     driverlib.lib : prcm.o (.text.NOROM_PRCMPowerDomainsAllOff)
                  00004834    00000044                   : prcm.o (.text.NOROM_PRCMPowerDomainsAllOn)
                  00004878    00000044     ti_sysbios_config.o (.text._pthread_cleanupFxn)
                  000048bc    00000044     ti_sysbios_config.o (.text.ti_sysbios_knl_Task_restore)
                  00004900    00000044     ti_sysbios_config.o (.text.ti_sysbios_runtime_Error_raiseX)
                  00004944    00000042     ssd1306.o (.text.SSD1306_UpdateScreen)
                  00004986    00000042     main_tirtos.o (.text.main)
                  000049c8    00000040     drivers_cc26x2.a : PowerCC26X2_calibrateRCOSC.c.obj (.text.PowerCC26X2_RCOSC_clockFunc)
                  00004a08    00000040                      : PowerCC26X2_calibrateRCOSC_helpers.c.obj (.text.PowerCC26X2_setAclkRefSrc)
                  00004a48    00000040     ti_sysbios_config.o (.text.ti_sysbios_gates_GateMutex_enter)
                  00004a88    00000040     ti_sysbios_config.o (.text.ti_sysbios_knl_Semaphore_pendTimeout)
                  00004ac8    00000040     ti_sysbios_config.o (.text.ti_sysbios_knl_Task_exit)
                  00004b08    0000003e     ti_sysbios_config.o (.text.ti_sysbios_knl_Clock_getTicksUntilInterrupt)
                  00004b46    0000003c     ti_sysbios_config.o (.text.BIOS_atExitFunc)
                  00004b82    0000003c     gui.o (.text.GUI_ChangeRx)
                  00004bbe    0000003c     driverlib.lib : sys_ctrl.o (.text.NOROM_SysCtrlIdle)
                  00004bfa    00000002     --HOLE-- [fill = 0]
                  00004bfc    0000003c     drivers_cc26x2.a : PowerCC26X2_calibrateRCOSC_helpers.c.obj (.text.PowerCC26X2_setTdcClkSrc24M)
                  00004c38    0000003c     main_tirtos.o (.text.displayTask)
                  00004c74    0000003c     ti_sysbios_config.o (.text.ti_sysbios_family_arm_m3_Hwi_setPriority)
                  00004cb0    0000003c     ti_sysbios_config.o (.text.ti_sysbios_knl_Task_restoreHwi)
                  00004cec    0000003a     ssd1306.o (.text.sendData)
                  00004d26    00000002     --HOLE-- [fill = 0]
                  00004d28    00000038     drivers_cc26x2.a : PowerCC26X2_helpers.c.obj (.text.PowerCC26X2_oscDisableQualifiers)
                  00004d60    00000038     ti_sysbios_config.o (.text.ti_sysbios_runtime_Startup_exec)
                  00004d98    00000038     libc.a : autoinit.c.obj (.text:__TI_auto_init_nobinit_nopinit)
                  00004dd0    00000036     ti_sysbios_config.o (.text.BIOS_rtsUnlock)
                  00004e06    00000036     ti_sysbios_config.o (.text.SemaphoreP_pend)
                  00004e3c    00000036     ti_sysbios_config.o (.text.ti_sysbios_knl_Swi_construct2)
                  00004e72    00000002     --HOLE-- [fill = 0]
                  00004e74    00000034     drivers_cc26x2.a : PowerCC26X2.c.obj (.text.Power_releaseConstraint)
                  00004ea8    00000034     libsysbm.a : trgmsg.c.obj (.text.__TI_writemsg)
                  00004edc    00000034     ti_sysbios_config.o (.text.ti_sysbios_family_arm_cc26xx_Timer_getMaxTicks)
                  00004f10    00000034     ti_sysbios_config.o (.text.ti_sysbios_knl_Queue_put)
                  00004f44    00000034     sysbios.a : boot_cortex_m.obj (.text:_c_int00)
                  00004f78    00000030     gui.o (.text.GUI_ChangeChannel)
                  00004fa8    00000030     drivers_cc26x2.a : PowerCC26X2.c.obj (.text.Power_setConstraint)
                  00004fd8    00000030     libsysbm.a : trgmsg.c.obj (.text.__TI_readmsg)
                  00005008    00000030     drivers_cc26x2.a : PowerCC26X2.c.obj (.text.notify)
                  00005038    00000030     ti_sysbios_config.o (.text.ti_sysbios_family_arm_m3_Hwi_plug)
                  00005068    00000030     ti_sysbios_config.o (.text.ti_sysbios_heaps_HeapMem_free)
                  00005098    00000030     ti_sysbios_config.o (.text.ti_sysbios_knl_Clock_construct)
                  000050c8    00000030     ti_sysbios_config.o (.text.ti_sysbios_knl_Idle_run)
                  000050f8    0000002e     driverlib.lib : chipinfo.o (.text.NOROM_ThisLibraryIsFor_CC13x2_CC26x2_HwRev20AndLater_HaltIfViolated)
                  00005126    0000002e     ti_sysbios_config.o (.text._pthread_delete)
                  00005154    0000002e     ti_sysbios_config.o (.text.ti_sysbios_family_arm_m3_Hwi_initStack)
                  00005182    0000002e     ti_sysbios_config.o (.text.ti_sysbios_gates_GateMutex_Instance_init)
                  000051b0    0000002c     ti_sysbios_config.o (.text.BIOS_registerRTSLock)
                  000051dc    0000002c     ti_sysbios_config.o (.text.BIOS_removeRTSLock)
                  00005208    0000002c     ti_sysbios_config.o (.text.ti_sysbios_knl_Semaphore_construct)
                  00005234    0000002c     ti_sysbios_config.o (.text.ti_sysbios_runtime_Memory_free)
                  00005260    0000002a     driverlib.lib : osc.o (.text.NOROM_OSCHF_TurnOnXosc)
                  0000528a    0000002a     ti_sysbios_config.o (.text.SemaphoreP_constructBinary)
                  000052b4    0000002a     ti_sysbios_config.o (.text.ti_sysbios_knl_Clock_initI)
                  000052de    0000002a     ti_sysbios_config.o (.text.ti_sysbios_knl_Task_enter)
                  00005308    00000028     drivers_cc26x2.a : I2C.c.obj (.text.I2C_cancel)
                  00005330    00000028     sysbios.a : Hwi_asm_gnu.obj (.text.ti_sysbios_family_arm_m3_Hwi_excHandlerAsm)
                  00005358    00000028     ti_sysbios_config.o (.text.ti_sysbios_gates_GateMutex_construct)
                  00005380    00000028     ti_sysbios_config.o (.text.ti_sysbios_knl_Queue_enqueue)
                  000053a8    00000028     sysbios.a : TaskSupport_asm_gnu.obj (.text.ti_sysbios_knl_TaskSupport_swap)
                  000053d0    00000028     ti_sysbios_config.o (.text.ti_sysbios_runtime_System_init)
                  000053f8    00000026     ti_sysbios_config.o (.text.ti_sysbios_family_arm_m3_Hwi_getHandle)
                  0000541e    00000026     ti_sysbios_config.o (.text.ti_sysbios_knl_Task_allBlockedFunction)
                  00005444    00000026     ti_sysbios_config.o (.text.ti_sysbios_knl_Task_delete)
                  0000546a    00000026     ti_sysbios_config.o (.text.ti_sysbios_knl_Task_destruct)
                  00005490    00000024     drivers_cc26x2.a : List.c.obj (.text.List_put)
                  000054b4    00000024                      : PowerCC26X2_helpers.c.obj (.text.PowerCC26X2_setSubSecIncToXoscLf)
                  000054d8    00000024                      : PowerCC26X2_calibrateRCOSC_helpers.c.obj (.text.PowerCC26X2_writeCtrim)
                  000054fc    00000024                      : PowerCC26X2_calibrateRCOSC_helpers.c.obj (.text.PowerCC26X2_writeCtrimFract)
                  00005520    00000024                      : PowerCC26X2_calibrateRCOSC_helpers.c.obj (.text.PowerCC26X2_writeCtrimFractEn)
                  00005544    00000024                      : PowerCC26X2_calibrateRCOSC_helpers.c.obj (.text.PowerCC26X2_writeRtrim)
                  00005568    00000024                      : PowerCC26X2.c.obj (.text.Power_registerNotify)
                  0000558c    00000024     ssd1306.o (.text.SSD1306_SetPosition)
                  000055b0    00000024     ti_sysbios_config.o (.text.ti_sysbios_family_arm_cc26xx_Timer_Params_init)
                  000055d4    00000024     ti_sysbios_config.o (.text.ti_sysbios_knl_Task_Params_init)
                  000055f8    00000022     ti_sysbios_config.o (.text.BIOS_setThreadType)
                  0000561a    00000022     ti_sysbios_config.o (.text.ti_sysbios_gates_GateMutex_leave)
                  0000563c    00000022     ti_sysbios_config.o (.text.ti_sysbios_heaps_HeapMem_restore)
                  0000565e    00000022     ti_sysbios_config.o (.text.ti_sysbios_knl_Clock_getTicks)
                  00005680    00000022     ti_sysbios_config.o (.text.ti_sysbios_knl_Clock_scheduleNextTick)
                  000056a2    00000022     ti_sysbios_config.o (.text.ti_sysbios_knl_Queue_dequeue)
                  000056c4    00000022     ti_sysbios_config.o (.text.ti_sysbios_knl_Semaphore_destruct)
                  000056e6    00000020     gui.o (.text.GUI_ChangeDeviceIp)
                  00005706    00000020     gui.o (.text.GUI_ChangeTargetIp)
                  00005726    00000002     --HOLE-- [fill = 0]
                  00005728    00000020     drivers_cc26x2.a : PowerCC26X2_helpers.c.obj (.text.PowerCC26X2_disableTCXOQual)
                  00005748    00000020                      : PowerCC26X2_helpers.c.obj (.text.PowerCC26X2_enableTCXOQual)
                  00005768    00000020     ti_sysbios_config.o (.text.PowerCC26XX_schedulerDisable)
                  00005788    00000020     ti_sysbios_config.o (.text.PowerCC26XX_schedulerRestore)
                  000057a8    00000020     ti_sysbios_config.o (.text.ti_sysbios_family_arm_cc26xx_Timer_postInit)
                  000057c8    00000020     ti_sysbios_config.o (.text.ti_sysbios_family_arm_m3_Hwi_excHandler)
                  000057e8    00000020     ti_sysbios_config.o (.text.ti_sysbios_knl_ClockSupport_getCurrentTick)
                  00005808    0000001e     ti_sysbios_config.o (.text.SwiP_Params_init)
                  00005826    0000001e     sysbios.a : Hwi_asm_switch_gnu.obj (.text.ti_sysbios_family_arm_m3_Hwi_switchAndRunFunc)
                  00005844    0000001e     ti_sysbios_config.o (.text.ti_sysbios_family_arm_m3_Hwi_switchFromBootStack)
                  00005862    0000001e     ti_sysbios_config.o (.text.ti_sysbios_knl_Task_unblock)
                  00005880    0000001c     drivers_cc26x2.a : GPIOCC26XX.c.obj (.text.GPIO_setMux)
                  0000589c    0000001c     ti_sysbios_config.o (.text.HwiP_Params_init)
                  000058b8    0000001c     drivers_cc26x2.a : PowerCC26X2.c.obj (.text.Power_getTransitionLatency)
                  000058d4    0000001c     ti_sysbios_config.o (.text.ti_sysbios_family_arm_cc26xx_Timer_dynamicStub)
                  000058f0    0000001c     ti_sysbios_config.o (.text.ti_sysbios_family_arm_m3_Hwi_Params_init)
                  0000590c    0000001c     ti_sysbios_config.o (.text.ti_sysbios_knl_Clock_enqueueI)
                  00005928    0000001c     ti_sysbios_config.o (.text.ti_sysbios_knl_Clock_start)
                  00005944    0000001c     ti_sysbios_config.o (.text.ti_sysbios_knl_Queue_remove)
                  00005960    0000001c     ti_sysbios_config.o (.text.ti_sysbios_knl_Swi_Params_init)
                  0000597c    0000001c     ti_sysbios_config.o (.text.ti_sysbios_knl_Swi_disable)
                  00005998    0000001c     ti_sysbios_config.o (.text.ti_sysbios_knl_Task_disable)
                  000059b4    0000001a     ti_sysbios_config.o (.text.BIOS_exitFunc)
                  000059ce    0000001a     ti_sysbios_config.o (.text.BIOS_getCpuFreq)
                  000059e8    0000001a     drivers_cc26x2.a : I2CCC26XX.c.obj (.text.I2CCC26XX_completeTransfer)
                  00005a02    0000001a     ti_sysbios_config.o (.text.ti_sysbios_knl_Semaphore_Instance_finalize)
                  00005a1c    00000018     ti_sysbios_config.o (.text.BIOS_exit)
                  00005a34    00000018     drivers_cc26x2.a : PowerCC26X2.c.obj (.text.PowerCC26XX_calibrate)
                  00005a4c    00000018                      : PowerCC26X2.c.obj (.text.Power_idleFunc)
                  00005a64    00000018     ti_sysbios_config.o (.text.ti_sysbios_family_arm_cc26xx_Timer_getCount64)
                  00005a7c    00000018     ti_sysbios_config.o (.text.ti_sysbios_knl_ClockSupport_setNextTick)
                  00005a94    00000018     sysbios.a : TaskSupport_asm_gnu.obj (.text.ti_sysbios_knl_TaskSupport_glue)
                  00005aac    00000016     ti_sysbios_config.o (.text.ClockP_Params_init)
                  00005ac2    00000016     ti_sysbios_config.o (.text.ti_sysbios_family_arm_m3_Hwi_enable)
                  00005ad8    00000016     ti_sysbios_config.o (.text.ti_sysbios_knl_Intrinsics_maxbit)
                  00005aee    00000016     ti_sysbios_config.o (.text.ti_sysbios_knl_Queue_construct)
                  00005b04    00000016     ti_sysbios_config.o (.text.ti_sysbios_knl_Queue_empty)
                  00005b1a    00000016     ti_sysbios_config.o (.text.ti_sysbios_runtime_SystemSupport_init)
                  00005b30    00000016     ti_sysbios_config.o (.text.ti_sysbios_runtime_System_exit)
                  00005b46    00000014     drivers_cc26x2.a : I2CCC26XX.c.obj (.text.I2CCC26XX_postNotify)
                  00005b5a    00000002     --HOLE-- [fill = 0]
                  00005b5c    00000014     libc.a : args_main.c.obj (.text._args_main)
                  00005b70    00000014     ti_sysbios_config.o (.text.ti_sysbios_family_arm_cc26xx_TimestampProvider_init)
                  00005b84    00000014     ti_sysbios_config.o (.text.ti_sysbios_family_arm_m3_Hwi_disable)
                  00005b98    00000014     ti_sysbios_config.o (.text.ti_sysbios_knl_Swi_Instance_finalize)
                  00005bac    00000014     libclang_rt.builtins.a : aeabi_memset.S.obj (.text)
                  00005bc0    00000014                            : aeabi_uldivmod.S.obj (.text)
                  00005bd4    00000012     drivers_cc26x2.a : I2C.c.obj (.text.I2C_transfer)
                  00005be6    00000012     ti_sysbios_config.o (.text.ti_sysbios_family_arm_m3_Hwi_doSwiRestore)
                  00005bf8    00000012     ti_sysbios_config.o (.text.ti_sysbios_family_arm_m3_Hwi_doTaskRestore)
                  00005c0a    00000012     ti_sysbios_config.o (.text.ti_sysbios_heaps_HeapMem_Params_init)
                  00005c1c    00000012     ti_sysbios_config.o (.text.ti_sysbios_heaps_HeapMem_init)
                  00005c2e    00000012     ti_sysbios_config.o (.text.ti_sysbios_knl_Clock_Params_init)
                  00005c40    00000012     ti_sysbios_config.o (.text.ti_sysbios_knl_Clock_tick)
                  00005c52    00000012     ti_sysbios_config.o (.text.ti_sysbios_knl_Queue_Instance_init)
                  00005c64    00000012     ti_sysbios_config.o (.text.ti_sysbios_knl_Semaphore_Params_init)
                  00005c76    00000012     libc.a : memcpy_t2.S.obj (.text:TI_memcpy_small)
                  00005c88    00000010     ti_sysbios_config.o (.text.BIOS_start)
                  00005c98    00000010     ti_sysbios_config.o (.text.ClockP_getCpuFreq)
                  00005ca8    00000010     ti_sysbios_config.o (.text.ClockP_start)
                  00005cb8    00000010     ti_sysbios_config.o (.text.ClockP_stop)
                  00005cc8    00000010     drivers_cc26x2.a : GPIOCC26XX.c.obj (.text.GPIO_write)
                  00005cd8    00000010     ti_sysbios_config.o (.text.HwiP_disable)
                  00005ce8    00000010     ti_sysbios_config.o (.text.HwiP_disableInterrupt)
                  00005cf8    00000010     ti_sysbios_config.o (.text.HwiP_enableInterrupt)
                  00005d08    00000010     ti_sysbios_config.o (.text.HwiP_restore)
                  00005d18    00000010     drivers_cc26x2.a : PowerCC26X2_helpers.c.obj (.text.PowerCC26X2_oscCtlClearXtal)
                  00005d28    00000010                      : PowerCC26X2_helpers.c.obj (.text.PowerCC26X2_prcmEnableCacheRetention)
                  00005d38    00000010                      : PowerCC26X2_calibrateRCOSC_helpers.c.obj (.text.PowerCC26X2_readCtrim)
                  00005d48    00000010                      : PowerCC26X2_calibrateRCOSC_helpers.c.obj (.text.PowerCC26X2_readCtrimFract)
                  00005d58    00000010                      : PowerCC26X2_calibrateRCOSC_helpers.c.obj (.text.PowerCC26X2_readRtrim)
                  00005d68    00000010                      : PowerCC26X2_helpers.c.obj (.text.PowerCC26X2_switchToTCXO)
                  00005d78    00000010     ti_sysbios_config.o (.text.SemaphoreP_post)
                  00005d88    00000010     ti_sysbios_config.o (.text.SwiP_post)
                  00005d98    00000010     ti_sysbios_config.o (.text.SysCtrlAonUpdate)
                  00005da8    00000010     ti_sysbios_config.o (.text.ti_sysbios_family_arm_cc26xx_Timer_setPeriod)
                  00005db8    00000010     ti_sysbios_config.o (.text.ti_sysbios_knl_ClockSupport_getMaxTicks)
                  00005dc8    00000010     ti_sysbios_config.o (.text.ti_sysbios_knl_Clock_removeI)
                  00005dd8    00000010     ti_sysbios_config.o (.text.ti_sysbios_knl_Clock_setTimeout)
                  00005de8    00000010     ti_sysbios_config.o (.text.ti_sysbios_knl_Idle_loop)
                  00005df8    00000010     ti_sysbios_config.o (.text.ti_sysbios_knl_Queue_destruct)
                  00005e08    00000010     ti_sysbios_config.o (.text.ti_sysbios_knl_Queue_elemClear)
                  00005e18    00000010     ti_sysbios_config.o (.text.ti_sysbios_knl_Swi_enabled)
                  00005e28    00000010     libc.a : copy_zero_init.c.obj (.text:decompress:ZI)
                  00005e38    0000000e     ti_sysbios_config.o (.text.BIOS_linkedWithIncorrectBootLibrary)
                  00005e46    0000000e     ti_sysbios_config.o (.text.IntMasterDisable)
                  00005e54    0000000e     ti_sysbios_config.o (.text.IntMasterEnable)
                  00005e62    0000000e     drivers_cc26x2.a : PowerCC26X2.c.obj (.text.OUTLINED_FUNCTION_0)
                  00005e70    0000000e                      : PowerCC26X2.c.obj (.text.switchToTCXO)
                  00005e7e    0000000e     ti_sysbios_config.o (.text.ti_sysbios_family_arm_m3_Hwi_restore)
                  00005e8c    0000000e     ti_sysbios_config.o (.text.ti_sysbios_heaps_HeapMem_isBlocking)
                  00005e9a    0000000e     ti_sysbios_config.o (.text.ti_sysbios_knl_Clock_stop)
                  00005ea8    0000000e     ti_sysbios_config.o (.text.ti_sysbios_runtime_SystemSupport_exit)
                  00005eb6    0000000e     libc.a : memset_t2.S.obj (.text:TI_memset_small)
                  00005ec4    0000000e            : copy_decompress_none.c.obj (.text:decompress:none)
                  00005ed2    0000000c     ti_sysbios_config.o (.text.AONRTCCurrentCompareValueGet)
                  00005ede    0000000c     ti_sysbios_config.o (.text.BIOS_getThreadType)
                  00005eea    0000000c     ti_sysbios_config.o (.text.ClockP_getSystemTickPeriod)
                  00005ef6    0000000c     drivers_cc26x2.a : I2C.c.obj (.text.I2C_Params_init)
                  00005f02    0000000c     driverlib.lib : cpu.o (.text.NOROM_CPUcpsid)
                  00005f0e    0000000c                   : cpu.o (.text.NOROM_CPUcpsie)
                  00005f1a    0000000c     drivers_cc26x2.a : I2CCC26XX.c.obj (.text.OUTLINED_FUNCTION_0)
                  00005f26    00000002     --HOLE-- [fill = 0]
                  00005f28    0000000c                      : PowerCC26X2_helpers.c.obj (.text.PowerCC26X2_oscClockSourceGet)
                  00005f34    0000000c                      : PowerCC26X2_helpers.c.obj (.text.PowerCC26X2_setPeriphDeepSleepEnable)
                  00005f40    0000000c                      : PowerCC26X2_helpers.c.obj (.text.PowerCC26X2_sysCtrlGetResetSource)
                  00005f4c    0000000c                      : PowerCC26X2_helpers.c.obj (.text.PowerCC26X2_sysCtrlVoltageConditionalControl)
                  00005f58    0000000c                      : PowerCC26X2.c.obj (.text.Power_getConstraintMask)
                  00005f64    0000000c     libc.a : _lock.c.obj (.text._register_lock)
                  00005f70    0000000c            : _lock.c.obj (.text._register_unlock)
                  00005f7c    0000000c     ti_sysbios_config.o (.text.ti_sysbios_knl_Queue_head)
                  00005f88    0000000c     ti_sysbios_config.o (.text.ti_sysbios_knl_Queue_next)
                  00005f94    0000000c     ti_sysbios_config.o (.text.ti_sysbios_knl_Queue_prev)
                  00005fa0    0000000c     ti_sysbios_config.o (.text.ti_sysbios_knl_Swi_postInit)
                  00005fac    0000000c     ti_sysbios_config.o (.text.ti_sysbios_knl_Swi_self)
                  00005fb8    0000000c     ti_sysbios_config.o (.text.ti_sysbios_knl_Task_self)
                  00005fc4    0000000a     drivers_cc26x2.a : I2CCC26XX.c.obj (.text.I2CMasterControl)
                  00005fce    0000000a                      : PowerCC26X2_helpers.c.obj (.text.PowerCC26X2_sysCtrlStandby)
                  00005fd8    0000000a     ti_sysbios_config.o (.text.ti_sysbios_gates_GateMutex_handle)
                  00005fe2    0000000a     ti_sysbios_config.o (.text.ti_sysbios_knl_Clock_handle)
                  00005fec    0000000a     ti_sysbios_config.o (.text.ti_sysbios_knl_Queue_struct)
                  00005ff6    0000000a     ti_sysbios_config.o (.text.ti_sysbios_knl_Semaphore_handle)
                  00006000    0000000a     ti_sysbios_config.o (.text.ti_sysbios_knl_Swi_startup)
                  0000600a    0000000a     ti_sysbios_config.o (.text.ti_sysbios_runtime_Error_check)
                  00006014    0000000a     ti_sysbios_config.o (.text.ti_sysbios_runtime_Types_uargToPtr)
                  0000601e    00000008     ti_sysbios_config.o (.text.Boot_trimDevice)
                  00006026    00000008     drivers_cc26x2.a : I2CCC26XX.c.obj (.text.I2CCC26XX_blockingCallback)
                  0000602e    00000008                      : I2CCC26XX.c.obj (.text.I2CSupport_masterFinish)
                  00006036    00000008     driverlib.lib : cpu.o (.text.NOROM_CPUdelay)
                  0000603e    00000008     drivers_cc26x2.a : PowerCC26X2_helpers.c.obj (.text.PowerCC26X2_oschfTrySwitchToXosc)
                  00006046    00000008     ti_sysbios_config.o (.text.ResetISR)
                  0000604e    00000008     ti_sysbios_config.o (.text._system_post_cinit)
                  00006056    00000008     ti_sysbios_config.o (.text._system_pre_init)
                  0000605e    00000008     ti_sysbios_config.o (.text.ti_sysbios_family_arm_m3_Hwi_startup)
                  00006066    00000008     ti_sysbios_config.o (.text.ti_sysbios_runtime_Startup_reset)
                  0000606e    00000008     ti_sysbios_config.o (.text.ti_sysbios_runtime_System_exitSpin)
                  00006076    00000006     drivers_cc26x2.a : I2CCC26XX.c.obj (.text.I2CSupport_powerRelConstraint)
                  0000607c    00000006                      : I2CCC26XX.c.obj (.text.I2CSupport_powerSetConstraint)
                  00006082    00000004     ti_sysbios_config.o (.text.PRCMSleep)
                  00006086    00000004     drivers_cc26x2.a : PowerCC26X2_helpers.c.obj (.text.PowerCC26X2_oschfSwitchToRcosc)
                  0000608a    00000004                      : PowerCC26X2_helpers.c.obj (.text.PowerCC26X2_sysCtrlIdle)
                  0000608e    00000004                      : PowerCC26X2_helpers.c.obj (.text.PowerCC26X2_turnOnXosc)
                  00006092    00000004                      : PowerCC26X2.c.obj (.text.configureRFCoreClocks)
                  00006096    00000004                      : PowerCC26X2.c.obj (.text.nopResourceHandler)
                  0000609a    00000004     ti_sysbios_config.o (.text.ti_sysbios_gates_GateMutex_canBlock)
                  0000609e    00000004     ti_sysbios_config.o (.text.ti_sysbios_knl_TaskSupport_getStackAlignment)
                  000060a2    00000004     ti_sysbios_config.o (.text.ti_sysbios_runtime_Memory_getMaxDefaultTypeAlign)
                  000060a6    00000002     --HOLE-- [fill = 0]
                  000060a8    00000004     libclang_rt.builtins.a : aeabi_memcpy.S.obj (.text)

.rodata    0    000060ac    00000cd7     
                  000060ac    000005d0     ti_sysbios_config.o (.rodata.str1.1)
                  0000667c    000001e0     ssd1306.o (.rodata.FONTS)
                  0000685c    00000094     ti_sysbios_config.o (.rodata.ti_sysbios_family_arm_m3_Hwi_excHandlerMin.err)
                  000068f0    0000008d     ti_sysbios_config.o (.rodata.ti_sysbios_heaps_HeapMem_alloc.err)
                  0000697d    00000089     ti_sysbios_config.o (.rodata.ti_sysbios_family_arm_m3_Hwi_Instance_init.err.1)
                  00006a06    00000089     ti_sysbios_config.o (.rodata.ti_sysbios_family_arm_m3_Hwi_excHandlerMin.err.2)
                  00006a8f    00000089     ti_sysbios_config.o (.rodata.ti_sysbios_runtime_Memory_alloc.err)
                  00006b18    00000086     ti_sysbios_config.o (.rodata.ti_sysbios_family_arm_m3_Hwi_Instance_init.err)
                  00006b9e    00000054     drivers_cc26x2.a : PowerCC26X2.c.obj (.rodata.resourceDB)
                  00006bf2    0000004f     gui.o (.rodata.str1.1)
                  00006c41    00000001     ti_drivers_config.o (.rodata.GPIO_pinLowerBound)
                  00006c42    00000001     ti_drivers_config.o (.rodata.GPIO_pinUpperBound)
                  00006c43    00000001     ti_drivers_config.o (.rodata.I2C_count)
                  00006c44    00000024     ti_sysbios_config.o (.rodata.ti_sysbios_knl_Task_Params_default)
                  00006c68    00000020     ssd1306.o (.rodata.SSD1306_InitSequence)
                  00006c88    0000001c     ti_sysbios_config.o (.rodata.ti_sysbios_family_arm_cc26xx_Timer_Params_default)
                  00006ca4    00000018     ti_drivers_config.o (.rodata.i2cCC26xxHWAttrs)
                  00006cbc    00000018     main_tirtos.o (.rodata.str1.1)
                  00006cd4    00000018     ti_sysbios_config.o (.rodata.ti_sysbios_family_arm_m3_Hwi_Params_default)
                  00006cec    00000014     ti_drivers_config.o (.rodata.PowerCC26X2_config)
                  00006d00    00000014     ti_sysbios_config.o (.rodata.ti_sysbios_knl_Swi_Params_default)
                  00006d14    00000010     ti_drivers_config.o (.rodata.GPIO_config)
                  00006d24    00000010     drivers_cc26x2.a : I2CCC26XX.c.obj (.rodata.cst16)
                  00006d34    0000000c     ti_sysbios_config.o (.rodata.ti_sysbios_heaps_HeapMem_Params_default)
                  00006d40    0000000c     ti_sysbios_config.o (.rodata.ti_sysbios_knl_Clock_Params_default)
                  00006d4c    0000000c     ti_sysbios_config.o (.rodata.ti_sysbios_knl_Semaphore_Params_default)
                  00006d58    00000008     ti_drivers_config.o (.rodata.I2C_config)
                  00006d60    00000008     driverlib.lib : aux_sysif.o (.rodata.cst4)
                  00006d68    00000008     ti_sysbios_config.o (.rodata.ti_sysbios_knl_Idle_funcList)
                  00006d70    00000004     ti_sysbios_config.o (.rodata.ti_sysbios_family_arm_m3_Hwi_swiTaskKeyAddress)
                  00006d74    00000004     ti_sysbios_config.o (.rodata.ti_sysbios_gates_GateMutex_Params_default)
                  00006d78    00000004     ti_sysbios_config.o (.rodata.ti_sysbios_knl_Clock_tickPeriod)
                  00006d7c    00000004     ti_sysbios_config.o (.rodata.ti_sysbios_knl_Swi_numPriorities)
                  00006d80    00000001     ti_sysbios_config.o (.rodata.ti_sysbios_knl_Clock_tickMode)
                  00006d81    00000001     ti_sysbios_config.o (.rodata.ti_sysbios_knl_Task_checkStackFlag)
                  00006d82    00000001     ti_sysbios_config.o (.rodata.ti_sysbios_knl_Task_initStackFlag)

__llvm_prf_cnts 
*          0    20000000    00000000     UNINITIALIZED

__llvm_prf_bits 
*          0    20000000    00000000     UNINITIALIZED

.TI.bound:dmaSpi0RxControlTableEntry 
*          0    20001830    00000010     UNINITIALIZED
                  20001830    00000010     ti_drivers_config.o (.TI.bound:dmaSpi0RxControlTableEntry)

.TI.bound:dmaSpi0TxControlTableEntry 
*          0    20001840    00000010     UNINITIALIZED
                  20001840    00000010     ti_drivers_config.o (.TI.bound:dmaSpi0TxControlTableEntry)

.TI.bound:dmaSpi0RxAltControlTableEntry 
*          0    20001a30    00000010     UNINITIALIZED
                  20001a30    00000010     ti_drivers_config.o (.TI.bound:dmaSpi0RxAltControlTableEntry)

.TI.bound:dmaSpi0TxAltControlTableEntry 
*          0    20001a40    00000010     UNINITIALIZED
                  20001a40    00000010     ti_drivers_config.o (.TI.bound:dmaSpi0TxAltControlTableEntry)

.args      0    00006d84    00000008     
                  00006d84    00000008     --HOLE-- [fill = 0]

MODULE SUMMARY

       Module                                     code    ro data   rw data
       ------                                     ----    -------   -------
    .\
       main_tirtos.o                              126     24        42     
    +--+------------------------------------------+-------+---------+---------+
       Total:                                     126     24        42     
                                                                           
    .\source\driverlib\ssd1306\
       ssd1306.o                                  1428    512       1045   
    +--+------------------------------------------+-------+---------+---------+
       Total:                                     1428    512       1045   
                                                                           
    .\source\oled_gui\
       gui.o                                      554     79        0      
    +--+------------------------------------------+-------+---------+---------+
       Total:                                     554     79        0      
                                                                           
    .\syscfg\
       ti_sysbios_config.o                        14428   2553      2814   
       ti_drivers_config.o                        0       71        756    
       ti_devices_config.o                        0       88        0      
    +--+------------------------------------------+-------+---------+---------+
       Total:                                     14428   2712      3570   
                                                                           
    C:/ti/simplelink_cc13xx_cc26xx_sdk_6_30_01_03/kernel/tirtos7/packages/ti/sysbios/lib/ticlang/m4f/sysbios.a
       Hwi_asm_gnu.obj                            324     0         0      
       Hwi_asm_switch_gnu.obj                     118     0         0      
       TaskSupport_asm_gnu.obj                    64      0         0      
       boot_cortex_m.obj                          52      0         0      
    +--+------------------------------------------+-------+---------+---------+
       Total:                                     558     0         0      
                                                                           
    C:/ti/simplelink_cc13xx_cc26xx_sdk_6_30_01_03/source/ti/devices/cc13x2_cc26x2/driverlib/bin/ticlang/driverlib.lib
       osc.o                                      538     0         32     
       sys_ctrl.o                                 432     0         0      
       setup.o                                    424     0         0      
       prcm.o                                     136     0         0      
       chipinfo.o                                 128     0         0      
       aux_sysif.o                                72      8         0      
       cpu.o                                      32      0         0      
    +--+------------------------------------------+-------+---------+---------+
       Total:                                     1762    8         32     
                                                                           
    C:/ti/simplelink_cc13xx_cc26xx_sdk_6_30_01_03/source/ti/drivers/lib/ticlang/m4f/drivers_cc26x2.a
       PowerCC26X2.c.obj                          1674    84        372    
       I2CCC26XX.c.obj                            994     16        0      
       PowerCC26X2_calibrateRCOSC.c.obj           836     0         0      
       PowerCC26X2_calibrateRCOSC_helpers.c.obj   432     0         0      
       I2C.c.obj                                  366     0         0      
       GPIOCC26X2.c.obj                           328     0         29     
       PowerCC26X2_helpers.c.obj                  282     0         0      
       GPIOCC26XX.c.obj                           184     0         0      
       List.c.obj                                 36      0         0      
    +--+------------------------------------------+-------+---------+---------+
       Total:                                     5132    100       401    
                                                                           
    C:\ti\ccs1210\ccs\tools\compiler\ti-cgt-armllvm_2.1.2.LTS\lib\armv7em-ti-none-eabihf/c/libc.a
       copy_decompress_lzss.c.obj                 106     0         0      
       autoinit.c.obj                             56      0         0      
       _lock.c.obj                                26      0         8      
       args_main.c.obj                            20      0         0      
       memcpy_t2.S.obj                            18      0         0      
       copy_zero_init.c.obj                       16      0         0      
       copy_decompress_none.c.obj                 14      0         0      
       memset_t2.S.obj                            14      0         0      
    +--+------------------------------------------+-------+---------+---------+
       Total:                                     270     0         8      
                                                                           
    C:\ti\ccs1210\ccs\tools\compiler\ti-cgt-armllvm_2.1.2.LTS\lib\armv7em-ti-none-eabihf/c/libsysbm.a
       trgmsg.c.obj                               100     0         288    
       hostwrite.c.obj                            84      0         0      
       hostopen.c.obj                             0       0         8      
    +--+------------------------------------------+-------+---------+---------+
       Total:                                     184     0         296    
                                                                           
    C:\ti\ccs1210\ccs\tools\compiler\ti-cgt-armllvm_2.1.2.LTS\lib\clang/14.0.6/lib/armv7em-ti-none-eabihf/libclang_rt.builtins.a
       udivmoddi4.S.obj                           176     0         0      
       aeabi_memset.S.obj                         20      0         0      
       aeabi_uldivmod.S.obj                       20      0         0      
       aeabi_memcpy.S.obj                         4       0         0      
       aeabi_div0.c.obj                           2       0         0      
    +--+------------------------------------------+-------+---------+---------+
       Total:                                     222     0         0      
                                                                           
       Stack:                                     0       0         1536   
       Linker Generated:                          0       285       0      
    +--+------------------------------------------+-------+---------+---------+
       Grand Total:                               24664   3720      6930   


LINKER GENERATED COPY TABLES

__TI_cinit_table @ 00006e7c records: 6, size/record: 8, table size: 48
	.data: load addr=00006d8c, load size=000000b9 bytes, run addr=20001140, run size=00000393 bytes, compression=lzss
	.TI.bound:dmaSpi0RxAltControlTableEntry: load addr=00006e54, load size=00000008 bytes, run addr=20001a30, run size=00000010 bytes, compression=zero_init
	.TI.bound:dmaSpi0RxControlTableEntry: load addr=00006e5c, load size=00000008 bytes, run addr=20001830, run size=00000010 bytes, compression=zero_init
	.TI.bound:dmaSpi0TxAltControlTableEntry: load addr=00006e64, load size=00000008 bytes, run addr=20001a40, run size=00000010 bytes, compression=zero_init
	.TI.bound:dmaSpi0TxControlTableEntry: load addr=00006e6c, load size=00000008 bytes, run addr=20001840, run size=00000010 bytes, compression=zero_init
	.bss: load addr=00006e74, load size=00000008 bytes, run addr=200000d8, run size=00001068 bytes, compression=zero_init


LINKER GENERATED HANDLER TABLE

__TI_handler_table @ 00006e48 records: 3, size/record: 4, table size: 12
	index: 0, handler: __TI_decompress_lzss
	index: 1, handler: __TI_decompress_none
	index: 2, handler: __TI_zero_init


GLOBAL SYMBOLS: SORTED ALPHABETICALLY BY Name 

address   name                                                               
-------   ----                                                               
20001410  BIOS_Module_state                                                  
00004b47  BIOS_atExitFunc                                                    
00005a1d  BIOS_exit                                                          
000059b5  BIOS_exitFunc                                                      
000059cf  BIOS_getCpuFreq                                                    
00005edf  BIOS_getThreadType                                                 
20001028  BIOS_heapMemObject                                                 
0000377b  BIOS_init                                                          
00005e39  BIOS_linkedWithIncorrectBootLibrary                                
00000713  BIOS_nullFunc                                                      
000051b1  BIOS_registerRTSLock                                               
000051dd  BIOS_removeRTSLock                                                 
20001054  BIOS_rtsGate                                                       
00004769  BIOS_rtsLock                                                       
00004dd1  BIOS_rtsUnlock                                                     
000055f9  BIOS_setThreadType                                                 
00005c89  BIOS_start                                                         
000041cb  BIOS_startFunc                                                     
0000601f  Boot_trimDevice                                                    
00004ed3  C$$IO$$                                                            
00005aad  ClockP_Params_init                                                 
00003c47  ClockP_construct                                                   
00005c99  ClockP_getCpuFreq                                                  
00005eeb  ClockP_getSystemTickPeriod                                         
00005ca9  ClockP_start                                                       
00005cb9  ClockP_stop                                                        
00006d14  GPIO_config                                                        
000047ad  GPIO_hwiIntFxn                                                     
00001811  GPIO_init                                                          
00006c41  GPIO_pinLowerBound                                                 
00006c42  GPIO_pinUpperBound                                                 
00002c49  GPIO_setConfig                                                     
00005881  GPIO_setMux                                                        
00005cc9  GPIO_write                                                         
00004f79  GUI_ChangeChannel                                                  
000056e7  GUI_ChangeDeviceIp                                                 
00003ca3  GUI_ChangeProto                                                    
00004b83  GUI_ChangeRx                                                       
00005707  GUI_ChangeTargetIp                                                 
00002299  GUI_Init                                                           
00004000  HEAPSIZE                                                           
00004221  HOSTwrite                                                          
0000589d  HwiP_Params_init                                                   
00003e0f  HwiP_construct                                                     
00005cd9  HwiP_disable                                                       
00005ce9  HwiP_disableInterrupt                                              
00005cf9  HwiP_enableInterrupt                                               
00005d09  HwiP_restore                                                       
0000602f  I2CSupport_masterFinish                                            
00006077  I2CSupport_powerRelConstraint                                      
0000607d  I2CSupport_powerSetConstraint                                      
00003857  I2CSupport_primeTransfer                                           
00005ef7  I2C_Params_init                                                    
00005309  I2C_cancel                                                         
00006d58  I2C_config                                                         
00006c43  I2C_count                                                          
00000a37  I2C_init                                                           
00000e0d  I2C_open                                                           
00005bd5  I2C_transfer                                                       
00001085  I2C_transferTimeout                                                
UNDEFED   ITM_flush                                                          
UNDEFED   ITM_restore                                                        
00005491  List_put                                                           
00004535  NOROM_AUXSYSIFOpModeChange                                         
00005f03  NOROM_CPUcpsid                                                     
00005f0f  NOROM_CPUcpsie                                                     
00006037  NOROM_CPUdelay                                                     
000042c9  NOROM_ChipInfo_GetHwRevision                                       
000024cb  NOROM_OSCHF_AttemptToSwitchToXosc                                  
000032e1  NOROM_OSCHF_SwitchToRcOscTurnOffXosc                               
00005261  NOROM_OSCHF_TurnOnXosc                                             
00003359  NOROM_OSC_CapArrayAdjustWorkaround_Boot                            
000043b9  NOROM_OSC_HPOSCRelativeFrequencyOffsetGet                          
000047f1  NOROM_PRCMPowerDomainsAllOff                                       
00004835  NOROM_PRCMPowerDomainsAllOn                                        
00001ce1  NOROM_SetupTrimDevice                                              
00004bbf  NOROM_SysCtrlIdle                                                  
00002f7b  NOROM_SysCtrlSetRechargeBeforePowerDown                            
00001a15  NOROM_SysCtrlStandby                                               
000050f9  NOROM_ThisLibraryIsFor_CC13x2_CC26x2_HwRev20AndLater_HaltIfViolated
000049c9  PowerCC26X2_RCOSC_clockFunc                                        
00000715  PowerCC26X2_auxISR                                                 
000014f1  PowerCC26X2_calibrate                                              
00006cec  PowerCC26X2_config                                                 
00005729  PowerCC26X2_disableTCXOQual                                        
00005749  PowerCC26X2_enableTCXOQual                                         
000039f9  PowerCC26X2_initiateCalibration                                    
20001140  PowerCC26X2_module                                                 
00005f29  PowerCC26X2_oscClockSourceGet                                      
00005d19  PowerCC26X2_oscCtlClearXtal                                        
00004d29  PowerCC26X2_oscDisableQualifiers                                   
00006087  PowerCC26X2_oschfSwitchToRcosc                                     
0000603f  PowerCC26X2_oschfTrySwitchToXosc                                   
00005d29  PowerCC26X2_prcmEnableCacheRetention                               
00005d39  PowerCC26X2_readCtrim                                              
00005d49  PowerCC26X2_readCtrimFract                                         
00005d59  PowerCC26X2_readRtrim                                              
00004a09  PowerCC26X2_setAclkRefSrc                                          
00005f35  PowerCC26X2_setPeriphDeepSleepEnable                               
000054b5  PowerCC26X2_setSubSecIncToXoscLf                                   
00004bfd  PowerCC26X2_setTdcClkSrc24M                                        
00005d69  PowerCC26X2_switchToTCXO                                           
00005f41  PowerCC26X2_sysCtrlGetResetSource                                  
0000608b  PowerCC26X2_sysCtrlIdle                                            
00005fcf  PowerCC26X2_sysCtrlStandby                                         
00005f4d  PowerCC26X2_sysCtrlVoltageConditionalControl                       
0000608f  PowerCC26X2_turnOnXosc                                             
000035b1  PowerCC26X2_updateSubSecInc                                        
000054d9  PowerCC26X2_writeCtrim                                             
000054fd  PowerCC26X2_writeCtrimFract                                        
00005521  PowerCC26X2_writeCtrimFractEn                                      
00005545  PowerCC26X2_writeRtrim                                             
00005a35  PowerCC26XX_calibrate                                              
00005769  PowerCC26XX_schedulerDisable                                       
00005789  PowerCC26XX_schedulerRestore                                       
00000b91  PowerCC26XX_standbyPolicy                                          
2000112c  PowerCC26XX_swiKey                                                 
20001130  PowerCC26XX_taskKey                                                
00005f59  Power_getConstraintMask                                            
000058b9  Power_getTransitionLatency                                         
00005a4d  Power_idleFunc                                                     
000012c9  Power_init                                                         
00005569  Power_registerNotify                                               
00004e75  Power_releaseConstraint                                            
00002581  Power_releaseDependency                                            
00004fa9  Power_setConstraint                                                
00002635  Power_setDependency                                                
00000a39  Power_sleep                                                        
00006047  ResetISR                                                           
000015fd  SSD1306_DrawChar                                                   
000003e1  SSD1306_DrawLine                                                   
00002a9f  SSD1306_DrawPixel                                                  
00003a5d  SSD1306_DrawString                                                 
000028d7  SSD1306_Init                                                       
00006c68  SSD1306_InitSequence                                               
000045c5  SSD1306_SendCommand                                                
0000558d  SSD1306_SetPosition                                                
00002ffb  SSD1306_UpdatePosition                                             
00004945  SSD1306_UpdateScreen                                               
0000528b  SemaphoreP_constructBinary                                         
00004e07  SemaphoreP_pend                                                    
00005d79  SemaphoreP_post                                                    
00005809  SwiP_Params_init                                                   
00003079  SwiP_construct                                                     
00005d89  SwiP_post                                                          
00005c77  TI_memcpy_small                                                    
00005eb7  TI_memset_small                                                    
20000c20  _CIOBUF_                                                           
20000c20  __CIOBUF_                                                          
20014000  __STACK_END                                                        
00000600  __STACK_SIZE                                                       
00006e7c  __TI_CINIT_Base                                                    
00006eac  __TI_CINIT_Limit                                                   
00006eac  __TI_CINIT_Warm                                                    
00006e48  __TI_Handler_Table_Base                                            
00006e54  __TI_Handler_Table_Limit                                           
00004d99  __TI_auto_init_nobinit_nopinit                                     
000038c1  __TI_decompress_lzss                                               
00005ec5  __TI_decompress_none                                               
ffffffff  __TI_pprof_out_hndl                                                
ffffffff  __TI_prof_data_size                                                
ffffffff  __TI_prof_data_start                                               
00004fd9  __TI_readmsg                                                       
00000000  __TI_static_base__                                                 
00004ea9  __TI_writemsg                                                      
00005e29  __TI_zero_init                                                     
000011ab  __aeabi_ldiv0                                                      
00005bb9  __aeabi_memclr                                                     
00005bb9  __aeabi_memclr4                                                    
00005bb9  __aeabi_memclr8                                                    
000060a9  __aeabi_memcpy                                                     
000060a9  __aeabi_memcpy4                                                    
000060a9  __aeabi_memcpy8                                                    
00005bad  __aeabi_memset                                                     
00005bad  __aeabi_memset4                                                    
00005bad  __aeabi_memset8                                                    
00005bc1  __aeabi_uldivmod                                                   
ffffffff  __binit__                                                          
00006d84  __c_args__                                                         
00057fa8  __ccfg                                                             
UNDEFED   __mpu_init                                                         
20005a50  __primary_heap_end__                                               
20001a50  __primary_heap_start__                                             
20013a00  __stack                                                            
20000000  __start___llvm_prf_bits                                            
20000000  __start___llvm_prf_cnts                                            
20000000  __stop___llvm_prf_bits                                             
20000000  __stop___llvm_prf_cnts                                             
000026e5  __udivmoddi4                                                       
00005b5d  _args_main                                                         
00004f45  _c_int00                                                           
200008da  _counter                                                           
20001464  _hposcCoeffs                                                       
200014c0  _lock                                                              
000014ef  _nop                                                               
00004879  _pthread_cleanupFxn                                                
00005f65  _register_lock                                                     
00005f71  _register_unlock                                                   
0000604f  _system_post_cinit                                                 
00006057  _system_pre_init                                                   
200014c4  _unlock                                                            
ffffffff  binit                                                              
00004c39  displayTask                                                        
20000e18  gpioCallbackFunctions                                              
200012b4  gpioPinConfigs                                                     
20000e94  gpioUserArgs                                                       
00006ca4  i2cCC26xxHWAttrs                                                   
20000ae0  i2cCC26xxObjects                                                   
00004987  main                                                               
20001114  parmbuf                                                            
00006b9e  resourceDB                                                         
00004ced  sendData                                                           
20001134  testHandle                                                         
200010a4  testParams                                                         
20001484  ti_sysbios_family_arm_cc26xx_Timer_Module_state                    
000055b1  ti_sysbios_family_arm_cc26xx_Timer_Params_init                     
0000057b  ti_sysbios_family_arm_cc26xx_Timer_construct                       
000058d5  ti_sysbios_family_arm_cc26xx_Timer_dynamicStub                     
00005a65  ti_sysbios_family_arm_cc26xx_Timer_getCount64                      
0000401f  ti_sysbios_family_arm_cc26xx_Timer_getCurrentTick                  
00004edd  ti_sysbios_family_arm_cc26xx_Timer_getMaxTicks                     
000030f5  ti_sysbios_family_arm_cc26xx_Timer_periodicStub                    
000057a9  ti_sysbios_family_arm_cc26xx_Timer_postInit                        
0000431b  ti_sysbios_family_arm_cc26xx_Timer_setNextTick                     
00005da9  ti_sysbios_family_arm_cc26xx_Timer_setPeriod                       
00003699  ti_sysbios_family_arm_cc26xx_Timer_setThreshold                    
0000392b  ti_sysbios_family_arm_cc26xx_Timer_start                           
00001bf7  ti_sysbios_family_arm_cc26xx_Timer_startup                         
20001138  ti_sysbios_family_arm_cc26xx_TimestampProvider_Module_state        
00005b71  ti_sysbios_family_arm_cc26xx_TimestampProvider_init                
00003991  ti_sysbios_family_arm_m3_Hwi_Instance_finalize                     
00001915  ti_sysbios_family_arm_m3_Hwi_Instance_init                         
20001398  ti_sysbios_family_arm_m3_Hwi_Module_state                          
000058f1  ti_sysbios_family_arm_m3_Hwi_Params_init                           
00003e67  ti_sysbios_family_arm_m3_Hwi_construct                             
00002cd5  ti_sysbios_family_arm_m3_Hwi_construct2                            
000033d1  ti_sysbios_family_arm_m3_Hwi_disableInterrupt                      
000011ad  ti_sysbios_family_arm_m3_Hwi_dispatch                              
000031ed  ti_sysbios_family_arm_m3_Hwi_dispatchC                             
20000d40  ti_sysbios_family_arm_m3_Hwi_dispatchTable                         
00005be7  ti_sysbios_family_arm_m3_Hwi_doSwiRestore                          
00005bf9  ti_sysbios_family_arm_m3_Hwi_doTaskRestore                         
0000370b  ti_sysbios_family_arm_m3_Hwi_enableInterrupt                       
0000003d  ti_sysbios_family_arm_m3_Hwi_excFillContext                        
000057c9  ti_sysbios_family_arm_m3_Hwi_excHandler                            
00005331  ti_sysbios_family_arm_m3_Hwi_excHandlerAsm                         
00002b2d  ti_sysbios_family_arm_m3_Hwi_excHandlerMin                         
000053f9  ti_sysbios_family_arm_m3_Hwi_getHandle                             
00002ef9  ti_sysbios_family_arm_m3_Hwi_getStackInfo                          
0000457d  ti_sysbios_family_arm_m3_Hwi_init                                  
00001dc5  ti_sysbios_family_arm_m3_Hwi_initNVIC                              
00005155  ti_sysbios_family_arm_m3_Hwi_initStack                             
00003ec1  ti_sysbios_family_arm_m3_Hwi_initStacks                            
00001284  ti_sysbios_family_arm_m3_Hwi_interruptsAreDisabledButShouldNotBe   
00001289  ti_sysbios_family_arm_m3_Hwi_pendSV                                
00005039  ti_sysbios_family_arm_m3_Hwi_plug                                  
00002deb  ti_sysbios_family_arm_m3_Hwi_postInit                              
20000000  ti_sysbios_family_arm_m3_Hwi_ramVectors                            
00000000  ti_sysbios_family_arm_m3_Hwi_resetVectors                          
000012ac  ti_sysbios_family_arm_m3_Hwi_return                                
00004c75  ti_sysbios_family_arm_m3_Hwi_setPriority                           
0000605f  ti_sysbios_family_arm_m3_Hwi_startup                               
00006d70  ti_sysbios_family_arm_m3_Hwi_swiTaskKeyAddress                     
00005827  ti_sysbios_family_arm_m3_Hwi_switchAndRunFunc                      
00005845  ti_sysbios_family_arm_m3_Hwi_switchFromBootStack                   
00005183  ti_sysbios_gates_GateMutex_Instance_init                           
[...]
000050c9  ti_sysbios_knl_Idle_run                                            
000050f9  NOROM_ThisLibraryIsFor_CC13x2_CC26x2_HwRev20AndLater_HaltIfViolated
00005155  ti_sysbios_family_arm_m3_Hwi_initStack                             
00005183  ti_sysbios_gates_GateMutex_Instance_init                           
000051b1  BIOS_registerRTSLock                                               
000051dd  BIOS_removeRTSLock                                                 
00005209  ti_sysbios_knl_Semaphore_construct                                 
00005235  ti_sysbios_runtime_Memory_free                                     
00005261  NOROM_OSCHF_TurnOnXosc                                             
0000528b  SemaphoreP_constructBinary                                         
000052b5  ti_sysbios_knl_Clock_initI                                         
000052df  ti_sysbios_knl_Task_enter                                          
00005309  I2C_cancel                                                         
00005331  ti_sysbios_family_arm_m3_Hwi_excHandlerAsm                         
00005359  ti_sysbios_gates_GateMutex_construct                               
00005381  ti_sysbios_knl_Queue_enqueue                                       
000053a9  ti_sysbios_knl_TaskSupport_swap                                    
000053b4  ti_sysbios_knl_TaskSupport_swapReturn                              
000053d1  ti_sysbios_runtime_System_init                                     
000053f9  ti_sysbios_family_arm_m3_Hwi_getHandle                             
0000541f  ti_sysbios_knl_Task_allBlockedFunction                             
00005445  ti_sysbios_knl_Task_delete                                         
0000546b  ti_sysbios_knl_Task_destruct                                       
00005491  List_put                                                           
000054b5  PowerCC26X2_setSubSecIncToXoscLf                                   
000054d9  PowerCC26X2_writeCtrim                                             
000054fd  PowerCC26X2_writeCtrimFract                                        
00005521  PowerCC26X2_writeCtrimFractEn                                      
00005545  PowerCC26X2_writeRtrim                                             
00005569  Power_registerNotify                                               
0000558d  SSD1306_SetPosition                                                
000055b1  ti_sysbios_family_arm_cc26xx_Timer_Params_init                     
000055d5  ti_sysbios_knl_Task_Params_init                                    
000055f9  BIOS_setThreadType                                                 
0000561b  ti_sysbios_gates_GateMutex_leave                                   
0000563d  ti_sysbios_heaps_HeapMem_restore                                   
0000565f  ti_sysbios_knl_Clock_getTicks                                      
00005681  ti_sysbios_knl_Clock_scheduleNextTick                              
000056a3  ti_sysbios_knl_Queue_dequeue                                       
000056c5  ti_sysbios_knl_Semaphore_destruct                                  
000056e7  GUI_ChangeDeviceIp                                                 
00005707  GUI_ChangeTargetIp                                                 
00005729  PowerCC26X2_disableTCXOQual                                        
00005749  PowerCC26X2_enableTCXOQual                                         
00005769  PowerCC26XX_schedulerDisable                                       
00005789  PowerCC26XX_schedulerRestore                                       
000057a9  ti_sysbios_family_arm_cc26xx_Timer_postInit                        
000057c9  ti_sysbios_family_arm_m3_Hwi_excHandler                            
000057e9  ti_sysbios_knl_ClockSupport_getCurrentTick                         
00005809  SwiP_Params_init                                                   
00005827  ti_sysbios_family_arm_m3_Hwi_switchAndRunFunc                      
00005845  ti_sysbios_family_arm_m3_Hwi_switchFromBootStack                   
00005863  ti_sysbios_knl_Task_unblock                                        
00005881  GPIO_setMux                                                        
0000589d  HwiP_Params_init                                                   
000058b9  Power_getTransitionLatency                                         
000058d5  ti_sysbios_family_arm_cc26xx_Timer_dynamicStub                     
000058f1  ti_sysbios_family_arm_m3_Hwi_Params_init                           
0000590d  ti_sysbios_knl_Clock_enqueueI                                      
00005929  ti_sysbios_knl_Clock_start                                         
00005945  ti_sysbios_knl_Queue_remove                                        
00005961  ti_sysbios_knl_Swi_Params_init                                     
0000597d  ti_sysbios_knl_Swi_disable                                         
00005999  ti_sysbios_knl_Task_disable                                        
000059b5  BIOS_exitFunc                                                      
000059cf  BIOS_getCpuFreq                                                    
00005a03  ti_sysbios_knl_Semaphore_Instance_finalize                         
00005a1d  BIOS_exit                                                          
00005a35  PowerCC26XX_calibrate                                              
00005a4d  Power_idleFunc                                                     
00005a65  ti_sysbios_family_arm_cc26xx_Timer_getCount64                      
00005a7d  ti_sysbios_knl_ClockSupport_setNextTick                            
00005a95  ti_sysbios_knl_TaskSupport_glue                                    
00005aad  ClockP_Params_init                                                 
00005aef  ti_sysbios_knl_Queue_construct                                     
00005b05  ti_sysbios_knl_Queue_empty                                         
00005b1b  ti_sysbios_runtime_SystemSupport_init                              
00005b31  ti_sysbios_runtime_System_exit                                     
00005b5d  _args_main                                                         
00005b71  ti_sysbios_family_arm_cc26xx_TimestampProvider_init                
00005b99  ti_sysbios_knl_Swi_Instance_finalize                               
00005bad  __aeabi_memset                                                     
00005bad  __aeabi_memset4                                                    
00005bad  __aeabi_memset8                                                    
00005bb9  __aeabi_memclr                                                     
00005bb9  __aeabi_memclr4                                                    
00005bb9  __aeabi_memclr8                                                    
00005bc1  __aeabi_uldivmod                                                   
00005bd5  I2C_transfer                                                       
00005be7  ti_sysbios_family_arm_m3_Hwi_doSwiRestore                          
00005bf9  ti_sysbios_family_arm_m3_Hwi_doTaskRestore                         
00005c0b  ti_sysbios_heaps_HeapMem_Params_init                               
00005c1d  ti_sysbios_heaps_HeapMem_init                                      
00005c2f  ti_sysbios_knl_Clock_Params_init                                   
00005c41  ti_sysbios_knl_Clock_tick                                          
00005c53  ti_sysbios_knl_Queue_Instance_init                                 
00005c65  ti_sysbios_knl_Semaphore_Params_init                               
00005c77  TI_memcpy_small                                                    
00005c89  BIOS_start                                                         
00005c99  ClockP_getCpuFreq                                                  
00005ca9  ClockP_start                                                       
00005cb9  ClockP_stop                                                        
00005cc9  GPIO_write                                                         
00005cd9  HwiP_disable                                                       
00005ce9  HwiP_disableInterrupt                                              
00005cf9  HwiP_enableInterrupt                                               
00005d09  HwiP_restore                                                       
00005d19  PowerCC26X2_oscCtlClearXtal                                        
00005d29  PowerCC26X2_prcmEnableCacheRetention                               
00005d39  PowerCC26X2_readCtrim                                              
00005d49  PowerCC26X2_readCtrimFract                                         
00005d59  PowerCC26X2_readRtrim                                              
00005d69  PowerCC26X2_switchToTCXO                                           
00005d79  SemaphoreP_post                                                    
00005d89  SwiP_post                                                          
00005da9  ti_sysbios_family_arm_cc26xx_Timer_setPeriod                       
00005db9  ti_sysbios_knl_ClockSupport_getMaxTicks                            
00005dc9  ti_sysbios_knl_Clock_removeI                                       
00005dd9  ti_sysbios_knl_Clock_setTimeout                                    
00005de9  ti_sysbios_knl_Idle_loop                                           
00005df9  ti_sysbios_knl_Queue_destruct                                      
00005e09  ti_sysbios_knl_Queue_elemClear                                     
00005e19  ti_sysbios_knl_Swi_enabled                                         
00005e29  __TI_zero_init                                                     
00005e39  BIOS_linkedWithIncorrectBootLibrary                                
00005e8d  ti_sysbios_heaps_HeapMem_isBlocking                                
00005e9b  ti_sysbios_knl_Clock_stop                                          
00005ea9  ti_sysbios_runtime_SystemSupport_exit                              
00005eb7  TI_memset_small                                                    
00005ec5  __TI_decompress_none                                               
00005edf  BIOS_getThreadType                                                 
00005eeb  ClockP_getSystemTickPeriod                                         
00005ef7  I2C_Params_init                                                    
00005f03  NOROM_CPUcpsid                                                     
00005f0f  NOROM_CPUcpsie                                                     
00005f29  PowerCC26X2_oscClockSourceGet                                      
00005f35  PowerCC26X2_setPeriphDeepSleepEnable                               
00005f41  PowerCC26X2_sysCtrlGetResetSource                                  
00005f4d  PowerCC26X2_sysCtrlVoltageConditionalControl                       
00005f59  Power_getConstraintMask                                            
00005f65  _register_lock                                                     
00005f71  _register_unlock                                                   
00005f7d  ti_sysbios_knl_Queue_head                                          
00005f89  ti_sysbios_knl_Queue_next                                          
00005f95  ti_sysbios_knl_Queue_prev                                          
00005fa1  ti_sysbios_knl_Swi_postInit                                        
00005fad  ti_sysbios_knl_Swi_self                                            
00005fb9  ti_sysbios_knl_Task_self                                           
00005fcf  PowerCC26X2_sysCtrlStandby                                         
00006001  ti_sysbios_knl_Swi_startup                                         
0000600b  ti_sysbios_runtime_Error_check                                     
0000601f  Boot_trimDevice                                                    
0000602f  I2CSupport_masterFinish                                            
00006037  NOROM_CPUdelay                                                     
0000603f  PowerCC26X2_oschfTrySwitchToXosc                                   
00006047  ResetISR                                                           
0000604f  _system_post_cinit                                                 
00006057  _system_pre_init                                                   
0000605f  ti_sysbios_family_arm_m3_Hwi_startup                               
00006067  ti_sysbios_runtime_Startup_reset                                   
0000606f  ti_sysbios_runtime_System_exitSpin                                 
00006077  I2CSupport_powerRelConstraint                                      
0000607d  I2CSupport_powerSetConstraint                                      
00006087  PowerCC26X2_oschfSwitchToRcosc                                     
0000608b  PowerCC26X2_sysCtrlIdle                                            
0000608f  PowerCC26X2_turnOnXosc                                             
0000609b  ti_sysbios_gates_GateMutex_canBlock                                
0000609f  ti_sysbios_knl_TaskSupport_getStackAlignment                       
000060a3  ti_sysbios_runtime_Memory_getMaxDefaultTypeAlign                   
000060a9  __aeabi_memcpy                                                     
000060a9  __aeabi_memcpy4                                                    
000060a9  __aeabi_memcpy8                                                    
00006b9e  resourceDB                                                         
00006c41  GPIO_pinLowerBound                                                 
00006c42  GPIO_pinUpperBound                                                 
00006c43  I2C_count                                                          
00006c68  SSD1306_InitSequence                                               
00006ca4  i2cCC26xxHWAttrs                                                   
00006cec  PowerCC26X2_config                                                 
00006d14  GPIO_config                                                        
00006d58  I2C_config                                                         
00006d68  ti_sysbios_knl_Idle_funcList                                       
00006d70  ti_sysbios_family_arm_m3_Hwi_swiTaskKeyAddress                     
00006d78  ti_sysbios_knl_Clock_tickPeriod                                    
00006d7c  ti_sysbios_knl_Swi_numPriorities                                   
00006d80  ti_sysbios_knl_Clock_tickMode                                      
00006d81  ti_sysbios_knl_Task_checkStackFlag                                 
00006d82  ti_sysbios_knl_Task_initStackFlag                                  
00006d84  __c_args__                                                         
00006e48  __TI_Handler_Table_Base                                            
00006e54  __TI_Handler_Table_Limit                                           
00006e7c  __TI_CINIT_Base                                                    
00006eac  __TI_CINIT_Limit                                                   
00006eac  __TI_CINIT_Warm                                                    
00057fa8  __ccfg                                                             
20000000  __start___llvm_prf_bits                                            
20000000  __start___llvm_prf_cnts                                            
20000000  __stop___llvm_prf_bits                                             
20000000  __stop___llvm_prf_cnts                                             
20000000  ti_sysbios_family_arm_m3_Hwi_ramVectors                            
200004d9  ti_sysbios_runtime_SysMin_outbuf                                   
200008da  _counter                                                           
200008e0  ti_sysbios_knl_Idle_taskStack                                      
20000ae0  i2cCC26xxObjects                                                   
20000c20  _CIOBUF_                                                           
20000c20  __CIOBUF_                                                          
20000d40  ti_sysbios_family_arm_m3_Hwi_dispatchTable                         
20000e18  gpioCallbackFunctions                                              
20000e94  gpioUserArgs                                                       
20000f10  ti_sysbios_knl_ClockSupport_timerStruct                            
20000f70  ti_sysbios_knl_Idle_taskStruct                                     
20000fc8  ti_sysbios_knl_Swi_readyQs                                         
20000ff8  ti_sysbios_knl_Task_readyQs                                        
20001028  BIOS_heapMemObject                                                 
20001054  BIOS_rtsGate                                                       
2000107c  ti_sysbios_heaps_HeapMem_gate                                      
200010a4  testParams                                                         
200010c8  ti_sysbios_runtime_System_atexitHandlers                           
20001114  parmbuf                                                            
2000112c  PowerCC26XX_swiKey                                                 
20001130  PowerCC26XX_taskKey                                                
20001134  testHandle                                                         
20001138  ti_sysbios_family_arm_cc26xx_TimestampProvider_Module_state        
2000113c  ti_sysbios_knl_Task_defaultStackHeap                               
20001140  PowerCC26X2_module                                                 
200012b4  gpioPinConfigs                                                     
20001330  ti_sysbios_knl_Clock_Module_state                                  
20001398  ti_sysbios_family_arm_m3_Hwi_Module_state                          
200013d4  ti_sysbios_knl_Task_Module_state                                   
20001410  BIOS_Module_state                                                  
2000143c  ti_sysbios_knl_Swi_Module_state                                    
20001464  _hposcCoeffs                                                       
20001474  ti_sysbios_runtime_SysMin_Module_state                             
20001484  ti_sysbios_family_arm_cc26xx_Timer_Module_state                    
20001490  ti_sysbios_runtime_Error_ignore                                    
2000149c  ti_sysbios_runtime_System_Module_state                             
200014a8  ti_sysbios_gates_GateMutex_Module_state                            
200014b0  ti_sysbios_heaps_HeapMem_Module_state                              
200014b8  ti_sysbios_knl_Semaphore_Module_state                              
200014c0  _lock                                                              
200014c4  _unlock                                                            
200014cc  ti_sysbios_runtime_Memory_defaultHeapInstance                      
200014d1  ti_sysbios_knl_Idle_initDone                                       
200014d2  ti_sysbios_runtime_Startup_done                                    
20001a50  __primary_heap_start__                                             
20005a50  __primary_heap_end__                                               
20013a00  __stack                                                            
20014000  __STACK_END                                                        
ffffffff  __TI_pprof_out_hndl                                                
ffffffff  __TI_prof_data_size                                                
ffffffff  __TI_prof_data_start                                               
ffffffff  __binit__                                                          
ffffffff  binit                                                              
UNDEFED   ITM_flush                                                          
UNDEFED   ITM_restore                                                        
UNDEFED   __mpu_init                                                         

[414 symbols]
