******************************************************************************
            TI ARM Clang Linker PC v2.1.2                      
******************************************************************************
>> Linked Fri Nov 17 08:10:07 2023

OUTPUT FILE NAME:   <multiSniff_LP_CC2652RB_tirtos7_ticlang2.out>
ENTRY POINT SYMBOL: "ResetISR"  address: 000049e5


MEMORY CONFIGURATION

         name            origin    length      used     unused   attr    fill
----------------------  --------  ---------  --------  --------  ----  --------
  FLASH                 00000000   00058000  000056e8  00052918  R  X
  GPRAM                 11000000   00002000  00000000  00002000  RW X
  SRAM                  20000000   00014000  000056cd  0000e933  RW X
  LOG_DATA              90000000   00040000  00000000  00040000  R   


SEGMENT ALLOCATION MAP

run origin  load origin   length   init length attrs members
----------  ----------- ---------- ----------- ----- -------
00000000    00000000    000055b4   000055b4    r-x
  00000000    00000000    0000003c   0000003c    r-- .resetVecs
  0000003c    0000003c    00000004   00000004    r-- .rodata.1
  00000040    00000040    000049c8   000049c8    r-x .text
  00004a08    00004a08    00000bac   00000bac    r-- .rodata.2
000055b4    000055b4    00000008   00000008    rw-
  000055b4    000055b4    00000008   00000008    rw- .args
000055bc    000055bc    000000d4   000000d4    r--
  000055bc    000055bc    000000d4   000000d4    r-- .cinit
00057fa8    00057fa8    00000058   00000058    r--
  00057fa8    00057fa8    00000058   00000058    r-- .ccfg
200000d8    200000d8    00004000   00000000    r--
  200000d8    200000d8    00004000   00000000    r-- .priheap
200040d8    200040d8    00000ff5   00000000    rw-
  200040d8    200040d8    00000c50   00000000    rw- .bss
  20004d28    20004d28    000003a5   00000000    rw- .data
20013a00    20013a00    00000600   00000000    rw-
  20013a00    20013a00    00000600   00000000    rw- .stack


SECTION ALLOCATION MAP

 output                                  attributes/
section   page    origin      length       input sections
--------  ----  ----------  ----------   ----------------
.binit     0    00000000    00000000     

.cinit     0    000055bc    000000d4     
                  000055bc    000000b0     (.cinit..data.load) [load image, compression = lzss]
                  0000566c    0000000c     (__TI_handler_table)
                  00005678    00000008     (.cinit..bss.load) [load image, compression = zero_init]
                  00005680    00000010     (__TI_cinit_table)

.init_array 
*          0    00000000    00000000     UNINITIALIZED

.ccfg      0    00057fa8    00000058     
                  00057fa8    00000058     ti_devices_config.o (.ccfg)

.bss       0    200040d8    00000c50     UNINITIALIZED
                  200040d8    00000400     (.common:ti_sysbios_runtime_SysMin_outbuf)
                  200044d8    00000200     (.common:ti_sysbios_knl_Idle_taskStack)
                  200046d8    00000140     (.common:i2cCC26xxObjects)
                  20004818    00000120     libsysbm.a : trgmsg.c.obj (.bss:_CIOBUF_)
                  20004938    000000d8     (.common:ti_sysbios_family_arm_m3_Hwi_dispatchTable)
                  20004a10    0000007c     (.common:gpioCallbackFunctions)
                  20004a8c    0000007c     (.common:gpioUserArgs)
                  20004b08    00000060     (.common:ti_sysbios_knl_ClockSupport_timerStruct)
                  20004b68    00000058     (.common:ti_sysbios_knl_Idle_taskStruct)
                  20004bc0    00000030     (.common:ti_sysbios_knl_Swi_readyQs)
                  20004bf0    00000030     (.common:ti_sysbios_knl_Task_readyQs)
                  20004c20    0000002c     (.common:BIOS_heapMemObject)
                  20004c4c    00000028     (.common:BIOS_rtsGate)
                  20004c74    00000028     (.common:ti_sysbios_heaps_HeapMem_gate)
                  20004c9c    00000024     (.common:testParams)
                  20004cc0    00000020     (.common:ti_sysbios_runtime_System_atexitHandlers)
                  20004ce0    0000001c     drivers_cc26x2.a : GPIOCC26X2.c.obj (.bss.gpioHwi)
                  20004cfc    00000008     (.common:parmbuf)
                  20004d04    00000004     driverlib.lib : osc.o (.bss.oscHfGlobals.0)
                  20004d08    00000004                   : osc.o (.bss.oscHfGlobals.2)
                  20004d0c    00000004                   : osc.o (.bss.oscHfGlobals.3)
                  20004d10    00000004                   : osc.o (.bss.oscHfGlobals.4)
                  20004d14    00000004     (.common:PowerCC26XX_swiKey)
                  20004d18    00000004     (.common:PowerCC26XX_taskKey)
                  20004d1c    00000004     (.common:testHandle)
                  20004d20    00000004     (.common:ti_sysbios_family_arm_cc26xx_TimestampProvider_Module_state)
                  20004d24    00000004     (.common:ti_sysbios_knl_Task_defaultStackHeap)

.data      0    20004d28    000003a5     UNINITIALIZED
                  20004d28    00000174     drivers_cc26x2.a : PowerCC26X2.c.obj (.data.PowerCC26X2_module)
                  20004e9c    0000007c     ti_drivers_config.o (.data.gpioPinConfigs)
                  20004f18    00000078     ti_sysbios_config.o (.data..L_MergedGlobals)
                  20004f90    00000068     ti_sysbios_config.o (.data..L_MergedGlobals.70)
                  20004ff8    00000068     ti_sysbios_config.o (.data.ti_sysbios_knl_Clock_Module_state)
                  20005060    0000003c     ti_sysbios_config.o (.data.ti_sysbios_knl_Task_Module_state)
                  2000509c    00000010     driverlib.lib : osc.o (.data._hposcCoeffs)
                  200050ac    00000008     ti_sysbios_config.o (.data.ti_sysbios_gates_GateMutex_Module_state)
                  200050b4    00000008     ti_sysbios_config.o (.data.ti_sysbios_heaps_HeapMem_Module_state)
                  200050bc    00000008     ti_sysbios_config.o (.data.ti_sysbios_knl_Semaphore_Module_state)
                  200050c4    00000004     libc.a : _lock.c.obj (.data._lock)
                  200050c8    00000004            : _lock.c.obj (.data._unlock)
                  200050cc    00000001     drivers_cc26x2.a : GPIOCC26X2.c.obj (.data.initCalled)

.stack     0    20013a00    00000600     UNINITIALIZED
                  20013a00    00000004     sysbios.a : boot_cortex_m.obj (.stack)
                  20013a04    000005fc     --HOLE--

.priheap   0    200000d8    00004000     UNINITIALIZED
                  200000d8    00004000     --HOLE--

.log_data 
*          0    90000000    00000000     COPY SECTION

.resetVecs 
*          0    00000000    0000003c     
                  00000000    0000003c     ti_sysbios_config.o (.resetVecs)

.vecs      0    20000000    000000d8     NOLOAD SECTION
                  20000000    000000d8     ti_sysbios_config.o (.vecs)

__llvm_prf_cnts 
*          0    20000000    00000000     UNINITIALIZED

__llvm_prf_bits 
*          0    20000000    00000000     UNINITIALIZED

.rodata.1 
*          0    0000003c    00000004     
                  0000003c    00000004     ti_sysbios_config.o (.rodata.ti_sysbios_family_arm_m3_Hwi_swiTaskKeyAddress)

.text      0    00000040    000049c8     
                  00000040    00000304     ti_sysbios_config.o (.text.ti_sysbios_runtime_System_doPrint)
                  00000344    000001b6     libclang_rt.builtins.a : adddf3.S.obj (.text)
                  000004fa    00000002     ti_sysbios_config.o (.text.BIOS_nullFunc)
                  000004fc    00000194     drivers_cc26x2.a : PowerCC26X2_calibrateRCOSC.c.obj (.text.PowerCC26X2_auxISR)
                  00000690    0000018c     log.o (.text.Log_print)
                  0000081c    00000158     drivers_cc26x2.a : PowerCC26X2.c.obj (.text.Power_sleep)
                  00000974    00000004     ti_sysbios_config.o (.text.ClockP_getSystemTickPeriod)
                  00000978    00000144     ti_sysbios_config.o (.text.ti_sysbios_runtime_System_printfExtend)
                  00000abc    0000013c     drivers_cc26x2.a : I2CCC26XX.c.obj (.text.I2C_open)
                  00000bf8    00000126                      : I2C.c.obj (.text.I2C_transferTimeout)
                  00000d1e    00000002                      : I2C.c.obj (.text.I2C_init)
                  00000d20    00000120     ti_sysbios_config.o (.text.ti_sysbios_family_arm_cc26xx_Timer_construct)
                  00000e40    0000011c     sysbios.a : Hwi_asm_gnu.obj (.text.ti_sysbios_family_arm_m3_Hwi_dispatch)
                  00000f5c    00000118     drivers_cc26x2.a : PowerCC26X2.c.obj (.text.Power_init)
                  00001074    0000010c                      : PowerCC26X2_calibrateRCOSC.c.obj (.text.PowerCC26X2_calibrate)
                  00001180    00000104                      : GPIOCC26X2.c.obj (.text.GPIO_init)
                  00001284    000000fc     libclang_rt.builtins.a : muldf3.S.obj (.text)
                  00001380    000000f4     driverlib.lib : sys_ctrl.o (.text.NOROM_SysCtrlStandby)
                  00001474    000000e8     drivers_cc26x2.a : I2CCC26XX.c.obj (.text.I2CCC26XX_hwiFxn)
                  0000155c    000000e4     driverlib.lib : setup.o (.text.NOROM_SetupTrimDevice)
                  00001640    000000e4     ti_sysbios_config.o (.text.ti_sysbios_knl_Semaphore_pend)
                  00001724    000000dc     main_tirtos.o (.text.displayTask)
                  00001800    000000d8     ti_sysbios_config.o (.text.ti_sysbios_family_arm_m3_Hwi_excFillContext)
                  000018d8    000000d0     drivers_cc26x2.a : PowerCC26X2.c.obj (.text.configureXOSCHF)
                  000019a8    000000cc     ti_sysbios_config.o (.text.ti_sysbios_knl_Clock_workFuncDynamic)
                  00001a74    000000c4     driverlib.lib : setup.o (.text.TrimAfterColdResetWakeupFromShutDown)
                  00001b38    000000b8     ti_sysbios_config.o (.text.ti_sysbios_knl_Task_Instance_finalize)
                  00001bf0    000000b4     driverlib.lib : osc.o (.text.NOROM_OSCHF_AttemptToSwitchToXosc)
                  00001ca4    000000b4     ti_sysbios_config.o (.text.PowerCC26XX_standbyPolicy)
                  00001d58    000000b4     drivers_cc26x2.a : PowerCC26X2.c.obj (.text.Power_releaseDependency)
                  00001e0c    000000b0                      : PowerCC26X2.c.obj (.text.Power_setDependency)
                  00001ebc    000000b0     libclang_rt.builtins.a : udivmoddi4.S.obj (.text)
                  00001f6c    000000a4     ti_sysbios_config.o (.text.ti_sysbios_knl_Task_Instance_init)
                  00002010    000000a0     drivers_cc26x2.a : I2CCC26XX.c.obj (.text.I2CCC26XX_swiFxn)
                  000020b0    00000094     ti_sysbios_config.o (.text.ti_sysbios_knl_Clock_startI)
                  00002144    0000008c     drivers_cc26x2.a : GPIOCC26XX.c.obj (.text.GPIO_setConfig)
                  000021d0    0000008c     ti_sysbios_config.o (.text.ti_sysbios_knl_Clock_init)
                  0000225c    00000080     driverlib.lib : sys_ctrl.o (.text.NOROM_SysCtrlSetRechargeBeforePowerDown)
                  000022dc    00000080     ti_sysbios_config.o (.text.ti_sysbios_family_arm_m3_Hwi_initNVIC)
                  0000235c    0000007c     ti_sysbios_config.o (.text.ti_sysbios_family_arm_m3_Hwi_postInit)
                  000023d8    00000078     driverlib.lib : osc.o (.text.NOROM_OSCHF_SwitchToRcOscTurnOffXosc)
                  00002450    00000078                   : osc.o (.text.NOROM_OSC_CapArrayAdjustWorkaround_Boot)
                  000024c8    00000078     ti_sysbios_config.o (.text.ti_sysbios_knl_Task_postInit)
                  00002540    00000074     drivers_cc26x2.a : PowerCC26X2_calibrateRCOSC_helpers.c.obj (.text.PowerCC26X2_updateSubSecInc)
                  000025b4    00000074     ti_sysbios_config.o (.text.ti_sysbios_knl_Swi_restoreHwi)
                  00002628    00000070     ti_sysbios_config.o (.text.ti_sysbios_family_arm_m3_Hwi_Instance_init)
                  00002698    00000070     ti_sysbios_config.o (.text.ti_sysbios_knl_Task_startup)
                  00002708    00000070     ti_sysbios_config.o (.text.ti_sysbios_runtime_System_formatNum)
                  00002778    0000006e     libclang_rt.builtins.a : comparedf2.c.obj (.text.__gedf2)
                  000027e6    00000002                            : aeabi_div0.c.obj (.text.__aeabi_ldiv0)
                  000027e8    0000006e                            : comparedf2.c.obj (.text.__ledf2)
                  00002856    00000002     libc.a : _lock.c.obj (.text._nop)
                  00002858    0000006c     ti_sysbios_config.o (.text.ti_sysbios_family_arm_m3_Hwi_dispatchC)
                  000028c4    0000006a     drivers_cc26x2.a : I2CCC26XX.c.obj (.text.I2CSupport_primeTransfer)
                  0000292e    0000006a     libc.a : copy_decompress_lzss.c.obj (.text:decompress:lzss)
                  00002998    00000068     ti_sysbios_config.o (.text.ti_sysbios_knl_Swi_run)
                  00002a00    00000064     drivers_cc26x2.a : PowerCC26X2_calibrateRCOSC.c.obj (.text.PowerCC26X2_initiateCalibration)
                  00002a64    00000064                      : PowerCC26X2.c.obj (.text.oscillatorISR)
                  00002ac8    00000064     ti_sysbios_config.o (.text.ti_sysbios_knl_Idle_init)
                  00002b2c    00000064     ti_sysbios_config.o (.text.ti_sysbios_knl_TaskSupport_buildTaskStack)
                  00002b90    00000062     libclang_rt.builtins.a : aeabi_dcmp.S.obj (.text)
                  00002bf2    00000060     ti_sysbios_config.o (.text.ti_sysbios_heaps_HeapMem_allocUnprotected)
                  00002c52    00000002     drivers_cc26x2.a : PowerCC26X2.c.obj (.text.emptyClockFunc)
                  00002c54    00000060     ti_sysbios_config.o (.text.ti_sysbios_knl_Clock_walkQueueDynamic)
                  00002cb4    00000060     ti_sysbios_config.o (.text.ti_sysbios_knl_Semaphore_post)
                  00002d14    00000060     ti_sysbios_config.o (.text.ti_sysbios_knl_Swi_schedule)
                  00002d74    00000058     sysbios.a : Hwi_asm_switch_gnu.obj (.text.ti_sysbios_family_arm_m3_Hwi_initStacks)
                  00002dcc    00000054     libsysbm.a : hostwrite.c.obj (.text.HOSTwrite)
                  00002e20    00000054     drivers_cc26x2.a : I2CCC26XX.c.obj (.text.I2CCC26XX_initHw)
                  00002e74    00000054     ti_sysbios_config.o (.text.ti_sysbios_runtime_Startup_exec)
                  00002ec8    00000052     driverlib.lib : chipinfo.o (.text.NOROM_ChipInfo_GetHwRevision)
                  00002f1a    00000002     ti_sysbios_config.o (.text.ti_sysbios_runtime_System_exitSpin)
                  00002f1c    00000050     ti_sysbios_config.o (.text.ti_sysbios_knl_Swi_post)
                  00002f6c    00000050     ti_sysbios_config.o (.text.ti_sysbios_knl_Swi_runLoop)
                  00002fbc    0000004e     ti_sysbios_config.o (.text.ti_sysbios_heaps_HeapMem_freeUnprotected)
                  0000300a    00000002     --HOLE-- [fill = 0]
                  0000300c    0000004c     ti_sysbios_config.o (.text.BIOS_startFunc)
                  00003058    0000004c     driverlib.lib : osc.o (.text.NOROM_OSC_HPOSCRelativeFrequencyOffsetGet)
                  000030a4    0000004c     drivers_cc26x2.a : PowerCC26X2.c.obj (.text.switchXOSCHF)
                  000030f0    0000004c     ti_sysbios_config.o (.text.ti_sysbios_knl_Swi_Instance_init)
                  0000313c    00000048     ti_sysbios_config.o (.text.BIOS_init)
                  00003184    00000048     driverlib.lib : aux_sysif.o (.text.NOROM_AUXSYSIFOpModeChange)
                  000031cc    00000048     ti_sysbios_config.o (.text.ti_sysbios_family_arm_cc26xx_Timer_start)
                  00003214    00000048     ti_sysbios_config.o (.text.ti_sysbios_heaps_HeapMem_Instance_init)
                  0000325c    00000048     ti_sysbios_config.o (.text.ti_sysbios_heaps_HeapMem_alloc)
                  000032a4    00000048     ti_sysbios_config.o (.text.ti_sysbios_knl_Task_schedule)
                  000032ec    00000048     libclang_rt.builtins.a : fixdfsi.S.obj (.text)
                  00003334    00000044     ti_sysbios_config.o (.text.BIOS_atExitFunc)
                  00003378    00000044     drivers_cc26x2.a : GPIOCC26X2.c.obj (.text.GPIO_hwiIntFxn)
                  000033bc    00000044     driverlib.lib : prcm.o (.text.NOROM_PRCMPowerDomainsAllOff)
                  00003400    00000044                   : prcm.o (.text.NOROM_PRCMPowerDomainsAllOn)
                  00003444    00000044     ti_sysbios_config.o (.text.ti_sysbios_family_arm_m3_Hwi_construct2)
                  00003488    00000044     ti_sysbios_config.o (.text.ti_sysbios_family_arm_m3_Hwi_disableInterrupt)
                  000034cc    00000044     ti_sysbios_config.o (.text.ti_sysbios_family_arm_m3_Hwi_enableInterrupt)
                  00003510    00000044     ti_sysbios_config.o (.text.ti_sysbios_knl_Swi_restore)
                  00003554    00000044     libclang_rt.builtins.a : fixunsdfsi.S.obj (.text)
                  00003598    00000040     drivers_cc26x2.a : PowerCC26X2_calibrateRCOSC.c.obj (.text.PowerCC26X2_RCOSC_clockFunc)
                  000035d8    00000040                      : PowerCC26X2_calibrateRCOSC_helpers.c.obj (.text.PowerCC26X2_setAclkRefSrc)
                  00003618    00000040     ti_sysbios_config.o (.text.ti_sysbios_heaps_HeapMem_getStats)
                  00003658    00000040     ti_sysbios_config.o (.text.ti_sysbios_knl_Clock_getTicksUntilInterrupt)
                  00003698    00000040     ti_sysbios_config.o (.text.ti_sysbios_knl_Task_exit)
                  000036d8    0000003c     ti_sysbios_config.o (.text.HwiP_construct)
                  00003714    0000003c     driverlib.lib : sys_ctrl.o (.text.NOROM_SysCtrlIdle)
                  00003750    0000003c     drivers_cc26x2.a : PowerCC26X2_calibrateRCOSC_helpers.c.obj (.text.PowerCC26X2_setTdcClkSrc24M)
                  0000378c    0000003c     ti_sysbios_config.o (.text.ti_sysbios_family_arm_cc26xx_Timer_periodicStub)
                  000037c8    0000003c     ti_sysbios_config.o (.text.ti_sysbios_family_arm_cc26xx_Timer_setThreshold)
                  00003804    0000003c     ti_sysbios_config.o (.text.ti_sysbios_heaps_HeapMem_construct)
                  00003840    0000003c     ti_sysbios_config.o (.text.ti_sysbios_knl_ClockSupport_init)
                  0000387c    0000003c     ti_sysbios_config.o (.text.ti_sysbios_knl_Task_blockI)
                  000038b8    0000003c     ti_sysbios_config.o (.text.ti_sysbios_knl_Task_create)
                  000038f4    0000003c     ti_sysbios_config.o (.text.ti_sysbios_knl_Task_restore)
                  00003930    0000003c     ti_sysbios_config.o (.text.ti_sysbios_runtime_Memory_alloc)
                  0000396c    0000003c     ti_sysbios_config.o (.text.ti_sysbios_runtime_SystemSupport_flush)
                  000039a8    00000038     drivers_cc26x2.a : PowerCC26X2_helpers.c.obj (.text.PowerCC26X2_oscDisableQualifiers)
                  000039e0    00000038     ti_sysbios_config.o (.text.ti_sysbios_knl_Task_processVitalTaskFlag)
                  00003a18    00000038     libc.a : autoinit.c.obj (.text:__TI_auto_init_nobinit_nopinit)
                  00003a50    00000038     libclang_rt.builtins.a : extendsfdf2.S.obj (.text)
                  00003a88    00000034     drivers_cc26x2.a : PowerCC26X2.c.obj (.text.Power_releaseConstraint)
                  00003abc    00000034     ti_sysbios_config.o (.text.SwiP_construct)
                  00003af0    00000034     libsysbm.a : trgmsg.c.obj (.text.__TI_writemsg)
                  00003b24    00000034     ti_sysbios_config.o (.text._pthread_cleanupFxn)
                  00003b58    00000034     main_tirtos.o (.text.main)
                  00003b8c    00000034     ti_sysbios_config.o (.text.ti_sysbios_family_arm_m3_Hwi_getStackInfo)
                  00003bc0    00000034     ti_sysbios_config.o (.text.ti_sysbios_family_arm_m3_Hwi_init)
                  00003bf4    00000034     ti_sysbios_config.o (.text.ti_sysbios_knl_Clock_Instance_init)
                  00003c28    00000034     ti_sysbios_config.o (.text.ti_sysbios_knl_Task_unblockI)
                  00003c5c    00000034     ti_sysbios_config.o (.text.ti_sysbios_runtime_Error_raiseX)
                  00003c90    00000034     ti_sysbios_config.o (.text.ti_sysbios_runtime_SystemSupport_putch)
                  00003cc4    00000034     ti_sysbios_config.o (.text.ti_sysbios_runtime_System_processAtExit)
                  00003cf8    00000034     sysbios.a : boot_cortex_m.obj (.text:_c_int00)
                  00003d2c    00000032     ti_sysbios_config.o (.text.ti_sysbios_knl_Semaphore_pendTimeout)
                  00003d5e    00000002     --HOLE-- [fill = 0]
                  00003d60    00000030     ti_sysbios_config.o (.text.ClockP_construct)
                  00003d90    00000030     drivers_cc26x2.a : PowerCC26X2.c.obj (.text.Power_setConstraint)
                  00003dc0    00000030     libsysbm.a : trgmsg.c.obj (.text.__TI_readmsg)
                  00003df0    00000030     drivers_cc26x2.a : PowerCC26X2.c.obj (.text.notify)
                  00003e20    00000030     ti_sysbios_config.o (.text.ti_sysbios_family_arm_m3_Hwi_excHandlerMin)
                  00003e50    00000030     ti_sysbios_config.o (.text.ti_sysbios_heaps_HeapMem_free)
                  00003e80    00000030     ti_sysbios_config.o (.text.ti_sysbios_knl_TaskSupport_start)
                  00003eb0    00000030     ti_sysbios_config.o (.text.ti_sysbios_runtime_System_atexit)
                  00003ee0    0000002e     driverlib.lib : chipinfo.o (.text.NOROM_ThisLibraryIsFor_CC13x2_CC26x2_HwRev20AndLater_HaltIfViolated)
                  00003f0e    00000002     --HOLE-- [fill = 0]
                  00003f10    0000002e     libclang_rt.builtins.a : floatsidf.S.obj (.text)
                  00003f3e    00000002     --HOLE-- [fill = 0]
                  00003f40    0000002c     ti_sysbios_config.o (.text.PowerCC26XX_schedulerDisable)
                  00003f6c    0000002c     ti_sysbios_config.o (.text._pthread_delete)
                  00003f98    0000002c     main_tirtos.o (.text.send)
                  00003fc4    0000002c     ti_sysbios_config.o (.text.ti_sysbios_gates_GateMutex_enter)
                  00003ff0    0000002c     ti_sysbios_config.o (.text.ti_sysbios_knl_Clock_getTicks)
                  0000401c    0000002c     ti_sysbios_config.o (.text.ti_sysbios_knl_Task_restoreHwi)
                  00004048    0000002a     driverlib.lib : osc.o (.text.NOROM_OSCHF_TurnOnXosc)
                  00004072    0000002a     ti_sysbios_config.o (.text.ti_sysbios_family_arm_cc26xx_Timer_setNextTick)
                  0000409c    0000002a     ti_sysbios_config.o (.text.ti_sysbios_knl_Task_allBlockedFunction)
                  000040c6    00000002     --HOLE-- [fill = 0]
                  000040c8    00000028     ti_sysbios_config.o (.text.BIOS_registerRTSLock)
                  000040f0    00000028     drivers_cc26x2.a : I2C.c.obj (.text.I2C_cancel)
                  00004118    00000028     sysbios.a : Hwi_asm_gnu.obj (.text.ti_sysbios_family_arm_m3_Hwi_excHandlerAsm)
                  00004140    00000028     ti_sysbios_config.o (.text.ti_sysbios_gates_GateMutex_Instance_init)
                  00004168    00000028     ti_sysbios_config.o (.text.ti_sysbios_knl_Semaphore_Instance_init)
                  00004190    00000028     ti_sysbios_config.o (.text.ti_sysbios_knl_Swi_init)
                  000041b8    00000028     sysbios.a : TaskSupport_asm_gnu.obj (.text.ti_sysbios_knl_TaskSupport_swap)
                  000041e0    00000028     ti_sysbios_config.o (.text.ti_sysbios_knl_Task_construct)
                  00004208    00000028     ti_sysbios_config.o (.text.ti_sysbios_knl_Task_init)
                  00004230    00000024     ti_sysbios_config.o (.text.BIOS_removeRTSLock)
                  00004254    00000024     drivers_cc26x2.a : List.c.obj (.text.List_put)
                  00004278    00000024                      : PowerCC26X2_helpers.c.obj (.text.PowerCC26X2_setSubSecIncToXoscLf)
                  0000429c    00000024                      : PowerCC26X2_calibrateRCOSC_helpers.c.obj (.text.PowerCC26X2_writeCtrim)
                  000042c0    00000024                      : PowerCC26X2_calibrateRCOSC_helpers.c.obj (.text.PowerCC26X2_writeCtrimFract)
                  000042e4    00000024                      : PowerCC26X2_calibrateRCOSC_helpers.c.obj (.text.PowerCC26X2_writeCtrimFractEn)
                  00004308    00000024                      : PowerCC26X2_calibrateRCOSC_helpers.c.obj (.text.PowerCC26X2_writeRtrim)
                  0000432c    00000024                      : PowerCC26X2.c.obj (.text.Power_registerNotify)
                  00004350    00000024     ti_sysbios_config.o (.text.ti_sysbios_family_arm_m3_Hwi_construct)
                  00004374    00000024     ti_sysbios_config.o (.text.ti_sysbios_knl_Semaphore_destruct)
                  00004398    00000024     ti_sysbios_config.o (.text.ti_sysbios_knl_Task_enter)
                  000043bc    00000022     ti_sysbios_config.o (.text.ti_sysbios_runtime_SysMin_output)
                  000043de    00000002     --HOLE-- [fill = 0]
                  000043e0    00000020     drivers_cc26x2.a : PowerCC26X2_helpers.c.obj (.text.PowerCC26X2_disableTCXOQual)
                  00004400    00000020                      : PowerCC26X2_helpers.c.obj (.text.PowerCC26X2_enableTCXOQual)
                  00004420    00000020     ti_sysbios_config.o (.text.PowerCC26XX_schedulerRestore)
                  00004440    00000020     ti_sysbios_config.o (.text.SemaphoreP_constructBinary)
                  00004460    00000020     ti_sysbios_config.o (.text.ti_sysbios_family_arm_m3_Hwi_initStack)
                  00004480    00000020     ti_sysbios_config.o (.text.ti_sysbios_knl_Task_delete)
                  000044a0    00000020     ti_sysbios_config.o (.text.ti_sysbios_knl_Task_destruct)
                  000044c0    0000001e     sysbios.a : Hwi_asm_switch_gnu.obj (.text.ti_sysbios_family_arm_m3_Hwi_switchAndRunFunc)
                  000044de    0000001e     ti_sysbios_config.o (.text.ti_sysbios_runtime_System_putchar)
                  000044fc    0000001c     ti_sysbios_config.o (.text.BIOS_rtsLock)
                  00004518    0000001c     drivers_cc26x2.a : GPIOCC26XX.c.obj (.text.GPIO_setMux)
                  00004534    0000001c                      : PowerCC26X2.c.obj (.text.Power_getTransitionLatency)
                  00004550    0000001c     ti_sysbios_config.o (.text.ti_sysbios_knl_Idle_run)
                  0000456c    0000001c     ti_sysbios_config.o (.text.ti_sysbios_knl_Queue_put)
                  00004588    0000001c     ti_sysbios_config.o (.text.ti_sysbios_knl_Swi_construct)
                  000045a4    0000001a     drivers_cc26x2.a : I2CCC26XX.c.obj (.text.I2CCC26XX_completeTransfer)
                  000045be    00000002     --HOLE-- [fill = 0]
                  000045c0    00000018     ti_sysbios_config.o (.text.BIOS_exitFunc)
                  000045d8    00000018     ti_sysbios_config.o (.text.BIOS_rtsUnlock)
                  000045f0    00000018     drivers_cc26x2.a : PowerCC26X2.c.obj (.text.PowerCC26XX_calibrate)
                  00004608    00000018                      : PowerCC26X2.c.obj (.text.Power_idleFunc)
                  00004620    00000018     ti_sysbios_config.o (.text.ti_sysbios_knl_Clock_scheduleNextTick)
                  00004638    00000018     ti_sysbios_config.o (.text.ti_sysbios_knl_Swi_construct2)
                  00004650    00000018     sysbios.a : TaskSupport_asm_gnu.obj (.text.ti_sysbios_knl_TaskSupport_glue)
                  00004668    00000018     ti_sysbios_config.o (.text.ti_sysbios_knl_Task_unblock)
                  00004680    00000018     ti_sysbios_config.o (.text.ti_sysbios_runtime_System_printf)
                  00004698    00000018     ti_sysbios_config.o (.text.ti_sysbios_runtime_System_vprintf)
                  000046b0    00000016     ti_sysbios_config.o (.text.ti_sysbios_knl_Clock_start)
                  000046c6    00000014     drivers_cc26x2.a : I2CCC26XX.c.obj (.text.I2CCC26XX_postNotify)
                  000046da    00000002     --HOLE-- [fill = 0]
                  000046dc    00000014     libc.a : args_main.c.obj (.text._args_main)
                  000046f0    00000014     ti_sysbios_config.o (.text.ti_sysbios_family_arm_m3_Hwi_switchFromBootStack)
                  00004704    00000014     libclang_rt.builtins.a : aeabi_memset.S.obj (.text)
                  00004718    00000014                            : aeabi_uldivmod.S.obj (.text)
                  0000472c    00000012     drivers_cc26x2.a : I2C.c.obj (.text.I2C_transfer)
                  0000473e    00000012     libc.a : memcpy_t2.S.obj (.text:TI_memcpy_small)
                  00004750    00000010     ti_sysbios_config.o (.text.ClockP_getCpuFreq)
                  00004760    00000010     drivers_cc26x2.a : GPIOCC26XX.c.obj (.text.GPIO_write)
                  00004770    00000010     ti_sysbios_config.o (.text.HwiP_Params_init)
                  00004780    00000010     drivers_cc26x2.a : PowerCC26X2_helpers.c.obj (.text.PowerCC26X2_oscCtlClearXtal)
                  00004790    00000010                      : PowerCC26X2_helpers.c.obj (.text.PowerCC26X2_prcmEnableCacheRetention)
                  000047a0    00000010                      : PowerCC26X2_calibrateRCOSC_helpers.c.obj (.text.PowerCC26X2_readCtrim)
                  000047b0    00000010                      : PowerCC26X2_calibrateRCOSC_helpers.c.obj (.text.PowerCC26X2_readCtrimFract)
                  000047c0    00000010                      : PowerCC26X2_calibrateRCOSC_helpers.c.obj (.text.PowerCC26X2_readRtrim)
                  000047d0    00000010                      : PowerCC26X2_helpers.c.obj (.text.PowerCC26X2_switchToTCXO)
                  000047e0    00000010     ti_sysbios_config.o (.text.SwiP_Params_init)
                  000047f0    00000010     ti_sysbios_config.o (.text.ti_sysbios_family_arm_cc26xx_Timer_dynamicStub)
                  00004800    00000010     ti_sysbios_config.o (.text.ti_sysbios_family_arm_m3_Hwi_excHandler)
                  00004810    00000010     libc.a : copy_zero_init.c.obj (.text:decompress:ZI)
                  00004820    0000000e     drivers_cc26x2.a : PowerCC26X2.c.obj (.text.OUTLINED_FUNCTION_0)
                  0000482e    0000000e     ti_sysbios_config.o (.text.strlen)
                  0000483c    0000000e     drivers_cc26x2.a : PowerCC26X2.c.obj (.text.switchToTCXO)
                  0000484a    0000000e     ti_sysbios_config.o (.text.ti_sysbios_gates_GateMutex_leave)
                  00004858    0000000e     libc.a : memset_t2.S.obj (.text:TI_memset_small)
                  00004866    0000000e            : copy_decompress_none.c.obj (.text:decompress:none)
                  00004874    0000000c     ti_sysbios_config.o (.text.BIOS_linkedWithIncorrectBootLibrary)
                  00004880    0000000c     ti_sysbios_config.o (.text.BIOS_start)
                  0000488c    0000000c     ti_sysbios_config.o (.text.HwiP_disable)
                  00004898    0000000c     drivers_cc26x2.a : I2C.c.obj (.text.I2C_Params_init)
                  000048a4    0000000c     driverlib.lib : cpu.o (.text.NOROM_CPUcpsid)
                  000048b0    0000000c                   : cpu.o (.text.NOROM_CPUcpsie)
                  000048bc    0000000c     drivers_cc26x2.a : I2CCC26XX.c.obj (.text.OUTLINED_FUNCTION_0)
                  000048c8    0000000c                      : PowerCC26X2_helpers.c.obj (.text.PowerCC26X2_oscClockSourceGet)
                  000048d4    0000000c                      : PowerCC26X2_helpers.c.obj (.text.PowerCC26X2_setPeriphDeepSleepEnable)
                  000048e0    0000000c                      : PowerCC26X2_helpers.c.obj (.text.PowerCC26X2_sysCtrlGetResetSource)
                  000048ec    0000000c                      : PowerCC26X2_helpers.c.obj (.text.PowerCC26X2_sysCtrlVoltageConditionalControl)
                  000048f8    0000000c                      : PowerCC26X2.c.obj (.text.Power_getConstraintMask)
                  00004904    0000000c     libc.a : _lock.c.obj (.text._register_lock)
                  00004910    0000000c            : _lock.c.obj (.text._register_unlock)
                  0000491c    0000000c     ti_sysbios_config.o (.text.ti_sysbios_heaps_HeapMem_init)
                  00004928    0000000c     ti_sysbios_config.o (.text.ti_sysbios_knl_ClockSupport_setNextTick)
                  00004934    0000000c     ti_sysbios_config.o (.text.ti_sysbios_knl_Clock_tick)
                  00004940    0000000c     ti_sysbios_config.o (.text.ti_sysbios_knl_Task_Params_init)
                  0000494c    0000000a     ti_sysbios_config.o (.text.ClockP_Params_init)
                  00004956    0000000a     drivers_cc26x2.a : I2CCC26XX.c.obj (.text.I2CMasterControl)
                  00004960    0000000a                      : PowerCC26X2_helpers.c.obj (.text.PowerCC26X2_sysCtrlStandby)
                  0000496a    0000000a     ti_sysbios_config.o (.text.SemaphoreP_pend)
                  00004974    00000008     drivers_cc26x2.a : I2CCC26XX.c.obj (.text.I2CCC26XX_blockingCallback)
                  0000497c    00000008                      : I2CCC26XX.c.obj (.text.I2CSupport_masterFinish)
                  00004984    00000008     driverlib.lib : cpu.o (.text.NOROM_CPUdelay)
                  0000498c    00000008     drivers_cc26x2.a : PowerCC26X2_helpers.c.obj (.text.PowerCC26X2_oschfTrySwitchToXosc)
                  00004994    00000008     ti_sysbios_config.o (.text.ti_sysbios_runtime_System_exit)
                  0000499c    00000006     ti_sysbios_config.o (.text.ClockP_stop)
                  000049a2    00000006     ti_sysbios_config.o (.text.HwiP_restore)
                  000049a8    00000006     drivers_cc26x2.a : I2CCC26XX.c.obj (.text.I2CSupport_powerRelConstraint)
                  000049ae    00000006                      : I2CCC26XX.c.obj (.text.I2CSupport_powerSetConstraint)
                  000049b4    00000006     ti_sysbios_config.o (.text.ti_sysbios_family_arm_m3_Hwi_doSwiRestore)
                  000049ba    00000006     ti_sysbios_config.o (.text.ti_sysbios_family_arm_m3_Hwi_doTaskRestore)
                  000049c0    00000006     ti_sysbios_config.o (.text.ti_sysbios_knl_Idle_loop)
                  000049c6    00000006     ti_sysbios_config.o (.text.ti_sysbios_knl_Swi_startup)
                  000049cc    00000004     ti_sysbios_config.o (.text.ClockP_start)
                  000049d0    00000004     ti_sysbios_config.o (.text.HwiP_disableInterrupt)
                  000049d4    00000004     ti_sysbios_config.o (.text.HwiP_enableInterrupt)
                  000049d8    00000004     drivers_cc26x2.a : PowerCC26X2_helpers.c.obj (.text.PowerCC26X2_oschfSwitchToRcosc)
                  000049dc    00000004                      : PowerCC26X2_helpers.c.obj (.text.PowerCC26X2_sysCtrlIdle)
                  000049e0    00000004                      : PowerCC26X2_helpers.c.obj (.text.PowerCC26X2_turnOnXosc)
                  000049e4    00000004     ti_sysbios_config.o (.text.ResetISR)
                  000049e8    00000004     ti_sysbios_config.o (.text.SemaphoreP_post)
                  000049ec    00000004     ti_sysbios_config.o (.text.SwiP_post)
                  000049f0    00000004     ti_sysbios_config.o (.text._system_post_cinit)
                  000049f4    00000004     ti_sysbios_config.o (.text._system_pre_init)
                  000049f8    00000004     drivers_cc26x2.a : PowerCC26X2.c.obj (.text.configureRFCoreClocks)
                  000049fc    00000004                      : PowerCC26X2.c.obj (.text.nopResourceHandler)
                  00004a00    00000004     ti_sysbios_config.o (.text.ti_sysbios_heaps_HeapMem_isBlocking)
                  00004a04    00000004     libclang_rt.builtins.a : aeabi_memcpy.S.obj (.text)

.rodata.2 
*          0    00004a08    00000bac     
                  00004a08    000005d0     ti_sysbios_config.o (.rodata.str1.1)
                  00004fd8    00000205     log.o (.rodata.str1.1)
                  000051dd    0000008d     ti_sysbios_config.o (.rodata.ti_sysbios_heaps_HeapMem_alloc.err)
                  0000526a    00000089     ti_sysbios_config.o (.rodata.ti_sysbios_family_arm_m3_Hwi_Instance_init.err.1)
                  000052f3    00000089     ti_sysbios_config.o (.rodata.ti_sysbios_runtime_Memory_alloc.err)
                  0000537c    00000086     ti_sysbios_config.o (.rodata.ti_sysbios_family_arm_m3_Hwi_Instance_init.err)
                  00005402    00000054     drivers_cc26x2.a : PowerCC26X2.c.obj (.rodata.resourceDB)
                  00005456    00000045     main_tirtos.o (.rodata.str1.1)
                  0000549b    00000001     ti_drivers_config.o (.rodata.GPIO_pinLowerBound)
                  0000549c    00000024     ti_sysbios_config.o (.rodata.ti_sysbios_knl_Task_Params_default)
                  000054c0    00000022     main_tirtos.o (.rodata..L__const.displayTask.SSD1306_InitSequence)
                  000054e2    00000001     ti_drivers_config.o (.rodata.GPIO_pinUpperBound)
                  000054e3    00000001     ti_drivers_config.o (.rodata.I2C_count)
                  000054e4    0000001c     ti_sysbios_config.o (.rodata.ti_sysbios_family_arm_cc26xx_Timer_Params_default)
                  00005500    00000018     ti_drivers_config.o (.rodata.i2cCC26xxHWAttrs)
                  00005518    00000018     ti_sysbios_config.o (.rodata.ti_sysbios_family_arm_m3_Hwi_Params_default)
                  00005530    00000014     ti_drivers_config.o (.rodata.PowerCC26X2_config)
                  00005544    00000014     ti_sysbios_config.o (.rodata.ti_sysbios_knl_Swi_Params_default)
                  00005558    00000010     ti_drivers_config.o (.rodata.GPIO_config)
                  00005568    00000010     drivers_cc26x2.a : I2CCC26XX.c.obj (.rodata.cst16)
                  00005578    0000000c     ti_sysbios_config.o (.rodata.ti_sysbios_heaps_HeapMem_Params_default)
                  00005584    0000000c     ti_sysbios_config.o (.rodata.ti_sysbios_knl_Clock_Params_default)
                  00005590    0000000c     ti_sysbios_config.o (.rodata.ti_sysbios_knl_Semaphore_Params_default)
                  0000559c    00000008     ti_drivers_config.o (.rodata.I2C_config)
                  000055a4    00000008     driverlib.lib : aux_sysif.o (.rodata.cst4)
                  000055ac    00000008     ti_sysbios_config.o (.rodata.ti_sysbios_knl_Idle_funcList)

.args      0    000055b4    00000008     
                  000055b4    00000008     --HOLE-- [fill = 0]

MODULE SUMMARY

       Module                                     code    ro data   rw data
       ------                                     ----    -------   -------
    .\
       main_tirtos.o                              316     103       40     
    +--+------------------------------------------+-------+---------+---------+
       Total:                                     316     103       40     
                                                                           
    .\source\log\
       log.o                                      396     517       0      
    +--+------------------------------------------+-------+---------+---------+
       Total:                                     396     517       0      
                                                                           
    .\syscfg\
       ti_sysbios_config.o                        8782    2253      2832   
       ti_drivers_config.o                        0       71        692    
       ti_devices_config.o                        0       88        0      
    +--+------------------------------------------+-------+---------+---------+
       Total:                                     8782    2412      3524   
                                                                           
    C:/ti/simplelink_cc13xx_cc26xx_sdk_6_30_01_03/kernel/tirtos7/packages/ti/sysbios/lib/ticlang/m4f/sysbios.a
       Hwi_asm_gnu.obj                            324     0         0      
       Hwi_asm_switch_gnu.obj                     118     0         0      
       TaskSupport_asm_gnu.obj                    64      0         0      
       boot_cortex_m.obj                          52      0         0      
    +--+------------------------------------------+-------+---------+---------+
       Total:                                     558     0         0      
                                                                           
    C:/ti/simplelink_cc13xx_cc26xx_sdk_6_30_01_03/source/ti/devices/cc13x2_cc26x2/driverlib/bin/ticlang/driverlib.lib
       osc.o                                      538     0         32     
       sys_ctrl.o                                 432     0         0      
       setup.o                                    424     0         0      
       prcm.o                                     136     0         0      
       chipinfo.o                                 128     0         0      
       aux_sysif.o                                72      8         0      
       cpu.o                                      32      0         0      
    +--+------------------------------------------+-------+---------+---------+
       Total:                                     1762    8         32     
                                                                           
    C:/ti/simplelink_cc13xx_cc26xx_sdk_6_30_01_03/source/ti/drivers/lib/ticlang/m4f/drivers_cc26x2.a
       PowerCC26X2.c.obj                          1674    84        372    
       I2CCC26XX.c.obj                            994     16        0      
       PowerCC26X2_calibrateRCOSC.c.obj           836     0         0      
       PowerCC26X2_calibrateRCOSC_helpers.c.obj   432     0         0      
       I2C.c.obj                                  366     0         0      
       GPIOCC26X2.c.obj                           328     0         29     
       PowerCC26X2_helpers.c.obj                  282     0         0      
       GPIOCC26XX.c.obj                           184     0         0      
       List.c.obj                                 36      0         0      
    +--+------------------------------------------+-------+---------+---------+
       Total:                                     5132    100       401    
                                                                           
    C:\ti\ccs1210\ccs\tools\compiler\ti-cgt-armllvm_2.1.2.LTS\lib\armv7em-ti-none-eabihf/c/libc.a
       copy_decompress_lzss.c.obj                 106     0         0      
       autoinit.c.obj                             56      0         0      
       _lock.c.obj                                26      0         8      
       args_main.c.obj                            20      0         0      
       memcpy_t2.S.obj                            18      0         0      
       copy_zero_init.c.obj                       16      0         0      
       copy_decompress_none.c.obj                 14      0         0      
       memset_t2.S.obj                            14      0         0      
    +--+------------------------------------------+-------+---------+---------+
       Total:                                     270     0         8      
                                                                           
    C:\ti\ccs1210\ccs\tools\compiler\ti-cgt-armllvm_2.1.2.LTS\lib\armv7em-ti-none-eabihf/c/libsysbm.a
       trgmsg.c.obj                               100     0         288    
       hostwrite.c.obj                            84      0         0      
       hostopen.c.obj                             0       0         8      
    +--+------------------------------------------+-------+---------+---------+
       Total:                                     184     0         296    
                                                                           
    C:\ti\ccs1210\ccs\tools\compiler\ti-cgt-armllvm_2.1.2.LTS\lib\clang/14.0.6/lib/armv7em-ti-none-eabihf/libclang_rt.builtins.a
       adddf3.S.obj                               438     0         0      
       muldf3.S.obj                               252     0         0      
       comparedf2.c.obj                           220     0         0      
       udivmoddi4.S.obj                           176     0         0      
       aeabi_dcmp.S.obj                           98      0         0      
       fixdfsi.S.obj                              72      0         0      
       fixunsdfsi.S.obj                           68      0         0      
       extendsfdf2.S.obj                          56      0         0      
       floatsidf.S.obj                            46      0         0      
       aeabi_memset.S.obj                         20      0         0      
       aeabi_uldivmod.S.obj                       20      0         0      
       aeabi_memcpy.S.obj                         4       0         0      
       aeabi_div0.c.obj                           2       0         0      
    +--+------------------------------------------+-------+---------+---------+
       Total:                                     1472    0         0      
                                                                           
       Stack:                                     0       0         1536   
       Linker Generated:                          0       212       0      
    +--+------------------------------------------+-------+---------+---------+
       Grand Total:                               18872   3352      5837   


LINKER GENERATED COPY TABLES

__TI_cinit_table @ 00005680 records: 2, size/record: 8, table size: 16
	.data: load addr=000055bc, load size=000000b0 bytes, run addr=20004d28, run size=000003a5 bytes, compression=lzss
	.bss: load addr=00005678, load size=00000008 bytes, run addr=200040d8, run size=00000c50 bytes, compression=zero_init


LINKER GENERATED HANDLER TABLE

__TI_handler_table @ 0000566c records: 3, size/record: 4, table size: 12
	index: 0, handler: __TI_decompress_lzss
	index: 1, handler: __TI_decompress_none
	index: 2, handler: __TI_zero_init


GLOBAL SYMBOLS: SORTED ALPHABETICALLY BY Name 

address   name                                                               
-------   ----                                                               
20004f90  BIOS_Module_state                                                  
00003335  BIOS_atExitFunc                                                    
000045c1  BIOS_exitFunc                                                      
20004c20  BIOS_heapMemObject                                                 
0000313d  BIOS_init                                                          
00004875  BIOS_linkedWithIncorrectBootLibrary                                
000004fb  BIOS_nullFunc                                                      
000040c9  BIOS_registerRTSLock                                               
00004231  BIOS_removeRTSLock                                                 
20004c4c  BIOS_rtsGate                                                       
000044fd  BIOS_rtsLock                                                       
000045d9  BIOS_rtsUnlock                                                     
00004881  BIOS_start                                                         
0000300d  BIOS_startFunc                                                     
00003b1b  C$$IO$$                                                            
0000494d  ClockP_Params_init                                                 
00003d61  ClockP_construct                                                   
00004751  ClockP_getCpuFreq                                                  
00000975  ClockP_getSystemTickPeriod                                         
000049cd  ClockP_start                                                       
0000499d  ClockP_stop                                                        
00005558  GPIO_config                                                        
00003379  GPIO_hwiIntFxn                                                     
00001181  GPIO_init                                                          
0000549b  GPIO_pinLowerBound                                                 
000054e2  GPIO_pinUpperBound                                                 
00002145  GPIO_setConfig                                                     
00004519  GPIO_setMux                                                        
00004761  GPIO_write                                                         
00004000  HEAPSIZE                                                           
00002dcd  HOSTwrite                                                          
00004771  HwiP_Params_init                                                   
000036d9  HwiP_construct                                                     
0000488d  HwiP_disable                                                       
000049d1  HwiP_disableInterrupt                                              
000049d5  HwiP_enableInterrupt                                               
000049a3  HwiP_restore                                                       
0000497d  I2CSupport_masterFinish                                            
000049a9  I2CSupport_powerRelConstraint                                      
000049af  I2CSupport_powerSetConstraint                                      
000028c5  I2CSupport_primeTransfer                                           
00004899  I2C_Params_init                                                    
000040f1  I2C_cancel                                                         
0000559c  I2C_config                                                         
000054e3  I2C_count                                                          
00000d1f  I2C_init                                                           
00000abd  I2C_open                                                           
0000472d  I2C_transfer                                                       
00000bf9  I2C_transferTimeout                                                
UNDEFED   ITM_flush                                                          
UNDEFED   ITM_restore                                                        
00004255  List_put                                                           
00000691  Log_print                                                          
00003185  NOROM_AUXSYSIFOpModeChange                                         
000048a5  NOROM_CPUcpsid                                                     
000048b1  NOROM_CPUcpsie                                                     
00004985  NOROM_CPUdelay                                                     
00002ec9  NOROM_ChipInfo_GetHwRevision                                       
00001bf1  NOROM_OSCHF_AttemptToSwitchToXosc                                  
000023d9  NOROM_OSCHF_SwitchToRcOscTurnOffXosc                               
00004049  NOROM_OSCHF_TurnOnXosc                                             
00002451  NOROM_OSC_CapArrayAdjustWorkaround_Boot                            
00003059  NOROM_OSC_HPOSCRelativeFrequencyOffsetGet                          
000033bd  NOROM_PRCMPowerDomainsAllOff                                       
00003401  NOROM_PRCMPowerDomainsAllOn                                        
0000155d  NOROM_SetupTrimDevice                                              
00003715  NOROM_SysCtrlIdle                                                  
0000225d  NOROM_SysCtrlSetRechargeBeforePowerDown                            
00001381  NOROM_SysCtrlStandby                                               
00003ee1  NOROM_ThisLibraryIsFor_CC13x2_CC26x2_HwRev20AndLater_HaltIfViolated
00003599  PowerCC26X2_RCOSC_clockFunc                                        
000004fd  PowerCC26X2_auxISR                                                 
00001075  PowerCC26X2_calibrate                                              
00005530  PowerCC26X2_config                                                 
000043e1  PowerCC26X2_disableTCXOQual                                        
00004401  PowerCC26X2_enableTCXOQual                                         
00002a01  PowerCC26X2_initiateCalibration                                    
20004d28  PowerCC26X2_module                                                 
000048c9  PowerCC26X2_oscClockSourceGet                                      
00004781  PowerCC26X2_oscCtlClearXtal                                        
000039a9  PowerCC26X2_oscDisableQualifiers                                   
000049d9  PowerCC26X2_oschfSwitchToRcosc                                     
0000498d  PowerCC26X2_oschfTrySwitchToXosc                                   
00004791  PowerCC26X2_prcmEnableCacheRetention                               
000047a1  PowerCC26X2_readCtrim                                              
000047b1  PowerCC26X2_readCtrimFract                                         
000047c1  PowerCC26X2_readRtrim                                              
000035d9  PowerCC26X2_setAclkRefSrc                                          
000048d5  PowerCC26X2_setPeriphDeepSleepEnable                               
00004279  PowerCC26X2_setSubSecIncToXoscLf                                   
00003751  PowerCC26X2_setTdcClkSrc24M                                        
000047d1  PowerCC26X2_switchToTCXO                                           
000048e1  PowerCC26X2_sysCtrlGetResetSource                                  
000049dd  PowerCC26X2_sysCtrlIdle                                            
00004961  PowerCC26X2_sysCtrlStandby                                         
000048ed  PowerCC26X2_sysCtrlVoltageConditionalControl                       
000049e1  PowerCC26X2_turnOnXosc                                             
00002541  PowerCC26X2_updateSubSecInc                                        
0000429d  PowerCC26X2_writeCtrim                                             
000042c1  PowerCC26X2_writeCtrimFract                                        
000042e5  PowerCC26X2_writeCtrimFractEn                                      
00004309  PowerCC26X2_writeRtrim                                             
000045f1  PowerCC26XX_calibrate                                              
00003f41  PowerCC26XX_schedulerDisable                                       
00004421  PowerCC26XX_schedulerRestore                                       
00001ca5  PowerCC26XX_standbyPolicy                                          
20004d14  PowerCC26XX_swiKey                                                 
20004d18  PowerCC26XX_taskKey                                                
000048f9  Power_getConstraintMask                                            
00004535  Power_getTransitionLatency                                         
00004609  Power_idleFunc                                                     
00000f5d  Power_init                                                         
0000432d  Power_registerNotify                                               
00003a89  Power_releaseConstraint                                            
00001d59  Power_releaseDependency                                            
00003d91  Power_setConstraint                                                
00001e0d  Power_setDependency                                                
0000081d  Power_sleep                                                        
000049e5  ResetISR                                                           
00004441  SemaphoreP_constructBinary                                         
0000496b  SemaphoreP_pend                                                    
000049e9  SemaphoreP_post                                                    
000047e1  SwiP_Params_init                                                   
00003abd  SwiP_construct                                                     
000049ed  SwiP_post                                                          
0000473f  TI_memcpy_small                                                    
00004859  TI_memset_small                                                    
20004818  _CIOBUF_                                                           
20004818  __CIOBUF_                                                          
20014000  __STACK_END                                                        
00000600  __STACK_SIZE                                                       
00005680  __TI_CINIT_Base                                                    
00005690  __TI_CINIT_Limit                                                   
00005690  __TI_CINIT_Warm                                                    
0000566c  __TI_Handler_Table_Base                                            
00005678  __TI_Handler_Table_Limit                                           
00003a19  __TI_auto_init_nobinit_nopinit                                     
0000292f  __TI_decompress_lzss                                               
00004867  __TI_decompress_none                                               
ffffffff  __TI_pprof_out_hndl                                                
ffffffff  __TI_prof_data_size                                                
ffffffff  __TI_prof_data_start                                               
00003dc1  __TI_readmsg                                                       
00000000  __TI_static_base__                                                 
00003af1  __TI_writemsg                                                      
00004811  __TI_zero_init                                                     
0000034f  __adddf3                                                           
000032ed  __aeabi_d2iz                                                       
00003555  __aeabi_d2uiz                                                      
0000034f  __aeabi_dadd                                                       
00002b91  __aeabi_dcmpeq                                                     
00002bcd  __aeabi_dcmpge                                                     
00002be1  __aeabi_dcmpgt                                                     
00002bb9  __aeabi_dcmple                                                     
00002ba5  __aeabi_dcmplt                                                     
00001285  __aeabi_dmul                                                       
00000345  __aeabi_dsub                                                       
00003a51  __aeabi_f2d                                                        
00003f11  __aeabi_i2d                                                        
000027e7  __aeabi_ldiv0                                                      
00004711  __aeabi_memclr                                                     
00004711  __aeabi_memclr4                                                    
00004711  __aeabi_memclr8                                                    
00004a05  __aeabi_memcpy                                                     
00004a05  __aeabi_memcpy4                                                    
00004a05  __aeabi_memcpy8                                                    
00004705  __aeabi_memset                                                     
00004705  __aeabi_memset4                                                    
00004705  __aeabi_memset8                                                    
00004719  __aeabi_uldivmod                                                   
ffffffff  __binit__                                                          
000055b4  __c_args__                                                         
00057fa8  __ccfg                                                             
000027e9  __cmpdf2                                                           
000027e9  __eqdf2                                                            
00003a51  __extendsfdf2                                                      
000032ed  __fixdfsi                                                          
00003555  __fixunsdfsi                                                       
00003f11  __floatsidf                                                        
00002779  __gedf2                                                            
00002779  __gtdf2                                                            
000027e9  __ledf2                                                            
000027e9  __ltdf2                                                            
UNDEFED   __mpu_init                                                         
00001285  __muldf3                                                           
000027e9  __nedf2                                                            
200040d8  __primary_heap_end__                                               
200000d8  __primary_heap_start__                                             
20013a00  __stack                                                            
20000000  __start___llvm_prf_bits                                            
20000000  __start___llvm_prf_cnts                                            
20000000  __stop___llvm_prf_bits                                             
20000000  __stop___llvm_prf_cnts                                             
00000345  __subdf3                                                           
00001ebd  __udivmoddi4                                                       
000046dd  _args_main                                                         
00003cf9  _c_int00                                                           
2000509c  _hposcCoeffs                                                       
200050c4  _lock                                                              
00002857  _nop                                                               
00003b25  _pthread_cleanupFxn                                                
00004905  _register_lock                                                     
00004911  _register_unlock                                                   
000049f1  _system_post_cinit                                                 
000049f5  _system_pre_init                                                   
200050c8  _unlock                                                            
ffffffff  binit                                                              
00001725  displayTask                                                        
20004a10  gpioCallbackFunctions                                              
20004e9c  gpioPinConfigs                                                     
20004a8c  gpioUserArgs                                                       
00005500  i2cCC26xxHWAttrs                                                   
200046d8  i2cCC26xxObjects                                                   
00003b59  main                                                               
20004cfc  parmbuf                                                            
00005402  resourceDB                                                         
00003f99  send                                                               
20004d1c  testHandle                                                         
20004c9c  testParams                                                         
20004f40  ti_sysbios_family_arm_cc26xx_Timer_Module_state                    
00000d21  ti_sysbios_family_arm_cc26xx_Timer_construct                       
000047f1  ti_sysbios_family_arm_cc26xx_Timer_dynamicStub                     
0000378d  ti_sysbios_family_arm_cc26xx_Timer_periodicStub                    
00004073  ti_sysbios_family_arm_cc26xx_Timer_setNextTick                     
000037c9  ti_sysbios_family_arm_cc26xx_Timer_setThreshold                    
000031cd  ti_sysbios_family_arm_cc26xx_Timer_start                           
20004d20  ti_sysbios_family_arm_cc26xx_TimestampProvider_Module_state        
00002629  ti_sysbios_family_arm_m3_Hwi_Instance_init                         
20004fbc  ti_sysbios_family_arm_m3_Hwi_Module_state                          
00004351  ti_sysbios_family_arm_m3_Hwi_construct                             
00003445  ti_sysbios_family_arm_m3_Hwi_construct2                            
00003489  ti_sysbios_family_arm_m3_Hwi_disableInterrupt                      
00000e41  ti_sysbios_family_arm_m3_Hwi_dispatch                              
00002859  ti_sysbios_family_arm_m3_Hwi_dispatchC                             
20004938  ti_sysbios_family_arm_m3_Hwi_dispatchTable                         
000049b5  ti_sysbios_family_arm_m3_Hwi_doSwiRestore                          
000049bb  ti_sysbios_family_arm_m3_Hwi_doTaskRestore                         
000034cd  ti_sysbios_family_arm_m3_Hwi_enableInterrupt                       
00001801  ti_sysbios_family_arm_m3_Hwi_excFillContext                        
00004801  ti_sysbios_family_arm_m3_Hwi_excHandler                            
00004119  ti_sysbios_family_arm_m3_Hwi_excHandlerAsm                         
00003e21  ti_sysbios_family_arm_m3_Hwi_excHandlerMin                         
00003b8d  ti_sysbios_family_arm_m3_Hwi_getStackInfo                          
00003bc1  ti_sysbios_family_arm_m3_Hwi_init                                  
000022dd  ti_sysbios_family_arm_m3_Hwi_initNVIC                              
00004461  ti_sysbios_family_arm_m3_Hwi_initStack                             
00002d75  ti_sysbios_family_arm_m3_Hwi_initStacks                            
00000f18  ti_sysbios_family_arm_m3_Hwi_interruptsAreDisabledButShouldNotBe   
00000f1d  ti_sysbios_family_arm_m3_Hwi_pendSV                                
0000235d  ti_sysbios_family_arm_m3_Hwi_postInit                              
20000000  ti_sysbios_family_arm_m3_Hwi_ramVectors                            
00000000  ti_sysbios_family_arm_m3_Hwi_resetVectors                          
00000f40  ti_sysbios_family_arm_m3_Hwi_return                                
0000003c  ti_sysbios_family_arm_m3_Hwi_swiTaskKeyAddress                     
000044c1  ti_sysbios_family_arm_m3_Hwi_switchAndRunFunc                      
000046f1  ti_sysbios_family_arm_m3_Hwi_switchFromBootStack                   
00004141  ti_sysbios_gates_GateMutex_Instance_init                           
200050ac  ti_sysbios_gates_GateMutex_Module_state                            
00003fc5  ti_sysbios_gates_GateMutex_enter                                   
0000484b  ti_sysbios_gates_GateMutex_leave                                   
00003215  ti_sysbios_heaps_HeapMem_Instance_init                             
200050b4  ti_sysbios_heaps_HeapMem_Module_state                              
0000325d  ti_sysbios_heaps_HeapMem_alloc                                     
00002bf3  ti_sysbios_heaps_HeapMem_allocUnprotected                          
00003805  ti_sysbios_heaps_HeapMem_construct                                 
00003e51  ti_sysbios_heaps_HeapMem_free                                      
00002fbd  ti_sysbios_heaps_HeapMem_freeUnprotected                           
20004c74  ti_sysbios_heaps_HeapMem_gate                                      
00003619  ti_sysbios_heaps_HeapMem_getStats                                  
0000491d  ti_sysbios_heaps_HeapMem_init                                      
00004a01  ti_sysbios_heaps_HeapMem_isBlocking                                
00003841  ti_sysbios_knl_ClockSupport_init                                   
00004929  ti_sysbios_knl_ClockSupport_setNextTick                            
20004b08  ti_sysbios_knl_ClockSupport_timerStruct                            
00003bf5  ti_sysbios_knl_Clock_Instance_init                                 
20004ff8  ti_sysbios_knl_Clock_Module_state                                  
00003ff1  ti_sysbios_knl_Clock_getTicks                                      
00003659  ti_sysbios_knl_Clock_getTicksUntilInterrupt                        
000021d1  ti_sysbios_knl_Clock_init                                          
00004621  ti_sysbios_knl_Clock_scheduleNextTick                              
000046b1  ti_sysbios_knl_Clock_start                                         
000020b1  ti_sysbios_knl_Clock_startI                                        
00004935  ti_sysbios_knl_Clock_tick                                          
00002c55  ti_sysbios_knl_Clock_walkQueueDynamic                              
000019a9  ti_sysbios_knl_Clock_workFuncDynamic                               
000055ac  ti_sysbios_knl_Idle_funcList                                       
00002ac9  ti_sysbios_knl_Idle_init                                           
20004f1b  ti_sysbios_knl_Idle_initDone                                       
000049c1  ti_sysbios_knl_Idle_loop                                           
00004551  ti_sysbios_knl_Idle_run                                            
200044d8  ti_sysbios_knl_Idle_taskStack                                      
20004b68  ti_sysbios_knl_Idle_taskStruct                                     
0000456d  ti_sysbios_knl_Queue_put                                           
00004169  ti_sysbios_knl_Semaphore_Instance_init                             
200050bc  ti_sysbios_knl_Semaphore_Module_state                              
00004375  ti_sysbios_knl_Semaphore_destruct                                  
00001641  ti_sysbios_knl_Semaphore_pend                                      
00003d2d  ti_sysbios_knl_Semaphore_pendTimeout                               
00002cb5  ti_sysbios_knl_Semaphore_post                                      
000030f1  ti_sysbios_knl_Swi_Instance_init                                   
20004f68  ti_sysbios_knl_Swi_Module_state                                    
00004589  ti_sysbios_knl_Swi_construct                                       
00004639  ti_sysbios_knl_Swi_construct2                                      
00004191  ti_sysbios_knl_Swi_init                                            
00002f1d  ti_sysbios_knl_Swi_post                                            
20004bc0  ti_sysbios_knl_Swi_readyQs                                         
00003511  ti_sysbios_knl_Swi_restore                                         
000025b5  ti_sysbios_knl_Swi_restoreHwi                                      
00002999  ti_sysbios_knl_Swi_run                                             
00002f6d  ti_sysbios_knl_Swi_runLoop                                         
00002d15  ti_sysbios_knl_Swi_schedule                                        
000049c7  ti_sysbios_knl_Swi_startup                                         
00002b2d  ti_sysbios_knl_TaskSupport_buildTaskStack                          
00004651  ti_sysbios_knl_TaskSupport_glue                                    
00003e81  ti_sysbios_knl_TaskSupport_start                                   
000041b9  ti_sysbios_knl_TaskSupport_swap                                    
000041c4  ti_sysbios_knl_TaskSupport_swapReturn                              
00001b39  ti_sysbios_knl_Task_Instance_finalize                              
00001f6d  ti_sysbios_knl_Task_Instance_init                                  
20005060  ti_sysbios_knl_Task_Module_state                                   
00004941  ti_sysbios_knl_Task_Params_init                                    
0000409d  ti_sysbios_knl_Task_allBlockedFunction                             
0000387d  ti_sysbios_knl_Task_blockI                                         
000041e1  ti_sysbios_knl_Task_construct                                      
000038b9  ti_sysbios_knl_Task_create                                         
20004d24  ti_sysbios_knl_Task_defaultStackHeap                               
00004481  ti_sysbios_knl_Task_delete                                         
000044a1  ti_sysbios_knl_Task_destruct                                       
00004399  ti_sysbios_knl_Task_enter                                          
00003699  ti_sysbios_knl_Task_exit                                           
00004209  ti_sysbios_knl_Task_init                                           
000024c9  ti_sysbios_knl_Task_postInit                                       
000039e1  ti_sysbios_knl_Task_processVitalTaskFlag                           
20004bf0  ti_sysbios_knl_Task_readyQs                                        
000038f5  ti_sysbios_knl_Task_restore                                        
0000401d  ti_sysbios_knl_Task_restoreHwi                                     
000032a5  ti_sysbios_knl_Task_schedule                                       
00002699  ti_sysbios_knl_Task_startup                                        
00004669  ti_sysbios_knl_Task_unblock                                        
00003c29  ti_sysbios_knl_Task_unblockI                                       
20004f34  ti_sysbios_runtime_Error_ignore                                    
00003c5d  ti_sysbios_runtime_Error_raiseX                                    
00003931  ti_sysbios_runtime_Memory_alloc                                    
20004f1c  ti_sysbios_runtime_Memory_defaultHeapInstance                      
20004f18  ti_sysbios_runtime_Startup_done                                    
00002e75  ti_sysbios_runtime_Startup_exec                                    
20004f58  ti_sysbios_runtime_SysMin_Module_state                             
200040d8  ti_sysbios_runtime_SysMin_outbuf                                   
000043bd  ti_sysbios_runtime_SysMin_output                                   
0000396d  ti_sysbios_runtime_SystemSupport_flush                             
00003c91  ti_sysbios_runtime_SystemSupport_putch                             
20004f4c  ti_sysbios_runtime_System_Module_state                             
00003eb1  ti_sysbios_runtime_System_atexit                                   
20004cc0  ti_sysbios_runtime_System_atexitHandlers                           
00000041  ti_sysbios_runtime_System_doPrint                                  
00004995  ti_sysbios_runtime_System_exit                                     
00002f1b  ti_sysbios_runtime_System_exitSpin                                 
00002709  ti_sysbios_runtime_System_formatNum                                
00004681  ti_sysbios_runtime_System_printf                                   
00000979  ti_sysbios_runtime_System_printfExtend                             
00003cc5  ti_sysbios_runtime_System_processAtExit                            
000044df  ti_sysbios_runtime_System_putchar                                  
00004699  ti_sysbios_runtime_System_vprintf                                  


GLOBAL SYMBOLS: SORTED BY Symbol Address 

address   name                                                               
-------   ----                                                               
00000000  __TI_static_base__                                                 
00000000  ti_sysbios_family_arm_m3_Hwi_resetVectors                          
0000003c  ti_sysbios_family_arm_m3_Hwi_swiTaskKeyAddress                     
00000041  ti_sysbios_runtime_System_doPrint                                  
00000345  __aeabi_dsub                                                       
00000345  __subdf3                                                           
0000034f  __adddf3                                                           
0000034f  __aeabi_dadd                                                       
000004fb  BIOS_nullFunc                                                      
000004fd  PowerCC26X2_auxISR                                                 
00000600  __STACK_SIZE                                                       
00000691  Log_print                                                          
0000081d  Power_sleep                                                        
00000975  ClockP_getSystemTickPeriod                                         
00000979  ti_sysbios_runtime_System_printfExtend                             
00000abd  I2C_open                                                           
00000bf9  I2C_transferTimeout                                                
00000d1f  I2C_init                                                           
00000d21  ti_sysbios_family_arm_cc26xx_Timer_construct                       
00000e41  ti_sysbios_family_arm_m3_Hwi_dispatch                              
00000f18  ti_sysbios_family_arm_m3_Hwi_interruptsAreDisabledButShouldNotBe   
00000f1d  ti_sysbios_family_arm_m3_Hwi_pendSV                                
00000f40  ti_sysbios_family_arm_m3_Hwi_return                                
00000f5d  Power_init                                                         
00001075  PowerCC26X2_calibrate                                              
00001181  GPIO_init                                                          
00001285  __aeabi_dmul                                                       
00001285  __muldf3                                                           
00001381  NOROM_SysCtrlStandby                                               
0000155d  NOROM_SetupTrimDevice                                              
00001641  ti_sysbios_knl_Semaphore_pend                                      
00001725  displayTask                                                        
00001801  ti_sysbios_family_arm_m3_Hwi_excFillContext                        
000019a9  ti_sysbios_knl_Clock_workFuncDynamic                               
00001b39  ti_sysbios_knl_Task_Instance_finalize                              
00001bf1  NOROM_OSCHF_AttemptToSwitchToXosc                                  
00001ca5  PowerCC26XX_standbyPolicy                                          
00001d59  Power_releaseDependency                                            
00001e0d  Power_setDependency                                                
00001ebd  __udivmoddi4                                                       
00001f6d  ti_sysbios_knl_Task_Instance_init                                  
000020b1  ti_sysbios_knl_Clock_startI                                        
00002145  GPIO_setConfig                                                     
000021d1  ti_sysbios_knl_Clock_init                                          
0000225d  NOROM_SysCtrlSetRechargeBeforePowerDown                            
000022dd  ti_sysbios_family_arm_m3_Hwi_initNVIC                              
0000235d  ti_sysbios_family_arm_m3_Hwi_postInit                              
000023d9  NOROM_OSCHF_SwitchToRcOscTurnOffXosc                               
00002451  NOROM_OSC_CapArrayAdjustWorkaround_Boot                            
000024c9  ti_sysbios_knl_Task_postInit                                       
00002541  PowerCC26X2_updateSubSecInc                                        
000025b5  ti_sysbios_knl_Swi_restoreHwi                                      
00002629  ti_sysbios_family_arm_m3_Hwi_Instance_init                         
00002699  ti_sysbios_knl_Task_startup                                        
00002709  ti_sysbios_runtime_System_formatNum                                
00002779  __gedf2                                                            
00002779  __gtdf2                                                            
000027e7  __aeabi_ldiv0                                                      
000027e9  __cmpdf2                                                           
000027e9  __eqdf2                                                            
[...]
00003555  __aeabi_d2uiz                                                      
00003555  __fixunsdfsi                                                       
00003599  PowerCC26X2_RCOSC_clockFunc                                        
000035d9  PowerCC26X2_setAclkRefSrc                                          
00003619  ti_sysbios_heaps_HeapMem_getStats                                  
00003659  ti_sysbios_knl_Clock_getTicksUntilInterrupt                        
00003699  ti_sysbios_knl_Task_exit                                           
000036d9  HwiP_construct                                                     
00003715  NOROM_SysCtrlIdle                                                  
00003751  PowerCC26X2_setTdcClkSrc24M                                        
0000378d  ti_sysbios_family_arm_cc26xx_Timer_periodicStub                    
000037c9  ti_sysbios_family_arm_cc26xx_Timer_setThreshold                    
00003805  ti_sysbios_heaps_HeapMem_construct                                 
00003841  ti_sysbios_knl_ClockSupport_init                                   
0000387d  ti_sysbios_knl_Task_blockI                                         
000038b9  ti_sysbios_knl_Task_create                                         
000038f5  ti_sysbios_knl_Task_restore                                        
00003931  ti_sysbios_runtime_Memory_alloc                                    
0000396d  ti_sysbios_runtime_SystemSupport_flush                             
000039a9  PowerCC26X2_oscDisableQualifiers                                   
000039e1  ti_sysbios_knl_Task_processVitalTaskFlag                           
00003a19  __TI_auto_init_nobinit_nopinit                                     
00003a51  __aeabi_f2d                                                        
00003a51  __extendsfdf2                                                      
00003a89  Power_releaseConstraint                                            
00003abd  SwiP_construct                                                     
00003af1  __TI_writemsg                                                      
00003b1b  C$$IO$$                                                            
00003b25  _pthread_cleanupFxn                                                
00003b59  main                                                               
00003b8d  ti_sysbios_family_arm_m3_Hwi_getStackInfo                          
00003bc1  ti_sysbios_family_arm_m3_Hwi_init                                  
00003bf5  ti_sysbios_knl_Clock_Instance_init                                 
00003c29  ti_sysbios_knl_Task_unblockI                                       
00003c5d  ti_sysbios_runtime_Error_raiseX                                    
00003c91  ti_sysbios_runtime_SystemSupport_putch                             
00003cc5  ti_sysbios_runtime_System_processAtExit                            
00003cf9  _c_int00                                                           
00003d2d  ti_sysbios_knl_Semaphore_pendTimeout                               
00003d61  ClockP_construct                                                   
00003d91  Power_setConstraint                                                
00003dc1  __TI_readmsg                                                       
00003e21  ti_sysbios_family_arm_m3_Hwi_excHandlerMin                         
00003e51  ti_sysbios_heaps_HeapMem_free                                      
00003e81  ti_sysbios_knl_TaskSupport_start                                   
00003eb1  ti_sysbios_runtime_System_atexit                                   
00003ee1  NOROM_ThisLibraryIsFor_CC13x2_CC26x2_HwRev20AndLater_HaltIfViolated
00003f11  __aeabi_i2d                                                        
00003f11  __floatsidf                                                        
00003f41  PowerCC26XX_schedulerDisable                                       
00003f99  send                                                               
00003fc5  ti_sysbios_gates_GateMutex_enter                                   
00003ff1  ti_sysbios_knl_Clock_getTicks                                      
00004000  HEAPSIZE                                                           
0000401d  ti_sysbios_knl_Task_restoreHwi                                     
00004049  NOROM_OSCHF_TurnOnXosc                                             
00004073  ti_sysbios_family_arm_cc26xx_Timer_setNextTick                     
0000409d  ti_sysbios_knl_Task_allBlockedFunction                             
000040c9  BIOS_registerRTSLock                                               
000040f1  I2C_cancel                                                         
00004119  ti_sysbios_family_arm_m3_Hwi_excHandlerAsm                         
00004141  ti_sysbios_gates_GateMutex_Instance_init                           
00004169  ti_sysbios_knl_Semaphore_Instance_init                             
00004191  ti_sysbios_knl_Swi_init                                            
000041b9  ti_sysbios_knl_TaskSupport_swap                                    
000041c4  ti_sysbios_knl_TaskSupport_swapReturn                              
000041e1  ti_sysbios_knl_Task_construct                                      
00004209  ti_sysbios_knl_Task_init                                           
00004231  BIOS_removeRTSLock                                                 
00004255  List_put                                                           
00004279  PowerCC26X2_setSubSecIncToXoscLf                                   
0000429d  PowerCC26X2_writeCtrim                                             
000042c1  PowerCC26X2_writeCtrimFract                                        
000042e5  PowerCC26X2_writeCtrimFractEn                                      
00004309  PowerCC26X2_writeRtrim                                             
0000432d  Power_registerNotify                                               
00004351  ti_sysbios_family_arm_m3_Hwi_construct                             
00004375  ti_sysbios_knl_Semaphore_destruct                                  
00004399  ti_sysbios_knl_Task_enter                                          
000043bd  ti_sysbios_runtime_SysMin_output                                   
000043e1  PowerCC26X2_disableTCXOQual                                        
00004401  PowerCC26X2_enableTCXOQual                                         
00004421  PowerCC26XX_schedulerRestore                                       
00004441  SemaphoreP_constructBinary                                         
00004461  ti_sysbios_family_arm_m3_Hwi_initStack                             
00004481  ti_sysbios_knl_Task_delete                                         
000044a1  ti_sysbios_knl_Task_destruct                                       
000044c1  ti_sysbios_family_arm_m3_Hwi_switchAndRunFunc                      
000044df  ti_sysbios_runtime_System_putchar                                  
000044fd  BIOS_rtsLock                                                       
00004519  GPIO_setMux                                                        
00004535  Power_getTransitionLatency                                         
00004551  ti_sysbios_knl_Idle_run                                            
0000456d  ti_sysbios_knl_Queue_put                                           
00004589  ti_sysbios_knl_Swi_construct                                       
000045c1  BIOS_exitFunc                                                      
000045d9  BIOS_rtsUnlock                                                     
000045f1  PowerCC26XX_calibrate                                              
00004609  Power_idleFunc                                                     
00004621  ti_sysbios_knl_Clock_scheduleNextTick                              
00004639  ti_sysbios_knl_Swi_construct2                                      
00004651  ti_sysbios_knl_TaskSupport_glue                                    
00004669  ti_sysbios_knl_Task_unblock                                        
00004681  ti_sysbios_runtime_System_printf                                   
00004699  ti_sysbios_runtime_System_vprintf                                  
000046b1  ti_sysbios_knl_Clock_start                                         
000046dd  _args_main                                                         
000046f1  ti_sysbios_family_arm_m3_Hwi_switchFromBootStack                   
00004705  __aeabi_memset                                                     
00004705  __aeabi_memset4                                                    
00004705  __aeabi_memset8                                                    
00004711  __aeabi_memclr                                                     
00004711  __aeabi_memclr4                                                    
00004711  __aeabi_memclr8                                                    
00004719  __aeabi_uldivmod                                                   
0000472d  I2C_transfer                                                       
0000473f  TI_memcpy_small                                                    
00004751  ClockP_getCpuFreq                                                  
00004761  GPIO_write                                                         
00004771  HwiP_Params_init                                                   
00004781  PowerCC26X2_oscCtlClearXtal                                        
00004791  PowerCC26X2_prcmEnableCacheRetention                               
000047a1  PowerCC26X2_readCtrim                                              
000047b1  PowerCC26X2_readCtrimFract                                         
000047c1  PowerCC26X2_readRtrim                                              
000047d1  PowerCC26X2_switchToTCXO                                           
000047e1  SwiP_Params_init                                                   
000047f1  ti_sysbios_family_arm_cc26xx_Timer_dynamicStub                     
00004801  ti_sysbios_family_arm_m3_Hwi_excHandler                            
00004811  __TI_zero_init                                                     
0000484b  ti_sysbios_gates_GateMutex_leave                                   
00004859  TI_memset_small                                                    
00004867  __TI_decompress_none                                               
00004875  BIOS_linkedWithIncorrectBootLibrary                                
00004881  BIOS_start                                                         
0000488d  HwiP_disable                                                       
00004899  I2C_Params_init                                                    
000048a5  NOROM_CPUcpsid                                                     
000048b1  NOROM_CPUcpsie                                                     
000048c9  PowerCC26X2_oscClockSourceGet                                      
000048d5  PowerCC26X2_setPeriphDeepSleepEnable                               
000048e1  PowerCC26X2_sysCtrlGetResetSource                                  
000048ed  PowerCC26X2_sysCtrlVoltageConditionalControl                       
000048f9  Power_getConstraintMask                                            
00004905  _register_lock                                                     
00004911  _register_unlock                                                   
0000491d  ti_sysbios_heaps_HeapMem_init                                      
00004929  ti_sysbios_knl_ClockSupport_setNextTick                            
00004935  ti_sysbios_knl_Clock_tick                                          
00004941  ti_sysbios_knl_Task_Params_init                                    
0000494d  ClockP_Params_init                                                 
00004961  PowerCC26X2_sysCtrlStandby                                         
0000496b  SemaphoreP_pend                                                    
0000497d  I2CSupport_masterFinish                                            
00004985  NOROM_CPUdelay                                                     
0000498d  PowerCC26X2_oschfTrySwitchToXosc                                   
00004995  ti_sysbios_runtime_System_exit                                     
0000499d  ClockP_stop                                                        
000049a3  HwiP_restore                                                       
000049a9  I2CSupport_powerRelConstraint                                      
000049af  I2CSupport_powerSetConstraint                                      
000049b5  ti_sysbios_family_arm_m3_Hwi_doSwiRestore                          
000049bb  ti_sysbios_family_arm_m3_Hwi_doTaskRestore                         
000049c1  ti_sysbios_knl_Idle_loop                                           
000049c7  ti_sysbios_knl_Swi_startup                                         
000049cd  ClockP_start                                                       
000049d1  HwiP_disableInterrupt                                              
000049d5  HwiP_enableInterrupt                                               
000049d9  PowerCC26X2_oschfSwitchToRcosc                                     
000049dd  PowerCC26X2_sysCtrlIdle                                            
000049e1  PowerCC26X2_turnOnXosc                                             
000049e5  ResetISR                                                           
000049e9  SemaphoreP_post                                                    
000049ed  SwiP_post                                                          
000049f1  _system_post_cinit                                                 
000049f5  _system_pre_init                                                   
00004a01  ti_sysbios_heaps_HeapMem_isBlocking                                
00004a05  __aeabi_memcpy                                                     
00004a05  __aeabi_memcpy4                                                    
00004a05  __aeabi_memcpy8                                                    
00005402  resourceDB                                                         
0000549b  GPIO_pinLowerBound                                                 
000054e2  GPIO_pinUpperBound                                                 
000054e3  I2C_count                                                          
00005500  i2cCC26xxHWAttrs                                                   
00005530  PowerCC26X2_config                                                 
00005558  GPIO_config                                                        
0000559c  I2C_config                                                         
000055ac  ti_sysbios_knl_Idle_funcList                                       
000055b4  __c_args__                                                         
0000566c  __TI_Handler_Table_Base                                            
00005678  __TI_Handler_Table_Limit                                           
00005680  __TI_CINIT_Base                                                    
00005690  __TI_CINIT_Limit                                                   
00005690  __TI_CINIT_Warm                                                    
00057fa8  __ccfg                                                             
20000000  __start___llvm_prf_bits                                            
20000000  __start___llvm_prf_cnts                                            
20000000  __stop___llvm_prf_bits                                             
20000000  __stop___llvm_prf_cnts                                             
20000000  ti_sysbios_family_arm_m3_Hwi_ramVectors                            
200000d8  __primary_heap_start__                                             
200040d8  __primary_heap_end__                                               
200040d8  ti_sysbios_runtime_SysMin_outbuf                                   
200044d8  ti_sysbios_knl_Idle_taskStack                                      
200046d8  i2cCC26xxObjects                                                   
20004818  _CIOBUF_                                                           
20004818  __CIOBUF_                                                          
20004938  ti_sysbios_family_arm_m3_Hwi_dispatchTable                         
20004a10  gpioCallbackFunctions                                              
20004a8c  gpioUserArgs                                                       
20004b08  ti_sysbios_knl_ClockSupport_timerStruct                            
20004b68  ti_sysbios_knl_Idle_taskStruct                                     
20004bc0  ti_sysbios_knl_Swi_readyQs                                         
20004bf0  ti_sysbios_knl_Task_readyQs                                        
20004c20  BIOS_heapMemObject                                                 
20004c4c  BIOS_rtsGate                                                       
20004c74  ti_sysbios_heaps_HeapMem_gate                                      
20004c9c  testParams                                                         
20004cc0  ti_sysbios_runtime_System_atexitHandlers                           
20004cfc  parmbuf                                                            
20004d14  PowerCC26XX_swiKey                                                 
20004d18  PowerCC26XX_taskKey                                                
20004d1c  testHandle                                                         
20004d20  ti_sysbios_family_arm_cc26xx_TimestampProvider_Module_state        
20004d24  ti_sysbios_knl_Task_defaultStackHeap                               
20004d28  PowerCC26X2_module                                                 
20004e9c  gpioPinConfigs                                                     
20004f18  ti_sysbios_runtime_Startup_done                                    
20004f1b  ti_sysbios_knl_Idle_initDone                                       
20004f1c  ti_sysbios_runtime_Memory_defaultHeapInstance                      
20004f34  ti_sysbios_runtime_Error_ignore                                    
20004f40  ti_sysbios_family_arm_cc26xx_Timer_Module_state                    
20004f4c  ti_sysbios_runtime_System_Module_state                             
20004f58  ti_sysbios_runtime_SysMin_Module_state                             
20004f68  ti_sysbios_knl_Swi_Module_state                                    
20004f90  BIOS_Module_state                                                  
20004fbc  ti_sysbios_family_arm_m3_Hwi_Module_state                          
20004ff8  ti_sysbios_knl_Clock_Module_state                                  
20005060  ti_sysbios_knl_Task_Module_state                                   
2000509c  _hposcCoeffs                                                       
200050ac  ti_sysbios_gates_GateMutex_Module_state                            
200050b4  ti_sysbios_heaps_HeapMem_Module_state                              
200050bc  ti_sysbios_knl_Semaphore_Module_state                              
200050c4  _lock                                                              
200050c8  _unlock                                                            
20013a00  __stack                                                            
20014000  __STACK_END                                                        
ffffffff  __TI_pprof_out_hndl                                                
ffffffff  __TI_prof_data_size                                                
ffffffff  __TI_prof_data_start                                               
ffffffff  __binit__                                                          
ffffffff  binit                                                              
UNDEFED   ITM_flush                                                          
UNDEFED   ITM_restore                                                        
UNDEFED   __mpu_init                                                         

[363 symbols]
