******************************************************************************
            TI ARM Clang Linker PC v2.1.2                      
******************************************************************************
>> Linked Fri Jan  5 20:19:07 2024

OUTPUT FILE NAME:   <multiSniff_LP_CC2652RB_tirtos7_ticlang2.out>
ENTRY POINT SYMBOL: "ResetISR"  address: 00007249


MEMORY CONFIGURATION

         name            origin    length      used     unused   attr    fill
----------------------  --------  ---------  --------  --------  ----  --------
  FLASH                 00000000   00050000  00008110  00047ef0  R  X
  STV                   00050000   00000010  00000000  00000010  RW  
  GPRAM                 11000000   00002000  00000000  00002000  RW X
  SRAM                  20000000   00014000  000060a9  0000df57  RW X
  LOG_DATA              90000000   00040000  00000000  00040000  R   


SEGMENT ALLOCATION MAP

run origin  load origin   length   init length attrs members
----------  ----------- ---------- ----------- ----- -------
00000000    00000000    00007f8c   00007f8c    r-x
  00000000    00000000    0000003c   0000003c    r-- .resetVecs
  00000040    00000040    0000724c   0000724c    r-x .text
  00007290    00007290    00000cfc   00000cfc    r-- .rodata
00007f8c    00007f8c    00000008   00000008    rw-
  00007f8c    00007f8c    00000008   00000008    rw- .args
00007f94    00007f94    0000012c   0000012c    r--
  00007f94    00007f94    0000012c   0000012c    r-- .cinit
0004ffa8    0004ffa8    00000058   00000058    r--
  0004ffa8    0004ffa8    00000058   00000058    r-- .ccfg
200000d8    200000d8    00001492   00000000    rw-
  200000d8    200000d8    00001492   00000000    rw- .bss
20001830    20001830    00000010   00000000    rw-
  20001830    20001830    00000010   00000000    rw- .TI.bound:dmaSpi0RxControlTableEntry
20001840    20001840    00000010   00000000    rw-
  20001840    20001840    00000010   00000000    rw- .TI.bound:dmaSpi0TxControlTableEntry
20001a30    20001a30    00000010   00000000    rw-
  20001a30    20001a30    00000010   00000000    rw- .TI.bound:dmaSpi0RxAltControlTableEntry
20001a40    20001a40    00000010   00000000    rw-
  20001a40    20001a40    00000010   00000000    rw- .TI.bound:dmaSpi0TxAltControlTableEntry
20001a50    20001a50    00004000   00000000    r--
  20001a50    20001a50    00004000   00000000    r-- .priheap
20005a50    20005a50    000004ff   00000000    rw-
  20005a50    20005a50    000004ff   00000000    rw- .data
20013a00    20013a00    00000600   00000000    rw-
  20013a00    20013a00    00000600   00000000    rw- .stack


SECTION ALLOCATION MAP

 output                                  attributes/
section   page    origin      length       input sections
--------  ----  ----------  ----------   ----------------
.binit     0    00000000    00000000     

.cinit     0    00007f94    0000012c     
                  00007f94    000000c5     (.cinit..data.load) [load image, compression = lzss]
                  00008059    00000003     --HOLE-- [fill = 0]
                  0000805c    0000000c     (__TI_handler_table)
                  00008068    00000008     (.cinit..TI.bound:dmaSpi0RxAltControlTableEntry.load) [load image, compression = zero_init]
                  00008070    00000008     (.cinit..TI.bound:dmaSpi0RxControlTableEntry.load) [load image, compression = zero_init]
                  00008078    00000008     (.cinit..TI.bound:dmaSpi0TxAltControlTableEntry.load) [load image, compression = zero_init]
                  00008080    00000008     (.cinit..TI.bound:dmaSpi0TxControlTableEntry.load) [load image, compression = zero_init]
                  00008088    00000008     (.cinit..bss.load) [load image, compression = zero_init]
                  00008090    00000030     (__TI_cinit_table)

.init_array 
*          0    00000000    00000000     UNINITIALIZED

.ccfg      0    0004ffa8    00000058     
                  0004ffa8    00000058     ti_devices_config.o (.ccfg)

.text      0    00000040    0000724c     
                  00000040    000005ea     driverlib.lib : osc.o (.text.findHposcCoefficients)
                  0000062a    00000002     ti_sysbios_config.o (.text.BIOS_nullFunc)
                  0000062c    000002c8     drivers_cc26x2.a : SPICC26X2DMA.c.obj (.text.SPICC26X2DMA_transfer)
                  000008f4    000001f0     Dhcp.o (.text.DHCP_parseDHCPResponse)
                  00000ae4    000001b6     libclang_rt.builtins.a : adddf3.S.obj (.text)
                  00000c9a    000001ae     drivers_cc26x2.a : SPICC26X2DMA.c.obj (.text.SPICC26X2DMA_hwiFxn)
                  00000e48    00000194                      : PowerCC26X2_calibrateRCOSC.c.obj (.text.PowerCC26X2_auxISR)
                  00000fdc    00000188                      : SPICC26X2DMA.c.obj (.text.SPICC26X2DMA_open)
                  00001164    00000174     Dhcp.o (.text.DHCP_send_DHCP_MESSAGE)
                  000012d8    00000160     drivers_cc26x2.a : SPICC26X2DMA.c.obj (.text.configNextTransfer)
                  00001438    00000158                      : PowerCC26X2.c.obj (.text.Power_sleep)
                  00001590    0000013c                      : I2CCC26XX.c.obj (.text.I2C_open)
                  000016cc    00000136     libclang_rt.builtins.a : divdf3.S.obj (.text)
                  00001802    00000002     ti_drivers_config.o (.text.Board_initHook)
                  00001804    00000134     driverlib.lib : osc.o (.text.findHposcPc)
                  00001938    00000126     drivers_cc26x2.a : I2C.c.obj (.text.I2C_transferTimeout)
                  00001a5e    00000002                      : I2C.c.obj (.text.I2C_init)
                  00001a60    00000124     rf_multiMode_cc26x2.a : RFCC26X2_multiMode.c.cc26x2.ticlang.o (.text.RF_abortCmd)
                  00001b84    00000122     drivers_cc26x2.a : SPICC26X2DMA.c.obj (.text.SPICC26X2DMA_transferCancel)
                  00001ca6    00000002     libclang_rt.builtins.a : aeabi_div0.c.obj (.text.__aeabi_ldiv0)
                  00001ca8    00000120     ti_sysbios_config.o (.text.ti_sysbios_family_arm_cc26xx_Timer_construct)
                  00001dc8    0000011c     sysbios.a : Hwi_asm_gnu.obj (.text.ti_sysbios_family_arm_m3_Hwi_dispatch)
                  00001ee4    00000118     drivers_cc26x2.a : PowerCC26X2.c.obj (.text.Power_init)
                  00001ffc    00000110     Dhcp.o (.text.DHCP_request_DHCP_lease)
                  0000210c    0000010c     drivers_cc26x2.a : PowerCC26X2_calibrateRCOSC.c.obj (.text.PowerCC26X2_calibrate)
                  00002218    00000104                      : GPIOCC26X2.c.obj (.text.GPIO_init)
                  0000231c    000000f4     driverlib.lib : sys_ctrl.o (.text.NOROM_SysCtrlStandby)
                  00002410    000000e8     drivers_cc26x2.a : I2CCC26XX.c.obj (.text.I2CCC26XX_hwiFxn)
                  000024f8    000000e4     driverlib.lib : setup.o (.text.NOROM_SetupTrimDevice)
                  000025dc    000000e4     ti_sysbios_config.o (.text.ti_sysbios_knl_Semaphore_pend)
                  000026c0    000000d8     drivers_cc26x2.a : SPICC26X2DMA.c.obj (.text.SPICC26X2DMA_control)
                  00002798    000000d8     ti_sysbios_config.o (.text.ti_sysbios_family_arm_m3_Hwi_excFillContext)
                  00002870    000000d0     drivers_cc26x2.a : PowerCC26X2.c.obj (.text.configureXOSCHF)
                  00002940    000000cc     ssd1306.o (.text.SSD1306_DrawLine)
                  00002a0c    000000cc     ti_sysbios_config.o (.text.ti_sysbios_knl_Clock_workFuncDynamic)
                  00002ad8    000000c4     driverlib.lib : setup.o (.text.TrimAfterColdResetWakeupFromShutDown)
                  00002b9c    000000b8     ti_sysbios_config.o (.text.ti_sysbios_knl_Task_Instance_finalize)
                  00002c54    000000b6     driverlib.lib : osc.o (.text.NOROM_OSC_HPOSCInitializeFrequencyOffsetParameters)
                  00002d0a    000000b4                   : osc.o (.text.NOROM_OSCHF_AttemptToSwitchToXosc)
                  00002dbe    00000002     libc.a : _lock.c.obj (.text._nop)
                  00002dc0    000000b4     ti_sysbios_config.o (.text.PowerCC26XX_standbyPolicy)
                  00002e74    000000b4     drivers_cc26x2.a : PowerCC26X2.c.obj (.text.Power_releaseDependency)
                  00002f28    000000b0                      : PowerCC26X2.c.obj (.text.Power_setDependency)
                  00002fd8    000000b0     libclang_rt.builtins.a : udivmoddi4.S.obj (.text)
                  00003088    000000a8     drivers_cc26x2.a : TemperatureCC26X2.c.obj (.text.temperatureHwiFxn)
                  00003130    000000a4     ti_sysbios_config.o (.text.ti_sysbios_knl_Task_Instance_init)
                  000031d4    000000a0     drivers_cc26x2.a : I2CCC26XX.c.obj (.text.I2CCC26XX_swiFxn)
                  00003274    0000009c     gui.o (.text.GUI_Init)
                  00003310    00000094     rf_multiMode_cc26x2.a : RFCC26X2_multiMode.c.cc26x2.ticlang.o (.text.RF_hposcRfCompensateFxn)
                  000033a4    00000094     ti_sysbios_config.o (.text.ti_sysbios_knl_Clock_startI)
                  00003438    00000094     ti_sysbios_config.o (.text.ti_sysbios_knl_Task_sleep)
                  000034cc    00000090     main.o (.text.InitTask)
                  0000355c    0000008c     drivers_cc26x2.a : GPIOCC26XX.c.obj (.text.GPIO_setConfig)
                  000035e8    0000008c     ti_sysbios_config.o (.text.ti_sysbios_knl_Clock_init)
                  00003674    00000088     rf_multiMode_cc26x2.a : RFCC26X2_multiMode.c.cc26x2.ticlang.o (.text.RF_discardPendCmd)
                  000036fc    00000084     IPAddress.o (.text.IPAddress_toString)
                  00003780    00000080     driverlib.lib : sys_ctrl.o (.text.NOROM_SysCtrlSetRechargeBeforePowerDown)
                  00003800    00000080     ti_sysbios_config.o (.text.ti_sysbios_family_arm_m3_Hwi_initNVIC)
                  00003880    0000007c     ti_sysbios_config.o (.text.ti_sysbios_family_arm_m3_Hwi_postInit)
                  000038fc    00000078     driverlib.lib : osc.o (.text.NOROM_OSCHF_SwitchToRcOscTurnOffXosc)
                  00003974    00000078                   : osc.o (.text.NOROM_OSC_CapArrayAdjustWorkaround_Boot)
                  000039ec    00000078     drivers_cc26x2.a : SPICC26X2DMA.c.obj (.text.SPICC26X2DMA_close)
                  00003a64    00000078     ti_sysbios_config.o (.text.ti_sysbios_knl_Task_postInit)
                  00003adc    00000074     drivers_cc26x2.a : PowerCC26X2_calibrateRCOSC_helpers.c.obj (.text.PowerCC26X2_updateSubSecInc)
                  00003b50    00000074                      : TemperatureCC26X2.c.obj (.text.Temperature_init)
                  00003bc4    00000074     ti_sysbios_config.o (.text.ti_sysbios_knl_Swi_restoreHwi)
                  00003c38    00000070     ti_sysbios_config.o (.text.ti_sysbios_family_arm_m3_Hwi_Instance_init)
                  00003ca8    00000070     ti_sysbios_config.o (.text.ti_sysbios_knl_Task_startup)
                  00003d18    0000006c     Ethernet.o (.text.Ethernet_begin_mac)
                  00003d84    0000006c     ti_sysbios_config.o (.text.ti_sysbios_family_arm_m3_Hwi_dispatchC)
                  00003df0    0000006c     ti_sysbios_config.o (.text.ti_sysbios_hal_Seconds_getTime)
                  00003e5c    0000006a     drivers_cc26x2.a : I2CCC26XX.c.obj (.text.I2CSupport_primeTransfer)
                  00003ec6    0000006a     libc.a : copy_decompress_lzss.c.obj (.text:decompress:lzss)
                  00003f30    00000068     ti_sysbios_config.o (.text.ti_sysbios_knl_Swi_run)
                  00003f98    00000064     drivers_cc26x2.a : PowerCC26X2_calibrateRCOSC.c.obj (.text.PowerCC26X2_initiateCalibration)
                  00003ffc    00000064                      : UDMACC26XX.c.obj (.text.UDMACC26XX_open)
                  00004060    00000064                      : PowerCC26X2.c.obj (.text.oscillatorISR)
                  000040c4    00000064     ti_sysbios_config.o (.text.ti_sysbios_knl_Idle_init)
                  00004128    00000064     ti_sysbios_config.o (.text.ti_sysbios_knl_TaskSupport_buildTaskStack)
                  0000418c    00000060     ssd1306.o (.text.SSD1306_DrawChar)
                  000041ec    00000060     drivers_cc26x2.a : SPICC26X2DMA.c.obj (.text.csnCallback)
                  0000424c    00000060     ti_sysbios_config.o (.text.ti_sysbios_heaps_HeapMem_allocUnprotected)
                  000042ac    00000060     ti_sysbios_config.o (.text.ti_sysbios_knl_Clock_walkQueueDynamic)
                  0000430c    00000060     ti_sysbios_config.o (.text.ti_sysbios_knl_Semaphore_post)
                  0000436c    00000060     ti_sysbios_config.o (.text.ti_sysbios_knl_Swi_schedule)
                  000043cc    0000005c     libclang_rt.builtins.a : divmoddi4.c.obj (.text.__divmoddi4)
                  00004428    00000058     socket.o (.text.recv)
                  00004480    00000058     sysbios.a : Hwi_asm_switch_gnu.obj (.text.ti_sysbios_family_arm_m3_Hwi_initStacks)
                  000044d8    00000054     libsysbm.a : hostwrite.c.obj (.text.HOSTwrite)
                  0000452c    00000054     drivers_cc26x2.a : I2CCC26XX.c.obj (.text.I2CCC26XX_initHw)
                  00004580    00000054     ssd1306.o (.text.SSD1306_Init)
                  000045d4    00000054     ti_sysbios_config.o (.text.ti_sysbios_runtime_Startup_exec)
                  00004628    00000052     driverlib.lib : chipinfo.o (.text.NOROM_ChipInfo_GetHwRevision)
                  0000467a    00000002     drivers_cc26x2.a : PowerCC26X2.c.obj (.text.emptyClockFunc)
                  0000467c    00000050     ti_drivers_config.o (.text.Board_shutDownExtFlash)
                  000046cc    00000050     rf_multiMode_cc26x2.a : RFCC26X2_multiMode.c.cc26x2.ticlang.o (.text.RF_enableHPOSCTemperatureCompensation)
                  0000471c    00000050     ti_sysbios_config.o (.text.ti_sysbios_knl_Swi_post)
                  0000476c    00000050     ti_sysbios_config.o (.text.ti_sysbios_knl_Swi_runLoop)
                  000047bc    0000004e     ti_drivers_config.o (.text.Board_sendExtFlashByte)
                  0000480a    0000004e     ti_sysbios_config.o (.text.ti_sysbios_heaps_HeapMem_freeUnprotected)
                  00004858    0000004c     ti_sysbios_config.o (.text.BIOS_startFunc)
                  000048a4    0000004c     driverlib.lib : osc.o (.text.NOROM_OSC_HPOSCRelativeFrequencyOffsetGet)
                  000048f0    0000004c     SPIfg.o (.text.SPI_begin)
                  0000493c    0000004c     drivers_cc26x2.a : SPICC26X2DMA.c.obj (.text.initHw)
                  00004988    0000004c     socket.o (.text.socket)
                  000049d4    0000004c     drivers_cc26x2.a : PowerCC26X2.c.obj (.text.switchXOSCHF)
                  00004a20    0000004c     ti_sysbios_config.o (.text.ti_sysbios_knl_Swi_Instance_init)
                  00004a6c    00000048     ti_sysbios_config.o (.text.BIOS_init)
                  00004ab4    00000048     EthernetUdp.o (.text.EthernetUDP_begin)
                  00004afc    00000048     driverlib.lib : aux_sysif.o (.text.NOROM_AUXSYSIFOpModeChange)
                  00004b44    00000048     drivers_cc26x2.a : TemperatureCC26X2.c.obj (.text.Temperature_registerNotifyRange)
                  00004b8c    00000004     ti_sysbios_config.o (.text.ClockP_getSystemTickPeriod)
                  00004b90    00000048     ArduinoCompatibility.o (.text.millis)
                  00004bd8    00000048     ti_sysbios_config.o (.text.ti_sysbios_family_arm_cc26xx_Timer_start)
                  00004c20    00000048     ti_sysbios_config.o (.text.ti_sysbios_heaps_HeapMem_Instance_init)
                  00004c68    00000048     ti_sysbios_config.o (.text.ti_sysbios_heaps_HeapMem_alloc)
                  00004cb0    00000048     ti_sysbios_config.o (.text.ti_sysbios_knl_Task_schedule)
                  00004cf8    00000044     ti_sysbios_config.o (.text.BIOS_atExitFunc)
                  00004d3c    00000044     Dhcp.o (.text.DHCP_beginWithDHCP)
                  00004d80    00000044     drivers_cc26x2.a : GPIOCC26X2.c.obj (.text.GPIO_hwiIntFxn)
                  00004dc4    00000044     gui.o (.text.GUI_ChangeRx)
                  00004e08    00000044     driverlib.lib : prcm.o (.text.NOROM_PRCMPowerDomainsAllOff)
                  00004e4c    00000044                   : prcm.o (.text.NOROM_PRCMPowerDomainsAllOn)
                  00004e90    00000044     rf_multiMode_cc26x2.a : RFCC26X2_multiMode.c.cc26x2.ticlang.o (.text.RF_cmdGet)
                  00004ed4    00000044     drivers_cc26x2.a : SPI.c.obj (.text.SPI_init)
                  00004f18    00000044                      : TemperatureCC26X2.c.obj (.text.degreesToCode)
                  00004f5c    00000044                      : TemperatureCC26X2.c.obj (.text.setNextThresholds)
                  00004fa0    00000044     ti_sysbios_config.o (.text.ti_sysbios_family_arm_m3_Hwi_Instance_finalize)
                  00004fe4    00000044     ti_sysbios_config.o (.text.ti_sysbios_family_arm_m3_Hwi_construct2)
                  00005028    00000044     ti_sysbios_config.o (.text.ti_sysbios_family_arm_m3_Hwi_disableInterrupt)
                  0000506c    00000044     ti_sysbios_config.o (.text.ti_sysbios_family_arm_m3_Hwi_enableInterrupt)
                  000050b0    00000044     ti_sysbios_config.o (.text.ti_sysbios_knl_Swi_restore)
                  000050f4    00000044     libclang_rt.builtins.a : fixunsdfsi.S.obj (.text)
                  00005138    00000040     EthernetUdp.o (.text.EthernetUDP_parsePacket)
                  00005178    00000040     drivers_cc26x2.a : PowerCC26X2_calibrateRCOSC.c.obj (.text.PowerCC26X2_RCOSC_clockFunc)
                  000051b8    00000040                      : PowerCC26X2_calibrateRCOSC_helpers.c.obj (.text.PowerCC26X2_setAclkRefSrc)
                  000051f8    00000040     rf_multiMode_cc26x2.a : RFCC26X2_multiMode.c.cc26x2.ticlang.o (.text.RF_updateHpOscOverride)
                  00005238    00000040     drivers_cc26x2.a : SPI.c.obj (.text.SPI_open)
                  00005278    00000040     SPIfg.o (.text.SPI_transf)
                  000052b8    00000040     ssd1306.o (.text.SSD1306_DrawPixel)
                  000052f8    00000040     w5500.o (.text.W5500_read_buf)
                  00005338    00000040     ti_sysbios_config.o (.text.ti_sysbios_heaps_HeapMem_getStats)
                  00005378    00000040     ti_sysbios_config.o (.text.ti_sysbios_knl_Clock_getTicksUntilInterrupt)
                  000053b8    00000040     ti_sysbios_config.o (.text.ti_sysbios_knl_Task_exit)
                  000053f8    0000003c     drivers_cc26x2.a : GPIO.c.obj (.text.GPIO_resetConfig)
                  00005434    0000003c     gui.o (.text.GUI_ChangeDeviceIp)
                  00005470    0000003c     gui.o (.text.GUI_ChangeTargetIp)
                  000054ac    0000003c     ti_sysbios_config.o (.text.HwiP_construct)
                  000054e8    0000003c     driverlib.lib : sys_ctrl.o (.text.NOROM_SysCtrlIdle)
                  00005524    0000003c     drivers_cc26x2.a : PowerCC26X2_calibrateRCOSC_helpers.c.obj (.text.PowerCC26X2_setTdcClkSrc24M)
                  00005560    0000003c     w5500.o (.text.W5500_write_buf)
                  0000559c    0000003c     main.o (.text.main)
                  000055d8    0000003c     ti_sysbios_config.o (.text.ti_sysbios_family_arm_cc26xx_Timer_periodicStub)
                  00005614    0000003c     ti_sysbios_config.o (.text.ti_sysbios_family_arm_cc26xx_Timer_setThreshold)
                  00005650    0000003c     ti_sysbios_config.o (.text.ti_sysbios_heaps_HeapMem_construct)
                  0000568c    0000003c     ti_sysbios_config.o (.text.ti_sysbios_knl_ClockSupport_init)
                  000056c8    0000003c     ti_sysbios_config.o (.text.ti_sysbios_knl_Task_blockI)
                  00005704    0000003c     ti_sysbios_config.o (.text.ti_sysbios_knl_Task_create)
                  00005740    0000003c     ti_sysbios_config.o (.text.ti_sysbios_knl_Task_restore)
                  0000577c    0000003c     ti_sysbios_config.o (.text.ti_sysbios_runtime_Memory_alloc)
                  000057b8    0000003c     ti_sysbios_config.o (.text.ti_sysbios_runtime_SystemSupport_flush)
                  000057f4    0000003c     drivers_cc26x2.a : TemperatureCC26X2.c.obj (.text.updateThresholds)
                  00005830    0000003a     w5500.o (.text.W5500_getRXReceivedSize)
                  0000586a    00000002     ti_sysbios_config.o (.text.ti_sysbios_runtime_System_exitSpin)
                  0000586c    00000038     drivers_cc26x2.a : PowerCC26X2_helpers.c.obj (.text.PowerCC26X2_oscDisableQualifiers)
                  000058a4    00000038                      : UDMACC26XX.c.obj (.text.UDMACC26XX_close)
                  000058dc    00000038     ti_sysbios_config.o (.text.getTime)
                  00005914    00000038     ti_sysbios_config.o (.text.ti_sysbios_knl_Task_processVitalTaskFlag)
                  0000594c    00000038     libc.a : autoinit.c.obj (.text:__TI_auto_init_nobinit_nopinit)
                  00005984    00000036     w5500.o (.text.W5500_recv_data_processing)
                  000059ba    00000002     --HOLE-- [fill = 0]
                  000059bc    00000034     Ethernet.o (.text.Ethernet_begin_mac_ip_dns_gateway_subnet)
                  000059f0    00000034     drivers_cc26x2.a : PowerCC26X2.c.obj (.text.Power_releaseConstraint)
                  00005a24    00000034     rf_multiMode_cc26x2.a : RFCC26X2_multiMode.c.cc26x2.ticlang.o (.text.RF_runDirectImmediateCmd)
                  00005a58    00000034     ti_sysbios_config.o (.text.SwiP_construct)
                  00005a8c    00000034     libsysbm.a : trgmsg.c.obj (.text.__TI_writemsg)
                  00005ac0    00000034     ti_sysbios_config.o (.text._pthread_cleanupFxn)
                  00005af4    00000034     ti_sysbios_config.o (.text.ti_sysbios_family_arm_m3_Hwi_getStackInfo)
                  00005b28    00000034     ti_sysbios_config.o (.text.ti_sysbios_family_arm_m3_Hwi_init)
                  00005b5c    00000034     ti_sysbios_config.o (.text.ti_sysbios_knl_Clock_Instance_init)
                  00005b90    00000034     ti_sysbios_config.o (.text.ti_sysbios_knl_Task_unblockI)
                  00005bc4    00000034     ti_sysbios_config.o (.text.ti_sysbios_runtime_Error_raiseX)
                  00005bf8    00000034     ti_sysbios_config.o (.text.ti_sysbios_runtime_System_processAtExit)
                  00005c2c    00000034     sysbios.a : boot_cortex_m.obj (.text:_c_int00)
                  00005c60    00000032     ti_sysbios_config.o (.text.ti_sysbios_knl_Semaphore_pendTimeout)
                  00005c92    00000002     --HOLE-- [fill = 0]
                  00005c94    00000030     ti_drivers_config.o (.text.Board_wakeUpExtFlash)
                  00005cc4    00000030     ti_sysbios_config.o (.text.ClockP_construct)
                  00005cf4    00000030     drivers_cc26x2.a : GPIOCC26XX.c.obj (.text.GPIO_setInterruptConfig)
                  00005d24    00000030                      : PowerCC26X2.c.obj (.text.Power_setConstraint)
                  00005d54    00000030     ssd1306.o (.text.SSD1306_UpdatePosition)
                  00005d84    00000030     libsysbm.a : trgmsg.c.obj (.text.__TI_readmsg)
                  00005db4    00000030     drivers_cc26x2.a : PowerCC26X2.c.obj (.text.notify)
                  00005de4    00000030     ti_sysbios_config.o (.text.ti_sysbios_family_arm_m3_Hwi_excHandlerMin)
                  00005e14    00000030     ti_sysbios_config.o (.text.ti_sysbios_heaps_HeapMem_free)
                  00005e44    00000030     ti_sysbios_config.o (.text.ti_sysbios_knl_TaskSupport_start)
                  00005e74    00000030     ti_sysbios_config.o (.text.ti_sysbios_runtime_System_atexit)
                  00005ea4    0000002e     driverlib.lib : chipinfo.o (.text.NOROM_ThisLibraryIsFor_CC13x2_CC26x2_HwRev20AndLater_HaltIfViolated)
                  00005ed2    0000002e     w5500.o (.text.W5500_send_data_processing_offset)
                  00005f00    0000002e     socket.o (.text.startUDP)
                  00005f2e    00000002     --HOLE-- [fill = 0]
                  00005f30    0000002c     ti_sysbios_config.o (.text.PowerCC26XX_schedulerDisable)
                  00005f5c    0000002c     rf_multiMode_cc26x2.a : RFCC26X2_multiMode.c.cc26x2.ticlang.o (.text.RF_executeDirectImmediateCmd)
                  00005f88    0000002c     drivers_cc26x2.a : TemperatureCC26X2.c.obj (.text.Temperature_unregisterNotify)
                  00005fb4    0000002c     w5500.o (.text.W5500_init)
                  00005fe0    0000002c     w5500.o (.text.W5500_read)
                  0000600c    0000002c     w5500.o (.text.W5500_write)
                  00006038    0000002c     ti_sysbios_config.o (.text._pthread_delete)
                  00006064    0000002c     SPIfg.o (.text.initSS)
                  00006090    0000002c     ti_sysbios_config.o (.text.ti_sysbios_gates_GateMutex_enter)
                  000060bc    0000002c     ti_sysbios_config.o (.text.ti_sysbios_knl_Clock_getTicks)
                  000060e8    0000002c     ti_sysbios_config.o (.text.ti_sysbios_knl_Task_restoreHwi)
                  00006114    0000002c     ti_sysbios_config.o (.text.usleep)
                  00006140    0000002a     EthernetUdp.o (.text.EthernetUDP_read)
                  0000616a    0000002a     EthernetUdp.o (.text.EthernetUDP_read_buf)
                  00006194    0000002a     driverlib.lib : osc.o (.text.NOROM_OSCHF_TurnOnXosc)
                  000061be    0000002a     drivers_cc26x2.a : SPICC26X2DMA.c.obj (.text.SPICC26X2DMA_swiFxn)
                  000061e8    0000002a     socket.o (.text.bufferData)
                  00006212    0000002a     ti_sysbios_config.o (.text.ti_sysbios_family_arm_cc26xx_Timer_setNextTick)
                  0000623c    0000002a     ti_sysbios_config.o (.text.ti_sysbios_knl_Task_allBlockedFunction)
                  00006266    00000002     --HOLE-- [fill = 0]
                  00006268    00000028     ti_sysbios_config.o (.text.BIOS_registerRTSLock)
                  00006290    00000028     drivers_cc26x2.a : I2C.c.obj (.text.I2C_cancel)
                  000062b8    00000028                      : List.c.obj (.text.List_remove)
                  000062e0    00000028     rf_multiMode_cc26x2.a : RFCC26X2_multiMode.c.cc26x2.ticlang.o (.text.RF_cmdStoreEvents)
                  00006308    00000028     sysbios.a : Hwi_asm_gnu.obj (.text.ti_sysbios_family_arm_m3_Hwi_excHandlerAsm)
                  00006330    00000028     ti_sysbios_config.o (.text.ti_sysbios_gates_GateMutex_Instance_init)
                  00006358    00000028     ti_sysbios_config.o (.text.ti_sysbios_knl_Semaphore_Instance_init)
                  00006380    00000028     ti_sysbios_config.o (.text.ti_sysbios_knl_Swi_init)
                  000063a8    00000028     sysbios.a : TaskSupport_asm_gnu.obj (.text.ti_sysbios_knl_TaskSupport_swap)
                  000063d0    00000028     ti_sysbios_config.o (.text.ti_sysbios_knl_Task_construct)
                  000063f8    00000028     ti_sysbios_config.o (.text.ti_sysbios_knl_Task_init)
                  00006420    00000026     drivers_cc26x2.a : SPICC26X2DMA.c.obj (.text.flushFifos)
                  00006446    00000002     --HOLE-- [fill = 0]
                  00006448    00000024     ti_sysbios_config.o (.text.BIOS_removeRTSLock)
                  0000646c    00000024     ti_drivers_config.o (.text.Board_init)
                  00006490    00000024     EthernetUdp.o (.text.EthernetUDP_stop)
                  000064b4    00000024     drivers_cc26x2.a : List.c.obj (.text.List_put)
                  000064d8    00000024                      : PowerCC26X2_helpers.c.obj (.text.PowerCC26X2_setSubSecIncToXoscLf)
                  000064fc    00000024                      : PowerCC26X2_calibrateRCOSC_helpers.c.obj (.text.PowerCC26X2_writeCtrim)
                  00006520    00000024                      : PowerCC26X2_calibrateRCOSC_helpers.c.obj (.text.PowerCC26X2_writeCtrimFract)
                  00006544    00000024                      : PowerCC26X2_calibrateRCOSC_helpers.c.obj (.text.PowerCC26X2_writeCtrimFractEn)
                  00006568    00000024                      : PowerCC26X2_calibrateRCOSC_helpers.c.obj (.text.PowerCC26X2_writeRtrim)
                  0000658c    00000024                      : PowerCC26X2.c.obj (.text.Power_registerNotify)
                  000065b0    00000024                      : SPICC26X2DMA.c.obj (.text.releaseConstraint)
                  000065d4    00000024     ssd1306.o (.text.sendData)
                  000065f8    00000024     socket.o (.text.sendUDP)
                  0000661c    00000024     ti_sysbios_config.o (.text.ti_sysbios_family_arm_m3_Hwi_construct)
                  00006640    00000024     ti_sysbios_config.o (.text.ti_sysbios_knl_Semaphore_destruct)
                  00006664    00000024     ti_sysbios_config.o (.text.ti_sysbios_knl_Task_enter)
                  00006688    00000022     ssd1306.o (.text.SSD1306_DrawString)
                  000066aa    00000022     w5500.o (.text.W5500_getTXFreeSize)
                  000066cc    00000022     ti_sysbios_config.o (.text.ti_sysbios_runtime_SysMin_output)
                  000066ee    00000020     Dhcp.o (.text.DHCP_printByte)
                  0000670e    00000002     --HOLE-- [fill = 0]
                  00006710    00000020     ti_sysbios_config.o (.text.HwiP_clearInterrupt)
                  00006730    00000020     rf_multiMode_cc26x2.a : rfc.c.cc26x2.ticlang.o (.text.NOROM_RFCDoorbellSendTo)
                  00006750    00000020                           : rfc.c.cc26x2.ticlang.o (.text.NOROM_RFCOverrideSearch)
                  00006770    00000020     drivers_cc26x2.a : PowerCC26X2_helpers.c.obj (.text.PowerCC26X2_disableTCXOQual)
                  00006790    00000020                      : PowerCC26X2_helpers.c.obj (.text.PowerCC26X2_enableTCXOQual)
                  000067b0    00000020     ti_sysbios_config.o (.text.PowerCC26XX_schedulerRestore)
                  000067d0    00000020     drivers_cc26x2.a : PowerCC26X2.c.obj (.text.Power_unregisterNotify)
                  000067f0    00000020     rf_multiMode_cc26x2.a : RFCC26X2_multiMode.c.cc26x2.ticlang.o (.text.RF_invokeGlobalCallback)
                  00006810    00000020     ssd1306.o (.text.SSD1306_SendCommand)
                  00006830    00000020     ti_sysbios_config.o (.text.SemaphoreP_constructBinary)
                  00006850    00000020     ti_sysbios_config.o (.text.ti_sysbios_family_arm_m3_Hwi_initStack)
                  00006870    00000020     ti_sysbios_config.o (.text.ti_sysbios_knl_Task_delete)
                  00006890    00000020     ti_sysbios_config.o (.text.ti_sysbios_knl_Task_destruct)
                  000068b0    00000020     libclang_rt.builtins.a : floatunsidf.S.obj (.text)
                  000068d0    0000001e     sysbios.a : Hwi_asm_switch_gnu.obj (.text.ti_sysbios_family_arm_m3_Hwi_switchAndRunFunc)
                  000068ee    00000002     --HOLE-- [fill = 0]
                  000068f0    0000001c     ti_sysbios_config.o (.text.BIOS_rtsLock)
                  0000690c    0000001c     drivers_cc26x2.a : GPIO.c.obj (.text.GPIO_setCallback)
                  00006928    0000001c                      : GPIOCC26XX.c.obj (.text.GPIO_setMux)
                  00006944    0000001c                      : PowerCC26X2.c.obj (.text.Power_getTransitionLatency)
                  00006960    0000001c     ssd1306.o (.text.SSD1306_UpdateScreen)
                  0000697c    0000001c     w5500.o (.text.W5500_writeSnDPORT)
                  00006998    0000001c     w5500.o (.text.W5500_writeSnPORT)
                  000069b4    0000001c     w5500.o (.text.W5500_writeSnRX_RD)
                  000069d0    0000001c     w5500.o (.text.W5500_writeSnTX_WR)
                  000069ec    0000001c     drivers_cc26x2.a : TemperatureCC26X2.c.obj (.text.setTempLowerLimit)
                  00006a08    0000001c                      : TemperatureCC26X2.c.obj (.text.setTempUpperLimit)
                  00006a24    0000001c     ti_sysbios_config.o (.text.ti_sysbios_knl_Idle_run)
                  00006a40    0000001c     ti_sysbios_config.o (.text.ti_sysbios_knl_Queue_put)
                  00006a5c    0000001c     ti_sysbios_config.o (.text.ti_sysbios_knl_Swi_construct)
                  00006a78    0000001c     ti_sysbios_config.o (.text.ti_sysbios_knl_Swi_destruct)
                  00006a94    0000001a     EthernetUdp.o (.text.EthernetUDP_write)
                  00006aae    0000001a     drivers_cc26x2.a : I2CCC26XX.c.obj (.text.I2CCC26XX_completeTransfer)
                  00006ac8    0000001a     w5500.o (.text.W5500_readSnRX_RD)
                  00006ae2    0000001a     w5500.o (.text.W5500_readSnRX_RSR)
                  00006afc    0000001a     w5500.o (.text.W5500_readSnTX_FSR)
                  00006b16    0000001a     w5500.o (.text.W5500_readSnTX_WR)
                  00006b30    0000001a     ti_sysbios_config.o (.text.ti_sysbios_knl_Task_sleepTimeout)
                  00006b4a    00000002     --HOLE-- [fill = 0]
                  00006b4c    00000018     ti_sysbios_config.o (.text.BIOS_exitFunc)
                  00006b64    00000018     ti_sysbios_config.o (.text.BIOS_rtsUnlock)
                  00006b7c    00000018     drivers_cc26x2.a : GPIOCC26XX.c.obj (.text.GPIO_disableInt)
                  00006b94    00000018                      : PowerCC26X2.c.obj (.text.PowerCC26XX_calibrate)
                  00006bac    00000018                      : PowerCC26X2.c.obj (.text.Power_idleFunc)
                  00006bc4    00000018     ti_sysbios_config.o (.text.ti_sysbios_knl_Clock_scheduleNextTick)
                  00006bdc    00000018     ti_sysbios_config.o (.text.ti_sysbios_knl_Swi_construct2)
                  00006bf4    00000018     ti_sysbios_config.o (.text.ti_sysbios_knl_Swi_or)
                  00006c0c    00000018     sysbios.a : TaskSupport_asm_gnu.obj (.text.ti_sysbios_knl_TaskSupport_glue)
                  00006c24    00000018     ti_sysbios_config.o (.text.ti_sysbios_knl_Task_unblock)
                  00006c3c    00000016     w5500.o (.text.W5500_read_data)
                  00006c52    00000016     socket.o (.text.close)
                  00006c68    00000016     ti_sysbios_config.o (.text.ti_sysbios_knl_Clock_start)
                  00006c7e    00000002     --HOLE-- [fill = 0]
                  00006c80    00000014     drivers_cc26x2.a : GPIOCC26XX.c.obj (.text.GPIO_read)
                  00006c94    00000014                      : GPIO.c.obj (.text.GPIO_setUserArg)
                  00006ca8    00000014                      : I2CCC26XX.c.obj (.text.I2CCC26XX_postNotify)
                  00006cbc    00000014                      : SPICC26X2DMA.c.obj (.text.OUTLINED_FUNCTION_0)
                  00006cd0    00000014                      : TemperatureCC26X2.c.obj (.text.Temperature_getTemperature)
                  00006ce4    00000014     w5500.o (.text.W5500_execCmdSn)
                  00006cf8    00000014     w5500.o (.text.W5500_writeSn)
                  00006d0c    00000014     w5500.o (.text.W5500_writeSn_buf)
                  00006d20    00000014     libc.a : args_main.c.obj (.text._args_main)
                  00006d34    00000014     ti_sysbios_config.o (.text.ti_sysbios_family_arm_m3_Hwi_switchFromBootStack)
                  00006d48    00000014     libclang_rt.builtins.a : aeabi_ldivmod.S.obj (.text)
                  00006d5c    00000014                            : aeabi_memset.S.obj (.text)
                  00006d70    00000014                            : aeabi_uldivmod.S.obj (.text)
                  00006d84    00000012     EthernetUdp.o (.text.EthernetUDP_beginPacket_ip)
                  00006d96    00000012     EthernetUdp.o (.text.EthernetUDP_flush)
                  00006da8    00000012     Ethernet.o (.text.Ethernet_begin_mac_ip_dns)
                  00006dba    00000012     drivers_cc26x2.a : I2C.c.obj (.text.I2C_transfer)
                  00006dcc    00000012     IPAddress.o (.text.IPAddress_Init_str)
                  00006dde    00000012     libc.a : memcpy_t2.S.obj (.text:TI_memcpy_small)
                  00006df0    00000010     ti_sysbios_config.o (.text.ClockP_getCpuFreq)
                  00006e00    00000010     Dhcp.o (.text.DHCP_getDnsServerIp)
                  00006e10    00000010     Dhcp.o (.text.DHCP_getGatewayIp)
                  00006e20    00000010     Dhcp.o (.text.DHCP_getLocalIp)
                  00006e30    00000010     Dhcp.o (.text.DHCP_getSubnetMask)
                  00006e40    00000010     drivers_cc26x2.a : GPIO.c.obj (.text.GPIO_getUserArg)
                  00006e50    00000010                      : GPIOCC26XX.c.obj (.text.GPIO_write)
                  00006e60    00000010     ti_sysbios_config.o (.text.HwiP_Params_init)
                  00006e70    00000010     drivers_cc26x2.a : PowerCC26X2_helpers.c.obj (.text.PowerCC26X2_oscCtlClearXtal)
                  00006e80    00000010                      : PowerCC26X2_helpers.c.obj (.text.PowerCC26X2_prcmEnableCacheRetention)
                  00006e90    00000010                      : PowerCC26X2_calibrateRCOSC_helpers.c.obj (.text.PowerCC26X2_readCtrim)
                  00006ea0    00000010                      : PowerCC26X2_calibrateRCOSC_helpers.c.obj (.text.PowerCC26X2_readCtrimFract)
                  00006eb0    00000010                      : PowerCC26X2_calibrateRCOSC_helpers.c.obj (.text.PowerCC26X2_readRtrim)
                  00006ec0    00000010                      : PowerCC26X2_helpers.c.obj (.text.PowerCC26X2_switchToTCXO)
                  00006ed0    00000010                      : PowerCC26X2.c.obj (.text.Power_getDependencyCount)
                  00006ee0    00000010     ssd1306.o (.text.SSD1306_SetPosition)
                  00006ef0    00000010     ti_sysbios_config.o (.text.SwiP_Params_init)
                  00006f00    00000010     ti_sysbios_config.o (.text.ti_sysbios_family_arm_cc26xx_Timer_dynamicStub)
                  00006f10    00000010     ti_sysbios_config.o (.text.ti_sysbios_family_arm_m3_Hwi_excHandler)
                  00006f20    00000010     libc.a : copy_zero_init.c.obj (.text:decompress:ZI)
                  00006f30    0000000e     Ethernet.o (.text.Ethernet_begin_mac_ip_dns_gateway)
                  00006f3e    0000000e     drivers_cc26x2.a : PowerCC26X2.c.obj (.text.OUTLINED_FUNCTION_0)
                  00006f4c    0000000e     w5500.o (.text.W5500_readSn)
                  00006f5a    0000000e     drivers_cc26x2.a : PowerCC26X2.c.obj (.text.switchToTCXO)
                  00006f68    0000000e     ti_sysbios_config.o (.text.ti_sysbios_gates_GateMutex_leave)
                  00006f76    0000000e     libc.a : memset_t2.S.obj (.text:TI_memset_small)
                  00006f84    0000000e            : copy_decompress_none.c.obj (.text:decompress:none)
                  00006f92    00000002     --HOLE-- [fill = 0]
                  00006f94    0000000c     ti_sysbios_config.o (.text.BIOS_linkedWithIncorrectBootLibrary)
                  00006fa0    0000000c     ti_sysbios_config.o (.text.BIOS_start)
                  00006fac    0000000c     Ethernet.o (.text.Ethernet_begin_mac_ip)
                  00006fb8    0000000c     Ethernet.o (.text.Ethernet_localIP)
                  00006fc4    0000000c     ti_sysbios_config.o (.text.HwiP_disable)
                  00006fd0    0000000c     drivers_cc26x2.a : I2C.c.obj (.text.I2C_Params_init)
                  00006fdc    0000000c     driverlib.lib : cpu.o (.text.NOROM_CPUcpsid)
                  00006fe8    0000000c                   : cpu.o (.text.NOROM_CPUcpsie)
                  00006ff4    0000000c     drivers_cc26x2.a : I2CCC26XX.c.obj (.text.OUTLINED_FUNCTION_0)
                  00007000    0000000c     Dhcp.o (.text.OUTLINED_FUNCTION_2)
                  0000700c    0000000c     drivers_cc26x2.a : PowerCC26X2_helpers.c.obj (.text.PowerCC26X2_oscClockSourceGet)
                  00007018    0000000c                      : PowerCC26X2_helpers.c.obj (.text.PowerCC26X2_setPeriphDeepSleepEnable)
                  00007024    0000000c                      : PowerCC26X2_helpers.c.obj (.text.PowerCC26X2_sysCtrlGetResetSource)
                  00007030    0000000c                      : PowerCC26X2_helpers.c.obj (.text.PowerCC26X2_sysCtrlVoltageConditionalControl)
                  0000703c    0000000c                      : PowerCC26X2.c.obj (.text.Power_getConstraintMask)
                  00007048    0000000c                      : SPI.c.obj (.text.SPI_Params_init)
                  00007054    0000000c     w5500.o (.text.W5500_readSIPR)
                  00007060    0000000c     w5500.o (.text.W5500_writeGAR)
                  0000706c    0000000c     w5500.o (.text.W5500_writeSHAR)
                  00007078    0000000c     w5500.o (.text.W5500_writeSIPR)
                  00007084    0000000c     w5500.o (.text.W5500_writeSUBR)
                  00007090    0000000c     libc.a : _lock.c.obj (.text._register_lock)
                  0000709c    0000000c            : _lock.c.obj (.text._register_unlock)
                  000070a8    0000000c     drivers_cc26x2.a : SPICC26X2DMA.c.obj (.text.spiPostNotify)
                  000070b4    0000000c     ti_sysbios_config.o (.text.ti_sysbios_heaps_HeapMem_init)
                  000070c0    0000000c     ti_sysbios_config.o (.text.ti_sysbios_knl_ClockSupport_setNextTick)
                  000070cc    0000000c     ti_sysbios_config.o (.text.ti_sysbios_knl_Clock_tick)
                  000070d8    0000000c     ti_sysbios_config.o (.text.ti_sysbios_knl_Task_Params_init)
                  000070e4    0000000a     ti_sysbios_config.o (.text.ClockP_Params_init)
                  000070ee    0000000a     drivers_cc26x2.a : I2CCC26XX.c.obj (.text.I2CMasterControl)
                  000070f8    0000000a                      : SPICC26X2DMA.c.obj (.text.OUTLINED_FUNCTION_2)
                  00007102    0000000a     rf_multiMode_cc26x2.a : RFCC26X2_multiMode.c.cc26x2.ticlang.o (.text.OUTLINED_FUNCTION_5)
                  0000710c    0000000a     drivers_cc26x2.a : PowerCC26X2_helpers.c.obj (.text.PowerCC26X2_sysCtrlStandby)
                  00007116    0000000a                      : SPICC26X2DMA.c.obj (.text.SPICC26X2DMA_init)
                  00007120    0000000a     ti_sysbios_config.o (.text.SemaphoreP_pend)
                  0000712a    0000000a     drivers_cc26x2.a : UDMACC26XX.c.obj (.text.UDMACC26XX_hwiIntFxn)
                  00007134    0000000a     w5500.o (.text.W5500_writeSnDIPR)
                  0000713e    0000000a     ArduinoCompatibility.o (.text.delay)
                  00007148    00000008     drivers_cc26x2.a : I2CCC26XX.c.obj (.text.I2CCC26XX_blockingCallback)
                  00007150    00000008                      : I2CCC26XX.c.obj (.text.I2CSupport_masterFinish)
                  00007158    00000008     driverlib.lib : cpu.o (.text.NOROM_CPUdelay)
                  00007160    00000008     Dhcp.o (.text.OUTLINED_FUNCTION_1)
                  00007168    00000008     drivers_cc26x2.a : SPICC26X2DMA.c.obj (.text.OUTLINED_FUNCTION_1)
                  00007170    00000008                      : PowerCC26X2_helpers.c.obj (.text.PowerCC26X2_oschfTrySwitchToXosc)
                  00007178    00000008     w5500.o (.text.W5500_writeSnCR)
                  00007180    00000008     w5500.o (.text.W5500_writeSnIR)
                  00007188    00000008     w5500.o (.text.W5500_writeSnMR)
                  00007190    00000008     libc.a : aeabi_portable.c.obj (.text.__aeabi_errno_addr)
                  00007198    00000008     drivers_cc26x2.a : SPICC26X2DMA.c.obj (.text.blockingTransferCallback)
                  000071a0    00000008     SPIfg.o (.text.resetSS)
                  000071a8    00000008     SPIfg.o (.text.setSS)
                  000071b0    00000008     ti_sysbios_config.o (.text.ti_sysbios_runtime_System_exit)
                  000071b8    00000006     ti_sysbios_config.o (.text.ClockP_stop)
                  000071be    00000006     EthernetUdp.o (.text.EthernetUDP_begin_init)
                  000071c4    00000006     EthernetUdp.o (.text.EthernetUDP_endPacket)
                  000071ca    00000006     ti_sysbios_config.o (.text.HwiP_restore)
                  000071d0    00000006     drivers_cc26x2.a : I2CCC26XX.c.obj (.text.I2CSupport_powerRelConstraint)
                  000071d6    00000006                      : I2CCC26XX.c.obj (.text.I2CSupport_powerSetConstraint)
                  000071dc    00000006     Dhcp.o (.text.OUTLINED_FUNCTION_0)
                  000071e2    00000006     Dhcp.o (.text.OUTLINED_FUNCTION_3)
                  000071e8    00000006     drivers_cc26x2.a : SPI.c.obj (.text.SPI_transfer)
                  000071ee    00000006     w5500.o (.text.W5500_readSnCR)
                  000071f4    00000006     w5500.o (.text.W5500_readSnIR)
                  000071fa    00000006     w5500.o (.text.W5500_readSnSR)
                  00007200    00000006     ArduinoCompatibility.o (.text.random)
                  00007206    00000006     ti_sysbios_config.o (.text.ti_sysbios_family_arm_m3_Hwi_destruct)
                  0000720c    00000006     ti_sysbios_config.o (.text.ti_sysbios_family_arm_m3_Hwi_doSwiRestore)
                  00007212    00000006     ti_sysbios_config.o (.text.ti_sysbios_family_arm_m3_Hwi_doTaskRestore)
                  00007218    00000006     ti_sysbios_config.o (.text.ti_sysbios_knl_Idle_loop)
                  0000721e    00000006     ti_sysbios_config.o (.text.ti_sysbios_knl_Swi_startup)
                  00007224    00000004     ti_sysbios_config.o (.text.ClockP_start)
                  00007228    00000004     EthernetUdp.o (.text.EthernetUDP_available)
                  0000722c    00000004     EthernetUdp.o (.text.EthernetUDP_remotePort)
                  00007230    00000004     ti_sysbios_config.o (.text.HwiP_destruct)
                  00007234    00000004     ti_sysbios_config.o (.text.HwiP_disableInterrupt)
                  00007238    00000004     ti_sysbios_config.o (.text.HwiP_enableInterrupt)
                  0000723c    00000004     drivers_cc26x2.a : PowerCC26X2_helpers.c.obj (.text.PowerCC26X2_oschfSwitchToRcosc)
                  00007240    00000004                      : PowerCC26X2_helpers.c.obj (.text.PowerCC26X2_sysCtrlIdle)
                  00007244    00000004                      : PowerCC26X2_helpers.c.obj (.text.PowerCC26X2_turnOnXosc)
                  00007248    00000004     ti_sysbios_config.o (.text.ResetISR)
                  0000724c    00000004     ti_sysbios_config.o (.text.SemaphoreP_destruct)
                  00007250    00000004     ti_sysbios_config.o (.text.SemaphoreP_post)
                  00007254    00000004     ti_sysbios_config.o (.text.SwiP_destruct)
                  00007258    00000004     ti_sysbios_config.o (.text.SwiP_or)
                  0000725c    00000004     ti_sysbios_config.o (.text.SwiP_post)
                  00007260    00000004     w5500.o (.text.W5500_getIPAddress)
                  00007264    00000004     w5500.o (.text.W5500_setGatewayIp)
                  00007268    00000004     w5500.o (.text.W5500_setIPAddress)
                  0000726c    00000004     w5500.o (.text.W5500_setMACAddress)
                  00007270    00000004     w5500.o (.text.W5500_setSubnetMask)
                  00007274    00000004     ti_sysbios_config.o (.text._system_post_cinit)
                  00007278    00000004     ti_sysbios_config.o (.text._system_pre_init)
                  0000727c    00000004     drivers_cc26x2.a : PowerCC26X2.c.obj (.text.configureRFCoreClocks)
                  00007280    00000004                      : PowerCC26X2.c.obj (.text.nopResourceHandler)
                  00007284    00000004     ti_sysbios_config.o (.text.ti_sysbios_heaps_HeapMem_isBlocking)
                  00007288    00000004     libclang_rt.builtins.a : aeabi_memcpy.S.obj (.text)

.rodata    0    00007290    00000cfc     
                  00007290    000005d0     ti_sysbios_config.o (.rodata.str1.1)
                  00007860    000001e0     ssd1306.o (.rodata.FONTS)
                  00007a40    0000008d     ti_sysbios_config.o (.rodata.ti_sysbios_heaps_HeapMem_alloc.err)
                  00007acd    00000089     ti_sysbios_config.o (.rodata.ti_sysbios_family_arm_m3_Hwi_Instance_init.err.1)
                  00007b56    00000089     ti_sysbios_config.o (.rodata.ti_sysbios_runtime_Memory_alloc.err)
                  00007bdf    00000086     ti_sysbios_config.o (.rodata.ti_sysbios_family_arm_m3_Hwi_Instance_init.err)
                  00007c65    00000001     ti_drivers_config.o (.rodata.GPIO_pinLowerBound)
                  00007c66    00000001     ti_drivers_config.o (.rodata.GPIO_pinUpperBound)
                  00007c67    00000001     ti_drivers_config.o (.rodata.I2C_count)
                  00007c68    00000070     driverlib.lib : osc.o (.rodata..L__const.NOROM_OSC_HPOSC_Debug_InitFreqOffsetParams.hposcParm)
                  00007cd8    0000006b     gui.o (.rodata.str1.1)
                  00007d43    00000001     ti_drivers_config.o (.rodata.SPI_count)
                  00007d44    00000054     drivers_cc26x2.a : PowerCC26X2.c.obj (.rodata.resourceDB)
                  00007d98    00000040     ti_drivers_config.o (.rodata.spiCC26X2DMAHWAttrs)
                  00007dd8    00000024     ti_sysbios_config.o (.rodata.ti_sysbios_knl_Task_Params_default)
                  00007dfc    00000020     drivers_cc26x2.a : SPI.c.obj (.rodata.SPI_defaultParams)
                  00007e1c    00000020     ssd1306.o (.rodata.SSD1306_InitSequence)
                  00007e3c    0000001c     ti_sysbios_config.o (.rodata.ti_sysbios_family_arm_cc26xx_Timer_Params_default)
                  00007e58    00000018     drivers_cc26x2.a : SPICC26X2DMA.c.obj (.rodata.SPICC26X2DMA_fxnTable)
                  00007e70    00000018                      : SPICC26X2DMA.c.obj (.rodata.cst8)
                  00007e88    00000018                      : SPICC26X2DMA.c.obj (.rodata.frameFormat)
                  00007ea0    00000018     ti_drivers_config.o (.rodata.i2cCC26xxHWAttrs)
                  00007eb8    00000018     ti_sysbios_config.o (.rodata.ti_sysbios_family_arm_m3_Hwi_Params_default)
                  00007ed0    00000014     ti_drivers_config.o (.rodata.PowerCC26X2_config)
                  00007ee4    00000014     ti_sysbios_config.o (.rodata.ti_sysbios_knl_Swi_Params_default)
                  00007ef8    00000010     ti_drivers_config.o (.rodata.GPIO_config)
                  00007f08    00000010     drivers_cc26x2.a : I2CCC26XX.c.obj (.rodata.cst16)
                  00007f18    0000000c     ti_drivers_config.o (.rodata.RFCC26XX_hwAttrs)
                  00007f24    0000000c     ti_drivers_config.o (.rodata.SPI_config)
                  00007f30    0000000c     ti_sysbios_config.o (.rodata.ti_sysbios_heaps_HeapMem_Params_default)
                  00007f3c    0000000c     ti_sysbios_config.o (.rodata.ti_sysbios_knl_Clock_Params_default)
                  00007f48    0000000c     ti_sysbios_config.o (.rodata.ti_sysbios_knl_Semaphore_Params_default)
                  00007f54    0000000a     main.o (.rodata.str1.1)
                  00007f5e    00000001     ti_drivers_config.o (.rodata.TemperatureCC26X2_config)
                  00007f5f    00000001     --HOLE-- [fill = 0]
                  00007f60    00000008     ti_drivers_config.o (.rodata.I2C_config)
                  00007f68    00000008     ti_drivers_config.o (.rodata.UDMACC26XX_config)
                  00007f70    00000008     driverlib.lib : aux_sysif.o (.rodata.cst4)
                  00007f78    00000008     ti_sysbios_config.o (.rodata.ti_sysbios_knl_Idle_funcList)
                  00007f80    00000008     ti_drivers_config.o (.rodata.udmaCC26XXHWAttrs)
                  00007f88    00000004     ti_sysbios_config.o (.rodata.ti_sysbios_family_arm_m3_Hwi_swiTaskKeyAddress)

.bss       0    200000d8    00001492     UNINITIALIZED
                  200000d8    00000401     ssd1306.o (.bss.SSD1306_LcdBufferInclStreamByte)
                  200004d9    00000400     (.common:ti_sysbios_runtime_SysMin_outbuf)
                  200008d9    00000001     --HOLE--
                  200008da    00000002     socket.o (.bss.local_port)
                  200008dc    00000004     driverlib.lib : osc.o (.bss.oscHfGlobals.0)
                  200008e0    000002c0     rf_multiMode_cc26x2.a : RFCC26X2_multiMode.c.cc26x2.ticlang.o (.bss.RF_cmdPool)
                  20000ba0    00000200     (.common:ti_sysbios_knl_Idle_taskStack)
                  20000da0    00000140     (.common:i2cCC26xxObjects)
                  20000ee0    00000120     libsysbm.a : trgmsg.c.obj (.bss:_CIOBUF_)
                  20001000    00000100     (.common:spiCC26X2DMAObjects)
                  20001100    000000d8     (.common:ti_sysbios_family_arm_m3_Hwi_dispatchTable)
                  200011d8    0000007c     (.common:gpioCallbackFunctions)
                  20001254    0000007c     (.common:gpioUserArgs)
                  200012d0    00000060     (.common:ti_sysbios_knl_ClockSupport_timerStruct)
                  20001330    00000058     (.common:ti_sysbios_knl_Idle_taskStruct)
                  20001388    00000030     (.common:ti_sysbios_knl_Swi_readyQs)
                  200013b8    00000030     (.common:ti_sysbios_knl_Task_readyQs)
                  200013e8    0000002c     (.common:BIOS_heapMemObject)
                  20001414    00000028     (.common:BIOS_rtsGate)
                  2000143c    00000028     (.common:ti_sysbios_heaps_HeapMem_gate)
                  20001464    00000024     (.common:initTaskParams)
                  20001488    00000020     (.common:Ethernet)
                  200014a8    00000020     (.common:ti_sysbios_runtime_System_atexitHandlers)
                  200014c8    00000020     (.common:udmaCC26XXObject)
                  200014e8    0000001c     drivers_cc26x2.a : TemperatureCC26X2.c.obj (.bss.batmonHwi)
                  20001504    0000001c                      : GPIOCC26X2.c.obj (.bss.gpioHwi)
                  20001520    00000014     (.common:ti_sysbios_hal_Seconds_Module_state)
                  20001534    00000008                      : TemperatureCC26X2.c.obj (.bss.notificationList)
                  2000153c    00000008     (.common:parmbuf)
                  20001544    00000004     driverlib.lib : osc.o (.bss.oscHfGlobals.2)
                  20001548    00000004                   : osc.o (.bss.oscHfGlobals.3)
                  2000154c    00000004                   : osc.o (.bss.oscHfGlobals.4)
                  20001550    00000004     (.common:PowerCC26XX_swiKey)
                  20001554    00000004     (.common:PowerCC26XX_taskKey)
                  20001558    00000004     (.common:initTaskHandle)
                  2000155c    00000004     (.common:spi)
                  20001560    00000004     (.common:ti_sysbios_family_arm_cc26xx_TimestampProvider_Module_state)
                  20001564    00000004     (.common:ti_sysbios_knl_Task_defaultStackHeap)
                  20001568    00000002     (.common:_counter)

.data      0    20005a50    000004ff     UNINITIALIZED
                  20005a50    00000174     drivers_cc26x2.a : PowerCC26X2.c.obj (.data.PowerCC26X2_module)
                  20005bc4    0000007c     ti_drivers_config.o (.data.gpioPinConfigs)
                  20005c40    00000078     ti_sysbios_config.o (.data..L_MergedGlobals)
                  20005cb8    00000068     rf_multiMode_cc26x2.a : RFCC26X2_multiMode.c.cc26x2.ticlang.o (.data..L_MergedGlobals.1)
                  20005d20    00000068     ti_sysbios_config.o (.data..L_MergedGlobals.70)
                  20005d88    00000068     ti_sysbios_config.o (.data.ti_sysbios_knl_Clock_Module_state)
                  20005df0    00000064     rf_multiMode_cc26x2.a : RFCC26X2_multiMode.c.cc26x2.ticlang.o (.data..L_MergedGlobals.3)
                  20005e54    00000058                           : RFCC26X2_multiMode.c.cc26x2.ticlang.o (.data..L_MergedGlobals.2)
                  20005eac    0000003c     ti_sysbios_config.o (.data.ti_sysbios_knl_Task_Module_state)
                  20005ee8    00000014     ssd1306.o (.data..L_MergedGlobals)
                  20005efc    00000010     Ethernet.o (.data.Ethernet_server_port)
                  20005f0c    00000010     driverlib.lib : osc.o (.data._hposcCoeffs)
                  20005f1c    00000008     rf_multiMode_cc26x2.a : RFCC26X2_multiMode.c.cc26x2.ticlang.o (.data..L_MergedGlobals)
                  20005f24    00000008     ti_sysbios_config.o (.data.ti_sysbios_gates_GateMutex_Module_state)
                  20005f2c    00000008     ti_sysbios_config.o (.data.ti_sysbios_heaps_HeapMem_Module_state)
                  20005f34    00000008     ti_sysbios_config.o (.data.ti_sysbios_knl_Semaphore_Module_state)
                  20005f3c    00000004     drivers_cc26x2.a : TemperatureCC26X2.c.obj (.data..L_MergedGlobals)
                  20005f40    00000004     libc.a : aeabi_portable.c.obj (.data.__aeabi_errno)
                  20005f44    00000004            : _lock.c.obj (.data._lock)
                  20005f48    00000004            : _lock.c.obj (.data._unlock)
                  20005f4c    00000001     drivers_cc26x2.a : GPIOCC26X2.c.obj (.data.initCalled)
                  20005f4d    00000001                      : SPI.c.obj (.data.isInitialized)
                  20005f4e    00000001                      : TemperatureCC26X2.c.obj (.data.isInitialized)

.stack     0    20013a00    00000600     UNINITIALIZED
                  20013a00    00000004     sysbios.a : boot_cortex_m.obj (.stack)
                  20013a04    000005fc     --HOLE--

.priheap   0    20001a50    00004000     UNINITIALIZED
                  20001a50    00004000     --HOLE--

.log_data 
*          0    90000000    00000000     COPY SECTION

.resetVecs 
*          0    00000000    0000003c     
                  00000000    0000003c     ti_sysbios_config.o (.resetVecs)

.vecs      0    20000000    000000d8     NOLOAD SECTION
                  20000000    000000d8     ti_sysbios_config.o (.vecs)

__llvm_prf_cnts 
*          0    20000000    00000000     UNINITIALIZED

__llvm_prf_bits 
*          0    20000000    00000000     UNINITIALIZED

.TI.bound:dmaSpi0RxControlTableEntry 
*          0    20001830    00000010     UNINITIALIZED
                  20001830    00000010     ti_drivers_config.o (.TI.bound:dmaSpi0RxControlTableEntry)

.TI.bound:dmaSpi0TxControlTableEntry 
*          0    20001840    00000010     UNINITIALIZED
                  20001840    00000010     ti_drivers_config.o (.TI.bound:dmaSpi0TxControlTableEntry)

.TI.bound:dmaSpi0RxAltControlTableEntry 
*          0    20001a30    00000010     UNINITIALIZED
                  20001a30    00000010     ti_drivers_config.o (.TI.bound:dmaSpi0RxAltControlTableEntry)

.TI.bound:dmaSpi0TxAltControlTableEntry 
*          0    20001a40    00000010     UNINITIALIZED
                  20001a40    00000010     ti_drivers_config.o (.TI.bound:dmaSpi0TxAltControlTableEntry)

.args      0    00007f8c    00000008     
                  00007f8c    00000008     --HOLE-- [fill = 0]

MODULE SUMMARY

       Module                                     code    ro data   rw data
       ------                                     ----    -------   -------
    .\
       main.o                                     204     10        40     
       main_tirtos.o                              0       0         2      
    +--+------------------------------------------+-------+---------+---------+
       Total:                                     204     10        42     
                                                                           
    .\source\driverlib\ssd1306\
       ssd1306.o                                  642     512       1045   
    +--+------------------------------------------+-------+---------+---------+
       Total:                                     642     512       1045   
                                                                           
    .\source\driverlib\w5500\
       w5500.o                                    892     0         0      
    +--+------------------------------------------+-------+---------+---------+
       Total:                                     892     0         0      
                                                                           
    .\source\ethernet\
       Dhcp.o                                     1336    0         0      
       EthernetUdp.o                              338     0         0      
       socket.o                                   310     0         2      
       Ethernet.o                                 216     0         48     
       SPIfg.o                                    200     0         4      
       IPAddress.o                                150     0         0      
       ArduinoCompatibility.o                     88      0         0      
    +--+------------------------------------------+-------+---------+---------+
       Total:                                     2638    0         54     
                                                                           
    .\source\oled_gui\
       gui.o                                      344     107       0      
    +--+------------------------------------------+-------+---------+---------+
       Total:                                     344     107       0      
                                                                           
    .\syscfg\
       ti_sysbios_config.o                        7986    2253      2852   
       ti_drivers_config.o                        244     177       1044   
       ti_devices_config.o                        0       88        0      
    +--+------------------------------------------+-------+---------+---------+
       Total:                                     8230    2518      3896   
                                                                           
    C:/ti/simplelink_cc13xx_cc26xx_sdk_6_30_01_03/kernel/tirtos7/packages/ti/sysbios/lib/ticlang/m4f/sysbios.a
       Hwi_asm_gnu.obj                            324     0         0      
       Hwi_asm_switch_gnu.obj                     118     0         0      
       TaskSupport_asm_gnu.obj                    64      0         0      
       boot_cortex_m.obj                          52      0         0      
    +--+------------------------------------------+-------+---------+---------+
       Total:                                     558     0         0      
                                                                           
    C:/ti/simplelink_cc13xx_cc26xx_sdk_6_30_01_03/source/ti/devices/cc13x2_cc26x2/driverlib/bin/ticlang/driverlib.lib
       osc.o                                      2542    112       32     
       sys_ctrl.o                                 432     0         0      
       setup.o                                    424     0         0      
       prcm.o                                     136     0         0      
       chipinfo.o                                 128     0         0      
       aux_sysif.o                                72      8         0      
       cpu.o                                      32      0         0      
    +--+------------------------------------------+-------+---------+---------+
       Total:                                     3766    120       32     
                                                                           
    C:/ti/simplelink_cc13xx_cc26xx_sdk_6_30_01_03/source/ti/drivers/lib/ticlang/m4f/drivers_cc26x2.a
       SPICC26X2DMA.c.obj                         2868    72        0      
       PowerCC26X2.c.obj                          1722    84        372    
       I2CCC26XX.c.obj                            994     16        0      
       PowerCC26X2_calibrateRCOSC.c.obj           836     0         0      
       TemperatureCC26X2.c.obj                    672     0         41     
       PowerCC26X2_calibrateRCOSC_helpers.c.obj   432     0         0      
       I2C.c.obj                                  366     0         0      
       GPIOCC26X2.c.obj                           328     0         29     
       PowerCC26X2_helpers.c.obj                  282     0         0      
       GPIOCC26XX.c.obj                           276     0         0      
       SPI.c.obj                                  150     32        1      
       UDMACC26XX.c.obj                           166     0         0      
       GPIO.c.obj                                 124     0         0      
       List.c.obj                                 76      0         0      
    +--+------------------------------------------+-------+---------+---------+
       Total:                                     9292    204       443    
                                                                           
    C:/ti/simplelink_cc13xx_cc26xx_sdk_6_30_01_03/source/ti/drivers/rf/lib/ticlang/m4f/rf_multiMode_cc26x2.a
       RFCC26X2_multiMode.c.cc26x2.ticlang.o      966     0         1004   
       rfc.c.cc26x2.ticlang.o                     64      0         0      
    +--+------------------------------------------+-------+---------+---------+
       Total:                                     1030    0         1004   
                                                                           
    C:\ti\ccs1210\ccs\tools\compiler\ti-cgt-armllvm_2.1.2.LTS\lib\armv7em-ti-none-eabihf/c/libc.a
       copy_decompress_lzss.c.obj                 106     0         0      
       autoinit.c.obj                             56      0         0      
       _lock.c.obj                                26      0         8      
       args_main.c.obj                            20      0         0      
       memcpy_t2.S.obj                            18      0         0      
       copy_zero_init.c.obj                       16      0         0      
       copy_decompress_none.c.obj                 14      0         0      
       memset_t2.S.obj                            14      0         0      
       aeabi_portable.c.obj                       8       0         4      
    +--+------------------------------------------+-------+---------+---------+
       Total:                                     278     0         12     
                                                                           
    C:\ti\ccs1210\ccs\tools\compiler\ti-cgt-armllvm_2.1.2.LTS\lib\armv7em-ti-none-eabihf/c/libsysbm.a
       trgmsg.c.obj                               100     0         288    
       hostwrite.c.obj                            84      0         0      
       hostopen.c.obj                             0       0         8      
    +--+------------------------------------------+-------+---------+---------+
       Total:                                     184     0         296    
                                                                           
    C:\ti\ccs1210\ccs\tools\compiler\ti-cgt-armllvm_2.1.2.LTS\lib\clang/14.0.6/lib/armv7em-ti-none-eabihf/libclang_rt.builtins.a
       adddf3.S.obj                               438     0         0      
       divdf3.S.obj                               310     0         0      
       udivmoddi4.S.obj                           176     0         0      
       divmoddi4.c.obj                            92      0         0      
       fixunsdfsi.S.obj                           68      0         0      
       floatunsidf.S.obj                          32      0         0      
       aeabi_ldivmod.S.obj                        20      0         0      
       aeabi_memset.S.obj                         20      0         0      
       aeabi_uldivmod.S.obj                       20      0         0      
       aeabi_memcpy.S.obj                         4       0         0      
       aeabi_div0.c.obj                           2       0         0      
    +--+------------------------------------------+-------+---------+---------+
       Total:                                     1182    0         0      
                                                                           
       Stack:                                     0       0         1536   
       Linker Generated:                          0       297       0      
    +--+------------------------------------------+-------+---------+---------+
       Grand Total:                               29240   3768      8360   


LINKER GENERATED COPY TABLES

__TI_cinit_table @ 00008090 records: 6, size/record: 8, table size: 48
	.data: load addr=00007f94, load size=000000c5 bytes, run addr=20005a50, run size=000004ff bytes, compression=lzss
	.TI.bound:dmaSpi0RxAltControlTableEntry: load addr=00008068, load size=00000008 bytes, run addr=20001a30, run size=00000010 bytes, compression=zero_init
	.TI.bound:dmaSpi0RxControlTableEntry: load addr=00008070, load size=00000008 bytes, run addr=20001830, run size=00000010 bytes, compression=zero_init
	.TI.bound:dmaSpi0TxAltControlTableEntry: load addr=00008078, load size=00000008 bytes, run addr=20001a40, run size=00000010 bytes, compression=zero_init
	.TI.bound:dmaSpi0TxControlTableEntry: load addr=00008080, load size=00000008 bytes, run addr=20001840, run size=00000010 bytes, compression=zero_init
	.bss: load addr=00008088, load size=00000008 bytes, run addr=200000d8, run size=00001492 bytes, compression=zero_init


LINKER GENERATED HANDLER TABLE

__TI_handler_table @ 0000805c records: 3, size/record: 4, table size: 12
	index: 0, handler: __TI_decompress_lzss
	index: 1, handler: __TI_decompress_none
	index: 2, handler: __TI_zero_init


GLOBAL SYMBOLS: SORTED ALPHABETICALLY BY Name 

address   name                                                               
-------   ----                                                               
20005d20  BIOS_Module_state                                                  
00004cf9  BIOS_atExitFunc                                                    
00006b4d  BIOS_exitFunc                                                      
200013e8  BIOS_heapMemObject                                                 
00004a6d  BIOS_init                                                          
00006f95  BIOS_linkedWithIncorrectBootLibrary                                
0000062b  BIOS_nullFunc                                                      
00006269  BIOS_registerRTSLock                                               
00006449  BIOS_removeRTSLock                                                 
20001414  BIOS_rtsGate                                                       
000068f1  BIOS_rtsLock                                                       
00006b65  BIOS_rtsUnlock                                                     
00006fa1  BIOS_start                                                         
00004859  BIOS_startFunc                                                     
0000646d  Board_init                                                         
00001803  Board_initHook                                                     
000047bd  Board_sendExtFlashByte                                             
0000467d  Board_shutDownExtFlash                                             
00005c95  Board_wakeUpExtFlash                                               
00005ab7  C$$IO$$                                                            
000070e5  ClockP_Params_init                                                 
00005cc5  ClockP_construct                                                   
00006df1  ClockP_getCpuFreq                                                  
00004b8d  ClockP_getSystemTickPeriod                                         
00007225  ClockP_start                                                       
000071b9  ClockP_stop                                                        
00004d3d  DHCP_beginWithDHCP                                                 
00006e01  DHCP_getDnsServerIp                                                
00006e11  DHCP_getGatewayIp                                                  
00006e21  DHCP_getLocalIp                                                    
00006e31  DHCP_getSubnetMask                                                 
000008f5  DHCP_parseDHCPResponse                                             
000066ef  DHCP_printByte                                                     
00001ffd  DHCP_request_DHCP_lease                                            
00001165  DHCP_send_DHCP_MESSAGE                                             
20001488  Ethernet                                                           
00007229  EthernetUDP_available                                              
00004ab5  EthernetUDP_begin                                                  
00006d85  EthernetUDP_beginPacket_ip                                         
000071bf  EthernetUDP_begin_init                                             
000071c5  EthernetUDP_endPacket                                              
00006d97  EthernetUDP_flush                                                  
00005139  EthernetUDP_parsePacket                                            
00006141  EthernetUDP_read                                                   
0000616b  EthernetUDP_read_buf                                               
0000722d  EthernetUDP_remotePort                                             
00006491  EthernetUDP_stop                                                   
00006a95  EthernetUDP_write                                                  
00003d19  Ethernet_begin_mac                                                 
00006fad  Ethernet_begin_mac_ip                                              
00006da9  Ethernet_begin_mac_ip_dns                                          
00006f31  Ethernet_begin_mac_ip_dns_gateway                                  
000059bd  Ethernet_begin_mac_ip_dns_gateway_subnet                           
00006fb9  Ethernet_localIP                                                   
20005efc  Ethernet_server_port                                               
00007ef8  GPIO_config                                                        
00006b7d  GPIO_disableInt                                                    
00006e41  GPIO_getUserArg                                                    
00004d81  GPIO_hwiIntFxn                                                     
00002219  GPIO_init                                                          
00007c65  GPIO_pinLowerBound                                                 
00007c66  GPIO_pinUpperBound                                                 
00006c81  GPIO_read                                                          
000053f9  GPIO_resetConfig                                                   
0000690d  GPIO_setCallback                                                   
0000355d  GPIO_setConfig                                                     
00005cf5  GPIO_setInterruptConfig                                            
00006929  GPIO_setMux                                                        
00006c95  GPIO_setUserArg                                                    
00006e51  GPIO_write                                                         
00005435  GUI_ChangeDeviceIp                                                 
00004dc5  GUI_ChangeRx                                                       
00005471  GUI_ChangeTargetIp                                                 
00003275  GUI_Init                                                           
00004000  HEAPSIZE                                                           
000044d9  HOSTwrite                                                          
00006e61  HwiP_Params_init                                                   
00006711  HwiP_clearInterrupt                                                
000054ad  HwiP_construct                                                     
00007231  HwiP_destruct                                                      
00006fc5  HwiP_disable                                                       
00007235  HwiP_disableInterrupt                                              
00007239  HwiP_enableInterrupt                                               
000071cb  HwiP_restore                                                       
00007151  I2CSupport_masterFinish                                            
000071d1  I2CSupport_powerRelConstraint                                      
000071d7  I2CSupport_powerSetConstraint                                      
00003e5d  I2CSupport_primeTransfer                                           
00006fd1  I2C_Params_init                                                    
00006291  I2C_cancel                                                         
00007f60  I2C_config                                                         
00007c67  I2C_count                                                          
00001a5f  I2C_init                                                           
00001591  I2C_open                                                           
00006dbb  I2C_transfer                                                       
00001939  I2C_transferTimeout                                                
00006dcd  IPAddress_Init_str                                                 
000036fd  IPAddress_toString                                                 
UNDEFED   ITM_flush                                                          
UNDEFED   ITM_restore                                                        
000034cd  InitTask                                                           
000064b5  List_put                                                           
000062b9  List_remove                                                        
00004afd  NOROM_AUXSYSIFOpModeChange                                         
00006fdd  NOROM_CPUcpsid                                                     
00006fe9  NOROM_CPUcpsie                                                     
00007159  NOROM_CPUdelay                                                     
00004629  NOROM_ChipInfo_GetHwRevision                                       
00002d0b  NOROM_OSCHF_AttemptToSwitchToXosc                                  
000038fd  NOROM_OSCHF_SwitchToRcOscTurnOffXosc                               
00006195  NOROM_OSCHF_TurnOnXosc                                             
00003975  NOROM_OSC_CapArrayAdjustWorkaround_Boot                            
00002c55  NOROM_OSC_HPOSCInitializeFrequencyOffsetParameters                 
000048a5  NOROM_OSC_HPOSCRelativeFrequencyOffsetGet                          
00004e09  NOROM_PRCMPowerDomainsAllOff                                       
00004e4d  NOROM_PRCMPowerDomainsAllOn                                        
00006731  NOROM_RFCDoorbellSendTo                                            
00006751  NOROM_RFCOverrideSearch                                            
000024f9  NOROM_SetupTrimDevice                                              
000054e9  NOROM_SysCtrlIdle                                                  
00003781  NOROM_SysCtrlSetRechargeBeforePowerDown                            
0000231d  NOROM_SysCtrlStandby                                               
00005ea5  NOROM_ThisLibraryIsFor_CC13x2_CC26x2_HwRev20AndLater_HaltIfViolated
[...]
00006929  GPIO_setMux                                                        
00006945  Power_getTransitionLatency                                         
00006961  SSD1306_UpdateScreen                                               
0000697d  W5500_writeSnDPORT                                                 
00006999  W5500_writeSnPORT                                                  
000069b5  W5500_writeSnRX_RD                                                 
000069d1  W5500_writeSnTX_WR                                                 
00006a25  ti_sysbios_knl_Idle_run                                            
00006a41  ti_sysbios_knl_Queue_put                                           
00006a5d  ti_sysbios_knl_Swi_construct                                       
00006a79  ti_sysbios_knl_Swi_destruct                                        
00006a95  EthernetUDP_write                                                  
00006ac9  W5500_readSnRX_RD                                                  
00006ae3  W5500_readSnRX_RSR                                                 
00006afd  W5500_readSnTX_FSR                                                 
00006b17  W5500_readSnTX_WR                                                  
00006b31  ti_sysbios_knl_Task_sleepTimeout                                   
00006b4d  BIOS_exitFunc                                                      
00006b65  BIOS_rtsUnlock                                                     
00006b7d  GPIO_disableInt                                                    
00006b95  PowerCC26XX_calibrate                                              
00006bad  Power_idleFunc                                                     
00006bc5  ti_sysbios_knl_Clock_scheduleNextTick                              
00006bdd  ti_sysbios_knl_Swi_construct2                                      
00006bf5  ti_sysbios_knl_Swi_or                                              
00006c0d  ti_sysbios_knl_TaskSupport_glue                                    
00006c25  ti_sysbios_knl_Task_unblock                                        
00006c3d  W5500_read_data                                                    
00006c53  close                                                              
00006c69  ti_sysbios_knl_Clock_start                                         
00006c81  GPIO_read                                                          
00006c95  GPIO_setUserArg                                                    
00006cd1  Temperature_getTemperature                                         
00006ce5  W5500_execCmdSn                                                    
00006cf9  W5500_writeSn                                                      
00006d0d  W5500_writeSn_buf                                                  
00006d21  _args_main                                                         
00006d35  ti_sysbios_family_arm_m3_Hwi_switchFromBootStack                   
00006d49  __aeabi_ldivmod                                                    
00006d5d  __aeabi_memset                                                     
00006d5d  __aeabi_memset4                                                    
00006d5d  __aeabi_memset8                                                    
00006d69  __aeabi_memclr                                                     
00006d69  __aeabi_memclr4                                                    
00006d69  __aeabi_memclr8                                                    
00006d71  __aeabi_uldivmod                                                   
00006d85  EthernetUDP_beginPacket_ip                                         
00006d97  EthernetUDP_flush                                                  
00006da9  Ethernet_begin_mac_ip_dns                                          
00006dbb  I2C_transfer                                                       
00006dcd  IPAddress_Init_str                                                 
00006ddf  TI_memcpy_small                                                    
00006df1  ClockP_getCpuFreq                                                  
00006e01  DHCP_getDnsServerIp                                                
00006e11  DHCP_getGatewayIp                                                  
00006e21  DHCP_getLocalIp                                                    
00006e31  DHCP_getSubnetMask                                                 
00006e41  GPIO_getUserArg                                                    
00006e51  GPIO_write                                                         
00006e61  HwiP_Params_init                                                   
00006e71  PowerCC26X2_oscCtlClearXtal                                        
00006e81  PowerCC26X2_prcmEnableCacheRetention                               
00006e91  PowerCC26X2_readCtrim                                              
00006ea1  PowerCC26X2_readCtrimFract                                         
00006eb1  PowerCC26X2_readRtrim                                              
00006ec1  PowerCC26X2_switchToTCXO                                           
00006ed1  Power_getDependencyCount                                           
00006ee1  SSD1306_SetPosition                                                
00006ef1  SwiP_Params_init                                                   
00006f01  ti_sysbios_family_arm_cc26xx_Timer_dynamicStub                     
00006f11  ti_sysbios_family_arm_m3_Hwi_excHandler                            
00006f21  __TI_zero_init                                                     
00006f31  Ethernet_begin_mac_ip_dns_gateway                                  
00006f4d  W5500_readSn                                                       
00006f69  ti_sysbios_gates_GateMutex_leave                                   
00006f77  TI_memset_small                                                    
00006f85  __TI_decompress_none                                               
00006f95  BIOS_linkedWithIncorrectBootLibrary                                
00006fa1  BIOS_start                                                         
00006fad  Ethernet_begin_mac_ip                                              
00006fb9  Ethernet_localIP                                                   
00006fc5  HwiP_disable                                                       
00006fd1  I2C_Params_init                                                    
00006fdd  NOROM_CPUcpsid                                                     
00006fe9  NOROM_CPUcpsie                                                     
0000700d  PowerCC26X2_oscClockSourceGet                                      
00007019  PowerCC26X2_setPeriphDeepSleepEnable                               
00007025  PowerCC26X2_sysCtrlGetResetSource                                  
00007031  PowerCC26X2_sysCtrlVoltageConditionalControl                       
0000703d  Power_getConstraintMask                                            
00007049  SPI_Params_init                                                    
00007055  W5500_readSIPR                                                     
00007061  W5500_writeGAR                                                     
0000706d  W5500_writeSHAR                                                    
00007079  W5500_writeSIPR                                                    
00007085  W5500_writeSUBR                                                    
00007091  _register_lock                                                     
0000709d  _register_unlock                                                   
000070b5  ti_sysbios_heaps_HeapMem_init                                      
000070c1  ti_sysbios_knl_ClockSupport_setNextTick                            
000070cd  ti_sysbios_knl_Clock_tick                                          
000070d9  ti_sysbios_knl_Task_Params_init                                    
000070e5  ClockP_Params_init                                                 
0000710d  PowerCC26X2_sysCtrlStandby                                         
00007117  SPICC26X2DMA_init                                                  
00007121  SemaphoreP_pend                                                    
0000712b  UDMACC26XX_hwiIntFxn                                               
00007135  W5500_writeSnDIPR                                                  
0000713f  delay                                                              
00007151  I2CSupport_masterFinish                                            
00007159  NOROM_CPUdelay                                                     
00007171  PowerCC26X2_oschfTrySwitchToXosc                                   
00007179  W5500_writeSnCR                                                    
00007181  W5500_writeSnIR                                                    
00007189  W5500_writeSnMR                                                    
00007191  __aeabi_errno_addr                                                 
000071a1  resetSS                                                            
000071a9  setSS                                                              
000071b1  ti_sysbios_runtime_System_exit                                     
000071b9  ClockP_stop                                                        
000071bf  EthernetUDP_begin_init                                             
000071c5  EthernetUDP_endPacket                                              
000071cb  HwiP_restore                                                       
000071d1  I2CSupport_powerRelConstraint                                      
000071d7  I2CSupport_powerSetConstraint                                      
000071e9  SPI_transfer                                                       
000071ef  W5500_readSnCR                                                     
000071f5  W5500_readSnIR                                                     
000071fb  W5500_readSnSR                                                     
00007201  random                                                             
00007207  ti_sysbios_family_arm_m3_Hwi_destruct                              
0000720d  ti_sysbios_family_arm_m3_Hwi_doSwiRestore                          
00007213  ti_sysbios_family_arm_m3_Hwi_doTaskRestore                         
00007219  ti_sysbios_knl_Idle_loop                                           
0000721f  ti_sysbios_knl_Swi_startup                                         
00007225  ClockP_start                                                       
00007229  EthernetUDP_available                                              
0000722d  EthernetUDP_remotePort                                             
00007231  HwiP_destruct                                                      
00007235  HwiP_disableInterrupt                                              
00007239  HwiP_enableInterrupt                                               
0000723d  PowerCC26X2_oschfSwitchToRcosc                                     
00007241  PowerCC26X2_sysCtrlIdle                                            
00007245  PowerCC26X2_turnOnXosc                                             
00007249  ResetISR                                                           
0000724d  SemaphoreP_destruct                                                
00007251  SemaphoreP_post                                                    
00007255  SwiP_destruct                                                      
00007259  SwiP_or                                                            
0000725d  SwiP_post                                                          
00007261  W5500_getIPAddress                                                 
00007265  W5500_setGatewayIp                                                 
00007269  W5500_setIPAddress                                                 
0000726d  W5500_setMACAddress                                                
00007271  W5500_setSubnetMask                                                
00007275  _system_post_cinit                                                 
00007279  _system_pre_init                                                   
00007285  ti_sysbios_heaps_HeapMem_isBlocking                                
00007289  __aeabi_memcpy                                                     
00007289  __aeabi_memcpy4                                                    
00007289  __aeabi_memcpy8                                                    
00007c65  GPIO_pinLowerBound                                                 
00007c66  GPIO_pinUpperBound                                                 
00007c67  I2C_count                                                          
00007d43  SPI_count                                                          
00007d44  resourceDB                                                         
00007d98  spiCC26X2DMAHWAttrs                                                
00007dfc  SPI_defaultParams                                                  
00007e1c  SSD1306_InitSequence                                               
00007e58  SPICC26X2DMA_fxnTable                                              
00007ea0  i2cCC26xxHWAttrs                                                   
00007ed0  PowerCC26X2_config                                                 
00007ef8  GPIO_config                                                        
00007f18  RFCC26XX_hwAttrs                                                   
00007f24  SPI_config                                                         
00007f5e  TemperatureCC26X2_config                                           
00007f60  I2C_config                                                         
00007f68  UDMACC26XX_config                                                  
00007f78  ti_sysbios_knl_Idle_funcList                                       
00007f80  udmaCC26XXHWAttrs                                                  
00007f88  ti_sysbios_family_arm_m3_Hwi_swiTaskKeyAddress                     
00007f8c  __c_args__                                                         
0000805c  __TI_Handler_Table_Base                                            
00008068  __TI_Handler_Table_Limit                                           
00008090  __TI_CINIT_Base                                                    
000080c0  __TI_CINIT_Limit                                                   
000080c0  __TI_CINIT_Warm                                                    
0004ffa8  __ccfg                                                             
20000000  __start___llvm_prf_bits                                            
20000000  __start___llvm_prf_cnts                                            
20000000  __stop___llvm_prf_bits                                             
20000000  __stop___llvm_prf_cnts                                             
20000000  ti_sysbios_family_arm_m3_Hwi_ramVectors                            
200004d9  ti_sysbios_runtime_SysMin_outbuf                                   
20000ba0  ti_sysbios_knl_Idle_taskStack                                      
20000da0  i2cCC26xxObjects                                                   
20000ee0  _CIOBUF_                                                           
20000ee0  __CIOBUF_                                                          
20001000  spiCC26X2DMAObjects                                                
20001100  ti_sysbios_family_arm_m3_Hwi_dispatchTable                         
200011d8  gpioCallbackFunctions                                              
20001254  gpioUserArgs                                                       
200012d0  ti_sysbios_knl_ClockSupport_timerStruct                            
20001330  ti_sysbios_knl_Idle_taskStruct                                     
20001388  ti_sysbios_knl_Swi_readyQs                                         
200013b8  ti_sysbios_knl_Task_readyQs                                        
200013e8  BIOS_heapMemObject                                                 
20001414  BIOS_rtsGate                                                       
2000143c  ti_sysbios_heaps_HeapMem_gate                                      
20001464  initTaskParams                                                     
20001488  Ethernet                                                           
200014a8  ti_sysbios_runtime_System_atexitHandlers                           
200014c8  udmaCC26XXObject                                                   
20001520  ti_sysbios_hal_Seconds_Module_state                                
2000153c  parmbuf                                                            
20001550  PowerCC26XX_swiKey                                                 
20001554  PowerCC26XX_taskKey                                                
20001558  initTaskHandle                                                     
2000155c  spi                                                                
20001560  ti_sysbios_family_arm_cc26xx_TimestampProvider_Module_state        
20001564  ti_sysbios_knl_Task_defaultStackHeap                               
20001568  _counter                                                           
20001a50  __primary_heap_start__                                             
20005a50  PowerCC26X2_module                                                 
20005a50  __primary_heap_end__                                               
20005bc4  gpioPinConfigs                                                     
20005c40  ti_sysbios_runtime_Startup_done                                    
20005c43  ti_sysbios_knl_Idle_initDone                                       
20005c44  ti_sysbios_runtime_Memory_defaultHeapInstance                      
20005c5c  ti_sysbios_runtime_Error_ignore                                    
20005c68  ti_sysbios_family_arm_cc26xx_Timer_Module_state                    
20005c74  ti_sysbios_runtime_System_Module_state                             
20005c80  ti_sysbios_runtime_SysMin_Module_state                             
20005c90  ti_sysbios_knl_Swi_Module_state                                    
20005d20  BIOS_Module_state                                                  
20005d4c  ti_sysbios_family_arm_m3_Hwi_Module_state                          
20005d88  ti_sysbios_knl_Clock_Module_state                                  
20005eac  ti_sysbios_knl_Task_Module_state                                   
20005efc  Ethernet_server_port                                               
20005f0c  _hposcCoeffs                                                       
20005f24  ti_sysbios_gates_GateMutex_Module_state                            
20005f2c  ti_sysbios_heaps_HeapMem_Module_state                              
20005f34  ti_sysbios_knl_Semaphore_Module_state                              
20005f40  __aeabi_errno                                                      
20005f44  _lock                                                              
20005f48  _unlock                                                            
20013a00  __stack                                                            
20014000  __STACK_END                                                        
ffffffff  __TI_pprof_out_hndl                                                
ffffffff  __TI_prof_data_size                                                
ffffffff  __TI_prof_data_start                                               
ffffffff  __binit__                                                          
ffffffff  binit                                                              
UNDEFED   ITM_flush                                                          
UNDEFED   ITM_restore                                                        
UNDEFED   __mpu_init                                                         

[504 symbols]
