******************************************************************************
            TI ARM Clang Linker PC v2.1.2                      
******************************************************************************
>> Linked Thu Jan  4 22:17:23 2024

OUTPUT FILE NAME:   <multiSniff_LP_CC2652RB_tirtos7_ticlang2.out>
ENTRY POINT SYMBOL: "ResetISR"  address: 000071ad


MEMORY CONFIGURATION

         name            origin    length      used     unused   attr    fill
----------------------  --------  ---------  --------  --------  ----  --------
  FLASH                 00000000   00050000  0000804d  00047fb3  R  X
  STV                   00050000   00000010  00000000  00000010  RW  
  GPRAM                 11000000   00002000  00000000  00002000  RW X
  SRAM                  20000000   00014000  000060a9  0000df57  RW X
  LOG_DATA              90000000   00040000  00000000  00040000  R   


SEGMENT ALLOCATION MAP

run origin  load origin   length   init length attrs members
----------  ----------- ---------- ----------- ----- -------
00000000    00000000    00007ec5   00007ec5    r-x
  00000000    00000000    0000003c   0000003c    r-- .resetVecs
  00000040    00000040    000071b0   000071b0    r-x .text
  000071f0    000071f0    00000cd5   00000cd5    r-- .rodata
00007ec8    00007ec8    00000008   00000008    rw-
  00007ec8    00007ec8    00000008   00000008    rw- .args
00007ed0    00007ed0    0000012c   0000012c    r--
  00007ed0    00007ed0    0000012c   0000012c    r-- .cinit
0004ffa8    0004ffa8    00000058   00000058    r--
  0004ffa8    0004ffa8    00000058   00000058    r-- .ccfg
200000d8    200000d8    00001492   00000000    rw-
  200000d8    200000d8    00001492   00000000    rw- .bss
20001830    20001830    00000010   00000000    rw-
  20001830    20001830    00000010   00000000    rw- .TI.bound:dmaSpi0RxControlTableEntry
20001840    20001840    00000010   00000000    rw-
  20001840    20001840    00000010   00000000    rw- .TI.bound:dmaSpi0TxControlTableEntry
20001a30    20001a30    00000010   00000000    rw-
  20001a30    20001a30    00000010   00000000    rw- .TI.bound:dmaSpi0RxAltControlTableEntry
20001a40    20001a40    00000010   00000000    rw-
  20001a40    20001a40    00000010   00000000    rw- .TI.bound:dmaSpi0TxAltControlTableEntry
20001a50    20001a50    00004000   00000000    r--
  20001a50    20001a50    00004000   00000000    r-- .priheap
20005a50    20005a50    000004ff   00000000    rw-
  20005a50    20005a50    000004ff   00000000    rw- .data
20013a00    20013a00    00000600   00000000    rw-
  20013a00    20013a00    00000600   00000000    rw- .stack


SECTION ALLOCATION MAP

 output                                  attributes/
section   page    origin      length       input sections
--------  ----  ----------  ----------   ----------------
.binit     0    00000000    00000000     

.cinit     0    00007ed0    0000012c     
                  00007ed0    000000c5     (.cinit..data.load) [load image, compression = lzss]
                  00007f95    00000003     --HOLE-- [fill = 0]
                  00007f98    0000000c     (__TI_handler_table)
                  00007fa4    00000008     (.cinit..TI.bound:dmaSpi0RxAltControlTableEntry.load) [load image, compression = zero_init]
                  00007fac    00000008     (.cinit..TI.bound:dmaSpi0RxControlTableEntry.load) [load image, compression = zero_init]
                  00007fb4    00000008     (.cinit..TI.bound:dmaSpi0TxAltControlTableEntry.load) [load image, compression = zero_init]
                  00007fbc    00000008     (.cinit..TI.bound:dmaSpi0TxControlTableEntry.load) [load image, compression = zero_init]
                  00007fc4    00000008     (.cinit..bss.load) [load image, compression = zero_init]
                  00007fcc    00000030     (__TI_cinit_table)

.init_array 
*          0    00000000    00000000     UNINITIALIZED

.ccfg      0    0004ffa8    00000058     
                  0004ffa8    00000058     ti_devices_config.o (.ccfg)

.text      0    00000040    000071b0     
                  00000040    000005ea     driverlib.lib : osc.o (.text.findHposcCoefficients)
                  0000062a    00000002     ti_sysbios_config.o (.text.BIOS_nullFunc)
                  0000062c    000002c8     drivers_cc26x2.a : SPICC26X2DMA.c.obj (.text.SPICC26X2DMA_transfer)
                  000008f4    000001f0     Dhcp.o (.text.DHCP_parseDHCPResponse)
                  00000ae4    000001b6     libclang_rt.builtins.a : adddf3.S.obj (.text)
                  00000c9a    000001ae     drivers_cc26x2.a : SPICC26X2DMA.c.obj (.text.SPICC26X2DMA_hwiFxn)
                  00000e48    00000194                      : PowerCC26X2_calibrateRCOSC.c.obj (.text.PowerCC26X2_auxISR)
                  00000fdc    00000188                      : SPICC26X2DMA.c.obj (.text.SPICC26X2DMA_open)
                  00001164    00000174     Dhcp.o (.text.DHCP_send_DHCP_MESSAGE)
                  000012d8    00000160     drivers_cc26x2.a : SPICC26X2DMA.c.obj (.text.configNextTransfer)
                  00001438    00000158                      : PowerCC26X2.c.obj (.text.Power_sleep)
                  00001590    0000013c                      : I2CCC26XX.c.obj (.text.I2C_open)
                  000016cc    00000136     libclang_rt.builtins.a : divdf3.S.obj (.text)
                  00001802    00000002     ti_drivers_config.o (.text.Board_initHook)
                  00001804    00000134     driverlib.lib : osc.o (.text.findHposcPc)
                  00001938    00000126     drivers_cc26x2.a : I2C.c.obj (.text.I2C_transferTimeout)
                  00001a5e    00000002                      : I2C.c.obj (.text.I2C_init)
                  00001a60    00000124     rf_multiMode_cc26x2.a : RFCC26X2_multiMode.c.cc26x2.ticlang.o (.text.RF_abortCmd)
                  00001b84    00000122     drivers_cc26x2.a : SPICC26X2DMA.c.obj (.text.SPICC26X2DMA_transferCancel)
                  00001ca6    00000002     libclang_rt.builtins.a : aeabi_div0.c.obj (.text.__aeabi_ldiv0)
                  00001ca8    00000120     ti_sysbios_config.o (.text.ti_sysbios_family_arm_cc26xx_Timer_construct)
                  00001dc8    0000011c     sysbios.a : Hwi_asm_gnu.obj (.text.ti_sysbios_family_arm_m3_Hwi_dispatch)
                  00001ee4    00000118     drivers_cc26x2.a : PowerCC26X2.c.obj (.text.Power_init)
                  00001ffc    00000110     Dhcp.o (.text.DHCP_request_DHCP_lease)
                  0000210c    0000010c     drivers_cc26x2.a : PowerCC26X2_calibrateRCOSC.c.obj (.text.PowerCC26X2_calibrate)
                  00002218    00000104                      : GPIOCC26X2.c.obj (.text.GPIO_init)
                  0000231c    000000f4     driverlib.lib : sys_ctrl.o (.text.NOROM_SysCtrlStandby)
                  00002410    000000e8     drivers_cc26x2.a : I2CCC26XX.c.obj (.text.I2CCC26XX_hwiFxn)
                  000024f8    000000e4     driverlib.lib : setup.o (.text.NOROM_SetupTrimDevice)
                  000025dc    000000e4     ti_sysbios_config.o (.text.ti_sysbios_knl_Semaphore_pend)
                  000026c0    000000d8     drivers_cc26x2.a : SPICC26X2DMA.c.obj (.text.SPICC26X2DMA_control)
                  00002798    000000d8     ti_sysbios_config.o (.text.ti_sysbios_family_arm_m3_Hwi_excFillContext)
                  00002870    000000d0     drivers_cc26x2.a : PowerCC26X2.c.obj (.text.configureXOSCHF)
                  00002940    000000cc     ssd1306.o (.text.SSD1306_DrawLine)
                  00002a0c    000000cc     ti_sysbios_config.o (.text.ti_sysbios_knl_Clock_workFuncDynamic)
                  00002ad8    000000c4     driverlib.lib : setup.o (.text.TrimAfterColdResetWakeupFromShutDown)
                  00002b9c    000000b8     ti_sysbios_config.o (.text.ti_sysbios_knl_Task_Instance_finalize)
                  00002c54    000000b6     driverlib.lib : osc.o (.text.NOROM_OSC_HPOSCInitializeFrequencyOffsetParameters)
                  00002d0a    000000b4                   : osc.o (.text.NOROM_OSCHF_AttemptToSwitchToXosc)
                  00002dbe    00000002     libc.a : _lock.c.obj (.text._nop)
                  00002dc0    000000b4     ti_sysbios_config.o (.text.PowerCC26XX_standbyPolicy)
                  00002e74    000000b4     drivers_cc26x2.a : PowerCC26X2.c.obj (.text.Power_releaseDependency)
                  00002f28    000000b0                      : PowerCC26X2.c.obj (.text.Power_setDependency)
                  00002fd8    000000b0     libclang_rt.builtins.a : udivmoddi4.S.obj (.text)
                  00003088    000000a8     drivers_cc26x2.a : TemperatureCC26X2.c.obj (.text.temperatureHwiFxn)
                  00003130    000000a4     ti_sysbios_config.o (.text.ti_sysbios_knl_Task_Instance_init)
                  000031d4    000000a0     drivers_cc26x2.a : I2CCC26XX.c.obj (.text.I2CCC26XX_swiFxn)
                  00003274    0000009c     gui.o (.text.GUI_Init)
                  00003310    00000094     rf_multiMode_cc26x2.a : RFCC26X2_multiMode.c.cc26x2.ticlang.o (.text.RF_hposcRfCompensateFxn)
                  000033a4    00000094     ti_sysbios_config.o (.text.ti_sysbios_knl_Clock_startI)
                  00003438    00000094     ti_sysbios_config.o (.text.ti_sysbios_knl_Task_sleep)
                  000034cc    0000008c     drivers_cc26x2.a : GPIOCC26XX.c.obj (.text.GPIO_setConfig)
                  00003558    0000008c     ti_sysbios_config.o (.text.ti_sysbios_knl_Clock_init)
                  000035e4    00000088     rf_multiMode_cc26x2.a : RFCC26X2_multiMode.c.cc26x2.ticlang.o (.text.RF_discardPendCmd)
                  0000366c    00000084     IPAddress.o (.text.IPAddress_toString)
                  000036f0    00000080     driverlib.lib : sys_ctrl.o (.text.NOROM_SysCtrlSetRechargeBeforePowerDown)
                  00003770    00000080     ti_sysbios_config.o (.text.ti_sysbios_family_arm_m3_Hwi_initNVIC)
                  000037f0    0000007c     ti_sysbios_config.o (.text.ti_sysbios_family_arm_m3_Hwi_postInit)
                  0000386c    00000078     main.o (.text.InitTask)
                  000038e4    00000078     driverlib.lib : osc.o (.text.NOROM_OSCHF_SwitchToRcOscTurnOffXosc)
                  0000395c    00000078                   : osc.o (.text.NOROM_OSC_CapArrayAdjustWorkaround_Boot)
                  000039d4    00000078     drivers_cc26x2.a : SPICC26X2DMA.c.obj (.text.SPICC26X2DMA_close)
                  00003a4c    00000078     ti_sysbios_config.o (.text.ti_sysbios_knl_Task_postInit)
                  00003ac4    00000074     drivers_cc26x2.a : PowerCC26X2_calibrateRCOSC_helpers.c.obj (.text.PowerCC26X2_updateSubSecInc)
                  00003b38    00000074                      : TemperatureCC26X2.c.obj (.text.Temperature_init)
                  00003bac    00000074     ti_sysbios_config.o (.text.ti_sysbios_knl_Swi_restoreHwi)
                  00003c20    00000070     ti_sysbios_config.o (.text.ti_sysbios_family_arm_m3_Hwi_Instance_init)
                  00003c90    00000070     ti_sysbios_config.o (.text.ti_sysbios_knl_Task_startup)
                  00003d00    0000006c     Ethernet.o (.text.Ethernet_begin_mac)
                  00003d6c    0000006c     ti_sysbios_config.o (.text.ti_sysbios_family_arm_m3_Hwi_dispatchC)
                  00003dd8    0000006c     ti_sysbios_config.o (.text.ti_sysbios_hal_Seconds_getTime)
                  00003e44    0000006a     drivers_cc26x2.a : I2CCC26XX.c.obj (.text.I2CSupport_primeTransfer)
                  00003eae    0000006a     libc.a : copy_decompress_lzss.c.obj (.text:decompress:lzss)
                  00003f18    00000068     ti_sysbios_config.o (.text.ti_sysbios_knl_Swi_run)
                  00003f80    00000064     drivers_cc26x2.a : PowerCC26X2_calibrateRCOSC.c.obj (.text.PowerCC26X2_initiateCalibration)
                  00003fe4    00000064                      : UDMACC26XX.c.obj (.text.UDMACC26XX_open)
                  00004048    00000064                      : PowerCC26X2.c.obj (.text.oscillatorISR)
                  000040ac    00000064     ti_sysbios_config.o (.text.ti_sysbios_knl_Idle_init)
                  00004110    00000064     ti_sysbios_config.o (.text.ti_sysbios_knl_TaskSupport_buildTaskStack)
                  00004174    00000060     ssd1306.o (.text.SSD1306_DrawChar)
                  000041d4    00000060     drivers_cc26x2.a : SPICC26X2DMA.c.obj (.text.csnCallback)
                  00004234    00000060     ti_sysbios_config.o (.text.ti_sysbios_heaps_HeapMem_allocUnprotected)
                  00004294    00000060     ti_sysbios_config.o (.text.ti_sysbios_knl_Clock_walkQueueDynamic)
                  000042f4    00000060     ti_sysbios_config.o (.text.ti_sysbios_knl_Semaphore_post)
                  00004354    00000060     ti_sysbios_config.o (.text.ti_sysbios_knl_Swi_schedule)
                  000043b4    0000005c     libclang_rt.builtins.a : divmoddi4.c.obj (.text.__divmoddi4)
                  00004410    00000058     socket.o (.text.recv)
                  00004468    00000058     sysbios.a : Hwi_asm_switch_gnu.obj (.text.ti_sysbios_family_arm_m3_Hwi_initStacks)
                  000044c0    00000054     libsysbm.a : hostwrite.c.obj (.text.HOSTwrite)
                  00004514    00000054     drivers_cc26x2.a : I2CCC26XX.c.obj (.text.I2CCC26XX_initHw)
                  00004568    00000054     ssd1306.o (.text.SSD1306_Init)
                  000045bc    00000054     ti_sysbios_config.o (.text.ti_sysbios_runtime_Startup_exec)
                  00004610    00000052     driverlib.lib : chipinfo.o (.text.NOROM_ChipInfo_GetHwRevision)
                  00004662    00000002     drivers_cc26x2.a : PowerCC26X2.c.obj (.text.emptyClockFunc)
                  00004664    00000050     ti_drivers_config.o (.text.Board_shutDownExtFlash)
                  000046b4    00000050     rf_multiMode_cc26x2.a : RFCC26X2_multiMode.c.cc26x2.ticlang.o (.text.RF_enableHPOSCTemperatureCompensation)
                  00004704    00000050     ti_sysbios_config.o (.text.ti_sysbios_knl_Swi_post)
                  00004754    00000050     ti_sysbios_config.o (.text.ti_sysbios_knl_Swi_runLoop)
                  000047a4    0000004e     ti_drivers_config.o (.text.Board_sendExtFlashByte)
                  000047f2    0000004e     ti_sysbios_config.o (.text.ti_sysbios_heaps_HeapMem_freeUnprotected)
                  00004840    0000004c     ti_sysbios_config.o (.text.BIOS_startFunc)
                  0000488c    0000004c     driverlib.lib : osc.o (.text.NOROM_OSC_HPOSCRelativeFrequencyOffsetGet)
                  000048d8    0000004c     SPIfg.o (.text.SPI_begin)
                  00004924    0000004c     drivers_cc26x2.a : SPICC26X2DMA.c.obj (.text.initHw)
                  00004970    0000004c     socket.o (.text.socket)
                  000049bc    0000004c     drivers_cc26x2.a : PowerCC26X2.c.obj (.text.switchXOSCHF)
                  00004a08    0000004c     ti_sysbios_config.o (.text.ti_sysbios_knl_Swi_Instance_init)
                  00004a54    00000048     ti_sysbios_config.o (.text.BIOS_init)
                  00004a9c    00000048     EthernetUdp.o (.text.EthernetUDP_begin)
                  00004ae4    00000048     driverlib.lib : aux_sysif.o (.text.NOROM_AUXSYSIFOpModeChange)
                  00004b2c    00000048     drivers_cc26x2.a : TemperatureCC26X2.c.obj (.text.Temperature_registerNotifyRange)
                  00004b74    00000004     ti_sysbios_config.o (.text.ClockP_getSystemTickPeriod)
                  00004b78    00000048     ArduinoCompatibility.o (.text.millis)
                  00004bc0    00000048     ti_sysbios_config.o (.text.ti_sysbios_family_arm_cc26xx_Timer_start)
                  00004c08    00000048     ti_sysbios_config.o (.text.ti_sysbios_heaps_HeapMem_Instance_init)
                  00004c50    00000048     ti_sysbios_config.o (.text.ti_sysbios_heaps_HeapMem_alloc)
                  00004c98    00000048     ti_sysbios_config.o (.text.ti_sysbios_knl_Task_schedule)
                  00004ce0    00000044     ti_sysbios_config.o (.text.BIOS_atExitFunc)
                  00004d24    00000044     Dhcp.o (.text.DHCP_beginWithDHCP)
                  00004d68    00000044     drivers_cc26x2.a : GPIOCC26X2.c.obj (.text.GPIO_hwiIntFxn)
                  00004dac    00000044     driverlib.lib : prcm.o (.text.NOROM_PRCMPowerDomainsAllOff)
                  00004df0    00000044                   : prcm.o (.text.NOROM_PRCMPowerDomainsAllOn)
                  00004e34    00000044     rf_multiMode_cc26x2.a : RFCC26X2_multiMode.c.cc26x2.ticlang.o (.text.RF_cmdGet)
                  00004e78    00000044     drivers_cc26x2.a : SPI.c.obj (.text.SPI_init)
                  00004ebc    00000044                      : TemperatureCC26X2.c.obj (.text.degreesToCode)
                  00004f00    00000044                      : TemperatureCC26X2.c.obj (.text.setNextThresholds)
                  00004f44    00000044     ti_sysbios_config.o (.text.ti_sysbios_family_arm_m3_Hwi_Instance_finalize)
                  00004f88    00000044     ti_sysbios_config.o (.text.ti_sysbios_family_arm_m3_Hwi_construct2)
                  00004fcc    00000044     ti_sysbios_config.o (.text.ti_sysbios_family_arm_m3_Hwi_disableInterrupt)
                  00005010    00000044     ti_sysbios_config.o (.text.ti_sysbios_family_arm_m3_Hwi_enableInterrupt)
                  00005054    00000044     ti_sysbios_config.o (.text.ti_sysbios_knl_Swi_restore)
                  00005098    00000044     libclang_rt.builtins.a : fixunsdfsi.S.obj (.text)
                  000050dc    00000040     EthernetUdp.o (.text.EthernetUDP_parsePacket)
                  0000511c    00000040     drivers_cc26x2.a : PowerCC26X2_calibrateRCOSC.c.obj (.text.PowerCC26X2_RCOSC_clockFunc)
                  0000515c    00000040                      : PowerCC26X2_calibrateRCOSC_helpers.c.obj (.text.PowerCC26X2_setAclkRefSrc)
                  0000519c    00000040     rf_multiMode_cc26x2.a : RFCC26X2_multiMode.c.cc26x2.ticlang.o (.text.RF_updateHpOscOverride)
                  000051dc    00000040     drivers_cc26x2.a : SPI.c.obj (.text.SPI_open)
                  0000521c    00000040     SPIfg.o (.text.SPI_transf)
                  0000525c    00000040     ssd1306.o (.text.SSD1306_DrawPixel)
                  0000529c    00000040     w5500.o (.text.W5500_read_buf)
                  000052dc    00000040     ti_sysbios_config.o (.text.ti_sysbios_heaps_HeapMem_getStats)
                  0000531c    00000040     ti_sysbios_config.o (.text.ti_sysbios_knl_Clock_getTicksUntilInterrupt)
                  0000535c    00000040     ti_sysbios_config.o (.text.ti_sysbios_knl_Task_exit)
                  0000539c    0000003c     drivers_cc26x2.a : GPIO.c.obj (.text.GPIO_resetConfig)
                  000053d8    0000003c     ti_sysbios_config.o (.text.HwiP_construct)
                  00005414    0000003c     driverlib.lib : sys_ctrl.o (.text.NOROM_SysCtrlIdle)
                  00005450    0000003c     drivers_cc26x2.a : PowerCC26X2_calibrateRCOSC_helpers.c.obj (.text.PowerCC26X2_setTdcClkSrc24M)
                  0000548c    0000003c     w5500.o (.text.W5500_write_buf)
                  000054c8    0000003c     main.o (.text.main)
                  00005504    0000003c     ti_sysbios_config.o (.text.ti_sysbios_family_arm_cc26xx_Timer_periodicStub)
                  00005540    0000003c     ti_sysbios_config.o (.text.ti_sysbios_family_arm_cc26xx_Timer_setThreshold)
                  0000557c    0000003c     ti_sysbios_config.o (.text.ti_sysbios_heaps_HeapMem_construct)
                  000055b8    0000003c     ti_sysbios_config.o (.text.ti_sysbios_knl_ClockSupport_init)
                  000055f4    0000003c     ti_sysbios_config.o (.text.ti_sysbios_knl_Task_blockI)
                  00005630    0000003c     ti_sysbios_config.o (.text.ti_sysbios_knl_Task_create)
                  0000566c    0000003c     ti_sysbios_config.o (.text.ti_sysbios_knl_Task_restore)
                  000056a8    0000003c     ti_sysbios_config.o (.text.ti_sysbios_runtime_Memory_alloc)
                  000056e4    0000003c     ti_sysbios_config.o (.text.ti_sysbios_runtime_SystemSupport_flush)
                  00005720    0000003c     drivers_cc26x2.a : TemperatureCC26X2.c.obj (.text.updateThresholds)
                  0000575c    0000003a     w5500.o (.text.W5500_getRXReceivedSize)
                  00005796    00000002     ti_sysbios_config.o (.text.ti_sysbios_runtime_System_exitSpin)
                  00005798    00000038     drivers_cc26x2.a : PowerCC26X2_helpers.c.obj (.text.PowerCC26X2_oscDisableQualifiers)
                  000057d0    00000038                      : UDMACC26XX.c.obj (.text.UDMACC26XX_close)
                  00005808    00000038     ti_sysbios_config.o (.text.getTime)
                  00005840    00000038     ti_sysbios_config.o (.text.ti_sysbios_knl_Task_processVitalTaskFlag)
                  00005878    00000038     libc.a : autoinit.c.obj (.text:__TI_auto_init_nobinit_nopinit)
                  000058b0    00000036     w5500.o (.text.W5500_recv_data_processing)
                  000058e6    00000002     --HOLE-- [fill = 0]
                  000058e8    00000034     Ethernet.o (.text.Ethernet_begin_mac_ip_dns_gateway_subnet)
                  0000591c    00000034     drivers_cc26x2.a : PowerCC26X2.c.obj (.text.Power_releaseConstraint)
                  00005950    00000034     rf_multiMode_cc26x2.a : RFCC26X2_multiMode.c.cc26x2.ticlang.o (.text.RF_runDirectImmediateCmd)
                  00005984    00000034     ti_sysbios_config.o (.text.SwiP_construct)
                  000059b8    00000034     libsysbm.a : trgmsg.c.obj (.text.__TI_writemsg)
                  000059ec    00000034     ti_sysbios_config.o (.text._pthread_cleanupFxn)
                  00005a20    00000034     ti_sysbios_config.o (.text.ti_sysbios_family_arm_m3_Hwi_getStackInfo)
                  00005a54    00000034     ti_sysbios_config.o (.text.ti_sysbios_family_arm_m3_Hwi_init)
                  00005a88    00000034     ti_sysbios_config.o (.text.ti_sysbios_knl_Clock_Instance_init)
                  00005abc    00000034     ti_sysbios_config.o (.text.ti_sysbios_knl_Task_unblockI)
                  00005af0    00000034     ti_sysbios_config.o (.text.ti_sysbios_runtime_Error_raiseX)
                  00005b24    00000034     ti_sysbios_config.o (.text.ti_sysbios_runtime_System_processAtExit)
                  00005b58    00000034     sysbios.a : boot_cortex_m.obj (.text:_c_int00)
                  00005b8c    00000032     ti_sysbios_config.o (.text.ti_sysbios_knl_Semaphore_pendTimeout)
                  00005bbe    00000002     --HOLE-- [fill = 0]
                  00005bc0    00000030     ti_drivers_config.o (.text.Board_wakeUpExtFlash)
                  00005bf0    00000030     ti_sysbios_config.o (.text.ClockP_construct)
                  00005c20    00000030     drivers_cc26x2.a : GPIOCC26XX.c.obj (.text.GPIO_setInterruptConfig)
                  00005c50    00000030                      : PowerCC26X2.c.obj (.text.Power_setConstraint)
                  00005c80    00000030     ssd1306.o (.text.SSD1306_UpdatePosition)
                  00005cb0    00000030     libsysbm.a : trgmsg.c.obj (.text.__TI_readmsg)
                  00005ce0    00000030     drivers_cc26x2.a : PowerCC26X2.c.obj (.text.notify)
                  00005d10    00000030     ti_sysbios_config.o (.text.ti_sysbios_family_arm_m3_Hwi_excHandlerMin)
                  00005d40    00000030     ti_sysbios_config.o (.text.ti_sysbios_heaps_HeapMem_free)
                  00005d70    00000030     ti_sysbios_config.o (.text.ti_sysbios_knl_TaskSupport_start)
                  00005da0    00000030     ti_sysbios_config.o (.text.ti_sysbios_runtime_System_atexit)
                  00005dd0    0000002e     driverlib.lib : chipinfo.o (.text.NOROM_ThisLibraryIsFor_CC13x2_CC26x2_HwRev20AndLater_HaltIfViolated)
                  00005dfe    0000002e     w5500.o (.text.W5500_send_data_processing_offset)
                  00005e2c    0000002e     socket.o (.text.startUDP)
                  00005e5a    00000002     --HOLE-- [fill = 0]
                  00005e5c    0000002c     ti_sysbios_config.o (.text.PowerCC26XX_schedulerDisable)
                  00005e88    0000002c     rf_multiMode_cc26x2.a : RFCC26X2_multiMode.c.cc26x2.ticlang.o (.text.RF_executeDirectImmediateCmd)
                  00005eb4    0000002c     drivers_cc26x2.a : TemperatureCC26X2.c.obj (.text.Temperature_unregisterNotify)
                  00005ee0    0000002c     w5500.o (.text.W5500_init)
                  00005f0c    0000002c     w5500.o (.text.W5500_read)
                  00005f38    0000002c     w5500.o (.text.W5500_write)
                  00005f64    0000002c     ti_sysbios_config.o (.text._pthread_delete)
                  00005f90    0000002c     SPIfg.o (.text.initSS)
                  00005fbc    0000002c     ti_sysbios_config.o (.text.ti_sysbios_gates_GateMutex_enter)
                  00005fe8    0000002c     ti_sysbios_config.o (.text.ti_sysbios_knl_Clock_getTicks)
                  00006014    0000002c     ti_sysbios_config.o (.text.ti_sysbios_knl_Task_restoreHwi)
                  00006040    0000002c     ti_sysbios_config.o (.text.usleep)
                  0000606c    0000002a     EthernetUdp.o (.text.EthernetUDP_read)
                  00006096    0000002a     EthernetUdp.o (.text.EthernetUDP_read_buf)
                  000060c0    0000002a     driverlib.lib : osc.o (.text.NOROM_OSCHF_TurnOnXosc)
                  000060ea    0000002a     drivers_cc26x2.a : SPICC26X2DMA.c.obj (.text.SPICC26X2DMA_swiFxn)
                  00006114    0000002a     socket.o (.text.bufferData)
                  0000613e    0000002a     ti_sysbios_config.o (.text.ti_sysbios_family_arm_cc26xx_Timer_setNextTick)
                  00006168    0000002a     ti_sysbios_config.o (.text.ti_sysbios_knl_Task_allBlockedFunction)
                  00006192    00000002     --HOLE-- [fill = 0]
                  00006194    00000028     ti_sysbios_config.o (.text.BIOS_registerRTSLock)
                  000061bc    00000028     drivers_cc26x2.a : I2C.c.obj (.text.I2C_cancel)
                  000061e4    00000028                      : List.c.obj (.text.List_remove)
                  0000620c    00000028     rf_multiMode_cc26x2.a : RFCC26X2_multiMode.c.cc26x2.ticlang.o (.text.RF_cmdStoreEvents)
                  00006234    00000028     sysbios.a : Hwi_asm_gnu.obj (.text.ti_sysbios_family_arm_m3_Hwi_excHandlerAsm)
                  0000625c    00000028     ti_sysbios_config.o (.text.ti_sysbios_gates_GateMutex_Instance_init)
                  00006284    00000028     ti_sysbios_config.o (.text.ti_sysbios_knl_Semaphore_Instance_init)
                  000062ac    00000028     ti_sysbios_config.o (.text.ti_sysbios_knl_Swi_init)
                  000062d4    00000028     sysbios.a : TaskSupport_asm_gnu.obj (.text.ti_sysbios_knl_TaskSupport_swap)
                  000062fc    00000028     ti_sysbios_config.o (.text.ti_sysbios_knl_Task_construct)
                  00006324    00000028     ti_sysbios_config.o (.text.ti_sysbios_knl_Task_init)
                  0000634c    00000026     drivers_cc26x2.a : SPICC26X2DMA.c.obj (.text.flushFifos)
                  00006372    00000002     --HOLE-- [fill = 0]
                  00006374    00000024     ti_sysbios_config.o (.text.BIOS_removeRTSLock)
                  00006398    00000024     ti_drivers_config.o (.text.Board_init)
                  000063bc    00000024     EthernetUdp.o (.text.EthernetUDP_stop)
                  000063e0    00000024     drivers_cc26x2.a : List.c.obj (.text.List_put)
                  00006404    00000024                      : PowerCC26X2_helpers.c.obj (.text.PowerCC26X2_setSubSecIncToXoscLf)
                  00006428    00000024                      : PowerCC26X2_calibrateRCOSC_helpers.c.obj (.text.PowerCC26X2_writeCtrim)
                  0000644c    00000024                      : PowerCC26X2_calibrateRCOSC_helpers.c.obj (.text.PowerCC26X2_writeCtrimFract)
                  00006470    00000024                      : PowerCC26X2_calibrateRCOSC_helpers.c.obj (.text.PowerCC26X2_writeCtrimFractEn)
                  00006494    00000024                      : PowerCC26X2_calibrateRCOSC_helpers.c.obj (.text.PowerCC26X2_writeRtrim)
                  000064b8    00000024                      : PowerCC26X2.c.obj (.text.Power_registerNotify)
                  000064dc    00000024                      : SPICC26X2DMA.c.obj (.text.releaseConstraint)
                  00006500    00000024     ssd1306.o (.text.sendData)
                  00006524    00000024     socket.o (.text.sendUDP)
                  00006548    00000024     ti_sysbios_config.o (.text.ti_sysbios_family_arm_m3_Hwi_construct)
                  0000656c    00000024     ti_sysbios_config.o (.text.ti_sysbios_knl_Semaphore_destruct)
                  00006590    00000024     ti_sysbios_config.o (.text.ti_sysbios_knl_Task_enter)
                  000065b4    00000022     ssd1306.o (.text.SSD1306_DrawString)
                  000065d6    00000022     w5500.o (.text.W5500_getTXFreeSize)
                  000065f8    00000022     ti_sysbios_config.o (.text.ti_sysbios_runtime_SysMin_output)
                  0000661a    00000020     Dhcp.o (.text.DHCP_printByte)
                  0000663a    00000002     --HOLE-- [fill = 0]
                  0000663c    00000020     ti_sysbios_config.o (.text.HwiP_clearInterrupt)
                  0000665c    00000020     rf_multiMode_cc26x2.a : rfc.c.cc26x2.ticlang.o (.text.NOROM_RFCDoorbellSendTo)
                  0000667c    00000020                           : rfc.c.cc26x2.ticlang.o (.text.NOROM_RFCOverrideSearch)
                  0000669c    00000020     drivers_cc26x2.a : PowerCC26X2_helpers.c.obj (.text.PowerCC26X2_disableTCXOQual)
                  000066bc    00000020                      : PowerCC26X2_helpers.c.obj (.text.PowerCC26X2_enableTCXOQual)
                  000066dc    00000020     ti_sysbios_config.o (.text.PowerCC26XX_schedulerRestore)
                  000066fc    00000020     drivers_cc26x2.a : PowerCC26X2.c.obj (.text.Power_unregisterNotify)
                  0000671c    00000020     rf_multiMode_cc26x2.a : RFCC26X2_multiMode.c.cc26x2.ticlang.o (.text.RF_invokeGlobalCallback)
                  0000673c    00000020     ssd1306.o (.text.SSD1306_SendCommand)
                  0000675c    00000020     ti_sysbios_config.o (.text.SemaphoreP_constructBinary)
                  0000677c    00000020     ti_sysbios_config.o (.text.ti_sysbios_family_arm_m3_Hwi_initStack)
                  0000679c    00000020     ti_sysbios_config.o (.text.ti_sysbios_knl_Task_delete)
                  000067bc    00000020     ti_sysbios_config.o (.text.ti_sysbios_knl_Task_destruct)
                  000067dc    00000020     libclang_rt.builtins.a : floatunsidf.S.obj (.text)
                  000067fc    0000001e     sysbios.a : Hwi_asm_switch_gnu.obj (.text.ti_sysbios_family_arm_m3_Hwi_switchAndRunFunc)
                  0000681a    00000002     --HOLE-- [fill = 0]
                  0000681c    0000001c     ti_sysbios_config.o (.text.BIOS_rtsLock)
                  00006838    0000001c     drivers_cc26x2.a : GPIO.c.obj (.text.GPIO_setCallback)
                  00006854    0000001c                      : GPIOCC26XX.c.obj (.text.GPIO_setMux)
                  00006870    0000001c     gui.o (.text.GUI_ChangeDeviceIp)
                  0000688c    0000001c     gui.o (.text.GUI_ChangeTargetIp)
                  000068a8    0000001c     drivers_cc26x2.a : PowerCC26X2.c.obj (.text.Power_getTransitionLatency)
                  000068c4    0000001c     ssd1306.o (.text.SSD1306_UpdateScreen)
                  000068e0    0000001c     w5500.o (.text.W5500_writeSnDPORT)
                  000068fc    0000001c     w5500.o (.text.W5500_writeSnPORT)
                  00006918    0000001c     w5500.o (.text.W5500_writeSnRX_RD)
                  00006934    0000001c     w5500.o (.text.W5500_writeSnTX_WR)
                  00006950    0000001c     drivers_cc26x2.a : TemperatureCC26X2.c.obj (.text.setTempLowerLimit)
                  0000696c    0000001c                      : TemperatureCC26X2.c.obj (.text.setTempUpperLimit)
                  00006988    0000001c     ti_sysbios_config.o (.text.ti_sysbios_knl_Idle_run)
                  000069a4    0000001c     ti_sysbios_config.o (.text.ti_sysbios_knl_Queue_put)
                  000069c0    0000001c     ti_sysbios_config.o (.text.ti_sysbios_knl_Swi_construct)
                  000069dc    0000001c     ti_sysbios_config.o (.text.ti_sysbios_knl_Swi_destruct)
                  000069f8    0000001a     EthernetUdp.o (.text.EthernetUDP_write)
                  00006a12    0000001a     drivers_cc26x2.a : I2CCC26XX.c.obj (.text.I2CCC26XX_completeTransfer)
                  00006a2c    0000001a     w5500.o (.text.W5500_readSnRX_RD)
                  00006a46    0000001a     w5500.o (.text.W5500_readSnRX_RSR)
                  00006a60    0000001a     w5500.o (.text.W5500_readSnTX_FSR)
                  00006a7a    0000001a     w5500.o (.text.W5500_readSnTX_WR)
                  00006a94    0000001a     ti_sysbios_config.o (.text.ti_sysbios_knl_Task_sleepTimeout)
                  00006aae    00000002     --HOLE-- [fill = 0]
                  00006ab0    00000018     ti_sysbios_config.o (.text.BIOS_exitFunc)
                  00006ac8    00000018     ti_sysbios_config.o (.text.BIOS_rtsUnlock)
                  00006ae0    00000018     drivers_cc26x2.a : GPIOCC26XX.c.obj (.text.GPIO_disableInt)
                  00006af8    00000018                      : PowerCC26X2.c.obj (.text.PowerCC26XX_calibrate)
                  00006b10    00000018                      : PowerCC26X2.c.obj (.text.Power_idleFunc)
                  00006b28    00000018     ti_sysbios_config.o (.text.ti_sysbios_knl_Clock_scheduleNextTick)
                  00006b40    00000018     ti_sysbios_config.o (.text.ti_sysbios_knl_Swi_construct2)
                  00006b58    00000018     ti_sysbios_config.o (.text.ti_sysbios_knl_Swi_or)
                  00006b70    00000018     sysbios.a : TaskSupport_asm_gnu.obj (.text.ti_sysbios_knl_TaskSupport_glue)
                  00006b88    00000018     ti_sysbios_config.o (.text.ti_sysbios_knl_Task_unblock)
                  00006ba0    00000016     w5500.o (.text.W5500_read_data)
                  00006bb6    00000016     socket.o (.text.close)
                  00006bcc    00000016     ti_sysbios_config.o (.text.ti_sysbios_knl_Clock_start)
                  00006be2    00000002     --HOLE-- [fill = 0]
                  00006be4    00000014     drivers_cc26x2.a : GPIOCC26XX.c.obj (.text.GPIO_read)
                  00006bf8    00000014                      : GPIO.c.obj (.text.GPIO_setUserArg)
                  00006c0c    00000014                      : I2CCC26XX.c.obj (.text.I2CCC26XX_postNotify)
                  00006c20    00000014                      : SPICC26X2DMA.c.obj (.text.OUTLINED_FUNCTION_0)
                  00006c34    00000014                      : TemperatureCC26X2.c.obj (.text.Temperature_getTemperature)
                  00006c48    00000014     w5500.o (.text.W5500_execCmdSn)
                  00006c5c    00000014     w5500.o (.text.W5500_writeSn)
                  00006c70    00000014     w5500.o (.text.W5500_writeSn_buf)
                  00006c84    00000014     libc.a : args_main.c.obj (.text._args_main)
                  00006c98    00000014     ti_sysbios_config.o (.text.ti_sysbios_family_arm_m3_Hwi_switchFromBootStack)
                  00006cac    00000014     libclang_rt.builtins.a : aeabi_ldivmod.S.obj (.text)
                  00006cc0    00000014                            : aeabi_memset.S.obj (.text)
                  00006cd4    00000014                            : aeabi_uldivmod.S.obj (.text)
                  00006ce8    00000012     EthernetUdp.o (.text.EthernetUDP_beginPacket_ip)
                  00006cfa    00000012     EthernetUdp.o (.text.EthernetUDP_flush)
                  00006d0c    00000012     Ethernet.o (.text.Ethernet_begin_mac_ip_dns)
                  00006d1e    00000012     drivers_cc26x2.a : I2C.c.obj (.text.I2C_transfer)
                  00006d30    00000012     IPAddress.o (.text.IPAddress_Init_str)
                  00006d42    00000012     libc.a : memcpy_t2.S.obj (.text:TI_memcpy_small)
                  00006d54    00000010     ti_sysbios_config.o (.text.ClockP_getCpuFreq)
                  00006d64    00000010     Dhcp.o (.text.DHCP_getDnsServerIp)
                  00006d74    00000010     Dhcp.o (.text.DHCP_getGatewayIp)
                  00006d84    00000010     Dhcp.o (.text.DHCP_getLocalIp)
                  00006d94    00000010     Dhcp.o (.text.DHCP_getSubnetMask)
                  00006da4    00000010     drivers_cc26x2.a : GPIO.c.obj (.text.GPIO_getUserArg)
                  00006db4    00000010                      : GPIOCC26XX.c.obj (.text.GPIO_write)
                  00006dc4    00000010     ti_sysbios_config.o (.text.HwiP_Params_init)
                  00006dd4    00000010     drivers_cc26x2.a : PowerCC26X2_helpers.c.obj (.text.PowerCC26X2_oscCtlClearXtal)
                  00006de4    00000010                      : PowerCC26X2_helpers.c.obj (.text.PowerCC26X2_prcmEnableCacheRetention)
                  00006df4    00000010                      : PowerCC26X2_calibrateRCOSC_helpers.c.obj (.text.PowerCC26X2_readCtrim)
                  00006e04    00000010                      : PowerCC26X2_calibrateRCOSC_helpers.c.obj (.text.PowerCC26X2_readCtrimFract)
                  00006e14    00000010                      : PowerCC26X2_calibrateRCOSC_helpers.c.obj (.text.PowerCC26X2_readRtrim)
                  00006e24    00000010                      : PowerCC26X2_helpers.c.obj (.text.PowerCC26X2_switchToTCXO)
                  00006e34    00000010                      : PowerCC26X2.c.obj (.text.Power_getDependencyCount)
                  00006e44    00000010     ssd1306.o (.text.SSD1306_SetPosition)
                  00006e54    00000010     ti_sysbios_config.o (.text.SwiP_Params_init)
                  00006e64    00000010     ti_sysbios_config.o (.text.ti_sysbios_family_arm_cc26xx_Timer_dynamicStub)
                  00006e74    00000010     ti_sysbios_config.o (.text.ti_sysbios_family_arm_m3_Hwi_excHandler)
                  00006e84    00000010     libc.a : copy_zero_init.c.obj (.text:decompress:ZI)
                  00006e94    0000000e     Ethernet.o (.text.Ethernet_begin_mac_ip_dns_gateway)
                  00006ea2    0000000e     drivers_cc26x2.a : PowerCC26X2.c.obj (.text.OUTLINED_FUNCTION_0)
                  00006eb0    0000000e     w5500.o (.text.W5500_readSn)
                  00006ebe    0000000e     drivers_cc26x2.a : PowerCC26X2.c.obj (.text.switchToTCXO)
                  00006ecc    0000000e     ti_sysbios_config.o (.text.ti_sysbios_gates_GateMutex_leave)
                  00006eda    0000000e     libc.a : memset_t2.S.obj (.text:TI_memset_small)
                  00006ee8    0000000e            : copy_decompress_none.c.obj (.text:decompress:none)
                  00006ef6    00000002     --HOLE-- [fill = 0]
                  00006ef8    0000000c     ti_sysbios_config.o (.text.BIOS_linkedWithIncorrectBootLibrary)
                  00006f04    0000000c     ti_sysbios_config.o (.text.BIOS_start)
                  00006f10    0000000c     Ethernet.o (.text.Ethernet_begin_mac_ip)
                  00006f1c    0000000c     Ethernet.o (.text.Ethernet_localIP)
                  00006f28    0000000c     ti_sysbios_config.o (.text.HwiP_disable)
                  00006f34    0000000c     drivers_cc26x2.a : I2C.c.obj (.text.I2C_Params_init)
                  00006f40    0000000c     driverlib.lib : cpu.o (.text.NOROM_CPUcpsid)
                  00006f4c    0000000c                   : cpu.o (.text.NOROM_CPUcpsie)
                  00006f58    0000000c     drivers_cc26x2.a : I2CCC26XX.c.obj (.text.OUTLINED_FUNCTION_0)
                  00006f64    0000000c     Dhcp.o (.text.OUTLINED_FUNCTION_2)
                  00006f70    0000000c     drivers_cc26x2.a : PowerCC26X2_helpers.c.obj (.text.PowerCC26X2_oscClockSourceGet)
                  00006f7c    0000000c                      : PowerCC26X2_helpers.c.obj (.text.PowerCC26X2_setPeriphDeepSleepEnable)
                  00006f88    0000000c                      : PowerCC26X2_helpers.c.obj (.text.PowerCC26X2_sysCtrlGetResetSource)
                  00006f94    0000000c                      : PowerCC26X2_helpers.c.obj (.text.PowerCC26X2_sysCtrlVoltageConditionalControl)
                  00006fa0    0000000c                      : PowerCC26X2.c.obj (.text.Power_getConstraintMask)
                  00006fac    0000000c                      : SPI.c.obj (.text.SPI_Params_init)
                  00006fb8    0000000c     w5500.o (.text.W5500_readSIPR)
                  00006fc4    0000000c     w5500.o (.text.W5500_writeGAR)
                  00006fd0    0000000c     w5500.o (.text.W5500_writeSHAR)
                  00006fdc    0000000c     w5500.o (.text.W5500_writeSIPR)
                  00006fe8    0000000c     w5500.o (.text.W5500_writeSUBR)
                  00006ff4    0000000c     libc.a : _lock.c.obj (.text._register_lock)
                  00007000    0000000c            : _lock.c.obj (.text._register_unlock)
                  0000700c    0000000c     drivers_cc26x2.a : SPICC26X2DMA.c.obj (.text.spiPostNotify)
                  00007018    0000000c     ti_sysbios_config.o (.text.ti_sysbios_heaps_HeapMem_init)
                  00007024    0000000c     ti_sysbios_config.o (.text.ti_sysbios_knl_ClockSupport_setNextTick)
                  00007030    0000000c     ti_sysbios_config.o (.text.ti_sysbios_knl_Clock_tick)
                  0000703c    0000000c     ti_sysbios_config.o (.text.ti_sysbios_knl_Task_Params_init)
                  00007048    0000000a     ti_sysbios_config.o (.text.ClockP_Params_init)
                  00007052    0000000a     drivers_cc26x2.a : I2CCC26XX.c.obj (.text.I2CMasterControl)
                  0000705c    0000000a                      : SPICC26X2DMA.c.obj (.text.OUTLINED_FUNCTION_2)
                  00007066    0000000a     rf_multiMode_cc26x2.a : RFCC26X2_multiMode.c.cc26x2.ticlang.o (.text.OUTLINED_FUNCTION_5)
                  00007070    0000000a     drivers_cc26x2.a : PowerCC26X2_helpers.c.obj (.text.PowerCC26X2_sysCtrlStandby)
                  0000707a    0000000a                      : SPICC26X2DMA.c.obj (.text.SPICC26X2DMA_init)
                  00007084    0000000a     ti_sysbios_config.o (.text.SemaphoreP_pend)
                  0000708e    0000000a     drivers_cc26x2.a : UDMACC26XX.c.obj (.text.UDMACC26XX_hwiIntFxn)
                  00007098    0000000a     w5500.o (.text.W5500_writeSnDIPR)
                  000070a2    0000000a     ArduinoCompatibility.o (.text.delay)
                  000070ac    00000008     drivers_cc26x2.a : I2CCC26XX.c.obj (.text.I2CCC26XX_blockingCallback)
                  000070b4    00000008                      : I2CCC26XX.c.obj (.text.I2CSupport_masterFinish)
                  000070bc    00000008     driverlib.lib : cpu.o (.text.NOROM_CPUdelay)
                  000070c4    00000008     Dhcp.o (.text.OUTLINED_FUNCTION_1)
                  000070cc    00000008     drivers_cc26x2.a : SPICC26X2DMA.c.obj (.text.OUTLINED_FUNCTION_1)
                  000070d4    00000008                      : PowerCC26X2_helpers.c.obj (.text.PowerCC26X2_oschfTrySwitchToXosc)
                  000070dc    00000008     w5500.o (.text.W5500_writeSnCR)
                  000070e4    00000008     w5500.o (.text.W5500_writeSnIR)
                  000070ec    00000008     w5500.o (.text.W5500_writeSnMR)
                  000070f4    00000008     libc.a : aeabi_portable.c.obj (.text.__aeabi_errno_addr)
                  000070fc    00000008     drivers_cc26x2.a : SPICC26X2DMA.c.obj (.text.blockingTransferCallback)
                  00007104    00000008     SPIfg.o (.text.resetSS)
                  0000710c    00000008     SPIfg.o (.text.setSS)
                  00007114    00000008     ti_sysbios_config.o (.text.ti_sysbios_runtime_System_exit)
                  0000711c    00000006     ti_sysbios_config.o (.text.ClockP_stop)
                  00007122    00000006     EthernetUdp.o (.text.EthernetUDP_begin_init)
                  00007128    00000006     EthernetUdp.o (.text.EthernetUDP_endPacket)
                  0000712e    00000006     ti_sysbios_config.o (.text.HwiP_restore)
                  00007134    00000006     drivers_cc26x2.a : I2CCC26XX.c.obj (.text.I2CSupport_powerRelConstraint)
                  0000713a    00000006                      : I2CCC26XX.c.obj (.text.I2CSupport_powerSetConstraint)
                  00007140    00000006     Dhcp.o (.text.OUTLINED_FUNCTION_0)
                  00007146    00000006     Dhcp.o (.text.OUTLINED_FUNCTION_3)
                  0000714c    00000006     drivers_cc26x2.a : SPI.c.obj (.text.SPI_transfer)
                  00007152    00000006     w5500.o (.text.W5500_readSnCR)
                  00007158    00000006     w5500.o (.text.W5500_readSnIR)
                  0000715e    00000006     w5500.o (.text.W5500_readSnSR)
                  00007164    00000006     ArduinoCompatibility.o (.text.random)
                  0000716a    00000006     ti_sysbios_config.o (.text.ti_sysbios_family_arm_m3_Hwi_destruct)
                  00007170    00000006     ti_sysbios_config.o (.text.ti_sysbios_family_arm_m3_Hwi_doSwiRestore)
                  00007176    00000006     ti_sysbios_config.o (.text.ti_sysbios_family_arm_m3_Hwi_doTaskRestore)
                  0000717c    00000006     ti_sysbios_config.o (.text.ti_sysbios_knl_Idle_loop)
                  00007182    00000006     ti_sysbios_config.o (.text.ti_sysbios_knl_Swi_startup)
                  00007188    00000004     ti_sysbios_config.o (.text.ClockP_start)
                  0000718c    00000004     EthernetUdp.o (.text.EthernetUDP_available)
                  00007190    00000004     EthernetUdp.o (.text.EthernetUDP_remotePort)
                  00007194    00000004     ti_sysbios_config.o (.text.HwiP_destruct)
                  00007198    00000004     ti_sysbios_config.o (.text.HwiP_disableInterrupt)
                  0000719c    00000004     ti_sysbios_config.o (.text.HwiP_enableInterrupt)
                  000071a0    00000004     drivers_cc26x2.a : PowerCC26X2_helpers.c.obj (.text.PowerCC26X2_oschfSwitchToRcosc)
                  000071a4    00000004                      : PowerCC26X2_helpers.c.obj (.text.PowerCC26X2_sysCtrlIdle)
                  000071a8    00000004                      : PowerCC26X2_helpers.c.obj (.text.PowerCC26X2_turnOnXosc)
                  000071ac    00000004     ti_sysbios_config.o (.text.ResetISR)
                  000071b0    00000004     ti_sysbios_config.o (.text.SemaphoreP_destruct)
                  000071b4    00000004     ti_sysbios_config.o (.text.SemaphoreP_post)
                  000071b8    00000004     ti_sysbios_config.o (.text.SwiP_destruct)
                  000071bc    00000004     ti_sysbios_config.o (.text.SwiP_or)
                  000071c0    00000004     ti_sysbios_config.o (.text.SwiP_post)
                  000071c4    00000004     w5500.o (.text.W5500_getIPAddress)
                  000071c8    00000004     w5500.o (.text.W5500_setGatewayIp)
                  000071cc    00000004     w5500.o (.text.W5500_setIPAddress)
                  000071d0    00000004     w5500.o (.text.W5500_setMACAddress)
                  000071d4    00000004     w5500.o (.text.W5500_setSubnetMask)
                  000071d8    00000004     ti_sysbios_config.o (.text._system_post_cinit)
                  000071dc    00000004     ti_sysbios_config.o (.text._system_pre_init)
                  000071e0    00000004     drivers_cc26x2.a : PowerCC26X2.c.obj (.text.configureRFCoreClocks)
                  000071e4    00000004                      : PowerCC26X2.c.obj (.text.nopResourceHandler)
                  000071e8    00000004     ti_sysbios_config.o (.text.ti_sysbios_heaps_HeapMem_isBlocking)
                  000071ec    00000004     libclang_rt.builtins.a : aeabi_memcpy.S.obj (.text)

.rodata    0    000071f0    00000cd5     
                  000071f0    000005d0     ti_sysbios_config.o (.rodata.str1.1)
                  000077c0    000001e0     ssd1306.o (.rodata.FONTS)
                  000079a0    0000008d     ti_sysbios_config.o (.rodata.ti_sysbios_heaps_HeapMem_alloc.err)
                  00007a2d    00000089     ti_sysbios_config.o (.rodata.ti_sysbios_family_arm_m3_Hwi_Instance_init.err.1)
                  00007ab6    00000089     ti_sysbios_config.o (.rodata.ti_sysbios_runtime_Memory_alloc.err)
                  00007b3f    00000086     ti_sysbios_config.o (.rodata.ti_sysbios_family_arm_m3_Hwi_Instance_init.err)
                  00007bc5    00000001     ti_drivers_config.o (.rodata.GPIO_pinLowerBound)
                  00007bc6    00000001     ti_drivers_config.o (.rodata.GPIO_pinUpperBound)
                  00007bc7    00000001     ti_drivers_config.o (.rodata.I2C_count)
                  00007bc8    00000070     driverlib.lib : osc.o (.rodata..L__const.NOROM_OSC_HPOSC_Debug_InitFreqOffsetParams.hposcParm)
                  00007c38    00000054     drivers_cc26x2.a : PowerCC26X2.c.obj (.rodata.resourceDB)
                  00007c8c    0000004f     gui.o (.rodata.str1.1)
                  00007cdb    00000001     ti_drivers_config.o (.rodata.SPI_count)
                  00007cdc    00000040     ti_drivers_config.o (.rodata.spiCC26X2DMAHWAttrs)
                  00007d1c    00000024     ti_sysbios_config.o (.rodata.ti_sysbios_knl_Task_Params_default)
                  00007d40    00000020     drivers_cc26x2.a : SPI.c.obj (.rodata.SPI_defaultParams)
                  00007d60    00000020     ssd1306.o (.rodata.SSD1306_InitSequence)
                  00007d80    0000001c     ti_sysbios_config.o (.rodata.ti_sysbios_family_arm_cc26xx_Timer_Params_default)
                  00007d9c    00000018     drivers_cc26x2.a : SPICC26X2DMA.c.obj (.rodata.SPICC26X2DMA_fxnTable)
                  00007db4    00000018                      : SPICC26X2DMA.c.obj (.rodata.cst8)
                  00007dcc    00000018                      : SPICC26X2DMA.c.obj (.rodata.frameFormat)
                  00007de4    00000018     ti_drivers_config.o (.rodata.i2cCC26xxHWAttrs)
                  00007dfc    00000018     ti_sysbios_config.o (.rodata.ti_sysbios_family_arm_m3_Hwi_Params_default)
                  00007e14    00000014     ti_drivers_config.o (.rodata.PowerCC26X2_config)
                  00007e28    00000014     ti_sysbios_config.o (.rodata.ti_sysbios_knl_Swi_Params_default)
                  00007e3c    00000010     ti_drivers_config.o (.rodata.GPIO_config)
                  00007e4c    00000010     drivers_cc26x2.a : I2CCC26XX.c.obj (.rodata.cst16)
                  00007e5c    0000000c     ti_drivers_config.o (.rodata.RFCC26XX_hwAttrs)
                  00007e68    0000000c     ti_drivers_config.o (.rodata.SPI_config)
                  00007e74    0000000c     ti_sysbios_config.o (.rodata.ti_sysbios_heaps_HeapMem_Params_default)
                  00007e80    0000000c     ti_sysbios_config.o (.rodata.ti_sysbios_knl_Clock_Params_default)
                  00007e8c    0000000c     ti_sysbios_config.o (.rodata.ti_sysbios_knl_Semaphore_Params_default)
                  00007e98    00000008     ti_drivers_config.o (.rodata.I2C_config)
                  00007ea0    00000008     ti_drivers_config.o (.rodata.UDMACC26XX_config)
                  00007ea8    00000008     driverlib.lib : aux_sysif.o (.rodata.cst4)
                  00007eb0    00000008     ti_sysbios_config.o (.rodata.ti_sysbios_knl_Idle_funcList)
                  00007eb8    00000008     ti_drivers_config.o (.rodata.udmaCC26XXHWAttrs)
                  00007ec0    00000004     ti_sysbios_config.o (.rodata.ti_sysbios_family_arm_m3_Hwi_swiTaskKeyAddress)
                  00007ec4    00000001     ti_drivers_config.o (.rodata.TemperatureCC26X2_config)

.bss       0    200000d8    00001492     UNINITIALIZED
                  200000d8    00000401     ssd1306.o (.bss.SSD1306_LcdBufferInclStreamByte)
                  200004d9    00000400     (.common:ti_sysbios_runtime_SysMin_outbuf)
                  200008d9    00000001     --HOLE--
                  200008da    00000002     socket.o (.bss.local_port)
                  200008dc    00000004     driverlib.lib : osc.o (.bss.oscHfGlobals.0)
                  200008e0    000002c0     rf_multiMode_cc26x2.a : RFCC26X2_multiMode.c.cc26x2.ticlang.o (.bss.RF_cmdPool)
                  20000ba0    00000200     (.common:ti_sysbios_knl_Idle_taskStack)
                  20000da0    00000140     (.common:i2cCC26xxObjects)
                  20000ee0    00000120     libsysbm.a : trgmsg.c.obj (.bss:_CIOBUF_)
                  20001000    00000100     (.common:spiCC26X2DMAObjects)
                  20001100    000000d8     (.common:ti_sysbios_family_arm_m3_Hwi_dispatchTable)
                  200011d8    0000007c     (.common:gpioCallbackFunctions)
                  20001254    0000007c     (.common:gpioUserArgs)
                  200012d0    00000060     (.common:ti_sysbios_knl_ClockSupport_timerStruct)
                  20001330    00000058     (.common:ti_sysbios_knl_Idle_taskStruct)
                  20001388    00000030     (.common:ti_sysbios_knl_Swi_readyQs)
                  200013b8    00000030     (.common:ti_sysbios_knl_Task_readyQs)
                  200013e8    0000002c     (.common:BIOS_heapMemObject)
                  20001414    00000028     (.common:BIOS_rtsGate)
                  2000143c    00000028     (.common:ti_sysbios_heaps_HeapMem_gate)
                  20001464    00000024     (.common:initTaskParams)
                  20001488    00000020     (.common:Ethernet)
                  200014a8    00000020     (.common:ti_sysbios_runtime_System_atexitHandlers)
                  200014c8    00000020     (.common:udmaCC26XXObject)
                  200014e8    0000001c     drivers_cc26x2.a : TemperatureCC26X2.c.obj (.bss.batmonHwi)
                  20001504    0000001c                      : GPIOCC26X2.c.obj (.bss.gpioHwi)
                  20001520    00000014     (.common:ti_sysbios_hal_Seconds_Module_state)
                  20001534    00000008                      : TemperatureCC26X2.c.obj (.bss.notificationList)
                  2000153c    00000008     (.common:parmbuf)
                  20001544    00000004     driverlib.lib : osc.o (.bss.oscHfGlobals.2)
                  20001548    00000004                   : osc.o (.bss.oscHfGlobals.3)
                  2000154c    00000004                   : osc.o (.bss.oscHfGlobals.4)
                  20001550    00000004     (.common:PowerCC26XX_swiKey)
                  20001554    00000004     (.common:PowerCC26XX_taskKey)
                  20001558    00000004     (.common:initTaskHandle)
                  2000155c    00000004     (.common:spi)
                  20001560    00000004     (.common:ti_sysbios_family_arm_cc26xx_TimestampProvider_Module_state)
                  20001564    00000004     (.common:ti_sysbios_knl_Task_defaultStackHeap)
                  20001568    00000002     (.common:_counter)

.data      0    20005a50    000004ff     UNINITIALIZED
                  20005a50    00000174     drivers_cc26x2.a : PowerCC26X2.c.obj (.data.PowerCC26X2_module)
                  20005bc4    0000007c     ti_drivers_config.o (.data.gpioPinConfigs)
                  20005c40    00000078     ti_sysbios_config.o (.data..L_MergedGlobals)
                  20005cb8    00000068     rf_multiMode_cc26x2.a : RFCC26X2_multiMode.c.cc26x2.ticlang.o (.data..L_MergedGlobals.1)
                  20005d20    00000068     ti_sysbios_config.o (.data..L_MergedGlobals.70)
                  20005d88    00000068     ti_sysbios_config.o (.data.ti_sysbios_knl_Clock_Module_state)
                  20005df0    00000064     rf_multiMode_cc26x2.a : RFCC26X2_multiMode.c.cc26x2.ticlang.o (.data..L_MergedGlobals.3)
                  20005e54    00000058                           : RFCC26X2_multiMode.c.cc26x2.ticlang.o (.data..L_MergedGlobals.2)
                  20005eac    0000003c     ti_sysbios_config.o (.data.ti_sysbios_knl_Task_Module_state)
                  20005ee8    00000014     ssd1306.o (.data..L_MergedGlobals)
                  20005efc    00000010     Ethernet.o (.data.Ethernet_server_port)
                  20005f0c    00000010     driverlib.lib : osc.o (.data._hposcCoeffs)
                  20005f1c    00000008     rf_multiMode_cc26x2.a : RFCC26X2_multiMode.c.cc26x2.ticlang.o (.data..L_MergedGlobals)
                  20005f24    00000008     ti_sysbios_config.o (.data.ti_sysbios_gates_GateMutex_Module_state)
                  20005f2c    00000008     ti_sysbios_config.o (.data.ti_sysbios_heaps_HeapMem_Module_state)
                  20005f34    00000008     ti_sysbios_config.o (.data.ti_sysbios_knl_Semaphore_Module_state)
                  20005f3c    00000004     drivers_cc26x2.a : TemperatureCC26X2.c.obj (.data..L_MergedGlobals)
                  20005f40    00000004     libc.a : aeabi_portable.c.obj (.data.__aeabi_errno)
                  20005f44    00000004            : _lock.c.obj (.data._lock)
                  20005f48    00000004            : _lock.c.obj (.data._unlock)
                  20005f4c    00000001     drivers_cc26x2.a : GPIOCC26X2.c.obj (.data.initCalled)
                  20005f4d    00000001                      : SPI.c.obj (.data.isInitialized)
                  20005f4e    00000001                      : TemperatureCC26X2.c.obj (.data.isInitialized)

.stack     0    20013a00    00000600     UNINITIALIZED
                  20013a00    00000004     sysbios.a : boot_cortex_m.obj (.stack)
                  20013a04    000005fc     --HOLE--

.priheap   0    20001a50    00004000     UNINITIALIZED
                  20001a50    00004000     --HOLE--

.log_data 
*          0    90000000    00000000     COPY SECTION

.resetVecs 
*          0    00000000    0000003c     
                  00000000    0000003c     ti_sysbios_config.o (.resetVecs)

.vecs      0    20000000    000000d8     NOLOAD SECTION
                  20000000    000000d8     ti_sysbios_config.o (.vecs)

__llvm_prf_cnts 
*          0    20000000    00000000     UNINITIALIZED

__llvm_prf_bits 
*          0    20000000    00000000     UNINITIALIZED

.TI.bound:dmaSpi0RxControlTableEntry 
*          0    20001830    00000010     UNINITIALIZED
                  20001830    00000010     ti_drivers_config.o (.TI.bound:dmaSpi0RxControlTableEntry)

.TI.bound:dmaSpi0TxControlTableEntry 
*          0    20001840    00000010     UNINITIALIZED
                  20001840    00000010     ti_drivers_config.o (.TI.bound:dmaSpi0TxControlTableEntry)

.TI.bound:dmaSpi0RxAltControlTableEntry 
*          0    20001a30    00000010     UNINITIALIZED
                  20001a30    00000010     ti_drivers_config.o (.TI.bound:dmaSpi0RxAltControlTableEntry)

.TI.bound:dmaSpi0TxAltControlTableEntry 
*          0    20001a40    00000010     UNINITIALIZED
                  20001a40    00000010     ti_drivers_config.o (.TI.bound:dmaSpi0TxAltControlTableEntry)

.args      0    00007ec8    00000008     
                  00007ec8    00000008     --HOLE-- [fill = 0]

MODULE SUMMARY

       Module                                     code    ro data   rw data
       ------                                     ----    -------   -------
    .\
       main.o                                     180     0         40     
       main_tirtos.o                              0       0         2      
    +--+------------------------------------------+-------+---------+---------+
       Total:                                     180     0         42     
                                                                           
    .\source\driverlib\ssd1306\
       ssd1306.o                                  642     512       1045   
    +--+------------------------------------------+-------+---------+---------+
       Total:                                     642     512       1045   
                                                                           
    .\source\driverlib\w5500\
       w5500.o                                    892     0         0      
    +--+------------------------------------------+-------+---------+---------+
       Total:                                     892     0         0      
                                                                           
    .\source\ethernet\
       Dhcp.o                                     1336    0         0      
       EthernetUdp.o                              338     0         0      
       socket.o                                   310     0         2      
       Ethernet.o                                 216     0         48     
       SPIfg.o                                    200     0         4      
       IPAddress.o                                150     0         0      
       ArduinoCompatibility.o                     88      0         0      
    +--+------------------------------------------+-------+---------+---------+
       Total:                                     2638    0         54     
                                                                           
    .\source\oled_gui\
       gui.o                                      212     79        0      
    +--+------------------------------------------+-------+---------+---------+
       Total:                                     212     79        0      
                                                                           
    .\syscfg\
       ti_sysbios_config.o                        7986    2253      2852   
       ti_drivers_config.o                        244     177       1044   
       ti_devices_config.o                        0       88        0      
    +--+------------------------------------------+-------+---------+---------+
       Total:                                     8230    2518      3896   
                                                                           
    C:/ti/simplelink_cc13xx_cc26xx_sdk_6_30_01_03/kernel/tirtos7/packages/ti/sysbios/lib/ticlang/m4f/sysbios.a
       Hwi_asm_gnu.obj                            324     0         0      
       Hwi_asm_switch_gnu.obj                     118     0         0      
       TaskSupport_asm_gnu.obj                    64      0         0      
       boot_cortex_m.obj                          52      0         0      
    +--+------------------------------------------+-------+---------+---------+
       Total:                                     558     0         0      
                                                                           
    C:/ti/simplelink_cc13xx_cc26xx_sdk_6_30_01_03/source/ti/devices/cc13x2_cc26x2/driverlib/bin/ticlang/driverlib.lib
       osc.o                                      2542    112       32     
       sys_ctrl.o                                 432     0         0      
       setup.o                                    424     0         0      
       prcm.o                                     136     0         0      
       chipinfo.o                                 128     0         0      
       aux_sysif.o                                72      8         0      
       cpu.o                                      32      0         0      
    +--+------------------------------------------+-------+---------+---------+
       Total:                                     3766    120       32     
                                                                           
    C:/ti/simplelink_cc13xx_cc26xx_sdk_6_30_01_03/source/ti/drivers/lib/ticlang/m4f/drivers_cc26x2.a
       SPICC26X2DMA.c.obj                         2868    72        0      
       PowerCC26X2.c.obj                          1722    84        372    
       I2CCC26XX.c.obj                            994     16        0      
       PowerCC26X2_calibrateRCOSC.c.obj           836     0         0      
       TemperatureCC26X2.c.obj                    672     0         41     
       PowerCC26X2_calibrateRCOSC_helpers.c.obj   432     0         0      
       I2C.c.obj                                  366     0         0      
       GPIOCC26X2.c.obj                           328     0         29     
       PowerCC26X2_helpers.c.obj                  282     0         0      
       GPIOCC26XX.c.obj                           276     0         0      
       SPI.c.obj                                  150     32        1      
       UDMACC26XX.c.obj                           166     0         0      
       GPIO.c.obj                                 124     0         0      
       List.c.obj                                 76      0         0      
    +--+------------------------------------------+-------+---------+---------+
       Total:                                     9292    204       443    
                                                                           
    C:/ti/simplelink_cc13xx_cc26xx_sdk_6_30_01_03/source/ti/drivers/rf/lib/ticlang/m4f/rf_multiMode_cc26x2.a
       RFCC26X2_multiMode.c.cc26x2.ticlang.o      966     0         1004   
       rfc.c.cc26x2.ticlang.o                     64      0         0      
    +--+------------------------------------------+-------+---------+---------+
       Total:                                     1030    0         1004   
                                                                           
    C:\ti\ccs1210\ccs\tools\compiler\ti-cgt-armllvm_2.1.2.LTS\lib\armv7em-ti-none-eabihf/c/libc.a
       copy_decompress_lzss.c.obj                 106     0         0      
       autoinit.c.obj                             56      0         0      
       _lock.c.obj                                26      0         8      
       args_main.c.obj                            20      0         0      
       memcpy_t2.S.obj                            18      0         0      
       copy_zero_init.c.obj                       16      0         0      
       copy_decompress_none.c.obj                 14      0         0      
       memset_t2.S.obj                            14      0         0      
       aeabi_portable.c.obj                       8       0         4      
    +--+------------------------------------------+-------+---------+---------+
       Total:                                     278     0         12     
                                                                           
    C:\ti\ccs1210\ccs\tools\compiler\ti-cgt-armllvm_2.1.2.LTS\lib\armv7em-ti-none-eabihf/c/libsysbm.a
       trgmsg.c.obj                               100     0         288    
       hostwrite.c.obj                            84      0         0      
       hostopen.c.obj                             0       0         8      
    +--+------------------------------------------+-------+---------+---------+
       Total:                                     184     0         296    
                                                                           
    C:\ti\ccs1210\ccs\tools\compiler\ti-cgt-armllvm_2.1.2.LTS\lib\clang/14.0.6/lib/armv7em-ti-none-eabihf/libclang_rt.builtins.a
       adddf3.S.obj                               438     0         0      
       divdf3.S.obj                               310     0         0      
       udivmoddi4.S.obj                           176     0         0      
       divmoddi4.c.obj                            92      0         0      
       fixunsdfsi.S.obj                           68      0         0      
       floatunsidf.S.obj                          32      0         0      
       aeabi_ldivmod.S.obj                        20      0         0      
       aeabi_memset.S.obj                         20      0         0      
       aeabi_uldivmod.S.obj                       20      0         0      
       aeabi_memcpy.S.obj                         4       0         0      
       aeabi_div0.c.obj                           2       0         0      
    +--+------------------------------------------+-------+---------+---------+
       Total:                                     1182    0         0      
                                                                           
       Stack:                                     0       0         1536   
       Linker Generated:                          0       297       0      
    +--+------------------------------------------+-------+---------+---------+
       Grand Total:                               29084   3730      8360   


LINKER GENERATED COPY TABLES

__TI_cinit_table @ 00007fcc records: 6, size/record: 8, table size: 48
	.data: load addr=00007ed0, load size=000000c5 bytes, run addr=20005a50, run size=000004ff bytes, compression=lzss
	.TI.bound:dmaSpi0RxAltControlTableEntry: load addr=00007fa4, load size=00000008 bytes, run addr=20001a30, run size=00000010 bytes, compression=zero_init
	.TI.bound:dmaSpi0RxControlTableEntry: load addr=00007fac, load size=00000008 bytes, run addr=20001830, run size=00000010 bytes, compression=zero_init
	.TI.bound:dmaSpi0TxAltControlTableEntry: load addr=00007fb4, load size=00000008 bytes, run addr=20001a40, run size=00000010 bytes, compression=zero_init
	.TI.bound:dmaSpi0TxControlTableEntry: load addr=00007fbc, load size=00000008 bytes, run addr=20001840, run size=00000010 bytes, compression=zero_init
	.bss: load addr=00007fc4, load size=00000008 bytes, run addr=200000d8, run size=00001492 bytes, compression=zero_init


LINKER GENERATED HANDLER TABLE

__TI_handler_table @ 00007f98 records: 3, size/record: 4, table size: 12
	index: 0, handler: __TI_decompress_lzss
	index: 1, handler: __TI_decompress_none
	index: 2, handler: __TI_zero_init


GLOBAL SYMBOLS: SORTED ALPHABETICALLY BY Name 

address   name                                                               
-------   ----                                                               
20005d20  BIOS_Module_state                                                  
00004ce1  BIOS_atExitFunc                                                    
00006ab1  BIOS_exitFunc                                                      
200013e8  BIOS_heapMemObject                                                 
00004a55  BIOS_init                                                          
00006ef9  BIOS_linkedWithIncorrectBootLibrary                                
0000062b  BIOS_nullFunc                                                      
00006195  BIOS_registerRTSLock                                               
00006375  BIOS_removeRTSLock                                                 
20001414  BIOS_rtsGate                                                       
0000681d  BIOS_rtsLock                                                       
00006ac9  BIOS_rtsUnlock                                                     
00006f05  BIOS_start                                                         
00004841  BIOS_startFunc                                                     
00006399  Board_init                                                         
00001803  Board_initHook                                                     
000047a5  Board_sendExtFlashByte                                             
00004665  Board_shutDownExtFlash                                             
00005bc1  Board_wakeUpExtFlash                                               
000059e3  C$$IO$$                                                            
00007049  ClockP_Params_init                                                 
00005bf1  ClockP_construct                                                   
00006d55  ClockP_getCpuFreq                                                  
00004b75  ClockP_getSystemTickPeriod                                         
00007189  ClockP_start                                                       
0000711d  ClockP_stop                                                        
00004d25  DHCP_beginWithDHCP                                                 
00006d65  DHCP_getDnsServerIp                                                
00006d75  DHCP_getGatewayIp                                                  
00006d85  DHCP_getLocalIp                                                    
00006d95  DHCP_getSubnetMask                                                 
000008f5  DHCP_parseDHCPResponse                                             
0000661b  DHCP_printByte                                                     
00001ffd  DHCP_request_DHCP_lease                                            
00001165  DHCP_send_DHCP_MESSAGE                                             
20001488  Ethernet                                                           
0000718d  EthernetUDP_available                                              
00004a9d  EthernetUDP_begin                                                  
00006ce9  EthernetUDP_beginPacket_ip                                         
00007123  EthernetUDP_begin_init                                             
00007129  EthernetUDP_endPacket                                              
00006cfb  EthernetUDP_flush                                                  
000050dd  EthernetUDP_parsePacket                                            
0000606d  EthernetUDP_read                                                   
00006097  EthernetUDP_read_buf                                               
00007191  EthernetUDP_remotePort                                             
000063bd  EthernetUDP_stop                                                   
000069f9  EthernetUDP_write                                                  
00003d01  Ethernet_begin_mac                                                 
00006f11  Ethernet_begin_mac_ip                                              
00006d0d  Ethernet_begin_mac_ip_dns                                          
00006e95  Ethernet_begin_mac_ip_dns_gateway                                  
000058e9  Ethernet_begin_mac_ip_dns_gateway_subnet                           
00006f1d  Ethernet_localIP                                                   
20005efc  Ethernet_server_port                                               
00007e3c  GPIO_config                                                        
00006ae1  GPIO_disableInt                                                    
00006da5  GPIO_getUserArg                                                    
00004d69  GPIO_hwiIntFxn                                                     
00002219  GPIO_init                                                          
00007bc5  GPIO_pinLowerBound                                                 
00007bc6  GPIO_pinUpperBound                                                 
00006be5  GPIO_read                                                          
0000539d  GPIO_resetConfig                                                   
00006839  GPIO_setCallback                                                   
000034cd  GPIO_setConfig                                                     
00005c21  GPIO_setInterruptConfig                                            
00006855  GPIO_setMux                                                        
00006bf9  GPIO_setUserArg                                                    
00006db5  GPIO_write                                                         
00006871  GUI_ChangeDeviceIp                                                 
0000688d  GUI_ChangeTargetIp                                                 
00003275  GUI_Init                                                           
00004000  HEAPSIZE                                                           
000044c1  HOSTwrite                                                          
00006dc5  HwiP_Params_init                                                   
0000663d  HwiP_clearInterrupt                                                
000053d9  HwiP_construct                                                     
00007195  HwiP_destruct                                                      
00006f29  HwiP_disable                                                       
00007199  HwiP_disableInterrupt                                              
0000719d  HwiP_enableInterrupt                                               
0000712f  HwiP_restore                                                       
000070b5  I2CSupport_masterFinish                                            
00007135  I2CSupport_powerRelConstraint                                      
0000713b  I2CSupport_powerSetConstraint                                      
00003e45  I2CSupport_primeTransfer                                           
00006f35  I2C_Params_init                                                    
000061bd  I2C_cancel                                                         
00007e98  I2C_config                                                         
00007bc7  I2C_count                                                          
00001a5f  I2C_init                                                           
00001591  I2C_open                                                           
00006d1f  I2C_transfer                                                       
00001939  I2C_transferTimeout                                                
00006d31  IPAddress_Init_str                                                 
0000366d  IPAddress_toString                                                 
UNDEFED   ITM_flush                                                          
UNDEFED   ITM_restore                                                        
0000386d  InitTask                                                           
000063e1  List_put                                                           
000061e5  List_remove                                                        
00004ae5  NOROM_AUXSYSIFOpModeChange                                         
00006f41  NOROM_CPUcpsid                                                     
00006f4d  NOROM_CPUcpsie                                                     
000070bd  NOROM_CPUdelay                                                     
00004611  NOROM_ChipInfo_GetHwRevision                                       
00002d0b  NOROM_OSCHF_AttemptToSwitchToXosc                                  
000038e5  NOROM_OSCHF_SwitchToRcOscTurnOffXosc                               
000060c1  NOROM_OSCHF_TurnOnXosc                                             
0000395d  NOROM_OSC_CapArrayAdjustWorkaround_Boot                            
00002c55  NOROM_OSC_HPOSCInitializeFrequencyOffsetParameters                 
0000488d  NOROM_OSC_HPOSCRelativeFrequencyOffsetGet                          
00004dad  NOROM_PRCMPowerDomainsAllOff                                       
00004df1  NOROM_PRCMPowerDomainsAllOn                                        
0000665d  NOROM_RFCDoorbellSendTo                                            
0000667d  NOROM_RFCOverrideSearch                                            
000024f9  NOROM_SetupTrimDevice                                              
00005415  NOROM_SysCtrlIdle                                                  
000036f1  NOROM_SysCtrlSetRechargeBeforePowerDown                            
0000231d  NOROM_SysCtrlStandby                                               
00005dd1  NOROM_ThisLibraryIsFor_CC13x2_CC26x2_HwRev20AndLater_HaltIfViolated
0000511d  PowerCC26X2_RCOSC_clockFunc                                        
00000e49  PowerCC26X2_auxISR                                                 
0000210d  PowerCC26X2_calibrate                                              
00007e14  PowerCC26X2_config                                                 
[...]
0000688d  GUI_ChangeTargetIp                                                 
000068a9  Power_getTransitionLatency                                         
000068c5  SSD1306_UpdateScreen                                               
000068e1  W5500_writeSnDPORT                                                 
000068fd  W5500_writeSnPORT                                                  
00006919  W5500_writeSnRX_RD                                                 
00006935  W5500_writeSnTX_WR                                                 
00006989  ti_sysbios_knl_Idle_run                                            
000069a5  ti_sysbios_knl_Queue_put                                           
000069c1  ti_sysbios_knl_Swi_construct                                       
000069dd  ti_sysbios_knl_Swi_destruct                                        
000069f9  EthernetUDP_write                                                  
00006a2d  W5500_readSnRX_RD                                                  
00006a47  W5500_readSnRX_RSR                                                 
00006a61  W5500_readSnTX_FSR                                                 
00006a7b  W5500_readSnTX_WR                                                  
00006a95  ti_sysbios_knl_Task_sleepTimeout                                   
00006ab1  BIOS_exitFunc                                                      
00006ac9  BIOS_rtsUnlock                                                     
00006ae1  GPIO_disableInt                                                    
00006af9  PowerCC26XX_calibrate                                              
00006b11  Power_idleFunc                                                     
00006b29  ti_sysbios_knl_Clock_scheduleNextTick                              
00006b41  ti_sysbios_knl_Swi_construct2                                      
00006b59  ti_sysbios_knl_Swi_or                                              
00006b71  ti_sysbios_knl_TaskSupport_glue                                    
00006b89  ti_sysbios_knl_Task_unblock                                        
00006ba1  W5500_read_data                                                    
00006bb7  close                                                              
00006bcd  ti_sysbios_knl_Clock_start                                         
00006be5  GPIO_read                                                          
00006bf9  GPIO_setUserArg                                                    
00006c35  Temperature_getTemperature                                         
00006c49  W5500_execCmdSn                                                    
00006c5d  W5500_writeSn                                                      
00006c71  W5500_writeSn_buf                                                  
00006c85  _args_main                                                         
00006c99  ti_sysbios_family_arm_m3_Hwi_switchFromBootStack                   
00006cad  __aeabi_ldivmod                                                    
00006cc1  __aeabi_memset                                                     
00006cc1  __aeabi_memset4                                                    
00006cc1  __aeabi_memset8                                                    
00006ccd  __aeabi_memclr                                                     
00006ccd  __aeabi_memclr4                                                    
00006ccd  __aeabi_memclr8                                                    
00006cd5  __aeabi_uldivmod                                                   
00006ce9  EthernetUDP_beginPacket_ip                                         
00006cfb  EthernetUDP_flush                                                  
00006d0d  Ethernet_begin_mac_ip_dns                                          
00006d1f  I2C_transfer                                                       
00006d31  IPAddress_Init_str                                                 
00006d43  TI_memcpy_small                                                    
00006d55  ClockP_getCpuFreq                                                  
00006d65  DHCP_getDnsServerIp                                                
00006d75  DHCP_getGatewayIp                                                  
00006d85  DHCP_getLocalIp                                                    
00006d95  DHCP_getSubnetMask                                                 
00006da5  GPIO_getUserArg                                                    
00006db5  GPIO_write                                                         
00006dc5  HwiP_Params_init                                                   
00006dd5  PowerCC26X2_oscCtlClearXtal                                        
00006de5  PowerCC26X2_prcmEnableCacheRetention                               
00006df5  PowerCC26X2_readCtrim                                              
00006e05  PowerCC26X2_readCtrimFract                                         
00006e15  PowerCC26X2_readRtrim                                              
00006e25  PowerCC26X2_switchToTCXO                                           
00006e35  Power_getDependencyCount                                           
00006e45  SSD1306_SetPosition                                                
00006e55  SwiP_Params_init                                                   
00006e65  ti_sysbios_family_arm_cc26xx_Timer_dynamicStub                     
00006e75  ti_sysbios_family_arm_m3_Hwi_excHandler                            
00006e85  __TI_zero_init                                                     
00006e95  Ethernet_begin_mac_ip_dns_gateway                                  
00006eb1  W5500_readSn                                                       
00006ecd  ti_sysbios_gates_GateMutex_leave                                   
00006edb  TI_memset_small                                                    
00006ee9  __TI_decompress_none                                               
00006ef9  BIOS_linkedWithIncorrectBootLibrary                                
00006f05  BIOS_start                                                         
00006f11  Ethernet_begin_mac_ip                                              
00006f1d  Ethernet_localIP                                                   
00006f29  HwiP_disable                                                       
00006f35  I2C_Params_init                                                    
00006f41  NOROM_CPUcpsid                                                     
00006f4d  NOROM_CPUcpsie                                                     
00006f71  PowerCC26X2_oscClockSourceGet                                      
00006f7d  PowerCC26X2_setPeriphDeepSleepEnable                               
00006f89  PowerCC26X2_sysCtrlGetResetSource                                  
00006f95  PowerCC26X2_sysCtrlVoltageConditionalControl                       
00006fa1  Power_getConstraintMask                                            
00006fad  SPI_Params_init                                                    
00006fb9  W5500_readSIPR                                                     
00006fc5  W5500_writeGAR                                                     
00006fd1  W5500_writeSHAR                                                    
00006fdd  W5500_writeSIPR                                                    
00006fe9  W5500_writeSUBR                                                    
00006ff5  _register_lock                                                     
00007001  _register_unlock                                                   
00007019  ti_sysbios_heaps_HeapMem_init                                      
00007025  ti_sysbios_knl_ClockSupport_setNextTick                            
00007031  ti_sysbios_knl_Clock_tick                                          
0000703d  ti_sysbios_knl_Task_Params_init                                    
00007049  ClockP_Params_init                                                 
00007071  PowerCC26X2_sysCtrlStandby                                         
0000707b  SPICC26X2DMA_init                                                  
00007085  SemaphoreP_pend                                                    
0000708f  UDMACC26XX_hwiIntFxn                                               
00007099  W5500_writeSnDIPR                                                  
000070a3  delay                                                              
000070b5  I2CSupport_masterFinish                                            
000070bd  NOROM_CPUdelay                                                     
000070d5  PowerCC26X2_oschfTrySwitchToXosc                                   
000070dd  W5500_writeSnCR                                                    
000070e5  W5500_writeSnIR                                                    
000070ed  W5500_writeSnMR                                                    
000070f5  __aeabi_errno_addr                                                 
00007105  resetSS                                                            
0000710d  setSS                                                              
00007115  ti_sysbios_runtime_System_exit                                     
0000711d  ClockP_stop                                                        
00007123  EthernetUDP_begin_init                                             
00007129  EthernetUDP_endPacket                                              
0000712f  HwiP_restore                                                       
00007135  I2CSupport_powerRelConstraint                                      
0000713b  I2CSupport_powerSetConstraint                                      
0000714d  SPI_transfer                                                       
00007153  W5500_readSnCR                                                     
00007159  W5500_readSnIR                                                     
0000715f  W5500_readSnSR                                                     
00007165  random                                                             
0000716b  ti_sysbios_family_arm_m3_Hwi_destruct                              
00007171  ti_sysbios_family_arm_m3_Hwi_doSwiRestore                          
00007177  ti_sysbios_family_arm_m3_Hwi_doTaskRestore                         
0000717d  ti_sysbios_knl_Idle_loop                                           
00007183  ti_sysbios_knl_Swi_startup                                         
00007189  ClockP_start                                                       
0000718d  EthernetUDP_available                                              
00007191  EthernetUDP_remotePort                                             
00007195  HwiP_destruct                                                      
00007199  HwiP_disableInterrupt                                              
0000719d  HwiP_enableInterrupt                                               
000071a1  PowerCC26X2_oschfSwitchToRcosc                                     
000071a5  PowerCC26X2_sysCtrlIdle                                            
000071a9  PowerCC26X2_turnOnXosc                                             
000071ad  ResetISR                                                           
000071b1  SemaphoreP_destruct                                                
000071b5  SemaphoreP_post                                                    
000071b9  SwiP_destruct                                                      
000071bd  SwiP_or                                                            
000071c1  SwiP_post                                                          
000071c5  W5500_getIPAddress                                                 
000071c9  W5500_setGatewayIp                                                 
000071cd  W5500_setIPAddress                                                 
000071d1  W5500_setMACAddress                                                
000071d5  W5500_setSubnetMask                                                
000071d9  _system_post_cinit                                                 
000071dd  _system_pre_init                                                   
000071e9  ti_sysbios_heaps_HeapMem_isBlocking                                
000071ed  __aeabi_memcpy                                                     
000071ed  __aeabi_memcpy4                                                    
000071ed  __aeabi_memcpy8                                                    
00007bc5  GPIO_pinLowerBound                                                 
00007bc6  GPIO_pinUpperBound                                                 
00007bc7  I2C_count                                                          
00007c38  resourceDB                                                         
00007cdb  SPI_count                                                          
00007cdc  spiCC26X2DMAHWAttrs                                                
00007d40  SPI_defaultParams                                                  
00007d60  SSD1306_InitSequence                                               
00007d9c  SPICC26X2DMA_fxnTable                                              
00007de4  i2cCC26xxHWAttrs                                                   
00007e14  PowerCC26X2_config                                                 
00007e3c  GPIO_config                                                        
00007e5c  RFCC26XX_hwAttrs                                                   
00007e68  SPI_config                                                         
00007e98  I2C_config                                                         
00007ea0  UDMACC26XX_config                                                  
00007eb0  ti_sysbios_knl_Idle_funcList                                       
00007eb8  udmaCC26XXHWAttrs                                                  
00007ec0  ti_sysbios_family_arm_m3_Hwi_swiTaskKeyAddress                     
00007ec4  TemperatureCC26X2_config                                           
00007ec8  __c_args__                                                         
00007f98  __TI_Handler_Table_Base                                            
00007fa4  __TI_Handler_Table_Limit                                           
00007fcc  __TI_CINIT_Base                                                    
00007ffc  __TI_CINIT_Limit                                                   
00007ffc  __TI_CINIT_Warm                                                    
0004ffa8  __ccfg                                                             
20000000  __start___llvm_prf_bits                                            
20000000  __start___llvm_prf_cnts                                            
20000000  __stop___llvm_prf_bits                                             
20000000  __stop___llvm_prf_cnts                                             
20000000  ti_sysbios_family_arm_m3_Hwi_ramVectors                            
200004d9  ti_sysbios_runtime_SysMin_outbuf                                   
20000ba0  ti_sysbios_knl_Idle_taskStack                                      
20000da0  i2cCC26xxObjects                                                   
20000ee0  _CIOBUF_                                                           
20000ee0  __CIOBUF_                                                          
20001000  spiCC26X2DMAObjects                                                
20001100  ti_sysbios_family_arm_m3_Hwi_dispatchTable                         
200011d8  gpioCallbackFunctions                                              
20001254  gpioUserArgs                                                       
200012d0  ti_sysbios_knl_ClockSupport_timerStruct                            
20001330  ti_sysbios_knl_Idle_taskStruct                                     
20001388  ti_sysbios_knl_Swi_readyQs                                         
200013b8  ti_sysbios_knl_Task_readyQs                                        
200013e8  BIOS_heapMemObject                                                 
20001414  BIOS_rtsGate                                                       
2000143c  ti_sysbios_heaps_HeapMem_gate                                      
20001464  initTaskParams                                                     
20001488  Ethernet                                                           
200014a8  ti_sysbios_runtime_System_atexitHandlers                           
200014c8  udmaCC26XXObject                                                   
20001520  ti_sysbios_hal_Seconds_Module_state                                
2000153c  parmbuf                                                            
20001550  PowerCC26XX_swiKey                                                 
20001554  PowerCC26XX_taskKey                                                
20001558  initTaskHandle                                                     
2000155c  spi                                                                
20001560  ti_sysbios_family_arm_cc26xx_TimestampProvider_Module_state        
20001564  ti_sysbios_knl_Task_defaultStackHeap                               
20001568  _counter                                                           
20001a50  __primary_heap_start__                                             
20005a50  PowerCC26X2_module                                                 
20005a50  __primary_heap_end__                                               
20005bc4  gpioPinConfigs                                                     
20005c40  ti_sysbios_runtime_Startup_done                                    
20005c43  ti_sysbios_knl_Idle_initDone                                       
20005c44  ti_sysbios_runtime_Memory_defaultHeapInstance                      
20005c5c  ti_sysbios_runtime_Error_ignore                                    
20005c68  ti_sysbios_family_arm_cc26xx_Timer_Module_state                    
20005c74  ti_sysbios_runtime_System_Module_state                             
20005c80  ti_sysbios_runtime_SysMin_Module_state                             
20005c90  ti_sysbios_knl_Swi_Module_state                                    
20005d20  BIOS_Module_state                                                  
20005d4c  ti_sysbios_family_arm_m3_Hwi_Module_state                          
20005d88  ti_sysbios_knl_Clock_Module_state                                  
20005eac  ti_sysbios_knl_Task_Module_state                                   
20005efc  Ethernet_server_port                                               
20005f0c  _hposcCoeffs                                                       
20005f24  ti_sysbios_gates_GateMutex_Module_state                            
20005f2c  ti_sysbios_heaps_HeapMem_Module_state                              
20005f34  ti_sysbios_knl_Semaphore_Module_state                              
20005f40  __aeabi_errno                                                      
20005f44  _lock                                                              
20005f48  _unlock                                                            
20013a00  __stack                                                            
20014000  __STACK_END                                                        
ffffffff  __TI_pprof_out_hndl                                                
ffffffff  __TI_prof_data_size                                                
ffffffff  __TI_prof_data_start                                               
ffffffff  __binit__                                                          
ffffffff  binit                                                              
UNDEFED   ITM_flush                                                          
UNDEFED   ITM_restore                                                        
UNDEFED   __mpu_init                                                         

[503 symbols]
