******************************************************************************
            TI ARM Clang Linker PC v2.1.2                      
******************************************************************************
>> Linked Mon Sep 11 18:11:15 2023

OUTPUT FILE NAME:   <multiSniff_LP_CC2652RB_tirtos7_ticlang2.out>
ENTRY POINT SYMBOL: "ResetISR"  address: 00002bd3


MEMORY CONFIGURATION

         name            origin    length      used     unused   attr    fill
----------------------  --------  ---------  --------  --------  ----  --------
  FLASH                 00000000   00058000  000035fc  00054a04  R  X
  GPRAM                 11000000   00002000  00000000  00002000  RW X
  SRAM                  20000000   00014000  00004ea8  0000f158  RW X
  LOG_DATA              90000000   00040000  00000000  00040000  R   


SEGMENT ALLOCATION MAP

run origin  load origin   length   init length attrs members
----------  ----------- ---------- ----------- ----- -------
00000000    00000000    000034e8   000034e8    r-x
  00000000    00000000    0000003c   0000003c    r-- .resetVecs
  0000003c    0000003c    00002bb4   00002bb4    r-x .text
  00002bf0    00002bf0    000008f8   000008f8    r-- .rodata
000034e8    000034e8    00000008   00000008    rw-
  000034e8    000034e8    00000008   00000008    rw- .args
000034f0    000034f0    000000b4   000000b4    r--
  000034f0    000034f0    000000b4   000000b4    r-- .cinit
00057fa8    00057fa8    00000058   00000058    r--
  00057fa8    00057fa8    00000058   00000058    r-- .ccfg
200000d8    200000d8    00004000   00000000    r--
  200000d8    200000d8    00004000   00000000    r-- .priheap
200040d8    200040d8    000007d0   00000000    rw-
  200040d8    200040d8    000004c8   00000000    rw- .bss
  200045a0    200045a0    00000308   00000000    rw- .data
20013a00    20013a00    00000600   00000000    rw-
  20013a00    20013a00    00000600   00000000    rw- .stack


SECTION ALLOCATION MAP

 output                                  attributes/
section   page    origin      length       input sections
--------  ----  ----------  ----------   ----------------
.binit     0    00000000    00000000     

.cinit     0    000034f0    000000b4     
                  000034f0    0000008d     (.cinit..data.load) [load image, compression = lzss]
                  0000357d    00000003     --HOLE-- [fill = 0]
                  00003580    0000000c     (__TI_handler_table)
                  0000358c    00000008     (.cinit..bss.load) [load image, compression = zero_init]
                  00003594    00000010     (__TI_cinit_table)

.init_array 
*          0    00000000    00000000     UNINITIALIZED

.ccfg      0    00057fa8    00000058     
                  00057fa8    00000058     ti_devices_config.o (.ccfg)

.bss       0    200040d8    000004c8     UNINITIALIZED
                  200040d8    00000200     (.common:ti_sysbios_knl_Idle_taskStack)
                  200042d8    000000d8     (.common:ti_sysbios_family_arm_m3_Hwi_dispatchTable)
                  200043b0    00000060     (.common:ti_sysbios_knl_ClockSupport_timerStruct)
                  20004410    00000058     (.common:ti_sysbios_knl_Idle_taskStruct)
                  20004468    00000030     (.common:ti_sysbios_knl_Swi_readyQs)
                  20004498    00000030     (.common:ti_sysbios_knl_Task_readyQs)
                  200044c8    0000002c     (.common:BIOS_heapMemObject)
                  200044f4    00000028     (.common:BIOS_rtsGate)
                  2000451c    00000028     (.common:ti_sysbios_heaps_HeapMem_gate)
                  20004544    00000024     (.common:testParams)
                  20004568    00000020     (.common:ti_sysbios_runtime_System_atexitHandlers)
                  20004588    00000004     driverlib.lib : osc.o (.bss.oscHfGlobals.2)
                  2000458c    00000004                   : osc.o (.bss.oscHfGlobals.4)
                  20004590    00000004     (.common:PowerCC26XX_swiKey)
                  20004594    00000004     (.common:PowerCC26XX_taskKey)
                  20004598    00000004     (.common:ti_sysbios_family_arm_cc26xx_TimestampProvider_Module_state)
                  2000459c    00000004     (.common:ti_sysbios_knl_Task_defaultStackHeap)

.data      0    200045a0    00000308     UNINITIALIZED
                  200045a0    00000174     drivers_cc26x2.a : PowerCC26X2.c.obj (.data.PowerCC26X2_module)
                  20004714    00000004     libc.a : _lock.c.obj (.data._lock)
                  20004718    00000068     ti_sysbios_config.o (.data..L_MergedGlobals.70)
                  20004780    00000068     ti_sysbios_config.o (.data..L_MergedGlobals)
                  200047e8    00000068     ti_sysbios_config.o (.data.ti_sysbios_knl_Clock_Module_state)
                  20004850    0000003c     ti_sysbios_config.o (.data.ti_sysbios_knl_Task_Module_state)
                  2000488c    00000008     ti_sysbios_config.o (.data.ti_sysbios_gates_GateMutex_Module_state)
                  20004894    00000008     ti_sysbios_config.o (.data.ti_sysbios_heaps_HeapMem_Module_state)
                  2000489c    00000008     ti_sysbios_config.o (.data.ti_sysbios_knl_Semaphore_Module_state)
                  200048a4    00000004     libc.a : _lock.c.obj (.data._unlock)

.stack     0    20013a00    00000600     UNINITIALIZED
                  20013a00    00000004     sysbios.a : boot_cortex_m.obj (.stack)
                  20013a04    000005fc     --HOLE--

.priheap   0    200000d8    00004000     UNINITIALIZED
                  200000d8    00004000     --HOLE--

.log_data 
*          0    90000000    00000000     COPY SECTION

.resetVecs 
*          0    00000000    0000003c     
                  00000000    0000003c     ti_sysbios_config.o (.resetVecs)

.vecs      0    20000000    000000d8     NOLOAD SECTION
                  20000000    000000d8     ti_sysbios_config.o (.vecs)

__llvm_prf_cnts 
*          0    20000000    00000000     UNINITIALIZED

__llvm_prf_bits 
*          0    20000000    00000000     UNINITIALIZED

.text      0    0000003c    00002bb4     
                  0000003c    00000158     drivers_cc26x2.a : PowerCC26X2.c.obj (.text.Power_sleep)
                  00000194    00000120     ti_sysbios_config.o (.text.ti_sysbios_family_arm_cc26xx_Timer_construct)
                  000002b4    0000011c     sysbios.a : Hwi_asm_gnu.obj (.text.ti_sysbios_family_arm_m3_Hwi_dispatch)
                  000003d0    0000010c     drivers_cc26x2.a : PowerCC26X2_calibrateRCOSC.c.obj (.text.PowerCC26X2_calibrate)
                  000004dc    000000f4     driverlib.lib : sys_ctrl.o (.text.NOROM_SysCtrlStandby)
                  000005d0    000000e4                   : setup.o (.text.NOROM_SetupTrimDevice)
                  000006b4    000000e4     ti_sysbios_config.o (.text.ti_sysbios_knl_Semaphore_pend)
                  00000798    000000d8     ti_sysbios_config.o (.text.ti_sysbios_family_arm_m3_Hwi_excFillContext)
                  00000870    000000d0     drivers_cc26x2.a : PowerCC26X2.c.obj (.text.configureXOSCHF)
                  00000940    000000cc     ti_sysbios_config.o (.text.ti_sysbios_knl_Clock_workFuncDynamic)
                  00000a0c    000000c4     driverlib.lib : setup.o (.text.TrimAfterColdResetWakeupFromShutDown)
                  00000ad0    000000b8     ti_sysbios_config.o (.text.ti_sysbios_knl_Task_Instance_finalize)
                  00000b88    000000b4     ti_sysbios_config.o (.text.PowerCC26XX_standbyPolicy)
                  00000c3c    000000b4     drivers_cc26x2.a : PowerCC26X2.c.obj (.text.Power_releaseDependency)
                  00000cf0    000000b0                      : PowerCC26X2.c.obj (.text.Power_setDependency)
                  00000da0    000000b0     libclang_rt.builtins.a : udivmoddi4.S.obj (.text)
                  00000e50    000000a4     ti_sysbios_config.o (.text.ti_sysbios_knl_Task_Instance_init)
                  00000ef4    00000094     ti_sysbios_config.o (.text.ti_sysbios_knl_Clock_startI)
                  00000f88    0000008c     ti_sysbios_config.o (.text.ti_sysbios_knl_Clock_init)
                  00001014    00000080     driverlib.lib : sys_ctrl.o (.text.NOROM_SysCtrlSetRechargeBeforePowerDown)
                  00001094    00000080     ti_sysbios_config.o (.text.ti_sysbios_family_arm_m3_Hwi_initNVIC)
                  00001114    0000007c     ti_sysbios_config.o (.text.ti_sysbios_family_arm_m3_Hwi_postInit)
                  00001190    00000078     driverlib.lib : osc.o (.text.NOROM_OSCHF_SwitchToRcOscTurnOffXosc)
                  00001208    00000078                   : osc.o (.text.NOROM_OSC_CapArrayAdjustWorkaround_Boot)
                  00001280    00000078     ti_sysbios_config.o (.text.ti_sysbios_knl_Task_postInit)
                  000012f8    00000074     ti_sysbios_config.o (.text.ti_sysbios_knl_Swi_restoreHwi)
                  0000136c    00000070     ti_sysbios_config.o (.text.ti_sysbios_family_arm_m3_Hwi_Instance_init)
                  000013dc    00000070     ti_sysbios_config.o (.text.ti_sysbios_knl_Task_startup)
                  0000144c    0000006c     ti_sysbios_config.o (.text.ti_sysbios_family_arm_m3_Hwi_dispatchC)
                  000014b8    0000006a     libc.a : copy_decompress_lzss.c.obj (.text:decompress:lzss)
                  00001522    00000002     ti_sysbios_config.o (.text.BIOS_nullFunc)
                  00001524    00000068     ti_sysbios_config.o (.text.ti_sysbios_knl_Swi_run)
                  0000158c    00000064     drivers_cc26x2.a : PowerCC26X2_calibrateRCOSC.c.obj (.text.PowerCC26X2_initiateCalibration)
                  000015f0    00000064     ti_sysbios_config.o (.text.ti_sysbios_knl_Idle_init)
                  00001654    00000064     ti_sysbios_config.o (.text.ti_sysbios_knl_TaskSupport_buildTaskStack)
                  000016b8    00000060     ti_sysbios_config.o (.text.ti_sysbios_heaps_HeapMem_allocUnprotected)
                  00001718    00000060     ti_sysbios_config.o (.text.ti_sysbios_knl_Clock_walkQueueDynamic)
                  00001778    00000060     ti_sysbios_config.o (.text.ti_sysbios_knl_Semaphore_post)
                  000017d8    00000060     ti_sysbios_config.o (.text.ti_sysbios_knl_Swi_schedule)
                  00001838    00000058     sysbios.a : Hwi_asm_switch_gnu.obj (.text.ti_sysbios_family_arm_m3_Hwi_initStacks)
                  00001890    00000052     driverlib.lib : chipinfo.o (.text.NOROM_ChipInfo_GetHwRevision)
                  000018e2    00000002     libclang_rt.builtins.a : aeabi_div0.c.obj (.text.__aeabi_ldiv0)
                  000018e4    00000050     ti_sysbios_config.o (.text.ti_sysbios_knl_Swi_post)
                  00001934    00000050     ti_sysbios_config.o (.text.ti_sysbios_knl_Swi_runLoop)
                  00001984    0000004e     ti_sysbios_config.o (.text.ti_sysbios_heaps_HeapMem_freeUnprotected)
                  000019d2    00000002     libc.a : _lock.c.obj (.text._nop)
                  000019d4    0000004c     ti_sysbios_config.o (.text.BIOS_startFunc)
                  00001a20    0000004c     ti_sysbios_config.o (.text.ti_sysbios_knl_Swi_Instance_init)
                  00001a6c    00000048     ti_sysbios_config.o (.text.BIOS_init)
                  00001ab4    00000048     driverlib.lib : aux_sysif.o (.text.NOROM_AUXSYSIFOpModeChange)
                  00001afc    00000048     ti_sysbios_config.o (.text.ti_sysbios_family_arm_cc26xx_Timer_start)
                  00001b44    00000048     ti_sysbios_config.o (.text.ti_sysbios_heaps_HeapMem_Instance_init)
                  00001b8c    00000048     ti_sysbios_config.o (.text.ti_sysbios_heaps_HeapMem_alloc)
                  00001bd4    00000048     ti_sysbios_config.o (.text.ti_sysbios_knl_Task_schedule)
                  00001c1c    00000048     ti_sysbios_config.o (.text.ti_sysbios_runtime_Startup_exec)
                  00001c64    00000044     ti_sysbios_config.o (.text.BIOS_atExitFunc)
                  00001ca8    00000044     driverlib.lib : prcm.o (.text.NOROM_PRCMPowerDomainsAllOff)
                  00001cec    00000044                   : prcm.o (.text.NOROM_PRCMPowerDomainsAllOn)
                  00001d30    00000044     ti_sysbios_config.o (.text.ti_sysbios_family_arm_m3_Hwi_disableInterrupt)
                  00001d74    00000044     ti_sysbios_config.o (.text.ti_sysbios_family_arm_m3_Hwi_enableInterrupt)
                  00001db8    00000044     ti_sysbios_config.o (.text.ti_sysbios_knl_Swi_restore)
                  00001dfc    00000040     drivers_cc26x2.a : PowerCC26X2_calibrateRCOSC_helpers.c.obj (.text.PowerCC26X2_setAclkRefSrc)
                  00001e3c    00000040     ti_sysbios_config.o (.text.ti_sysbios_heaps_HeapMem_getStats)
                  00001e7c    00000040     ti_sysbios_config.o (.text.ti_sysbios_knl_Clock_getTicksUntilInterrupt)
                  00001ebc    00000040     ti_sysbios_config.o (.text.ti_sysbios_knl_Task_exit)
                  00001efc    0000003c     driverlib.lib : sys_ctrl.o (.text.NOROM_SysCtrlIdle)
                  00001f38    0000003c     drivers_cc26x2.a : PowerCC26X2_calibrateRCOSC_helpers.c.obj (.text.PowerCC26X2_setTdcClkSrc24M)
                  00001f74    0000003c     ti_sysbios_config.o (.text.ti_sysbios_family_arm_cc26xx_Timer_periodicStub)
                  00001fb0    0000003c     ti_sysbios_config.o (.text.ti_sysbios_family_arm_cc26xx_Timer_setThreshold)
                  00001fec    0000003c     ti_sysbios_config.o (.text.ti_sysbios_heaps_HeapMem_construct)
                  00002028    0000003c     ti_sysbios_config.o (.text.ti_sysbios_knl_ClockSupport_init)
                  00002064    0000003c     ti_sysbios_config.o (.text.ti_sysbios_knl_Task_blockI)
                  000020a0    0000003c     ti_sysbios_config.o (.text.ti_sysbios_knl_Task_restore)
                  000020dc    0000003c     ti_sysbios_config.o (.text.ti_sysbios_runtime_Memory_alloc)
                  00002118    00000038     ti_sysbios_config.o (.text.ti_sysbios_knl_Task_processVitalTaskFlag)
                  00002150    00000038     libc.a : autoinit.c.obj (.text:__TI_auto_init_nobinit_nopinit)
                  00002188    00000034     drivers_cc26x2.a : PowerCC26X2.c.obj (.text.Power_releaseConstraint)
                  000021bc    00000034     ti_sysbios_config.o (.text._pthread_cleanupFxn)
                  000021f0    00000034     ti_sysbios_config.o (.text.ti_sysbios_family_arm_m3_Hwi_getStackInfo)
                  00002224    00000034     ti_sysbios_config.o (.text.ti_sysbios_family_arm_m3_Hwi_init)
                  00002258    00000034     ti_sysbios_config.o (.text.ti_sysbios_knl_Task_unblockI)
                  0000228c    00000034     ti_sysbios_config.o (.text.ti_sysbios_runtime_Error_raiseX)
                  000022c0    00000034     sysbios.a : boot_cortex_m.obj (.text:_c_int00)
                  000022f4    00000032     ti_sysbios_config.o (.text.ti_sysbios_knl_Semaphore_pendTimeout)
                  00002326    00000002     ti_sysbios_config.o (.text.ti_sysbios_runtime_System_exitSpin)
                  00002328    00000030     drivers_cc26x2.a : PowerCC26X2.c.obj (.text.Power_setConstraint)
                  00002358    00000030                      : PowerCC26X2.c.obj (.text.notify)
                  00002388    00000030     ti_sysbios_config.o (.text.ti_sysbios_family_arm_m3_Hwi_excHandlerMin)
                  000023b8    00000030     ti_sysbios_config.o (.text.ti_sysbios_heaps_HeapMem_free)
                  000023e8    00000030     ti_sysbios_config.o (.text.ti_sysbios_knl_TaskSupport_start)
                  00002418    00000030     ti_sysbios_config.o (.text.ti_sysbios_runtime_System_atexit)
                  00002448    00000030     ti_sysbios_config.o (.text.ti_sysbios_runtime_System_processAtExit)
                  00002478    0000002e     driverlib.lib : chipinfo.o (.text.NOROM_ThisLibraryIsFor_CC13x2_CC26x2_HwRev20AndLater_HaltIfViolated)
                  000024a6    00000002     --HOLE-- [fill = 0]
                  000024a8    0000002c     ti_sysbios_config.o (.text.PowerCC26XX_schedulerDisable)
                  000024d4    0000002c     ti_sysbios_config.o (.text._pthread_delete)
                  00002500    0000002c     ti_sysbios_config.o (.text.ti_sysbios_gates_GateMutex_enter)
                  0000252c    0000002c     ti_sysbios_config.o (.text.ti_sysbios_knl_Clock_getTicks)
                  00002558    0000002c     ti_sysbios_config.o (.text.ti_sysbios_knl_Task_restoreHwi)
                  00002584    0000002a     driverlib.lib : osc.o (.text.NOROM_OSCHF_TurnOnXosc)
                  000025ae    0000002a     ti_sysbios_config.o (.text.ti_sysbios_family_arm_cc26xx_Timer_setNextTick)
                  000025d8    0000002a     ti_sysbios_config.o (.text.ti_sysbios_knl_Task_allBlockedFunction)
                  00002602    00000002     --HOLE-- [fill = 0]
                  00002604    00000028     ti_sysbios_config.o (.text.BIOS_registerRTSLock)
                  0000262c    00000028     sysbios.a : Hwi_asm_gnu.obj (.text.ti_sysbios_family_arm_m3_Hwi_excHandlerAsm)
                  00002654    00000028     ti_sysbios_config.o (.text.ti_sysbios_gates_GateMutex_Instance_init)
                  0000267c    00000028     ti_sysbios_config.o (.text.ti_sysbios_knl_Semaphore_Instance_init)
                  000026a4    00000028     ti_sysbios_config.o (.text.ti_sysbios_knl_Swi_init)
                  000026cc    00000028     sysbios.a : TaskSupport_asm_gnu.obj (.text.ti_sysbios_knl_TaskSupport_swap)
                  000026f4    00000028     ti_sysbios_config.o (.text.ti_sysbios_knl_Task_construct)
                  0000271c    00000028     ti_sysbios_config.o (.text.ti_sysbios_knl_Task_init)
                  00002744    00000024     ti_sysbios_config.o (.text.BIOS_removeRTSLock)
                  00002768    00000024     ti_sysbios_config.o (.text.ti_sysbios_family_arm_m3_Hwi_construct)
                  0000278c    00000024     ti_sysbios_config.o (.text.ti_sysbios_knl_Semaphore_destruct)
                  000027b0    00000024     ti_sysbios_config.o (.text.ti_sysbios_knl_Task_enter)
                  000027d4    00000020     drivers_cc26x2.a : PowerCC26X2_helpers.c.obj (.text.PowerCC26X2_disableTCXOQual)
                  000027f4    00000020                      : PowerCC26X2_helpers.c.obj (.text.PowerCC26X2_enableTCXOQual)
                  00002814    00000020     ti_sysbios_config.o (.text.PowerCC26XX_schedulerRestore)
                  00002834    00000020     ti_sysbios_config.o (.text.ti_sysbios_family_arm_m3_Hwi_initStack)
                  00002854    00000020     ti_sysbios_config.o (.text.ti_sysbios_knl_Task_delete)
                  00002874    00000020     ti_sysbios_config.o (.text.ti_sysbios_knl_Task_destruct)
                  00002894    0000001e     sysbios.a : Hwi_asm_switch_gnu.obj (.text.ti_sysbios_family_arm_m3_Hwi_switchAndRunFunc)
                  000028b2    00000002     --HOLE-- [fill = 0]
                  000028b4    0000001c     ti_sysbios_config.o (.text.BIOS_rtsLock)
                  000028d0    0000001c     drivers_cc26x2.a : PowerCC26X2.c.obj (.text.Power_getTransitionLatency)
                  000028ec    0000001c     main_tirtos.o (.text.main)
                  00002908    0000001c     ti_sysbios_config.o (.text.ti_sysbios_knl_Idle_run)
                  00002924    0000001c     ti_sysbios_config.o (.text.ti_sysbios_knl_Queue_put)
                  00002940    00000018     ti_sysbios_config.o (.text.BIOS_exitFunc)
                  00002958    00000018     ti_sysbios_config.o (.text.BIOS_rtsUnlock)
                  00002970    00000018     drivers_cc26x2.a : PowerCC26X2.c.obj (.text.PowerCC26XX_calibrate)
                  00002988    00000018                      : PowerCC26X2.c.obj (.text.Power_idleFunc)
                  000029a0    00000018     ti_sysbios_config.o (.text.ti_sysbios_knl_Clock_scheduleNextTick)
                  000029b8    00000018     sysbios.a : TaskSupport_asm_gnu.obj (.text.ti_sysbios_knl_TaskSupport_glue)
                  000029d0    00000018     ti_sysbios_config.o (.text.ti_sysbios_knl_Task_unblock)
                  000029e8    00000016     ti_sysbios_config.o (.text.ti_sysbios_knl_Clock_start)
                  000029fe    00000002     --HOLE-- [fill = 0]
                  00002a00    00000014     libc.a : args_main.c.obj (.text._args_main)
                  00002a14    00000014     ti_sysbios_config.o (.text.ti_sysbios_family_arm_m3_Hwi_switchFromBootStack)
                  00002a28    00000014     libclang_rt.builtins.a : aeabi_memset.S.obj (.text)
                  00002a3c    00000014                            : aeabi_uldivmod.S.obj (.text)
                  00002a50    00000012     libc.a : memcpy_t2.S.obj (.text:TI_memcpy_small)
                  00002a62    00000002     --HOLE-- [fill = 0]
                  00002a64    00000010     drivers_cc26x2.a : PowerCC26X2_helpers.c.obj (.text.PowerCC26X2_prcmEnableCacheRetention)
                  00002a74    00000010     ti_sysbios_config.o (.text.ti_sysbios_family_arm_cc26xx_Timer_dynamicStub)
                  00002a84    00000010     ti_sysbios_config.o (.text.ti_sysbios_family_arm_m3_Hwi_excHandler)
                  00002a94    00000010     libc.a : copy_zero_init.c.obj (.text:decompress:ZI)
                  00002aa4    0000000e     ti_sysbios_config.o (.text.ti_sysbios_gates_GateMutex_leave)
                  00002ab2    0000000e     libc.a : memset_t2.S.obj (.text:TI_memset_small)
                  00002ac0    0000000e            : copy_decompress_none.c.obj (.text:decompress:none)
                  00002ace    00000002     --HOLE-- [fill = 0]
                  00002ad0    0000000c     ti_sysbios_config.o (.text.BIOS_linkedWithIncorrectBootLibrary)
                  00002adc    0000000c     ti_sysbios_config.o (.text.BIOS_start)
                  00002ae8    0000000c     ti_sysbios_config.o (.text.HwiP_disable)
                  00002af4    0000000c     driverlib.lib : cpu.o (.text.NOROM_CPUcpsid)
                  00002b00    0000000c                   : cpu.o (.text.NOROM_CPUcpsie)
                  00002b0c    0000000c     drivers_cc26x2.a : PowerCC26X2_helpers.c.obj (.text.PowerCC26X2_oscClockSourceGet)
                  00002b18    0000000c                      : PowerCC26X2_helpers.c.obj (.text.PowerCC26X2_setPeriphDeepSleepEnable)
                  00002b24    0000000c                      : PowerCC26X2_helpers.c.obj (.text.PowerCC26X2_sysCtrlVoltageConditionalControl)
                  00002b30    0000000c                      : PowerCC26X2.c.obj (.text.Power_getConstraintMask)
                  00002b3c    0000000c     libc.a : _lock.c.obj (.text._register_lock)
                  00002b48    0000000c            : _lock.c.obj (.text._register_unlock)
                  00002b54    0000000c     ti_sysbios_config.o (.text.ti_sysbios_heaps_HeapMem_init)
                  00002b60    0000000c     ti_sysbios_config.o (.text.ti_sysbios_knl_ClockSupport_setNextTick)
                  00002b6c    0000000c     ti_sysbios_config.o (.text.ti_sysbios_knl_Clock_tick)
                  00002b78    0000000c     ti_sysbios_config.o (.text.ti_sysbios_knl_Task_Params_init)
                  00002b84    0000000a     drivers_cc26x2.a : PowerCC26X2_helpers.c.obj (.text.PowerCC26X2_sysCtrlStandby)
                  00002b8e    00000008     driverlib.lib : cpu.o (.text.NOROM_CPUdelay)
                  00002b96    00000008     ti_sysbios_config.o (.text.ti_sysbios_runtime_System_exit)
                  00002b9e    00000006     ti_sysbios_config.o (.text.ClockP_stop)
                  00002ba4    00000006     ti_sysbios_config.o (.text.HwiP_restore)
                  00002baa    00000006     ti_sysbios_config.o (.text.ti_sysbios_family_arm_m3_Hwi_doSwiRestore)
                  00002bb0    00000006     ti_sysbios_config.o (.text.ti_sysbios_family_arm_m3_Hwi_doTaskRestore)
                  00002bb6    00000006     ti_sysbios_config.o (.text.ti_sysbios_knl_Idle_loop)
                  00002bbc    00000006     ti_sysbios_config.o (.text.ti_sysbios_knl_Swi_startup)
                  00002bc2    00000004     ti_sysbios_config.o (.text.ClockP_start)
                  00002bc6    00000004     drivers_cc26x2.a : PowerCC26X2_helpers.c.obj (.text.PowerCC26X2_oschfSwitchToRcosc)
                  00002bca    00000004                      : PowerCC26X2_helpers.c.obj (.text.PowerCC26X2_sysCtrlIdle)
                  00002bce    00000004                      : PowerCC26X2_helpers.c.obj (.text.PowerCC26X2_turnOnXosc)
                  00002bd2    00000004     ti_sysbios_config.o (.text.ResetISR)
                  00002bd6    00000004     ti_sysbios_config.o (.text._system_post_cinit)
                  00002bda    00000004     ti_sysbios_config.o (.text._system_pre_init)
                  00002bde    00000004     drivers_cc26x2.a : PowerCC26X2.c.obj (.text.configureRFCoreClocks)
                  00002be2    00000004                      : PowerCC26X2.c.obj (.text.nopResourceHandler)
                  00002be6    00000004     ti_sysbios_config.o (.text.ti_sysbios_heaps_HeapMem_isBlocking)
                  00002bea    00000002     --HOLE-- [fill = 0]
                  00002bec    00000004     libclang_rt.builtins.a : aeabi_memcpy.S.obj (.text)

.rodata    0    00002bf0    000008f8     
                  00002bf0    000005d0     ti_sysbios_config.o (.rodata.str1.1)
                  000031c0    0000008d     ti_sysbios_config.o (.rodata.ti_sysbios_heaps_HeapMem_alloc.err)
                  0000324d    00000089     ti_sysbios_config.o (.rodata.ti_sysbios_family_arm_m3_Hwi_Instance_init.err.1)
                  000032d6    00000089     ti_sysbios_config.o (.rodata.ti_sysbios_runtime_Memory_alloc.err)
                  0000335f    00000086     ti_sysbios_config.o (.rodata.ti_sysbios_family_arm_m3_Hwi_Instance_init.err)
                  000033e5    00000001     --HOLE-- [fill = 0]
                  000033e6    00000054     drivers_cc26x2.a : PowerCC26X2.c.obj (.rodata.resourceDB)
                  0000343a    00000002     --HOLE-- [fill = 0]
                  0000343c    00000024     ti_sysbios_config.o (.rodata.ti_sysbios_knl_Task_Params_default)
                  00003460    0000001c     ti_sysbios_config.o (.rodata.ti_sysbios_family_arm_cc26xx_Timer_Params_default)
                  0000347c    00000018     ti_sysbios_config.o (.rodata.ti_sysbios_family_arm_m3_Hwi_Params_default)
                  00003494    00000014     ti_drivers_config.o (.rodata.PowerCC26X2_config)
                  000034a8    00000014     ti_sysbios_config.o (.rodata.ti_sysbios_knl_Swi_Params_default)
                  000034bc    0000000c     ti_sysbios_config.o (.rodata.ti_sysbios_heaps_HeapMem_Params_default)
                  000034c8    0000000c     ti_sysbios_config.o (.rodata.ti_sysbios_knl_Semaphore_Params_default)
                  000034d4    00000008     driverlib.lib : aux_sysif.o (.rodata.cst4)
                  000034dc    00000008     ti_sysbios_config.o (.rodata.ti_sysbios_knl_Idle_funcList)
                  000034e4    00000004     ti_sysbios_config.o (.rodata.ti_sysbios_family_arm_m3_Hwi_swiTaskKeyAddress)

.args      0    000034e8    00000008     
                  000034e8    00000008     --HOLE-- [fill = 0]

MODULE SUMMARY

       Module                                     code    ro data   rw data
       ------                                     ----    -------   -------
    .\
       main_tirtos.o                              28      0         36     
    +--+------------------------------------------+-------+---------+---------+
       Total:                                     28      0         36     
                                                                           
    .\syscfg\
       ti_sysbios_config.o                        6808    2241      1792   
       ti_devices_config.o                        0       88        0      
       ti_drivers_config.o                        0       20        0      
    +--+------------------------------------------+-------+---------+---------+
       Total:                                     6808    2349      1792   
                                                                           
    C:/ti/simplelink_cc13xx_cc26xx_sdk_6_30_01_03/kernel/tirtos7/packages/ti/sysbios/lib/ticlang/m4f/sysbios.a
       Hwi_asm_gnu.obj                            324     0         0      
       Hwi_asm_switch_gnu.obj                     118     0         0      
       TaskSupport_asm_gnu.obj                    64      0         0      
       boot_cortex_m.obj                          52      0         0      
    +--+------------------------------------------+-------+---------+---------+
       Total:                                     558     0         0      
                                                                           
    C:/ti/simplelink_cc13xx_cc26xx_sdk_6_30_01_03/source/ti/devices/cc13x2_cc26x2/driverlib/bin/ticlang/driverlib.lib
       sys_ctrl.o                                 432     0         0      
       setup.o                                    424     0         0      
       osc.o                                      282     0         8      
       prcm.o                                     136     0         0      
       chipinfo.o                                 128     0         0      
       aux_sysif.o                                72      8         0      
       cpu.o                                      32      0         0      
    +--+------------------------------------------+-------+---------+---------+
       Total:                                     1506    8         8      
                                                                           
    C:/ti/simplelink_cc13xx_cc26xx_sdk_6_30_01_03/source/ti/drivers/lib/ticlang/m4f/drivers_cc26x2.a
       PowerCC26X2.c.obj                          1152    84        372    
       PowerCC26X2_calibrateRCOSC.c.obj           368     0         0      
       PowerCC26X2_helpers.c.obj                  138     0         0      
       PowerCC26X2_calibrateRCOSC_helpers.c.obj   124     0         0      
    +--+------------------------------------------+-------+---------+---------+
       Total:                                     1782    84        372    
                                                                           
    C:\ti\ccs1210\ccs\tools\compiler\ti-cgt-armllvm_2.1.2.LTS\lib\armv7em-ti-none-eabihf/c/libc.a
       copy_decompress_lzss.c.obj                 106     0         0      
       autoinit.c.obj                             56      0         0      
       _lock.c.obj                                26      0         8      
       args_main.c.obj                            20      0         0      
       memcpy_t2.S.obj                            18      0         0      
       copy_zero_init.c.obj                       16      0         0      
       copy_decompress_none.c.obj                 14      0         0      
       memset_t2.S.obj                            14      0         0      
    +--+------------------------------------------+-------+---------+---------+
       Total:                                     270     0         8      
                                                                           
    C:\ti\ccs1210\ccs\tools\compiler\ti-cgt-armllvm_2.1.2.LTS\lib\clang/14.0.6/lib/armv7em-ti-none-eabihf/libclang_rt.builtins.a
       udivmoddi4.S.obj                           176     0         0      
       aeabi_memset.S.obj                         20      0         0      
       aeabi_uldivmod.S.obj                       20      0         0      
       aeabi_memcpy.S.obj                         4       0         0      
       aeabi_div0.c.obj                           2       0         0      
    +--+------------------------------------------+-------+---------+---------+
       Total:                                     222     0         0      
                                                                           
       Stack:                                     0       0         1536   
       Linker Generated:                          0       177       0      
    +--+------------------------------------------+-------+---------+---------+
       Grand Total:                               11174   2618      3752   


LINKER GENERATED COPY TABLES

__TI_cinit_table @ 00003594 records: 2, size/record: 8, table size: 16
	.data: load addr=000034f0, load size=0000008d bytes, run addr=200045a0, run size=00000308 bytes, compression=lzss
	.bss: load addr=0000358c, load size=00000008 bytes, run addr=200040d8, run size=000004c8 bytes, compression=zero_init


LINKER GENERATED HANDLER TABLE

__TI_handler_table @ 00003580 records: 3, size/record: 4, table size: 12
	index: 0, handler: __TI_decompress_lzss
	index: 1, handler: __TI_decompress_none
	index: 2, handler: __TI_zero_init


GLOBAL SYMBOLS: SORTED ALPHABETICALLY BY Name 

address   name                                                               
-------   ----                                                               
20004718  BIOS_Module_state                                                  
00001c65  BIOS_atExitFunc                                                    
00002941  BIOS_exitFunc                                                      
200044c8  BIOS_heapMemObject                                                 
00001a6d  BIOS_init                                                          
00002ad1  BIOS_linkedWithIncorrectBootLibrary                                
00001523  BIOS_nullFunc                                                      
00002605  BIOS_registerRTSLock                                               
00002745  BIOS_removeRTSLock                                                 
200044f4  BIOS_rtsGate                                                       
000028b5  BIOS_rtsLock                                                       
00002959  BIOS_rtsUnlock                                                     
00002add  BIOS_start                                                         
000019d5  BIOS_startFunc                                                     
00002bc3  ClockP_start                                                       
00002b9f  ClockP_stop                                                        
00004000  HEAPSIZE                                                           
00002ae9  HwiP_disable                                                       
00002ba5  HwiP_restore                                                       
UNDEFED   ITM_flush                                                          
UNDEFED   ITM_restore                                                        
00001ab5  NOROM_AUXSYSIFOpModeChange                                         
00002af5  NOROM_CPUcpsid                                                     
00002b01  NOROM_CPUcpsie                                                     
00002b8f  NOROM_CPUdelay                                                     
00001891  NOROM_ChipInfo_GetHwRevision                                       
00001191  NOROM_OSCHF_SwitchToRcOscTurnOffXosc                               
00002585  NOROM_OSCHF_TurnOnXosc                                             
00001209  NOROM_OSC_CapArrayAdjustWorkaround_Boot                            
00001ca9  NOROM_PRCMPowerDomainsAllOff                                       
00001ced  NOROM_PRCMPowerDomainsAllOn                                        
000005d1  NOROM_SetupTrimDevice                                              
00001efd  NOROM_SysCtrlIdle                                                  
00001015  NOROM_SysCtrlSetRechargeBeforePowerDown                            
000004dd  NOROM_SysCtrlStandby                                               
00002479  NOROM_ThisLibraryIsFor_CC13x2_CC26x2_HwRev20AndLater_HaltIfViolated
000003d1  PowerCC26X2_calibrate                                              
00003494  PowerCC26X2_config                                                 
000027d5  PowerCC26X2_disableTCXOQual                                        
000027f5  PowerCC26X2_enableTCXOQual                                         
0000158d  PowerCC26X2_initiateCalibration                                    
200045a0  PowerCC26X2_module                                                 
00002b0d  PowerCC26X2_oscClockSourceGet                                      
00002bc7  PowerCC26X2_oschfSwitchToRcosc                                     
00002a65  PowerCC26X2_prcmEnableCacheRetention                               
00001dfd  PowerCC26X2_setAclkRefSrc                                          
00002b19  PowerCC26X2_setPeriphDeepSleepEnable                               
00001f39  PowerCC26X2_setTdcClkSrc24M                                        
00002bcb  PowerCC26X2_sysCtrlIdle                                            
00002b85  PowerCC26X2_sysCtrlStandby                                         
00002b25  PowerCC26X2_sysCtrlVoltageConditionalControl                       
00002bcf  PowerCC26X2_turnOnXosc                                             
00002971  PowerCC26XX_calibrate                                              
000024a9  PowerCC26XX_schedulerDisable                                       
00002815  PowerCC26XX_schedulerRestore                                       
00000b89  PowerCC26XX_standbyPolicy                                          
20004590  PowerCC26XX_swiKey                                                 
20004594  PowerCC26XX_taskKey                                                
00002b31  Power_getConstraintMask                                            
000028d1  Power_getTransitionLatency                                         
00002989  Power_idleFunc                                                     
00002189  Power_releaseConstraint                                            
00000c3d  Power_releaseDependency                                            
00002329  Power_setConstraint                                                
00000cf1  Power_setDependency                                                
0000003d  Power_sleep                                                        
00002bd3  ResetISR                                                           
00002a51  TI_memcpy_small                                                    
00002ab3  TI_memset_small                                                    
20014000  __STACK_END                                                        
00000600  __STACK_SIZE                                                       
00003594  __TI_CINIT_Base                                                    
000035a4  __TI_CINIT_Limit                                                   
000035a4  __TI_CINIT_Warm                                                    
00003580  __TI_Handler_Table_Base                                            
0000358c  __TI_Handler_Table_Limit                                           
00002151  __TI_auto_init_nobinit_nopinit                                     
000014b9  __TI_decompress_lzss                                               
00002ac1  __TI_decompress_none                                               
ffffffff  __TI_pprof_out_hndl                                                
ffffffff  __TI_prof_data_size                                                
ffffffff  __TI_prof_data_start                                               
00000000  __TI_static_base__                                                 
00002a95  __TI_zero_init                                                     
000018e3  __aeabi_ldiv0                                                      
00002a35  __aeabi_memclr                                                     
00002a35  __aeabi_memclr4                                                    
00002a35  __aeabi_memclr8                                                    
00002bed  __aeabi_memcpy                                                     
00002bed  __aeabi_memcpy4                                                    
00002bed  __aeabi_memcpy8                                                    
00002a29  __aeabi_memset                                                     
00002a29  __aeabi_memset4                                                    
00002a29  __aeabi_memset8                                                    
00002a3d  __aeabi_uldivmod                                                   
ffffffff  __binit__                                                          
000034e8  __c_args__                                                         
00057fa8  __ccfg                                                             
UNDEFED   __mpu_init                                                         
200040d8  __primary_heap_end__                                               
200000d8  __primary_heap_start__                                             
20013a00  __stack                                                            
20000000  __start___llvm_prf_bits                                            
20000000  __start___llvm_prf_cnts                                            
20000000  __stop___llvm_prf_bits                                             
20000000  __stop___llvm_prf_cnts                                             
00000da1  __udivmoddi4                                                       
00002a01  _args_main                                                         
000022c1  _c_int00                                                           
20004714  _lock                                                              
000019d3  _nop                                                               
000021bd  _pthread_cleanupFxn                                                
00002b3d  _register_lock                                                     
00002b49  _register_unlock                                                   
00002bd7  _system_post_cinit                                                 
00002bdb  _system_pre_init                                                   
200048a4  _unlock                                                            
ffffffff  binit                                                              
000028ed  main                                                               
000033e6  resourceDB                                                         
20004544  testParams                                                         
200047a8  ti_sysbios_family_arm_cc26xx_Timer_Module_state                    
00000195  ti_sysbios_family_arm_cc26xx_Timer_construct                       
00002a75  ti_sysbios_family_arm_cc26xx_Timer_dynamicStub                     
00001f75  ti_sysbios_family_arm_cc26xx_Timer_periodicStub                    
000025af  ti_sysbios_family_arm_cc26xx_Timer_setNextTick                     
00001fb1  ti_sysbios_family_arm_cc26xx_Timer_setThreshold                    
00001afd  ti_sysbios_family_arm_cc26xx_Timer_start                           
20004598  ti_sysbios_family_arm_cc26xx_TimestampProvider_Module_state        
0000136d  ti_sysbios_family_arm_m3_Hwi_Instance_init                         
20004744  ti_sysbios_family_arm_m3_Hwi_Module_state                          
00002769  ti_sysbios_family_arm_m3_Hwi_construct                             
00001d31  ti_sysbios_family_arm_m3_Hwi_disableInterrupt                      
000002b5  ti_sysbios_family_arm_m3_Hwi_dispatch                              
0000144d  ti_sysbios_family_arm_m3_Hwi_dispatchC                             
200042d8  ti_sysbios_family_arm_m3_Hwi_dispatchTable                         
00002bab  ti_sysbios_family_arm_m3_Hwi_doSwiRestore                          
00002bb1  ti_sysbios_family_arm_m3_Hwi_doTaskRestore                         
00001d75  ti_sysbios_family_arm_m3_Hwi_enableInterrupt                       
00000799  ti_sysbios_family_arm_m3_Hwi_excFillContext                        
00002a85  ti_sysbios_family_arm_m3_Hwi_excHandler                            
0000262d  ti_sysbios_family_arm_m3_Hwi_excHandlerAsm                         
00002389  ti_sysbios_family_arm_m3_Hwi_excHandlerMin                         
000021f1  ti_sysbios_family_arm_m3_Hwi_getStackInfo                          
00002225  ti_sysbios_family_arm_m3_Hwi_init                                  
00001095  ti_sysbios_family_arm_m3_Hwi_initNVIC                              
00002835  ti_sysbios_family_arm_m3_Hwi_initStack                             
00001839  ti_sysbios_family_arm_m3_Hwi_initStacks                            
0000038c  ti_sysbios_family_arm_m3_Hwi_interruptsAreDisabledButShouldNotBe   
00000391  ti_sysbios_family_arm_m3_Hwi_pendSV                                
00001115  ti_sysbios_family_arm_m3_Hwi_postInit                              
20000000  ti_sysbios_family_arm_m3_Hwi_ramVectors                            
00000000  ti_sysbios_family_arm_m3_Hwi_resetVectors                          
000003b4  ti_sysbios_family_arm_m3_Hwi_return                                
000034e4  ti_sysbios_family_arm_m3_Hwi_swiTaskKeyAddress                     
00002895  ti_sysbios_family_arm_m3_Hwi_switchAndRunFunc                      
00002a15  ti_sysbios_family_arm_m3_Hwi_switchFromBootStack                   
00002655  ti_sysbios_gates_GateMutex_Instance_init                           
2000488c  ti_sysbios_gates_GateMutex_Module_state                            
00002501  ti_sysbios_gates_GateMutex_enter                                   
00002aa5  ti_sysbios_gates_GateMutex_leave                                   
00001b45  ti_sysbios_heaps_HeapMem_Instance_init                             
20004894  ti_sysbios_heaps_HeapMem_Module_state                              
00001b8d  ti_sysbios_heaps_HeapMem_alloc                                     
000016b9  ti_sysbios_heaps_HeapMem_allocUnprotected                          
00001fed  ti_sysbios_heaps_HeapMem_construct                                 
000023b9  ti_sysbios_heaps_HeapMem_free                                      
00001985  ti_sysbios_heaps_HeapMem_freeUnprotected                           
2000451c  ti_sysbios_heaps_HeapMem_gate                                      
00001e3d  ti_sysbios_heaps_HeapMem_getStats                                  
00002b55  ti_sysbios_heaps_HeapMem_init                                      
00002be7  ti_sysbios_heaps_HeapMem_isBlocking                                
00002029  ti_sysbios_knl_ClockSupport_init                                   
00002b61  ti_sysbios_knl_ClockSupport_setNextTick                            
200043b0  ti_sysbios_knl_ClockSupport_timerStruct                            
200047e8  ti_sysbios_knl_Clock_Module_state                                  
0000252d  ti_sysbios_knl_Clock_getTicks                                      
00001e7d  ti_sysbios_knl_Clock_getTicksUntilInterrupt                        
00000f89  ti_sysbios_knl_Clock_init                                          
000029a1  ti_sysbios_knl_Clock_scheduleNextTick                              
000029e9  ti_sysbios_knl_Clock_start                                         
00000ef5  ti_sysbios_knl_Clock_startI                                        
00002b6d  ti_sysbios_knl_Clock_tick                                          
00001719  ti_sysbios_knl_Clock_walkQueueDynamic                              
00000941  ti_sysbios_knl_Clock_workFuncDynamic                               
000034dc  ti_sysbios_knl_Idle_funcList                                       
000015f1  ti_sysbios_knl_Idle_init                                           
20004783  ti_sysbios_knl_Idle_initDone                                       
00002bb7  ti_sysbios_knl_Idle_loop                                           
00002909  ti_sysbios_knl_Idle_run                                            
200040d8  ti_sysbios_knl_Idle_taskStack                                      
20004410  ti_sysbios_knl_Idle_taskStruct                                     
00002925  ti_sysbios_knl_Queue_put                                           
0000267d  ti_sysbios_knl_Semaphore_Instance_init                             
2000489c  ti_sysbios_knl_Semaphore_Module_state                              
0000278d  ti_sysbios_knl_Semaphore_destruct                                  
000006b5  ti_sysbios_knl_Semaphore_pend                                      
000022f5  ti_sysbios_knl_Semaphore_pendTimeout                               
00001779  ti_sysbios_knl_Semaphore_post                                      
00001a21  ti_sysbios_knl_Swi_Instance_init                                   
200047c0  ti_sysbios_knl_Swi_Module_state                                    
000026a5  ti_sysbios_knl_Swi_init                                            
000018e5  ti_sysbios_knl_Swi_post                                            
20004468  ti_sysbios_knl_Swi_readyQs                                         
00001db9  ti_sysbios_knl_Swi_restore                                         
000012f9  ti_sysbios_knl_Swi_restoreHwi                                      
00001525  ti_sysbios_knl_Swi_run                                             
00001935  ti_sysbios_knl_Swi_runLoop                                         
000017d9  ti_sysbios_knl_Swi_schedule                                        
00002bbd  ti_sysbios_knl_Swi_startup                                         
00001655  ti_sysbios_knl_TaskSupport_buildTaskStack                          
000029b9  ti_sysbios_knl_TaskSupport_glue                                    
000023e9  ti_sysbios_knl_TaskSupport_start                                   
000026cd  ti_sysbios_knl_TaskSupport_swap                                    
000026d8  ti_sysbios_knl_TaskSupport_swapReturn                              
00000ad1  ti_sysbios_knl_Task_Instance_finalize                              
00000e51  ti_sysbios_knl_Task_Instance_init                                  
20004850  ti_sysbios_knl_Task_Module_state                                   
00002b79  ti_sysbios_knl_Task_Params_init                                    
000025d9  ti_sysbios_knl_Task_allBlockedFunction                             
00002065  ti_sysbios_knl_Task_blockI                                         
000026f5  ti_sysbios_knl_Task_construct                                      
2000459c  ti_sysbios_knl_Task_defaultStackHeap                               
00002855  ti_sysbios_knl_Task_delete                                         
00002875  ti_sysbios_knl_Task_destruct                                       
000027b1  ti_sysbios_knl_Task_enter                                          
00001ebd  ti_sysbios_knl_Task_exit                                           
0000271d  ti_sysbios_knl_Task_init                                           
00001281  ti_sysbios_knl_Task_postInit                                       
00002119  ti_sysbios_knl_Task_processVitalTaskFlag                           
20004498  ti_sysbios_knl_Task_readyQs                                        
000020a1  ti_sysbios_knl_Task_restore                                        
00002559  ti_sysbios_knl_Task_restoreHwi                                     
00001bd5  ti_sysbios_knl_Task_schedule                                       
000013dd  ti_sysbios_knl_Task_startup                                        
000029d1  ti_sysbios_knl_Task_unblock                                        
00002259  ti_sysbios_knl_Task_unblockI                                       
2000479c  ti_sysbios_runtime_Error_ignore                                    
0000228d  ti_sysbios_runtime_Error_raiseX                                    
000020dd  ti_sysbios_runtime_Memory_alloc                                    
20004784  ti_sysbios_runtime_Memory_defaultHeapInstance                      
20004780  ti_sysbios_runtime_Startup_done                                    
00001c1d  ti_sysbios_runtime_Startup_exec                                    
200047b4  ti_sysbios_runtime_System_Module_state                             
00002419  ti_sysbios_runtime_System_atexit                                   
20004568  ti_sysbios_runtime_System_atexitHandlers                           
00002b97  ti_sysbios_runtime_System_exit                                     
00002327  ti_sysbios_runtime_System_exitSpin                                 
00002449  ti_sysbios_runtime_System_processAtExit                            


GLOBAL SYMBOLS: SORTED BY Symbol Address 

address   name                                                               
-------   ----                                                               
00000000  __TI_static_base__                                                 
00000000  ti_sysbios_family_arm_m3_Hwi_resetVectors                          
0000003d  Power_sleep                                                        
00000195  ti_sysbios_family_arm_cc26xx_Timer_construct                       
000002b5  ti_sysbios_family_arm_m3_Hwi_dispatch                              
0000038c  ti_sysbios_family_arm_m3_Hwi_interruptsAreDisabledButShouldNotBe   
00000391  ti_sysbios_family_arm_m3_Hwi_pendSV                                
000003b4  ti_sysbios_family_arm_m3_Hwi_return                                
000003d1  PowerCC26X2_calibrate                                              
000004dd  NOROM_SysCtrlStandby                                               
000005d1  NOROM_SetupTrimDevice                                              
00000600  __STACK_SIZE                                                       
000006b5  ti_sysbios_knl_Semaphore_pend                                      
00000799  ti_sysbios_family_arm_m3_Hwi_excFillContext                        
00000941  ti_sysbios_knl_Clock_workFuncDynamic                               
00000ad1  ti_sysbios_knl_Task_Instance_finalize                              
00000b89  PowerCC26XX_standbyPolicy                                          
00000c3d  Power_releaseDependency                                            
00000cf1  Power_setDependency                                                
00000da1  __udivmoddi4                                                       
00000e51  ti_sysbios_knl_Task_Instance_init                                  
00000ef5  ti_sysbios_knl_Clock_startI                                        
00000f89  ti_sysbios_knl_Clock_init                                          
00001015  NOROM_SysCtrlSetRechargeBeforePowerDown                            
00001095  ti_sysbios_family_arm_m3_Hwi_initNVIC                              
00001115  ti_sysbios_family_arm_m3_Hwi_postInit                              
00001191  NOROM_OSCHF_SwitchToRcOscTurnOffXosc                               
00001209  NOROM_OSC_CapArrayAdjustWorkaround_Boot                            
00001281  ti_sysbios_knl_Task_postInit                                       
000012f9  ti_sysbios_knl_Swi_restoreHwi                                      
0000136d  ti_sysbios_family_arm_m3_Hwi_Instance_init                         
000013dd  ti_sysbios_knl_Task_startup                                        
0000144d  ti_sysbios_family_arm_m3_Hwi_dispatchC                             
000014b9  __TI_decompress_lzss                                               
00001523  BIOS_nullFunc                                                      
00001525  ti_sysbios_knl_Swi_run                                             
0000158d  PowerCC26X2_initiateCalibration                                    
000015f1  ti_sysbios_knl_Idle_init                                           
00001655  ti_sysbios_knl_TaskSupport_buildTaskStack                          
000016b9  ti_sysbios_heaps_HeapMem_allocUnprotected                          
00001719  ti_sysbios_knl_Clock_walkQueueDynamic                              
00001779  ti_sysbios_knl_Semaphore_post                                      
000017d9  ti_sysbios_knl_Swi_schedule                                        
00001839  ti_sysbios_family_arm_m3_Hwi_initStacks                            
00001891  NOROM_ChipInfo_GetHwRevision                                       
000018e3  __aeabi_ldiv0                                                      
000018e5  ti_sysbios_knl_Swi_post                                            
00001935  ti_sysbios_knl_Swi_runLoop                                         
00001985  ti_sysbios_heaps_HeapMem_freeUnprotected                           
000019d3  _nop                                                               
000019d5  BIOS_startFunc                                                     
00001a21  ti_sysbios_knl_Swi_Instance_init                                   
00001a6d  BIOS_init                                                          
00001ab5  NOROM_AUXSYSIFOpModeChange                                         
00001afd  ti_sysbios_family_arm_cc26xx_Timer_start                           
00001b45  ti_sysbios_heaps_HeapMem_Instance_init                             
00001b8d  ti_sysbios_heaps_HeapMem_alloc                                     
00001bd5  ti_sysbios_knl_Task_schedule                                       
00001c1d  ti_sysbios_runtime_Startup_exec                                    
00001c65  BIOS_atExitFunc                                                    
00001ca9  NOROM_PRCMPowerDomainsAllOff                                       
00001ced  NOROM_PRCMPowerDomainsAllOn                                        
00001d31  ti_sysbios_family_arm_m3_Hwi_disableInterrupt                      
00001d75  ti_sysbios_family_arm_m3_Hwi_enableInterrupt                       
00001db9  ti_sysbios_knl_Swi_restore                                         
00001dfd  PowerCC26X2_setAclkRefSrc                                          
00001e3d  ti_sysbios_heaps_HeapMem_getStats                                  
00001e7d  ti_sysbios_knl_Clock_getTicksUntilInterrupt                        
00001ebd  ti_sysbios_knl_Task_exit                                           
00001efd  NOROM_SysCtrlIdle                                                  
00001f39  PowerCC26X2_setTdcClkSrc24M                                        
00001f75  ti_sysbios_family_arm_cc26xx_Timer_periodicStub                    
00001fb1  ti_sysbios_family_arm_cc26xx_Timer_setThreshold                    
00001fed  ti_sysbios_heaps_HeapMem_construct                                 
00002029  ti_sysbios_knl_ClockSupport_init                                   
00002065  ti_sysbios_knl_Task_blockI                                         
000020a1  ti_sysbios_knl_Task_restore                                        
000020dd  ti_sysbios_runtime_Memory_alloc                                    
00002119  ti_sysbios_knl_Task_processVitalTaskFlag                           
00002151  __TI_auto_init_nobinit_nopinit                                     
00002189  Power_releaseConstraint                                            
000021bd  _pthread_cleanupFxn                                                
000021f1  ti_sysbios_family_arm_m3_Hwi_getStackInfo                          
00002225  ti_sysbios_family_arm_m3_Hwi_init                                  
00002259  ti_sysbios_knl_Task_unblockI                                       
0000228d  ti_sysbios_runtime_Error_raiseX                                    
000022c1  _c_int00                                                           
000022f5  ti_sysbios_knl_Semaphore_pendTimeout                               
00002327  ti_sysbios_runtime_System_exitSpin                                 
00002329  Power_setConstraint                                                
00002389  ti_sysbios_family_arm_m3_Hwi_excHandlerMin                         
000023b9  ti_sysbios_heaps_HeapMem_free                                      
000023e9  ti_sysbios_knl_TaskSupport_start                                   
00002419  ti_sysbios_runtime_System_atexit                                   
00002449  ti_sysbios_runtime_System_processAtExit                            
00002479  NOROM_ThisLibraryIsFor_CC13x2_CC26x2_HwRev20AndLater_HaltIfViolated
000024a9  PowerCC26XX_schedulerDisable                                       
00002501  ti_sysbios_gates_GateMutex_enter                                   
0000252d  ti_sysbios_knl_Clock_getTicks                                      
00002559  ti_sysbios_knl_Task_restoreHwi                                     
00002585  NOROM_OSCHF_TurnOnXosc                                             
000025af  ti_sysbios_family_arm_cc26xx_Timer_setNextTick                     
000025d9  ti_sysbios_knl_Task_allBlockedFunction                             
00002605  BIOS_registerRTSLock                                               
0000262d  ti_sysbios_family_arm_m3_Hwi_excHandlerAsm                         
00002655  ti_sysbios_gates_GateMutex_Instance_init                           
0000267d  ti_sysbios_knl_Semaphore_Instance_init                             
000026a5  ti_sysbios_knl_Swi_init                                            
000026cd  ti_sysbios_knl_TaskSupport_swap                                    
000026d8  ti_sysbios_knl_TaskSupport_swapReturn                              
000026f5  ti_sysbios_knl_Task_construct                                      
0000271d  ti_sysbios_knl_Task_init                                           
00002745  BIOS_removeRTSLock                                                 
00002769  ti_sysbios_family_arm_m3_Hwi_construct                             
0000278d  ti_sysbios_knl_Semaphore_destruct                                  
000027b1  ti_sysbios_knl_Task_enter                                          
000027d5  PowerCC26X2_disableTCXOQual                                        
000027f5  PowerCC26X2_enableTCXOQual                                         
00002815  PowerCC26XX_schedulerRestore                                       
00002835  ti_sysbios_family_arm_m3_Hwi_initStack                             
00002855  ti_sysbios_knl_Task_delete                                         
00002875  ti_sysbios_knl_Task_destruct                                       
00002895  ti_sysbios_family_arm_m3_Hwi_switchAndRunFunc                      
000028b5  BIOS_rtsLock                                                       
000028d1  Power_getTransitionLatency                                         
000028ed  main                                                               
00002909  ti_sysbios_knl_Idle_run                                            
00002925  ti_sysbios_knl_Queue_put                                           
00002941  BIOS_exitFunc                                                      
00002959  BIOS_rtsUnlock                                                     
00002971  PowerCC26XX_calibrate                                              
00002989  Power_idleFunc                                                     
000029a1  ti_sysbios_knl_Clock_scheduleNextTick                              
000029b9  ti_sysbios_knl_TaskSupport_glue                                    
000029d1  ti_sysbios_knl_Task_unblock                                        
000029e9  ti_sysbios_knl_Clock_start                                         
00002a01  _args_main                                                         
00002a15  ti_sysbios_family_arm_m3_Hwi_switchFromBootStack                   
00002a29  __aeabi_memset                                                     
00002a29  __aeabi_memset4                                                    
00002a29  __aeabi_memset8                                                    
00002a35  __aeabi_memclr                                                     
00002a35  __aeabi_memclr4                                                    
00002a35  __aeabi_memclr8                                                    
00002a3d  __aeabi_uldivmod                                                   
00002a51  TI_memcpy_small                                                    
00002a65  PowerCC26X2_prcmEnableCacheRetention                               
00002a75  ti_sysbios_family_arm_cc26xx_Timer_dynamicStub                     
00002a85  ti_sysbios_family_arm_m3_Hwi_excHandler                            
00002a95  __TI_zero_init                                                     
00002aa5  ti_sysbios_gates_GateMutex_leave                                   
00002ab3  TI_memset_small                                                    
00002ac1  __TI_decompress_none                                               
00002ad1  BIOS_linkedWithIncorrectBootLibrary                                
00002add  BIOS_start                                                         
00002ae9  HwiP_disable                                                       
00002af5  NOROM_CPUcpsid                                                     
00002b01  NOROM_CPUcpsie                                                     
00002b0d  PowerCC26X2_oscClockSourceGet                                      
00002b19  PowerCC26X2_setPeriphDeepSleepEnable                               
00002b25  PowerCC26X2_sysCtrlVoltageConditionalControl                       
00002b31  Power_getConstraintMask                                            
00002b3d  _register_lock                                                     
00002b49  _register_unlock                                                   
00002b55  ti_sysbios_heaps_HeapMem_init                                      
00002b61  ti_sysbios_knl_ClockSupport_setNextTick                            
00002b6d  ti_sysbios_knl_Clock_tick                                          
00002b79  ti_sysbios_knl_Task_Params_init                                    
00002b85  PowerCC26X2_sysCtrlStandby                                         
00002b8f  NOROM_CPUdelay                                                     
00002b97  ti_sysbios_runtime_System_exit                                     
00002b9f  ClockP_stop                                                        
00002ba5  HwiP_restore                                                       
00002bab  ti_sysbios_family_arm_m3_Hwi_doSwiRestore                          
00002bb1  ti_sysbios_family_arm_m3_Hwi_doTaskRestore                         
00002bb7  ti_sysbios_knl_Idle_loop                                           
00002bbd  ti_sysbios_knl_Swi_startup                                         
00002bc3  ClockP_start                                                       
00002bc7  PowerCC26X2_oschfSwitchToRcosc                                     
00002bcb  PowerCC26X2_sysCtrlIdle                                            
00002bcf  PowerCC26X2_turnOnXosc                                             
00002bd3  ResetISR                                                           
00002bd7  _system_post_cinit                                                 
00002bdb  _system_pre_init                                                   
00002be7  ti_sysbios_heaps_HeapMem_isBlocking                                
00002bed  __aeabi_memcpy                                                     
00002bed  __aeabi_memcpy4                                                    
00002bed  __aeabi_memcpy8                                                    
000033e6  resourceDB                                                         
00003494  PowerCC26X2_config                                                 
000034dc  ti_sysbios_knl_Idle_funcList                                       
000034e4  ti_sysbios_family_arm_m3_Hwi_swiTaskKeyAddress                     
000034e8  __c_args__                                                         
00003580  __TI_Handler_Table_Base                                            
0000358c  __TI_Handler_Table_Limit                                           
00003594  __TI_CINIT_Base                                                    
000035a4  __TI_CINIT_Limit                                                   
000035a4  __TI_CINIT_Warm                                                    
00004000  HEAPSIZE                                                           
00057fa8  __ccfg                                                             
20000000  __start___llvm_prf_bits                                            
20000000  __start___llvm_prf_cnts                                            
20000000  __stop___llvm_prf_bits                                             
20000000  __stop___llvm_prf_cnts                                             
20000000  ti_sysbios_family_arm_m3_Hwi_ramVectors                            
200000d8  __primary_heap_start__                                             
200040d8  __primary_heap_end__                                               
200040d8  ti_sysbios_knl_Idle_taskStack                                      
200042d8  ti_sysbios_family_arm_m3_Hwi_dispatchTable                         
200043b0  ti_sysbios_knl_ClockSupport_timerStruct                            
20004410  ti_sysbios_knl_Idle_taskStruct                                     
20004468  ti_sysbios_knl_Swi_readyQs                                         
20004498  ti_sysbios_knl_Task_readyQs                                        
200044c8  BIOS_heapMemObject                                                 
200044f4  BIOS_rtsGate                                                       
2000451c  ti_sysbios_heaps_HeapMem_gate                                      
20004544  testParams                                                         
20004568  ti_sysbios_runtime_System_atexitHandlers                           
20004590  PowerCC26XX_swiKey                                                 
20004594  PowerCC26XX_taskKey                                                
20004598  ti_sysbios_family_arm_cc26xx_TimestampProvider_Module_state        
2000459c  ti_sysbios_knl_Task_defaultStackHeap                               
200045a0  PowerCC26X2_module                                                 
20004714  _lock                                                              
20004718  BIOS_Module_state                                                  
20004744  ti_sysbios_family_arm_m3_Hwi_Module_state                          
20004780  ti_sysbios_runtime_Startup_done                                    
20004783  ti_sysbios_knl_Idle_initDone                                       
20004784  ti_sysbios_runtime_Memory_defaultHeapInstance                      
2000479c  ti_sysbios_runtime_Error_ignore                                    
200047a8  ti_sysbios_family_arm_cc26xx_Timer_Module_state                    
200047b4  ti_sysbios_runtime_System_Module_state                             
200047c0  ti_sysbios_knl_Swi_Module_state                                    
200047e8  ti_sysbios_knl_Clock_Module_state                                  
20004850  ti_sysbios_knl_Task_Module_state                                   
2000488c  ti_sysbios_gates_GateMutex_Module_state                            
20004894  ti_sysbios_heaps_HeapMem_Module_state                              
2000489c  ti_sysbios_knl_Semaphore_Module_state                              
200048a4  _unlock                                                            
20013a00  __stack                                                            
20014000  __STACK_END                                                        
ffffffff  __TI_pprof_out_hndl                                                
ffffffff  __TI_prof_data_size                                                
ffffffff  __TI_prof_data_start                                               
ffffffff  __binit__                                                          
ffffffff  binit                                                              
UNDEFED   ITM_flush                                                          
UNDEFED   ITM_restore                                                        
UNDEFED   __mpu_init                                                         

[249 symbols]
