******************************************************************************
            TI ARM Clang Linker PC v2.1.2                      
******************************************************************************
>> Linked Thu Apr  4 19:30:16 2024

OUTPUT FILE NAME:   <multiSniff_LP_CC2652RB_tirtos7_ticlang2.out>
ENTRY POINT SYMBOL: "ResetISR"  address: 0000ef4d


MEMORY CONFIGURATION

         name            origin    length      used     unused   attr    fill
----------------------  --------  ---------  --------  --------  ----  --------
  FLASH                 00000000   00050000  00010ad4  0003f52c  R  X
  STV_R                 00050000   00000020  00000000  00000020  R   
  HTML                  00051000   00003000  00000000  00003000  R   
  GPRAM                 11000000   00002000  00000000  00002000  RW X
  SRAM                  20000000   00012000  0000815e  00009ea2  RW X
  MTU_BUFFER            20012000   00001500  00000000  00001500  RW  
  STV_W                 20013500   00000020  00000000  00000020   W  
  LOG_DATA              90000000   00040000  00000000  00040000  R   


SEGMENT ALLOCATION MAP

run origin  load origin   length   init length attrs members
----------  ----------- ---------- ----------- ----- -------
00000000    00000000    00010838   00010838    r-x
  00000000    00000000    0000003c   0000003c    r-- .resetVecs
  00000040    00000040    0000efa0   0000efa0    r-x .text
  0000efe0    0000efe0    00001858   00001858    r-- .rodata
00010838    00010838    00000008   00000008    rw-
  00010838    00010838    00000008   00000008    rw- .args
00010840    00010840    00000240   00000240    r--
  00010840    00010840    00000240   00000240    r-- .cinit
0004ffa8    0004ffa8    00000058   00000058    r--
  0004ffa8    0004ffa8    00000058   00000058    r-- .ccfg
200000d8    200000d8    000006a3   00000000    rw-
  200000d8    200000d8    000006a3   00000000    rw- .data
20001830    20001830    00000010   00000000    rw-
  20001830    20001830    00000010   00000000    rw- .TI.bound:dmaSpi0RxControlTableEntry
20001840    20001840    00000010   00000000    rw-
  20001840    20001840    00000010   00000000    rw- .TI.bound:dmaSpi0TxControlTableEntry
20001a30    20001a30    00000010   00000000    rw-
  20001a30    20001a30    00000010   00000000    rw- .TI.bound:dmaSpi0RxAltControlTableEntry
20001a40    20001a40    00000010   00000000    rw-
  20001a40    20001a40    00000010   00000000    rw- .TI.bound:dmaSpi0TxAltControlTableEntry
20001a50    20001a50    00004000   00000000    r--
  20001a50    20001a50    00004000   00000000    r-- .priheap
20005a50    20005a50    000033a3   00000000    rw-
  20005a50    20005a50    000033a3   00000000    rw- .bss
20011a00    20011a00    00000600   00000000    rw-
  20011a00    20011a00    00000600   00000000    rw- .stack


SECTION ALLOCATION MAP

 output                                  attributes/
section   page    origin      length       input sections
--------  ----  ----------  ----------   ----------------
.binit     0    00000000    00000000     

.cinit     0    00010840    00000240     
                  00010840    000001d9     (.cinit..data.load) [load image, compression = lzss]
                  00010a19    00000003     --HOLE-- [fill = 0]
                  00010a1c    0000000c     (__TI_handler_table)
                  00010a28    00000008     (.cinit..TI.bound:dmaSpi0RxAltControlTableEntry.load) [load image, compression = zero_init]
                  00010a30    00000008     (.cinit..TI.bound:dmaSpi0RxControlTableEntry.load) [load image, compression = zero_init]
                  00010a38    00000008     (.cinit..TI.bound:dmaSpi0TxAltControlTableEntry.load) [load image, compression = zero_init]
                  00010a40    00000008     (.cinit..TI.bound:dmaSpi0TxControlTableEntry.load) [load image, compression = zero_init]
                  00010a48    00000008     (.cinit..bss.load) [load image, compression = zero_init]
                  00010a50    00000030     (__TI_cinit_table)

.init_array 
*          0    00000000    00000000     UNINITIALIZED

.ccfg      0    0004ffa8    00000058     
                  0004ffa8    00000058     ti_devices_config.o (.ccfg)

.data      0    200000d8    000006a3     UNINITIALIZED
                  200000d8    00000174     drivers_cc26x2.a : PowerCC26X2.c.obj (.data.PowerCC26X2_module)
                  2000024c    0000007c     ti_drivers_config.o (.data.gpioPinConfigs)
                  200002c8    00000068     rf_multiMode_cc26x2.a : RFCC26X2_multiMode.c.cc26x2.ticlang.o (.data..L_MergedGlobals.1)
                  20000330    00000068     ti_sysbios_config.o (.data.ti_sysbios_knl_Clock_Module_state)
                  20000398    00000064     rf_multiMode_cc26x2.a : RFCC26X2_multiMode.c.cc26x2.ticlang.o (.data..L_MergedGlobals.3)
                  200003fc    00000058                           : RFCC26X2_multiMode.c.cc26x2.ticlang.o (.data..L_MergedGlobals.2)
                  20000454    00000054     ti_radio_config.o (.data.ble_pOverridesCommon)
                  200004a8    00000040     ti_radio_config.o (.data.RFCMD_ieeeRX)
                  200004e8    0000003c     ti_sysbios_config.o (.data.ti_sysbios_family_arm_m3_Hwi_Module_state)
                  20000524    0000003c     ti_sysbios_config.o (.data.ti_sysbios_knl_Task_Module_state)
                  20000560    0000002c     ti_sysbios_config.o (.data.BIOS_Module_state)
                  2000058c    00000028     ti_sysbios_config.o (.data.ti_sysbios_knl_Swi_Module_state)
                  200005b4    00000024     ti_radio_config.o (.data.RFCMD_bleRadioSetup)
                  200005d8    00000020     ti_radio_config.o (.data.RFCMD_bleGenericRX)
                  200005f8    0000001c     ti_radio_config.o (.data.ble_pOverrides2Mbps)
                  20000614    00000018     ti_radio_config.o (.data.RFCMD_bleFrequencySynthesizer)
                  2000062c    00000018     ti_radio_config.o (.data.RFCMD_ieeeFrequencySynthesizer)
                  20000644    00000018     ti_radio_config.o (.data.RFCMD_ieeeRadioSetup)
                  2000065c    00000018     ti_radio_config.o (.data.ble_pOverrides1Mbps)
                  20000674    00000014     ti_radio_config.o (.data.RFCMD_bleGenericRXPar)
                  20000688    00000014     ti_radio_config.o (.data.ble_pOverridesCoded)
                  2000069c    00000010     Ethernet.o (.data.Ethernet_server_port)
                  200006ac    00000010     ti_radio_config.o (.data.RFCMD_bleModeObject)
                  200006bc    00000010     ti_radio_config.o (.data.RFCMD_ieeeModeObject)
                  200006cc    00000010     driverlib.lib : osc.o (.data._hposcCoeffs)
                  200006dc    00000010     ti_radio_config.o (.data.ieee_pOverrides)
                  200006ec    00000010     ti_sysbios_config.o (.data.ti_sysbios_runtime_SysMin_Module_state)
                  200006fc    0000000c     ti_sysbios_config.o (.data.ti_sysbios_family_arm_cc26xx_Timer_Module_state)
                  20000708    0000000c     ti_sysbios_config.o (.data.ti_sysbios_runtime_Error_ignore)
                  20000714    0000000c     ti_sysbios_config.o (.data.ti_sysbios_runtime_System_Module_state)
                  20000720    00000008     rf_multiMode_cc26x2.a : RFCC26X2_multiMode.c.cc26x2.ticlang.o (.data..L_MergedGlobals)
                  20000728    00000008                           : RFCC26X2_multiMode.c.cc26x2.ticlang.o (.data.RFCC26XX_schedulerPolicy)
                  20000730    00000008     ti_sysbios_config.o (.data.prefixStrings)
                  20000738    00000008     ti_sysbios_config.o (.data.ti_sysbios_gates_GateMutex_Module_state)
                  20000740    00000008     ti_sysbios_config.o (.data.ti_sysbios_heaps_HeapMem_Module_state)
                  20000748    00000008     ti_sysbios_config.o (.data.ti_sysbios_knl_Semaphore_Module_state)
                  20000750    00000004     drivers_cc26x2.a : TemperatureCC26X2.c.obj (.data..L_MergedGlobals)
                  20000754    00000004     EthernetClient.o (.data.EthernetClientPrintMethods)
                  20000758    00000004     EthernetUdp.o (.data.EthernetUDPPrintMethods)
                  2000075c    00000004     rf_multiMode_cc26x2.a : RFCC26X2_multiMode.c.cc26x2.ticlang.o (.data.RF_fsmActiveState.lfClockSourceLast)
                  20000760    00000004     libc.a : aeabi_portable.c.obj (.data.__aeabi_errno)
                  20000764    00000004            : _lock.c.obj (.data._lock)
                  20000768    00000004            : _lock.c.obj (.data._unlock)
                  2000076c    00000004     ti_sysbios_config.o (.data.terminatedList)
                  20000770    00000004     ti_sysbios_config.o (.data.ti_sysbios_runtime_Memory_defaultHeapInstance)
                  20000774    00000001     rf_multiMode_cc26x2.a : rf_patch_cpe_bt5.c.cc26x2.ticlang.o (.data.bBt5PatchEntered)
                  20000775    00000001                           : rf_patch_cpe_ieee_802_15_4.c.cc26x2.ticlang.o (.data.bIeee802154PatchEntered)
                  20000776    00000001     drivers_cc26x2.a : GPIOCC26X2.c.obj (.data.initCalled)
                  20000777    00000001                      : SPI.c.obj (.data.isInitialized)
                  20000778    00000001                      : TemperatureCC26X2.c.obj (.data.isInitialized)
                  20000779    00000001     ti_sysbios_config.o (.data.ti_sysbios_knl_Idle_initDone)
                  2000077a    00000001     ti_sysbios_config.o (.data.ti_sysbios_runtime_Startup_done)

.bss       0    20005a50    000033a3     UNINITIALIZED
                  20005a50    0000183c     radio_queue.o (.bss.RadioQueue_RXbuffer)
                  2000728c    00000401     ssd1306.o (.bss.SSD1306_LcdBufferInclStreamByte)
                  2000768d    00000002     ssd1306.o (.bss.SSD1306_SendCommand.buffer)
                  2000768f    00000001     dashboard_task.o (.bss.Dashboard_Main.readDestination)
                  20007690    00000400     (.common:ti_sysbios_knl_Idle_taskStack)
                  20007a90    00000400     (.common:ti_sysbios_runtime_SysMin_outbuf)
                  20007e90    000002c0     rf_multiMode_cc26x2.a : RFCC26X2_multiMode.c.cc26x2.ticlang.o (.bss.RF_cmdPool)
                  20008150    000001ba     html.o (.bss.valueBuffer)
                  2000830a    00000002     socket.o (.bss.local_port)
                  2000830c    00000140     (.common:i2cCC26xxObjects)
                  2000844c    00000120     libsysbm.a : trgmsg.c.obj (.bss:_CIOBUF_)
                  2000856c    00000004     radio_queue.o (.bss.RadioQueue_ReadEntry)
                  20008570    00000100     (.common:rfObject)
                  20008670    00000100     (.common:spiCC26X2DMAObjects)
                  20008770    000000d8     (.common:ti_sysbios_family_arm_m3_Hwi_dispatchTable)
                  20008848    0000007c     (.common:gpioCallbackFunctions)
                  200088c4    0000007c     (.common:gpioUserArgs)
                  20008940    00000068     rf_multiMode_cc26x2.a : RFCC26X2_multiMode.c.cc26x2.ticlang.o (.bss.RF_ratModule)
                  200089a8    00000060     (.common:ti_sysbios_knl_ClockSupport_timerStruct)
                  20008a08    00000058     (.common:ti_sysbios_knl_Idle_taskStruct)
                  20008a60    00000044                           : RFCC26X2_multiMode.c.cc26x2.ticlang.o (.bss.RF_clkInactivityObj)
                  20008aa4    00000044                           : RFCC26X2_multiMode.c.cc26x2.ticlang.o (.bss.RF_clkPowerUpObj)
                  20008ae8    0000003c                           : RFCC26X2_multiMode.c.cc26x2.ticlang.o (.bss.RF_swiHwObj)
                  20008b24    00000030     (.common:ti_sysbios_knl_Swi_readyQs)
                  20008b54    00000030     (.common:ti_sysbios_knl_Task_readyQs)
                  20008b84    0000002c     (.common:BIOS_heapMemObject)
                  20008bb0    00000028     (.common:BIOS_rtsGate)
                  20008bd8    00000028     (.common:ti_sysbios_heaps_HeapMem_gate)
                  20008c00    00000024     (.common:dashboardTaskParams)
                  20008c24    00000024     (.common:initTaskParams)
                  20008c48    00000024     (.common:sniffingTaskParams)
                  20008c6c    00000020     (.common:Ethernet)
                  20008c8c    00000020     (.common:rfParams)
                  20008cac    00000020     (.common:ti_sysbios_runtime_System_atexitHandlers)
                  20008ccc    00000020     (.common:udmaCC26XXObject)
                  20008cec    0000001c     drivers_cc26x2.a : TemperatureCC26X2.c.obj (.bss.batmonHwi)
                  20008d08    0000001c                      : GPIOCC26X2.c.obj (.bss.gpioHwi)
                  20008d24    00000014     (.common:ti_sysbios_hal_Seconds_Module_state)
                  20008d38    00000010     ssd1306.o (.bss._i2cParams)
                  20008d48    00000010     (.common:ethernetUdp)
                  20008d58    00000010     (.common:ieeeStats)
                  20008d68    0000000c     (.common:Dashboard_SemaphoreParams)
                  20008d74    0000000c     (.common:Init_SemaphoreParams)
                  20008d80    0000000c     (.common:bleStats)
                  20008d8c    00000008     radio_queue.o (.bss.RadioQueue_object)
                  20008d94    00000008     drivers_cc26x2.a : TemperatureCC26X2.c.obj (.bss.notificationList)
                  20008d9c    00000008     (.common:parmbuf)
                  20008da4    00000004     dashboard_task.o (.bss.StrTok.p)
                  20008da8    00000004     ssd1306.o (.bss._i2c)
                  20008dac    00000004     driverlib.lib : osc.o (.bss.oscHfGlobals.0)
                  20008db0    00000004                   : osc.o (.bss.oscHfGlobals.2)
                  20008db4    00000004                   : osc.o (.bss.oscHfGlobals.3)
                  20008db8    00000004                   : osc.o (.bss.oscHfGlobals.4)
                  20008dbc    00000004     (.common:Dashboard_SemaphoreHandle)
                  20008dc0    00000004     (.common:Init_SemaphoreHandle)
                  20008dc4    00000004     (.common:PowerCC26XX_swiKey)
                  20008dc8    00000004     (.common:PowerCC26XX_taskKey)
                  20008dcc    00000004     (.common:dashboardTaskHandle)
                  20008dd0    00000004     (.common:initTaskHandle)
                  20008dd4    00000004     (.common:nRxBufFull)
                  20008dd8    00000004     (.common:rfHandle)
                  20008ddc    00000004     (.common:sniffingTaskHandle)
                  20008de0    00000004     (.common:spi)
                  20008de4    00000004     (.common:ti_sysbios_family_arm_cc26xx_TimestampProvider_Module_state)
                  20008de8    00000004     (.common:ti_sysbios_knl_Task_defaultStackHeap)
                  20008dec    00000002     (.common:_counter)
                  20008dee    00000002     (.common:ethernetServer)
                  20008df0    00000002     (.common:rfCmdHandle)
                  20008df2    00000001     (.common:CurrentRfProtocol)

.stack     0    20011a00    00000600     UNINITIALIZED
                  20011a00    00000004     sysbios.a : boot_cortex_m.obj (.stack)
                  20011a04    000005fc     --HOLE--

.priheap   0    20001a50    00004000     UNINITIALIZED
                  20001a50    00004000     --HOLE--

.log_data 
*          0    90000000    00000000     COPY SECTION

.resetVecs 
*          0    00000000    0000003c     
                  00000000    0000003c     ti_sysbios_config.o (.resetVecs)

.vecs      0    20000000    000000d8     NOLOAD SECTION
                  20000000    000000d8     ti_sysbios_config.o (.vecs)

.text      0    00000040    0000efa0     
                  00000040    000005f0     ti_sysbios_config.o (.text.ti_sysbios_runtime_System_doPrint)
                  00000630    000005ea     driverlib.lib : osc.o (.text.findHposcCoefficients)
                  00000c1a    00000002     ti_sysbios_config.o (.text.BIOS_nullFunc)
                  00000c1c    00000498     rf_multiMode_cc26x2.a : RFCC26X2_multiMode.c.cc26x2.ticlang.o (.text.RF_fsmActiveState)
                  000010b4    00000372     Dhcp.o (.text.DHCP_parseDHCPResponse)
                  00001426    00000002     ti_drivers_config.o (.text.Board_initHook)
                  00001428    000002f8     log.o (.text.Log_print)
                  00001720    000002c8     drivers_cc26x2.a : SPICC26X2DMA.c.obj (.text.SPICC26X2DMA_transfer)
                  000019e8    0000029c     rf_multiMode_cc26x2.a : RFCC26X2_multiMode.c.cc26x2.ticlang.o (.text.RF_open)
                  00001c84    00000268     libc.a : _printfi.c.obj (.text:__TI_printfi_minimal)
                  00001eec    0000025c     Dhcp.o (.text.DHCP_send_DHCP_MESSAGE)
                  00002148    00000236     Dhcp.o (.text.DHCP_request_DHCP_lease)
                  0000237e    00000002     drivers_cc26x2.a : I2C.c.obj (.text.I2C_init)
                  00002380    00000200     ti_sysbios_config.o (.text.ti_sysbios_runtime_System_printfExtend)
                  00002580    000001fa     ti_sysbios_config.o (.text.ti_sysbios_family_arm_m3_Hwi_excFillContext)
                  0000277a    00000002     rf_multiMode_cc26x2.a : rfc.c.cc26x2.ticlang.o (.text.NOROM_RFCCpePatchReset)
                  0000277c    000001dc                           : RFCC26X2_multiMode.c.cc26x2.ticlang.o (.text.RF_dispatchNextCmd)
                  00002958    000001b6     libclang_rt.builtins.a : adddf3.S.obj (.text)
                  00002b0e    000001ae     drivers_cc26x2.a : SPICC26X2DMA.c.obj (.text.SPICC26X2DMA_hwiFxn)
                  00002cbc    000001aa     ti_sysbios_config.o (.text.ti_sysbios_knl_TaskSupport_buildTaskStack)
                  00002e66    000001a4     init_task.o (.text.Init_Main)
                  0000300a    000001a0     dashboard_task.o (.text.UpdateDashboardInfo)
                  000031aa    0000019a     ssd1306.o (.text.SSD1306_DrawLine)
                  00003344    00000198     ti_sysbios_config.o (.text.ti_sysbios_family_arm_cc26xx_Timer_construct)
                  000034dc    00000194     drivers_cc26x2.a : PowerCC26X2_calibrateRCOSC.c.obj (.text.PowerCC26X2_auxISR)
                  00003670    0000018e     ti_sysbios_config.o (.text.ti_sysbios_knl_Task_Instance_init)
                  000037fe    00000002     rf_multiMode_cc26x2.a : RFCC26X2_multiMode.c.cc26x2.ticlang.o (.text.RF_defaultCallback)
                  00003800    00000188     drivers_cc26x2.a : SPICC26X2DMA.c.obj (.text.SPICC26X2DMA_open)
                  00003988    00000160                      : SPICC26X2DMA.c.obj (.text.configNextTransfer)
                  00003ae8    00000158                      : PowerCC26X2.c.obj (.text.Power_sleep)
                  00003c40    00000148     rf_multiMode_cc26x2.a : RFCC26X2_multiMode.c.cc26x2.ticlang.o (.text.RF_radioOpDoneCb)
                  00003d88    0000013e     ti_sysbios_config.o (.text.PowerCC26XX_standbyPolicy)
                  00003ec6    0000013e     ti_sysbios_config.o (.text.ti_sysbios_heaps_HeapMem_allocUnprotected)
                  00004004    0000013c     drivers_cc26x2.a : I2CCC26XX.c.obj (.text.I2C_open)
                  00004140    0000013c     ti_sysbios_config.o (.text.ti_sysbios_knl_Clock_workFuncDynamic)
                  0000427c    00000136     IPAddress.o (.text.IPAddress_toString)
                  000043b2    00000002     libclang_rt.builtins.a : aeabi_div0.c.obj (.text.__aeabi_ldiv0)
                  000043b4    00000136                            : divdf3.S.obj (.text)
                  000044ea    00000134     radio_proc.o (.text.Radio_SetUpAndBeginRx)
                  0000461e    00000002     libc.a : _lock.c.obj (.text._nop)
                  00004620    00000134     driverlib.lib : osc.o (.text.findHposcPc)
                  00004754    00000130     Dhcp.o (.text.DHCP_checkLease)
                  00004884    0000012c     rf_multiMode_cc26x2.a : RFCC26X2_multiMode.c.cc26x2.ticlang.o (.text.RF_close)
                  000049b0    0000012c                           : RFCC26X2_multiMode.c.cc26x2.ticlang.o (.text.RF_fsmSetupState)
                  00004adc    00000126     drivers_cc26x2.a : I2C.c.obj (.text.I2C_transferTimeout)
                  00004c02    00000002                      : PowerCC26X2.c.obj (.text.emptyClockFunc)
                  00004c04    00000124     rf_multiMode_cc26x2.a : RFCC26X2_multiMode.c.cc26x2.ticlang.o (.text.RF_abortCmd)
                  00004d28    00000122     drivers_cc26x2.a : SPICC26X2DMA.c.obj (.text.SPICC26X2DMA_transferCancel)
                  00004e4a    00000002     ti_sysbios_config.o (.text.ti_sysbios_family_arm_cc26xx_Timer_startup)
                  00004e4c    0000011c     sysbios.a : Hwi_asm_gnu.obj (.text.ti_sysbios_family_arm_m3_Hwi_dispatch)
                  00004f68    00000118     drivers_cc26x2.a : PowerCC26X2.c.obj (.text.Power_init)
                  00005080    00000118     rf_multiMode_cc26x2.a : RFCC26X2_multiMode.c.cc26x2.ticlang.o (.text.RF_decodeOverridePointers)
                  00005198    0000010e     ti_sysbios_config.o (.text.ti_sysbios_knl_Semaphore_pend)
                  000052a6    00000002     ti_sysbios_config.o (.text.ti_sysbios_knl_TaskSupport_init)
                  000052a8    0000010c     drivers_cc26x2.a : PowerCC26X2_calibrateRCOSC.c.obj (.text.PowerCC26X2_calibrate)
                  000053b4    0000010a     ssd1306.o (.text.SSD1306_DrawChar)
                  000054be    0000010a     sniffing_task.o (.text.Sniffing_Main)
                  000055c8    0000010a     ti_sysbios_config.o (.text.ti_sysbios_knl_Task_Instance_finalize)
                  000056d2    00000002     --HOLE-- [fill = 0]
                  000056d4    00000108     rf_multiMode_cc26x2.a : RFCC26X2_multiMode.c.cc26x2.ticlang.o (.text.RF_fsmPowerUpState)
                  000057dc    00000104     drivers_cc26x2.a : GPIOCC26X2.c.obj (.text.GPIO_init)
                  000058e0    000000fe     ti_sysbios_config.o (.text.ti_sysbios_family_arm_m3_Hwi_Instance_init)
                  000059de    00000002     --HOLE-- [fill = 0]
                  000059e0    000000fc     rf_multiMode_cc26x2.a : RFCC26X2_multiMode.c.cc26x2.ticlang.o (.text.RF_hwiCpe0Active)
                  00005adc    000000fc     libclang_rt.builtins.a : muldf3.S.obj (.text)
                  00005bd8    000000f6     dashboard_task.o (.text.SetStatusProperty)
                  00005cce    00000002     --HOLE-- [fill = 0]
                  00005cd0    000000f4     driverlib.lib : sys_ctrl.o (.text.NOROM_SysCtrlStandby)
                  00005dc4    000000f4     dashboard_task.o (.text.StrTok)
                  00005eb8    000000f2     radio_queue.o (.text.RadioQueue_create)
                  00005faa    000000ee     ti_sysbios_config.o (.text.ti_sysbios_knl_Clock_startI)
                  00006098    000000e8     drivers_cc26x2.a : I2CCC26XX.c.obj (.text.I2CCC26XX_hwiFxn)
                  00006180    000000e8     socket.o (.text.send)
                  00006268    000000e6     dashboard_task.o (.text.Dashboard_Main)
                  0000634e    00000002     --HOLE-- [fill = 0]
                  00006350    000000e4     driverlib.lib : setup.o (.text.NOROM_SetupTrimDevice)
                  00006434    000000e4     ti_sysbios_config.o (.text.ti_sysbios_family_arm_m3_Hwi_initNVIC)
                  00006518    000000da     ti_sysbios_config.o (.text.ti_sysbios_heaps_HeapMem_freeUnprotected)
                  000065f2    00000002     --HOLE-- [fill = 0]
                  000065f4    000000d8     drivers_cc26x2.a : SPICC26X2DMA.c.obj (.text.SPICC26X2DMA_control)
                  000066cc    000000d2     radio_proc.o (.text.initCmdObjects)
                  0000679e    00000002     --HOLE-- [fill = 0]
                  000067a0    000000d0     drivers_cc26x2.a : PowerCC26X2.c.obj (.text.configureXOSCHF)
                  00006870    000000cc     rf_multiMode_cc26x2.a : RFCC26X2_multiMode.c.cc26x2.ticlang.o (.text.RF_postCmd)
                  0000693c    000000ca                           : RFCC26X2_multiMode.c.cc26x2.ticlang.o (.text.RF_updatePaConfiguration)
                  00006a06    000000c8     IPAddress.o (.text.IPAddress_fromString)
                  00006ace    000000c4     driverlib.lib : setup.o (.text.TrimAfterColdResetWakeupFromShutDown)
                  00006b92    000000c0     radio_proc.o (.text.Radio_HandlerFunc)
                  00006c52    000000c0     ti_sysbios_config.o (.text.ti_sysbios_knl_Clock_walkQueueDynamic)
                  00006d12    000000c0     ti_sysbios_config.o (.text.ti_sysbios_knl_Swi_restoreHwi)
                  00006dd2    000000c0     ti_sysbios_config.o (.text.ti_sysbios_runtime_System_formatNum)
                  00006e92    000000be     gui.o (.text.GUI_Init)
                  00006f50    000000bc     rf_multiMode_cc26x2.a : RFCC26X2_multiMode.c.cc26x2.ticlang.o (.text.RF_swiHw)
                  0000700c    000000bc     ti_sysbios_config.o (.text.ti_sysbios_knl_Task_postInit)
                  000070c8    000000b8     ti_sysbios_config.o (.text.ti_sysbios_knl_Swi_Instance_init)
                  00007180    000000b6     driverlib.lib : osc.o (.text.NOROM_OSC_HPOSCInitializeFrequencyOffsetParameters)
                  00007236    000000b4                   : osc.o (.text.NOROM_OSCHF_AttemptToSwitchToXosc)
                  000072ea    00000002     --HOLE-- [fill = 0]
                  000072ec    000000b4     drivers_cc26x2.a : PowerCC26X2.c.obj (.text.Power_releaseDependency)
                  000073a0    000000b4     socket.o (.text.socket)
                  00007454    000000b2     html.o (.text.Html_CopyHtmlToMtuBuffer)
                  00007506    000000b0     dashboard_task.o (.text.HandleRestApi)
                  000075b6    00000002     --HOLE-- [fill = 0]
                  000075b8    000000b0     drivers_cc26x2.a : PowerCC26X2.c.obj (.text.Power_setDependency)
                  00007668    000000b0     libclang_rt.builtins.a : udivmoddi4.S.obj (.text)
                  00007718    000000ac     rf_multiMode_cc26x2.a : RFCC26X2_multiMode.c.cc26x2.ticlang.o (.text.RF_pendCmd)
                  000077c4    000000a8     drivers_cc26x2.a : TemperatureCC26X2.c.obj (.text.temperatureHwiFxn)
                  0000786c    000000a6     socket.o (.text.recv)
                  00007912    00000002     --HOLE-- [fill = 0]
                  00007914    000000a4     rf_multiMode_cc26x2.a : RFCC26X2_multiMode.c.cc26x2.ticlang.o (.text.RF_initRadioSetup)
                  000079b8    000000a2     ti_sysbios_config.o (.text.ti_sysbios_knl_TaskSupport_start)
                  00007a5a    000000a0     drivers_cc26x2.a : I2CCC26XX.c.obj (.text.I2CCC26XX_swiFxn)
                  00007afa    00000002     --HOLE-- [fill = 0]
                  00007afc    000000a0     rf_multiMode_cc26x2.a : RFCC26X2_multiMode.c.cc26x2.ticlang.o (.text.RF_calculateDispatchTime)
                  00007b9c    0000009a     Ethernet.o (.text.Ethernet_begin_mac)
                  00007c36    0000009a     ssd1306.o (.text.SSD1306_Init)
                  00007cd0    0000009a     ti_sysbios_config.o (.text.ti_sysbios_knl_Task_schedule)
                  00007d6a    00000098     rf_multiMode_cc26x2.a : RFCC26X2_multiMode.c.cc26x2.ticlang.o (.text.RF_defaultSubmitPolicy)
                  00007e02    00000098     ti_sysbios_config.o (.text.ti_sysbios_hal_Seconds_getTime)
                  00007e9a    00000096     EthernetUdp.o (.text.EthernetUDP_begin)
                  00007f30    00000096     rf_multiMode_cc26x2.a : RFCC26X2_multiMode.c.cc26x2.ticlang.o (.text.RF_verifyGap)
                  00007fc6    00000094     Ethernet.o (.text.Ethernet_maintain)
                  0000805a    00000002     --HOLE-- [fill = 0]
                  0000805c    00000094     rf_multiMode_cc26x2.a : RFCC26X2_multiMode.c.cc26x2.ticlang.o (.text.RF_hposcRfCompensateFxn)
                  000080f0    00000094                           : RFCC26X2_multiMode.c.cc26x2.ticlang.o (.text.RF_ratRestartChannels)
                  00008184    00000094     ti_sysbios_config.o (.text.ti_sysbios_heaps_HeapMem_Instance_init)
                  00008218    00000090     ti_sysbios_config.o (.text.ti_sysbios_knl_Task_sleep)
                  000082a8    0000008e     ssd1306.o (.text.SSD1306_DrawPixel)
                  00008336    0000008e     ti_sysbios_config.o (.text.ti_sysbios_family_arm_m3_Hwi_excHandlerMin)
                  000083c4    0000008e     ti_sysbios_config.o (.text.ti_sysbios_knl_Swi_runLoop)
                  00008452    00000002     --HOLE-- [fill = 0]
                  00008454    0000008c     drivers_cc26x2.a : GPIOCC26XX.c.obj (.text.GPIO_setConfig)
                  000084e0    0000008c     ti_sysbios_config.o (.text.ti_sysbios_family_arm_m3_Hwi_construct2)
                  0000856c    0000008a     EthernetClient.o (.text.EthernetClient_stop)
                  000085f6    0000008a     EthernetServer.o (.text.EthernetServer_accept)
                  00008680    0000008a     EthernetServer.o (.text.EthernetServer_available)
                  0000870a    0000008a     ti_sysbios_config.o (.text.ti_sysbios_knl_Semaphore_post)
                  00008794    00000088     rf_multiMode_cc26x2.a : RFCC26X2_multiMode.c.cc26x2.ticlang.o (.text.RF_cmdDispatchTime)
                  0000881c    00000088                           : RFCC26X2_multiMode.c.cc26x2.ticlang.o (.text.RF_discardPendCmd)
                  000088a4    00000088     ti_sysbios_config.o (.text.ti_sysbios_family_arm_m3_Hwi_postInit)
                  0000892c    00000086     ti_sysbios_config.o (.text.ti_sysbios_runtime_Memory_alloc)
                  000089b2    00000084     EthernetUdp.o (.text.EthernetUDP_parsePacket)
                  00008a36    00000082     EthernetClient.o (.text.EthernetClient_connected)
                  00008ab8    00000082     ti_sysbios_config.o (.text.ti_sysbios_family_arm_m3_Hwi_getStackInfo)
                  00008b3a    00000080     driverlib.lib : sys_ctrl.o (.text.NOROM_SysCtrlSetRechargeBeforePowerDown)
                  00008bba    0000007e     ti_drivers_config.o (.text.Board_sendExtFlashByte)
                  00008c38    0000007e     driverlib.lib : chipinfo.o (.text.NOROM_ChipInfo_GetChipType)
                  00008cb6    0000007e     ssd1306.o (.text.SSD1306_UpdatePosition)
                  00008d34    0000007c     rf_multiMode_cc26x2.a : RFCC26X2_multiMode.c.cc26x2.ticlang.o (.text.RF_ratDisableChannel)
                  00008db0    0000007c     ti_sysbios_config.o (.text.SwiP_construct)
                  00008e2c    0000007c     ti_sysbios_config.o (.text.ti_sysbios_family_arm_cc26xx_Timer_periodicStub)
                  00008ea8    0000007c     ti_sysbios_config.o (.text.ti_sysbios_knl_Swi_schedule)
                  00008f24    0000007a     ti_sysbios_config.o (.text.ti_sysbios_family_arm_m3_Hwi_dispatchC)
                  00008f9e    0000007a     ti_sysbios_config.o (.text.ti_sysbios_knl_Idle_init)
                  00009018    00000078     driverlib.lib : osc.o (.text.NOROM_OSCHF_SwitchToRcOscTurnOffXosc)
                  00009090    00000078                   : osc.o (.text.NOROM_OSC_CapArrayAdjustWorkaround_Boot)
                  00009108    00000078     rf_multiMode_cc26x2.a : RFCC26X2_multiMode.c.cc26x2.ticlang.o (.text.RF_ratFreeChannel)
                  00009180    00000078     drivers_cc26x2.a : SPICC26X2DMA.c.obj (.text.SPICC26X2DMA_close)
                  000091f8    00000078     ti_sysbios_config.o (.text.ti_sysbios_family_arm_m3_Hwi_disableInterrupt)
                  00009270    00000078     ti_sysbios_config.o (.text.ti_sysbios_knl_Swi_run)
                  000092e8    00000078     ti_sysbios_config.o (.text.ti_sysbios_knl_Task_blockI)
                  00009360    00000078     ti_sysbios_config.o (.text.ti_sysbios_knl_Task_startup)
                  000093d8    00000076     gui.o (.text.GUI_ChangeProto)
                  0000944e    00000002     --HOLE-- [fill = 0]
                  00009450    00000074     drivers_cc26x2.a : PowerCC26X2_calibrateRCOSC_helpers.c.obj (.text.PowerCC26X2_updateSubSecInc)
                  000094c4    00000074     rf_multiMode_cc26x2.a : RFCC26X2_multiMode.c.cc26x2.ticlang.o (.text.RF_hwiHw)
                  00009538    00000074     drivers_cc26x2.a : TemperatureCC26X2.c.obj (.text.Temperature_init)
                  000095ac    00000074     ti_sysbios_config.o (.text.ti_sysbios_heaps_HeapMem_getStats)
                  00009620    00000072     ti_sysbios_config.o (.text.ti_sysbios_family_arm_cc26xx_Timer_setThreshold)
                  00009692    00000070     EthernetServer.o (.text.EthernetServer_begin)
                  00009702    00000006     drivers_cc26x2.a : I2CCC26XX.c.obj (.text.I2CSupport_powerRelConstraint)
                  00009708    00000070     ArduinoCompatibility.o (.text.millis)
                  00009778    00000070     ti_sysbios_config.o (.text.ti_sysbios_family_arm_m3_Hwi_enableInterrupt)
                  000097e8    0000006e     ti_sysbios_config.o (.text.BIOS_init)
                  00009856    0000006e     ti_drivers_config.o (.text.Board_shutDownExtFlash)
                  000098c4    0000006e     libclang_rt.builtins.a : comparedf2.c.obj (.text.__gedf2)
                  00009932    00000002     --HOLE-- [fill = 0]
                  00009934    0000006e                            : comparedf2.c.obj (.text.__ledf2)
                  000099a2    0000006e     init_task.o (.text.byte2hex)
                  00009a10    0000006e     ti_sysbios_config.o (.text.ti_sysbios_knl_Clock_init)
                  00009a7e    0000006c     Dhcp.o (.text.DHCP_printByte)
                  00009aea    0000006c     EthernetUdp.o (.text.EthernetUDP_read_buf)
                  00009b56    00000002     --HOLE-- [fill = 0]
                  00009b58    0000006c     rf_multiMode_cc26x2.a : RFCC26X2_multiMode.c.cc26x2.ticlang.o (.text.RF_issueRadioFreeCb)
                  00009bc4    0000006c     w5500.o (.text.W5500_read_buf)
                  00009c30    0000006a     html.o (.text.Html_strcpy)
                  00009c9a    0000006a     drivers_cc26x2.a : I2CCC26XX.c.obj (.text.I2CSupport_primeTransfer)
                  00009d04    0000006a     radio_queue.o (.text.RadioQueue_takePacket)
                  00009d6e    0000006a     w5500.o (.text.W5500_write_buf)
                  00009dd8    0000006a     main.o (.text.main)
                  00009e42    0000006a     libc.a : copy_decompress_lzss.c.obj (.text:decompress:lzss)
                  00009eac    00000068     rf_multiMode_cc26x2.a : RFCC26X2_multiMode.c.cc26x2.ticlang.o (.text.RF_detachOverrides)
                  00009f14    00000068     w5500.o (.text.W5500_send_data_processing_offset)
                  00009f7c    00000066     EthernetClient.o (.text.EthernetClient_readBytesUntil)
                  00009fe2    00000066     ti_sysbios_config.o (.text.ti_sysbios_family_arm_cc26xx_Timer_start)
                  0000a048    00000066     ti_sysbios_config.o (.text.ti_sysbios_family_arm_m3_Hwi_Instance_finalize)
                  0000a0ae    00000002     --HOLE-- [fill = 0]
                  0000a0b0    00000064     drivers_cc26x2.a : PowerCC26X2_calibrateRCOSC.c.obj (.text.PowerCC26X2_initiateCalibration)
                  0000a114    00000064     rf_multiMode_cc26x2.a : RFCC26X2_multiMode.c.cc26x2.ticlang.o (.text.RF_attachOverrides)
                  0000a178    00000064                           : RFCC26X2_multiMode.c.cc26x2.ticlang.o (.text.RF_dispatchNextEvent)
                  0000a1dc    00000064                           : RFCC26X2_multiMode.c.cc26x2.ticlang.o (.text.RF_hwiCpe0PowerFsm)
                  0000a240    00000064     SPIfg.o (.text.SPI_transf)
                  0000a2a4    00000064     ssd1306.o (.text.SSD1306_DrawString)
                  0000a308    00000064     drivers_cc26x2.a : UDMACC26XX.c.obj (.text.UDMACC26XX_open)
                  0000a36c    00000064                      : PowerCC26X2.c.obj (.text.oscillatorISR)
                  0000a3d0    00000062     rf_multiMode_cc26x2.a : RFCC26X2_multiMode.c.cc26x2.ticlang.o (.text.RF_syncCb)
                  0000a432    00000062     socket.o (.text.bufferData)
                  0000a494    00000062     libclang_rt.builtins.a : aeabi_dcmp.S.obj (.text)
                  0000a4f6    00000060     Dhcp.o (.text.DHCP_beginWithDHCP)
                  0000a556    00000060     drivers_cc26x2.a : SPICC26X2DMA.c.obj (.text.csnCallback)
                  0000a5b6    00000060     ti_sysbios_config.o (.text.ti_sysbios_knl_ClockSupport_init)
                  0000a616    00000002     --HOLE-- [fill = 0]
                  0000a618    0000005e     rf_multiMode_cc26x2.a : rfc.c.cc26x2.ticlang.o (.text.NOROM_RFCAnaDivTxOverride)
                  0000a676    0000005e     socket.o (.text.startUDP)
                  0000a6d4    0000005e     ti_sysbios_config.o (.text.ti_sysbios_knl_Swi_post)
                  0000a732    0000005e     ti_sysbios_config.o (.text.ti_sysbios_runtime_Error_raiseX)
                  0000a790    0000005c     ti_sysbios_config.o (.text.ClockP_construct)
                  0000a7ec    0000005c     libclang_rt.builtins.a : divmoddi4.c.obj (.text.__divmoddi4)
                  0000a848    0000005c     ti_sysbios_config.o (.text.ti_sysbios_heaps_HeapMem_alloc)
                  0000a8a4    0000005c     ti_sysbios_config.o (.text.ti_sysbios_knl_Task_init)
                  0000a900    0000005a     init_task.o (.text.mac2string)
                  0000a95a    00000058     ti_sysbios_config.o (.text.AONRTCEventClear)
                  0000a9b2    00000058     ti_sysbios_config.o (.text.HwiP_construct)
                  0000aa0a    00000002     --HOLE-- [fill = 0]
                  0000aa0c    00000058     rf_multiMode_cc26x2.a : RFCC26X2_multiMode.c.cc26x2.ticlang.o (.text.RF_applyRfCorePatch)
                  0000aa64    00000058     radio_queue.o (.text.RadioQueue_reset)
                  0000aabc    00000058     w5500.o (.text.W5500_recv_data_processing)
                  0000ab14    00000058     ti_sysbios_config.o (.text.ti_sysbios_family_arm_m3_Hwi_construct)
                  0000ab6c    00000058     sysbios.a : Hwi_asm_switch_gnu.obj (.text.ti_sysbios_family_arm_m3_Hwi_initStacks)
                  0000abc4    00000058     ti_sysbios_config.o (.text.ti_sysbios_heaps_HeapMem_construct)
                  0000ac1c    00000058     ti_sysbios_config.o (.text.ti_sysbios_knl_Swi_init)
                  0000ac74    00000056     ti_sysbios_config.o (.text.AONRTCCompareValueSet)
                  0000acca    00000056     gui.o (.text.GUI_ChangeRx)
                  0000ad20    00000056     SPIfg.o (.text.SPI_begin)
                  0000ad76    00000056     ti_sysbios_config.o (.text.getTime)
                  0000adcc    00000056     ti_sysbios_config.o (.text.ti_sysbios_family_arm_cc26xx_Timer_getCurrentTick)
                  0000ae22    00000056     ti_sysbios_config.o (.text.ti_sysbios_knl_Clock_Instance_init)
                  0000ae78    00000056     ti_sysbios_config.o (.text.ti_sysbios_runtime_SystemSupport_flush)
                  0000aece    00000056     ti_sysbios_config.o (.text.ti_sysbios_runtime_System_atexit)
                  0000af24    00000056     ti_sysbios_config.o (.text.ti_sysbios_runtime_System_putchar)
                  0000af7a    00000054     ti_sysbios_config.o (.text.AONRTCChannelEnable)
                  0000afce    00000054     ti_sysbios_config.o (.text.BIOS_startFunc)
                  0000b022    00000002     --HOLE-- [fill = 0]
                  0000b024    00000054     libsysbm.a : hostwrite.c.obj (.text.HOSTwrite)
                  0000b078    00000054     drivers_cc26x2.a : I2CCC26XX.c.obj (.text.I2CCC26XX_initHw)
                  0000b0cc    00000054     rf_multiMode_cc26x2.a : RFCC26X2_multiMode.c.cc26x2.ticlang.o (.text.RF_fsmXOSCState)
                  0000b120    00000054                           : RFCC26X2_multiMode.c.cc26x2.ticlang.o (.text.RF_getCurrentTime)
                  0000b174    00000052     driverlib.lib : chipinfo.o (.text.NOROM_ChipInfo_GetHwRevision)
                  0000b1c6    00000052     ti_sysbios_config.o (.text.usleep)
                  0000b218    00000050     rf_multiMode_cc26x2.a : RFCC26X2_multiMode.c.cc26x2.ticlang.o (.text.RF_enableHPOSCTemperatureCompensation)
                  0000b268    00000050                           : RFCC26X2_multiMode.c.cc26x2.ticlang.o (.text.RF_wakeupNotification)
                  0000b2b8    00000050     ti_sysbios_config.o (.text.ti_sysbios_family_arm_cc26xx_Timer_setNextTick)
                  0000b308    0000004e     w5500.o (.text.W5500_getRXReceivedSize)
                  0000b356    0000004e     w5500.o (.text.W5500_getTXFreeSize)
                  0000b3a4    0000004e     ti_sysbios_config.o (.text.ti_sysbios_knl_Swi_restore)
                  0000b3f2    0000004c     driverlib.lib : osc.o (.text.NOROM_OSC_HPOSCRelativeFrequencyOffsetGet)
                  0000b43e    00000002     --HOLE-- [fill = 0]
                  0000b440    0000004c     rf_multiMode_cc26x2.a : rf_patch_cpe_bt5.c.cc26x2.ticlang.o (.text.configureBt5Patch)
                  0000b48c    0000004c     drivers_cc26x2.a : SPICC26X2DMA.c.obj (.text.initHw)
                  0000b4d8    0000004c     SPIfg.o (.text.initSS)
                  0000b524    0000004c     drivers_cc26x2.a : PowerCC26X2.c.obj (.text.switchXOSCHF)
                  0000b570    0000004c     ti_sysbios_config.o (.text.ti_sysbios_knl_Clock_getTimeout)
                  0000b5bc    0000004c     ti_sysbios_config.o (.text.ti_sysbios_knl_Task_create)
                  0000b608    0000004c     ti_sysbios_config.o (.text.ti_sysbios_runtime_SystemSupport_putch)
                  0000b654    0000004c     ti_sysbios_config.o (.text.ti_sysbios_runtime_System_processAtExit)
                  0000b6a0    0000004a     radio_proc.o (.text.Radio_StopRx)
                  0000b6ea    0000004a     ti_sysbios_config.o (.text.ti_sysbios_knl_Task_construct)
                  0000b734    0000004a     ti_sysbios_config.o (.text.ti_sysbios_runtime_Error_print)
                  0000b77e    00000048     EthernetClient.o (.text.EthernetClient_timedRead)
                  0000b7c6    00000048     html.o (.text.Html_SetKeyValueInBuffer)
                  0000b80e    00000002     --HOLE-- [fill = 0]
                  0000b810    00000048     driverlib.lib : aux_sysif.o (.text.NOROM_AUXSYSIFOpModeChange)
                  0000b858    00000048     rf_multiMode_cc26x2.a : rfc.c.cc26x2.ticlang.o (.text.NOROM_RFCSynthPowerDown)
                  0000b8a0    00000048     drivers_cc26x2.a : PowerCC26X2.c.obj (.text.PowerCC26XX_switchXOSC_HF)
                  0000b8e8    00000048     ssd1306.o (.text.SSD1306_SendCommand)
                  0000b930    00000048     drivers_cc26x2.a : TemperatureCC26X2.c.obj (.text.Temperature_registerNotifyRange)
                  0000b978    00000048     w5500.o (.text.W5500_init)
                  0000b9c0    00000048     rf_multiMode_cc26x2.a : rf_patch_cpe_ieee_802_15_4.c.cc26x2.ticlang.o (.text.rf_patch_cpe_ieee_802_15_4)
                  0000ba08    00000048     ti_sysbios_config.o (.text.ti_sysbios_family_arm_m3_Hwi_init)
                  0000ba50    00000048     libclang_rt.builtins.a : fixdfsi.S.obj (.text)
                  0000ba98    00000046     ti_sysbios_config.o (.text.ti_sysbios_knl_Semaphore_Instance_init)
                  0000bade    00000046     ti_sysbios_config.o (.text.ti_sysbios_knl_Swi_construct)
                  0000bb24    00000046     ti_sysbios_config.o (.text.ti_sysbios_knl_Task_processVitalTaskFlag)
                  0000bb6a    00000046     ti_sysbios_config.o (.text.ti_sysbios_knl_Task_unblockI)
                  0000bbb0    00000046     ti_sysbios_config.o (.text.ti_sysbios_runtime_SysMin_output)
                  0000bbf6    00000044     ti_sysbios_config.o (.text.BIOS_rtsLock)
                  0000bc3a    00000002     --HOLE-- [fill = 0]
                  0000bc3c    00000044     drivers_cc26x2.a : GPIOCC26X2.c.obj (.text.GPIO_hwiIntFxn)
                  0000bc80    00000044     gui.o (.text.GUI_ChangeDeviceIp)
                  0000bcc4    00000044     gui.o (.text.GUI_ChangeTargetIp)
                  0000bd08    00000044     driverlib.lib : prcm.o (.text.NOROM_PRCMPowerDomainsAllOff)
                  0000bd4c    00000044                   : prcm.o (.text.NOROM_PRCMPowerDomainsAllOn)
                  0000bd90    00000044     rf_multiMode_cc26x2.a : RFCC26X2_multiMode.c.cc26x2.ticlang.o (.text.RF_cmdGet)
                  0000bdd4    00000044                           : RFCC26X2_multiMode.c.cc26x2.ticlang.o (.text.RF_updatePowerupDuration)
                  0000be18    00000044     drivers_cc26x2.a : SPI.c.obj (.text.SPI_init)
                  0000be5c    00000044     ti_sysbios_config.o (.text._pthread_cleanupFxn)
                  0000bea0    00000044     drivers_cc26x2.a : TemperatureCC26X2.c.obj (.text.degreesToCode)
                  0000bee4    00000044                      : TemperatureCC26X2.c.obj (.text.setNextThresholds)
                  0000bf28    00000044     ti_sysbios_config.o (.text.ti_sysbios_knl_Task_restore)
                  0000bf6c    00000044     libclang_rt.builtins.a : fixunsdfsi.S.obj (.text)
                  0000bfb0    00000044     restart.o (.text)
                  0000bff4    00000042     EthernetClient.o (.text.EthernetClient_write)
                  0000c036    00000042     EthernetUdp.o (.text.EthernetUDP_read)
                  0000c078    00000042     ssd1306.o (.text.SSD1306_UpdateScreen)
                  0000c0ba    00000042     stv.o (.text.STV_WriteStringAtAddress)
                  0000c0fc    00000040     Ethernet.o (.text.Ethernet_begin_mac_ip_dns_gateway_subnet)
                  0000c13c    00000040     main.o (.text.Main_CreateDashboardTask)
                  0000c17c    00000040     main.o (.text.Main_CreateInitTask)
                  0000c1bc    00000040     main.o (.text.Main_CreateSniffingTask)
                  0000c1fc    00000040     drivers_cc26x2.a : PowerCC26X2_calibrateRCOSC.c.obj (.text.PowerCC26X2_RCOSC_clockFunc)
                  0000c23c    00000040                      : PowerCC26X2_calibrateRCOSC_helpers.c.obj (.text.PowerCC26X2_setAclkRefSrc)
                  0000c27c    00000040     rf_multiMode_cc26x2.a : RFCC26X2_multiMode.c.cc26x2.ticlang.o (.text.RF_updateHpOscOverride)
                  0000c2bc    00000040     drivers_cc26x2.a : SPI.c.obj (.text.SPI_open)
                  0000c2fc    00000040     ti_sysbios_config.o (.text.ti_sysbios_gates_GateMutex_enter)
                  0000c33c    00000040     ti_sysbios_config.o (.text.ti_sysbios_knl_Semaphore_pendTimeout)
                  0000c37c    00000040     ti_sysbios_config.o (.text.ti_sysbios_knl_Task_exit)
                  0000c3bc    0000003e     dashboard_task.o (.text.HandleInterrupt)
                  0000c3fa    0000003e     dashboard_task.o (.text.SendHtmlToClient)
                  0000c438    0000003e     w5500.o (.text.W5500_read)
                  0000c476    0000003e     w5500.o (.text.W5500_write)
                  0000c4b4    0000003e     ti_sysbios_config.o (.text.ti_sysbios_knl_Clock_getTicksUntilInterrupt)
                  0000c4f2    0000003c     ti_sysbios_config.o (.text.BIOS_atExitFunc)
                  0000c52e    00000002     --HOLE-- [fill = 0]
                  0000c530    0000003c     drivers_cc26x2.a : GPIO.c.obj (.text.GPIO_resetConfig)
                  0000c56c    0000003c     driverlib.lib : sys_ctrl.o (.text.NOROM_SysCtrlIdle)
                  0000c5a8    0000003c     drivers_cc26x2.a : PowerCC26X2_calibrateRCOSC_helpers.c.obj (.text.PowerCC26X2_setTdcClkSrc24M)
                  0000c5e4    0000003c     ti_sysbios_config.o (.text.ti_sysbios_family_arm_m3_Hwi_setPriority)
                  0000c620    0000003c     ti_sysbios_config.o (.text.ti_sysbios_knl_Task_restoreHwi)
                  0000c65c    0000003c     drivers_cc26x2.a : TemperatureCC26X2.c.obj (.text.updateThresholds)
                  0000c698    0000003c     Printfg.o (.text.write_string)
                  0000c6d4    0000003a     stv.o (.text.STV_CopyStvFromFlashIfNotYet)
                  0000c70e    0000003a     ssd1306.o (.text.sendData)
                  0000c748    0000003a     ti_sysbios_config.o (.text.ti_sysbios_family_arm_m3_Hwi_clearInterrupt)
                  0000c782    00000038     ti_drivers_config.o (.text.Board_wakeUpExtFlash)
                  0000c7ba    00000038     EthernetUdp.o (.text.EthernetUDP_stop)
                  0000c7f2    00000038     Ethernet.o (.text.Ethernet_ClearConnectInterruptForAllSockets)
                  0000c82a    00000002     --HOLE-- [fill = 0]
                  0000c82c    00000038     drivers_cc26x2.a : PowerCC26X2_helpers.c.obj (.text.PowerCC26X2_oscDisableQualifiers)
                  0000c864    00000038                      : UDMACC26XX.c.obj (.text.UDMACC26XX_close)
                  0000c89c    00000038     w5500.o (.text.W5500_readSnRX_RD)
                  0000c8d4    00000038     w5500.o (.text.W5500_readSnRX_RSR)
                  0000c90c    00000038     w5500.o (.text.W5500_readSnTX_FSR)
                  0000c944    00000038     w5500.o (.text.W5500_readSnTX_WR)
                  0000c97c    00000038     socket.o (.text.listen)
                  0000c9b4    00000038     rf_multiMode_cc26x2.a : rf_patch_cpe_bt5.c.cc26x2.ticlang.o (.text.rf_patch_cpe_bt5)
                  0000c9ec    00000038     libc.a : sprintf.c.obj (.text.sprintf)
                  0000ca24    00000038     ti_sysbios_config.o (.text.ti_sysbios_runtime_Startup_exec)
                  0000ca5c    00000038     libc.a : autoinit.c.obj (.text:__TI_auto_init_nobinit_nopinit)
                  0000ca94    00000038     libclang_rt.builtins.a : extendsfdf2.S.obj (.text)
                  0000cacc    00000036     ti_sysbios_config.o (.text.BIOS_rtsUnlock)
                  0000cb02    00000036     ti_drivers_config.o (.text.Board_init)
                  0000cb38    00000036     ti_sysbios_config.o (.text.SemaphoreP_pend)
                  0000cb6e    00000036     ti_sysbios_config.o (.text.ti_sysbios_knl_Swi_construct2)
                  0000cba4    00000034     html.o (.text.Html_strset)
                  0000cbd8    00000034     drivers_cc26x2.a : PowerCC26X2.c.obj (.text.Power_releaseConstraint)
                  0000cc0c    00000034     rf_multiMode_cc26x2.a : RFCC26X2_multiMode.c.cc26x2.ticlang.o (.text.RF_powerConstraintRelease)
                  0000cc40    00000034                           : RFCC26X2_multiMode.c.cc26x2.ticlang.o (.text.RF_runDirectImmediateCmd)
                  0000cc74    00000034     w5500.o (.text.W5500_read_data)
                  0000cca8    00000034     w5500.o (.text.W5500_writeSn_buf)
                  0000ccdc    00000034     libsysbm.a : trgmsg.c.obj (.text.__TI_writemsg)
                  0000cd10    00000034     ti_sysbios_config.o (.text.ti_sysbios_family_arm_cc26xx_Timer_getMaxTicks)
                  0000cd44    00000034     ti_sysbios_config.o (.text.ti_sysbios_knl_Queue_put)
                  0000cd78    00000034     ti_sysbios_config.o (.text.ti_sysbios_runtime_System_vprintf)
                  0000cdac    00000034     sysbios.a : boot_cortex_m.obj (.text:_c_int00)
                  0000cde0    00000032     EthernetUdp.o (.text.EthernetUDP_write)
                  0000ce12    00000032     ti_sysbios_config.o (.text.ti_sysbios_knl_Semaphore_create)
                  0000ce44    00000030     EthernetClient.o (.text.EthernetClient_read)
                  0000ce74    00000030     drivers_cc26x2.a : GPIOCC26XX.c.obj (.text.GPIO_setInterruptConfig)
                  0000cea4    00000030                      : PowerCC26X2.c.obj (.text.Power_setConstraint)
                  0000ced4    00000030     rf_multiMode_cc26x2.a : RFCC26X2_multiMode.c.cc26x2.ticlang.o (.text.RF_checkCmdFsError)
                  0000cf04    00000030     w5500.o (.text.W5500_writeSn)
                  0000cf34    00000030     libsysbm.a : trgmsg.c.obj (.text.__TI_readmsg)
                  0000cf64    00000030     radio_queue.o (.text.get16bitValue)
                  0000cf94    00000030     drivers_cc26x2.a : PowerCC26X2.c.obj (.text.notify)
                  0000cfc4    00000030     ti_sysbios_config.o (.text.ti_sysbios_family_arm_m3_Hwi_plug)
                  0000cff4    00000030     ti_sysbios_config.o (.text.ti_sysbios_heaps_HeapMem_free)
                  0000d024    00000030     ti_sysbios_config.o (.text.ti_sysbios_knl_Clock_construct)
                  0000d054    00000030     ti_sysbios_config.o (.text.ti_sysbios_knl_Idle_run)
                  0000d084    0000002e     EthernetClient.o (.text.EthernetClient_status)
                  0000d0b2    0000002e     EthernetUdp.o (.text.EthernetUDP_beginPacket_ip)
                  0000d0e0    0000002e     driverlib.lib : chipinfo.o (.text.NOROM_ThisLibraryIsFor_CC13x2_CC26x2_HwRev20AndLater_HaltIfViolated)
                  0000d10e    0000002e     rf_multiMode_cc26x2.a : RFCC26X2_multiMode.c.cc26x2.ticlang.o (.text.RF_calculateDeltaTimeUs)
                  0000d13c    0000002e     ti_sysbios_config.o (.text._pthread_delete)
                  0000d16a    0000002e     ti_sysbios_config.o (.text.ti_sysbios_family_arm_m3_Hwi_initStack)
                  0000d198    0000002e     ti_sysbios_config.o (.text.ti_sysbios_gates_GateMutex_Instance_init)
                  0000d1c6    00000002     --HOLE-- [fill = 0]
                  0000d1c8    0000002e     libclang_rt.builtins.a : floatsidf.S.obj (.text)
                  0000d1f6    0000002c     ti_sysbios_config.o (.text.BIOS_registerRTSLock)
                  0000d222    0000002c     ti_sysbios_config.o (.text.BIOS_removeRTSLock)
                  0000d24e    00000002     --HOLE-- [fill = 0]
                  0000d250    0000002c     rf_multiMode_cc26x2.a : RFCC26X2_multiMode.c.cc26x2.ticlang.o (.text.RF_executeDirectImmediateCmd)
                  0000d27c    0000002c     drivers_cc26x2.a : TemperatureCC26X2.c.obj (.text.Temperature_unregisterNotify)
                  0000d2a8    0000002c     w5500.o (.text.W5500_execCmdSn)
                  0000d2d4    0000002c     w5500.o (.text.W5500_writeSnDPORT)
                  0000d300    0000002c     w5500.o (.text.W5500_writeSnPORT)
                  0000d32c    0000002c     w5500.o (.text.W5500_writeSnRX_RD)
                  0000d358    0000002c     w5500.o (.text.W5500_writeSnTX_WR)
                  0000d384    0000002c     ti_sysbios_config.o (.text.ti_sysbios_knl_Semaphore_construct)
                  0000d3b0    0000002c     ti_sysbios_config.o (.text.ti_sysbios_runtime_Memory_free)
                  0000d3dc    0000002a     IPAddress.o (.text.IPAddress_Init_str)
                  0000d406    0000002a     driverlib.lib : osc.o (.text.NOROM_OSCHF_TurnOnXosc)
                  0000d430    0000002a     radio_queue.o (.text.RadioQueue_init)
                  0000d45a    0000002a     drivers_cc26x2.a : SPICC26X2DMA.c.obj (.text.SPICC26X2DMA_swiFxn)
                  0000d484    0000002a     ti_sysbios_config.o (.text.SemaphoreP_constructBinary)
                  0000d4ae    0000002a     ti_sysbios_config.o (.text.ti_sysbios_knl_Clock_initI)
                  0000d4d8    0000002a     ti_sysbios_config.o (.text.ti_sysbios_knl_Task_enter)
                  0000d502    00000028     EthernetClient.o (.text.EthernetClient_available)
                  0000d52a    00000028     drivers_cc26x2.a : I2C.c.obj (.text.I2C_cancel)
                  0000d552    00000028                      : List.c.obj (.text.List_remove)
                  0000d57a    00000002     --HOLE-- [fill = 0]
                  0000d57c    00000028                      : PowerCC26X2.c.obj (.text.PowerCC26XX_isStableXOSC_HF)
                  0000d5a4    00000028     rf_multiMode_cc26x2.a : RFCC26X2_multiMode.c.cc26x2.ticlang.o (.text.RF_cmdStoreEvents)
                  0000d5cc    00000028     w5500.o (.text.W5500_readSn)
                  0000d5f4    00000028     sysbios.a : Hwi_asm_gnu.obj (.text.ti_sysbios_family_arm_m3_Hwi_excHandlerAsm)
                  0000d61c    00000028     ti_sysbios_config.o (.text.ti_sysbios_gates_GateMutex_construct)
                  0000d644    00000028     ti_sysbios_config.o (.text.ti_sysbios_knl_Queue_enqueue)
                  0000d66c    00000028     ti_sysbios_config.o (.text.ti_sysbios_knl_Swi_or)
                  0000d694    00000028     sysbios.a : TaskSupport_asm_gnu.obj (.text.ti_sysbios_knl_TaskSupport_swap)
                  0000d6bc    00000028     ti_sysbios_config.o (.text.ti_sysbios_knl_Task_sleepTimeout)
                  0000d6e4    00000028     ti_sysbios_config.o (.text.ti_sysbios_runtime_System_init)
                  0000d70c    00000028     ti_sysbios_config.o (.text.ti_sysbios_runtime_System_printf)
                  0000d734    00000026     drivers_cc26x2.a : List.c.obj (.text.List_insert)
                  0000d75a    00000026                      : List.c.obj (.text.List_putHead)
                  0000d780    00000026                      : SPICC26X2DMA.c.obj (.text.flushFifos)
                  0000d7a6    00000026     ti_sysbios_config.o (.text.ti_sysbios_family_arm_m3_Hwi_getHandle)
                  0000d7cc    00000026     ti_sysbios_config.o (.text.ti_sysbios_knl_Swi_destruct)
                  0000d7f2    00000026     ti_sysbios_config.o (.text.ti_sysbios_knl_Task_allBlockedFunction)
                  0000d818    00000026     ti_sysbios_config.o (.text.ti_sysbios_knl_Task_delete)
                  0000d83e    00000026     ti_sysbios_config.o (.text.ti_sysbios_knl_Task_destruct)
                  0000d864    00000024     ti_sysbios_config.o (.text.HwiP_setFunc)
                  0000d888    00000024     drivers_cc26x2.a : List.c.obj (.text.List_put)
                  0000d8ac    00000024                      : PowerCC26X2_helpers.c.obj (.text.PowerCC26X2_getOscHfSourceReady)
                  0000d8d0    00000024                      : PowerCC26X2_helpers.c.obj (.text.PowerCC26X2_setSubSecIncToXoscLf)
                  0000d8f4    00000024                      : PowerCC26X2_calibrateRCOSC_helpers.c.obj (.text.PowerCC26X2_writeCtrim)
                  0000d918    00000024                      : PowerCC26X2_calibrateRCOSC_helpers.c.obj (.text.PowerCC26X2_writeCtrimFract)
                  0000d93c    00000024                      : PowerCC26X2_calibrateRCOSC_helpers.c.obj (.text.PowerCC26X2_writeCtrimFractEn)
                  0000d960    00000024                      : PowerCC26X2_calibrateRCOSC_helpers.c.obj (.text.PowerCC26X2_writeRtrim)
                  0000d984    00000024                      : PowerCC26X2.c.obj (.text.Power_registerNotify)
                  0000d9a8    00000024     rf_multiMode_cc26x2.a : RFCC26X2_multiMode.c.cc26x2.ticlang.o (.text.RF_clkPowerUp)
                  0000d9cc    00000024                           : RFCC26X2_multiMode.c.cc26x2.ticlang.o (.text.RF_hwiCpe0ChangePhy)
                  0000d9f0    00000024                           : RFCC26X2_multiMode.c.cc26x2.ticlang.o (.text.RF_isStateTransitionAllowed)
                  0000da14    00000024                           : RFCC26X2_multiMode.c.cc26x2.ticlang.o (.text.RF_searchAndReplacePAOverride)
                  0000da38    00000024     ssd1306.o (.text.SSD1306_SetPosition)
                  0000da5c    00000024     drivers_cc26x2.a : SPICC26X2DMA.c.obj (.text.releaseConstraint)
                  0000da80    00000024     ti_sysbios_config.o (.text.ti_sysbios_family_arm_cc26xx_Timer_Params_init)
                  0000daa4    00000024     ti_sysbios_config.o (.text.ti_sysbios_knl_Task_Params_init)
                  0000dac8    00000022     ti_sysbios_config.o (.text.BIOS_setThreadType)
                  0000daea    00000022     drivers_cc26x2.a : List.c.obj (.text.List_get)
                  0000db0c    00000022     rf_multiMode_cc26x2.a : RFCC26X2_multiMode.c.cc26x2.ticlang.o (.text.RF_queueEnd)
                  0000db2e    00000022     w5500.o (.text.W5500_send_data_processing)
                  0000db50    00000022     libc.a : memcmp.c.obj (.text.memcmp)
                  0000db72    00000022     socket.o (.text.sendUDP)
                  0000db94    00000022     ti_sysbios_config.o (.text.ti_sysbios_gates_GateMutex_leave)
                  0000dbb6    00000022     ti_sysbios_config.o (.text.ti_sysbios_heaps_HeapMem_restore)
                  0000dbd8    00000022     ti_sysbios_config.o (.text.ti_sysbios_knl_Clock_getTicks)
                  0000dbfa    00000022     ti_sysbios_config.o (.text.ti_sysbios_knl_Clock_scheduleNextTick)
                  0000dc1c    00000022     ti_sysbios_config.o (.text.ti_sysbios_knl_Queue_dequeue)
                  0000dc3e    00000022     ti_sysbios_config.o (.text.ti_sysbios_knl_Semaphore_destruct)
                  0000dc60    00000020     Dhcp.o (.text.DHCP_reset_DHCP_lease)
                  0000dc80    00000020     EthernetUdp.o (.text.EthernetUDP_write_byte)
                  0000dca0    00000020     rf_multiMode_cc26x2.a : rfc.c.cc26x2.ticlang.o (.text.NOROM_RFCDoorbellSendTo)
                  0000dcc0    00000020                           : rfc.c.cc26x2.ticlang.o (.text.NOROM_RFCOverrideSearch)
                  0000dce0    00000020     drivers_cc26x2.a : PowerCC26X2_helpers.c.obj (.text.PowerCC26X2_disableTCXOQual)
                  0000dd00    00000020                      : PowerCC26X2_helpers.c.obj (.text.PowerCC26X2_enableTCXOQual)
                  0000dd20    00000020     ti_sysbios_config.o (.text.PowerCC26XX_schedulerDisable)
                  0000dd40    00000020     ti_sysbios_config.o (.text.PowerCC26XX_schedulerRestore)
                  0000dd60    00000020     drivers_cc26x2.a : PowerCC26X2.c.obj (.text.Power_unregisterNotify)
                  0000dd80    00000020     rf_multiMode_cc26x2.a : RFCC26X2_multiMode.c.cc26x2.ticlang.o (.text.RF_cmdAlloc)
                  0000dda0    00000020                           : RFCC26X2_multiMode.c.cc26x2.ticlang.o (.text.RF_invokeGlobalCallback)
                  0000ddc0    00000020                           : RFCC26X2_multiMode.c.cc26x2.ticlang.o (.text.RF_ratIsRunning)
                  0000dde0    00000020     socket.o (.text.close)
                  0000de00    00000020     ti_sysbios_config.o (.text.ti_sysbios_family_arm_cc26xx_Timer_postInit)
                  0000de20    00000020     ti_sysbios_config.o (.text.ti_sysbios_family_arm_m3_Hwi_excHandler)
                  0000de40    00000020     ti_sysbios_config.o (.text.ti_sysbios_family_arm_m3_Hwi_post)
                  0000de60    00000020     ti_sysbios_config.o (.text.ti_sysbios_knl_ClockSupport_getCurrentTick)
                  0000de80    00000020     libclang_rt.builtins.a : floatunsidf.S.obj (.text)
                  0000dea0    0000001e     ti_sysbios_config.o (.text.SwiP_Params_init)
                  0000debe    0000001e     w5500.o (.text.W5500_writeSnCR)
                  0000dedc    0000001e     w5500.o (.text.W5500_writeSnIR)
                  0000defa    0000001e     w5500.o (.text.W5500_writeSnMR)
                  0000df18    0000001e     libc.a : memccpy.c.obj (.text.memccpy)
                  0000df36    0000001e     sysbios.a : Hwi_asm_switch_gnu.obj (.text.ti_sysbios_family_arm_m3_Hwi_switchAndRunFunc)
                  0000df54    0000001e     ti_sysbios_config.o (.text.ti_sysbios_family_arm_m3_Hwi_switchFromBootStack)
                  0000df72    0000001e     ti_sysbios_config.o (.text.ti_sysbios_knl_Task_unblock)
                  0000df90    0000001e     Printfg.o (.text.write_byte)
                  0000dfae    0000001c     EthernetClient.o (.text.EthernetClient_begin)
                  0000dfca    0000001c     EthernetClient.o (.text.EthernetClient_print)
                  0000dfe6    0000001c     EthernetUdp.o (.text.EthernetUDP_flush)
                  0000e002    00000002     --HOLE-- [fill = 0]
                  0000e004    0000001c     drivers_cc26x2.a : GPIO.c.obj (.text.GPIO_setCallback)
                  0000e020    0000001c                      : GPIOCC26XX.c.obj (.text.GPIO_setMux)
                  0000e03c    0000001c     ti_sysbios_config.o (.text.HwiP_Params_init)
                  0000e058    0000001c     drivers_cc26x2.a : PowerCC26X2.c.obj (.text.Power_getTransitionLatency)
                  0000e074    0000001c     rf_multiMode_cc26x2.a : RFCC26X2_multiMode.c.cc26x2.ticlang.o (.text.RF_clkInactivityCallback)
                  0000e090    0000001c                           : RFCC26X2_multiMode.c.cc26x2.ticlang.o (.text.RF_getPAOverrideOffsetAndValue)
                  0000e0ac    0000001c                           : RFCC26X2_multiMode.c.cc26x2.ticlang.o (.text.RF_powerConstraintSet)
                  0000e0c8    0000001c                           : RFCC26X2_multiMode.c.cc26x2.ticlang.o (.text.RF_swiFsm)
                  0000e0e4    0000001c     w5500.o (.text.W5500_writeSnDIPR)
                  0000e100    0000001c     drivers_cc26x2.a : TemperatureCC26X2.c.obj (.text.setTempLowerLimit)
                  0000e11c    0000001c                      : TemperatureCC26X2.c.obj (.text.setTempUpperLimit)
                  0000e138    0000001c     ti_sysbios_config.o (.text.ti_sysbios_family_arm_cc26xx_Timer_dynamicStub)
                  0000e154    0000001c     ti_sysbios_config.o (.text.ti_sysbios_family_arm_m3_Hwi_Params_init)
                  0000e170    0000001c     dashboard_task.o (.text.ti_sysbios_family_arm_m3_Hwi_disable)
                  0000e18c    0000001c     ti_sysbios_config.o (.text.ti_sysbios_knl_Clock_Instance_finalize)
                  0000e1a8    0000001c     ti_sysbios_config.o (.text.ti_sysbios_knl_Clock_enqueueI)
                  0000e1c4    0000001c     ti_sysbios_config.o (.text.ti_sysbios_knl_Clock_start)
                  0000e1e0    0000001c     ti_sysbios_config.o (.text.ti_sysbios_knl_Queue_remove)
                  0000e1fc    0000001c     ti_sysbios_config.o (.text.ti_sysbios_knl_Swi_Params_init)
                  0000e218    0000001c     ti_sysbios_config.o (.text.ti_sysbios_knl_Swi_disable)
                  0000e234    0000001c     ti_sysbios_config.o (.text.ti_sysbios_knl_Task_disable)
                  0000e250    0000001a     ti_sysbios_config.o (.text.BIOS_exitFunc)
                  0000e26a    0000001a     ti_sysbios_config.o (.text.BIOS_getCpuFreq)
                  0000e284    0000001a     drivers_cc26x2.a : I2CCC26XX.c.obj (.text.I2CCC26XX_completeTransfer)
                  0000e29e    0000001a     ti_sysbios_config.o (.text.ti_sysbios_knl_Semaphore_Instance_finalize)
                  0000e2b8    00000018     ti_sysbios_config.o (.text.BIOS_exit)
                  0000e2d0    00000018     Dhcp.o (.text.DHCP_getDnsServerIp)
                  0000e2e8    00000018     Dhcp.o (.text.DHCP_getGatewayIp)
                  0000e300    00000018     Dhcp.o (.text.DHCP_getLocalIp)
                  0000e318    00000018     Dhcp.o (.text.DHCP_getSubnetMask)
                  0000e330    00000018     drivers_cc26x2.a : GPIOCC26XX.c.obj (.text.GPIO_disableInt)
                  0000e348    00000018                      : PowerCC26X2.c.obj (.text.PowerCC26XX_calibrate)
                  0000e360    00000018                      : PowerCC26X2.c.obj (.text.Power_idleFunc)
                  0000e378    00000018     rf_multiMode_cc26x2.a : RFCC26X2_multiMode.c.cc26x2.ticlang.o (.text.RF_restartClockTimeout)
                  0000e390    00000018     stv.o (.text.STV_WriteAtAddress)
                  0000e3a8    00000018     w5500.o (.text.W5500_writeSIR)
                  0000e3c0    00000018     libc.a : sprintf.c.obj (.text._outs)
                  0000e3d8    00000018     Printfg.o (.text.print)
                  0000e3f0    00000018     ti_sysbios_config.o (.text.ti_sysbios_family_arm_cc26xx_Timer_getCount64)
                  0000e408    00000018     ti_sysbios_config.o (.text.ti_sysbios_family_arm_m3_Hwi_setFunc)
                  0000e420    00000018     ti_sysbios_config.o (.text.ti_sysbios_knl_ClockSupport_setNextTick)
                  0000e438    00000018     sysbios.a : TaskSupport_asm_gnu.obj (.text.ti_sysbios_knl_TaskSupport_glue)
                  0000e450    00000016     ti_sysbios_config.o (.text.ClockP_Params_init)
                  0000e466    00000016     drivers_cc26x2.a : List.c.obj (.text.List_clearList)
                  0000e47c    00000016     radio_queue.o (.text.RadioQueue_hasPacket)
                  0000e492    00000016     radio_queue.o (.text.RadioQueue_nextEntry)
                  0000e4a8    00000016     w5500.o (.text.W5500_readGAR)
                  0000e4be    00000016     w5500.o (.text.W5500_readSIPR)
                  0000e4d4    00000016     w5500.o (.text.W5500_readSUBR)
                  0000e4ea    00000016     w5500.o (.text.W5500_readSnCR)
                  0000e500    00000016     w5500.o (.text.W5500_readSnIR)
                  0000e516    00000016     w5500.o (.text.W5500_readSnSR)
                  0000e52c    00000016     w5500.o (.text.W5500_writeGAR)
                  0000e542    00000016     w5500.o (.text.W5500_writeSHAR)
                  0000e558    00000016     w5500.o (.text.W5500_writeSIPR)
                  0000e56e    00000016     w5500.o (.text.W5500_writeSUBR)
                  0000e584    00000016     ArduinoCompatibility.o (.text.delay)
                  0000e59a    00000016     socket.o (.text.disconnect)
                  0000e5b0    00000016     dashboard_task.o (.text.ti_sysbios_family_arm_m3_Hwi_enable)
                  0000e5c6    00000016     ti_sysbios_config.o (.text.ti_sysbios_family_arm_m3_Hwi_enable)
                  0000e5dc    00000016     ti_sysbios_config.o (.text.ti_sysbios_knl_Intrinsics_maxbit)
                  0000e5f2    00000016     ti_sysbios_config.o (.text.ti_sysbios_knl_Queue_construct)
                  0000e608    00000016     ti_sysbios_config.o (.text.ti_sysbios_knl_Queue_empty)
                  0000e61e    00000016     ti_sysbios_config.o (.text.ti_sysbios_runtime_SystemSupport_init)
                  0000e634    00000016     ti_sysbios_config.o (.text.ti_sysbios_runtime_System_exit)
                  0000e64a    00000014     ti_sysbios_config.o (.text.ClockP_setTimeout)
                  0000e65e    00000002     --HOLE-- [fill = 0]
                  0000e660    00000014     drivers_cc26x2.a : GPIOCC26XX.c.obj (.text.GPIO_read)
                  0000e674    00000014                      : GPIO.c.obj (.text.GPIO_setUserArg)
                  0000e688    00000014                      : I2CCC26XX.c.obj (.text.I2CCC26XX_postNotify)
                  0000e69c    00000014                      : SPICC26X2DMA.c.obj (.text.OUTLINED_FUNCTION_0)
                  0000e6b0    00000014     rf_multiMode_cc26x2.a : RFCC26X2_multiMode.c.cc26x2.ticlang.o (.text.RF_dbellSyncOnAck)
                  0000e6c4    00000014                           : RFCC26X2_multiMode.c.cc26x2.ticlang.o (.text.RF_flushCmd)
                  0000e6d8    00000014     ti_sysbios_config.o (.text.SwiP_or)
                  0000e6ec    00000014     drivers_cc26x2.a : TemperatureCC26X2.c.obj (.text.Temperature_getTemperature)
                  0000e700    00000014     libc.a : args_main.c.obj (.text._args_main)
                  0000e714    00000014     ti_sysbios_config.o (.text.ti_sysbios_family_arm_cc26xx_TimestampProvider_init)
                  0000e728    00000014     ti_sysbios_config.o (.text.ti_sysbios_family_arm_m3_Hwi_disable)
                  0000e73c    00000014     ti_sysbios_config.o (.text.ti_sysbios_knl_Swi_Instance_finalize)
                  0000e750    00000014     ti_sysbios_config.o (.text.ti_sysbios_runtime_System_printf_va)
                  0000e764    00000014     libclang_rt.builtins.a : aeabi_ldivmod.S.obj (.text)
                  0000e778    00000014                            : aeabi_memset.S.obj (.text)
                  0000e78c    00000014                            : aeabi_uldivmod.S.obj (.text)
                  0000e7a0    00000012     EthernetUdp.o (.text.EthernetUDP_endPacket)
                  0000e7b2    00000012     drivers_cc26x2.a : I2C.c.obj (.text.I2C_transfer)
                  0000e7c4    00000012     ti_drivers_config.o (.text.configureCallbacks)
                  0000e7d6    00000012     ti_sysbios_config.o (.text.ti_sysbios_family_arm_m3_Hwi_destruct)
                  0000e7e8    00000012     ti_sysbios_config.o (.text.ti_sysbios_family_arm_m3_Hwi_doSwiRestore)
                  0000e7fa    00000012     ti_sysbios_config.o (.text.ti_sysbios_family_arm_m3_Hwi_doTaskRestore)
                  0000e80c    00000012     ti_sysbios_config.o (.text.ti_sysbios_heaps_HeapMem_Params_init)
                  0000e81e    00000012     ti_sysbios_config.o (.text.ti_sysbios_heaps_HeapMem_init)
                  0000e830    00000012     ti_sysbios_config.o (.text.ti_sysbios_knl_Clock_Params_init)
                  0000e842    00000012     ti_sysbios_config.o (.text.ti_sysbios_knl_Clock_tick)
                  0000e854    00000012     ti_sysbios_config.o (.text.ti_sysbios_knl_Queue_Instance_init)
                  0000e866    00000012     ti_sysbios_config.o (.text.ti_sysbios_knl_Semaphore_Params_init)
                  0000e878    00000012     libc.a : memcpy_t2.S.obj (.text:TI_memcpy_small)
                  0000e88a    00000010     ti_sysbios_config.o (.text.BIOS_start)
                  0000e89a    00000010     ti_sysbios_config.o (.text.ClockP_destruct)
                  0000e8aa    00000010     ti_sysbios_config.o (.text.ClockP_getCpuFreq)
                  0000e8ba    00000010     ti_sysbios_config.o (.text.ClockP_getTimeout)
                  0000e8ca    00000010     ti_sysbios_config.o (.text.ClockP_isActive)
                  0000e8da    00000010     ti_sysbios_config.o (.text.ClockP_start)
                  0000e8ea    00000010     ti_sysbios_config.o (.text.ClockP_stop)
                  0000e8fa    00000010     Ethernet.o (.text.Ethernet_gatewayIP)
                  0000e90a    00000010     Ethernet.o (.text.Ethernet_localIP)
                  0000e91a    00000010     Ethernet.o (.text.Ethernet_subnetMask)
                  0000e92a    00000002     --HOLE-- [fill = 0]
                  0000e92c    00000010     drivers_cc26x2.a : GPIO.c.obj (.text.GPIO_getUserArg)
                  0000e93c    00000010                      : GPIOCC26XX.c.obj (.text.GPIO_write)
                  0000e94c    00000010     ti_sysbios_config.o (.text.HwiP_clearInterrupt)
                  0000e95c    00000010     ti_sysbios_config.o (.text.HwiP_destruct)
                  0000e96c    00000010     ti_sysbios_config.o (.text.HwiP_disable)
                  0000e97c    00000010     ti_sysbios_config.o (.text.HwiP_disableInterrupt)
                  0000e98c    00000010     ti_sysbios_config.o (.text.HwiP_enableInterrupt)
                  0000e99c    00000010     ti_sysbios_config.o (.text.HwiP_post)
                  0000e9ac    00000010     ti_sysbios_config.o (.text.HwiP_restore)
                  0000e9bc    00000010     rf_multiMode_cc26x2.a : rfc.c.cc26x2.ticlang.o (.text.NOROM_RFCCpeIntGetAndClear)
                  0000e9cc    00000010                           : rfc.c.cc26x2.ticlang.o (.text.NOROM_RFCHwIntGetAndClear)
                  0000e9dc    00000010     drivers_cc26x2.a : PowerCC26X2_helpers.c.obj (.text.PowerCC26X2_oscCtlClearXtal)
                  0000e9ec    00000010                      : PowerCC26X2_helpers.c.obj (.text.PowerCC26X2_prcmEnableCacheRetention)
                  0000e9fc    00000010                      : PowerCC26X2_calibrateRCOSC_helpers.c.obj (.text.PowerCC26X2_readCtrim)
                  0000ea0c    00000010                      : PowerCC26X2_calibrateRCOSC_helpers.c.obj (.text.PowerCC26X2_readCtrimFract)
                  0000ea1c    00000010                      : PowerCC26X2_calibrateRCOSC_helpers.c.obj (.text.PowerCC26X2_readRtrim)
                  0000ea2c    00000010                      : PowerCC26X2_helpers.c.obj (.text.PowerCC26X2_switchToTCXO)
                  0000ea3c    00000010                      : PowerCC26X2.c.obj (.text.Power_getDependencyCount)
                  0000ea4c    00000010     ti_sysbios_config.o (.text.SemaphoreP_destruct)
                  0000ea5c    00000010     ti_sysbios_config.o (.text.SemaphoreP_post)
                  0000ea6c    00000010     ti_sysbios_config.o (.text.SwiP_destruct)
                  0000ea7c    00000010     ti_sysbios_config.o (.text.SwiP_disable)
                  0000ea8c    00000010     ti_sysbios_config.o (.text.SwiP_getTrigger)
                  0000ea9c    00000010     ti_sysbios_config.o (.text.SwiP_post)
                  0000eaac    00000010     ti_sysbios_config.o (.text.SwiP_restore)
                  0000eabc    00000010     ti_sysbios_config.o (.text.SysCtrlAonUpdate)
                  0000eacc    00000010     w5500.o (.text.W5500_getGatewayIp)
                  0000eadc    00000010     w5500.o (.text.W5500_getIPAddress)
                  0000eaec    00000010     w5500.o (.text.W5500_getSubnetMask)
                  0000eafc    00000010     w5500.o (.text.W5500_setGatewayIp)
                  0000eb0c    00000010     w5500.o (.text.W5500_setIPAddress)
                  0000eb1c    00000010     w5500.o (.text.W5500_setMACAddress)
                  0000eb2c    00000010     w5500.o (.text.W5500_setSubnetMask)
                  0000eb3c    00000010     ti_sysbios_config.o (.text.ti_sysbios_family_arm_cc26xx_Timer_setPeriod)
                  0000eb4c    00000010     ti_sysbios_config.o (.text.ti_sysbios_knl_ClockSupport_getMaxTicks)
                  0000eb5c    00000010     ti_sysbios_config.o (.text.ti_sysbios_knl_Clock_destruct)
                  0000eb6c    00000010     ti_sysbios_config.o (.text.ti_sysbios_knl_Clock_isActive)
                  0000eb7c    00000010     ti_sysbios_config.o (.text.ti_sysbios_knl_Clock_removeI)
                  0000eb8c    00000010     ti_sysbios_config.o (.text.ti_sysbios_knl_Clock_setTimeout)
                  0000eb9c    00000010     ti_sysbios_config.o (.text.ti_sysbios_knl_Idle_loop)
                  0000ebac    00000010     ti_sysbios_config.o (.text.ti_sysbios_knl_Queue_destruct)
                  0000ebbc    00000010     ti_sysbios_config.o (.text.ti_sysbios_knl_Queue_elemClear)
                  0000ebcc    00000010     ti_sysbios_config.o (.text.ti_sysbios_knl_Swi_enabled)
                  0000ebdc    00000010     ti_sysbios_config.o (.text.ti_sysbios_runtime_Types_argToFloat)
                  0000ebec    00000010     libc.a : copy_zero_init.c.obj (.text:decompress:ZI)
                  0000ebfc    0000000e     ti_sysbios_config.o (.text.BIOS_linkedWithIncorrectBootLibrary)
                  0000ec0a    0000000e     EthernetUdp.o (.text.EthernetUDP_begin_init)
                  0000ec18    0000000e     ti_sysbios_config.o (.text.IntMasterDisable)
                  0000ec26    0000000e     ti_sysbios_config.o (.text.IntMasterEnable)
                  0000ec34    0000000e     drivers_cc26x2.a : PowerCC26X2.c.obj (.text.OUTLINED_FUNCTION_0)
                  0000ec42    0000000e     rf_multiMode_cc26x2.a : RFCC26X2_multiMode.c.cc26x2.ticlang.o (.text.OUTLINED_FUNCTION_0)
                  0000ec50    0000000e                           : RFCC26X2_multiMode.c.cc26x2.ticlang.o (.text.OUTLINED_FUNCTION_3)
                  0000ec5e    0000000e     libc.a : strcpy.c.obj (.text.strcpy)
                  0000ec6c    0000000e            : _printfi.c.obj (.text.strlen)
[...]
0000e8bb  ClockP_getTimeout                                                  
0000e8cb  ClockP_isActive                                                    
0000e8db  ClockP_start                                                       
0000e8eb  ClockP_stop                                                        
0000e8fb  Ethernet_gatewayIP                                                 
0000e90b  Ethernet_localIP                                                   
0000e91b  Ethernet_subnetMask                                                
0000e92d  GPIO_getUserArg                                                    
0000e93d  GPIO_write                                                         
0000e94d  HwiP_clearInterrupt                                                
0000e95d  HwiP_destruct                                                      
0000e96d  HwiP_disable                                                       
0000e97d  HwiP_disableInterrupt                                              
0000e98d  HwiP_enableInterrupt                                               
0000e99d  HwiP_post                                                          
0000e9ad  HwiP_restore                                                       
0000e9bd  NOROM_RFCCpeIntGetAndClear                                         
0000e9cd  NOROM_RFCHwIntGetAndClear                                          
0000e9dd  PowerCC26X2_oscCtlClearXtal                                        
0000e9ed  PowerCC26X2_prcmEnableCacheRetention                               
0000e9fd  PowerCC26X2_readCtrim                                              
0000ea0d  PowerCC26X2_readCtrimFract                                         
0000ea1d  PowerCC26X2_readRtrim                                              
0000ea2d  PowerCC26X2_switchToTCXO                                           
0000ea3d  Power_getDependencyCount                                           
0000ea4d  SemaphoreP_destruct                                                
0000ea5d  SemaphoreP_post                                                    
0000ea6d  SwiP_destruct                                                      
0000ea7d  SwiP_disable                                                       
0000ea8d  SwiP_getTrigger                                                    
0000ea9d  SwiP_post                                                          
0000eaad  SwiP_restore                                                       
0000eacd  W5500_getGatewayIp                                                 
0000eadd  W5500_getIPAddress                                                 
0000eaed  W5500_getSubnetMask                                                
0000eafd  W5500_setGatewayIp                                                 
0000eb0d  W5500_setIPAddress                                                 
0000eb1d  W5500_setMACAddress                                                
0000eb2d  W5500_setSubnetMask                                                
0000eb3d  ti_sysbios_family_arm_cc26xx_Timer_setPeriod                       
0000eb4d  ti_sysbios_knl_ClockSupport_getMaxTicks                            
0000eb5d  ti_sysbios_knl_Clock_destruct                                      
0000eb6d  ti_sysbios_knl_Clock_isActive                                      
0000eb7d  ti_sysbios_knl_Clock_removeI                                       
0000eb8d  ti_sysbios_knl_Clock_setTimeout                                    
0000eb9d  ti_sysbios_knl_Idle_loop                                           
0000ebad  ti_sysbios_knl_Queue_destruct                                      
0000ebbd  ti_sysbios_knl_Queue_elemClear                                     
0000ebcd  ti_sysbios_knl_Swi_enabled                                         
0000ebed  __TI_zero_init                                                     
0000ebfd  BIOS_linkedWithIncorrectBootLibrary                                
0000ec0b  EthernetUDP_begin_init                                             
0000ec5f  strcpy                                                             
0000ec7b  strlen                                                             
0000ecb3  ti_sysbios_heaps_HeapMem_isBlocking                                
0000ecc1  ti_sysbios_knl_Clock_stop                                          
0000eccf  ti_sysbios_runtime_SystemSupport_exit                              
0000ecdd  TI_memset_small                                                    
0000eceb  __TI_decompress_none                                               
0000ed05  BIOS_getThreadType                                                 
0000ed11  ClockP_getSystemTickPeriod                                         
0000ed1d  EthernetUDP_available                                              
0000ed29  EthernetUDP_rawIPAddress                                           
0000ed35  EthernetUDP_remotePort                                             
0000ed41  I2C_Params_init                                                    
0000ed4d  NOROM_CPUcpsid                                                     
0000ed59  NOROM_CPUcpsie                                                     
0000ed71  PowerCC26X2_oscClockSourceGet                                      
0000ed7d  PowerCC26X2_setPeriphDeepSleepEnable                               
0000ed89  PowerCC26X2_sysCtrlGetResetSource                                  
0000ed95  PowerCC26X2_sysCtrlVoltageConditionalControl                       
0000eda1  Power_getConstraintMask                                            
0000edad  RF_Params_init                                                     
0000edb9  Radio_GetCurrentProtocol                                           
0000edc5  SPI_Params_init                                                    
0000edd1  STV_ReadFromAddress                                                
0000eddd  _register_lock                                                     
0000ede9  _register_unlock                                                   
0000edf5  resetSS                                                            
0000ee01  setSS                                                              
0000ee19  ti_sysbios_knl_Queue_head                                          
0000ee25  ti_sysbios_knl_Queue_next                                          
0000ee31  ti_sysbios_knl_Queue_prev                                          
0000ee3d  ti_sysbios_knl_Swi_getTrigger                                      
0000ee49  ti_sysbios_knl_Swi_postInit                                        
0000ee55  ti_sysbios_knl_Swi_self                                            
0000ee61  ti_sysbios_knl_Task_self                                           
0000ee8b  PowerCC26X2_sysCtrlStandby                                         
0000ee95  RadioQueue_getDQpointer                                            
0000ee9f  SPICC26X2DMA_init                                                  
0000eea9  UDMACC26XX_hwiIntFxn                                               
0000eee5  ti_sysbios_knl_Swi_startup                                         
0000eeef  ti_sysbios_runtime_Error_check                                     
0000ef0d  Boot_trimDevice                                                    
0000ef15  DHCP_presend_DHCP                                                  
0000ef25  I2CSupport_masterFinish                                            
0000ef2d  NOROM_CPUdelay                                                     
0000ef45  PowerCC26X2_oschfTrySwitchToXosc                                   
0000ef4d  ResetISR                                                           
0000ef55  __aeabi_errno_addr                                                 
0000ef5d  _system_post_cinit                                                 
0000ef65  _system_pre_init                                                   
0000ef75  ti_sysbios_family_arm_m3_Hwi_startup                               
0000ef7d  ti_sysbios_runtime_Startup_reset                                   
0000ef85  ti_sysbios_runtime_System_exitSpin                                 
0000ef8d  I2CSupport_powerSetConstraint                                      
0000ef9f  SPI_transfer                                                       
0000efa5  random                                                             
0000efab  NOROM_RFCOverrideUpdate                                            
0000efb3  PowerCC26X2_oschfSwitchToRcosc                                     
0000efb7  PowerCC26X2_sysCtrlIdle                                            
0000efbb  PowerCC26X2_turnOnXosc                                             
0000efbf  RF_defaultExecutionPolicy                                          
0000efcb  ti_sysbios_gates_GateMutex_canBlock                                
0000efcf  ti_sysbios_knl_TaskSupport_getStackAlignment                       
0000efd3  ti_sysbios_runtime_Memory_getMaxDefaultTypeAlign                   
0000efd7  ti_sysbios_runtime_SystemSupport_ready                             
0000efdd  __aeabi_memcpy                                                     
0000efdd  __aeabi_memcpy4                                                    
0000efdd  __aeabi_memcpy8                                                    
0000f5cf  GPIO_pinLowerBound                                                 
0000ff52  GPIO_pinUpperBound                                                 
0000ff53  I2C_count                                                          
00010442  SPI_count                                                          
00010443  TemperatureCC26X2_config                                           
00010444  ti_sysbios_family_arm_m3_Hwi_disablePriority                       
00010580  resourceDB                                                         
000105d4  spiCC26X2DMAHWAttrs                                                
0001065a  ti_sysbios_knl_Clock_tickMode                                      
0001065b  ti_sysbios_knl_Task_checkStackFlag                                 
0001065c  SPI_defaultParams                                                  
0001067c  SSD1306_InitSequence                                               
000106d8  SPICC26X2DMA_fxnTable                                              
00010720  i2cCC26xxHWAttrs                                                   
00010750  PowerCC26X2_config                                                 
0001078b  ti_sysbios_knl_Task_initStackFlag                                  
0001078c  GPIO_config                                                        
000107ac  RFCC26XX_hwAttrs                                                   
000107b8  SPI_config                                                         
000107f0  I2C_config                                                         
000107f8  UDMACC26XX_config                                                  
00010808  ti_sysbios_knl_Idle_funcList                                       
00010810  udmaCC26XXHWAttrs                                                  
00010828  ti_sysbios_family_arm_m3_Hwi_swiTaskKeyAddress                     
00010830  ti_sysbios_knl_Clock_tickPeriod                                    
00010834  ti_sysbios_knl_Swi_numPriorities                                   
00010838  __c_args__                                                         
00010a1c  __TI_Handler_Table_Base                                            
00010a28  __TI_Handler_Table_Limit                                           
00010a50  __TI_CINIT_Base                                                    
00010a80  __TI_CINIT_Limit                                                   
00010a80  __TI_CINIT_Warm                                                    
0004ffa8  __ccfg                                                             
20000000  __start___llvm_prf_bits                                            
20000000  __start___llvm_prf_cnts                                            
20000000  __stop___llvm_prf_bits                                             
20000000  __stop___llvm_prf_cnts                                             
20000000  ti_sysbios_family_arm_m3_Hwi_ramVectors                            
200000d8  PowerCC26X2_module                                                 
2000024c  gpioPinConfigs                                                     
20000330  ti_sysbios_knl_Clock_Module_state                                  
20000454  ble_pOverridesCommon                                               
200004a8  RFCMD_ieeeRX                                                       
200004e8  ti_sysbios_family_arm_m3_Hwi_Module_state                          
20000524  ti_sysbios_knl_Task_Module_state                                   
20000560  BIOS_Module_state                                                  
2000058c  ti_sysbios_knl_Swi_Module_state                                    
200005b4  RFCMD_bleRadioSetup                                                
200005d8  RFCMD_bleGenericRX                                                 
200005f8  ble_pOverrides2Mbps                                                
20000614  RFCMD_bleFrequencySynthesizer                                      
2000062c  RFCMD_ieeeFrequencySynthesizer                                     
20000644  RFCMD_ieeeRadioSetup                                               
2000065c  ble_pOverrides1Mbps                                                
20000674  RFCMD_bleGenericRXPar                                              
20000688  ble_pOverridesCoded                                                
2000069c  Ethernet_server_port                                               
200006ac  RFCMD_bleModeObject                                                
200006bc  RFCMD_ieeeModeObject                                               
200006cc  _hposcCoeffs                                                       
200006dc  ieee_pOverrides                                                    
200006ec  ti_sysbios_runtime_SysMin_Module_state                             
200006fc  ti_sysbios_family_arm_cc26xx_Timer_Module_state                    
20000708  ti_sysbios_runtime_Error_ignore                                    
20000714  ti_sysbios_runtime_System_Module_state                             
20000728  RFCC26XX_schedulerPolicy                                           
20000738  ti_sysbios_gates_GateMutex_Module_state                            
20000740  ti_sysbios_heaps_HeapMem_Module_state                              
20000748  ti_sysbios_knl_Semaphore_Module_state                              
20000754  EthernetClientPrintMethods                                         
20000758  EthernetUDPPrintMethods                                            
20000760  __aeabi_errno                                                      
20000764  _lock                                                              
20000768  _unlock                                                            
20000770  ti_sysbios_runtime_Memory_defaultHeapInstance                      
20000779  ti_sysbios_knl_Idle_initDone                                       
2000077a  ti_sysbios_runtime_Startup_done                                    
20001a50  __primary_heap_start__                                             
20005a50  __primary_heap_end__                                               
20007690  ti_sysbios_knl_Idle_taskStack                                      
20007a90  ti_sysbios_runtime_SysMin_outbuf                                   
2000830c  i2cCC26xxObjects                                                   
2000844c  _CIOBUF_                                                           
2000844c  __CIOBUF_                                                          
20008570  rfObject                                                           
20008670  spiCC26X2DMAObjects                                                
20008770  ti_sysbios_family_arm_m3_Hwi_dispatchTable                         
20008848  gpioCallbackFunctions                                              
200088c4  gpioUserArgs                                                       
200089a8  ti_sysbios_knl_ClockSupport_timerStruct                            
20008a08  ti_sysbios_knl_Idle_taskStruct                                     
20008b24  ti_sysbios_knl_Swi_readyQs                                         
20008b54  ti_sysbios_knl_Task_readyQs                                        
20008b84  BIOS_heapMemObject                                                 
20008bb0  BIOS_rtsGate                                                       
20008bd8  ti_sysbios_heaps_HeapMem_gate                                      
20008c00  dashboardTaskParams                                                
20008c24  initTaskParams                                                     
20008c48  sniffingTaskParams                                                 
20008c6c  Ethernet                                                           
20008c8c  rfParams                                                           
20008cac  ti_sysbios_runtime_System_atexitHandlers                           
20008ccc  udmaCC26XXObject                                                   
20008d24  ti_sysbios_hal_Seconds_Module_state                                
20008d48  ethernetUdp                                                        
20008d58  ieeeStats                                                          
20008d68  Dashboard_SemaphoreParams                                          
20008d74  Init_SemaphoreParams                                               
20008d80  bleStats                                                           
20008d9c  parmbuf                                                            
20008dbc  Dashboard_SemaphoreHandle                                          
20008dc0  Init_SemaphoreHandle                                               
20008dc4  PowerCC26XX_swiKey                                                 
20008dc8  PowerCC26XX_taskKey                                                
20008dcc  dashboardTaskHandle                                                
20008dd0  initTaskHandle                                                     
20008dd4  nRxBufFull                                                         
20008dd8  rfHandle                                                           
20008ddc  sniffingTaskHandle                                                 
20008de0  spi                                                                
20008de4  ti_sysbios_family_arm_cc26xx_TimestampProvider_Module_state        
20008de8  ti_sysbios_knl_Task_defaultStackHeap                               
20008dec  _counter                                                           
20008dee  ethernetServer                                                     
20008df0  rfCmdHandle                                                        
20008df2  CurrentRfProtocol                                                  
20011a00  __stack                                                            
20012000  __STACK_END                                                        
ffffffff  __TI_pprof_out_hndl                                                
ffffffff  __TI_prof_data_size                                                
ffffffff  __TI_prof_data_start                                               
ffffffff  __binit__                                                          
ffffffff  binit                                                              
UNDEFED   ITM_flush                                                          
UNDEFED   ITM_restore                                                        
UNDEFED   __mpu_init                                                         

[755 symbols]
