<?xml version="1.0" encoding="ISO-8859-1" ?>
<link_info>
   <banner>TI ARM Clang Linker PC v2.1.2.LTS</banner>
   <copyright>Copyright (c) 1996-2018 Texas Instruments Incorporated</copyright>
   <link_time>0x65572466</link_time>
   <link_errors>0x0</link_errors>
   <output_file>multiSniff_LP_CC2652RB_tirtos7_ticlang2.out</output_file>
   <entry_point>
      <name>ResetISR</name>
      <address>0x4a19</address>
   </entry_point>
   <input_file_list>
      <input_file id="fl-1">
         <path>.\</path>
         <kind>object</kind>
         <file>main_tirtos.o</file>
         <name>main_tirtos.o</name>
      </input_file>
      <input_file id="fl-2">
         <path>.\syscfg\</path>
         <kind>object</kind>
         <file>ti_devices_config.o</file>
         <name>ti_devices_config.o</name>
      </input_file>
      <input_file id="fl-3">
         <path>.\syscfg\</path>
         <kind>object</kind>
         <file>ti_radio_config.o</file>
         <name>ti_radio_config.o</name>
      </input_file>
      <input_file id="fl-4">
         <path>.\syscfg\</path>
         <kind>object</kind>
         <file>ti_drivers_config.o</file>
         <name>ti_drivers_config.o</name>
      </input_file>
      <input_file id="fl-5">
         <path>.\syscfg\</path>
         <kind>object</kind>
         <file>ti_sysbios_config.o</file>
         <name>ti_sysbios_config.o</name>
      </input_file>
      <input_file id="fl-6">
         <path>.\source\driverlib\ssd1306\</path>
         <kind>object</kind>
         <file>ssd1306.o</file>
         <name>ssd1306.o</name>
      </input_file>
      <input_file id="fl-7">
         <path>.\source\log\</path>
         <kind>object</kind>
         <file>log.o</file>
         <name>log.o</name>
      </input_file>
      <input_file id="fl-8">
         <path>.\source\queue\</path>
         <kind>object</kind>
         <file>radio_queue.o</file>
         <name>radio_queue.o</name>
      </input_file>
      <input_file id="fl-9">
         <path>.\source\radio_api\</path>
         <kind>object</kind>
         <file>radio_api.o</file>
         <name>radio_api.o</name>
      </input_file>
      <input_file id="fl-1d">
         <kind>object</kind>
         <file>&lt;internal&gt;</file>
         <name>&lt;internal&gt;</name>
      </input_file>
      <input_file id="fl-1e">
         <path>C:\ti\simplelink_cc13xx_cc26xx_sdk_6_30_01_03\source\ti\drivers\lib\ticlang\m4f\</path>
         <kind>archive</kind>
         <file>drivers_cc26x2.a</file>
         <name>GPIO.c.obj</name>
      </input_file>
      <input_file id="fl-1f">
         <path>C:\ti\simplelink_cc13xx_cc26xx_sdk_6_30_01_03\source\ti\drivers\lib\ticlang\m4f\</path>
         <kind>archive</kind>
         <file>drivers_cc26x2.a</file>
         <name>GPIOCC26XX.c.obj</name>
      </input_file>
      <input_file id="fl-20">
         <path>C:\ti\simplelink_cc13xx_cc26xx_sdk_6_30_01_03\source\ti\drivers\lib\ticlang\m4f\</path>
         <kind>archive</kind>
         <file>drivers_cc26x2.a</file>
         <name>I2C.c.obj</name>
      </input_file>
      <input_file id="fl-21">
         <path>C:\ti\simplelink_cc13xx_cc26xx_sdk_6_30_01_03\source\ti\drivers\lib\ticlang\m4f\</path>
         <kind>archive</kind>
         <file>drivers_cc26x2.a</file>
         <name>I2CCC26XX.c.obj</name>
      </input_file>
      <input_file id="fl-22">
         <path>C:\ti\simplelink_cc13xx_cc26xx_sdk_6_30_01_03\source\ti\drivers\lib\ticlang\m4f\</path>
         <kind>archive</kind>
         <file>drivers_cc26x2.a</file>
         <name>PowerCC26X2.c.obj</name>
      </input_file>
      <input_file id="fl-23">
         <path>C:\ti\simplelink_cc13xx_cc26xx_sdk_6_30_01_03\source\ti\drivers\lib\ticlang\m4f\</path>
         <kind>archive</kind>
         <file>drivers_cc26x2.a</file>
         <name>PowerCC26X2_calibrateRCOSC.c.obj</name>
      </input_file>
      <input_file id="fl-24">
         <path>C:\ti\simplelink_cc13xx_cc26xx_sdk_6_30_01_03\source\ti\drivers\lib\ticlang\m4f\</path>
         <kind>archive</kind>
         <file>drivers_cc26x2.a</file>
         <name>TemperatureCC26X2.c.obj</name>
      </input_file>
      <input_file id="fl-25">
         <path>C:\ti\simplelink_cc13xx_cc26xx_sdk_6_30_01_03\source\ti\drivers\lib\ticlang\m4f\</path>
         <kind>archive</kind>
         <file>drivers_cc26x2.a</file>
         <name>GPIOCC26X2.c.obj</name>
      </input_file>
      <input_file id="fl-26">
         <path>C:\ti\simplelink_cc13xx_cc26xx_sdk_6_30_01_03\source\ti\drivers\lib\ticlang\m4f\</path>
         <kind>archive</kind>
         <file>drivers_cc26x2.a</file>
         <name>PowerCC26X2_calibrateRCOSC_helpers.c.obj</name>
      </input_file>
      <input_file id="fl-27">
         <path>C:\ti\simplelink_cc13xx_cc26xx_sdk_6_30_01_03\source\ti\drivers\lib\ticlang\m4f\</path>
         <kind>archive</kind>
         <file>drivers_cc26x2.a</file>
         <name>PowerCC26X2_helpers.c.obj</name>
      </input_file>
      <input_file id="fl-28">
         <path>C:\ti\simplelink_cc13xx_cc26xx_sdk_6_30_01_03\source\ti\drivers\lib\ticlang\m4f\</path>
         <kind>archive</kind>
         <file>drivers_cc26x2.a</file>
         <name>List.c.obj</name>
      </input_file>
      <input_file id="fl-29">
         <path>C:\ti\simplelink_cc13xx_cc26xx_sdk_6_30_01_03\source\ti\drivers\rf\lib\ticlang\m4f\</path>
         <kind>archive</kind>
         <file>rf_multiMode_cc26x2.a</file>
         <name>RFCC26X2_multiMode.c.cc26x2.ticlang.o</name>
      </input_file>
      <input_file id="fl-2a">
         <path>C:\ti\simplelink_cc13xx_cc26xx_sdk_6_30_01_03\source\ti\drivers\rf\lib\ticlang\m4f\</path>
         <kind>archive</kind>
         <file>rf_multiMode_cc26x2.a</file>
         <name>rfc.c.cc26x2.ticlang.o</name>
      </input_file>
      <input_file id="fl-2b">
         <path>C:\ti\simplelink_cc13xx_cc26xx_sdk_6_30_01_03\source\ti\drivers\rf\lib\ticlang\m4f\</path>
         <kind>archive</kind>
         <file>rf_multiMode_cc26x2.a</file>
         <name>rf_patch_cpe_ieee_802_15_4.c.cc26x2.ticlang.o</name>
      </input_file>
      <input_file id="fl-2c">
         <path>C:\ti\simplelink_cc13xx_cc26xx_sdk_6_30_01_03\source\ti\drivers\rf\lib\ticlang\m4f\</path>
         <kind>archive</kind>
         <file>rf_multiMode_cc26x2.a</file>
         <name>rf_patch_cpe_bt5.c.cc26x2.ticlang.o</name>
      </input_file>
      <input_file id="fl-2d">
         <path>C:\ti\simplelink_cc13xx_cc26xx_sdk_6_30_01_03\kernel\tirtos7\packages\ti\sysbios\lib\ticlang\m4f\</path>
         <kind>archive</kind>
         <file>sysbios.a</file>
         <name>TaskSupport_asm_gnu.obj</name>
      </input_file>
      <input_file id="fl-2e">
         <path>C:\ti\simplelink_cc13xx_cc26xx_sdk_6_30_01_03\kernel\tirtos7\packages\ti\sysbios\lib\ticlang\m4f\</path>
         <kind>archive</kind>
         <file>sysbios.a</file>
         <name>Hwi_asm_gnu.obj</name>
      </input_file>
      <input_file id="fl-2f">
         <path>C:\ti\simplelink_cc13xx_cc26xx_sdk_6_30_01_03\kernel\tirtos7\packages\ti\sysbios\lib\ticlang\m4f\</path>
         <kind>archive</kind>
         <file>sysbios.a</file>
         <name>Hwi_asm_switch_gnu.obj</name>
      </input_file>
      <input_file id="fl-30">
         <path>C:\ti\simplelink_cc13xx_cc26xx_sdk_6_30_01_03\kernel\tirtos7\packages\ti\sysbios\lib\ticlang\m4f\</path>
         <kind>archive</kind>
         <file>sysbios.a</file>
         <name>boot_cortex_m.obj</name>
      </input_file>
      <input_file id="fl-31">
         <path>C:\ti\simplelink_cc13xx_cc26xx_sdk_6_30_01_03\source\ti\devices\cc13x2_cc26x2\driverlib\bin\ticlang\</path>
         <kind>archive</kind>
         <file>driverlib.lib</file>
         <name>chipinfo.o</name>
      </input_file>
      <input_file id="fl-32">
         <path>C:\ti\simplelink_cc13xx_cc26xx_sdk_6_30_01_03\source\ti\devices\cc13x2_cc26x2\driverlib\bin\ticlang\</path>
         <kind>archive</kind>
         <file>driverlib.lib</file>
         <name>setup.o</name>
      </input_file>
      <input_file id="fl-33">
         <path>C:\ti\simplelink_cc13xx_cc26xx_sdk_6_30_01_03\source\ti\devices\cc13x2_cc26x2\driverlib\bin\ticlang\</path>
         <kind>archive</kind>
         <file>driverlib.lib</file>
         <name>aux_sysif.o</name>
      </input_file>
      <input_file id="fl-34">
         <path>C:\ti\simplelink_cc13xx_cc26xx_sdk_6_30_01_03\source\ti\devices\cc13x2_cc26x2\driverlib\bin\ticlang\</path>
         <kind>archive</kind>
         <file>driverlib.lib</file>
         <name>sys_ctrl.o</name>
      </input_file>
      <input_file id="fl-35">
         <path>C:\ti\simplelink_cc13xx_cc26xx_sdk_6_30_01_03\source\ti\devices\cc13x2_cc26x2\driverlib\bin\ticlang\</path>
         <kind>archive</kind>
         <file>driverlib.lib</file>
         <name>cpu.o</name>
      </input_file>
      <input_file id="fl-36">
         <path>C:\ti\simplelink_cc13xx_cc26xx_sdk_6_30_01_03\source\ti\devices\cc13x2_cc26x2\driverlib\bin\ticlang\</path>
         <kind>archive</kind>
         <file>driverlib.lib</file>
         <name>osc.o</name>
      </input_file>
      <input_file id="fl-37">
         <path>C:\ti\simplelink_cc13xx_cc26xx_sdk_6_30_01_03\source\ti\devices\cc13x2_cc26x2\driverlib\bin\ticlang\</path>
         <kind>archive</kind>
         <file>driverlib.lib</file>
         <name>prcm.o</name>
      </input_file>
      <input_file id="fl-43">
         <path>C:\ti\ccs1210\ccs\tools\compiler\ti-cgt-armllvm_2.1.2.LTS\lib\armv7em-ti-none-eabihf\c\</path>
         <kind>archive</kind>
         <file>libc.a</file>
         <name>aeabi_portable.c.obj</name>
      </input_file>
      <input_file id="fl-44">
         <path>C:\ti\ccs1210\ccs\tools\compiler\ti-cgt-armllvm_2.1.2.LTS\lib\armv7em-ti-none-eabihf\c\</path>
         <kind>archive</kind>
         <file>libc.a</file>
         <name>exit.c.obj</name>
      </input_file>
      <input_file id="fl-45">
         <path>C:\ti\ccs1210\ccs\tools\compiler\ti-cgt-armllvm_2.1.2.LTS\lib\armv7em-ti-none-eabihf\c\</path>
         <kind>archive</kind>
         <file>libc.a</file>
         <name>_lock.c.obj</name>
      </input_file>
      <input_file id="fl-46">
         <path>C:\ti\ccs1210\ccs\tools\compiler\ti-cgt-armllvm_2.1.2.LTS\lib\armv7em-ti-none-eabihf\c\</path>
         <kind>archive</kind>
         <file>libc.a</file>
         <name>args_main.c.obj</name>
      </input_file>
      <input_file id="fl-47">
         <path>C:\ti\ccs1210\ccs\tools\compiler\ti-cgt-armllvm_2.1.2.LTS\lib\armv7em-ti-none-eabihf\c\</path>
         <kind>archive</kind>
         <file>libc.a</file>
         <name>assert.c.obj</name>
      </input_file>
      <input_file id="fl-48">
         <path>C:\ti\ccs1210\ccs\tools\compiler\ti-cgt-armllvm_2.1.2.LTS\lib\armv7em-ti-none-eabihf\c\</path>
         <kind>archive</kind>
         <file>libc.a</file>
         <name>defs.c.obj</name>
      </input_file>
      <input_file id="fl-49">
         <path>C:\ti\ccs1210\ccs\tools\compiler\ti-cgt-armllvm_2.1.2.LTS\lib\armv7em-ti-none-eabihf\c\</path>
         <kind>archive</kind>
         <file>libc.a</file>
         <name>autoinit.c.obj</name>
      </input_file>
      <input_file id="fl-4a">
         <path>C:\ti\ccs1210\ccs\tools\compiler\ti-cgt-armllvm_2.1.2.LTS\lib\armv7em-ti-none-eabihf\c\</path>
         <kind>archive</kind>
         <file>libc.a</file>
         <name>cpy_tbl.c.obj</name>
      </input_file>
      <input_file id="fl-4b">
         <path>C:\ti\ccs1210\ccs\tools\compiler\ti-cgt-armllvm_2.1.2.LTS\lib\armv7em-ti-none-eabihf\c\</path>
         <kind>archive</kind>
         <file>libc.a</file>
         <name>copy_zero_init.c.obj</name>
      </input_file>
      <input_file id="fl-4c">
         <path>C:\ti\ccs1210\ccs\tools\compiler\ti-cgt-armllvm_2.1.2.LTS\lib\armv7em-ti-none-eabihf\c\</path>
         <kind>archive</kind>
         <file>libc.a</file>
         <name>copy_decompress_none.c.obj</name>
      </input_file>
      <input_file id="fl-4d">
         <path>C:\ti\ccs1210\ccs\tools\compiler\ti-cgt-armllvm_2.1.2.LTS\lib\armv7em-ti-none-eabihf\c\</path>
         <kind>archive</kind>
         <file>libc.a</file>
         <name>copy_decompress_lzss.c.obj</name>
      </input_file>
      <input_file id="fl-4e">
         <path>C:\ti\ccs1210\ccs\tools\compiler\ti-cgt-armllvm_2.1.2.LTS\lib\armv7em-ti-none-eabihf\c\</path>
         <kind>archive</kind>
         <file>libc.a</file>
         <name>sprintf.c.obj</name>
      </input_file>
      <input_file id="fl-4f">
         <path>C:\ti\ccs1210\ccs\tools\compiler\ti-cgt-armllvm_2.1.2.LTS\lib\armv7em-ti-none-eabihf\c\</path>
         <kind>archive</kind>
         <file>libc.a</file>
         <name>fflush.c.obj</name>
      </input_file>
      <input_file id="fl-50">
         <path>C:\ti\ccs1210\ccs\tools\compiler\ti-cgt-armllvm_2.1.2.LTS\lib\armv7em-ti-none-eabihf\c\</path>
         <kind>archive</kind>
         <file>libc.a</file>
         <name>fputs.c.obj</name>
      </input_file>
      <input_file id="fl-51">
         <path>C:\ti\ccs1210\ccs\tools\compiler\ti-cgt-armllvm_2.1.2.LTS\lib\armv7em-ti-none-eabihf\c\</path>
         <kind>archive</kind>
         <file>libc.a</file>
         <name>_io_perm.c.obj</name>
      </input_file>
      <input_file id="fl-52">
         <path>C:\ti\ccs1210\ccs\tools\compiler\ti-cgt-armllvm_2.1.2.LTS\lib\armv7em-ti-none-eabihf\c\</path>
         <kind>archive</kind>
         <file>libc.a</file>
         <name>setvbuf.c.obj</name>
      </input_file>
      <input_file id="fl-53">
         <path>C:\ti\ccs1210\ccs\tools\compiler\ti-cgt-armllvm_2.1.2.LTS\lib\armv7em-ti-none-eabihf\c\</path>
         <kind>archive</kind>
         <file>libc.a</file>
         <name>_printfi.c.obj</name>
      </input_file>
      <input_file id="fl-54">
         <path>C:\ti\ccs1210\ccs\tools\compiler\ti-cgt-armllvm_2.1.2.LTS\lib\armv7em-ti-none-eabihf\c\</path>
         <kind>archive</kind>
         <file>libc.a</file>
         <name>fopen.c.obj</name>
      </input_file>
      <input_file id="fl-55">
         <path>C:\ti\ccs1210\ccs\tools\compiler\ti-cgt-armllvm_2.1.2.LTS\lib\armv7em-ti-none-eabihf\c\</path>
         <kind>archive</kind>
         <file>libc.a</file>
         <name>fseek.c.obj</name>
      </input_file>
      <input_file id="fl-56">
         <path>C:\ti\ccs1210\ccs\tools\compiler\ti-cgt-armllvm_2.1.2.LTS\lib\armv7em-ti-none-eabihf\c\</path>
         <kind>archive</kind>
         <file>libc.a</file>
         <name>wcslen.c.obj</name>
      </input_file>
      <input_file id="fl-57">
         <path>C:\ti\ccs1210\ccs\tools\compiler\ti-cgt-armllvm_2.1.2.LTS\lib\armv7em-ti-none-eabihf\c\</path>
         <kind>archive</kind>
         <file>libc.a</file>
         <name>_ltoa.c.obj</name>
      </input_file>
      <input_file id="fl-58">
         <path>C:\ti\ccs1210\ccs\tools\compiler\ti-cgt-armllvm_2.1.2.LTS\lib\armv7em-ti-none-eabihf\c\</path>
         <kind>archive</kind>
         <file>libc.a</file>
         <name>atoi.c.obj</name>
      </input_file>
      <input_file id="fl-59">
         <path>C:\ti\ccs1210\ccs\tools\compiler\ti-cgt-armllvm_2.1.2.LTS\lib\armv7em-ti-none-eabihf\c\</path>
         <kind>archive</kind>
         <file>libc.a</file>
         <name>memccpy.c.obj</name>
      </input_file>
      <input_file id="fl-5a">
         <path>C:\ti\ccs1210\ccs\tools\compiler\ti-cgt-armllvm_2.1.2.LTS\lib\armv7em-ti-none-eabihf\c\</path>
         <kind>archive</kind>
         <file>libc.a</file>
         <name>s_frexp.c.obj</name>
      </input_file>
      <input_file id="fl-5b">
         <path>C:\ti\ccs1210\ccs\tools\compiler\ti-cgt-armllvm_2.1.2.LTS\lib\armv7em-ti-none-eabihf\c\</path>
         <kind>archive</kind>
         <file>libc.a</file>
         <name>s_scalbn.c.obj</name>
      </input_file>
      <input_file id="fl-5c">
         <path>C:\ti\ccs1210\ccs\tools\compiler\ti-cgt-armllvm_2.1.2.LTS\lib\armv7em-ti-none-eabihf\c\</path>
         <kind>archive</kind>
         <file>libc.a</file>
         <name>fclose.c.obj</name>
      </input_file>
      <input_file id="fl-5d">
         <path>C:\ti\ccs1210\ccs\tools\compiler\ti-cgt-armllvm_2.1.2.LTS\lib\armv7em-ti-none-eabihf\c\</path>
         <kind>archive</kind>
         <file>libc.a</file>
         <name>aeabi_ctype.S.obj</name>
      </input_file>
      <input_file id="fl-96">
         <path>C:\ti\ccs1210\ccs\tools\compiler\ti-cgt-armllvm_2.1.2.LTS\lib\armv7em-ti-none-eabihf\c\</path>
         <kind>archive</kind>
         <file>libsysbm.a</file>
         <name>write.c.obj</name>
      </input_file>
      <input_file id="fl-97">
         <path>C:\ti\ccs1210\ccs\tools\compiler\ti-cgt-armllvm_2.1.2.LTS\lib\armv7em-ti-none-eabihf\c\</path>
         <kind>archive</kind>
         <file>libsysbm.a</file>
         <name>hostwrite.c.obj</name>
      </input_file>
      <input_file id="fl-98">
         <path>C:\ti\ccs1210\ccs\tools\compiler\ti-cgt-armllvm_2.1.2.LTS\lib\armv7em-ti-none-eabihf\c\</path>
         <kind>archive</kind>
         <file>libsysbm.a</file>
         <name>host_device.c.obj</name>
      </input_file>
      <input_file id="fl-99">
         <path>C:\ti\ccs1210\ccs\tools\compiler\ti-cgt-armllvm_2.1.2.LTS\lib\armv7em-ti-none-eabihf\c\</path>
         <kind>archive</kind>
         <file>libsysbm.a</file>
         <name>trgmsg.c.obj</name>
      </input_file>
      <input_file id="fl-9a">
         <path>C:\ti\ccs1210\ccs\tools\compiler\ti-cgt-armllvm_2.1.2.LTS\lib\armv7em-ti-none-eabihf\c\</path>
         <kind>archive</kind>
         <file>libsysbm.a</file>
         <name>remove.c.obj</name>
      </input_file>
      <input_file id="fl-9b">
         <path>C:\ti\ccs1210\ccs\tools\compiler\ti-cgt-armllvm_2.1.2.LTS\lib\armv7em-ti-none-eabihf\c\</path>
         <kind>archive</kind>
         <file>libsysbm.a</file>
         <name>open.c.obj</name>
      </input_file>
      <input_file id="fl-9c">
         <path>C:\ti\ccs1210\ccs\tools\compiler\ti-cgt-armllvm_2.1.2.LTS\lib\armv7em-ti-none-eabihf\c\</path>
         <kind>archive</kind>
         <file>libsysbm.a</file>
         <name>lseek.c.obj</name>
      </input_file>
      <input_file id="fl-9d">
         <path>C:\ti\ccs1210\ccs\tools\compiler\ti-cgt-armllvm_2.1.2.LTS\lib\armv7em-ti-none-eabihf\c\</path>
         <kind>archive</kind>
         <file>libsysbm.a</file>
         <name>close.c.obj</name>
      </input_file>
      <input_file id="fl-9e">
         <path>C:\ti\ccs1210\ccs\tools\compiler\ti-cgt-armllvm_2.1.2.LTS\lib\armv7em-ti-none-eabihf\c\</path>
         <kind>archive</kind>
         <file>libsysbm.a</file>
         <name>unlink.c.obj</name>
      </input_file>
      <input_file id="fl-9f">
         <path>C:\ti\ccs1210\ccs\tools\compiler\ti-cgt-armllvm_2.1.2.LTS\lib\armv7em-ti-none-eabihf\c\</path>
         <kind>archive</kind>
         <file>libsysbm.a</file>
         <name>hostclose.c.obj</name>
      </input_file>
      <input_file id="fl-a0">
         <path>C:\ti\ccs1210\ccs\tools\compiler\ti-cgt-armllvm_2.1.2.LTS\lib\armv7em-ti-none-eabihf\c\</path>
         <kind>archive</kind>
         <file>libsysbm.a</file>
         <name>hostlseek.c.obj</name>
      </input_file>
      <input_file id="fl-a1">
         <path>C:\ti\ccs1210\ccs\tools\compiler\ti-cgt-armllvm_2.1.2.LTS\lib\armv7em-ti-none-eabihf\c\</path>
         <kind>archive</kind>
         <file>libsysbm.a</file>
         <name>hostopen.c.obj</name>
      </input_file>
      <input_file id="fl-a2">
         <path>C:\ti\ccs1210\ccs\tools\compiler\ti-cgt-armllvm_2.1.2.LTS\lib\armv7em-ti-none-eabihf\c\</path>
         <kind>archive</kind>
         <file>libsysbm.a</file>
         <name>hostread.c.obj</name>
      </input_file>
      <input_file id="fl-a3">
         <path>C:\ti\ccs1210\ccs\tools\compiler\ti-cgt-armllvm_2.1.2.LTS\lib\armv7em-ti-none-eabihf\c\</path>
         <kind>archive</kind>
         <file>libsysbm.a</file>
         <name>hostrename.c.obj</name>
      </input_file>
      <input_file id="fl-a4">
         <path>C:\ti\ccs1210\ccs\tools\compiler\ti-cgt-armllvm_2.1.2.LTS\lib\armv7em-ti-none-eabihf\c\</path>
         <kind>archive</kind>
         <file>libsysbm.a</file>
         <name>hostunlink.c.obj</name>
      </input_file>
      <input_file id="fl-a5">
         <path>C:\ti\ccs1210\ccs\tools\compiler\ti-cgt-armllvm_2.1.2.LTS\lib\clang\14.0.6\lib\armv7em-ti-none-eabihf\</path>
         <kind>archive</kind>
         <file>libclang_rt.builtins.a</file>
         <name>adddf3.S.obj</name>
      </input_file>
      <input_file id="fl-a6">
         <path>C:\ti\ccs1210\ccs\tools\compiler\ti-cgt-armllvm_2.1.2.LTS\lib\clang\14.0.6\lib\armv7em-ti-none-eabihf\</path>
         <kind>archive</kind>
         <file>libclang_rt.builtins.a</file>
         <name>muldf3.S.obj</name>
      </input_file>
      <input_file id="fl-a7">
         <path>C:\ti\ccs1210\ccs\tools\compiler\ti-cgt-armllvm_2.1.2.LTS\lib\clang\14.0.6\lib\armv7em-ti-none-eabihf\</path>
         <kind>archive</kind>
         <file>libclang_rt.builtins.a</file>
         <name>divdf3.S.obj</name>
      </input_file>
      <input_file id="fl-a8">
         <path>C:\ti\ccs1210\ccs\tools\compiler\ti-cgt-armllvm_2.1.2.LTS\lib\clang\14.0.6\lib\armv7em-ti-none-eabihf\</path>
         <kind>archive</kind>
         <file>libclang_rt.builtins.a</file>
         <name>extendsfdf2.S.obj</name>
      </input_file>
      <input_file id="fl-a9">
         <path>C:\ti\ccs1210\ccs\tools\compiler\ti-cgt-armllvm_2.1.2.LTS\lib\clang\14.0.6\lib\armv7em-ti-none-eabihf\</path>
         <kind>archive</kind>
         <file>libclang_rt.builtins.a</file>
         <name>fixdfsi.S.obj</name>
      </input_file>
      <input_file id="fl-aa">
         <path>C:\ti\ccs1210\ccs\tools\compiler\ti-cgt-armllvm_2.1.2.LTS\lib\clang\14.0.6\lib\armv7em-ti-none-eabihf\</path>
         <kind>archive</kind>
         <file>libclang_rt.builtins.a</file>
         <name>fixunsdfsi.S.obj</name>
      </input_file>
      <input_file id="fl-ab">
         <path>C:\ti\ccs1210\ccs\tools\compiler\ti-cgt-armllvm_2.1.2.LTS\lib\clang\14.0.6\lib\armv7em-ti-none-eabihf\</path>
         <kind>archive</kind>
         <file>libclang_rt.builtins.a</file>
         <name>floatsidf.S.obj</name>
      </input_file>
      <input_file id="fl-ac">
         <path>C:\ti\ccs1210\ccs\tools\compiler\ti-cgt-armllvm_2.1.2.LTS\lib\clang\14.0.6\lib\armv7em-ti-none-eabihf\</path>
         <kind>archive</kind>
         <file>libclang_rt.builtins.a</file>
         <name>aeabi_dcmp.S.obj</name>
      </input_file>
      <input_file id="fl-ad">
         <path>C:\ti\ccs1210\ccs\tools\compiler\ti-cgt-armllvm_2.1.2.LTS\lib\clang\14.0.6\lib\armv7em-ti-none-eabihf\</path>
         <kind>archive</kind>
         <file>libclang_rt.builtins.a</file>
         <name>aeabi_ldivmod.S.obj</name>
      </input_file>
      <input_file id="fl-ae">
         <path>C:\ti\ccs1210\ccs\tools\compiler\ti-cgt-armllvm_2.1.2.LTS\lib\clang\14.0.6\lib\armv7em-ti-none-eabihf\</path>
         <kind>archive</kind>
         <file>libclang_rt.builtins.a</file>
         <name>aeabi_memcpy.S.obj</name>
      </input_file>
      <input_file id="fl-af">
         <path>C:\ti\ccs1210\ccs\tools\compiler\ti-cgt-armllvm_2.1.2.LTS\lib\clang\14.0.6\lib\armv7em-ti-none-eabihf\</path>
         <kind>archive</kind>
         <file>libclang_rt.builtins.a</file>
         <name>aeabi_memset.S.obj</name>
      </input_file>
      <input_file id="fl-b0">
         <path>C:\ti\ccs1210\ccs\tools\compiler\ti-cgt-armllvm_2.1.2.LTS\lib\clang\14.0.6\lib\armv7em-ti-none-eabihf\</path>
         <kind>archive</kind>
         <file>libclang_rt.builtins.a</file>
         <name>aeabi_uldivmod.S.obj</name>
      </input_file>
      <input_file id="fl-b1">
         <path>C:\ti\ccs1210\ccs\tools\compiler\ti-cgt-armllvm_2.1.2.LTS\lib\clang\14.0.6\lib\armv7em-ti-none-eabihf\</path>
         <kind>archive</kind>
         <file>libclang_rt.builtins.a</file>
         <name>udivmoddi4.S.obj</name>
      </input_file>
      <input_file id="fl-b2">
         <path>C:\ti\ccs1210\ccs\tools\compiler\ti-cgt-armllvm_2.1.2.LTS\lib\clang\14.0.6\lib\armv7em-ti-none-eabihf\</path>
         <kind>archive</kind>
         <file>libclang_rt.builtins.a</file>
         <name>comparedf2.c.obj</name>
      </input_file>
      <input_file id="fl-b3">
         <path>C:\ti\ccs1210\ccs\tools\compiler\ti-cgt-armllvm_2.1.2.LTS\lib\clang\14.0.6\lib\armv7em-ti-none-eabihf\</path>
         <kind>archive</kind>
         <file>libclang_rt.builtins.a</file>
         <name>divmoddi4.c.obj</name>
      </input_file>
      <input_file id="fl-b4">
         <path>C:\ti\ccs1210\ccs\tools\compiler\ti-cgt-armllvm_2.1.2.LTS\lib\clang\14.0.6\lib\armv7em-ti-none-eabihf\</path>
         <kind>archive</kind>
         <file>libclang_rt.builtins.a</file>
         <name>aeabi_div0.c.obj</name>
      </input_file>
      <input_file id="fl-b5">
         <path>C:\ti\ccs1210\ccs\tools\compiler\ti-cgt-armllvm_2.1.2.LTS\lib\armv7em-ti-none-eabihf\c\</path>
         <kind>archive</kind>
         <file>libc.a</file>
         <name>getdevice.c.obj</name>
      </input_file>
      <input_file id="fl-b6">
         <path>C:\ti\ccs1210\ccs\tools\compiler\ti-cgt-armllvm_2.1.2.LTS\lib\armv7em-ti-none-eabihf\c\</path>
         <kind>archive</kind>
         <file>libc.a</file>
         <name>memcpy_t2.S.obj</name>
      </input_file>
      <input_file id="fl-b7">
         <path>C:\ti\ccs1210\ccs\tools\compiler\ti-cgt-armllvm_2.1.2.LTS\lib\armv7em-ti-none-eabihf\c\</path>
         <kind>archive</kind>
         <file>libc.a</file>
         <name>memset_t2.S.obj</name>
      </input_file>
   </input_file_list>
   <object_component_list>
      <object_component id="oc-1e7">
         <name>.text.ti_sysbios_runtime_System_doPrint</name>
         <load_address>0x40</load_address>
         <run_address>0x40</run_address>
         <size>0x304</size>
         <input_file_ref idref="fl-5"/>
      </object_component>
      <object_component id="oc-27d">
         <name>.text</name>
         <load_address>0x344</load_address>
         <run_address>0x344</run_address>
         <size>0x1b6</size>
         <input_file_ref idref="fl-a5"/>
      </object_component>
      <object_component id="oc-190">
         <name>.text.BIOS_nullFunc</name>
         <load_address>0x4fa</load_address>
         <run_address>0x4fa</run_address>
         <size>0x2</size>
         <input_file_ref idref="fl-5"/>
      </object_component>
      <object_component id="oc-d9">
         <name>.text.Log_print</name>
         <load_address>0x4fc</load_address>
         <run_address>0x4fc</run_address>
         <size>0x1a8</size>
         <input_file_ref idref="fl-7"/>
      </object_component>
      <object_component id="oc-1bf">
         <name>.text.PowerCC26X2_auxISR</name>
         <load_address>0x6a4</load_address>
         <run_address>0x6a4</run_address>
         <size>0x194</size>
         <input_file_ref idref="fl-23"/>
      </object_component>
      <object_component id="oc-25b">
         <name>.text.Power_sleep</name>
         <load_address>0x838</load_address>
         <run_address>0x838</run_address>
         <size>0x158</size>
         <input_file_ref idref="fl-22"/>
      </object_component>
      <object_component id="oc-241">
         <name>.text.ti_sysbios_runtime_System_printfExtend</name>
         <load_address>0x990</load_address>
         <run_address>0x990</run_address>
         <size>0x144</size>
         <input_file_ref idref="fl-5"/>
      </object_component>
      <object_component id="oc-109">
         <name>.text.I2C_open</name>
         <load_address>0xad4</load_address>
         <run_address>0xad4</run_address>
         <size>0x13c</size>
         <input_file_ref idref="fl-21"/>
      </object_component>
      <object_component id="oc-1e6">
         <name>.text.I2C_transferTimeout</name>
         <load_address>0xc10</load_address>
         <run_address>0xc10</run_address>
         <size>0x126</size>
         <input_file_ref idref="fl-20"/>
      </object_component>
      <object_component id="oc-103">
         <name>.text.I2C_init</name>
         <load_address>0xd36</load_address>
         <run_address>0xd36</run_address>
         <size>0x2</size>
         <input_file_ref idref="fl-20"/>
      </object_component>
      <object_component id="oc-199">
         <name>.text.ti_sysbios_family_arm_cc26xx_Timer_construct</name>
         <load_address>0xd38</load_address>
         <run_address>0xd38</run_address>
         <size>0x120</size>
         <input_file_ref idref="fl-5"/>
      </object_component>
      <object_component id="oc-60">
         <name>.text.ti_sysbios_family_arm_m3_Hwi_dispatch</name>
         <load_address>0xe58</load_address>
         <run_address>0xe58</run_address>
         <size>0x11c</size>
         <input_file_ref idref="fl-2e"/>
      </object_component>
      <object_component id="oc-147">
         <name>.text.Power_init</name>
         <load_address>0xf74</load_address>
         <run_address>0xf74</run_address>
         <size>0x118</size>
         <input_file_ref idref="fl-22"/>
      </object_component>
      <object_component id="oc-22d">
         <name>.text.PowerCC26X2_calibrate</name>
         <load_address>0x108c</load_address>
         <run_address>0x108c</run_address>
         <size>0x10c</size>
         <input_file_ref idref="fl-23"/>
      </object_component>
      <object_component id="oc-fd">
         <name>.text.GPIO_init</name>
         <load_address>0x1198</load_address>
         <run_address>0x1198</run_address>
         <size>0x104</size>
         <input_file_ref idref="fl-25"/>
      </object_component>
      <object_component id="oc-281">
         <name>.text</name>
         <load_address>0x129c</load_address>
         <run_address>0x129c</run_address>
         <size>0xfc</size>
         <input_file_ref idref="fl-a6"/>
      </object_component>
      <object_component id="oc-2b3">
         <name>.text.NOROM_SysCtrlStandby</name>
         <load_address>0x1398</load_address>
         <run_address>0x1398</run_address>
         <size>0xf4</size>
         <input_file_ref idref="fl-34"/>
      </object_component>
      <object_component id="oc-16c">
         <name>.text.I2CCC26XX_hwiFxn</name>
         <load_address>0x148c</load_address>
         <run_address>0x148c</run_address>
         <size>0xe8</size>
         <input_file_ref idref="fl-21"/>
      </object_component>
      <object_component id="oc-69">
         <name>.text.NOROM_SetupTrimDevice</name>
         <load_address>0x1574</load_address>
         <run_address>0x1574</run_address>
         <size>0xe4</size>
         <input_file_ref idref="fl-32"/>
      </object_component>
      <object_component id="oc-243">
         <name>.text.ti_sysbios_knl_Semaphore_pend</name>
         <load_address>0x1658</load_address>
         <run_address>0x1658</run_address>
         <size>0xe4</size>
         <input_file_ref idref="fl-5"/>
      </object_component>
      <object_component id="oc-e1">
         <name>.text.ti_sysbios_family_arm_m3_Hwi_excFillContext</name>
         <load_address>0x173c</load_address>
         <run_address>0x173c</run_address>
         <size>0xd8</size>
         <input_file_ref idref="fl-5"/>
      </object_component>
      <object_component id="oc-215">
         <name>.text.configureXOSCHF</name>
         <load_address>0x1814</load_address>
         <run_address>0x1814</run_address>
         <size>0xd0</size>
         <input_file_ref idref="fl-22"/>
      </object_component>
      <object_component id="oc-13b">
         <name>.text.ti_sysbios_knl_Clock_workFuncDynamic</name>
         <load_address>0x18e4</load_address>
         <run_address>0x18e4</run_address>
         <size>0xcc</size>
         <input_file_ref idref="fl-5"/>
      </object_component>
      <object_component id="oc-9a">
         <name>.text.TrimAfterColdResetWakeupFromShutDown</name>
         <load_address>0x19b0</load_address>
         <run_address>0x19b0</run_address>
         <size>0xc4</size>
         <input_file_ref idref="fl-32"/>
      </object_component>
      <object_component id="oc-fc">
         <name>.text.ti_sysbios_knl_Task_Instance_finalize</name>
         <load_address>0x1a74</load_address>
         <run_address>0x1a74</run_address>
         <size>0xb8</size>
         <input_file_ref idref="fl-5"/>
      </object_component>
      <object_component id="oc-29c">
         <name>.text.NOROM_OSCHF_AttemptToSwitchToXosc</name>
         <load_address>0x1b2c</load_address>
         <run_address>0x1b2c</run_address>
         <size>0xb4</size>
         <input_file_ref idref="fl-36"/>
      </object_component>
      <object_component id="oc-217">
         <name>.text.PowerCC26XX_standbyPolicy</name>
         <load_address>0x1be0</load_address>
         <run_address>0x1be0</run_address>
         <size>0xb4</size>
         <input_file_ref idref="fl-5"/>
      </object_component>
      <object_component id="oc-266">
         <name>.text.Power_releaseDependency</name>
         <load_address>0x1c94</load_address>
         <run_address>0x1c94</run_address>
         <size>0xb4</size>
         <input_file_ref idref="fl-22"/>
      </object_component>
      <object_component id="oc-14d">
         <name>.text.Power_setDependency</name>
         <load_address>0x1d48</load_address>
         <run_address>0x1d48</run_address>
         <size>0xb0</size>
         <input_file_ref idref="fl-22"/>
      </object_component>
      <object_component id="oc-19c">
         <name>.text</name>
         <load_address>0x1df8</load_address>
         <run_address>0x1df8</run_address>
         <size>0xb0</size>
         <input_file_ref idref="fl-b1"/>
      </object_component>
      <object_component id="oc-fb">
         <name>.text.ti_sysbios_knl_Task_Instance_init</name>
         <load_address>0x1ea8</load_address>
         <run_address>0x1ea8</run_address>
         <size>0xa4</size>
         <input_file_ref idref="fl-5"/>
      </object_component>
      <object_component id="oc-16d">
         <name>.text.I2CCC26XX_swiFxn</name>
         <load_address>0x1f4c</load_address>
         <run_address>0x1f4c</run_address>
         <size>0xa0</size>
         <input_file_ref idref="fl-21"/>
      </object_component>
      <object_component id="oc-289">
         <name>.text.ti_sysbios_knl_Clock_startI</name>
         <load_address>0x1fec</load_address>
         <run_address>0x1fec</run_address>
         <size>0x94</size>
         <input_file_ref idref="fl-5"/>
      </object_component>
      <object_component id="oc-161">
         <name>.text.GPIO_setConfig</name>
         <load_address>0x2080</load_address>
         <run_address>0x2080</run_address>
         <size>0x8c</size>
         <input_file_ref idref="fl-1f"/>
      </object_component>
      <object_component id="oc-f2">
         <name>.text.ti_sysbios_knl_Clock_init</name>
         <load_address>0x210c</load_address>
         <run_address>0x210c</run_address>
         <size>0x8c</size>
         <input_file_ref idref="fl-5"/>
      </object_component>
      <object_component id="oc-2bb">
         <name>.text.NOROM_SysCtrlSetRechargeBeforePowerDown</name>
         <load_address>0x2198</load_address>
         <run_address>0x2198</run_address>
         <size>0x80</size>
         <input_file_ref idref="fl-34"/>
      </object_component>
      <object_component id="oc-ef">
         <name>.text.ti_sysbios_family_arm_m3_Hwi_initNVIC</name>
         <load_address>0x2218</load_address>
         <run_address>0x2218</run_address>
         <size>0x80</size>
         <input_file_ref idref="fl-5"/>
      </object_component>
      <object_component id="oc-28b">
         <name>.text.ti_sysbios_family_arm_m3_Hwi_postInit</name>
         <load_address>0x2298</load_address>
         <run_address>0x2298</run_address>
         <size>0x7c</size>
         <input_file_ref idref="fl-5"/>
      </object_component>
      <object_component id="oc-28f">
         <name>.text.NOROM_OSCHF_SwitchToRcOscTurnOffXosc</name>
         <load_address>0x2314</load_address>
         <run_address>0x2314</run_address>
         <size>0x78</size>
         <input_file_ref idref="fl-36"/>
      </object_component>
      <object_component id="oc-be">
         <name>.text.NOROM_OSC_CapArrayAdjustWorkaround_Boot</name>
         <load_address>0x238c</load_address>
         <run_address>0x238c</run_address>
         <size>0x78</size>
         <input_file_ref idref="fl-36"/>
      </object_component>
      <object_component id="oc-140">
         <name>.text.ti_sysbios_knl_Task_postInit</name>
         <load_address>0x2404</load_address>
         <run_address>0x2404</run_address>
         <size>0x78</size>
         <input_file_ref idref="fl-5"/>
      </object_component>
      <object_component id="oc-220">
         <name>.text.PowerCC26X2_updateSubSecInc</name>
         <load_address>0x247c</load_address>
         <run_address>0x247c</run_address>
         <size>0x74</size>
         <input_file_ref idref="fl-26"/>
      </object_component>
      <object_component id="oc-b2">
         <name>.text.ti_sysbios_knl_Swi_restoreHwi</name>
         <load_address>0x24f0</load_address>
         <run_address>0x24f0</run_address>
         <size>0x74</size>
         <input_file_ref idref="fl-5"/>
      </object_component>
      <object_component id="oc-247">
         <name>.text.ti_sysbios_family_arm_m3_Hwi_Instance_init</name>
         <load_address>0x2564</load_address>
         <run_address>0x2564</run_address>
         <size>0x70</size>
         <input_file_ref idref="fl-5"/>
      </object_component>
      <object_component id="oc-124">
         <name>.text.ti_sysbios_knl_Task_startup</name>
         <load_address>0x25d4</load_address>
         <run_address>0x25d4</run_address>
         <size>0x70</size>
         <input_file_ref idref="fl-5"/>
      </object_component>
      <object_component id="oc-240">
         <name>.text.ti_sysbios_runtime_System_formatNum</name>
         <load_address>0x2644</load_address>
         <run_address>0x2644</run_address>
         <size>0x70</size>
         <input_file_ref idref="fl-5"/>
      </object_component>
      <object_component id="oc-2a6">
         <name>.text.__gedf2</name>
         <load_address>0x26b4</load_address>
         <run_address>0x26b4</run_address>
         <size>0x6e</size>
         <input_file_ref idref="fl-b2"/>
      </object_component>
      <object_component id="oc-203">
         <name>.text.__aeabi_ldiv0</name>
         <load_address>0x2722</load_address>
         <run_address>0x2722</run_address>
         <size>0x2</size>
         <input_file_ref idref="fl-b4"/>
      </object_component>
      <object_component id="oc-2a0">
         <name>.text.__ledf2</name>
         <load_address>0x2724</load_address>
         <run_address>0x2724</run_address>
         <size>0x6e</size>
         <input_file_ref idref="fl-b2"/>
      </object_component>
      <object_component id="oc-18f">
         <name>.text._nop</name>
         <load_address>0x2792</load_address>
         <run_address>0x2792</run_address>
         <size>0x2</size>
         <input_file_ref idref="fl-45"/>
      </object_component>
      <object_component id="oc-88">
         <name>.text.ti_sysbios_family_arm_m3_Hwi_dispatchC</name>
         <load_address>0x2794</load_address>
         <run_address>0x2794</run_address>
         <size>0x6c</size>
         <input_file_ref idref="fl-5"/>
      </object_component>
      <object_component id="oc-1e3">
         <name>.text.I2CSupport_primeTransfer</name>
         <load_address>0x2800</load_address>
         <run_address>0x2800</run_address>
         <size>0x6a</size>
         <input_file_ref idref="fl-21"/>
      </object_component>
      <object_component id="oc-2c">
         <name>.text:decompress:lzss</name>
         <load_address>0x286a</load_address>
         <run_address>0x286a</run_address>
         <size>0x6a</size>
         <input_file_ref idref="fl-4d"/>
      </object_component>
      <object_component id="oc-e6">
         <name>.text.ti_sysbios_knl_Swi_run</name>
         <load_address>0x28d4</load_address>
         <run_address>0x28d4</run_address>
         <size>0x68</size>
         <input_file_ref idref="fl-5"/>
      </object_component>
      <object_component id="oc-25e">
         <name>.text.PowerCC26X2_initiateCalibration</name>
         <load_address>0x293c</load_address>
         <run_address>0x293c</run_address>
         <size>0x64</size>
         <input_file_ref idref="fl-23"/>
      </object_component>
      <object_component id="oc-1be">
         <name>.text.oscillatorISR</name>
         <load_address>0x29a0</load_address>
         <run_address>0x29a0</run_address>
         <size>0x64</size>
         <input_file_ref idref="fl-22"/>
      </object_component>
      <object_component id="oc-f5">
         <name>.text.ti_sysbios_knl_Idle_init</name>
         <load_address>0x2a04</load_address>
         <run_address>0x2a04</run_address>
         <size>0x64</size>
         <input_file_ref idref="fl-5"/>
      </object_component>
      <object_component id="oc-20c">
         <name>.text.ti_sysbios_knl_TaskSupport_buildTaskStack</name>
         <load_address>0x2a68</load_address>
         <run_address>0x2a68</run_address>
         <size>0x64</size>
         <input_file_ref idref="fl-5"/>
      </object_component>
      <object_component id="oc-271">
         <name>.text</name>
         <load_address>0x2acc</load_address>
         <run_address>0x2acc</run_address>
         <size>0x62</size>
         <input_file_ref idref="fl-ac"/>
      </object_component>
      <object_component id="oc-1fc">
         <name>.text.ti_sysbios_heaps_HeapMem_allocUnprotected</name>
         <load_address>0x2b2e</load_address>
         <run_address>0x2b2e</run_address>
         <size>0x60</size>
         <input_file_ref idref="fl-5"/>
      </object_component>
      <object_component id="oc-1b7">
         <name>.text.emptyClockFunc</name>
         <load_address>0x2b8e</load_address>
         <run_address>0x2b8e</run_address>
         <size>0x2</size>
         <input_file_ref idref="fl-22"/>
      </object_component>
      <object_component id="oc-1a1">
         <name>.text.ti_sysbios_knl_Clock_walkQueueDynamic</name>
         <load_address>0x2b90</load_address>
         <run_address>0x2b90</run_address>
         <size>0x60</size>
         <input_file_ref idref="fl-5"/>
      </object_component>
      <object_component id="oc-238">
         <name>.text.ti_sysbios_knl_Semaphore_post</name>
         <load_address>0x2bf0</load_address>
         <run_address>0x2bf0</run_address>
         <size>0x60</size>
         <input_file_ref idref="fl-5"/>
      </object_component>
      <object_component id="oc-1f4">
         <name>.text.ti_sysbios_knl_Swi_schedule</name>
         <load_address>0x2c50</load_address>
         <run_address>0x2c50</run_address>
         <size>0x60</size>
         <input_file_ref idref="fl-5"/>
      </object_component>
      <object_component id="oc-1f5">
         <name>.text.ti_sysbios_family_arm_m3_Hwi_initStacks</name>
         <load_address>0x2cb0</load_address>
         <run_address>0x2cb0</run_address>
         <size>0x58</size>
         <input_file_ref idref="fl-2f"/>
      </object_component>
      <object_component id="oc-11c">
         <name>.text.HOSTwrite</name>
         <load_address>0x2d08</load_address>
         <run_address>0x2d08</run_address>
         <size>0x54</size>
         <input_file_ref idref="fl-97"/>
      </object_component>
      <object_component id="oc-167">
         <name>.text.I2CCC26XX_initHw</name>
         <load_address>0x2d5c</load_address>
         <run_address>0x2d5c</run_address>
         <size>0x54</size>
         <input_file_ref idref="fl-21"/>
      </object_component>
      <object_component id="oc-cf">
         <name>.text.SSD1306_Init</name>
         <load_address>0x2db0</load_address>
         <run_address>0x2db0</run_address>
         <size>0x54</size>
         <input_file_ref idref="fl-6"/>
      </object_component>
      <object_component id="oc-c8">
         <name>.text.ti_sysbios_runtime_Startup_exec</name>
         <load_address>0x2e04</load_address>
         <run_address>0x2e04</run_address>
         <size>0x54</size>
         <input_file_ref idref="fl-5"/>
      </object_component>
      <object_component id="oc-bb">
         <name>.text.NOROM_ChipInfo_GetHwRevision</name>
         <load_address>0x2e58</load_address>
         <run_address>0x2e58</run_address>
         <size>0x52</size>
         <input_file_ref idref="fl-31"/>
      </object_component>
      <object_component id="oc-85">
         <name>.text.ti_sysbios_runtime_System_exitSpin</name>
         <load_address>0x2eaa</load_address>
         <run_address>0x2eaa</run_address>
         <size>0x2</size>
         <input_file_ref idref="fl-5"/>
      </object_component>
      <object_component id="oc-202">
         <name>.text.ti_sysbios_knl_Swi_post</name>
         <load_address>0x2eac</load_address>
         <run_address>0x2eac</run_address>
         <size>0x50</size>
         <input_file_ref idref="fl-5"/>
      </object_component>
      <object_component id="oc-245">
         <name>.text.ti_sysbios_knl_Swi_runLoop</name>
         <load_address>0x2efc</load_address>
         <run_address>0x2efc</run_address>
         <size>0x50</size>
         <input_file_ref idref="fl-5"/>
      </object_component>
      <object_component id="oc-1fb">
         <name>.text.ti_sysbios_heaps_HeapMem_freeUnprotected</name>
         <load_address>0x2f4c</load_address>
         <run_address>0x2f4c</run_address>
         <size>0x4e</size>
         <input_file_ref idref="fl-5"/>
      </object_component>
      <object_component id="oc-e2">
         <name>.text.BIOS_startFunc</name>
         <load_address>0x2f9c</load_address>
         <run_address>0x2f9c</run_address>
         <size>0x4c</size>
         <input_file_ref idref="fl-5"/>
      </object_component>
      <object_component id="oc-261">
         <name>.text.NOROM_OSC_HPOSCRelativeFrequencyOffsetGet</name>
         <load_address>0x2fe8</load_address>
         <run_address>0x2fe8</run_address>
         <size>0x4c</size>
         <input_file_ref idref="fl-36"/>
      </object_component>
      <object_component id="oc-21a">
         <name>.text.switchXOSCHF</name>
         <load_address>0x3034</load_address>
         <run_address>0x3034</run_address>
         <size>0x4c</size>
         <input_file_ref idref="fl-22"/>
      </object_component>
      <object_component id="oc-133">
         <name>.text.ti_sysbios_knl_Swi_Instance_init</name>
         <load_address>0x3080</load_address>
         <run_address>0x3080</run_address>
         <size>0x4c</size>
         <input_file_ref idref="fl-5"/>
      </object_component>
      <object_component id="oc-f1">
         <name>.text.BIOS_init</name>
         <load_address>0x30cc</load_address>
         <run_address>0x30cc</run_address>
         <size>0x48</size>
         <input_file_ref idref="fl-5"/>
      </object_component>
      <object_component id="oc-c4">
         <name>.text.NOROM_AUXSYSIFOpModeChange</name>
         <load_address>0x3114</load_address>
         <run_address>0x3114</run_address>
         <size>0x48</size>
         <input_file_ref idref="fl-33"/>
      </object_component>
      <object_component id="oc-a8">
         <name>.text.displayTask</name>
         <load_address>0x315c</load_address>
         <run_address>0x315c</run_address>
         <size>0x48</size>
         <input_file_ref idref="fl-1"/>
      </object_component>
      <object_component id="oc-1ff">
         <name>.text.ti_sysbios_family_arm_cc26xx_Timer_start</name>
         <load_address>0x31a4</load_address>
         <run_address>0x31a4</run_address>
         <size>0x48</size>
         <input_file_ref idref="fl-5"/>
      </object_component>
      <object_component id="oc-193">
         <name>.text.ti_sysbios_heaps_HeapMem_Instance_init</name>
         <load_address>0x31ec</load_address>
         <run_address>0x31ec</run_address>
         <size>0x48</size>
         <input_file_ref idref="fl-5"/>
      </object_component>
      <object_component id="oc-198">
         <name>.text.ti_sysbios_heaps_HeapMem_alloc</name>
         <load_address>0x3234</load_address>
         <run_address>0x3234</run_address>
         <size>0x48</size>
         <input_file_ref idref="fl-5"/>
      </object_component>
      <object_component id="oc-e7">
         <name>.text.ti_sysbios_knl_Task_schedule</name>
         <load_address>0x327c</load_address>
         <run_address>0x327c</run_address>
         <size>0x48</size>
         <input_file_ref idref="fl-5"/>
      </object_component>
      <object_component id="oc-275">
         <name>.text</name>
         <load_address>0x32c4</load_address>
         <run_address>0x32c4</run_address>
         <size>0x48</size>
         <input_file_ref idref="fl-a9"/>
      </object_component>
      <object_component id="oc-126">
         <name>.text.BIOS_atExitFunc</name>
         <load_address>0x330c</load_address>
         <run_address>0x330c</run_address>
         <size>0x44</size>
         <input_file_ref idref="fl-5"/>
      </object_component>
      <object_component id="oc-157">
         <name>.text.GPIO_hwiIntFxn</name>
         <load_address>0x3350</load_address>
         <run_address>0x3350</run_address>
         <size>0x44</size>
         <input_file_ref idref="fl-25"/>
      </object_component>
      <object_component id="oc-29e">
         <name>.text.NOROM_PRCMPowerDomainsAllOff</name>
         <load_address>0x3394</load_address>
         <run_address>0x3394</run_address>
         <size>0x44</size>
         <input_file_ref idref="fl-37"/>
      </object_component>
      <object_component id="oc-1c2">
         <name>.text.NOROM_PRCMPowerDomainsAllOn</name>
         <load_address>0x33d8</load_address>
         <run_address>0x33d8</run_address>
         <size>0x44</size>
         <input_file_ref idref="fl-37"/>
      </object_component>
      <object_component id="oc-1c9">
         <name>.text.ti_sysbios_family_arm_m3_Hwi_construct2</name>
         <load_address>0x341c</load_address>
         <run_address>0x341c</run_address>
         <size>0x44</size>
         <input_file_ref idref="fl-5"/>
      </object_component>
      <object_component id="oc-269">
         <name>.text.ti_sysbios_family_arm_m3_Hwi_disableInterrupt</name>
         <load_address>0x3460</load_address>
         <run_address>0x3460</run_address>
         <size>0x44</size>
         <input_file_ref idref="fl-5"/>
      </object_component>
      <object_component id="oc-26a">
         <name>.text.ti_sysbios_family_arm_m3_Hwi_enableInterrupt</name>
         <load_address>0x34a4</load_address>
         <run_address>0x34a4</run_address>
         <size>0x44</size>
         <input_file_ref idref="fl-5"/>
      </object_component>
      <object_component id="oc-18d">
         <name>.text.ti_sysbios_knl_Swi_restore</name>
         <load_address>0x34e8</load_address>
         <run_address>0x34e8</run_address>
         <size>0x44</size>
         <input_file_ref idref="fl-5"/>
      </object_component>
      <object_component id="oc-285">
         <name>.text</name>
         <load_address>0x352c</load_address>
         <run_address>0x352c</run_address>
         <size>0x44</size>
         <input_file_ref idref="fl-aa"/>
      </object_component>
      <object_component id="oc-1b8">
         <name>.text.PowerCC26X2_RCOSC_clockFunc</name>
         <load_address>0x3570</load_address>
         <run_address>0x3570</run_address>
         <size>0x40</size>
         <input_file_ref idref="fl-23"/>
      </object_component>
      <object_component id="oc-265">
         <name>.text.PowerCC26X2_setAclkRefSrc</name>
         <load_address>0x35b0</load_address>
         <run_address>0x35b0</run_address>
         <size>0x40</size>
         <input_file_ref idref="fl-26"/>
      </object_component>
      <object_component id="oc-195">
         <name>.text.ti_sysbios_heaps_HeapMem_getStats</name>
         <load_address>0x35f0</load_address>
         <run_address>0x35f0</run_address>
         <size>0x40</size>
         <input_file_ref idref="fl-5"/>
      </object_component>
      <object_component id="oc-259">
         <name>.text.ti_sysbios_knl_Clock_getTicksUntilInterrupt</name>
         <load_address>0x3630</load_address>
         <run_address>0x3630</run_address>
         <size>0x40</size>
         <input_file_ref idref="fl-5"/>
      </object_component>
      <object_component id="oc-1a7">
         <name>.text.ti_sysbios_knl_Task_exit</name>
         <load_address>0x3670</load_address>
         <run_address>0x3670</run_address>
         <size>0x40</size>
         <input_file_ref idref="fl-5"/>
      </object_component>
      <object_component id="oc-14f">
         <name>.text.HwiP_construct</name>
         <load_address>0x36b0</load_address>
         <run_address>0x36b0</run_address>
         <size>0x3c</size>
         <input_file_ref idref="fl-5"/>
      </object_component>
      <object_component id="oc-295">
         <name>.text.NOROM_SysCtrlIdle</name>
         <load_address>0x36ec</load_address>
         <run_address>0x36ec</run_address>
         <size>0x3c</size>
         <input_file_ref idref="fl-34"/>
      </object_component>
      <object_component id="oc-264">
         <name>.text.PowerCC26X2_setTdcClkSrc24M</name>
         <load_address>0x3728</load_address>
         <run_address>0x3728</run_address>
         <size>0x3c</size>
         <input_file_ref idref="fl-26"/>
      </object_component>
      <object_component id="oc-200">
         <name>.text.ti_sysbios_family_arm_cc26xx_Timer_periodicStub</name>
         <load_address>0x3764</load_address>
         <run_address>0x3764</run_address>
         <size>0x3c</size>
         <input_file_ref idref="fl-5"/>
      </object_component>
      <object_component id="oc-248">
         <name>.text.ti_sysbios_family_arm_cc26xx_Timer_setThreshold</name>
         <load_address>0x37a0</load_address>
         <run_address>0x37a0</run_address>
         <size>0x3c</size>
         <input_file_ref idref="fl-5"/>
      </object_component>
      <object_component id="oc-131">
         <name>.text.ti_sysbios_heaps_HeapMem_construct</name>
         <load_address>0x37dc</load_address>
         <run_address>0x37dc</run_address>
         <size>0x3c</size>
         <input_file_ref idref="fl-5"/>
      </object_component>
      <object_component id="oc-134">
         <name>.text.ti_sysbios_knl_ClockSupport_init</name>
         <load_address>0x3818</load_address>
         <run_address>0x3818</run_address>
         <size>0x3c</size>
         <input_file_ref idref="fl-5"/>
      </object_component>
      <object_component id="oc-20e">
         <name>.text.ti_sysbios_knl_Task_blockI</name>
         <load_address>0x3854</load_address>
         <run_address>0x3854</run_address>
         <size>0x3c</size>
         <input_file_ref idref="fl-5"/>
      </object_component>
      <object_component id="oc-a5">
         <name>.text.ti_sysbios_knl_Task_create</name>
         <load_address>0x3890</load_address>
         <run_address>0x3890</run_address>
         <size>0x3c</size>
         <input_file_ref idref="fl-5"/>
      </object_component>
      <object_component id="oc-144">
         <name>.text.ti_sysbios_knl_Task_restore</name>
         <load_address>0x38cc</load_address>
         <run_address>0x38cc</run_address>
         <size>0x3c</size>
         <input_file_ref idref="fl-5"/>
      </object_component>
      <object_component id="oc-cd">
         <name>.text.ti_sysbios_runtime_Memory_alloc</name>
         <load_address>0x3908</load_address>
         <run_address>0x3908</run_address>
         <size>0x3c</size>
         <input_file_ref idref="fl-5"/>
      </object_component>
      <object_component id="oc-ad">
         <name>.text.ti_sysbios_runtime_SystemSupport_flush</name>
         <load_address>0x3944</load_address>
         <run_address>0x3944</run_address>
         <size>0x3c</size>
         <input_file_ref idref="fl-5"/>
      </object_component>
      <object_component id="oc-1b3">
         <name>.text.PowerCC26X2_oscDisableQualifiers</name>
         <load_address>0x3980</load_address>
         <run_address>0x3980</run_address>
         <size>0x38</size>
         <input_file_ref idref="fl-27"/>
      </object_component>
      <object_component id="oc-143">
         <name>.text.ti_sysbios_knl_Task_processVitalTaskFlag</name>
         <load_address>0x39b8</load_address>
         <run_address>0x39b8</run_address>
         <size>0x38</size>
         <input_file_ref idref="fl-5"/>
      </object_component>
      <object_component id="oc-6f">
         <name>.text:__TI_auto_init_nobinit_nopinit</name>
         <load_address>0x39f0</load_address>
         <run_address>0x39f0</run_address>
         <size>0x38</size>
         <input_file_ref idref="fl-49"/>
      </object_component>
      <object_component id="oc-26d">
         <name>.text</name>
         <load_address>0x3a28</load_address>
         <run_address>0x3a28</run_address>
         <size>0x38</size>
         <input_file_ref idref="fl-a8"/>
      </object_component>
      <object_component id="oc-1e1">
         <name>.text.Power_releaseConstraint</name>
         <load_address>0x3a60</load_address>
         <run_address>0x3a60</run_address>
         <size>0x34</size>
         <input_file_ref idref="fl-22"/>
      </object_component>
      <object_component id="oc-165">
         <name>.text.SwiP_construct</name>
         <load_address>0x3a94</load_address>
         <run_address>0x3a94</run_address>
         <size>0x34</size>
         <input_file_ref idref="fl-5"/>
      </object_component>
      <object_component id="oc-174">
         <name>.text.__TI_writemsg</name>
         <load_address>0x3ac8</load_address>
         <run_address>0x3ac8</run_address>
         <size>0x34</size>
         <input_file_ref idref="fl-99"/>
      </object_component>
      <object_component id="oc-24c">
         <name>.text._pthread_cleanupFxn</name>
         <load_address>0x3afc</load_address>
         <run_address>0x3afc</run_address>
         <size>0x34</size>
         <input_file_ref idref="fl-5"/>
      </object_component>
      <object_component id="oc-7c">
         <name>.text.main</name>
         <load_address>0x3b30</load_address>
         <run_address>0x3b30</run_address>
         <size>0x34</size>
         <input_file_ref idref="fl-1"/>
      </object_component>
      <object_component id="oc-12f">
         <name>.text.ti_sysbios_family_arm_m3_Hwi_getStackInfo</name>
         <load_address>0x3b64</load_address>
         <run_address>0x3b64</run_address>
         <size>0x34</size>
         <input_file_ref idref="fl-5"/>
      </object_component>
      <object_component id="oc-f6">
         <name>.text.ti_sysbios_family_arm_m3_Hwi_init</name>
         <load_address>0x3b98</load_address>
         <run_address>0x3b98</run_address>
         <size>0x34</size>
         <input_file_ref idref="fl-5"/>
      </object_component>
      <object_component id="oc-212">
         <name>.text.ti_sysbios_knl_Clock_Instance_init</name>
         <load_address>0x3bcc</load_address>
         <run_address>0x3bcc</run_address>
         <size>0x34</size>
         <input_file_ref idref="fl-5"/>
      </object_component>
      <object_component id="oc-20d">
         <name>.text.ti_sysbios_knl_Task_unblockI</name>
         <load_address>0x3c00</load_address>
         <run_address>0x3c00</run_address>
         <size>0x34</size>
         <input_file_ref idref="fl-5"/>
      </object_component>
      <object_component id="oc-f9">
         <name>.text.ti_sysbios_runtime_Error_raiseX</name>
         <load_address>0x3c34</load_address>
         <run_address>0x3c34</run_address>
         <size>0x34</size>
         <input_file_ref idref="fl-5"/>
      </object_component>
      <object_component id="oc-26c">
         <name>.text.ti_sysbios_runtime_SystemSupport_putch</name>
         <load_address>0x3c68</load_address>
         <run_address>0x3c68</run_address>
         <size>0x34</size>
         <input_file_ref idref="fl-5"/>
      </object_component>
      <object_component id="oc-84">
         <name>.text.ti_sysbios_runtime_System_processAtExit</name>
         <load_address>0x3c9c</load_address>
         <run_address>0x3c9c</run_address>
         <size>0x34</size>
         <input_file_ref idref="fl-5"/>
      </object_component>
      <object_component id="oc-35">
         <name>.text:_c_int00</name>
         <load_address>0x3cd0</load_address>
         <run_address>0x3cd0</run_address>
         <size>0x34</size>
         <input_file_ref idref="fl-30"/>
      </object_component>
      <object_component id="oc-28a">
         <name>.text.ti_sysbios_knl_Semaphore_pendTimeout</name>
         <load_address>0x3d04</load_address>
         <run_address>0x3d04</run_address>
         <size>0x32</size>
         <input_file_ref idref="fl-5"/>
      </object_component>
      <object_component id="oc-1ae">
         <name>.text.ClockP_construct</name>
         <load_address>0x3d38</load_address>
         <run_address>0x3d38</run_address>
         <size>0x30</size>
         <input_file_ref idref="fl-5"/>
      </object_component>
      <object_component id="oc-1b2">
         <name>.text.Power_setConstraint</name>
         <load_address>0x3d68</load_address>
         <run_address>0x3d68</run_address>
         <size>0x30</size>
         <input_file_ref idref="fl-22"/>
      </object_component>
      <object_component id="oc-17a">
         <name>.text.__TI_readmsg</name>
         <load_address>0x3d98</load_address>
         <run_address>0x3d98</run_address>
         <size>0x30</size>
         <input_file_ref idref="fl-99"/>
      </object_component>
      <object_component id="oc-21f">
         <name>.text.notify</name>
         <load_address>0x3dc8</load_address>
         <run_address>0x3dc8</run_address>
         <size>0x30</size>
         <input_file_ref idref="fl-22"/>
      </object_component>
      <object_component id="oc-af">
         <name>.text.ti_sysbios_family_arm_m3_Hwi_excHandlerMin</name>
         <load_address>0x3df8</load_address>
         <run_address>0x3df8</run_address>
         <size>0x30</size>
         <input_file_ref idref="fl-5"/>
      </object_component>
      <object_component id="oc-197">
         <name>.text.ti_sysbios_heaps_HeapMem_free</name>
         <load_address>0x3e28</load_address>
         <run_address>0x3e28</run_address>
         <size>0x30</size>
         <input_file_ref idref="fl-5"/>
      </object_component>
      <object_component id="oc-1a4">
         <name>.text.ti_sysbios_knl_TaskSupport_start</name>
         <load_address>0x3e58</load_address>
         <run_address>0x3e58</run_address>
         <size>0x30</size>
         <input_file_ref idref="fl-5"/>
      </object_component>
      <object_component id="oc-120">
         <name>.text.ti_sysbios_runtime_System_atexit</name>
         <load_address>0x3e88</load_address>
         <run_address>0x3e88</run_address>
         <size>0x30</size>
         <input_file_ref idref="fl-5"/>
      </object_component>
      <object_component id="oc-94">
         <name>.text.NOROM_ThisLibraryIsFor_CC13x2_CC26x2_HwRev20AndLater_HaltIfViolated</name>
         <load_address>0x3eb8</load_address>
         <run_address>0x3eb8</run_address>
         <size>0x2e</size>
         <input_file_ref idref="fl-31"/>
      </object_component>
      <object_component id="oc-279">
         <name>.text</name>
         <load_address>0x3ee8</load_address>
         <run_address>0x3ee8</run_address>
         <size>0x2e</size>
         <input_file_ref idref="fl-ab"/>
      </object_component>
      <object_component id="oc-290">
         <name>.text.PowerCC26XX_schedulerDisable</name>
         <load_address>0x3f18</load_address>
         <run_address>0x3f18</run_address>
         <size>0x2c</size>
         <input_file_ref idref="fl-5"/>
      </object_component>
      <object_component id="oc-28e">
         <name>.text._pthread_delete</name>
         <load_address>0x3f44</load_address>
         <run_address>0x3f44</run_address>
         <size>0x2c</size>
         <input_file_ref idref="fl-5"/>
      </object_component>
      <object_component id="oc-1f2">
         <name>.text.ti_sysbios_gates_GateMutex_enter</name>
         <load_address>0x3f70</load_address>
         <run_address>0x3f70</run_address>
         <size>0x2c</size>
         <input_file_ref idref="fl-5"/>
      </object_component>
      <object_component id="oc-2ad">
         <name>.text.ti_sysbios_knl_Clock_getTicks</name>
         <load_address>0x3f9c</load_address>
         <run_address>0x3f9c</run_address>
         <size>0x2c</size>
         <input_file_ref idref="fl-5"/>
      </object_component>
      <object_component id="oc-b3">
         <name>.text.ti_sysbios_knl_Task_restoreHwi</name>
         <load_address>0x3fc8</load_address>
         <run_address>0x3fc8</run_address>
         <size>0x2c</size>
         <input_file_ref idref="fl-5"/>
      </object_component>
      <object_component id="oc-25f">
         <name>.text.NOROM_OSCHF_TurnOnXosc</name>
         <load_address>0x3ff4</load_address>
         <run_address>0x3ff4</run_address>
         <size>0x2a</size>
         <input_file_ref idref="fl-36"/>
      </object_component>
      <object_component id="oc-24b">
         <name>.text.ti_sysbios_family_arm_cc26xx_Timer_setNextTick</name>
         <load_address>0x401e</load_address>
         <run_address>0x401e</run_address>
         <size>0x2a</size>
         <input_file_ref idref="fl-5"/>
      </object_component>
      <object_component id="oc-129">
         <name>.text.ti_sysbios_knl_Task_allBlockedFunction</name>
         <load_address>0x4048</load_address>
         <run_address>0x4048</run_address>
         <size>0x2a</size>
         <input_file_ref idref="fl-5"/>
      </object_component>
      <object_component id="oc-122">
         <name>.text.BIOS_registerRTSLock</name>
         <load_address>0x4074</load_address>
         <run_address>0x4074</run_address>
         <size>0x28</size>
         <input_file_ref idref="fl-5"/>
      </object_component>
      <object_component id="oc-23e">
         <name>.text.I2C_cancel</name>
         <load_address>0x409c</load_address>
         <run_address>0x409c</run_address>
         <size>0x28</size>
         <input_file_ref idref="fl-20"/>
      </object_component>
      <object_component id="oc-5b">
         <name>.text.ti_sysbios_family_arm_m3_Hwi_excHandlerAsm</name>
         <load_address>0x40c4</load_address>
         <run_address>0x40c4</run_address>
         <size>0x28</size>
         <input_file_ref idref="fl-2e"/>
      </object_component>
      <object_component id="oc-121">
         <name>.text.ti_sysbios_gates_GateMutex_Instance_init</name>
         <load_address>0x40ec</load_address>
         <run_address>0x40ec</run_address>
         <size>0x28</size>
         <input_file_ref idref="fl-5"/>
      </object_component>
      <object_component id="oc-183">
         <name>.text.ti_sysbios_knl_Semaphore_Instance_init</name>
         <load_address>0x4114</load_address>
         <run_address>0x4114</run_address>
         <size>0x28</size>
         <input_file_ref idref="fl-5"/>
      </object_component>
      <object_component id="oc-f3">
         <name>.text.ti_sysbios_knl_Swi_init</name>
         <load_address>0x413c</load_address>
         <run_address>0x413c</run_address>
         <size>0x28</size>
         <input_file_ref idref="fl-5"/>
      </object_component>
      <object_component id="oc-12a">
         <name>.text.ti_sysbios_knl_TaskSupport_swap</name>
         <load_address>0x4164</load_address>
         <run_address>0x4164</run_address>
         <size>0x28</size>
         <input_file_ref idref="fl-2d"/>
      </object_component>
      <object_component id="oc-ce">
         <name>.text.ti_sysbios_knl_Task_construct</name>
         <load_address>0x418c</load_address>
         <run_address>0x418c</run_address>
         <size>0x28</size>
         <input_file_ref idref="fl-5"/>
      </object_component>
      <object_component id="oc-f4">
         <name>.text.ti_sysbios_knl_Task_init</name>
         <load_address>0x41b4</load_address>
         <run_address>0x41b4</run_address>
         <size>0x28</size>
         <input_file_ref idref="fl-5"/>
      </object_component>
      <object_component id="oc-128">
         <name>.text.BIOS_removeRTSLock</name>
         <load_address>0x41dc</load_address>
         <run_address>0x41dc</run_address>
         <size>0x24</size>
         <input_file_ref idref="fl-5"/>
      </object_component>
      <object_component id="oc-1d7">
         <name>.text.List_put</name>
         <load_address>0x4200</load_address>
         <run_address>0x4200</run_address>
         <size>0x24</size>
         <input_file_ref idref="fl-28"/>
      </object_component>
      <object_component id="oc-21d">
         <name>.text.PowerCC26X2_setSubSecIncToXoscLf</name>
         <load_address>0x4224</load_address>
         <run_address>0x4224</run_address>
         <size>0x24</size>
         <input_file_ref idref="fl-27"/>
      </object_component>
      <object_component id="oc-226">
         <name>.text.PowerCC26X2_writeCtrim</name>
         <load_address>0x4248</load_address>
         <run_address>0x4248</run_address>
         <size>0x24</size>
         <input_file_ref idref="fl-26"/>
      </object_component>
      <object_component id="oc-227">
         <name>.text.PowerCC26X2_writeCtrimFract</name>
         <load_address>0x426c</load_address>
         <run_address>0x426c</run_address>
         <size>0x24</size>
         <input_file_ref idref="fl-26"/>
      </object_component>
      <object_component id="oc-22c">
         <name>.text.PowerCC26X2_writeCtrimFractEn</name>
         <load_address>0x4290</load_address>
         <run_address>0x4290</run_address>
         <size>0x24</size>
         <input_file_ref idref="fl-26"/>
      </object_component>
      <object_component id="oc-228">
         <name>.text.PowerCC26X2_writeRtrim</name>
         <load_address>0x42b4</load_address>
         <run_address>0x42b4</run_address>
         <size>0x24</size>
         <input_file_ref idref="fl-26"/>
      </object_component>
      <object_component id="oc-168">
         <name>.text.Power_registerNotify</name>
         <load_address>0x42d8</load_address>
         <run_address>0x42d8</run_address>
         <size>0x24</size>
         <input_file_ref idref="fl-22"/>
      </object_component>
      <object_component id="oc-116">
         <name>.text.sendData</name>
         <load_address>0x42fc</load_address>
         <run_address>0x42fc</run_address>
         <size>0x24</size>
         <input_file_ref idref="fl-6"/>
      </object_component>
      <object_component id="oc-1fe">
         <name>.text.ti_sysbios_family_arm_m3_Hwi_construct</name>
         <load_address>0x4320</load_address>
         <run_address>0x4320</run_address>
         <size>0x24</size>
         <input_file_ref idref="fl-5"/>
      </object_component>
      <object_component id="oc-2ae">
         <name>.text.ti_sysbios_knl_Semaphore_destruct</name>
         <load_address>0x4344</load_address>
         <run_address>0x4344</run_address>
         <size>0x24</size>
         <input_file_ref idref="fl-5"/>
      </object_component>
      <object_component id="oc-1a6">
         <name>.text.ti_sysbios_knl_Task_enter</name>
         <load_address>0x4368</load_address>
         <run_address>0x4368</run_address>
         <size>0x24</size>
         <input_file_ref idref="fl-5"/>
      </object_component>
      <object_component id="oc-dd">
         <name>.text.ti_sysbios_runtime_SysMin_output</name>
         <load_address>0x438c</load_address>
         <run_address>0x438c</run_address>
         <size>0x22</size>
         <input_file_ref idref="fl-5"/>
      </object_component>
      <object_component id="oc-254">
         <name>.text.PowerCC26X2_disableTCXOQual</name>
         <load_address>0x43b0</load_address>
         <run_address>0x43b0</run_address>
         <size>0x20</size>
         <input_file_ref idref="fl-27"/>
      </object_component>
      <object_component id="oc-250">
         <name>.text.PowerCC26X2_enableTCXOQual</name>
         <load_address>0x43d0</load_address>
         <run_address>0x43d0</run_address>
         <size>0x20</size>
         <input_file_ref idref="fl-27"/>
      </object_component>
      <object_component id="oc-291">
         <name>.text.PowerCC26XX_schedulerRestore</name>
         <load_address>0x43f0</load_address>
         <run_address>0x43f0</run_address>
         <size>0x20</size>
         <input_file_ref idref="fl-5"/>
      </object_component>
      <object_component id="oc-10f">
         <name>.text.SSD1306_SendCommand</name>
         <load_address>0x4410</load_address>
         <run_address>0x4410</run_address>
         <size>0x20</size>
         <input_file_ref idref="fl-6"/>
      </object_component>
      <object_component id="oc-166">
         <name>.text.SemaphoreP_constructBinary</name>
         <load_address>0x4430</load_address>
         <run_address>0x4430</run_address>
         <size>0x20</size>
         <input_file_ref idref="fl-5"/>
      </object_component>
      <object_component id="oc-f0">
         <name>.text.ti_sysbios_family_arm_m3_Hwi_initStack</name>
         <load_address>0x4450</load_address>
         <run_address>0x4450</run_address>
         <size>0x20</size>
         <input_file_ref idref="fl-5"/>
      </object_component>
      <object_component id="oc-2af">
         <name>.text.ti_sysbios_knl_Task_delete</name>
         <load_address>0x4470</load_address>
         <run_address>0x4470</run_address>
         <size>0x20</size>
         <input_file_ref idref="fl-5"/>
      </object_component>
      <object_component id="oc-2ba">
         <name>.text.ti_sysbios_knl_Task_destruct</name>
         <load_address>0x4490</load_address>
         <run_address>0x4490</run_address>
         <size>0x20</size>
         <input_file_ref idref="fl-5"/>
      </object_component>
      <object_component id="oc-244">
         <name>.text.ti_sysbios_family_arm_m3_Hwi_switchAndRunFunc</name>
         <load_address>0x44b0</load_address>
         <run_address>0x44b0</run_address>
         <size>0x1e</size>
         <input_file_ref idref="fl-2f"/>
      </object_component>
      <object_component id="oc-23f">
         <name>.text.ti_sysbios_runtime_System_putchar</name>
         <load_address>0x44ce</load_address>
         <run_address>0x44ce</run_address>
         <size>0x1e</size>
         <input_file_ref idref="fl-5"/>
      </object_component>
      <object_component id="oc-18b">
         <name>.text.BIOS_rtsLock</name>
         <load_address>0x44ec</load_address>
         <run_address>0x44ec</run_address>
         <size>0x1c</size>
         <input_file_ref idref="fl-5"/>
      </object_component>
      <object_component id="oc-163">
         <name>.text.GPIO_setMux</name>
         <load_address>0x4508</load_address>
         <run_address>0x4508</run_address>
         <size>0x1c</size>
         <input_file_ref idref="fl-1f"/>
      </object_component>
      <object_component id="oc-25a">
         <name>.text.Power_getTransitionLatency</name>
         <load_address>0x4524</load_address>
         <run_address>0x4524</run_address>
         <size>0x1c</size>
         <input_file_ref idref="fl-22"/>
      </object_component>
      <object_component id="oc-1a3">
         <name>.text.ti_sysbios_knl_Idle_run</name>
         <load_address>0x4540</load_address>
         <run_address>0x4540</run_address>
         <size>0x1c</size>
         <input_file_ref idref="fl-5"/>
      </object_component>
      <object_component id="oc-141">
         <name>.text.ti_sysbios_knl_Queue_put</name>
         <load_address>0x455c</load_address>
         <run_address>0x455c</run_address>
         <size>0x1c</size>
         <input_file_ref idref="fl-5"/>
      </object_component>
      <object_component id="oc-230">
         <name>.text.ti_sysbios_knl_Swi_construct</name>
         <load_address>0x4578</load_address>
         <run_address>0x4578</run_address>
         <size>0x1c</size>
         <input_file_ref idref="fl-5"/>
      </object_component>
      <object_component id="oc-1e0">
         <name>.text.I2CCC26XX_completeTransfer</name>
         <load_address>0x4594</load_address>
         <run_address>0x4594</run_address>
         <size>0x1a</size>
         <input_file_ref idref="fl-21"/>
      </object_component>
      <object_component id="oc-e3">
         <name>.text.BIOS_exitFunc</name>
         <load_address>0x45b0</load_address>
         <run_address>0x45b0</run_address>
         <size>0x18</size>
         <input_file_ref idref="fl-5"/>
      </object_component>
      <object_component id="oc-18c">
         <name>.text.BIOS_rtsUnlock</name>
         <load_address>0x45c8</load_address>
         <run_address>0x45c8</run_address>
         <size>0x18</size>
         <input_file_ref idref="fl-5"/>
      </object_component>
      <object_component id="oc-218">
         <name>.text.PowerCC26XX_calibrate</name>
         <load_address>0x45e0</load_address>
         <run_address>0x45e0</run_address>
         <size>0x18</size>
         <input_file_ref idref="fl-22"/>
      </object_component>
      <object_component id="oc-24d">
         <name>.text.Power_idleFunc</name>
         <load_address>0x45f8</load_address>
         <run_address>0x45f8</run_address>
         <size>0x18</size>
         <input_file_ref idref="fl-22"/>
      </object_component>
      <object_component id="oc-d5">
         <name>.text.SSD1306_ClearScreenBuffer</name>
         <load_address>0x4610</load_address>
         <run_address>0x4610</run_address>
         <size>0x18</size>
         <input_file_ref idref="fl-6"/>
      </object_component>
      <object_component id="oc-d7">
         <name>.text.SSD1306_UpdateScreen</name>
         <load_address>0x4628</load_address>
         <run_address>0x4628</run_address>
         <size>0x18</size>
         <input_file_ref idref="fl-6"/>
      </object_component>
      <object_component id="oc-1a2">
         <name>.text.ti_sysbios_knl_Clock_scheduleNextTick</name>
         <load_address>0x4640</load_address>
         <run_address>0x4640</run_address>
         <size>0x18</size>
         <input_file_ref idref="fl-5"/>
      </object_component>
      <object_component id="oc-1d5">
         <name>.text.ti_sysbios_knl_Swi_construct2</name>
         <load_address>0x4658</load_address>
         <run_address>0x4658</run_address>
         <size>0x18</size>
         <input_file_ref idref="fl-5"/>
      </object_component>
      <object_component id="oc-24e">
         <name>.text.ti_sysbios_knl_TaskSupport_glue</name>
         <load_address>0x4670</load_address>
         <run_address>0x4670</run_address>
         <size>0x18</size>
         <input_file_ref idref="fl-2d"/>
      </object_component>
      <object_component id="oc-1a5">
         <name>.text.ti_sysbios_knl_Task_unblock</name>
         <load_address>0x4688</load_address>
         <run_address>0x4688</run_address>
         <size>0x18</size>
         <input_file_ref idref="fl-5"/>
      </object_component>
      <object_component id="oc-117">
         <name>.text.ti_sysbios_runtime_System_printf</name>
         <load_address>0x46a0</load_address>
         <run_address>0x46a0</run_address>
         <size>0x18</size>
         <input_file_ref idref="fl-5"/>
      </object_component>
      <object_component id="oc-173">
         <name>.text.ti_sysbios_runtime_System_vprintf</name>
         <load_address>0x46b8</load_address>
         <run_address>0x46b8</run_address>
         <size>0x18</size>
         <input_file_ref idref="fl-5"/>
      </object_component>
      <object_component id="oc-24f">
         <name>.text.ti_sysbios_knl_Clock_start</name>
         <load_address>0x46d0</load_address>
         <run_address>0x46d0</run_address>
[...]
      </symbol>
      <symbol id="sm-3bd">
         <name>PowerCC26X2_calibrate</name>
         <value>0x108d</value>
         <object_component_ref idref="oc-22d"/>
      </symbol>
      <symbol id="sm-3be">
         <name>PowerCC26X2_RCOSC_clockFunc</name>
         <value>0x3571</value>
         <object_component_ref idref="oc-1b8"/>
      </symbol>
      <symbol id="sm-3d1">
         <name>GPIO_hwiIntFxn</name>
         <value>0x3351</value>
         <object_component_ref idref="oc-157"/>
      </symbol>
      <symbol id="sm-3d2">
         <name>GPIO_init</name>
         <value>0x1199</value>
         <object_component_ref idref="oc-fd"/>
      </symbol>
      <symbol id="sm-3f8">
         <name>PowerCC26X2_updateSubSecInc</name>
         <value>0x247d</value>
         <object_component_ref idref="oc-220"/>
      </symbol>
      <symbol id="sm-3f9">
         <name>PowerCC26X2_readCtrim</name>
         <value>0x47c1</value>
         <object_component_ref idref="oc-229"/>
      </symbol>
      <symbol id="sm-3fa">
         <name>PowerCC26X2_readCtrimFract</name>
         <value>0x47d1</value>
         <object_component_ref idref="oc-22a"/>
      </symbol>
      <symbol id="sm-3fb">
         <name>PowerCC26X2_readRtrim</name>
         <value>0x47e1</value>
         <object_component_ref idref="oc-22b"/>
      </symbol>
      <symbol id="sm-3fc">
         <name>PowerCC26X2_writeCtrim</name>
         <value>0x4249</value>
         <object_component_ref idref="oc-226"/>
      </symbol>
      <symbol id="sm-3fd">
         <name>PowerCC26X2_writeCtrimFract</name>
         <value>0x426d</value>
         <object_component_ref idref="oc-227"/>
      </symbol>
      <symbol id="sm-3fe">
         <name>PowerCC26X2_writeCtrimFractEn</name>
         <value>0x4291</value>
         <object_component_ref idref="oc-22c"/>
      </symbol>
      <symbol id="sm-3ff">
         <name>PowerCC26X2_writeRtrim</name>
         <value>0x42b5</value>
         <object_component_ref idref="oc-228"/>
      </symbol>
      <symbol id="sm-400">
         <name>PowerCC26X2_setTdcClkSrc24M</name>
         <value>0x3729</value>
         <object_component_ref idref="oc-264"/>
      </symbol>
      <symbol id="sm-401">
         <name>PowerCC26X2_setAclkRefSrc</name>
         <value>0x35b1</value>
         <object_component_ref idref="oc-265"/>
      </symbol>
      <symbol id="sm-434">
         <name>PowerCC26X2_oscCtlClearXtal</name>
         <value>0x47a1</value>
         <object_component_ref idref="oc-1af"/>
      </symbol>
      <symbol id="sm-435">
         <name>PowerCC26X2_prcmEnableCacheRetention</name>
         <value>0x47b1</value>
         <object_component_ref idref="oc-293"/>
      </symbol>
      <symbol id="sm-436">
         <name>PowerCC26X2_oschfSwitchToRcosc</name>
         <value>0x4a0d</value>
         <object_component_ref idref="oc-252"/>
      </symbol>
      <symbol id="sm-437">
         <name>PowerCC26X2_oscClockSourceGet</name>
         <value>0x48f9</value>
         <object_component_ref idref="oc-21e"/>
      </symbol>
      <symbol id="sm-438">
         <name>PowerCC26X2_oscDisableQualifiers</name>
         <value>0x3981</value>
         <object_component_ref idref="oc-1b3"/>
      </symbol>
      <symbol id="sm-439">
         <name>PowerCC26X2_oschfTrySwitchToXosc</name>
         <value>0x49bd</value>
         <object_component_ref idref="oc-260"/>
      </symbol>
      <symbol id="sm-43a">
         <name>PowerCC26X2_enableTCXOQual</name>
         <value>0x43d1</value>
         <object_component_ref idref="oc-250"/>
      </symbol>
      <symbol id="sm-43b">
         <name>PowerCC26X2_disableTCXOQual</name>
         <value>0x43b1</value>
         <object_component_ref idref="oc-254"/>
      </symbol>
      <symbol id="sm-43c">
         <name>PowerCC26X2_turnOnXosc</name>
         <value>0x4a15</value>
         <object_component_ref idref="oc-255"/>
      </symbol>
      <symbol id="sm-43d">
         <name>PowerCC26X2_switchToTCXO</name>
         <value>0x47f1</value>
         <object_component_ref idref="oc-219"/>
      </symbol>
      <symbol id="sm-43e">
         <name>PowerCC26X2_sysCtrlStandby</name>
         <value>0x4991</value>
         <object_component_ref idref="oc-292"/>
      </symbol>
      <symbol id="sm-43f">
         <name>PowerCC26X2_sysCtrlVoltageConditionalControl</name>
         <value>0x491d</value>
         <object_component_ref idref="oc-257"/>
      </symbol>
      <symbol id="sm-440">
         <name>PowerCC26X2_sysCtrlIdle</name>
         <value>0x4a11</value>
         <object_component_ref idref="oc-25c"/>
      </symbol>
      <symbol id="sm-441">
         <name>PowerCC26X2_setPeriphDeepSleepEnable</name>
         <value>0x4905</value>
         <object_component_ref idref="oc-294"/>
      </symbol>
      <symbol id="sm-442">
         <name>PowerCC26X2_sysCtrlGetResetSource</name>
         <value>0x4911</value>
         <object_component_ref idref="oc-1a8"/>
      </symbol>
      <symbol id="sm-443">
         <name>PowerCC26X2_setSubSecIncToXoscLf</name>
         <value>0x4225</value>
         <object_component_ref idref="oc-21d"/>
      </symbol>
      <symbol id="sm-44d">
         <name>List_put</name>
         <value>0x4201</value>
         <object_component_ref idref="oc-1d7"/>
      </symbol>
      <symbol id="sm-45a">
         <name>ti_sysbios_knl_TaskSupport_swap</name>
         <value>0x4165</value>
         <object_component_ref idref="oc-12a"/>
      </symbol>
      <symbol id="sm-45b">
         <name>ti_sysbios_knl_TaskSupport_glue</name>
         <value>0x4671</value>
         <object_component_ref idref="oc-24e"/>
      </symbol>
      <symbol id="sm-45c">
         <name>ti_sysbios_knl_TaskSupport_swapReturn</name>
         <value>0x4170</value>
         <object_component_ref idref="oc-12a"/>
      </symbol>
      <symbol id="sm-471">
         <name>ti_sysbios_family_arm_m3_Hwi_dispatch</name>
         <value>0xe59</value>
         <object_component_ref idref="oc-60"/>
      </symbol>
      <symbol id="sm-472">
         <name>ti_sysbios_family_arm_m3_Hwi_pendSV</name>
         <value>0xf35</value>
         <object_component_ref idref="oc-60"/>
      </symbol>
      <symbol id="sm-473">
         <name>ti_sysbios_family_arm_m3_Hwi_excHandlerAsm</name>
         <value>0x40c5</value>
         <object_component_ref idref="oc-5b"/>
      </symbol>
      <symbol id="sm-474">
         <name>ti_sysbios_family_arm_m3_Hwi_return</name>
         <value>0xf58</value>
         <object_component_ref idref="oc-60"/>
      </symbol>
      <symbol id="sm-475">
         <name>ti_sysbios_family_arm_m3_Hwi_interruptsAreDisabledButShouldNotBe</name>
         <value>0xf30</value>
         <object_component_ref idref="oc-60"/>
      </symbol>
      <symbol id="sm-482">
         <name>ti_sysbios_family_arm_m3_Hwi_switchAndRunFunc</name>
         <value>0x44b1</value>
         <object_component_ref idref="oc-244"/>
      </symbol>
      <symbol id="sm-483">
         <name>ti_sysbios_family_arm_m3_Hwi_initStacks</name>
         <value>0x2cb1</value>
         <object_component_ref idref="oc-1f5"/>
      </symbol>
      <symbol id="sm-488">
         <name>_c_int00</name>
         <value>0x3cd1</value>
         <object_component_ref idref="oc-35"/>
      </symbol>
      <symbol id="sm-489">
         <name>__stack</name>
         <value>0x20013a00</value>
         <object_component_ref idref="oc-3b"/>
      </symbol>
      <symbol id="sm-495">
         <name>NOROM_ChipInfo_GetHwRevision</name>
         <value>0x2e59</value>
         <object_component_ref idref="oc-bb"/>
      </symbol>
      <symbol id="sm-496">
         <name>NOROM_ThisLibraryIsFor_CC13x2_CC26x2_HwRev20AndLater_HaltIfViolated</name>
         <value>0x3eb9</value>
         <object_component_ref idref="oc-94"/>
      </symbol>
      <symbol id="sm-4a3">
         <name>NOROM_SetupTrimDevice</name>
         <value>0x1575</value>
         <object_component_ref idref="oc-69"/>
      </symbol>
      <symbol id="sm-4af">
         <name>NOROM_AUXSYSIFOpModeChange</name>
         <value>0x3115</value>
         <object_component_ref idref="oc-c4"/>
      </symbol>
      <symbol id="sm-4bd">
         <name>NOROM_SysCtrlIdle</name>
         <value>0x36ed</value>
         <object_component_ref idref="oc-295"/>
      </symbol>
      <symbol id="sm-4be">
         <name>NOROM_SysCtrlStandby</name>
         <value>0x1399</value>
         <object_component_ref idref="oc-2b3"/>
      </symbol>
      <symbol id="sm-4bf">
         <name>NOROM_SysCtrlSetRechargeBeforePowerDown</name>
         <value>0x2199</value>
         <object_component_ref idref="oc-2bb"/>
      </symbol>
      <symbol id="sm-4cd">
         <name>NOROM_CPUcpsid</name>
         <value>0x48d5</value>
         <object_component_ref idref="oc-256"/>
      </symbol>
      <symbol id="sm-4ce">
         <name>NOROM_CPUcpsie</name>
         <value>0x48e1</value>
         <object_component_ref idref="oc-25d"/>
      </symbol>
      <symbol id="sm-4cf">
         <name>NOROM_CPUdelay</name>
         <value>0x49b5</value>
         <object_component_ref idref="oc-233"/>
      </symbol>
      <symbol id="sm-4e9">
         <name>NOROM_OSCHF_TurnOnXosc</name>
         <value>0x3ff5</value>
         <object_component_ref idref="oc-25f"/>
      </symbol>
      <symbol id="sm-4ea">
         <name>NOROM_OSCHF_AttemptToSwitchToXosc</name>
         <value>0x1b2d</value>
         <object_component_ref idref="oc-29c"/>
      </symbol>
      <symbol id="sm-4eb">
         <name>NOROM_OSCHF_SwitchToRcOscTurnOffXosc</name>
         <value>0x2315</value>
         <object_component_ref idref="oc-28f"/>
      </symbol>
      <symbol id="sm-4ec">
         <name>NOROM_OSC_CapArrayAdjustWorkaround_Boot</name>
         <value>0x238d</value>
         <object_component_ref idref="oc-be"/>
      </symbol>
      <symbol id="sm-4ed">
         <name>_hposcCoeffs</name>
         <value>0x200054b8</value>
         <object_component_ref idref="oc-29d"/>
      </symbol>
      <symbol id="sm-4ee">
         <name>NOROM_OSC_HPOSCRelativeFrequencyOffsetGet</name>
         <value>0x2fe9</value>
         <object_component_ref idref="oc-261"/>
      </symbol>
      <symbol id="sm-4fa">
         <name>NOROM_PRCMPowerDomainsAllOff</name>
         <value>0x3395</value>
         <object_component_ref idref="oc-29e"/>
      </symbol>
      <symbol id="sm-4fb">
         <name>NOROM_PRCMPowerDomainsAllOn</name>
         <value>0x33d9</value>
         <object_component_ref idref="oc-1c2"/>
      </symbol>
      <symbol id="sm-50c">
         <name>_nop</name>
         <value>0x2793</value>
         <object_component_ref idref="oc-18f"/>
      </symbol>
      <symbol id="sm-50d">
         <name>_register_lock</name>
         <value>0x4935</value>
         <object_component_ref idref="oc-186"/>
      </symbol>
      <symbol id="sm-50e">
         <name>_lock</name>
         <value>0x200054e0</value>
         <object_component_ref idref="oc-17b"/>
      </symbol>
      <symbol id="sm-50f">
         <name>_register_unlock</name>
         <value>0x4941</value>
         <object_component_ref idref="oc-18a"/>
      </symbol>
      <symbol id="sm-510">
         <name>_unlock</name>
         <value>0x200054e4</value>
         <object_component_ref idref="oc-17f"/>
      </symbol>
      <symbol id="sm-51a">
         <name>_args_main</name>
         <value>0x46fd</value>
         <object_component_ref idref="oc-56"/>
      </symbol>
      <symbol id="sm-527">
         <name>__TI_auto_init_nobinit_nopinit</name>
         <value>0x39f1</value>
         <object_component_ref idref="oc-6f"/>
      </symbol>
      <symbol id="sm-532">
         <name>__TI_zero_init</name>
         <value>0x4841</value>
         <object_component_ref idref="oc-53"/>
      </symbol>
      <symbol id="sm-53b">
         <name>__TI_decompress_none</name>
         <value>0x4897</value>
         <object_component_ref idref="oc-30"/>
      </symbol>
      <symbol id="sm-545">
         <name>__TI_decompress_lzss</name>
         <value>0x286b</value>
         <object_component_ref idref="oc-2c"/>
      </symbol>
      <symbol id="sm-55f">
         <name>HOSTwrite</name>
         <value>0x2d09</value>
         <object_component_ref idref="oc-11c"/>
      </symbol>
      <symbol id="sm-56e">
         <name>C$$IO$$</name>
         <value>0x3af3</value>
         <object_component_ref idref="oc-174"/>
      </symbol>
      <symbol id="sm-56f">
         <name>__TI_writemsg</name>
         <value>0x3ac9</value>
         <object_component_ref idref="oc-174"/>
      </symbol>
      <symbol id="sm-570">
         <name>__CIOBUF_</name>
         <value>0x20004c20</value>
         <object_component_ref idref="oc-1e8"/>
      </symbol>
      <symbol id="sm-571">
         <name>__TI_readmsg</name>
         <value>0x3d99</value>
         <object_component_ref idref="oc-17a"/>
      </symbol>
      <symbol id="sm-572">
         <name>_CIOBUF_</name>
         <value>0x20004c20</value>
         <object_component_ref idref="oc-1e8"/>
      </symbol>
      <symbol id="sm-57f">
         <name>parmbuf</name>
         <value>0x20005104</value>
      </symbol>
      <symbol id="sm-588">
         <name>__aeabi_dadd</name>
         <value>0x34f</value>
         <object_component_ref idref="oc-27d"/>
      </symbol>
      <symbol id="sm-589">
         <name>__adddf3</name>
         <value>0x34f</value>
         <object_component_ref idref="oc-27d"/>
      </symbol>
      <symbol id="sm-58a">
         <name>__aeabi_dsub</name>
         <value>0x345</value>
         <object_component_ref idref="oc-27d"/>
      </symbol>
      <symbol id="sm-58b">
         <name>__subdf3</name>
         <value>0x345</value>
         <object_component_ref idref="oc-27d"/>
      </symbol>
      <symbol id="sm-591">
         <name>__aeabi_dmul</name>
         <value>0x129d</value>
         <object_component_ref idref="oc-281"/>
      </symbol>
      <symbol id="sm-592">
         <name>__muldf3</name>
         <value>0x129d</value>
         <object_component_ref idref="oc-281"/>
      </symbol>
      <symbol id="sm-598">
         <name>__aeabi_f2d</name>
         <value>0x3a29</value>
         <object_component_ref idref="oc-26d"/>
      </symbol>
      <symbol id="sm-599">
         <name>__extendsfdf2</name>
         <value>0x3a29</value>
         <object_component_ref idref="oc-26d"/>
      </symbol>
      <symbol id="sm-59f">
         <name>__aeabi_d2iz</name>
         <value>0x32c5</value>
         <object_component_ref idref="oc-275"/>
      </symbol>
      <symbol id="sm-5a0">
         <name>__fixdfsi</name>
         <value>0x32c5</value>
         <object_component_ref idref="oc-275"/>
      </symbol>
      <symbol id="sm-5a6">
         <name>__aeabi_d2uiz</name>
         <value>0x352d</value>
         <object_component_ref idref="oc-285"/>
      </symbol>
      <symbol id="sm-5a7">
         <name>__fixunsdfsi</name>
         <value>0x352d</value>
         <object_component_ref idref="oc-285"/>
      </symbol>
      <symbol id="sm-5ad">
         <name>__aeabi_i2d</name>
         <value>0x3ee9</value>
         <object_component_ref idref="oc-279"/>
      </symbol>
      <symbol id="sm-5ae">
         <name>__floatsidf</name>
         <value>0x3ee9</value>
         <object_component_ref idref="oc-279"/>
      </symbol>
      <symbol id="sm-5b4">
         <name>__aeabi_dcmpeq</name>
         <value>0x2acd</value>
         <object_component_ref idref="oc-271"/>
      </symbol>
      <symbol id="sm-5b5">
         <name>__aeabi_dcmplt</name>
         <value>0x2ae1</value>
         <object_component_ref idref="oc-271"/>
      </symbol>
      <symbol id="sm-5b6">
         <name>__aeabi_dcmple</name>
         <value>0x2af5</value>
         <object_component_ref idref="oc-271"/>
      </symbol>
      <symbol id="sm-5b7">
         <name>__aeabi_dcmpge</name>
         <value>0x2b09</value>
         <object_component_ref idref="oc-271"/>
      </symbol>
      <symbol id="sm-5b8">
         <name>__aeabi_dcmpgt</name>
         <value>0x2b1d</value>
         <object_component_ref idref="oc-271"/>
      </symbol>
      <symbol id="sm-5be">
         <name>__aeabi_memcpy</name>
         <value>0x4a39</value>
         <object_component_ref idref="oc-46"/>
      </symbol>
      <symbol id="sm-5bf">
         <name>__aeabi_memcpy4</name>
         <value>0x4a39</value>
         <object_component_ref idref="oc-46"/>
      </symbol>
      <symbol id="sm-5c0">
         <name>__aeabi_memcpy8</name>
         <value>0x4a39</value>
         <object_component_ref idref="oc-46"/>
      </symbol>
      <symbol id="sm-5c6">
         <name>__aeabi_memset</name>
         <value>0x4725</value>
         <object_component_ref idref="oc-65"/>
      </symbol>
      <symbol id="sm-5c7">
         <name>__aeabi_memset4</name>
         <value>0x4725</value>
         <object_component_ref idref="oc-65"/>
      </symbol>
      <symbol id="sm-5c8">
         <name>__aeabi_memset8</name>
         <value>0x4725</value>
         <object_component_ref idref="oc-65"/>
      </symbol>
      <symbol id="sm-5c9">
         <name>__aeabi_memclr</name>
         <value>0x4731</value>
         <object_component_ref idref="oc-65"/>
      </symbol>
      <symbol id="sm-5ca">
         <name>__aeabi_memclr4</name>
         <value>0x4731</value>
         <object_component_ref idref="oc-65"/>
      </symbol>
      <symbol id="sm-5cb">
         <name>__aeabi_memclr8</name>
         <value>0x4731</value>
         <object_component_ref idref="oc-65"/>
      </symbol>
      <symbol id="sm-5d1">
         <name>__aeabi_uldivmod</name>
         <value>0x4739</value>
         <object_component_ref idref="oc-135"/>
      </symbol>
      <symbol id="sm-5d7">
         <name>__udivmoddi4</name>
         <value>0x1df9</value>
         <object_component_ref idref="oc-19c"/>
      </symbol>
      <symbol id="sm-5e3">
         <name>__ledf2</name>
         <value>0x2725</value>
         <object_component_ref idref="oc-2a0"/>
      </symbol>
      <symbol id="sm-5e4">
         <name>__gedf2</name>
         <value>0x26b5</value>
         <object_component_ref idref="oc-2a6"/>
      </symbol>
      <symbol id="sm-5e5">
         <name>__cmpdf2</name>
         <value>0x2725</value>
         <object_component_ref idref="oc-2a0"/>
      </symbol>
      <symbol id="sm-5e6">
         <name>__eqdf2</name>
         <value>0x2725</value>
         <object_component_ref idref="oc-2a0"/>
      </symbol>
      <symbol id="sm-5e7">
         <name>__ltdf2</name>
         <value>0x2725</value>
         <object_component_ref idref="oc-2a0"/>
      </symbol>
      <symbol id="sm-5e8">
         <name>__nedf2</name>
         <value>0x2725</value>
         <object_component_ref idref="oc-2a0"/>
      </symbol>
      <symbol id="sm-5e9">
         <name>__gtdf2</name>
         <value>0x26b5</value>
         <object_component_ref idref="oc-2a6"/>
      </symbol>
      <symbol id="sm-5f4">
         <name>__aeabi_ldiv0</name>
         <value>0x2723</value>
         <object_component_ref idref="oc-203"/>
      </symbol>
      <symbol id="sm-5fd">
         <name>TI_memcpy_small</name>
         <value>0x475f</value>
         <object_component_ref idref="oc-8c"/>
      </symbol>
      <symbol id="sm-605">
         <name>TI_memset_small</name>
         <value>0x4889</value>
         <object_component_ref idref="oc-b5"/>
      </symbol>
      <symbol id="sm-606">
         <name>__TI_static_base__</name>
         <value>0x0</value>
      </symbol>
      <symbol id="sm-609">
         <name>ITM_flush</name>
         <value>0x0</value>
      </symbol>
      <symbol id="sm-60a">
         <name>ITM_restore</name>
         <value>0x0</value>
      </symbol>
      <symbol id="sm-60b">
         <name>__mpu_init</name>
         <value>0x0</value>
      </symbol>
   </symbol_table>
   <title>Link successful</title>
</link_info>
