******************************************************************************
            TI ARM Clang Linker PC v2.1.2                      
******************************************************************************
>> Linked Sun Feb 18 21:34:37 2024

OUTPUT FILE NAME:   <multiSniff_LP_CC2652RB_tirtos7_ticlang2.out>
ENTRY POINT SYMBOL: "ResetISR"  address: 0000ec9d


MEMORY CONFIGURATION

         name            origin    length      used     unused   attr    fill
----------------------  --------  ---------  --------  --------  ----  --------
  FLASH                 00000000   00050000  00010844  0003f7bc  R  X
  STV_R                 00050000   00000020  00000000  00000020  R   
  HTML                  00051000   00003000  00000000  00003000  R   
  GPRAM                 11000000   00002000  00000000  00002000  RW X
  SRAM                  20000000   00012000  00008033  00009fcd  RW X
  MTU_BUFFER            20012000   00001500  00000000  00001500  RW  
  STV_W                 20013500   00000020  00000000  00000020   W  
  LOG_DATA              90000000   00040000  00000000  00040000  R   


SEGMENT ALLOCATION MAP

run origin  load origin   length   init length attrs members
----------  ----------- ---------- ----------- ----- -------
00000000    00000000    000105ac   000105ac    r-x
  00000000    00000000    0000003c   0000003c    r-- .resetVecs
  00000040    00000040    0000ece8   0000ece8    r-x .text
  0000ed28    0000ed28    00001884   00001884    r-- .rodata
000105ac    000105ac    00000008   00000008    rw-
  000105ac    000105ac    00000008   00000008    rw- .args
000105b4    000105b4    0000023c   0000023c    r--
  000105b4    000105b4    0000023c   0000023c    r-- .cinit
0004ffa8    0004ffa8    00000058   00000058    r--
  0004ffa8    0004ffa8    00000058   00000058    r-- .ccfg
200000d8    200000d8    000006a3   00000000    rw-
  200000d8    200000d8    000006a3   00000000    rw- .data
20001830    20001830    00000010   00000000    rw-
  20001830    20001830    00000010   00000000    rw- .TI.bound:dmaSpi0RxControlTableEntry
20001840    20001840    00000010   00000000    rw-
  20001840    20001840    00000010   00000000    rw- .TI.bound:dmaSpi0TxControlTableEntry
20001a30    20001a30    00000010   00000000    rw-
  20001a30    20001a30    00000010   00000000    rw- .TI.bound:dmaSpi0RxAltControlTableEntry
20001a40    20001a40    00000010   00000000    rw-
  20001a40    20001a40    00000010   00000000    rw- .TI.bound:dmaSpi0TxAltControlTableEntry
20001a50    20001a50    00004000   00000000    r--
  20001a50    20001a50    00004000   00000000    r-- .priheap
20005a50    20005a50    00003278   00000000    rw-
  20005a50    20005a50    00003278   00000000    rw- .bss
20011a00    20011a00    00000600   00000000    rw-
  20011a00    20011a00    00000600   00000000    rw- .stack


SECTION ALLOCATION MAP

 output                                  attributes/
section   page    origin      length       input sections
--------  ----  ----------  ----------   ----------------
.binit     0    00000000    00000000     

.cinit     0    000105b4    0000023c     
                  000105b4    000001d5     (.cinit..data.load) [load image, compression = lzss]
                  00010789    00000003     --HOLE-- [fill = 0]
                  0001078c    0000000c     (__TI_handler_table)
                  00010798    00000008     (.cinit..TI.bound:dmaSpi0RxAltControlTableEntry.load) [load image, compression = zero_init]
                  000107a0    00000008     (.cinit..TI.bound:dmaSpi0RxControlTableEntry.load) [load image, compression = zero_init]
                  000107a8    00000008     (.cinit..TI.bound:dmaSpi0TxAltControlTableEntry.load) [load image, compression = zero_init]
                  000107b0    00000008     (.cinit..TI.bound:dmaSpi0TxControlTableEntry.load) [load image, compression = zero_init]
                  000107b8    00000008     (.cinit..bss.load) [load image, compression = zero_init]
                  000107c0    00000030     (__TI_cinit_table)

.init_array 
*          0    00000000    00000000     UNINITIALIZED

.ccfg      0    0004ffa8    00000058     
                  0004ffa8    00000058     ti_devices_config.o (.ccfg)

.data      0    200000d8    000006a3     UNINITIALIZED
                  200000d8    00000174     drivers_cc26x2.a : PowerCC26X2.c.obj (.data.PowerCC26X2_module)
                  2000024c    0000007c     ti_drivers_config.o (.data.gpioPinConfigs)
                  200002c8    00000068     rf_multiMode_cc26x2.a : RFCC26X2_multiMode.c.cc26x2.ticlang.o (.data..L_MergedGlobals.1)
                  20000330    00000068     ti_sysbios_config.o (.data.ti_sysbios_knl_Clock_Module_state)
                  20000398    00000064     rf_multiMode_cc26x2.a : RFCC26X2_multiMode.c.cc26x2.ticlang.o (.data..L_MergedGlobals.3)
                  200003fc    00000058                           : RFCC26X2_multiMode.c.cc26x2.ticlang.o (.data..L_MergedGlobals.2)
                  20000454    00000054     ti_radio_config.o (.data.ble_pOverridesCommon)
                  200004a8    00000040     ti_radio_config.o (.data.RFCMD_ieeeRX)
                  200004e8    0000003c     ti_sysbios_config.o (.data.ti_sysbios_family_arm_m3_Hwi_Module_state)
                  20000524    0000003c     ti_sysbios_config.o (.data.ti_sysbios_knl_Task_Module_state)
                  20000560    0000002c     ti_sysbios_config.o (.data.BIOS_Module_state)
                  2000058c    00000028     ti_sysbios_config.o (.data.ti_sysbios_knl_Swi_Module_state)
                  200005b4    00000024     ti_radio_config.o (.data.RFCMD_bleRadioSetup)
                  200005d8    00000020     ti_radio_config.o (.data.RFCMD_bleGenericRX)
                  200005f8    0000001c     ti_radio_config.o (.data.ble_pOverrides2Mbps)
                  20000614    00000018     ti_radio_config.o (.data.RFCMD_bleFrequencySynthesizer)
                  2000062c    00000018     ti_radio_config.o (.data.RFCMD_ieeeFrequencySynthesizer)
                  20000644    00000018     ti_radio_config.o (.data.RFCMD_ieeeRadioSetup)
                  2000065c    00000018     ti_radio_config.o (.data.ble_pOverrides1Mbps)
                  20000674    00000014     ti_radio_config.o (.data.RFCMD_bleGenericRXPar)
                  20000688    00000014     ti_radio_config.o (.data.ble_pOverridesCoded)
                  2000069c    00000010     Ethernet.o (.data.Ethernet_server_port)
                  200006ac    00000010     ti_radio_config.o (.data.RFCMD_bleModeObject)
                  200006bc    00000010     ti_radio_config.o (.data.RFCMD_ieeeModeObject)
                  200006cc    00000010     driverlib.lib : osc.o (.data._hposcCoeffs)
                  200006dc    00000010     ti_radio_config.o (.data.ieee_pOverrides)
                  200006ec    00000010     ti_sysbios_config.o (.data.ti_sysbios_runtime_SysMin_Module_state)
                  200006fc    0000000c     ti_sysbios_config.o (.data.ti_sysbios_family_arm_cc26xx_Timer_Module_state)
                  20000708    0000000c     ti_sysbios_config.o (.data.ti_sysbios_runtime_Error_ignore)
                  20000714    0000000c     ti_sysbios_config.o (.data.ti_sysbios_runtime_System_Module_state)
                  20000720    00000008     rf_multiMode_cc26x2.a : RFCC26X2_multiMode.c.cc26x2.ticlang.o (.data..L_MergedGlobals)
                  20000728    00000008                           : RFCC26X2_multiMode.c.cc26x2.ticlang.o (.data.RFCC26XX_schedulerPolicy)
                  20000730    00000008     ti_sysbios_config.o (.data.prefixStrings)
                  20000738    00000008     ti_sysbios_config.o (.data.ti_sysbios_gates_GateMutex_Module_state)
                  20000740    00000008     ti_sysbios_config.o (.data.ti_sysbios_heaps_HeapMem_Module_state)
                  20000748    00000008     ti_sysbios_config.o (.data.ti_sysbios_knl_Semaphore_Module_state)
                  20000750    00000004     drivers_cc26x2.a : TemperatureCC26X2.c.obj (.data..L_MergedGlobals)
                  20000754    00000004     EthernetClient.o (.data.EthernetClientPrintMethods)
                  20000758    00000004     EthernetUdp.o (.data.EthernetUDPPrintMethods)
                  2000075c    00000004     rf_multiMode_cc26x2.a : RFCC26X2_multiMode.c.cc26x2.ticlang.o (.data.RF_fsmActiveState.lfClockSourceLast)
                  20000760    00000004     libc.a : aeabi_portable.c.obj (.data.__aeabi_errno)
                  20000764    00000004            : _lock.c.obj (.data._lock)
                  20000768    00000004            : _lock.c.obj (.data._unlock)
                  2000076c    00000004     ti_sysbios_config.o (.data.terminatedList)
                  20000770    00000004     ti_sysbios_config.o (.data.ti_sysbios_runtime_Memory_defaultHeapInstance)
                  20000774    00000001     rf_multiMode_cc26x2.a : rf_patch_cpe_bt5.c.cc26x2.ticlang.o (.data.bBt5PatchEntered)
                  20000775    00000001                           : rf_patch_cpe_ieee_802_15_4.c.cc26x2.ticlang.o (.data.bIeee802154PatchEntered)
                  20000776    00000001     drivers_cc26x2.a : GPIOCC26X2.c.obj (.data.initCalled)
                  20000777    00000001                      : SPI.c.obj (.data.isInitialized)
                  20000778    00000001                      : TemperatureCC26X2.c.obj (.data.isInitialized)
                  20000779    00000001     ti_sysbios_config.o (.data.ti_sysbios_knl_Idle_initDone)
                  2000077a    00000001     ti_sysbios_config.o (.data.ti_sysbios_runtime_Startup_done)

.bss       0    20005a50    00003278     UNINITIALIZED
                  20005a50    0000183c     radio_queue.o (.bss.RadioQueue_RXbuffer)
                  2000728c    00000401     ssd1306.o (.bss.SSD1306_LcdBufferInclStreamByte)
                  2000768d    00000002     ssd1306.o (.bss.SSD1306_SendCommand.buffer)
                  2000768f    00000001     dashboard_task.o (.bss.Dashboard_Main.readDestination)
                  20007690    00000400     (.common:ti_sysbios_knl_Idle_taskStack)
                  20007a90    00000400     (.common:ti_sysbios_runtime_SysMin_outbuf)
                  20007e90    000002c0     rf_multiMode_cc26x2.a : RFCC26X2_multiMode.c.cc26x2.ticlang.o (.bss.RF_cmdPool)
                  20008150    000001ba     html.o (.bss.valueBuffer)
                  2000830a    00000002     socket.o (.bss.local_port)
                  2000830c    00000140     (.common:i2cCC26xxObjects)
                  2000844c    00000120     libsysbm.a : trgmsg.c.obj (.bss:_CIOBUF_)
                  2000856c    00000100     (.common:spiCC26X2DMAObjects)
                  2000866c    000000d8     (.common:ti_sysbios_family_arm_m3_Hwi_dispatchTable)
                  20008744    0000007c     (.common:gpioCallbackFunctions)
                  200087c0    0000007c     (.common:gpioUserArgs)
                  2000883c    00000004     radio_queue.o (.bss.RadioQueue_ReadEntry)
                  20008840    00000068     rf_multiMode_cc26x2.a : RFCC26X2_multiMode.c.cc26x2.ticlang.o (.bss.RF_ratModule)
                  200088a8    00000060     (.common:ti_sysbios_knl_ClockSupport_timerStruct)
                  20008908    00000058     (.common:ti_sysbios_knl_Idle_taskStruct)
                  20008960    00000044                           : RFCC26X2_multiMode.c.cc26x2.ticlang.o (.bss.RF_clkInactivityObj)
                  200089a4    00000044                           : RFCC26X2_multiMode.c.cc26x2.ticlang.o (.bss.RF_clkPowerUpObj)
                  200089e8    0000003c                           : RFCC26X2_multiMode.c.cc26x2.ticlang.o (.bss.RF_swiHwObj)
                  20008a24    00000030     (.common:ti_sysbios_knl_Swi_readyQs)
                  20008a54    00000030     (.common:ti_sysbios_knl_Task_readyQs)
                  20008a84    0000002c     (.common:BIOS_heapMemObject)
                  20008ab0    00000028     (.common:BIOS_rtsGate)
                  20008ad8    00000028     (.common:ti_sysbios_heaps_HeapMem_gate)
                  20008b00    00000024     (.common:dashboardTaskParams)
                  20008b24    00000024     (.common:initTaskParams)
                  20008b48    00000024     (.common:sniffingTaskParams)
                  20008b6c    00000020     (.common:Ethernet)
                  20008b8c    00000020     (.common:ti_sysbios_runtime_System_atexitHandlers)
                  20008bac    00000020     (.common:udmaCC26XXObject)
                  20008bcc    0000001c     drivers_cc26x2.a : TemperatureCC26X2.c.obj (.bss.batmonHwi)
                  20008be8    0000001c                      : GPIOCC26X2.c.obj (.bss.gpioHwi)
                  20008c04    00000014     (.common:ti_sysbios_hal_Seconds_Module_state)
                  20008c18    00000010     ssd1306.o (.bss._i2cParams)
                  20008c28    00000010     (.common:ethernetUdp)
                  20008c38    00000010     (.common:ieeeStats)
                  20008c48    0000000c     (.common:Dashboard_SemaphoreParams)
                  20008c54    0000000c     (.common:Init_SemaphoreParams)
                  20008c60    0000000c     (.common:bleStats)
                  20008c6c    00000008     radio_queue.o (.bss.RadioQueue_object)
                  20008c74    00000008     drivers_cc26x2.a : TemperatureCC26X2.c.obj (.bss.notificationList)
                  20008c7c    00000008     (.common:parmbuf)
                  20008c84    00000004     dashboard_task.o (.bss.StrTok.p)
                  20008c88    00000004     ssd1306.o (.bss._i2c)
                  20008c8c    00000004     driverlib.lib : osc.o (.bss.oscHfGlobals.0)
                  20008c90    00000004                   : osc.o (.bss.oscHfGlobals.2)
                  20008c94    00000004                   : osc.o (.bss.oscHfGlobals.3)
                  20008c98    00000004                   : osc.o (.bss.oscHfGlobals.4)
                  20008c9c    00000004     (.common:Dashboard_SemaphoreHandle)
                  20008ca0    00000004     (.common:Init_SemaphoreHandle)
                  20008ca4    00000004     (.common:PowerCC26XX_swiKey)
                  20008ca8    00000004     (.common:PowerCC26XX_taskKey)
                  20008cac    00000004     (.common:dashboardTaskHandle)
                  20008cb0    00000004     (.common:initTaskHandle)
                  20008cb4    00000004     (.common:sniffingTaskHandle)
                  20008cb8    00000004     (.common:spi)
                  20008cbc    00000004     (.common:ti_sysbios_family_arm_cc26xx_TimestampProvider_Module_state)
                  20008cc0    00000004     (.common:ti_sysbios_knl_Task_defaultStackHeap)
                  20008cc4    00000002     (.common:_counter)
                  20008cc6    00000002     (.common:ethernetServer)

.stack     0    20011a00    00000600     UNINITIALIZED
                  20011a00    00000004     sysbios.a : boot_cortex_m.obj (.stack)
                  20011a04    000005fc     --HOLE--

.priheap   0    20001a50    00004000     UNINITIALIZED
                  20001a50    00004000     --HOLE--

.log_data 
*          0    90000000    00000000     COPY SECTION

.resetVecs 
*          0    00000000    0000003c     
                  00000000    0000003c     ti_sysbios_config.o (.resetVecs)

.vecs      0    20000000    000000d8     NOLOAD SECTION
                  20000000    000000d8     ti_sysbios_config.o (.vecs)

.text      0    00000040    0000ece8     
                  00000040    000005f0     ti_sysbios_config.o (.text.ti_sysbios_runtime_System_doPrint)
                  00000630    000005ea     driverlib.lib : osc.o (.text.findHposcCoefficients)
                  00000c1a    00000002     ti_sysbios_config.o (.text.BIOS_nullFunc)
                  00000c1c    00000498     rf_multiMode_cc26x2.a : RFCC26X2_multiMode.c.cc26x2.ticlang.o (.text.RF_fsmActiveState)
                  000010b4    00000372     Dhcp.o (.text.DHCP_parseDHCPResponse)
                  00001426    00000002     ti_drivers_config.o (.text.Board_initHook)
                  00001428    000002de     log.o (.text.Log_print)
                  00001706    00000002     drivers_cc26x2.a : I2C.c.obj (.text.I2C_init)
                  00001708    000002c8                      : SPICC26X2DMA.c.obj (.text.SPICC26X2DMA_transfer)
                  000019d0    0000029c     rf_multiMode_cc26x2.a : RFCC26X2_multiMode.c.cc26x2.ticlang.o (.text.RF_open)
                  00001c6c    00000268     libc.a : _printfi.c.obj (.text:__TI_printfi_minimal)
                  00001ed4    0000025c     Dhcp.o (.text.DHCP_send_DHCP_MESSAGE)
                  00002130    0000023a     Dhcp.o (.text.DHCP_request_DHCP_lease)
                  0000236a    00000006     drivers_cc26x2.a : I2CCC26XX.c.obj (.text.I2CSupport_powerRelConstraint)
                  00002370    00000200     ti_sysbios_config.o (.text.ti_sysbios_runtime_System_printfExtend)
                  00002570    000001fa     ti_sysbios_config.o (.text.ti_sysbios_family_arm_m3_Hwi_excFillContext)
                  0000276a    00000002     rf_multiMode_cc26x2.a : rfc.c.cc26x2.ticlang.o (.text.NOROM_RFCCpePatchReset)
                  0000276c    000001dc                           : RFCC26X2_multiMode.c.cc26x2.ticlang.o (.text.RF_dispatchNextCmd)
                  00002948    000001b6     libclang_rt.builtins.a : adddf3.S.obj (.text)
                  00002afe    000001ae     drivers_cc26x2.a : SPICC26X2DMA.c.obj (.text.SPICC26X2DMA_hwiFxn)
                  00002cac    000001aa     ti_sysbios_config.o (.text.ti_sysbios_knl_TaskSupport_buildTaskStack)
                  00002e56    000001a4     init_task.o (.text.Init_Main)
                  00002ffa    0000019a     ssd1306.o (.text.SSD1306_DrawLine)
                  00003194    00000198     ti_sysbios_config.o (.text.ti_sysbios_family_arm_cc26xx_Timer_construct)
                  0000332c    00000194     drivers_cc26x2.a : PowerCC26X2_calibrateRCOSC.c.obj (.text.PowerCC26X2_auxISR)
                  000034c0    0000018e     ti_sysbios_config.o (.text.ti_sysbios_knl_Task_Instance_init)
                  0000364e    00000002     rf_multiMode_cc26x2.a : RFCC26X2_multiMode.c.cc26x2.ticlang.o (.text.RF_defaultCallback)
                  00003650    00000188     drivers_cc26x2.a : SPICC26X2DMA.c.obj (.text.SPICC26X2DMA_open)
                  000037d8    00000184     dashboard_task.o (.text.UpdateDashboardInfo)
                  0000395c    00000160     drivers_cc26x2.a : SPICC26X2DMA.c.obj (.text.configNextTransfer)
                  00003abc    00000158                      : PowerCC26X2.c.obj (.text.Power_sleep)
                  00003c14    00000148     rf_multiMode_cc26x2.a : RFCC26X2_multiMode.c.cc26x2.ticlang.o (.text.RF_radioOpDoneCb)
                  00003d5c    0000013e     ti_sysbios_config.o (.text.PowerCC26XX_standbyPolicy)
                  00003e9a    0000013e     ti_sysbios_config.o (.text.ti_sysbios_heaps_HeapMem_allocUnprotected)
                  00003fd8    0000013c     drivers_cc26x2.a : I2CCC26XX.c.obj (.text.I2C_open)
                  00004114    0000013c     ti_sysbios_config.o (.text.ti_sysbios_knl_Clock_workFuncDynamic)
                  00004250    00000136     IPAddress.o (.text.IPAddress_toString)
                  00004386    00000002     libclang_rt.builtins.a : aeabi_div0.c.obj (.text.__aeabi_ldiv0)
                  00004388    00000136                            : divdf3.S.obj (.text)
                  000044be    00000002     libc.a : _lock.c.obj (.text._nop)
                  000044c0    00000134     driverlib.lib : osc.o (.text.findHposcPc)
                  000045f4    00000130     Dhcp.o (.text.DHCP_checkLease)
                  00004724    0000012c     rf_multiMode_cc26x2.a : RFCC26X2_multiMode.c.cc26x2.ticlang.o (.text.RF_fsmSetupState)
                  00004850    00000126     drivers_cc26x2.a : I2C.c.obj (.text.I2C_transferTimeout)
                  00004976    00000002                      : PowerCC26X2.c.obj (.text.emptyClockFunc)
                  00004978    00000124     rf_multiMode_cc26x2.a : RFCC26X2_multiMode.c.cc26x2.ticlang.o (.text.RF_abortCmd)
                  00004a9c    00000122     drivers_cc26x2.a : SPICC26X2DMA.c.obj (.text.SPICC26X2DMA_transferCancel)
                  00004bbe    00000002     ti_sysbios_config.o (.text.ti_sysbios_family_arm_cc26xx_Timer_startup)
                  00004bc0    0000011c     sysbios.a : Hwi_asm_gnu.obj (.text.ti_sysbios_family_arm_m3_Hwi_dispatch)
                  00004cdc    00000118     drivers_cc26x2.a : PowerCC26X2.c.obj (.text.Power_init)
                  00004df4    00000118     rf_multiMode_cc26x2.a : RFCC26X2_multiMode.c.cc26x2.ticlang.o (.text.RF_decodeOverridePointers)
                  00004f0c    0000010e     ti_sysbios_config.o (.text.ti_sysbios_knl_Semaphore_pend)
                  0000501a    00000002     ti_sysbios_config.o (.text.ti_sysbios_knl_TaskSupport_init)
                  0000501c    0000010c     drivers_cc26x2.a : PowerCC26X2_calibrateRCOSC.c.obj (.text.PowerCC26X2_calibrate)
                  00005128    0000010a     ssd1306.o (.text.SSD1306_DrawChar)
                  00005232    0000010a     ti_sysbios_config.o (.text.ti_sysbios_knl_Task_Instance_finalize)
                  0000533c    00000108     rf_multiMode_cc26x2.a : RFCC26X2_multiMode.c.cc26x2.ticlang.o (.text.RF_fsmPowerUpState)
                  00005444    00000104     drivers_cc26x2.a : GPIOCC26X2.c.obj (.text.GPIO_init)
                  00005548    00000102     dashboard_task.o (.text.Dashboard_Main)
                  0000564a    000000fe     ti_sysbios_config.o (.text.ti_sysbios_family_arm_m3_Hwi_Instance_init)
                  00005748    000000fc     rf_multiMode_cc26x2.a : RFCC26X2_multiMode.c.cc26x2.ticlang.o (.text.RF_hwiCpe0Active)
                  00005844    000000fc     libclang_rt.builtins.a : muldf3.S.obj (.text)
                  00005940    000000fa     dashboard_task.o (.text.SetStatusProperty)
                  00005a3a    00000002     --HOLE-- [fill = 0]
                  00005a3c    000000f4     driverlib.lib : sys_ctrl.o (.text.NOROM_SysCtrlStandby)
                  00005b30    000000f4     dashboard_task.o (.text.StrTok)
                  00005c24    000000f2     radio_queue.o (.text.RadioQueue_create)
                  00005d16    000000ee     ti_sysbios_config.o (.text.ti_sysbios_knl_Clock_startI)
                  00005e04    000000e8     drivers_cc26x2.a : I2CCC26XX.c.obj (.text.I2CCC26XX_hwiFxn)
                  00005eec    000000e8     socket.o (.text.send)
                  00005fd4    000000e4     driverlib.lib : setup.o (.text.NOROM_SetupTrimDevice)
                  000060b8    000000e4     ti_sysbios_config.o (.text.ti_sysbios_family_arm_m3_Hwi_initNVIC)
                  0000619c    000000da     ti_sysbios_config.o (.text.ti_sysbios_heaps_HeapMem_freeUnprotected)
                  00006276    00000002     --HOLE-- [fill = 0]
                  00006278    000000d8     drivers_cc26x2.a : SPICC26X2DMA.c.obj (.text.SPICC26X2DMA_control)
                  00006350    000000d0                      : PowerCC26X2.c.obj (.text.configureXOSCHF)
                  00006420    000000cc     rf_multiMode_cc26x2.a : RFCC26X2_multiMode.c.cc26x2.ticlang.o (.text.RF_postCmd)
                  000064ec    000000ca                           : RFCC26X2_multiMode.c.cc26x2.ticlang.o (.text.RF_updatePaConfiguration)
                  000065b6    000000ca     sniffing_task.o (.text.Sniffing_Main)
                  00006680    000000c8     IPAddress.o (.text.IPAddress_fromString)
                  00006748    000000c4     driverlib.lib : setup.o (.text.TrimAfterColdResetWakeupFromShutDown)
                  0000680c    000000c0     ti_sysbios_config.o (.text.ti_sysbios_knl_Clock_walkQueueDynamic)
                  000068cc    000000c0     ti_sysbios_config.o (.text.ti_sysbios_knl_Swi_restoreHwi)
                  0000698c    000000c0     ti_sysbios_config.o (.text.ti_sysbios_runtime_System_formatNum)
                  00006a4c    000000be     gui.o (.text.GUI_Init)
                  00006b0a    00000002     --HOLE-- [fill = 0]
                  00006b0c    000000bc     rf_multiMode_cc26x2.a : RFCC26X2_multiMode.c.cc26x2.ticlang.o (.text.RF_swiHw)
                  00006bc8    000000bc     ti_sysbios_config.o (.text.ti_sysbios_knl_Task_postInit)
                  00006c84    000000b8     ti_sysbios_config.o (.text.ti_sysbios_knl_Swi_Instance_init)
                  00006d3c    000000b6     driverlib.lib : osc.o (.text.NOROM_OSC_HPOSCInitializeFrequencyOffsetParameters)
                  00006df2    000000b6     radio_api.o (.text.Radio_initRXCmd)
                  00006ea8    000000b4     driverlib.lib : osc.o (.text.NOROM_OSCHF_AttemptToSwitchToXosc)
                  00006f5c    000000b4     drivers_cc26x2.a : PowerCC26X2.c.obj (.text.Power_releaseDependency)
                  00007010    000000b4     socket.o (.text.socket)
                  000070c4    000000b2     html.o (.text.Html_CopyHtmlToMtuBuffer)
                  00007176    000000b0     dashboard_task.o (.text.HandleRestApi)
                  00007226    00000002     --HOLE-- [fill = 0]
                  00007228    000000b0     drivers_cc26x2.a : PowerCC26X2.c.obj (.text.Power_setDependency)
                  000072d8    000000b0     libclang_rt.builtins.a : udivmoddi4.S.obj (.text)
                  00007388    000000ac     rf_multiMode_cc26x2.a : RFCC26X2_multiMode.c.cc26x2.ticlang.o (.text.RF_pendCmd)
                  00007434    000000a8     drivers_cc26x2.a : TemperatureCC26X2.c.obj (.text.temperatureHwiFxn)
                  000074dc    000000a6     socket.o (.text.recv)
                  00007582    00000002     --HOLE-- [fill = 0]
                  00007584    000000a4     rf_multiMode_cc26x2.a : RFCC26X2_multiMode.c.cc26x2.ticlang.o (.text.RF_initRadioSetup)
                  00007628    000000a2     ti_sysbios_config.o (.text.ti_sysbios_knl_TaskSupport_start)
                  000076ca    000000a0     drivers_cc26x2.a : I2CCC26XX.c.obj (.text.I2CCC26XX_swiFxn)
                  0000776a    00000002     --HOLE-- [fill = 0]
                  0000776c    000000a0     rf_multiMode_cc26x2.a : RFCC26X2_multiMode.c.cc26x2.ticlang.o (.text.RF_calculateDispatchTime)
                  0000780c    0000009c     EthernetUdp.o (.text.EthernetUDP_begin)
                  000078a8    0000009a     Ethernet.o (.text.Ethernet_begin_mac)
                  00007942    0000009a     ssd1306.o (.text.SSD1306_Init)
                  000079dc    0000009a     ti_sysbios_config.o (.text.ti_sysbios_knl_Task_schedule)
                  00007a76    00000098     rf_multiMode_cc26x2.a : RFCC26X2_multiMode.c.cc26x2.ticlang.o (.text.RF_defaultSubmitPolicy)
                  00007b0e    00000098     ti_sysbios_config.o (.text.ti_sysbios_hal_Seconds_getTime)
                  00007ba6    00000096     rf_multiMode_cc26x2.a : RFCC26X2_multiMode.c.cc26x2.ticlang.o (.text.RF_verifyGap)
                  00007c3c    00000094     Ethernet.o (.text.Ethernet_maintain)
                  00007cd0    00000094     rf_multiMode_cc26x2.a : RFCC26X2_multiMode.c.cc26x2.ticlang.o (.text.RF_hposcRfCompensateFxn)
                  00007d64    00000094                           : RFCC26X2_multiMode.c.cc26x2.ticlang.o (.text.RF_ratRestartChannels)
                  00007df8    00000094     ti_sysbios_config.o (.text.ti_sysbios_heaps_HeapMem_Instance_init)
                  00007e8c    00000090     ti_sysbios_config.o (.text.ti_sysbios_knl_Task_sleep)
                  00007f1c    0000008e     ssd1306.o (.text.SSD1306_DrawPixel)
                  00007faa    0000008e     ti_sysbios_config.o (.text.ti_sysbios_family_arm_m3_Hwi_excHandlerMin)
                  00008038    0000008e     ti_sysbios_config.o (.text.ti_sysbios_knl_Swi_runLoop)
                  000080c6    00000002     --HOLE-- [fill = 0]
                  000080c8    0000008c     drivers_cc26x2.a : GPIOCC26XX.c.obj (.text.GPIO_setConfig)
                  00008154    0000008c     ti_sysbios_config.o (.text.ti_sysbios_family_arm_m3_Hwi_construct2)
                  000081e0    0000008a     EthernetClient.o (.text.EthernetClient_stop)
                  0000826a    0000008a     EthernetServer.o (.text.EthernetServer_accept)
                  000082f4    0000008a     EthernetServer.o (.text.EthernetServer_available)
                  0000837e    0000008a     ti_sysbios_config.o (.text.ti_sysbios_knl_Semaphore_post)
                  00008408    00000088     rf_multiMode_cc26x2.a : RFCC26X2_multiMode.c.cc26x2.ticlang.o (.text.RF_cmdDispatchTime)
                  00008490    00000088                           : RFCC26X2_multiMode.c.cc26x2.ticlang.o (.text.RF_discardPendCmd)
                  00008518    00000088     ti_sysbios_config.o (.text.ti_sysbios_family_arm_m3_Hwi_postInit)
                  000085a0    00000086     sniffing_task.o (.text.HandleIncomingRfPacket)
                  00008626    00000086     ti_sysbios_config.o (.text.ti_sysbios_runtime_Memory_alloc)
                  000086ac    00000084     EthernetUdp.o (.text.EthernetUDP_parsePacket)
                  00008730    00000082     EthernetClient.o (.text.EthernetClient_connected)
                  000087b2    00000082     ti_sysbios_config.o (.text.ti_sysbios_family_arm_m3_Hwi_getStackInfo)
                  00008834    00000080     driverlib.lib : sys_ctrl.o (.text.NOROM_SysCtrlSetRechargeBeforePowerDown)
                  000088b4    0000007e     ti_drivers_config.o (.text.Board_sendExtFlashByte)
                  00008932    0000007e     driverlib.lib : chipinfo.o (.text.NOROM_ChipInfo_GetChipType)
                  000089b0    0000007e     ssd1306.o (.text.SSD1306_UpdatePosition)
                  00008a2e    0000007c     ti_sysbios_config.o (.text.SwiP_construct)
                  00008aaa    0000007c     ti_sysbios_config.o (.text.ti_sysbios_family_arm_cc26xx_Timer_periodicStub)
                  00008b26    0000007c     ti_sysbios_config.o (.text.ti_sysbios_knl_Swi_schedule)
                  00008ba2    0000007a     ti_sysbios_config.o (.text.ti_sysbios_family_arm_m3_Hwi_dispatchC)
                  00008c1c    0000007a     ti_sysbios_config.o (.text.ti_sysbios_knl_Idle_init)
                  00008c96    00000078     driverlib.lib : osc.o (.text.NOROM_OSCHF_SwitchToRcOscTurnOffXosc)
                  00008d0e    00000078                   : osc.o (.text.NOROM_OSC_CapArrayAdjustWorkaround_Boot)
                  00008d86    00000002     --HOLE-- [fill = 0]
                  00008d88    00000078     rf_multiMode_cc26x2.a : RFCC26X2_multiMode.c.cc26x2.ticlang.o (.text.RF_ratFreeChannel)
                  00008e00    00000078     drivers_cc26x2.a : SPICC26X2DMA.c.obj (.text.SPICC26X2DMA_close)
                  00008e78    00000078     ti_sysbios_config.o (.text.ti_sysbios_family_arm_m3_Hwi_disableInterrupt)
                  00008ef0    00000078     ti_sysbios_config.o (.text.ti_sysbios_knl_Swi_run)
                  00008f68    00000078     ti_sysbios_config.o (.text.ti_sysbios_knl_Task_blockI)
                  00008fe0    00000078     ti_sysbios_config.o (.text.ti_sysbios_knl_Task_startup)
                  00009058    00000076     gui.o (.text.GUI_ChangeProto)
                  000090ce    00000002     --HOLE-- [fill = 0]
                  000090d0    00000074     drivers_cc26x2.a : PowerCC26X2_calibrateRCOSC_helpers.c.obj (.text.PowerCC26X2_updateSubSecInc)
                  00009144    00000074     rf_multiMode_cc26x2.a : RFCC26X2_multiMode.c.cc26x2.ticlang.o (.text.RF_hwiHw)
                  000091b8    00000074     drivers_cc26x2.a : TemperatureCC26X2.c.obj (.text.Temperature_init)
                  0000922c    00000074     ti_sysbios_config.o (.text.ti_sysbios_heaps_HeapMem_getStats)
                  000092a0    00000072     ti_sysbios_config.o (.text.ti_sysbios_family_arm_cc26xx_Timer_setThreshold)
                  00009312    00000070     EthernetServer.o (.text.EthernetServer_begin)
                  00009382    00000006     drivers_cc26x2.a : I2CCC26XX.c.obj (.text.I2CSupport_powerSetConstraint)
                  00009388    00000070     ArduinoCompatibility.o (.text.millis)
                  000093f8    00000070     ti_sysbios_config.o (.text.ti_sysbios_family_arm_m3_Hwi_enableInterrupt)
                  00009468    0000006e     ti_sysbios_config.o (.text.BIOS_init)
                  000094d6    0000006e     ti_drivers_config.o (.text.Board_shutDownExtFlash)
                  00009544    0000006e     libclang_rt.builtins.a : comparedf2.c.obj (.text.__gedf2)
                  000095b2    00000002     --HOLE-- [fill = 0]
                  000095b4    0000006e                            : comparedf2.c.obj (.text.__ledf2)
                  00009622    0000006e     init_task.o (.text.byte2hex)
                  00009690    0000006e     ti_sysbios_config.o (.text.ti_sysbios_knl_Clock_init)
                  000096fe    0000006c     Dhcp.o (.text.DHCP_printByte)
                  0000976a    0000006c     EthernetUdp.o (.text.EthernetUDP_read_buf)
                  000097d6    00000002     --HOLE-- [fill = 0]
                  000097d8    0000006c     rf_multiMode_cc26x2.a : RFCC26X2_multiMode.c.cc26x2.ticlang.o (.text.RF_issueRadioFreeCb)
                  00009844    0000006c     w5500.o (.text.W5500_read_buf)
                  000098b0    0000006a     html.o (.text.Html_strcpy)
                  0000991a    0000006a     drivers_cc26x2.a : I2CCC26XX.c.obj (.text.I2CSupport_primeTransfer)
                  00009984    0000006a     radio_queue.o (.text.RadioQueue_takePacket)
                  000099ee    0000006a     w5500.o (.text.W5500_write_buf)
                  00009a58    0000006a     main.o (.text.main)
                  00009ac2    0000006a     libc.a : copy_decompress_lzss.c.obj (.text:decompress:lzss)
                  00009b2c    00000068     rf_multiMode_cc26x2.a : RFCC26X2_multiMode.c.cc26x2.ticlang.o (.text.RF_detachOverrides)
                  00009b94    00000068     w5500.o (.text.W5500_send_data_processing_offset)
                  00009bfc    00000066     EthernetClient.o (.text.EthernetClient_readBytesUntil)
                  00009c62    00000066     ti_sysbios_config.o (.text.ti_sysbios_family_arm_cc26xx_Timer_start)
                  00009cc8    00000066     ti_sysbios_config.o (.text.ti_sysbios_family_arm_m3_Hwi_Instance_finalize)
                  00009d2e    00000002     --HOLE-- [fill = 0]
                  00009d30    00000064     drivers_cc26x2.a : PowerCC26X2_calibrateRCOSC.c.obj (.text.PowerCC26X2_initiateCalibration)
                  00009d94    00000064     rf_multiMode_cc26x2.a : RFCC26X2_multiMode.c.cc26x2.ticlang.o (.text.RF_attachOverrides)
                  00009df8    00000064                           : RFCC26X2_multiMode.c.cc26x2.ticlang.o (.text.RF_dispatchNextEvent)
                  00009e5c    00000064                           : RFCC26X2_multiMode.c.cc26x2.ticlang.o (.text.RF_hwiCpe0PowerFsm)
                  00009ec0    00000064     SPIfg.o (.text.SPI_transf)
                  00009f24    00000064     ssd1306.o (.text.SSD1306_DrawString)
                  00009f88    00000064     drivers_cc26x2.a : UDMACC26XX.c.obj (.text.UDMACC26XX_open)
                  00009fec    00000064                      : PowerCC26X2.c.obj (.text.oscillatorISR)
                  0000a050    00000062     rf_multiMode_cc26x2.a : RFCC26X2_multiMode.c.cc26x2.ticlang.o (.text.RF_syncCb)
                  0000a0b2    00000062     socket.o (.text.bufferData)
                  0000a114    00000062     libclang_rt.builtins.a : aeabi_dcmp.S.obj (.text)
                  0000a176    00000060     Dhcp.o (.text.DHCP_beginWithDHCP)
                  0000a1d6    00000060     drivers_cc26x2.a : SPICC26X2DMA.c.obj (.text.csnCallback)
                  0000a236    00000060     ti_sysbios_config.o (.text.ti_sysbios_knl_ClockSupport_init)
                  0000a296    00000002     --HOLE-- [fill = 0]
                  0000a298    0000005e     rf_multiMode_cc26x2.a : rfc.c.cc26x2.ticlang.o (.text.NOROM_RFCAnaDivTxOverride)
                  0000a2f6    0000005e     socket.o (.text.startUDP)
                  0000a354    0000005e     ti_sysbios_config.o (.text.ti_sysbios_knl_Swi_post)
                  0000a3b2    0000005e     ti_sysbios_config.o (.text.ti_sysbios_runtime_Error_raiseX)
                  0000a410    0000005c     ti_sysbios_config.o (.text.ClockP_construct)
                  0000a46c    0000005c     radio_api.o (.text.Radio_beginRX)
                  0000a4c8    0000005c     libclang_rt.builtins.a : divmoddi4.c.obj (.text.__divmoddi4)
                  0000a524    0000005c     ti_sysbios_config.o (.text.ti_sysbios_heaps_HeapMem_alloc)
                  0000a580    0000005c     ti_sysbios_config.o (.text.ti_sysbios_knl_Task_init)
                  0000a5dc    0000005a     init_task.o (.text.mac2string)
                  0000a636    00000058     ti_sysbios_config.o (.text.AONRTCEventClear)
                  0000a68e    00000058     ti_sysbios_config.o (.text.HwiP_construct)
                  0000a6e6    00000002     --HOLE-- [fill = 0]
                  0000a6e8    00000058     rf_multiMode_cc26x2.a : RFCC26X2_multiMode.c.cc26x2.ticlang.o (.text.RF_applyRfCorePatch)
                  0000a740    00000058     radio_queue.o (.text.RadioQueue_reset)
                  0000a798    00000058     w5500.o (.text.W5500_recv_data_processing)
                  0000a7f0    00000058     ti_sysbios_config.o (.text.ti_sysbios_family_arm_m3_Hwi_construct)
                  0000a848    00000058     sysbios.a : Hwi_asm_switch_gnu.obj (.text.ti_sysbios_family_arm_m3_Hwi_initStacks)
                  0000a8a0    00000058     ti_sysbios_config.o (.text.ti_sysbios_heaps_HeapMem_construct)
                  0000a8f8    00000058     ti_sysbios_config.o (.text.ti_sysbios_knl_Swi_init)
                  0000a950    00000056     ti_sysbios_config.o (.text.AONRTCCompareValueSet)
                  0000a9a6    00000056     gui.o (.text.GUI_ChangeRx)
                  0000a9fc    00000056     SPIfg.o (.text.SPI_begin)
                  0000aa52    00000056     ti_sysbios_config.o (.text.getTime)
                  0000aaa8    00000056     ti_sysbios_config.o (.text.ti_sysbios_family_arm_cc26xx_Timer_getCurrentTick)
                  0000aafe    00000056     ti_sysbios_config.o (.text.ti_sysbios_knl_Clock_Instance_init)
                  0000ab54    00000056     ti_sysbios_config.o (.text.ti_sysbios_runtime_SystemSupport_flush)
                  0000abaa    00000056     ti_sysbios_config.o (.text.ti_sysbios_runtime_System_atexit)
                  0000ac00    00000056     ti_sysbios_config.o (.text.ti_sysbios_runtime_System_putchar)
                  0000ac56    00000054     ti_sysbios_config.o (.text.AONRTCChannelEnable)
                  0000acaa    00000054     ti_sysbios_config.o (.text.BIOS_startFunc)
                  0000acfe    00000002     --HOLE-- [fill = 0]
                  0000ad00    00000054     libsysbm.a : hostwrite.c.obj (.text.HOSTwrite)
                  0000ad54    00000054     drivers_cc26x2.a : I2CCC26XX.c.obj (.text.I2CCC26XX_initHw)
                  0000ada8    00000054     rf_multiMode_cc26x2.a : RFCC26X2_multiMode.c.cc26x2.ticlang.o (.text.RF_fsmXOSCState)
                  0000adfc    00000054                           : RFCC26X2_multiMode.c.cc26x2.ticlang.o (.text.RF_getCurrentTime)
                  0000ae50    00000052     driverlib.lib : chipinfo.o (.text.NOROM_ChipInfo_GetHwRevision)
                  0000aea2    00000052     radio_api.o (.text.Radio_setFrequencySynthesizer)
                  0000aef4    00000052     ti_sysbios_config.o (.text.usleep)
                  0000af46    00000002     --HOLE-- [fill = 0]
                  0000af48    00000050     rf_multiMode_cc26x2.a : RFCC26X2_multiMode.c.cc26x2.ticlang.o (.text.RF_enableHPOSCTemperatureCompensation)
                  0000af98    00000050                           : RFCC26X2_multiMode.c.cc26x2.ticlang.o (.text.RF_wakeupNotification)
                  0000afe8    00000050     ti_sysbios_config.o (.text.ti_sysbios_family_arm_cc26xx_Timer_setNextTick)
                  0000b038    0000004e     w5500.o (.text.W5500_getRXReceivedSize)
                  0000b086    0000004e     w5500.o (.text.W5500_getTXFreeSize)
                  0000b0d4    0000004e     ti_sysbios_config.o (.text.ti_sysbios_knl_Swi_restore)
                  0000b122    0000004c     driverlib.lib : osc.o (.text.NOROM_OSC_HPOSCRelativeFrequencyOffsetGet)
                  0000b16e    00000002     --HOLE-- [fill = 0]
                  0000b170    0000004c     rf_multiMode_cc26x2.a : rf_patch_cpe_bt5.c.cc26x2.ticlang.o (.text.configureBt5Patch)
                  0000b1bc    0000004c     drivers_cc26x2.a : SPICC26X2DMA.c.obj (.text.initHw)
                  0000b208    0000004c     SPIfg.o (.text.initSS)
                  0000b254    0000004c     drivers_cc26x2.a : PowerCC26X2.c.obj (.text.switchXOSCHF)
                  0000b2a0    0000004c     ti_sysbios_config.o (.text.ti_sysbios_knl_Clock_getTimeout)
                  0000b2ec    0000004c     ti_sysbios_config.o (.text.ti_sysbios_knl_Task_create)
                  0000b338    0000004c     ti_sysbios_config.o (.text.ti_sysbios_runtime_SystemSupport_putch)
                  0000b384    0000004c     ti_sysbios_config.o (.text.ti_sysbios_runtime_System_processAtExit)
                  0000b3d0    0000004a     ti_sysbios_config.o (.text.ti_sysbios_knl_Task_construct)
                  0000b41a    0000004a     ti_sysbios_config.o (.text.ti_sysbios_runtime_Error_print)
                  0000b464    00000048     EthernetClient.o (.text.EthernetClient_timedRead)
                  0000b4ac    00000048     html.o (.text.Html_SetKeyValueInBuffer)
                  0000b4f4    00000048     driverlib.lib : aux_sysif.o (.text.NOROM_AUXSYSIFOpModeChange)
                  0000b53c    00000048     rf_multiMode_cc26x2.a : rfc.c.cc26x2.ticlang.o (.text.NOROM_RFCSynthPowerDown)
                  0000b584    00000048     drivers_cc26x2.a : PowerCC26X2.c.obj (.text.PowerCC26XX_switchXOSC_HF)
                  0000b5cc    00000048     radio_api.o (.text.Radio_GetCurrentProtocol)
                  0000b614    00000048     ssd1306.o (.text.SSD1306_SendCommand)
                  0000b65c    00000048     drivers_cc26x2.a : TemperatureCC26X2.c.obj (.text.Temperature_registerNotifyRange)
                  0000b6a4    00000048     w5500.o (.text.W5500_init)
                  0000b6ec    00000048     rf_multiMode_cc26x2.a : rf_patch_cpe_ieee_802_15_4.c.cc26x2.ticlang.o (.text.rf_patch_cpe_ieee_802_15_4)
                  0000b734    00000048     ti_sysbios_config.o (.text.ti_sysbios_family_arm_m3_Hwi_init)
                  0000b77c    00000048     libclang_rt.builtins.a : fixdfsi.S.obj (.text)
                  0000b7c4    00000046     ti_sysbios_config.o (.text.ti_sysbios_knl_Semaphore_Instance_init)
                  0000b80a    00000046     ti_sysbios_config.o (.text.ti_sysbios_knl_Swi_construct)
                  0000b850    00000046     ti_sysbios_config.o (.text.ti_sysbios_knl_Task_processVitalTaskFlag)
                  0000b896    00000046     ti_sysbios_config.o (.text.ti_sysbios_knl_Task_unblockI)
                  0000b8dc    00000046     ti_sysbios_config.o (.text.ti_sysbios_runtime_SysMin_output)
                  0000b922    00000044     ti_sysbios_config.o (.text.BIOS_rtsLock)
                  0000b966    00000002     --HOLE-- [fill = 0]
                  0000b968    00000044     drivers_cc26x2.a : GPIOCC26X2.c.obj (.text.GPIO_hwiIntFxn)
                  0000b9ac    00000044     gui.o (.text.GUI_ChangeDeviceIp)
                  0000b9f0    00000044     gui.o (.text.GUI_ChangeTargetIp)
                  0000ba34    00000044     driverlib.lib : prcm.o (.text.NOROM_PRCMPowerDomainsAllOff)
                  0000ba78    00000044                   : prcm.o (.text.NOROM_PRCMPowerDomainsAllOn)
                  0000babc    00000044     rf_multiMode_cc26x2.a : RFCC26X2_multiMode.c.cc26x2.ticlang.o (.text.RF_cmdGet)
                  0000bb00    00000044                           : RFCC26X2_multiMode.c.cc26x2.ticlang.o (.text.RF_updatePowerupDuration)
                  0000bb44    00000044     drivers_cc26x2.a : SPI.c.obj (.text.SPI_init)
                  0000bb88    00000044     ti_sysbios_config.o (.text._pthread_cleanupFxn)
                  0000bbcc    00000044     drivers_cc26x2.a : TemperatureCC26X2.c.obj (.text.degreesToCode)
                  0000bc10    00000044                      : TemperatureCC26X2.c.obj (.text.setNextThresholds)
                  0000bc54    00000044     ti_sysbios_config.o (.text.ti_sysbios_knl_Task_restore)
                  0000bc98    00000044     libclang_rt.builtins.a : fixunsdfsi.S.obj (.text)
                  0000bcdc    00000044     restart.o (.text)
                  0000bd20    00000042     EthernetClient.o (.text.EthernetClient_write)
                  0000bd62    00000042     EthernetUdp.o (.text.EthernetUDP_read)
                  0000bda4    00000042     ssd1306.o (.text.SSD1306_UpdateScreen)
                  0000bde6    00000042     stv.o (.text.STV_WriteStringAtAddress)
                  0000be28    00000040     Ethernet.o (.text.Ethernet_begin_mac_ip_dns_gateway_subnet)
                  0000be68    00000040     main.o (.text.Main_CreateDashboardTask)
                  0000bea8    00000040     main.o (.text.Main_CreateInitTask)
                  0000bee8    00000040     main.o (.text.Main_CreateSniffingTask)
                  0000bf28    00000040     drivers_cc26x2.a : PowerCC26X2_calibrateRCOSC.c.obj (.text.PowerCC26X2_RCOSC_clockFunc)
                  0000bf68    00000040                      : PowerCC26X2_calibrateRCOSC_helpers.c.obj (.text.PowerCC26X2_setAclkRefSrc)
                  0000bfa8    00000040     rf_multiMode_cc26x2.a : RFCC26X2_multiMode.c.cc26x2.ticlang.o (.text.RF_updateHpOscOverride)
                  0000bfe8    00000040     drivers_cc26x2.a : SPI.c.obj (.text.SPI_open)
                  0000c028    00000040     ti_sysbios_config.o (.text.ti_sysbios_gates_GateMutex_enter)
                  0000c068    00000040     ti_sysbios_config.o (.text.ti_sysbios_knl_Semaphore_pendTimeout)
                  0000c0a8    00000040     ti_sysbios_config.o (.text.ti_sysbios_knl_Task_exit)
                  0000c0e8    0000003e     dashboard_task.o (.text.SendHtmlToClient)
                  0000c126    0000003e     w5500.o (.text.W5500_read)
                  0000c164    0000003e     w5500.o (.text.W5500_write)
                  0000c1a2    0000003e     ti_sysbios_config.o (.text.ti_sysbios_knl_Clock_getTicksUntilInterrupt)
                  0000c1e0    0000003c     ti_sysbios_config.o (.text.BIOS_atExitFunc)
                  0000c21c    0000003c     drivers_cc26x2.a : GPIO.c.obj (.text.GPIO_resetConfig)
                  0000c258    0000003c     driverlib.lib : sys_ctrl.o (.text.NOROM_SysCtrlIdle)
                  0000c294    0000003c     drivers_cc26x2.a : PowerCC26X2_calibrateRCOSC_helpers.c.obj (.text.PowerCC26X2_setTdcClkSrc24M)
                  0000c2d0    0000003c     radio_api.o (.text.Radio_openRadioCore)
                  0000c30c    0000003c     radio_api.o (.text.getFSCmdByProto)
                  0000c348    0000003c     radio_api.o (.text.getRFModeByProto)
                  0000c384    0000003c     radio_api.o (.text.getRSCmdByProto)
                  0000c3c0    0000003c     radio_api.o (.text.getRXCmdByProto)
                  0000c3fc    0000003c     ti_sysbios_config.o (.text.ti_sysbios_family_arm_m3_Hwi_setPriority)
                  0000c438    0000003c     ti_sysbios_config.o (.text.ti_sysbios_knl_Task_restoreHwi)
                  0000c474    0000003c     drivers_cc26x2.a : TemperatureCC26X2.c.obj (.text.updateThresholds)
                  0000c4b0    0000003c     Printfg.o (.text.write_string)
                  0000c4ec    0000003a     stv.o (.text.STV_CopyStvFromFlashIfNotYet)
                  0000c526    0000003a     ssd1306.o (.text.sendData)
                  0000c560    0000003a     ti_sysbios_config.o (.text.ti_sysbios_family_arm_m3_Hwi_clearInterrupt)
                  0000c59a    00000038     ti_drivers_config.o (.text.Board_wakeUpExtFlash)
                  0000c5d2    00000038     EthernetUdp.o (.text.EthernetUDP_stop)
                  0000c60a    00000002     --HOLE-- [fill = 0]
                  0000c60c    00000038     drivers_cc26x2.a : PowerCC26X2_helpers.c.obj (.text.PowerCC26X2_oscDisableQualifiers)
                  0000c644    00000038                      : UDMACC26XX.c.obj (.text.UDMACC26XX_close)
                  0000c67c    00000038     w5500.o (.text.W5500_readSnRX_RD)
                  0000c6b4    00000038     w5500.o (.text.W5500_readSnRX_RSR)
                  0000c6ec    00000038     w5500.o (.text.W5500_readSnTX_FSR)
                  0000c724    00000038     w5500.o (.text.W5500_readSnTX_WR)
                  0000c75c    00000038     socket.o (.text.listen)
                  0000c794    00000038     rf_multiMode_cc26x2.a : rf_patch_cpe_bt5.c.cc26x2.ticlang.o (.text.rf_patch_cpe_bt5)
                  0000c7cc    00000038     libc.a : sprintf.c.obj (.text.sprintf)
                  0000c804    00000038     ti_sysbios_config.o (.text.ti_sysbios_runtime_Startup_exec)
                  0000c83c    00000038     libc.a : autoinit.c.obj (.text:__TI_auto_init_nobinit_nopinit)
                  0000c874    00000038     libclang_rt.builtins.a : extendsfdf2.S.obj (.text)
                  0000c8ac    00000036     ti_sysbios_config.o (.text.BIOS_rtsUnlock)
                  0000c8e2    00000036     ti_sysbios_config.o (.text.SemaphoreP_pend)
                  0000c918    00000036     ti_sysbios_config.o (.text.ti_sysbios_knl_Swi_construct2)
                  0000c94e    00000034     html.o (.text.Html_strset)
                  0000c982    00000002     --HOLE-- [fill = 0]
                  0000c984    00000034     drivers_cc26x2.a : PowerCC26X2.c.obj (.text.Power_releaseConstraint)
                  0000c9b8    00000034     rf_multiMode_cc26x2.a : RFCC26X2_multiMode.c.cc26x2.ticlang.o (.text.RF_powerConstraintRelease)
                  0000c9ec    00000034                           : RFCC26X2_multiMode.c.cc26x2.ticlang.o (.text.RF_runDirectImmediateCmd)
                  0000ca20    00000034     w5500.o (.text.W5500_read_data)
                  0000ca54    00000034     w5500.o (.text.W5500_writeSn_buf)
                  0000ca88    00000034     libsysbm.a : trgmsg.c.obj (.text.__TI_writemsg)
                  0000cabc    00000034     ti_sysbios_config.o (.text.ti_sysbios_family_arm_cc26xx_Timer_getMaxTicks)
                  0000caf0    00000034     ti_sysbios_config.o (.text.ti_sysbios_knl_Queue_put)
                  0000cb24    00000034     ti_sysbios_config.o (.text.ti_sysbios_runtime_System_vprintf)
                  0000cb58    00000034     sysbios.a : boot_cortex_m.obj (.text:_c_int00)
                  0000cb8c    00000032     ti_drivers_config.o (.text.Board_init)
                  0000cbbe    00000032     EthernetUdp.o (.text.EthernetUDP_write)
                  0000cbf0    00000032     ti_sysbios_config.o (.text.ti_sysbios_knl_Semaphore_create)
                  0000cc22    00000030     EthernetClient.o (.text.EthernetClient_read)
                  0000cc52    00000002     --HOLE-- [fill = 0]
                  0000cc54    00000030     drivers_cc26x2.a : GPIOCC26XX.c.obj (.text.GPIO_setInterruptConfig)
                  0000cc84    00000030                      : PowerCC26X2.c.obj (.text.Power_setConstraint)
                  0000ccb4    00000030     rf_multiMode_cc26x2.a : RFCC26X2_multiMode.c.cc26x2.ticlang.o (.text.RF_checkCmdFsError)
                  0000cce4    00000030     radio_api.o (.text.Radio_HandleQueueOverflow)
                  0000cd14    00000030     w5500.o (.text.W5500_writeSn)
                  0000cd44    00000030     libsysbm.a : trgmsg.c.obj (.text.__TI_readmsg)
                  0000cd74    00000030     radio_queue.o (.text.get16bitValue)
                  0000cda4    00000030     drivers_cc26x2.a : PowerCC26X2.c.obj (.text.notify)
                  0000cdd4    00000030     ti_sysbios_config.o (.text.ti_sysbios_family_arm_m3_Hwi_plug)
                  0000ce04    00000030     ti_sysbios_config.o (.text.ti_sysbios_heaps_HeapMem_free)
                  0000ce34    00000030     ti_sysbios_config.o (.text.ti_sysbios_knl_Clock_construct)
                  0000ce64    00000030     ti_sysbios_config.o (.text.ti_sysbios_knl_Idle_run)
                  0000ce94    0000002e     EthernetClient.o (.text.EthernetClient_status)
                  0000cec2    0000002e     EthernetUdp.o (.text.EthernetUDP_beginPacket_ip)
                  0000cef0    0000002e     driverlib.lib : chipinfo.o (.text.NOROM_ThisLibraryIsFor_CC13x2_CC26x2_HwRev20AndLater_HaltIfViolated)
                  0000cf1e    0000002e     rf_multiMode_cc26x2.a : RFCC26X2_multiMode.c.cc26x2.ticlang.o (.text.RF_calculateDeltaTimeUs)
                  0000cf4c    0000002e     ti_sysbios_config.o (.text._pthread_delete)
                  0000cf7a    0000002e     ti_sysbios_config.o (.text.ti_sysbios_family_arm_m3_Hwi_initStack)
                  0000cfa8    0000002e     ti_sysbios_config.o (.text.ti_sysbios_gates_GateMutex_Instance_init)
                  0000cfd6    00000002     --HOLE-- [fill = 0]
                  0000cfd8    0000002e     libclang_rt.builtins.a : floatsidf.S.obj (.text)
                  0000d006    0000002c     ti_sysbios_config.o (.text.BIOS_registerRTSLock)
                  0000d032    0000002c     ti_sysbios_config.o (.text.BIOS_removeRTSLock)
                  0000d05e    00000002     --HOLE-- [fill = 0]
                  0000d060    0000002c     rf_multiMode_cc26x2.a : RFCC26X2_multiMode.c.cc26x2.ticlang.o (.text.RF_executeDirectImmediateCmd)
                  0000d08c    0000002c     drivers_cc26x2.a : TemperatureCC26X2.c.obj (.text.Temperature_unregisterNotify)
                  0000d0b8    0000002c     w5500.o (.text.W5500_execCmdSn)
                  0000d0e4    0000002c     w5500.o (.text.W5500_writeSnDPORT)
                  0000d110    0000002c     w5500.o (.text.W5500_writeSnPORT)
                  0000d13c    0000002c     w5500.o (.text.W5500_writeSnRX_RD)
                  0000d168    0000002c     w5500.o (.text.W5500_writeSnTX_WR)
                  0000d194    0000002c     ti_sysbios_config.o (.text.ti_sysbios_knl_Semaphore_construct)
                  0000d1c0    0000002c     ti_sysbios_config.o (.text.ti_sysbios_runtime_Memory_free)
                  0000d1ec    0000002a     IPAddress.o (.text.IPAddress_Init_str)
                  0000d216    0000002a     driverlib.lib : osc.o (.text.NOROM_OSCHF_TurnOnXosc)
                  0000d240    0000002a     radio_queue.o (.text.RadioQueue_init)
                  0000d26a    0000002a     drivers_cc26x2.a : SPICC26X2DMA.c.obj (.text.SPICC26X2DMA_swiFxn)
                  0000d294    0000002a     ti_sysbios_config.o (.text.SemaphoreP_constructBinary)
                  0000d2be    0000002a     ti_sysbios_config.o (.text.ti_sysbios_knl_Clock_initI)
                  0000d2e8    0000002a     ti_sysbios_config.o (.text.ti_sysbios_knl_Task_enter)
                  0000d312    00000028     EthernetClient.o (.text.EthernetClient_available)
                  0000d33a    00000028     drivers_cc26x2.a : I2C.c.obj (.text.I2C_cancel)
                  0000d362    00000028                      : List.c.obj (.text.List_remove)
                  0000d38a    00000002     --HOLE-- [fill = 0]
                  0000d38c    00000028                      : PowerCC26X2.c.obj (.text.PowerCC26XX_isStableXOSC_HF)
                  0000d3b4    00000028     rf_multiMode_cc26x2.a : RFCC26X2_multiMode.c.cc26x2.ticlang.o (.text.RF_cmdStoreEvents)
                  0000d3dc    00000028     w5500.o (.text.W5500_readSn)
                  0000d404    00000028     sysbios.a : Hwi_asm_gnu.obj (.text.ti_sysbios_family_arm_m3_Hwi_excHandlerAsm)
                  0000d42c    00000028     ti_sysbios_config.o (.text.ti_sysbios_gates_GateMutex_construct)
                  0000d454    00000028     ti_sysbios_config.o (.text.ti_sysbios_knl_Queue_enqueue)
                  0000d47c    00000028     ti_sysbios_config.o (.text.ti_sysbios_knl_Swi_or)
                  0000d4a4    00000028     sysbios.a : TaskSupport_asm_gnu.obj (.text.ti_sysbios_knl_TaskSupport_swap)
                  0000d4cc    00000028     ti_sysbios_config.o (.text.ti_sysbios_knl_Task_sleepTimeout)
                  0000d4f4    00000028     ti_sysbios_config.o (.text.ti_sysbios_runtime_System_init)
                  0000d51c    00000028     ti_sysbios_config.o (.text.ti_sysbios_runtime_System_printf)
                  0000d544    00000026     drivers_cc26x2.a : List.c.obj (.text.List_insert)
                  0000d56a    00000026                      : List.c.obj (.text.List_putHead)
                  0000d590    00000026     rf_multiMode_cc26x2.a : RFCC26X2_multiMode.c.cc26x2.ticlang.o (.text.RF_runCmd)
                  0000d5b6    00000026     drivers_cc26x2.a : SPICC26X2DMA.c.obj (.text.flushFifos)
                  0000d5dc    00000026     ti_sysbios_config.o (.text.ti_sysbios_family_arm_m3_Hwi_getHandle)
                  0000d602    00000026     ti_sysbios_config.o (.text.ti_sysbios_knl_Swi_destruct)
                  0000d628    00000026     ti_sysbios_config.o (.text.ti_sysbios_knl_Task_allBlockedFunction)
                  0000d64e    00000026     ti_sysbios_config.o (.text.ti_sysbios_knl_Task_delete)
                  0000d674    00000026     ti_sysbios_config.o (.text.ti_sysbios_knl_Task_destruct)
                  0000d69a    00000024     ti_sysbios_config.o (.text.HwiP_setFunc)
                  0000d6be    00000024     drivers_cc26x2.a : List.c.obj (.text.List_put)
                  0000d6e2    00000002     --HOLE-- [fill = 0]
                  0000d6e4    00000024                      : PowerCC26X2_helpers.c.obj (.text.PowerCC26X2_getOscHfSourceReady)
                  0000d708    00000024                      : PowerCC26X2_helpers.c.obj (.text.PowerCC26X2_setSubSecIncToXoscLf)
                  0000d72c    00000024                      : PowerCC26X2_calibrateRCOSC_helpers.c.obj (.text.PowerCC26X2_writeCtrim)
                  0000d750    00000024                      : PowerCC26X2_calibrateRCOSC_helpers.c.obj (.text.PowerCC26X2_writeCtrimFract)
                  0000d774    00000024                      : PowerCC26X2_calibrateRCOSC_helpers.c.obj (.text.PowerCC26X2_writeCtrimFractEn)
                  0000d798    00000024                      : PowerCC26X2_calibrateRCOSC_helpers.c.obj (.text.PowerCC26X2_writeRtrim)
                  0000d7bc    00000024                      : PowerCC26X2.c.obj (.text.Power_registerNotify)
                  0000d7e0    00000024     rf_multiMode_cc26x2.a : RFCC26X2_multiMode.c.cc26x2.ticlang.o (.text.RF_clkPowerUp)
                  0000d804    00000024                           : RFCC26X2_multiMode.c.cc26x2.ticlang.o (.text.RF_hwiCpe0ChangePhy)
                  0000d828    00000024                           : RFCC26X2_multiMode.c.cc26x2.ticlang.o (.text.RF_isStateTransitionAllowed)
                  0000d84c    00000024                           : RFCC26X2_multiMode.c.cc26x2.ticlang.o (.text.RF_searchAndReplacePAOverride)
                  0000d870    00000024     ssd1306.o (.text.SSD1306_SetPosition)
                  0000d894    00000024     drivers_cc26x2.a : SPICC26X2DMA.c.obj (.text.releaseConstraint)
                  0000d8b8    00000024     ti_sysbios_config.o (.text.ti_sysbios_family_arm_cc26xx_Timer_Params_init)
                  0000d8dc    00000024     ti_sysbios_config.o (.text.ti_sysbios_knl_Task_Params_init)
                  0000d900    00000022     ti_sysbios_config.o (.text.BIOS_setThreadType)
                  0000d922    00000022     drivers_cc26x2.a : List.c.obj (.text.List_get)
                  0000d944    00000022     w5500.o (.text.W5500_send_data_processing)
                  0000d966    00000022     libc.a : memcmp.c.obj (.text.memcmp)
                  0000d988    00000022     socket.o (.text.sendUDP)
                  0000d9aa    00000022     ti_sysbios_config.o (.text.ti_sysbios_gates_GateMutex_leave)
                  0000d9cc    00000022     ti_sysbios_config.o (.text.ti_sysbios_heaps_HeapMem_restore)
                  0000d9ee    00000022     ti_sysbios_config.o (.text.ti_sysbios_knl_Clock_getTicks)
                  0000da10    00000022     ti_sysbios_config.o (.text.ti_sysbios_knl_Clock_scheduleNextTick)
                  0000da32    00000022     ti_sysbios_config.o (.text.ti_sysbios_knl_Queue_dequeue)
                  0000da54    00000022     ti_sysbios_config.o (.text.ti_sysbios_knl_Semaphore_destruct)
                  0000da76    00000020     Dhcp.o (.text.DHCP_reset_DHCP_lease)
                  0000da96    00000020     EthernetUdp.o (.text.EthernetUDP_write_byte)
                  0000dab6    00000002     --HOLE-- [fill = 0]
                  0000dab8    00000020     rf_multiMode_cc26x2.a : rfc.c.cc26x2.ticlang.o (.text.NOROM_RFCDoorbellSendTo)
                  0000dad8    00000020                           : rfc.c.cc26x2.ticlang.o (.text.NOROM_RFCOverrideSearch)
                  0000daf8    00000020     drivers_cc26x2.a : PowerCC26X2_helpers.c.obj (.text.PowerCC26X2_disableTCXOQual)
                  0000db18    00000020                      : PowerCC26X2_helpers.c.obj (.text.PowerCC26X2_enableTCXOQual)
                  0000db38    00000020     ti_sysbios_config.o (.text.PowerCC26XX_schedulerDisable)
                  0000db58    00000020     ti_sysbios_config.o (.text.PowerCC26XX_schedulerRestore)
                  0000db78    00000020     drivers_cc26x2.a : PowerCC26X2.c.obj (.text.Power_unregisterNotify)
                  0000db98    00000020     rf_multiMode_cc26x2.a : RFCC26X2_multiMode.c.cc26x2.ticlang.o (.text.RF_cmdAlloc)
                  0000dbb8    00000020                           : RFCC26X2_multiMode.c.cc26x2.ticlang.o (.text.RF_invokeGlobalCallback)
                  0000dbd8    00000020                           : RFCC26X2_multiMode.c.cc26x2.ticlang.o (.text.RF_ratIsRunning)
                  0000dbf8    00000020     socket.o (.text.close)
                  0000dc18    00000020     ti_sysbios_config.o (.text.ti_sysbios_family_arm_cc26xx_Timer_postInit)
                  0000dc38    00000020     ti_sysbios_config.o (.text.ti_sysbios_family_arm_m3_Hwi_excHandler)
                  0000dc58    00000020     ti_sysbios_config.o (.text.ti_sysbios_family_arm_m3_Hwi_post)
                  0000dc78    00000020     ti_sysbios_config.o (.text.ti_sysbios_knl_ClockSupport_getCurrentTick)
                  0000dc98    00000020     libclang_rt.builtins.a : floatunsidf.S.obj (.text)
                  0000dcb8    0000001e     ti_sysbios_config.o (.text.SwiP_Params_init)
                  0000dcd6    0000001e     w5500.o (.text.W5500_writeSnCR)
                  0000dcf4    0000001e     w5500.o (.text.W5500_writeSnIR)
                  0000dd12    0000001e     w5500.o (.text.W5500_writeSnMR)
                  0000dd30    0000001e     libc.a : memccpy.c.obj (.text.memccpy)
                  0000dd4e    0000001e     sysbios.a : Hwi_asm_switch_gnu.obj (.text.ti_sysbios_family_arm_m3_Hwi_switchAndRunFunc)
                  0000dd6c    0000001e     ti_sysbios_config.o (.text.ti_sysbios_family_arm_m3_Hwi_switchFromBootStack)
                  0000dd8a    0000001e     ti_sysbios_config.o (.text.ti_sysbios_knl_Task_unblock)
                  0000dda8    0000001e     Printfg.o (.text.write_byte)
                  0000ddc6    0000001c     EthernetClient.o (.text.EthernetClient_begin)
                  0000dde2    0000001c     EthernetClient.o (.text.EthernetClient_print)
                  0000ddfe    0000001c     EthernetUdp.o (.text.EthernetUDP_flush)
                  0000de1a    00000002     --HOLE-- [fill = 0]
                  0000de1c    0000001c     drivers_cc26x2.a : GPIO.c.obj (.text.GPIO_setCallback)
                  0000de38    0000001c                      : GPIOCC26XX.c.obj (.text.GPIO_setMux)
                  0000de54    0000001c     ti_sysbios_config.o (.text.HwiP_Params_init)
                  0000de70    0000001c     drivers_cc26x2.a : PowerCC26X2.c.obj (.text.Power_getTransitionLatency)
                  0000de8c    0000001c     rf_multiMode_cc26x2.a : RFCC26X2_multiMode.c.cc26x2.ticlang.o (.text.RF_clkInactivityCallback)
                  0000dea8    0000001c                           : RFCC26X2_multiMode.c.cc26x2.ticlang.o (.text.RF_getPAOverrideOffsetAndValue)
                  0000dec4    0000001c                           : RFCC26X2_multiMode.c.cc26x2.ticlang.o (.text.RF_powerConstraintSet)
                  0000dee0    0000001c                           : RFCC26X2_multiMode.c.cc26x2.ticlang.o (.text.RF_swiFsm)
                  0000defc    0000001c     w5500.o (.text.W5500_writeSnDIPR)
                  0000df18    0000001c     drivers_cc26x2.a : TemperatureCC26X2.c.obj (.text.setTempLowerLimit)
                  0000df34    0000001c                      : TemperatureCC26X2.c.obj (.text.setTempUpperLimit)
                  0000df50    0000001c     ti_sysbios_config.o (.text.ti_sysbios_family_arm_cc26xx_Timer_dynamicStub)
                  0000df6c    0000001c     ti_sysbios_config.o (.text.ti_sysbios_family_arm_m3_Hwi_Params_init)
                  0000df88    0000001c     ti_sysbios_config.o (.text.ti_sysbios_knl_Clock_enqueueI)
                  0000dfa4    0000001c     ti_sysbios_config.o (.text.ti_sysbios_knl_Clock_start)
                  0000dfc0    0000001c     ti_sysbios_config.o (.text.ti_sysbios_knl_Queue_remove)
                  0000dfdc    0000001c     ti_sysbios_config.o (.text.ti_sysbios_knl_Swi_Params_init)
                  0000dff8    0000001c     ti_sysbios_config.o (.text.ti_sysbios_knl_Swi_disable)
                  0000e014    0000001c     ti_sysbios_config.o (.text.ti_sysbios_knl_Task_disable)
                  0000e030    0000001a     ti_sysbios_config.o (.text.BIOS_exitFunc)
                  0000e04a    0000001a     ti_sysbios_config.o (.text.BIOS_getCpuFreq)
                  0000e064    0000001a     drivers_cc26x2.a : I2CCC26XX.c.obj (.text.I2CCC26XX_completeTransfer)
                  0000e07e    0000001a     ti_sysbios_config.o (.text.ti_sysbios_knl_Semaphore_Instance_finalize)
                  0000e098    00000018     ti_sysbios_config.o (.text.BIOS_exit)
                  0000e0b0    00000018     Dhcp.o (.text.DHCP_getDnsServerIp)
                  0000e0c8    00000018     Dhcp.o (.text.DHCP_getGatewayIp)
                  0000e0e0    00000018     Dhcp.o (.text.DHCP_getLocalIp)
                  0000e0f8    00000018     Dhcp.o (.text.DHCP_getSubnetMask)
                  0000e110    00000018     drivers_cc26x2.a : GPIOCC26XX.c.obj (.text.GPIO_disableInt)
                  0000e128    00000018                      : PowerCC26X2.c.obj (.text.PowerCC26XX_calibrate)
                  0000e140    00000018                      : PowerCC26X2.c.obj (.text.Power_idleFunc)
                  0000e158    00000018     rf_multiMode_cc26x2.a : RFCC26X2_multiMode.c.cc26x2.ticlang.o (.text.RF_restartClockTimeout)
                  0000e170    00000018     stv.o (.text.STV_WriteAtAddress)
                  0000e188    00000018     libc.a : sprintf.c.obj (.text._outs)
                  0000e1a0    00000018     Printfg.o (.text.print)
                  0000e1b8    00000018     ti_sysbios_config.o (.text.ti_sysbios_family_arm_cc26xx_Timer_getCount64)
                  0000e1d0    00000018     ti_sysbios_config.o (.text.ti_sysbios_family_arm_m3_Hwi_setFunc)
                  0000e1e8    00000018     ti_sysbios_config.o (.text.ti_sysbios_knl_ClockSupport_setNextTick)
                  0000e200    00000018     sysbios.a : TaskSupport_asm_gnu.obj (.text.ti_sysbios_knl_TaskSupport_glue)
                  0000e218    00000016     ti_sysbios_config.o (.text.ClockP_Params_init)
                  0000e22e    00000016     drivers_cc26x2.a : List.c.obj (.text.List_clearList)
                  0000e244    00000016     radio_queue.o (.text.RadioQueue_hasPacket)
                  0000e25a    00000016     radio_queue.o (.text.RadioQueue_nextEntry)
                  0000e270    00000016     w5500.o (.text.W5500_readGAR)
                  0000e286    00000016     w5500.o (.text.W5500_readSIPR)
                  0000e29c    00000016     w5500.o (.text.W5500_readSUBR)
                  0000e2b2    00000016     w5500.o (.text.W5500_readSnCR)
                  0000e2c8    00000016     w5500.o (.text.W5500_readSnIR)
                  0000e2de    00000016     w5500.o (.text.W5500_readSnSR)
                  0000e2f4    00000016     w5500.o (.text.W5500_writeGAR)
                  0000e30a    00000016     w5500.o (.text.W5500_writeSHAR)
                  0000e320    00000016     w5500.o (.text.W5500_writeSIPR)
                  0000e336    00000016     w5500.o (.text.W5500_writeSUBR)
                  0000e34c    00000016     ArduinoCompatibility.o (.text.delay)
                  0000e362    00000016     socket.o (.text.disconnect)
                  0000e378    00000016     ti_sysbios_config.o (.text.ti_sysbios_family_arm_m3_Hwi_enable)
                  0000e38e    00000016     ti_sysbios_config.o (.text.ti_sysbios_knl_Intrinsics_maxbit)
                  0000e3a4    00000016     ti_sysbios_config.o (.text.ti_sysbios_knl_Queue_construct)
                  0000e3ba    00000016     ti_sysbios_config.o (.text.ti_sysbios_knl_Queue_empty)
                  0000e3d0    00000016     ti_sysbios_config.o (.text.ti_sysbios_runtime_SystemSupport_init)
                  0000e3e6    00000016     ti_sysbios_config.o (.text.ti_sysbios_runtime_System_exit)
                  0000e3fc    00000014     ti_sysbios_config.o (.text.ClockP_setTimeout)
                  0000e410    00000014     drivers_cc26x2.a : GPIOCC26XX.c.obj (.text.GPIO_read)
                  0000e424    00000014                      : GPIO.c.obj (.text.GPIO_setUserArg)
                  0000e438    00000014                      : I2CCC26XX.c.obj (.text.I2CCC26XX_postNotify)
                  0000e44c    00000014                      : SPICC26X2DMA.c.obj (.text.OUTLINED_FUNCTION_0)
                  0000e460    00000014     rf_multiMode_cc26x2.a : RFCC26X2_multiMode.c.cc26x2.ticlang.o (.text.RF_dbellSyncOnAck)
                  0000e474    00000014     ti_sysbios_config.o (.text.SwiP_or)
                  0000e488    00000014     drivers_cc26x2.a : TemperatureCC26X2.c.obj (.text.Temperature_getTemperature)
                  0000e49c    00000014     libc.a : args_main.c.obj (.text._args_main)
                  0000e4b0    00000014     ti_sysbios_config.o (.text.ti_sysbios_family_arm_cc26xx_TimestampProvider_init)
                  0000e4c4    00000014     ti_sysbios_config.o (.text.ti_sysbios_family_arm_m3_Hwi_disable)
                  0000e4d8    00000014     ti_sysbios_config.o (.text.ti_sysbios_knl_Swi_Instance_finalize)
                  0000e4ec    00000014     ti_sysbios_config.o (.text.ti_sysbios_runtime_System_printf_va)
                  0000e500    00000014     libclang_rt.builtins.a : aeabi_ldivmod.S.obj (.text)
                  0000e514    00000014                            : aeabi_memset.S.obj (.text)
                  0000e528    00000014                            : aeabi_uldivmod.S.obj (.text)
                  0000e53c    00000012     EthernetUdp.o (.text.EthernetUDP_endPacket)
                  0000e54e    00000012     drivers_cc26x2.a : I2C.c.obj (.text.I2C_transfer)
                  0000e560    00000012     ti_sysbios_config.o (.text.ti_sysbios_family_arm_m3_Hwi_destruct)
                  0000e572    00000012     ti_sysbios_config.o (.text.ti_sysbios_family_arm_m3_Hwi_doSwiRestore)
                  0000e584    00000012     ti_sysbios_config.o (.text.ti_sysbios_family_arm_m3_Hwi_doTaskRestore)
                  0000e596    00000012     ti_sysbios_config.o (.text.ti_sysbios_heaps_HeapMem_Params_init)
                  0000e5a8    00000012     ti_sysbios_config.o (.text.ti_sysbios_heaps_HeapMem_init)
                  0000e5ba    00000012     ti_sysbios_config.o (.text.ti_sysbios_knl_Clock_Params_init)
                  0000e5cc    00000012     ti_sysbios_config.o (.text.ti_sysbios_knl_Clock_tick)
                  0000e5de    00000012     ti_sysbios_config.o (.text.ti_sysbios_knl_Queue_Instance_init)
                  0000e5f0    00000012     ti_sysbios_config.o (.text.ti_sysbios_knl_Semaphore_Params_init)
                  0000e602    00000012     libc.a : memcpy_t2.S.obj (.text:TI_memcpy_small)
                  0000e614    00000010     ti_sysbios_config.o (.text.BIOS_start)
                  0000e624    00000010     ti_sysbios_config.o (.text.ClockP_getCpuFreq)
                  0000e634    00000010     ti_sysbios_config.o (.text.ClockP_getTimeout)
                  0000e644    00000010     ti_sysbios_config.o (.text.ClockP_isActive)
                  0000e654    00000010     ti_sysbios_config.o (.text.ClockP_start)
                  0000e664    00000010     ti_sysbios_config.o (.text.ClockP_stop)
                  0000e674    00000010     Ethernet.o (.text.Ethernet_gatewayIP)
                  0000e684    00000010     Ethernet.o (.text.Ethernet_localIP)
                  0000e694    00000010     Ethernet.o (.text.Ethernet_subnetMask)
                  0000e6a4    00000010     drivers_cc26x2.a : GPIO.c.obj (.text.GPIO_getUserArg)
                  0000e6b4    00000010                      : GPIOCC26XX.c.obj (.text.GPIO_write)
                  0000e6c4    00000010     ti_sysbios_config.o (.text.HwiP_clearInterrupt)
                  0000e6d4    00000010     ti_sysbios_config.o (.text.HwiP_destruct)
                  0000e6e4    00000010     ti_sysbios_config.o (.text.HwiP_disable)
                  0000e6f4    00000010     ti_sysbios_config.o (.text.HwiP_disableInterrupt)
                  0000e704    00000010     ti_sysbios_config.o (.text.HwiP_enableInterrupt)
                  0000e714    00000010     ti_sysbios_config.o (.text.HwiP_post)
                  0000e724    00000010     ti_sysbios_config.o (.text.HwiP_restore)
                  0000e734    00000010     rf_multiMode_cc26x2.a : rfc.c.cc26x2.ticlang.o (.text.NOROM_RFCCpeIntGetAndClear)
                  0000e744    00000010                           : rfc.c.cc26x2.ticlang.o (.text.NOROM_RFCHwIntGetAndClear)
                  0000e754    00000010     drivers_cc26x2.a : PowerCC26X2_helpers.c.obj (.text.PowerCC26X2_oscCtlClearXtal)
                  0000e764    00000010                      : PowerCC26X2_helpers.c.obj (.text.PowerCC26X2_prcmEnableCacheRetention)
                  0000e774    00000010                      : PowerCC26X2_calibrateRCOSC_helpers.c.obj (.text.PowerCC26X2_readCtrim)
                  0000e784    00000010                      : PowerCC26X2_calibrateRCOSC_helpers.c.obj (.text.PowerCC26X2_readCtrimFract)
                  0000e794    00000010                      : PowerCC26X2_calibrateRCOSC_helpers.c.obj (.text.PowerCC26X2_readRtrim)
                  0000e7a4    00000010                      : PowerCC26X2_helpers.c.obj (.text.PowerCC26X2_switchToTCXO)
                  0000e7b4    00000010                      : PowerCC26X2.c.obj (.text.Power_getDependencyCount)
                  0000e7c4    00000010     ti_sysbios_config.o (.text.SemaphoreP_destruct)
                  0000e7d4    00000010     ti_sysbios_config.o (.text.SemaphoreP_post)
                  0000e7e4    00000010     ti_sysbios_config.o (.text.SwiP_destruct)
                  0000e7f4    00000010     ti_sysbios_config.o (.text.SwiP_disable)
                  0000e804    00000010     ti_sysbios_config.o (.text.SwiP_getTrigger)
                  0000e814    00000010     ti_sysbios_config.o (.text.SwiP_post)
                  0000e824    00000010     ti_sysbios_config.o (.text.SwiP_restore)
                  0000e834    00000010     ti_sysbios_config.o (.text.SysCtrlAonUpdate)
                  0000e844    00000010     w5500.o (.text.W5500_getGatewayIp)
                  0000e854    00000010     w5500.o (.text.W5500_getIPAddress)
                  0000e864    00000010     w5500.o (.text.W5500_getSubnetMask)
                  0000e874    00000010     w5500.o (.text.W5500_setGatewayIp)
                  0000e884    00000010     w5500.o (.text.W5500_setIPAddress)
                  0000e894    00000010     w5500.o (.text.W5500_setMACAddress)
                  0000e8a4    00000010     w5500.o (.text.W5500_setSubnetMask)
                  0000e8b4    00000010     ti_sysbios_config.o (.text.ti_sysbios_family_arm_cc26xx_Timer_setPeriod)
                  0000e8c4    00000010     ti_sysbios_config.o (.text.ti_sysbios_knl_ClockSupport_getMaxTicks)
                  0000e8d4    00000010     ti_sysbios_config.o (.text.ti_sysbios_knl_Clock_isActive)
                  0000e8e4    00000010     ti_sysbios_config.o (.text.ti_sysbios_knl_Clock_removeI)
                  0000e8f4    00000010     ti_sysbios_config.o (.text.ti_sysbios_knl_Clock_setTimeout)
                  0000e904    00000010     ti_sysbios_config.o (.text.ti_sysbios_knl_Idle_loop)
                  0000e914    00000010     ti_sysbios_config.o (.text.ti_sysbios_knl_Queue_destruct)
                  0000e924    00000010     ti_sysbios_config.o (.text.ti_sysbios_knl_Queue_elemClear)
                  0000e934    00000010     ti_sysbios_config.o (.text.ti_sysbios_knl_Swi_enabled)
                  0000e944    00000010     ti_sysbios_config.o (.text.ti_sysbios_runtime_Types_argToFloat)
                  0000e954    00000010     libc.a : copy_zero_init.c.obj (.text:decompress:ZI)
                  0000e964    0000000e     ti_sysbios_config.o (.text.BIOS_linkedWithIncorrectBootLibrary)
                  0000e972    0000000e     EthernetUdp.o (.text.EthernetUDP_begin_init)
                  0000e980    0000000e     ti_sysbios_config.o (.text.IntMasterDisable)
                  0000e98e    0000000e     ti_sysbios_config.o (.text.IntMasterEnable)
                  0000e99c    0000000e     drivers_cc26x2.a : PowerCC26X2.c.obj (.text.OUTLINED_FUNCTION_0)
                  0000e9aa    0000000e     rf_multiMode_cc26x2.a : RFCC26X2_multiMode.c.cc26x2.ticlang.o (.text.OUTLINED_FUNCTION_0)
                  0000e9b8    0000000e                           : RFCC26X2_multiMode.c.cc26x2.ticlang.o (.text.OUTLINED_FUNCTION_3)
                  0000e9c6    0000000e     libc.a : strcpy.c.obj (.text.strcpy)
                  0000e9d4    0000000e            : _printfi.c.obj (.text.strlen)
                  0000e9e2    0000000e            : strlen.c.obj (.text.strlen)
                  0000e9f0    0000000e     drivers_cc26x2.a : PowerCC26X2.c.obj (.text.switchToTCXO)
                  0000e9fe    0000000e     ti_sysbios_config.o (.text.ti_sysbios_family_arm_m3_Hwi_restore)
                  0000ea0c    0000000e     ti_sysbios_config.o (.text.ti_sysbios_heaps_HeapMem_isBlocking)
                  0000ea1a    0000000e     ti_sysbios_config.o (.text.ti_sysbios_knl_Clock_stop)
                  0000ea28    0000000e     ti_sysbios_config.o (.text.ti_sysbios_runtime_SystemSupport_exit)
                  0000ea36    0000000e     libc.a : memset_t2.S.obj (.text:TI_memset_small)
                  0000ea44    0000000e            : copy_decompress_none.c.obj (.text:decompress:none)
                  0000ea52    0000000c     ti_sysbios_config.o (.text.AONRTCCurrentCompareValueGet)
                  0000ea5e    0000000c     ti_sysbios_config.o (.text.BIOS_getThreadType)
                  0000ea6a    0000000c     ti_sysbios_config.o (.text.ClockP_getSystemTickPeriod)
[...]
0000e585  ti_sysbios_family_arm_m3_Hwi_doTaskRestore                         
0000e597  ti_sysbios_heaps_HeapMem_Params_init                               
0000e5a9  ti_sysbios_heaps_HeapMem_init                                      
0000e5bb  ti_sysbios_knl_Clock_Params_init                                   
0000e5cd  ti_sysbios_knl_Clock_tick                                          
0000e5df  ti_sysbios_knl_Queue_Instance_init                                 
0000e5f1  ti_sysbios_knl_Semaphore_Params_init                               
0000e603  TI_memcpy_small                                                    
0000e615  BIOS_start                                                         
0000e625  ClockP_getCpuFreq                                                  
0000e635  ClockP_getTimeout                                                  
0000e645  ClockP_isActive                                                    
0000e655  ClockP_start                                                       
0000e665  ClockP_stop                                                        
0000e675  Ethernet_gatewayIP                                                 
0000e685  Ethernet_localIP                                                   
0000e695  Ethernet_subnetMask                                                
0000e6a5  GPIO_getUserArg                                                    
0000e6b5  GPIO_write                                                         
0000e6c5  HwiP_clearInterrupt                                                
0000e6d5  HwiP_destruct                                                      
0000e6e5  HwiP_disable                                                       
0000e6f5  HwiP_disableInterrupt                                              
0000e705  HwiP_enableInterrupt                                               
0000e715  HwiP_post                                                          
0000e725  HwiP_restore                                                       
0000e735  NOROM_RFCCpeIntGetAndClear                                         
0000e745  NOROM_RFCHwIntGetAndClear                                          
0000e755  PowerCC26X2_oscCtlClearXtal                                        
0000e765  PowerCC26X2_prcmEnableCacheRetention                               
0000e775  PowerCC26X2_readCtrim                                              
0000e785  PowerCC26X2_readCtrimFract                                         
0000e795  PowerCC26X2_readRtrim                                              
0000e7a5  PowerCC26X2_switchToTCXO                                           
0000e7b5  Power_getDependencyCount                                           
0000e7c5  SemaphoreP_destruct                                                
0000e7d5  SemaphoreP_post                                                    
0000e7e5  SwiP_destruct                                                      
0000e7f5  SwiP_disable                                                       
0000e805  SwiP_getTrigger                                                    
0000e815  SwiP_post                                                          
0000e825  SwiP_restore                                                       
0000e845  W5500_getGatewayIp                                                 
0000e855  W5500_getIPAddress                                                 
0000e865  W5500_getSubnetMask                                                
0000e875  W5500_setGatewayIp                                                 
0000e885  W5500_setIPAddress                                                 
0000e895  W5500_setMACAddress                                                
0000e8a5  W5500_setSubnetMask                                                
0000e8b5  ti_sysbios_family_arm_cc26xx_Timer_setPeriod                       
0000e8c5  ti_sysbios_knl_ClockSupport_getMaxTicks                            
0000e8d5  ti_sysbios_knl_Clock_isActive                                      
0000e8e5  ti_sysbios_knl_Clock_removeI                                       
0000e8f5  ti_sysbios_knl_Clock_setTimeout                                    
0000e905  ti_sysbios_knl_Idle_loop                                           
0000e915  ti_sysbios_knl_Queue_destruct                                      
0000e925  ti_sysbios_knl_Queue_elemClear                                     
0000e935  ti_sysbios_knl_Swi_enabled                                         
0000e955  __TI_zero_init                                                     
0000e965  BIOS_linkedWithIncorrectBootLibrary                                
0000e973  EthernetUDP_begin_init                                             
0000e9c7  strcpy                                                             
0000e9e3  strlen                                                             
0000ea0d  ti_sysbios_heaps_HeapMem_isBlocking                                
0000ea1b  ti_sysbios_knl_Clock_stop                                          
0000ea29  ti_sysbios_runtime_SystemSupport_exit                              
0000ea37  TI_memset_small                                                    
0000ea45  __TI_decompress_none                                               
0000ea5f  BIOS_getThreadType                                                 
0000ea6b  ClockP_getSystemTickPeriod                                         
0000ea77  EthernetUDP_available                                              
0000ea83  EthernetUDP_rawIPAddress                                           
0000ea8f  EthernetUDP_remotePort                                             
0000ea9b  I2C_Params_init                                                    
0000eaa7  NOROM_CPUcpsid                                                     
0000eab3  NOROM_CPUcpsie                                                     
0000eacd  PowerCC26X2_oscClockSourceGet                                      
0000ead9  PowerCC26X2_setPeriphDeepSleepEnable                               
0000eae5  PowerCC26X2_sysCtrlGetResetSource                                  
0000eaf1  PowerCC26X2_sysCtrlVoltageConditionalControl                       
0000eafd  Power_getConstraintMask                                            
0000eb09  RF_Params_init                                                     
0000eb15  SPI_Params_init                                                    
0000eb21  STV_ReadFromAddress                                                
0000eb2d  _register_lock                                                     
0000eb39  _register_unlock                                                   
0000eb45  resetSS                                                            
0000eb51  setSS                                                              
0000eb69  ti_sysbios_knl_Queue_head                                          
0000eb75  ti_sysbios_knl_Queue_next                                          
0000eb81  ti_sysbios_knl_Queue_prev                                          
0000eb8d  ti_sysbios_knl_Swi_getTrigger                                      
0000eb99  ti_sysbios_knl_Swi_postInit                                        
0000eba5  ti_sysbios_knl_Swi_self                                            
0000ebb1  ti_sysbios_knl_Task_self                                           
0000ebdb  PowerCC26X2_sysCtrlStandby                                         
0000ebe5  RadioQueue_getDQpointer                                            
0000ebef  SPICC26X2DMA_init                                                  
0000ebf9  UDMACC26XX_hwiIntFxn                                               
0000ec35  ti_sysbios_knl_Swi_startup                                         
0000ec3f  ti_sysbios_runtime_Error_check                                     
0000ec5d  Boot_trimDevice                                                    
0000ec65  DHCP_presend_DHCP                                                  
0000ec75  I2CSupport_masterFinish                                            
0000ec7d  NOROM_CPUdelay                                                     
0000ec95  PowerCC26X2_oschfTrySwitchToXosc                                   
0000ec9d  ResetISR                                                           
0000eca5  __aeabi_errno_addr                                                 
0000ecad  _system_post_cinit                                                 
0000ecb5  _system_pre_init                                                   
0000ecc5  ti_sysbios_family_arm_m3_Hwi_startup                               
0000eccd  ti_sysbios_runtime_Startup_reset                                   
0000ecd5  ti_sysbios_runtime_System_exitSpin                                 
0000ece9  SPI_transfer                                                       
0000ecef  random                                                             
0000ecf5  NOROM_RFCOverrideUpdate                                            
0000ecfd  PowerCC26X2_oschfSwitchToRcosc                                     
0000ed01  PowerCC26X2_sysCtrlIdle                                            
0000ed05  PowerCC26X2_turnOnXosc                                             
0000ed09  RF_defaultExecutionPolicy                                          
0000ed15  ti_sysbios_gates_GateMutex_canBlock                                
0000ed19  ti_sysbios_knl_TaskSupport_getStackAlignment                       
0000ed1d  ti_sysbios_runtime_Memory_getMaxDefaultTypeAlign                   
0000ed21  ti_sysbios_runtime_SystemSupport_ready                             
0000ed25  __aeabi_memcpy                                                     
0000ed25  __aeabi_memcpy4                                                    
0000ed25  __aeabi_memcpy8                                                    
0000f317  GPIO_pinLowerBound                                                 
00010162  GPIO_pinUpperBound                                                 
00010163  I2C_count                                                          
00010164  ti_sysbios_family_arm_m3_Hwi_swiTaskKeyAddress                     
000102fc  resourceDB                                                         
00010350  spiCC26X2DMAHWAttrs                                                
000103d6  SPI_count                                                          
000103d7  TemperatureCC26X2_config                                           
000103d8  SPI_defaultParams                                                  
000103f8  SSD1306_InitSequence                                               
00010454  SPICC26X2DMA_fxnTable                                              
0001049c  i2cCC26xxHWAttrs                                                   
000104e1  ti_sysbios_knl_Clock_tickMode                                      
000104e2  ti_sysbios_knl_Task_checkStackFlag                                 
000104e3  ti_sysbios_knl_Task_initStackFlag                                  
000104e4  PowerCC26X2_config                                                 
0001050c  GPIO_config                                                        
0001052c  RFCC26XX_hwAttrs                                                   
00010538  SPI_config                                                         
00010570  I2C_config                                                         
00010578  UDMACC26XX_config                                                  
00010588  ti_sysbios_knl_Idle_funcList                                       
00010590  udmaCC26XXHWAttrs                                                  
000105a4  ti_sysbios_knl_Clock_tickPeriod                                    
000105a8  ti_sysbios_knl_Swi_numPriorities                                   
000105ac  __c_args__                                                         
0001078c  __TI_Handler_Table_Base                                            
00010798  __TI_Handler_Table_Limit                                           
000107c0  __TI_CINIT_Base                                                    
000107f0  __TI_CINIT_Limit                                                   
000107f0  __TI_CINIT_Warm                                                    
0004ffa8  __ccfg                                                             
20000000  __start___llvm_prf_bits                                            
20000000  __start___llvm_prf_cnts                                            
20000000  __stop___llvm_prf_bits                                             
20000000  __stop___llvm_prf_cnts                                             
20000000  ti_sysbios_family_arm_m3_Hwi_ramVectors                            
200000d8  PowerCC26X2_module                                                 
2000024c  gpioPinConfigs                                                     
20000330  ti_sysbios_knl_Clock_Module_state                                  
20000454  ble_pOverridesCommon                                               
200004a8  RFCMD_ieeeRX                                                       
200004e8  ti_sysbios_family_arm_m3_Hwi_Module_state                          
20000524  ti_sysbios_knl_Task_Module_state                                   
20000560  BIOS_Module_state                                                  
2000058c  ti_sysbios_knl_Swi_Module_state                                    
200005b4  RFCMD_bleRadioSetup                                                
200005d8  RFCMD_bleGenericRX                                                 
200005f8  ble_pOverrides2Mbps                                                
20000614  RFCMD_bleFrequencySynthesizer                                      
2000062c  RFCMD_ieeeFrequencySynthesizer                                     
20000644  RFCMD_ieeeRadioSetup                                               
2000065c  ble_pOverrides1Mbps                                                
20000674  RFCMD_bleGenericRXPar                                              
20000688  ble_pOverridesCoded                                                
2000069c  Ethernet_server_port                                               
200006ac  RFCMD_bleModeObject                                                
200006bc  RFCMD_ieeeModeObject                                               
200006cc  _hposcCoeffs                                                       
200006dc  ieee_pOverrides                                                    
200006ec  ti_sysbios_runtime_SysMin_Module_state                             
200006fc  ti_sysbios_family_arm_cc26xx_Timer_Module_state                    
20000708  ti_sysbios_runtime_Error_ignore                                    
20000714  ti_sysbios_runtime_System_Module_state                             
20000728  RFCC26XX_schedulerPolicy                                           
20000738  ti_sysbios_gates_GateMutex_Module_state                            
20000740  ti_sysbios_heaps_HeapMem_Module_state                              
20000748  ti_sysbios_knl_Semaphore_Module_state                              
20000754  EthernetClientPrintMethods                                         
20000758  EthernetUDPPrintMethods                                            
20000760  __aeabi_errno                                                      
20000764  _lock                                                              
20000768  _unlock                                                            
20000770  ti_sysbios_runtime_Memory_defaultHeapInstance                      
20000779  ti_sysbios_knl_Idle_initDone                                       
2000077a  ti_sysbios_runtime_Startup_done                                    
20001a50  __primary_heap_start__                                             
20005a50  __primary_heap_end__                                               
20007690  ti_sysbios_knl_Idle_taskStack                                      
20007a90  ti_sysbios_runtime_SysMin_outbuf                                   
2000830c  i2cCC26xxObjects                                                   
2000844c  _CIOBUF_                                                           
2000844c  __CIOBUF_                                                          
2000856c  spiCC26X2DMAObjects                                                
2000866c  ti_sysbios_family_arm_m3_Hwi_dispatchTable                         
20008744  gpioCallbackFunctions                                              
200087c0  gpioUserArgs                                                       
200088a8  ti_sysbios_knl_ClockSupport_timerStruct                            
20008908  ti_sysbios_knl_Idle_taskStruct                                     
20008a24  ti_sysbios_knl_Swi_readyQs                                         
20008a54  ti_sysbios_knl_Task_readyQs                                        
20008a84  BIOS_heapMemObject                                                 
20008ab0  BIOS_rtsGate                                                       
20008ad8  ti_sysbios_heaps_HeapMem_gate                                      
20008b00  dashboardTaskParams                                                
20008b24  initTaskParams                                                     
20008b48  sniffingTaskParams                                                 
20008b6c  Ethernet                                                           
20008b8c  ti_sysbios_runtime_System_atexitHandlers                           
20008bac  udmaCC26XXObject                                                   
20008c04  ti_sysbios_hal_Seconds_Module_state                                
20008c28  ethernetUdp                                                        
20008c38  ieeeStats                                                          
20008c48  Dashboard_SemaphoreParams                                          
20008c54  Init_SemaphoreParams                                               
20008c60  bleStats                                                           
20008c7c  parmbuf                                                            
20008c9c  Dashboard_SemaphoreHandle                                          
20008ca0  Init_SemaphoreHandle                                               
20008ca4  PowerCC26XX_swiKey                                                 
20008ca8  PowerCC26XX_taskKey                                                
20008cac  dashboardTaskHandle                                                
20008cb0  initTaskHandle                                                     
20008cb4  sniffingTaskHandle                                                 
20008cb8  spi                                                                
20008cbc  ti_sysbios_family_arm_cc26xx_TimestampProvider_Module_state        
20008cc0  ti_sysbios_knl_Task_defaultStackHeap                               
20008cc4  _counter                                                           
20008cc6  ethernetServer                                                     
20011a00  __stack                                                            
20012000  __STACK_END                                                        
ffffffff  __TI_pprof_out_hndl                                                
ffffffff  __TI_prof_data_size                                                
ffffffff  __TI_prof_data_start                                               
ffffffff  __binit__                                                          
ffffffff  binit                                                              
UNDEFED   ITM_flush                                                          
UNDEFED   ITM_restore                                                        
UNDEFED   __mpu_init                                                         

[746 symbols]
