******************************************************************************
            TI ARM Clang Linker PC v2.1.2                      
******************************************************************************
>> Linked Sun Apr 28 17:05:00 2024

OUTPUT FILE NAME:   <multiSniff_LP_CC2652RB_tirtos7_ticlang2.out>
ENTRY POINT SYMBOL: "ResetISR"  address: 0000f2d1


MEMORY CONFIGURATION

         name            origin    length      used     unused   attr    fill
----------------------  --------  ---------  --------  --------  ----  --------
  FLASH                 00000000   00050000  00010f8c  0003f074  R  X
  STV_R                 00050000   00000020  00000000  00000020  R   
  HTML                  00051000   00003000  00000000  00003000  R   
  GPRAM                 11000000   00002000  00000000  00002000  RW X
  SRAM                  20000000   00012000  0000815c  00009ea4  RW X
  MTU_BUFFER            20012000   00001500  00000000  00001500  RW  
  STV_W                 20013500   00000020  00000000  00000020   W  
  LOG_DATA              90000000   00040000  00000000  00040000  R   


SEGMENT ALLOCATION MAP

run origin  load origin   length   init length attrs members
----------  ----------- ---------- ----------- ----- -------
00000000    00000000    0000f368   0000f368    r-x
  00000000    00000000    0000003c   0000003c    r-- .resetVecs
  00000040    00000040    0000f328   0000f328    r-x .text
0000f368    0000f368    00000008   00000008    rw-
  0000f368    0000f368    00000008   00000008    rw- .args
0000f370    0000f370    00001bc8   00001bc8    r--
  0000f370    0000f370    00001988   00001988    r-- .rodata
  00010cf8    00010cf8    00000240   00000240    r-- .cinit
0004ffa8    0004ffa8    00000058   00000058    r--
  0004ffa8    0004ffa8    00000058   00000058    r-- .ccfg
200000d8    200000d8    000006a3   00000000    rw-
  200000d8    200000d8    000006a3   00000000    rw- .data
20001830    20001830    00000010   00000000    rw-
  20001830    20001830    00000010   00000000    rw- .TI.bound:dmaSpi0RxControlTableEntry
20001840    20001840    00000010   00000000    rw-
  20001840    20001840    00000010   00000000    rw- .TI.bound:dmaSpi0TxControlTableEntry
20001a30    20001a30    00000010   00000000    rw-
  20001a30    20001a30    00000010   00000000    rw- .TI.bound:dmaSpi0RxAltControlTableEntry
20001a40    20001a40    00000010   00000000    rw-
  20001a40    20001a40    00000010   00000000    rw- .TI.bound:dmaSpi0TxAltControlTableEntry
20001a50    20001a50    00004000   00000000    r--
  20001a50    20001a50    00004000   00000000    r-- .priheap
20005a50    20005a50    000033a1   00000000    rw-
  20005a50    20005a50    000033a1   00000000    rw- .bss
20011a00    20011a00    00000600   00000000    rw-
  20011a00    20011a00    00000600   00000000    rw- .stack


SECTION ALLOCATION MAP

 output                                  attributes/
section   page    origin      length       input sections
--------  ----  ----------  ----------   ----------------
.binit     0    00000000    00000000     

.cinit     0    00010cf8    00000240     
                  00010cf8    000001dc     (.cinit..data.load) [load image, compression = lzss]
                  00010ed4    0000000c     (__TI_handler_table)
                  00010ee0    00000008     (.cinit..TI.bound:dmaSpi0RxAltControlTableEntry.load) [load image, compression = zero_init]
                  00010ee8    00000008     (.cinit..TI.bound:dmaSpi0RxControlTableEntry.load) [load image, compression = zero_init]
                  00010ef0    00000008     (.cinit..TI.bound:dmaSpi0TxAltControlTableEntry.load) [load image, compression = zero_init]
                  00010ef8    00000008     (.cinit..TI.bound:dmaSpi0TxControlTableEntry.load) [load image, compression = zero_init]
                  00010f00    00000008     (.cinit..bss.load) [load image, compression = zero_init]
                  00010f08    00000030     (__TI_cinit_table)

.init_array 
*          0    00000000    00000000     UNINITIALIZED

.ccfg      0    0004ffa8    00000058     
                  0004ffa8    00000058     ti_devices_config.o (.ccfg)

.data      0    200000d8    000006a3     UNINITIALIZED
                  200000d8    00000174     drivers_cc26x2.a : PowerCC26X2.c.obj (.data.PowerCC26X2_module)
                  2000024c    0000007c     ti_drivers_config.o (.data.gpioPinConfigs)
                  200002c8    00000068     rf_multiMode_cc26x2.a : RFCC26X2_multiMode.c.cc26x2.ticlang.o (.data..L_MergedGlobals.1)
                  20000330    00000068     ti_sysbios_config.o (.data.ti_sysbios_knl_Clock_Module_state)
                  20000398    00000064     rf_multiMode_cc26x2.a : RFCC26X2_multiMode.c.cc26x2.ticlang.o (.data..L_MergedGlobals.3)
                  200003fc    00000058                           : RFCC26X2_multiMode.c.cc26x2.ticlang.o (.data..L_MergedGlobals.2)
                  20000454    00000054     ti_radio_config.o (.data.ble_pOverridesCommon)
                  200004a8    00000040     ti_radio_config.o (.data.RFCMD_ieeeRX)
                  200004e8    0000003c     ti_sysbios_config.o (.data.ti_sysbios_family_arm_m3_Hwi_Module_state)
                  20000524    0000003c     ti_sysbios_config.o (.data.ti_sysbios_knl_Task_Module_state)
                  20000560    0000002c     ti_sysbios_config.o (.data.BIOS_Module_state)
                  2000058c    00000028     ti_sysbios_config.o (.data.ti_sysbios_knl_Swi_Module_state)
                  200005b4    00000024     ti_radio_config.o (.data.RFCMD_bleRadioSetup)
                  200005d8    00000020     ti_radio_config.o (.data.RFCMD_bleGenericRX)
                  200005f8    0000001c     ti_radio_config.o (.data.ble_pOverrides2Mbps)
                  20000614    00000018     ti_radio_config.o (.data.RFCMD_bleFrequencySynthesizer)
                  2000062c    00000018     ti_radio_config.o (.data.RFCMD_ieeeFrequencySynthesizer)
                  20000644    00000018     ti_radio_config.o (.data.RFCMD_ieeeRadioSetup)
                  2000065c    00000018     ti_radio_config.o (.data.ble_pOverrides1Mbps)
                  20000674    00000014     ti_radio_config.o (.data.RFCMD_bleGenericRXPar)
                  20000688    00000014     ti_radio_config.o (.data.ble_pOverridesCoded)
                  2000069c    00000010     Ethernet.o (.data.Ethernet_server_port)
                  200006ac    00000010     ti_radio_config.o (.data.RFCMD_bleModeObject)
                  200006bc    00000010     ti_radio_config.o (.data.RFCMD_ieeeModeObject)
                  200006cc    00000010     driverlib.lib : osc.o (.data._hposcCoeffs)
                  200006dc    00000010     ti_radio_config.o (.data.ieee_pOverrides)
                  200006ec    00000010     ti_sysbios_config.o (.data.ti_sysbios_runtime_SysMin_Module_state)
                  200006fc    0000000c     ti_sysbios_config.o (.data.ti_sysbios_family_arm_cc26xx_Timer_Module_state)
                  20000708    0000000c     ti_sysbios_config.o (.data.ti_sysbios_runtime_Error_ignore)
                  20000714    0000000c     ti_sysbios_config.o (.data.ti_sysbios_runtime_System_Module_state)
                  20000720    00000008     rf_multiMode_cc26x2.a : RFCC26X2_multiMode.c.cc26x2.ticlang.o (.data..L_MergedGlobals)
                  20000728    00000008                           : RFCC26X2_multiMode.c.cc26x2.ticlang.o (.data.RFCC26XX_schedulerPolicy)
                  20000730    00000008     ti_sysbios_config.o (.data.prefixStrings)
                  20000738    00000008     ti_sysbios_config.o (.data.ti_sysbios_gates_GateMutex_Module_state)
                  20000740    00000008     ti_sysbios_config.o (.data.ti_sysbios_heaps_HeapMem_Module_state)
                  20000748    00000008     ti_sysbios_config.o (.data.ti_sysbios_knl_Semaphore_Module_state)
                  20000750    00000004     drivers_cc26x2.a : TemperatureCC26X2.c.obj (.data..L_MergedGlobals)
                  20000754    00000004     EthernetClient.o (.data.EthernetClientPrintMethods)
                  20000758    00000004     EthernetUdp.o (.data.EthernetUDPPrintMethods)
                  2000075c    00000004     rf_multiMode_cc26x2.a : RFCC26X2_multiMode.c.cc26x2.ticlang.o (.data.RF_fsmActiveState.lfClockSourceLast)
                  20000760    00000004     libc.a : aeabi_portable.c.obj (.data.__aeabi_errno)
                  20000764    00000004            : _lock.c.obj (.data._lock)
                  20000768    00000004            : _lock.c.obj (.data._unlock)
                  2000076c    00000004     ti_sysbios_config.o (.data.terminatedList)
                  20000770    00000004     ti_sysbios_config.o (.data.ti_sysbios_runtime_Memory_defaultHeapInstance)
                  20000774    00000001     rf_multiMode_cc26x2.a : rf_patch_cpe_bt5.c.cc26x2.ticlang.o (.data.bBt5PatchEntered)
                  20000775    00000001                           : rf_patch_cpe_ieee_802_15_4.c.cc26x2.ticlang.o (.data.bIeee802154PatchEntered)
                  20000776    00000001     drivers_cc26x2.a : GPIOCC26X2.c.obj (.data.initCalled)
                  20000777    00000001                      : SPI.c.obj (.data.isInitialized)
                  20000778    00000001                      : TemperatureCC26X2.c.obj (.data.isInitialized)
                  20000779    00000001     ti_sysbios_config.o (.data.ti_sysbios_knl_Idle_initDone)
                  2000077a    00000001     ti_sysbios_config.o (.data.ti_sysbios_runtime_Startup_done)

.bss       0    20005a50    000033a1     UNINITIALIZED
                  20005a50    0000183c     radio_queue.o (.bss.RadioQueue_RXbuffer)
                  2000728c    00000401     ssd1306.o (.bss.SSD1306_LcdBufferInclStreamByte)
                  2000768d    00000002     ssd1306.o (.bss.SSD1306_SendCommand.buffer)
                  2000768f    00000001     dashboard_task.o (.bss.Dashboard_Main.readDestination)
                  20007690    00000400     (.common:ti_sysbios_knl_Idle_taskStack)
                  20007a90    00000400     (.common:ti_sysbios_runtime_SysMin_outbuf)
                  20007e90    000002c0     rf_multiMode_cc26x2.a : RFCC26X2_multiMode.c.cc26x2.ticlang.o (.bss.RF_cmdPool)
                  20008150    000001ba     html.o (.bss.valueBuffer)
                  2000830a    00000002     socket.o (.bss.local_port)
                  2000830c    00000140     (.common:i2cCC26xxObjects)
                  2000844c    00000120     libsysbm.a : trgmsg.c.obj (.bss:_CIOBUF_)
                  2000856c    00000004     radio_queue.o (.bss.RadioQueue_ReadEntry)
                  20008570    00000100     (.common:rfObject)
                  20008670    00000100     (.common:spiCC26X2DMAObjects)
                  20008770    000000d8     (.common:ti_sysbios_family_arm_m3_Hwi_dispatchTable)
                  20008848    0000007c     (.common:gpioCallbackFunctions)
                  200088c4    0000007c     (.common:gpioUserArgs)
                  20008940    00000068     rf_multiMode_cc26x2.a : RFCC26X2_multiMode.c.cc26x2.ticlang.o (.bss.RF_ratModule)
                  200089a8    00000060     (.common:ti_sysbios_knl_ClockSupport_timerStruct)
                  20008a08    00000058     (.common:ti_sysbios_knl_Idle_taskStruct)
                  20008a60    00000044                           : RFCC26X2_multiMode.c.cc26x2.ticlang.o (.bss.RF_clkInactivityObj)
                  20008aa4    00000044                           : RFCC26X2_multiMode.c.cc26x2.ticlang.o (.bss.RF_clkPowerUpObj)
                  20008ae8    0000003c                           : RFCC26X2_multiMode.c.cc26x2.ticlang.o (.bss.RF_swiHwObj)
                  20008b24    00000030     (.common:ti_sysbios_knl_Swi_readyQs)
                  20008b54    00000030     (.common:ti_sysbios_knl_Task_readyQs)
                  20008b84    0000002c     (.common:BIOS_heapMemObject)
                  20008bb0    00000028     (.common:BIOS_rtsGate)
                  20008bd8    00000028     (.common:ti_sysbios_heaps_HeapMem_gate)
                  20008c00    00000024     (.common:dashboardTaskParams)
                  20008c24    00000024     (.common:initTaskParams)
                  20008c48    00000024     (.common:sniffingTaskParams)
                  20008c6c    00000020     (.common:Ethernet)
                  20008c8c    00000020     (.common:rfParams)
                  20008cac    00000020     (.common:ti_sysbios_runtime_System_atexitHandlers)
                  20008ccc    00000020     (.common:udmaCC26XXObject)
                  20008cec    0000001c     drivers_cc26x2.a : TemperatureCC26X2.c.obj (.bss.batmonHwi)
                  20008d08    0000001c                      : GPIOCC26X2.c.obj (.bss.gpioHwi)
                  20008d24    00000014     (.common:ti_sysbios_hal_Seconds_Module_state)
                  20008d38    00000010     ssd1306.o (.bss._i2cParams)
                  20008d48    00000010     (.common:ethernetUdp)
                  20008d58    00000010     (.common:ieeeStats)
                  20008d68    0000000c     (.common:Dashboard_SemaphoreParams)
                  20008d74    0000000c     (.common:Init_SemaphoreParams)
                  20008d80    0000000c     (.common:bleStats)
                  20008d8c    00000008     radio_queue.o (.bss.RadioQueue_object)
                  20008d94    00000008     drivers_cc26x2.a : TemperatureCC26X2.c.obj (.bss.notificationList)
                  20008d9c    00000008     (.common:parmbuf)
                  20008da4    00000004     dashboard_task.o (.bss.StrTok.p)
                  20008da8    00000004     ssd1306.o (.bss._i2c)
                  20008dac    00000004     driverlib.lib : osc.o (.bss.oscHfGlobals.0)
                  20008db0    00000004                   : osc.o (.bss.oscHfGlobals.2)
                  20008db4    00000004                   : osc.o (.bss.oscHfGlobals.3)
                  20008db8    00000004                   : osc.o (.bss.oscHfGlobals.4)
                  20008dbc    00000004     (.common:Dashboard_SemaphoreHandle)
                  20008dc0    00000004     (.common:Init_SemaphoreHandle)
                  20008dc4    00000004     (.common:PowerCC26XX_swiKey)
                  20008dc8    00000004     (.common:PowerCC26XX_taskKey)
                  20008dcc    00000004     (.common:dashboardTaskHandle)
                  20008dd0    00000004     (.common:initTaskHandle)
                  20008dd4    00000004     (.common:rfHandle)
                  20008dd8    00000004     (.common:sniffingTaskHandle)
                  20008ddc    00000004     (.common:spi)
                  20008de0    00000004     (.common:ti_sysbios_family_arm_cc26xx_TimestampProvider_Module_state)
                  20008de4    00000004     (.common:ti_sysbios_knl_Task_defaultStackHeap)
                  20008de8    00000002     radio_proc.o (.bss.nRxBufFull)
                  20008dea    00000002     (.common:_counter)
                  20008dec    00000002     (.common:ethernetServer)
                  20008dee    00000002     (.common:rfCmdHandle)
                  20008df0    00000001     (.common:CurrentRfProtocol)

.stack     0    20011a00    00000600     UNINITIALIZED
                  20011a00    00000004     sysbios.a : boot_cortex_m.obj (.stack)
                  20011a04    000005fc     --HOLE--

.priheap   0    20001a50    00004000     UNINITIALIZED
                  20001a50    00004000     --HOLE--

.log_data 
*          0    90000000    00000000     COPY SECTION

.resetVecs 
*          0    00000000    0000003c     
                  00000000    0000003c     ti_sysbios_config.o (.resetVecs)

.vecs      0    20000000    000000d8     NOLOAD SECTION
                  20000000    000000d8     ti_sysbios_config.o (.vecs)

.text      0    00000040    0000f328     
                  00000040    000005f0     ti_sysbios_config.o (.text.ti_sysbios_runtime_System_doPrint)
                  00000630    000005ea     driverlib.lib : osc.o (.text.findHposcCoefficients)
                  00000c1a    00000002     ti_sysbios_config.o (.text.BIOS_nullFunc)
                  00000c1c    00000498     rf_multiMode_cc26x2.a : RFCC26X2_multiMode.c.cc26x2.ticlang.o (.text.RF_fsmActiveState)
                  000010b4    00000372     Dhcp.o (.text.DHCP_parseDHCPResponse)
                  00001426    00000002     ti_drivers_config.o (.text.Board_initHook)
                  00001428    000002f8     log.o (.text.Log_print)
                  00001720    000002c8     drivers_cc26x2.a : SPICC26X2DMA.c.obj (.text.SPICC26X2DMA_transfer)
                  000019e8    0000029c     rf_multiMode_cc26x2.a : RFCC26X2_multiMode.c.cc26x2.ticlang.o (.text.RF_open)
                  00001c84    00000268     libc.a : _printfi.c.obj (.text:__TI_printfi_minimal)
                  00001eec    0000025c     Dhcp.o (.text.DHCP_send_DHCP_MESSAGE)
                  00002148    00000236     Dhcp.o (.text.DHCP_request_DHCP_lease)
                  0000237e    00000002     drivers_cc26x2.a : I2C.c.obj (.text.I2C_init)
                  00002380    00000200     ti_sysbios_config.o (.text.ti_sysbios_runtime_System_printfExtend)
                  00002580    000001fa     ti_sysbios_config.o (.text.ti_sysbios_family_arm_m3_Hwi_excFillContext)
                  0000277a    00000002     rf_multiMode_cc26x2.a : rfc.c.cc26x2.ticlang.o (.text.NOROM_RFCCpePatchReset)
                  0000277c    000001dc                           : RFCC26X2_multiMode.c.cc26x2.ticlang.o (.text.RF_dispatchNextCmd)
                  00002958    000001d8     dashboard_task.o (.text.UpdateDashboardInfo)
                  00002b30    000001ce     dashboard_task.o (.text.SetStatusProperty)
                  00002cfe    00000002     rf_multiMode_cc26x2.a : RFCC26X2_multiMode.c.cc26x2.ticlang.o (.text.RF_defaultCallback)
                  00002d00    000001b6     libclang_rt.builtins.a : adddf3.S.obj (.text)
                  00002eb6    000001b2     init_task.o (.text.Init_Main)
                  00003068    000001ae     drivers_cc26x2.a : SPICC26X2DMA.c.obj (.text.SPICC26X2DMA_hwiFxn)
                  00003216    000001aa     ti_sysbios_config.o (.text.ti_sysbios_knl_TaskSupport_buildTaskStack)
                  000033c0    0000019a     ssd1306.o (.text.SSD1306_DrawLine)
                  0000355a    00000198     ti_sysbios_config.o (.text.ti_sysbios_family_arm_cc26xx_Timer_construct)
                  000036f2    00000002     libclang_rt.builtins.a : aeabi_div0.c.obj (.text.__aeabi_ldiv0)
                  000036f4    00000194     drivers_cc26x2.a : PowerCC26X2_calibrateRCOSC.c.obj (.text.PowerCC26X2_auxISR)
                  00003888    0000018e     ti_sysbios_config.o (.text.ti_sysbios_knl_Task_Instance_init)
                  00003a16    00000002     libc.a : _lock.c.obj (.text._nop)
                  00003a18    00000188     drivers_cc26x2.a : SPICC26X2DMA.c.obj (.text.SPICC26X2DMA_open)
                  00003ba0    00000184     radio_proc.o (.text.initCmdObjects)
                  00003d24    00000160     drivers_cc26x2.a : SPICC26X2DMA.c.obj (.text.configNextTransfer)
                  00003e84    00000158                      : PowerCC26X2.c.obj (.text.Power_sleep)
                  00003fdc    0000014e     radio_proc.o (.text.Radio_SetUpAndBeginRx)
                  0000412a    00000002     drivers_cc26x2.a : PowerCC26X2.c.obj (.text.emptyClockFunc)
                  0000412c    00000148     rf_multiMode_cc26x2.a : RFCC26X2_multiMode.c.cc26x2.ticlang.o (.text.RF_radioOpDoneCb)
                  00004274    00000140     sniffing_task.o (.text.Sniffing_Main)
                  000043b4    0000013e     ti_sysbios_config.o (.text.PowerCC26XX_standbyPolicy)
                  000044f2    0000013e     ti_sysbios_config.o (.text.ti_sysbios_heaps_HeapMem_allocUnprotected)
                  00004630    0000013c     drivers_cc26x2.a : I2CCC26XX.c.obj (.text.I2C_open)
                  0000476c    0000013c     ti_sysbios_config.o (.text.ti_sysbios_knl_Clock_workFuncDynamic)
                  000048a8    00000136     IPAddress.o (.text.IPAddress_toString)
                  000049de    00000002     ti_sysbios_config.o (.text.ti_sysbios_family_arm_cc26xx_Timer_startup)
                  000049e0    00000136     libclang_rt.builtins.a : divdf3.S.obj (.text)
                  00004b16    00000002     ti_sysbios_config.o (.text.ti_sysbios_knl_TaskSupport_init)
                  00004b18    00000134     driverlib.lib : osc.o (.text.findHposcPc)
                  00004c4c    00000130     Dhcp.o (.text.DHCP_checkLease)
                  00004d7c    0000012c     rf_multiMode_cc26x2.a : RFCC26X2_multiMode.c.cc26x2.ticlang.o (.text.RF_close)
                  00004ea8    0000012c                           : RFCC26X2_multiMode.c.cc26x2.ticlang.o (.text.RF_fsmSetupState)
                  00004fd4    00000126     drivers_cc26x2.a : I2C.c.obj (.text.I2C_transferTimeout)
                  000050fa    00000002     --HOLE-- [fill = 0]
                  000050fc    00000124     rf_multiMode_cc26x2.a : RFCC26X2_multiMode.c.cc26x2.ticlang.o (.text.RF_abortCmd)
                  00005220    00000122     drivers_cc26x2.a : SPICC26X2DMA.c.obj (.text.SPICC26X2DMA_transferCancel)
                  00005342    00000002     --HOLE-- [fill = 0]
                  00005344    0000011c     sysbios.a : Hwi_asm_gnu.obj (.text.ti_sysbios_family_arm_m3_Hwi_dispatch)
                  00005460    00000118     drivers_cc26x2.a : PowerCC26X2.c.obj (.text.Power_init)
                  00005578    00000118     rf_multiMode_cc26x2.a : RFCC26X2_multiMode.c.cc26x2.ticlang.o (.text.RF_decodeOverridePointers)
                  00005690    00000118     ssd1306.o (.text.SSD1306_DrawChar)
                  000057a8    0000010e     ti_sysbios_config.o (.text.ti_sysbios_knl_Semaphore_pend)
                  000058b6    00000002     --HOLE-- [fill = 0]
                  000058b8    0000010c     drivers_cc26x2.a : PowerCC26X2_calibrateRCOSC.c.obj (.text.PowerCC26X2_calibrate)
                  000059c4    0000010a     ti_sysbios_config.o (.text.ti_sysbios_knl_Task_Instance_finalize)
                  00005ace    00000002     --HOLE-- [fill = 0]
                  00005ad0    00000108     rf_multiMode_cc26x2.a : RFCC26X2_multiMode.c.cc26x2.ticlang.o (.text.RF_fsmPowerUpState)
                  00005bd8    00000104     drivers_cc26x2.a : GPIOCC26X2.c.obj (.text.GPIO_init)
                  00005cdc    00000102     dashboard_task.o (.text.Dashboard_Main)
                  00005dde    000000fe     ti_sysbios_config.o (.text.ti_sysbios_family_arm_m3_Hwi_Instance_init)
                  00005edc    000000fc     rf_multiMode_cc26x2.a : RFCC26X2_multiMode.c.cc26x2.ticlang.o (.text.RF_hwiCpe0Active)
                  00005fd8    000000fc     libclang_rt.builtins.a : muldf3.S.obj (.text)
                  000060d4    000000f4     driverlib.lib : sys_ctrl.o (.text.NOROM_SysCtrlStandby)
                  000061c8    000000f4     dashboard_task.o (.text.StrTok)
                  000062bc    000000f2     radio_queue.o (.text.RadioQueue_create)
                  000063ae    000000ee     ti_sysbios_config.o (.text.ti_sysbios_knl_Clock_startI)
                  0000649c    000000e8     drivers_cc26x2.a : I2CCC26XX.c.obj (.text.I2CCC26XX_hwiFxn)
                  00006584    000000e8     socket.o (.text.send)
                  0000666c    000000e4     driverlib.lib : setup.o (.text.NOROM_SetupTrimDevice)
                  00006750    000000e4     ti_sysbios_config.o (.text.ti_sysbios_family_arm_m3_Hwi_initNVIC)
                  00006834    000000da     ti_sysbios_config.o (.text.ti_sysbios_heaps_HeapMem_freeUnprotected)
                  0000690e    00000002     --HOLE-- [fill = 0]
                  00006910    000000d8     drivers_cc26x2.a : SPICC26X2DMA.c.obj (.text.SPICC26X2DMA_control)
                  000069e8    000000d0                      : PowerCC26X2.c.obj (.text.configureXOSCHF)
                  00006ab8    000000cc     rf_multiMode_cc26x2.a : RFCC26X2_multiMode.c.cc26x2.ticlang.o (.text.RF_postCmd)
                  00006b84    000000ca                           : RFCC26X2_multiMode.c.cc26x2.ticlang.o (.text.RF_updatePaConfiguration)
                  00006c4e    000000c8     IPAddress.o (.text.IPAddress_fromString)
                  00006d16    000000c4     driverlib.lib : setup.o (.text.TrimAfterColdResetWakeupFromShutDown)
                  00006dda    000000c0     radio_proc.o (.text.Radio_CallbackFunction)
                  00006e9a    000000c0     ti_sysbios_config.o (.text.ti_sysbios_knl_Clock_walkQueueDynamic)
                  00006f5a    000000c0     ti_sysbios_config.o (.text.ti_sysbios_knl_Swi_restoreHwi)
                  0000701a    000000c0     ti_sysbios_config.o (.text.ti_sysbios_runtime_System_formatNum)
                  000070da    00000002     --HOLE-- [fill = 0]
                  000070dc    000000bc     rf_multiMode_cc26x2.a : RFCC26X2_multiMode.c.cc26x2.ticlang.o (.text.RF_swiHw)
                  00007198    000000bc     ti_sysbios_config.o (.text.ti_sysbios_knl_Task_postInit)
                  00007254    000000b8     ti_sysbios_config.o (.text.ti_sysbios_knl_Swi_Instance_init)
                  0000730c    000000b6     driverlib.lib : osc.o (.text.NOROM_OSC_HPOSCInitializeFrequencyOffsetParameters)
                  000073c2    000000b4                   : osc.o (.text.NOROM_OSCHF_AttemptToSwitchToXosc)
                  00007476    00000002     --HOLE-- [fill = 0]
                  00007478    000000b4     drivers_cc26x2.a : PowerCC26X2.c.obj (.text.Power_releaseDependency)
                  0000752c    000000b4     socket.o (.text.socket)
                  000075e0    000000b2     html.o (.text.Html_CopyHtmlToMtuBuffer)
                  00007692    000000b0     dashboard_task.o (.text.HandleRestApi)
                  00007742    00000002     --HOLE-- [fill = 0]
                  00007744    000000b0     drivers_cc26x2.a : PowerCC26X2.c.obj (.text.Power_setDependency)
                  000077f4    000000b0     libclang_rt.builtins.a : udivmoddi4.S.obj (.text)
                  000078a4    000000ac     rf_multiMode_cc26x2.a : RFCC26X2_multiMode.c.cc26x2.ticlang.o (.text.RF_pendCmd)
                  00007950    000000a8     drivers_cc26x2.a : TemperatureCC26X2.c.obj (.text.temperatureHwiFxn)
                  000079f8    000000a6     socket.o (.text.recv)
                  00007a9e    00000002     --HOLE-- [fill = 0]
                  00007aa0    000000a4     rf_multiMode_cc26x2.a : RFCC26X2_multiMode.c.cc26x2.ticlang.o (.text.RF_initRadioSetup)
                  00007b44    000000a2     ti_sysbios_config.o (.text.ti_sysbios_knl_TaskSupport_start)
                  00007be6    000000a0     drivers_cc26x2.a : I2CCC26XX.c.obj (.text.I2CCC26XX_swiFxn)
                  00007c86    00000002     --HOLE-- [fill = 0]
                  00007c88    000000a0     rf_multiMode_cc26x2.a : RFCC26X2_multiMode.c.cc26x2.ticlang.o (.text.RF_calculateDispatchTime)
                  00007d28    0000009c     gui.o (.text.GUI_ChangeRx)
                  00007dc4    0000009c     ssd1306.o (.text.SSD1306_Init)
                  00007e60    0000009a     Ethernet.o (.text.Ethernet_begin_mac)
                  00007efa    0000009a     ti_sysbios_config.o (.text.ti_sysbios_knl_Task_schedule)
                  00007f94    00000098     rf_multiMode_cc26x2.a : RFCC26X2_multiMode.c.cc26x2.ticlang.o (.text.RF_defaultSubmitPolicy)
                  0000802c    00000098     ti_sysbios_config.o (.text.ti_sysbios_hal_Seconds_getTime)
                  000080c4    00000096     EthernetUdp.o (.text.EthernetUDP_begin)
                  0000815a    00000096     rf_multiMode_cc26x2.a : RFCC26X2_multiMode.c.cc26x2.ticlang.o (.text.RF_verifyGap)
                  000081f0    00000094     Ethernet.o (.text.Ethernet_maintain)
                  00008284    00000094     rf_multiMode_cc26x2.a : RFCC26X2_multiMode.c.cc26x2.ticlang.o (.text.RF_hposcRfCompensateFxn)
                  00008318    00000094                           : RFCC26X2_multiMode.c.cc26x2.ticlang.o (.text.RF_ratRestartChannels)
                  000083ac    00000094     ti_sysbios_config.o (.text.ti_sysbios_heaps_HeapMem_Instance_init)
                  00008440    00000090     ti_sysbios_config.o (.text.ti_sysbios_knl_Task_sleep)
                  000084d0    0000008e     gui.o (.text.GUI_Init)
                  0000855e    0000008e     ssd1306.o (.text.SSD1306_DrawPixel)
                  000085ec    0000008e     ti_sysbios_config.o (.text.ti_sysbios_family_arm_m3_Hwi_excHandlerMin)
                  0000867a    0000008e     ti_sysbios_config.o (.text.ti_sysbios_knl_Swi_runLoop)
                  00008708    0000008c     drivers_cc26x2.a : GPIOCC26XX.c.obj (.text.GPIO_setConfig)
                  00008794    0000008c     ti_sysbios_config.o (.text.ti_sysbios_family_arm_m3_Hwi_construct2)
                  00008820    0000008a     EthernetClient.o (.text.EthernetClient_stop)
                  000088aa    0000008a     EthernetServer.o (.text.EthernetServer_accept)
                  00008934    0000008a     EthernetServer.o (.text.EthernetServer_available)
                  000089be    0000008a     ti_sysbios_config.o (.text.ti_sysbios_knl_Semaphore_post)
                  00008a48    00000088     rf_multiMode_cc26x2.a : RFCC26X2_multiMode.c.cc26x2.ticlang.o (.text.RF_cmdDispatchTime)
                  00008ad0    00000088                           : RFCC26X2_multiMode.c.cc26x2.ticlang.o (.text.RF_discardPendCmd)
                  00008b58    00000088     ti_sysbios_config.o (.text.ti_sysbios_family_arm_m3_Hwi_postInit)
                  00008be0    00000086     ti_sysbios_config.o (.text.ti_sysbios_runtime_Memory_alloc)
                  00008c66    00000084     EthernetUdp.o (.text.EthernetUDP_parsePacket)
                  00008cea    00000082     EthernetClient.o (.text.EthernetClient_connected)
                  00008d6c    00000082     ti_sysbios_config.o (.text.ti_sysbios_family_arm_m3_Hwi_getStackInfo)
                  00008dee    00000080     driverlib.lib : sys_ctrl.o (.text.NOROM_SysCtrlSetRechargeBeforePowerDown)
                  00008e6e    0000007e     ti_drivers_config.o (.text.Board_sendExtFlashByte)
                  00008eec    0000007e     driverlib.lib : chipinfo.o (.text.NOROM_ChipInfo_GetChipType)
                  00008f6a    0000007e     ssd1306.o (.text.SSD1306_UpdatePosition)
                  00008fe8    0000007c     rf_multiMode_cc26x2.a : RFCC26X2_multiMode.c.cc26x2.ticlang.o (.text.RF_ratDisableChannel)
                  00009064    0000007c     ti_sysbios_config.o (.text.SwiP_construct)
                  000090e0    0000007c     ti_sysbios_config.o (.text.ti_sysbios_family_arm_cc26xx_Timer_periodicStub)
                  0000915c    0000007c     ti_sysbios_config.o (.text.ti_sysbios_knl_Swi_schedule)
                  000091d8    0000007a     ti_sysbios_config.o (.text.ti_sysbios_family_arm_m3_Hwi_dispatchC)
                  00009252    0000007a     ti_sysbios_config.o (.text.ti_sysbios_knl_Idle_init)
                  000092cc    00000078     driverlib.lib : osc.o (.text.NOROM_OSCHF_SwitchToRcOscTurnOffXosc)
                  00009344    00000078                   : osc.o (.text.NOROM_OSC_CapArrayAdjustWorkaround_Boot)
                  000093bc    00000078     rf_multiMode_cc26x2.a : RFCC26X2_multiMode.c.cc26x2.ticlang.o (.text.RF_ratFreeChannel)
                  00009434    00000078     drivers_cc26x2.a : SPICC26X2DMA.c.obj (.text.SPICC26X2DMA_close)
                  000094ac    00000078     ti_sysbios_config.o (.text.ti_sysbios_family_arm_m3_Hwi_disableInterrupt)
                  00009524    00000078     ti_sysbios_config.o (.text.ti_sysbios_knl_Swi_run)
                  0000959c    00000078     ti_sysbios_config.o (.text.ti_sysbios_knl_Task_blockI)
                  00009614    00000078     ti_sysbios_config.o (.text.ti_sysbios_knl_Task_startup)
                  0000968c    00000076     gui.o (.text.GUI_ChangeProto)
                  00009702    00000002     --HOLE-- [fill = 0]
                  00009704    00000074     drivers_cc26x2.a : PowerCC26X2_calibrateRCOSC_helpers.c.obj (.text.PowerCC26X2_updateSubSecInc)
                  00009778    00000074     rf_multiMode_cc26x2.a : RFCC26X2_multiMode.c.cc26x2.ticlang.o (.text.RF_hwiHw)
                  000097ec    00000074     drivers_cc26x2.a : TemperatureCC26X2.c.obj (.text.Temperature_init)
                  00009860    00000074     ti_sysbios_config.o (.text.ti_sysbios_heaps_HeapMem_getStats)
                  000098d4    00000072     ti_sysbios_config.o (.text.ti_sysbios_family_arm_cc26xx_Timer_setThreshold)
                  00009946    00000070     EthernetServer.o (.text.EthernetServer_begin)
                  000099b6    00000002     --HOLE-- [fill = 0]
                  000099b8    00000070     ArduinoCompatibility.o (.text.millis)
                  00009a28    00000070     ti_sysbios_config.o (.text.ti_sysbios_family_arm_m3_Hwi_enableInterrupt)
                  00009a98    0000006e     ti_sysbios_config.o (.text.BIOS_init)
                  00009b06    0000006e     ti_drivers_config.o (.text.Board_shutDownExtFlash)
                  00009b74    0000006e     libclang_rt.builtins.a : comparedf2.c.obj (.text.__gedf2)
                  00009be2    00000002     --HOLE-- [fill = 0]
                  00009be4    0000006e                            : comparedf2.c.obj (.text.__ledf2)
                  00009c52    0000006e     init_task.o (.text.byte2hex)
                  00009cc0    0000006e     ti_sysbios_config.o (.text.ti_sysbios_knl_Clock_init)
                  00009d2e    0000006c     Dhcp.o (.text.DHCP_printByte)
                  00009d9a    0000006c     EthernetUdp.o (.text.EthernetUDP_read_buf)
                  00009e06    00000002     --HOLE-- [fill = 0]
                  00009e08    0000006c     rf_multiMode_cc26x2.a : RFCC26X2_multiMode.c.cc26x2.ticlang.o (.text.RF_issueRadioFreeCb)
                  00009e74    0000006c     w5500.o (.text.W5500_read_buf)
                  00009ee0    0000006a     html.o (.text.Html_strcpy)
                  00009f4a    0000006a     drivers_cc26x2.a : I2CCC26XX.c.obj (.text.I2CSupport_primeTransfer)
                  00009fb4    0000006a     radio_queue.o (.text.RadioQueue_takePacket)
                  0000a01e    0000006a     w5500.o (.text.W5500_write_buf)
                  0000a088    0000006a     main.o (.text.main)
                  0000a0f2    0000006a     libc.a : copy_decompress_lzss.c.obj (.text:decompress:lzss)
                  0000a15c    00000068     rf_multiMode_cc26x2.a : RFCC26X2_multiMode.c.cc26x2.ticlang.o (.text.RF_detachOverrides)
                  0000a1c4    00000068     w5500.o (.text.W5500_send_data_processing_offset)
                  0000a22c    00000066     EthernetClient.o (.text.EthernetClient_readBytesUntil)
                  0000a292    00000066     ti_sysbios_config.o (.text.ti_sysbios_family_arm_cc26xx_Timer_start)
                  0000a2f8    00000066     ti_sysbios_config.o (.text.ti_sysbios_family_arm_m3_Hwi_Instance_finalize)
                  0000a35e    00000002     --HOLE-- [fill = 0]
                  0000a360    00000064     drivers_cc26x2.a : PowerCC26X2_calibrateRCOSC.c.obj (.text.PowerCC26X2_initiateCalibration)
                  0000a3c4    00000064     rf_multiMode_cc26x2.a : RFCC26X2_multiMode.c.cc26x2.ticlang.o (.text.RF_attachOverrides)
                  0000a428    00000064                           : RFCC26X2_multiMode.c.cc26x2.ticlang.o (.text.RF_dispatchNextEvent)
                  0000a48c    00000064                           : RFCC26X2_multiMode.c.cc26x2.ticlang.o (.text.RF_hwiCpe0PowerFsm)
                  0000a4f0    00000064     SPIfg.o (.text.SPI_transf)
                  0000a554    00000064     ssd1306.o (.text.SSD1306_DrawString)
                  0000a5b8    00000064     drivers_cc26x2.a : UDMACC26XX.c.obj (.text.UDMACC26XX_open)
                  0000a61c    00000064     gui.o (.text.ito2a)
                  0000a680    00000064     drivers_cc26x2.a : PowerCC26X2.c.obj (.text.oscillatorISR)
                  0000a6e4    00000062     rf_multiMode_cc26x2.a : RFCC26X2_multiMode.c.cc26x2.ticlang.o (.text.RF_syncCb)
                  0000a746    00000062     socket.o (.text.bufferData)
                  0000a7a8    00000062     libclang_rt.builtins.a : aeabi_dcmp.S.obj (.text)
                  0000a80a    00000060     Dhcp.o (.text.DHCP_beginWithDHCP)
                  0000a86a    00000060     drivers_cc26x2.a : SPICC26X2DMA.c.obj (.text.csnCallback)
                  0000a8ca    00000060     ti_sysbios_config.o (.text.ti_sysbios_knl_ClockSupport_init)
                  0000a92a    00000002     --HOLE-- [fill = 0]
                  0000a92c    0000005e     rf_multiMode_cc26x2.a : rfc.c.cc26x2.ticlang.o (.text.NOROM_RFCAnaDivTxOverride)
                  0000a98a    0000005e     socket.o (.text.startUDP)
                  0000a9e8    0000005e     ti_sysbios_config.o (.text.ti_sysbios_knl_Swi_post)
                  0000aa46    0000005e     ti_sysbios_config.o (.text.ti_sysbios_runtime_Error_raiseX)
                  0000aaa4    0000005c     ti_sysbios_config.o (.text.ClockP_construct)
                  0000ab00    0000005c     libclang_rt.builtins.a : divmoddi4.c.obj (.text.__divmoddi4)
                  0000ab5c    0000005c     ti_sysbios_config.o (.text.ti_sysbios_heaps_HeapMem_alloc)
                  0000abb8    0000005c     ti_sysbios_config.o (.text.ti_sysbios_knl_Task_init)
                  0000ac14    0000005a     init_task.o (.text.mac2string)
                  0000ac6e    00000058     ti_sysbios_config.o (.text.AONRTCEventClear)
                  0000acc6    00000058     ti_sysbios_config.o (.text.HwiP_construct)
                  0000ad1e    00000002     --HOLE-- [fill = 0]
                  0000ad20    00000058     rf_multiMode_cc26x2.a : RFCC26X2_multiMode.c.cc26x2.ticlang.o (.text.RF_applyRfCorePatch)
                  0000ad78    00000058     radio_queue.o (.text.RadioQueue_reset)
                  0000add0    00000058     radio_proc.o (.text.Radio_GetRxOk)
                  0000ae28    00000058     w5500.o (.text.W5500_recv_data_processing)
                  0000ae80    00000058     ti_sysbios_config.o (.text.ti_sysbios_family_arm_m3_Hwi_construct)
                  0000aed8    00000058     sysbios.a : Hwi_asm_switch_gnu.obj (.text.ti_sysbios_family_arm_m3_Hwi_initStacks)
                  0000af30    00000058     ti_sysbios_config.o (.text.ti_sysbios_heaps_HeapMem_construct)
                  0000af88    00000058     ti_sysbios_config.o (.text.ti_sysbios_knl_Swi_init)
                  0000afe0    00000056     ti_sysbios_config.o (.text.AONRTCCompareValueSet)
                  0000b036    00000056     SPIfg.o (.text.SPI_begin)
                  0000b08c    00000056     ti_sysbios_config.o (.text.getTime)
                  0000b0e2    00000056     ti_sysbios_config.o (.text.ti_sysbios_family_arm_cc26xx_Timer_getCurrentTick)
                  0000b138    00000056     ti_sysbios_config.o (.text.ti_sysbios_knl_Clock_Instance_init)
                  0000b18e    00000056     ti_sysbios_config.o (.text.ti_sysbios_runtime_SystemSupport_flush)
                  0000b1e4    00000056     ti_sysbios_config.o (.text.ti_sysbios_runtime_System_atexit)
                  0000b23a    00000056     ti_sysbios_config.o (.text.ti_sysbios_runtime_System_putchar)
                  0000b290    00000054     ti_sysbios_config.o (.text.AONRTCChannelEnable)
                  0000b2e4    00000054     ti_sysbios_config.o (.text.BIOS_startFunc)
                  0000b338    00000054     gui.o (.text.GUI_PeriodicUpdate)
                  0000b38c    00000054     libsysbm.a : hostwrite.c.obj (.text.HOSTwrite)
                  0000b3e0    00000054     drivers_cc26x2.a : I2CCC26XX.c.obj (.text.I2CCC26XX_initHw)
                  0000b434    00000054     rf_multiMode_cc26x2.a : RFCC26X2_multiMode.c.cc26x2.ticlang.o (.text.RF_fsmXOSCState)
                  0000b488    00000054                           : RFCC26X2_multiMode.c.cc26x2.ticlang.o (.text.RF_getCurrentTime)
                  0000b4dc    00000054     libc.a : ltoa.c.obj (.text.ltoa)
                  0000b530    00000052     driverlib.lib : chipinfo.o (.text.NOROM_ChipInfo_GetHwRevision)
                  0000b582    00000052     ti_sysbios_config.o (.text.usleep)
                  0000b5d4    00000050     rf_multiMode_cc26x2.a : RFCC26X2_multiMode.c.cc26x2.ticlang.o (.text.RF_enableHPOSCTemperatureCompensation)
                  0000b624    00000050                           : RFCC26X2_multiMode.c.cc26x2.ticlang.o (.text.RF_wakeupNotification)
                  0000b674    00000050     ti_sysbios_config.o (.text.ti_sysbios_family_arm_cc26xx_Timer_setNextTick)
                  0000b6c4    0000004e     gui.o (.text.GUI_ChangeChannel)
                  0000b712    0000004e     w5500.o (.text.W5500_getRXReceivedSize)
                  0000b760    0000004e     w5500.o (.text.W5500_getTXFreeSize)
                  0000b7ae    0000004e     ti_sysbios_config.o (.text.ti_sysbios_knl_Swi_restore)
                  0000b7fc    0000004c     driverlib.lib : osc.o (.text.NOROM_OSC_HPOSCRelativeFrequencyOffsetGet)
                  0000b848    0000004c     rf_multiMode_cc26x2.a : rf_patch_cpe_bt5.c.cc26x2.ticlang.o (.text.configureBt5Patch)
                  0000b894    0000004c     drivers_cc26x2.a : SPICC26X2DMA.c.obj (.text.initHw)
                  0000b8e0    0000004c     SPIfg.o (.text.initSS)
                  0000b92c    0000004c     drivers_cc26x2.a : PowerCC26X2.c.obj (.text.switchXOSCHF)
                  0000b978    0000004c     ti_sysbios_config.o (.text.ti_sysbios_knl_Clock_getTimeout)
                  0000b9c4    0000004c     ti_sysbios_config.o (.text.ti_sysbios_knl_Task_create)
                  0000ba10    0000004c     ti_sysbios_config.o (.text.ti_sysbios_runtime_SystemSupport_putch)
                  0000ba5c    0000004c     ti_sysbios_config.o (.text.ti_sysbios_runtime_System_processAtExit)
                  0000baa8    0000004a     radio_proc.o (.text.Radio_StopRx)
                  0000baf2    0000004a     ti_sysbios_config.o (.text.ti_sysbios_knl_Task_construct)
                  0000bb3c    0000004a     ti_sysbios_config.o (.text.ti_sysbios_runtime_Error_print)
                  0000bb86    00000048     EthernetClient.o (.text.EthernetClient_timedRead)
                  0000bbce    00000048     html.o (.text.Html_SetKeyValueInBuffer)
                  0000bc16    00000002     --HOLE-- [fill = 0]
                  0000bc18    00000048     driverlib.lib : aux_sysif.o (.text.NOROM_AUXSYSIFOpModeChange)
                  0000bc60    00000048     rf_multiMode_cc26x2.a : rfc.c.cc26x2.ticlang.o (.text.NOROM_RFCSynthPowerDown)
                  0000bca8    00000048     drivers_cc26x2.a : PowerCC26X2.c.obj (.text.PowerCC26XX_switchXOSC_HF)
                  0000bcf0    00000048     ssd1306.o (.text.SSD1306_SendCommand)
                  0000bd38    00000048     drivers_cc26x2.a : TemperatureCC26X2.c.obj (.text.Temperature_registerNotifyRange)
                  0000bd80    00000048     w5500.o (.text.W5500_init)
                  0000bdc8    00000048     libc.a : atoi.c.obj (.text.atoi)
                  0000be10    00000048     rf_multiMode_cc26x2.a : rf_patch_cpe_ieee_802_15_4.c.cc26x2.ticlang.o (.text.rf_patch_cpe_ieee_802_15_4)
                  0000be58    00000048     ti_sysbios_config.o (.text.ti_sysbios_family_arm_m3_Hwi_init)
                  0000bea0    00000048     libclang_rt.builtins.a : fixdfsi.S.obj (.text)
                  0000bee8    00000046     ti_sysbios_config.o (.text.ti_sysbios_knl_Semaphore_Instance_init)
                  0000bf2e    00000046     ti_sysbios_config.o (.text.ti_sysbios_knl_Swi_construct)
                  0000bf74    00000046     ti_sysbios_config.o (.text.ti_sysbios_knl_Task_processVitalTaskFlag)
                  0000bfba    00000046     ti_sysbios_config.o (.text.ti_sysbios_knl_Task_unblockI)
                  0000c000    00000046     ti_sysbios_config.o (.text.ti_sysbios_runtime_SysMin_output)
                  0000c046    00000044     ti_sysbios_config.o (.text.BIOS_rtsLock)
                  0000c08a    00000002     --HOLE-- [fill = 0]
                  0000c08c    00000044     drivers_cc26x2.a : GPIOCC26X2.c.obj (.text.GPIO_hwiIntFxn)
                  0000c0d0    00000044     gui.o (.text.GUI_ChangeDeviceIp)
                  0000c114    00000044     gui.o (.text.GUI_ChangeTargetIp)
                  0000c158    00000044     driverlib.lib : prcm.o (.text.NOROM_PRCMPowerDomainsAllOff)
                  0000c19c    00000044                   : prcm.o (.text.NOROM_PRCMPowerDomainsAllOn)
                  0000c1e0    00000044     rf_multiMode_cc26x2.a : RFCC26X2_multiMode.c.cc26x2.ticlang.o (.text.RF_cmdGet)
                  0000c224    00000044                           : RFCC26X2_multiMode.c.cc26x2.ticlang.o (.text.RF_updatePowerupDuration)
                  0000c268    00000044     drivers_cc26x2.a : SPI.c.obj (.text.SPI_init)
                  0000c2ac    00000044     ti_sysbios_config.o (.text._pthread_cleanupFxn)
                  0000c2f0    00000044     drivers_cc26x2.a : TemperatureCC26X2.c.obj (.text.degreesToCode)
                  0000c334    00000044                      : TemperatureCC26X2.c.obj (.text.setNextThresholds)
                  0000c378    00000044     ti_sysbios_config.o (.text.ti_sysbios_knl_Task_restore)
                  0000c3bc    00000044     libclang_rt.builtins.a : fixunsdfsi.S.obj (.text)
                  0000c400    00000044     restart.o (.text)
                  0000c444    00000042     EthernetClient.o (.text.EthernetClient_write)
                  0000c486    00000042     EthernetUdp.o (.text.EthernetUDP_read)
                  0000c4c8    00000042     ssd1306.o (.text.SSD1306_UpdateScreen)
                  0000c50a    00000042     stv.o (.text.STV_WriteStringAtAddress)
                  0000c54c    00000040     Ethernet.o (.text.Ethernet_begin_mac_ip_dns_gateway_subnet)
                  0000c58c    00000040     main.o (.text.Main_CreateDashboardTask)
                  0000c5cc    00000040     main.o (.text.Main_CreateInitTask)
                  0000c60c    00000040     main.o (.text.Main_CreateSniffingTask)
                  0000c64c    00000040     drivers_cc26x2.a : PowerCC26X2_calibrateRCOSC.c.obj (.text.PowerCC26X2_RCOSC_clockFunc)
                  0000c68c    00000040                      : PowerCC26X2_calibrateRCOSC_helpers.c.obj (.text.PowerCC26X2_setAclkRefSrc)
                  0000c6cc    00000040     rf_multiMode_cc26x2.a : RFCC26X2_multiMode.c.cc26x2.ticlang.o (.text.RF_updateHpOscOverride)
                  0000c70c    00000040     drivers_cc26x2.a : SPI.c.obj (.text.SPI_open)
                  0000c74c    00000040     ti_sysbios_config.o (.text.ti_sysbios_gates_GateMutex_enter)
                  0000c78c    00000040     ti_sysbios_config.o (.text.ti_sysbios_knl_Semaphore_pendTimeout)
                  0000c7cc    00000040     ti_sysbios_config.o (.text.ti_sysbios_knl_Task_exit)
                  0000c80c    0000003e     dashboard_task.o (.text.SendHtmlToClient)
                  0000c84a    0000003e     w5500.o (.text.W5500_read)
                  0000c888    0000003e     w5500.o (.text.W5500_write)
                  0000c8c6    0000003e     ti_sysbios_config.o (.text.ti_sysbios_knl_Clock_getTicksUntilInterrupt)
                  0000c904    0000003c     ti_sysbios_config.o (.text.BIOS_atExitFunc)
                  0000c940    0000003c     drivers_cc26x2.a : GPIO.c.obj (.text.GPIO_resetConfig)
                  0000c97c    0000003c     driverlib.lib : sys_ctrl.o (.text.NOROM_SysCtrlIdle)
                  0000c9b8    0000003c     drivers_cc26x2.a : PowerCC26X2_calibrateRCOSC_helpers.c.obj (.text.PowerCC26X2_setTdcClkSrc24M)
                  0000c9f4    0000003c     ti_sysbios_config.o (.text.ti_sysbios_family_arm_m3_Hwi_setPriority)
                  0000ca30    0000003c     ti_sysbios_config.o (.text.ti_sysbios_knl_Task_restoreHwi)
                  0000ca6c    0000003c     drivers_cc26x2.a : TemperatureCC26X2.c.obj (.text.updateThresholds)
                  0000caa8    0000003c     Printfg.o (.text.write_string)
                  0000cae4    0000003a     stv.o (.text.STV_CopyStvFromFlashIfNotYet)
                  0000cb1e    0000003a     ssd1306.o (.text.sendData)
                  0000cb58    0000003a     ti_sysbios_config.o (.text.ti_sysbios_family_arm_m3_Hwi_clearInterrupt)
                  0000cb92    00000038     ti_drivers_config.o (.text.Board_wakeUpExtFlash)
                  0000cbca    00000038     EthernetUdp.o (.text.EthernetUDP_stop)
                  0000cc02    00000002     --HOLE-- [fill = 0]
                  0000cc04    00000038     drivers_cc26x2.a : PowerCC26X2_helpers.c.obj (.text.PowerCC26X2_oscDisableQualifiers)
                  0000cc3c    00000038                      : UDMACC26XX.c.obj (.text.UDMACC26XX_close)
                  0000cc74    00000038     w5500.o (.text.W5500_readSnRX_RD)
                  0000ccac    00000038     w5500.o (.text.W5500_readSnRX_RSR)
                  0000cce4    00000038     w5500.o (.text.W5500_readSnTX_FSR)
                  0000cd1c    00000038     w5500.o (.text.W5500_readSnTX_WR)
                  0000cd54    00000038     socket.o (.text.listen)
                  0000cd8c    00000038     rf_multiMode_cc26x2.a : rf_patch_cpe_bt5.c.cc26x2.ticlang.o (.text.rf_patch_cpe_bt5)
                  0000cdc4    00000038     libc.a : sprintf.c.obj (.text.sprintf)
                  0000cdfc    00000038     ti_sysbios_config.o (.text.ti_sysbios_runtime_Startup_exec)
                  0000ce34    00000038     libc.a : autoinit.c.obj (.text:__TI_auto_init_nobinit_nopinit)
                  0000ce6c    00000038     libclang_rt.builtins.a : extendsfdf2.S.obj (.text)
                  0000cea4    00000036     ti_sysbios_config.o (.text.BIOS_rtsUnlock)
                  0000ceda    00000036     ti_sysbios_config.o (.text.SemaphoreP_pend)
                  0000cf10    00000036     ti_sysbios_config.o (.text.ti_sysbios_knl_Swi_construct2)
                  0000cf46    00000034     html.o (.text.Html_strset)
                  0000cf7a    00000002     --HOLE-- [fill = 0]
                  0000cf7c    00000034     drivers_cc26x2.a : PowerCC26X2.c.obj (.text.Power_releaseConstraint)
                  0000cfb0    00000034     rf_multiMode_cc26x2.a : RFCC26X2_multiMode.c.cc26x2.ticlang.o (.text.RF_powerConstraintRelease)
                  0000cfe4    00000034                           : RFCC26X2_multiMode.c.cc26x2.ticlang.o (.text.RF_runDirectImmediateCmd)
                  0000d018    00000034     w5500.o (.text.W5500_read_data)
                  0000d04c    00000034     w5500.o (.text.W5500_writeSn_buf)
                  0000d080    00000034     libsysbm.a : trgmsg.c.obj (.text.__TI_writemsg)
                  0000d0b4    00000034     ti_sysbios_config.o (.text.ti_sysbios_family_arm_cc26xx_Timer_getMaxTicks)
                  0000d0e8    00000034     ti_sysbios_config.o (.text.ti_sysbios_knl_Queue_put)
                  0000d11c    00000034     ti_sysbios_config.o (.text.ti_sysbios_runtime_System_vprintf)
                  0000d150    00000034     sysbios.a : boot_cortex_m.obj (.text:_c_int00)
                  0000d184    00000032     ti_drivers_config.o (.text.Board_init)
                  0000d1b6    00000032     EthernetUdp.o (.text.EthernetUDP_write)
                  0000d1e8    00000032     ti_sysbios_config.o (.text.ti_sysbios_knl_Semaphore_create)
                  0000d21a    00000030     EthernetClient.o (.text.EthernetClient_read)
                  0000d24a    00000002     --HOLE-- [fill = 0]
                  0000d24c    00000030     drivers_cc26x2.a : GPIOCC26XX.c.obj (.text.GPIO_setInterruptConfig)
                  0000d27c    00000030                      : PowerCC26X2.c.obj (.text.Power_setConstraint)
                  0000d2ac    00000030     rf_multiMode_cc26x2.a : RFCC26X2_multiMode.c.cc26x2.ticlang.o (.text.RF_checkCmdFsError)
                  0000d2dc    00000030     w5500.o (.text.W5500_writeSn)
                  0000d30c    00000030     libsysbm.a : trgmsg.c.obj (.text.__TI_readmsg)
                  0000d33c    00000030     radio_queue.o (.text.get16bitValue)
                  0000d36c    00000030     drivers_cc26x2.a : PowerCC26X2.c.obj (.text.notify)
                  0000d39c    00000030     ti_sysbios_config.o (.text.ti_sysbios_family_arm_m3_Hwi_plug)
                  0000d3cc    00000030     ti_sysbios_config.o (.text.ti_sysbios_heaps_HeapMem_free)
                  0000d3fc    00000030     ti_sysbios_config.o (.text.ti_sysbios_knl_Clock_construct)
                  0000d42c    00000030     ti_sysbios_config.o (.text.ti_sysbios_knl_Idle_run)
                  0000d45c    0000002e     EthernetClient.o (.text.EthernetClient_status)
                  0000d48a    0000002e     EthernetUdp.o (.text.EthernetUDP_beginPacket_ip)
                  0000d4b8    0000002e     driverlib.lib : chipinfo.o (.text.NOROM_ThisLibraryIsFor_CC13x2_CC26x2_HwRev20AndLater_HaltIfViolated)
                  0000d4e6    0000002e     rf_multiMode_cc26x2.a : RFCC26X2_multiMode.c.cc26x2.ticlang.o (.text.RF_calculateDeltaTimeUs)
                  0000d514    0000002e     ti_sysbios_config.o (.text._pthread_delete)
                  0000d542    0000002e     ti_sysbios_config.o (.text.ti_sysbios_family_arm_m3_Hwi_initStack)
                  0000d570    0000002e     ti_sysbios_config.o (.text.ti_sysbios_gates_GateMutex_Instance_init)
                  0000d59e    00000002     --HOLE-- [fill = 0]
                  0000d5a0    0000002e     libclang_rt.builtins.a : floatsidf.S.obj (.text)
                  0000d5ce    0000002c     ti_sysbios_config.o (.text.BIOS_registerRTSLock)
                  0000d5fa    0000002c     ti_sysbios_config.o (.text.BIOS_removeRTSLock)
                  0000d626    00000002     --HOLE-- [fill = 0]
                  0000d628    0000002c     rf_multiMode_cc26x2.a : RFCC26X2_multiMode.c.cc26x2.ticlang.o (.text.RF_executeDirectImmediateCmd)
                  0000d654    0000002c     drivers_cc26x2.a : TemperatureCC26X2.c.obj (.text.Temperature_unregisterNotify)
                  0000d680    0000002c     w5500.o (.text.W5500_execCmdSn)
                  0000d6ac    0000002c     w5500.o (.text.W5500_writeSnDPORT)
                  0000d6d8    0000002c     w5500.o (.text.W5500_writeSnPORT)
                  0000d704    0000002c     w5500.o (.text.W5500_writeSnRX_RD)
                  0000d730    0000002c     w5500.o (.text.W5500_writeSnTX_WR)
                  0000d75c    0000002c     ti_sysbios_config.o (.text.ti_sysbios_knl_Semaphore_construct)
                  0000d788    0000002c     ti_sysbios_config.o (.text.ti_sysbios_runtime_Memory_free)
                  0000d7b4    0000002a     IPAddress.o (.text.IPAddress_Init_str)
                  0000d7de    0000002a     driverlib.lib : osc.o (.text.NOROM_OSCHF_TurnOnXosc)
                  0000d808    0000002a     radio_queue.o (.text.RadioQueue_init)
                  0000d832    0000002a     drivers_cc26x2.a : SPICC26X2DMA.c.obj (.text.SPICC26X2DMA_swiFxn)
                  0000d85c    0000002a     ti_sysbios_config.o (.text.SemaphoreP_constructBinary)
                  0000d886    0000002a     ti_sysbios_config.o (.text.ti_sysbios_knl_Clock_initI)
                  0000d8b0    0000002a     ti_sysbios_config.o (.text.ti_sysbios_knl_Task_enter)
                  0000d8da    00000028     EthernetClient.o (.text.EthernetClient_available)
                  0000d902    00000028     drivers_cc26x2.a : I2C.c.obj (.text.I2C_cancel)
                  0000d92a    00000028                      : List.c.obj (.text.List_remove)
                  0000d952    00000002     --HOLE-- [fill = 0]
                  0000d954    00000028                      : PowerCC26X2.c.obj (.text.PowerCC26XX_isStableXOSC_HF)
                  0000d97c    00000028     rf_multiMode_cc26x2.a : RFCC26X2_multiMode.c.cc26x2.ticlang.o (.text.RF_cmdStoreEvents)
                  0000d9a4    00000028     w5500.o (.text.W5500_readSn)
                  0000d9cc    00000028     sysbios.a : Hwi_asm_gnu.obj (.text.ti_sysbios_family_arm_m3_Hwi_excHandlerAsm)
                  0000d9f4    00000028     ti_sysbios_config.o (.text.ti_sysbios_gates_GateMutex_construct)
                  0000da1c    00000028     ti_sysbios_config.o (.text.ti_sysbios_knl_Queue_enqueue)
                  0000da44    00000028     ti_sysbios_config.o (.text.ti_sysbios_knl_Swi_or)
                  0000da6c    00000028     sysbios.a : TaskSupport_asm_gnu.obj (.text.ti_sysbios_knl_TaskSupport_swap)
                  0000da94    00000028     ti_sysbios_config.o (.text.ti_sysbios_knl_Task_sleepTimeout)
                  0000dabc    00000028     ti_sysbios_config.o (.text.ti_sysbios_runtime_System_init)
                  0000dae4    00000028     ti_sysbios_config.o (.text.ti_sysbios_runtime_System_printf)
                  0000db0c    00000026     drivers_cc26x2.a : List.c.obj (.text.List_insert)
                  0000db32    00000026                      : List.c.obj (.text.List_putHead)
                  0000db58    00000026                      : SPICC26X2DMA.c.obj (.text.flushFifos)
                  0000db7e    00000026     ti_sysbios_config.o (.text.ti_sysbios_family_arm_m3_Hwi_getHandle)
                  0000dba4    00000026     ti_sysbios_config.o (.text.ti_sysbios_knl_Swi_destruct)
                  0000dbca    00000026     ti_sysbios_config.o (.text.ti_sysbios_knl_Task_allBlockedFunction)
                  0000dbf0    00000026     ti_sysbios_config.o (.text.ti_sysbios_knl_Task_delete)
                  0000dc16    00000026     ti_sysbios_config.o (.text.ti_sysbios_knl_Task_destruct)
                  0000dc3c    00000024     ti_sysbios_config.o (.text.HwiP_setFunc)
                  0000dc60    00000024     drivers_cc26x2.a : List.c.obj (.text.List_put)
                  0000dc84    00000024                      : PowerCC26X2_helpers.c.obj (.text.PowerCC26X2_getOscHfSourceReady)
                  0000dca8    00000024                      : PowerCC26X2_helpers.c.obj (.text.PowerCC26X2_setSubSecIncToXoscLf)
                  0000dccc    00000024                      : PowerCC26X2_calibrateRCOSC_helpers.c.obj (.text.PowerCC26X2_writeCtrim)
                  0000dcf0    00000024                      : PowerCC26X2_calibrateRCOSC_helpers.c.obj (.text.PowerCC26X2_writeCtrimFract)
                  0000dd14    00000024                      : PowerCC26X2_calibrateRCOSC_helpers.c.obj (.text.PowerCC26X2_writeCtrimFractEn)
                  0000dd38    00000024                      : PowerCC26X2_calibrateRCOSC_helpers.c.obj (.text.PowerCC26X2_writeRtrim)
                  0000dd5c    00000024                      : PowerCC26X2.c.obj (.text.Power_registerNotify)
                  0000dd80    00000024     rf_multiMode_cc26x2.a : RFCC26X2_multiMode.c.cc26x2.ticlang.o (.text.RF_clkPowerUp)
                  0000dda4    00000024                           : RFCC26X2_multiMode.c.cc26x2.ticlang.o (.text.RF_hwiCpe0ChangePhy)
                  0000ddc8    00000024                           : RFCC26X2_multiMode.c.cc26x2.ticlang.o (.text.RF_isStateTransitionAllowed)
                  0000ddec    00000024                           : RFCC26X2_multiMode.c.cc26x2.ticlang.o (.text.RF_searchAndReplacePAOverride)
                  0000de10    00000024     ssd1306.o (.text.SSD1306_SetPosition)
                  0000de34    00000024     drivers_cc26x2.a : SPICC26X2DMA.c.obj (.text.releaseConstraint)
                  0000de58    00000024     ti_sysbios_config.o (.text.ti_sysbios_family_arm_cc26xx_Timer_Params_init)
                  0000de7c    00000024     ti_sysbios_config.o (.text.ti_sysbios_knl_Task_Params_init)
                  0000dea0    00000022     ti_sysbios_config.o (.text.BIOS_setThreadType)
                  0000dec2    00000022     drivers_cc26x2.a : List.c.obj (.text.List_get)
                  0000dee4    00000022     rf_multiMode_cc26x2.a : RFCC26X2_multiMode.c.cc26x2.ticlang.o (.text.RF_queueEnd)
                  0000df06    00000022     w5500.o (.text.W5500_send_data_processing)
                  0000df28    00000022     libc.a : memcmp.c.obj (.text.memcmp)
                  0000df4a    00000022     socket.o (.text.sendUDP)
                  0000df6c    00000022     ti_sysbios_config.o (.text.ti_sysbios_gates_GateMutex_leave)
                  0000df8e    00000022     ti_sysbios_config.o (.text.ti_sysbios_heaps_HeapMem_restore)
                  0000dfb0    00000022     ti_sysbios_config.o (.text.ti_sysbios_knl_Clock_getTicks)
                  0000dfd2    00000022     ti_sysbios_config.o (.text.ti_sysbios_knl_Clock_scheduleNextTick)
                  0000dff4    00000022     ti_sysbios_config.o (.text.ti_sysbios_knl_Queue_dequeue)
                  0000e016    00000022     ti_sysbios_config.o (.text.ti_sysbios_knl_Semaphore_destruct)
                  0000e038    00000020     Dhcp.o (.text.DHCP_reset_DHCP_lease)
                  0000e058    00000020     EthernetUdp.o (.text.EthernetUDP_write_byte)
                  0000e078    00000020     rf_multiMode_cc26x2.a : rfc.c.cc26x2.ticlang.o (.text.NOROM_RFCDoorbellSendTo)
                  0000e098    00000020                           : rfc.c.cc26x2.ticlang.o (.text.NOROM_RFCOverrideSearch)
                  0000e0b8    00000020     drivers_cc26x2.a : PowerCC26X2_helpers.c.obj (.text.PowerCC26X2_disableTCXOQual)
                  0000e0d8    00000020                      : PowerCC26X2_helpers.c.obj (.text.PowerCC26X2_enableTCXOQual)
                  0000e0f8    00000020     ti_sysbios_config.o (.text.PowerCC26XX_schedulerDisable)
                  0000e118    00000020     ti_sysbios_config.o (.text.PowerCC26XX_schedulerRestore)
                  0000e138    00000020     drivers_cc26x2.a : PowerCC26X2.c.obj (.text.Power_unregisterNotify)
                  0000e158    00000020     rf_multiMode_cc26x2.a : RFCC26X2_multiMode.c.cc26x2.ticlang.o (.text.RF_cmdAlloc)
                  0000e178    00000020                           : RFCC26X2_multiMode.c.cc26x2.ticlang.o (.text.RF_invokeGlobalCallback)
                  0000e198    00000020                           : RFCC26X2_multiMode.c.cc26x2.ticlang.o (.text.RF_ratIsRunning)
                  0000e1b8    00000020     socket.o (.text.close)
                  0000e1d8    00000020     ti_sysbios_config.o (.text.ti_sysbios_family_arm_cc26xx_Timer_postInit)
                  0000e1f8    00000020     ti_sysbios_config.o (.text.ti_sysbios_family_arm_m3_Hwi_excHandler)
                  0000e218    00000020     ti_sysbios_config.o (.text.ti_sysbios_family_arm_m3_Hwi_post)
                  0000e238    00000020     ti_sysbios_config.o (.text.ti_sysbios_knl_ClockSupport_getCurrentTick)
                  0000e258    00000020     libclang_rt.builtins.a : floatunsidf.S.obj (.text)
                  0000e278    0000001e     ti_sysbios_config.o (.text.SwiP_Params_init)
                  0000e296    0000001e     w5500.o (.text.W5500_writeSnCR)
                  0000e2b4    0000001e     w5500.o (.text.W5500_writeSnIR)
                  0000e2d2    0000001e     w5500.o (.text.W5500_writeSnMR)
                  0000e2f0    0000001e     libc.a : memccpy.c.obj (.text.memccpy)
                  0000e30e    0000001e     sysbios.a : Hwi_asm_switch_gnu.obj (.text.ti_sysbios_family_arm_m3_Hwi_switchAndRunFunc)
                  0000e32c    0000001e     ti_sysbios_config.o (.text.ti_sysbios_family_arm_m3_Hwi_switchFromBootStack)
                  0000e34a    0000001e     ti_sysbios_config.o (.text.ti_sysbios_knl_Task_unblock)
                  0000e368    0000001e     Printfg.o (.text.write_byte)
                  0000e386    0000001c     EthernetClient.o (.text.EthernetClient_begin)
                  0000e3a2    0000001c     EthernetClient.o (.text.EthernetClient_print)
                  0000e3be    0000001c     EthernetUdp.o (.text.EthernetUDP_flush)
                  0000e3da    00000002     --HOLE-- [fill = 0]
                  0000e3dc    0000001c     drivers_cc26x2.a : GPIO.c.obj (.text.GPIO_setCallback)
                  0000e3f8    0000001c                      : GPIOCC26XX.c.obj (.text.GPIO_setMux)
                  0000e414    0000001c     ti_sysbios_config.o (.text.HwiP_Params_init)
                  0000e430    0000001c     drivers_cc26x2.a : PowerCC26X2.c.obj (.text.Power_getTransitionLatency)
                  0000e44c    0000001c     rf_multiMode_cc26x2.a : RFCC26X2_multiMode.c.cc26x2.ticlang.o (.text.RF_clkInactivityCallback)
                  0000e468    0000001c                           : RFCC26X2_multiMode.c.cc26x2.ticlang.o (.text.RF_getPAOverrideOffsetAndValue)
                  0000e484    0000001c                           : RFCC26X2_multiMode.c.cc26x2.ticlang.o (.text.RF_powerConstraintSet)
                  0000e4a0    0000001c                           : RFCC26X2_multiMode.c.cc26x2.ticlang.o (.text.RF_swiFsm)
                  0000e4bc    0000001c     w5500.o (.text.W5500_writeSnDIPR)
                  0000e4d8    0000001c     drivers_cc26x2.a : TemperatureCC26X2.c.obj (.text.setTempLowerLimit)
                  0000e4f4    0000001c                      : TemperatureCC26X2.c.obj (.text.setTempUpperLimit)
                  0000e510    0000001c     ti_sysbios_config.o (.text.ti_sysbios_family_arm_cc26xx_Timer_dynamicStub)
                  0000e52c    0000001c     ti_sysbios_config.o (.text.ti_sysbios_family_arm_m3_Hwi_Params_init)
                  0000e548    0000001c     ti_sysbios_config.o (.text.ti_sysbios_knl_Clock_Instance_finalize)
                  0000e564    0000001c     ti_sysbios_config.o (.text.ti_sysbios_knl_Clock_enqueueI)
                  0000e580    0000001c     ti_sysbios_config.o (.text.ti_sysbios_knl_Clock_start)
                  0000e59c    0000001c     ti_sysbios_config.o (.text.ti_sysbios_knl_Queue_remove)
                  0000e5b8    0000001c     ti_sysbios_config.o (.text.ti_sysbios_knl_Swi_Params_init)
                  0000e5d4    0000001c     ti_sysbios_config.o (.text.ti_sysbios_knl_Swi_disable)
                  0000e5f0    0000001c     ti_sysbios_config.o (.text.ti_sysbios_knl_Task_disable)
                  0000e60c    0000001a     ti_sysbios_config.o (.text.BIOS_exitFunc)
                  0000e626    0000001a     ti_sysbios_config.o (.text.BIOS_getCpuFreq)
                  0000e640    0000001a     drivers_cc26x2.a : I2CCC26XX.c.obj (.text.I2CCC26XX_completeTransfer)
                  0000e65a    0000001a     ti_sysbios_config.o (.text.ti_sysbios_knl_Semaphore_Instance_finalize)
                  0000e674    00000018     ti_sysbios_config.o (.text.BIOS_exit)
                  0000e68c    00000018     Dhcp.o (.text.DHCP_getDnsServerIp)
                  0000e6a4    00000018     Dhcp.o (.text.DHCP_getGatewayIp)
                  0000e6bc    00000018     Dhcp.o (.text.DHCP_getLocalIp)
                  0000e6d4    00000018     Dhcp.o (.text.DHCP_getSubnetMask)
                  0000e6ec    00000018     drivers_cc26x2.a : GPIOCC26XX.c.obj (.text.GPIO_disableInt)
                  0000e704    00000018                      : PowerCC26X2.c.obj (.text.PowerCC26XX_calibrate)
                  0000e71c    00000018                      : PowerCC26X2.c.obj (.text.Power_idleFunc)
                  0000e734    00000018     rf_multiMode_cc26x2.a : RFCC26X2_multiMode.c.cc26x2.ticlang.o (.text.RF_restartClockTimeout)
                  0000e74c    00000018     radio_proc.o (.text.Radio_SetCurrentProtocol)
                  0000e764    00000018     stv.o (.text.STV_WriteAtAddress)
                  0000e77c    00000018     libc.a : sprintf.c.obj (.text._outs)
                  0000e794    00000018     Printfg.o (.text.print)
                  0000e7ac    00000018     ti_sysbios_config.o (.text.ti_sysbios_family_arm_cc26xx_Timer_getCount64)
                  0000e7c4    00000018     ti_sysbios_config.o (.text.ti_sysbios_family_arm_m3_Hwi_setFunc)
                  0000e7dc    00000018     ti_sysbios_config.o (.text.ti_sysbios_knl_ClockSupport_setNextTick)
                  0000e7f4    00000018     sysbios.a : TaskSupport_asm_gnu.obj (.text.ti_sysbios_knl_TaskSupport_glue)
                  0000e80c    00000016     ti_sysbios_config.o (.text.ClockP_Params_init)
                  0000e822    00000016     drivers_cc26x2.a : List.c.obj (.text.List_clearList)
                  0000e838    00000016     radio_queue.o (.text.RadioQueue_hasPacket)
                  0000e84e    00000016     radio_queue.o (.text.RadioQueue_nextEntry)
                  0000e864    00000016     w5500.o (.text.W5500_readGAR)
                  0000e87a    00000016     w5500.o (.text.W5500_readSIPR)
                  0000e890    00000016     w5500.o (.text.W5500_readSUBR)
                  0000e8a6    00000016     w5500.o (.text.W5500_readSnCR)
                  0000e8bc    00000016     w5500.o (.text.W5500_readSnIR)
                  0000e8d2    00000016     w5500.o (.text.W5500_readSnSR)
                  0000e8e8    00000016     w5500.o (.text.W5500_writeGAR)
                  0000e8fe    00000016     w5500.o (.text.W5500_writeSHAR)
                  0000e914    00000016     w5500.o (.text.W5500_writeSIPR)
                  0000e92a    00000016     w5500.o (.text.W5500_writeSUBR)
                  0000e940    00000016     ArduinoCompatibility.o (.text.delay)
                  0000e956    00000016     socket.o (.text.disconnect)
                  0000e96c    00000016     ti_sysbios_config.o (.text.ti_sysbios_family_arm_m3_Hwi_enable)
                  0000e982    00000016     ti_sysbios_config.o (.text.ti_sysbios_knl_Intrinsics_maxbit)
                  0000e998    00000016     ti_sysbios_config.o (.text.ti_sysbios_knl_Queue_construct)
                  0000e9ae    00000016     ti_sysbios_config.o (.text.ti_sysbios_knl_Queue_empty)
                  0000e9c4    00000016     ti_sysbios_config.o (.text.ti_sysbios_runtime_SystemSupport_init)
                  0000e9da    00000016     ti_sysbios_config.o (.text.ti_sysbios_runtime_System_exit)
                  0000e9f0    00000014     ti_sysbios_config.o (.text.ClockP_setTimeout)
                  0000ea04    00000014     drivers_cc26x2.a : GPIOCC26XX.c.obj (.text.GPIO_read)
                  0000ea18    00000014                      : GPIO.c.obj (.text.GPIO_setUserArg)
                  0000ea2c    00000014                      : I2CCC26XX.c.obj (.text.I2CCC26XX_postNotify)
                  0000ea40    00000014                      : SPICC26X2DMA.c.obj (.text.OUTLINED_FUNCTION_0)
                  0000ea54    00000014     rf_multiMode_cc26x2.a : RFCC26X2_multiMode.c.cc26x2.ticlang.o (.text.RF_dbellSyncOnAck)
                  0000ea68    00000014                           : RFCC26X2_multiMode.c.cc26x2.ticlang.o (.text.RF_flushCmd)
                  0000ea7c    00000014     ti_sysbios_config.o (.text.SwiP_or)
                  0000ea90    00000014     drivers_cc26x2.a : TemperatureCC26X2.c.obj (.text.Temperature_getTemperature)
                  0000eaa4    00000014     libc.a : args_main.c.obj (.text._args_main)
                  0000eab8    00000014     ti_sysbios_config.o (.text.ti_sysbios_family_arm_cc26xx_TimestampProvider_init)
                  0000eacc    00000014     ti_sysbios_config.o (.text.ti_sysbios_family_arm_m3_Hwi_disable)
                  0000eae0    00000014     ti_sysbios_config.o (.text.ti_sysbios_knl_Swi_Instance_finalize)
                  0000eaf4    00000014     ti_sysbios_config.o (.text.ti_sysbios_runtime_System_printf_va)
                  0000eb08    00000014     libclang_rt.builtins.a : aeabi_ldivmod.S.obj (.text)
                  0000eb1c    00000014                            : aeabi_memset.S.obj (.text)
                  0000eb30    00000014                            : aeabi_uldivmod.S.obj (.text)
                  0000eb44    00000012     EthernetUdp.o (.text.EthernetUDP_endPacket)
                  0000eb56    00000012     drivers_cc26x2.a : I2C.c.obj (.text.I2C_transfer)
                  0000eb68    00000012     ti_sysbios_config.o (.text.ti_sysbios_family_arm_m3_Hwi_destruct)
                  0000eb7a    00000012     ti_sysbios_config.o (.text.ti_sysbios_family_arm_m3_Hwi_doSwiRestore)
                  0000eb8c    00000012     ti_sysbios_config.o (.text.ti_sysbios_family_arm_m3_Hwi_doTaskRestore)
                  0000eb9e    00000012     ti_sysbios_config.o (.text.ti_sysbios_heaps_HeapMem_Params_init)
                  0000ebb0    00000012     ti_sysbios_config.o (.text.ti_sysbios_heaps_HeapMem_init)
                  0000ebc2    00000012     ti_sysbios_config.o (.text.ti_sysbios_knl_Clock_Params_init)
                  0000ebd4    00000012     ti_sysbios_config.o (.text.ti_sysbios_knl_Clock_tick)
                  0000ebe6    00000012     ti_sysbios_config.o (.text.ti_sysbios_knl_Queue_Instance_init)
                  0000ebf8    00000012     ti_sysbios_config.o (.text.ti_sysbios_knl_Semaphore_Params_init)
                  0000ec0a    00000012     libc.a : memcpy_t2.S.obj (.text:TI_memcpy_small)
                  0000ec1c    00000010     ti_sysbios_config.o (.text.BIOS_start)
                  0000ec2c    00000010     ti_sysbios_config.o (.text.ClockP_destruct)
                  0000ec3c    00000010     ti_sysbios_config.o (.text.ClockP_getCpuFreq)
                  0000ec4c    00000010     ti_sysbios_config.o (.text.ClockP_getTimeout)
                  0000ec5c    00000010     ti_sysbios_config.o (.text.ClockP_isActive)
                  0000ec6c    00000010     ti_sysbios_config.o (.text.ClockP_start)
                  0000ec7c    00000010     ti_sysbios_config.o (.text.ClockP_stop)
                  0000ec8c    00000010     Ethernet.o (.text.Ethernet_gatewayIP)
                  0000ec9c    00000010     Ethernet.o (.text.Ethernet_localIP)
                  0000ecac    00000010     Ethernet.o (.text.Ethernet_subnetMask)
                  0000ecbc    00000010     drivers_cc26x2.a : GPIO.c.obj (.text.GPIO_getUserArg)
                  0000eccc    00000010                      : GPIOCC26XX.c.obj (.text.GPIO_write)
                  0000ecdc    00000010     ti_sysbios_config.o (.text.HwiP_clearInterrupt)
                  0000ecec    00000010     ti_sysbios_config.o (.text.HwiP_destruct)
                  0000ecfc    00000010     ti_sysbios_config.o (.text.HwiP_disable)
                  0000ed0c    00000010     ti_sysbios_config.o (.text.HwiP_disableInterrupt)
                  0000ed1c    00000010     ti_sysbios_config.o (.text.HwiP_enableInterrupt)
                  0000ed2c    00000010     ti_sysbios_config.o (.text.HwiP_post)
                  0000ed3c    00000010     ti_sysbios_config.o (.text.HwiP_restore)
                  0000ed4c    00000010     rf_multiMode_cc26x2.a : rfc.c.cc26x2.ticlang.o (.text.NOROM_RFCCpeIntGetAndClear)
                  0000ed5c    00000010                           : rfc.c.cc26x2.ticlang.o (.text.NOROM_RFCHwIntGetAndClear)
                  0000ed6c    00000010     drivers_cc26x2.a : PowerCC26X2_helpers.c.obj (.text.PowerCC26X2_oscCtlClearXtal)
                  0000ed7c    00000010                      : PowerCC26X2_helpers.c.obj (.text.PowerCC26X2_prcmEnableCacheRetention)
                  0000ed8c    00000010                      : PowerCC26X2_calibrateRCOSC_helpers.c.obj (.text.PowerCC26X2_readCtrim)
                  0000ed9c    00000010                      : PowerCC26X2_calibrateRCOSC_helpers.c.obj (.text.PowerCC26X2_readCtrimFract)
                  0000edac    00000010                      : PowerCC26X2_calibrateRCOSC_helpers.c.obj (.text.PowerCC26X2_readRtrim)
                  0000edbc    00000010                      : PowerCC26X2_helpers.c.obj (.text.PowerCC26X2_switchToTCXO)
                  0000edcc    00000010                      : PowerCC26X2.c.obj (.text.Power_getDependencyCount)
                  0000eddc    00000010     ti_sysbios_config.o (.text.SemaphoreP_destruct)
                  0000edec    00000010     ti_sysbios_config.o (.text.SemaphoreP_post)
                  0000edfc    00000010     ti_sysbios_config.o (.text.SwiP_destruct)
                  0000ee0c    00000010     ti_sysbios_config.o (.text.SwiP_disable)
                  0000ee1c    00000010     ti_sysbios_config.o (.text.SwiP_getTrigger)
                  0000ee2c    00000010     ti_sysbios_config.o (.text.SwiP_post)
                  0000ee3c    00000010     ti_sysbios_config.o (.text.SwiP_restore)
                  0000ee4c    00000010     ti_sysbios_config.o (.text.SysCtrlAonUpdate)
                  0000ee5c    00000010     w5500.o (.text.W5500_getGatewayIp)
                  0000ee6c    00000010     w5500.o (.text.W5500_getIPAddress)
                  0000ee7c    00000010     w5500.o (.text.W5500_getSubnetMask)
                  0000ee8c    00000010     w5500.o (.text.W5500_setGatewayIp)
                  0000ee9c    00000010     w5500.o (.text.W5500_setIPAddress)
                  0000eeac    00000010     w5500.o (.text.W5500_setMACAddress)
                  0000eebc    00000010     w5500.o (.text.W5500_setSubnetMask)
                  0000eecc    00000010     ti_sysbios_config.o (.text.ti_sysbios_family_arm_cc26xx_Timer_setPeriod)
                  0000eedc    00000010     ti_sysbios_config.o (.text.ti_sysbios_knl_ClockSupport_getMaxTicks)
                  0000eeec    00000010     ti_sysbios_config.o (.text.ti_sysbios_knl_Clock_destruct)
                  0000eefc    00000010     ti_sysbios_config.o (.text.ti_sysbios_knl_Clock_isActive)
                  0000ef0c    00000010     ti_sysbios_config.o (.text.ti_sysbios_knl_Clock_removeI)
                  0000ef1c    00000010     ti_sysbios_config.o (.text.ti_sysbios_knl_Clock_setTimeout)
                  0000ef2c    00000010     ti_sysbios_config.o (.text.ti_sysbios_knl_Idle_loop)
                  0000ef3c    00000010     ti_sysbios_config.o (.text.ti_sysbios_knl_Queue_destruct)
                  0000ef4c    00000010     ti_sysbios_config.o (.text.ti_sysbios_knl_Queue_elemClear)
                  0000ef5c    00000010     ti_sysbios_config.o (.text.ti_sysbios_knl_Swi_enabled)
                  0000ef6c    00000010     ti_sysbios_config.o (.text.ti_sysbios_runtime_Types_argToFloat)
                  0000ef7c    00000010     libc.a : copy_zero_init.c.obj (.text:decompress:ZI)
                  0000ef8c    0000000e     ti_sysbios_config.o (.text.BIOS_linkedWithIncorrectBootLibrary)
                  0000ef9a    0000000e     EthernetUdp.o (.text.EthernetUDP_begin_init)
                  0000efa8    0000000e     ti_sysbios_config.o (.text.IntMasterDisable)
                  0000efb6    0000000e     ti_sysbios_config.o (.text.IntMasterEnable)
                  0000efc4    0000000e     drivers_cc26x2.a : PowerCC26X2.c.obj (.text.OUTLINED_FUNCTION_0)
                  0000efd2    0000000e     rf_multiMode_cc26x2.a : RFCC26X2_multiMode.c.cc26x2.ticlang.o (.text.OUTLINED_FUNCTION_0)
                  0000efe0    0000000e                           : RFCC26X2_multiMode.c.cc26x2.ticlang.o (.text.OUTLINED_FUNCTION_3)
                  0000efee    0000000e     libc.a : strcpy.c.obj (.text.strcpy)
                  0000effc    0000000e            : _printfi.c.obj (.text.strlen)
                  0000f00a    0000000e            : strlen.c.obj (.text.strlen)
                  0000f018    0000000e     drivers_cc26x2.a : PowerCC26X2.c.obj (.text.switchToTCXO)
                  0000f026    0000000e     ti_sysbios_config.o (.text.ti_sysbios_family_arm_m3_Hwi_restore)
                  0000f034    0000000e     ti_sysbios_config.o (.text.ti_sysbios_heaps_HeapMem_isBlocking)
[...]
0000ec5d  ClockP_isActive                                                    
0000ec6d  ClockP_start                                                       
0000ec7d  ClockP_stop                                                        
0000ec8d  Ethernet_gatewayIP                                                 
0000ec9d  Ethernet_localIP                                                   
0000ecad  Ethernet_subnetMask                                                
0000ecbd  GPIO_getUserArg                                                    
0000eccd  GPIO_write                                                         
0000ecdd  HwiP_clearInterrupt                                                
0000eced  HwiP_destruct                                                      
0000ecfd  HwiP_disable                                                       
0000ed0d  HwiP_disableInterrupt                                              
0000ed1d  HwiP_enableInterrupt                                               
0000ed2d  HwiP_post                                                          
0000ed3d  HwiP_restore                                                       
0000ed4d  NOROM_RFCCpeIntGetAndClear                                         
0000ed5d  NOROM_RFCHwIntGetAndClear                                          
0000ed6d  PowerCC26X2_oscCtlClearXtal                                        
0000ed7d  PowerCC26X2_prcmEnableCacheRetention                               
0000ed8d  PowerCC26X2_readCtrim                                              
0000ed9d  PowerCC26X2_readCtrimFract                                         
0000edad  PowerCC26X2_readRtrim                                              
0000edbd  PowerCC26X2_switchToTCXO                                           
0000edcd  Power_getDependencyCount                                           
0000eddd  SemaphoreP_destruct                                                
0000eded  SemaphoreP_post                                                    
0000edfd  SwiP_destruct                                                      
0000ee0d  SwiP_disable                                                       
0000ee1d  SwiP_getTrigger                                                    
0000ee2d  SwiP_post                                                          
0000ee3d  SwiP_restore                                                       
0000ee5d  W5500_getGatewayIp                                                 
0000ee6d  W5500_getIPAddress                                                 
0000ee7d  W5500_getSubnetMask                                                
0000ee8d  W5500_setGatewayIp                                                 
0000ee9d  W5500_setIPAddress                                                 
0000eead  W5500_setMACAddress                                                
0000eebd  W5500_setSubnetMask                                                
0000eecd  ti_sysbios_family_arm_cc26xx_Timer_setPeriod                       
0000eedd  ti_sysbios_knl_ClockSupport_getMaxTicks                            
0000eeed  ti_sysbios_knl_Clock_destruct                                      
0000eefd  ti_sysbios_knl_Clock_isActive                                      
0000ef0d  ti_sysbios_knl_Clock_removeI                                       
0000ef1d  ti_sysbios_knl_Clock_setTimeout                                    
0000ef2d  ti_sysbios_knl_Idle_loop                                           
0000ef3d  ti_sysbios_knl_Queue_destruct                                      
0000ef4d  ti_sysbios_knl_Queue_elemClear                                     
0000ef5d  ti_sysbios_knl_Swi_enabled                                         
0000ef7d  __TI_zero_init                                                     
0000ef8d  BIOS_linkedWithIncorrectBootLibrary                                
0000ef9b  EthernetUDP_begin_init                                             
0000efef  strcpy                                                             
0000f00b  strlen                                                             
0000f035  ti_sysbios_heaps_HeapMem_isBlocking                                
0000f043  ti_sysbios_knl_Clock_stop                                          
0000f051  ti_sysbios_runtime_SystemSupport_exit                              
0000f05f  TI_memset_small                                                    
0000f06d  __TI_decompress_none                                               
0000f087  BIOS_getThreadType                                                 
0000f093  ClockP_getSystemTickPeriod                                         
0000f09f  EthernetUDP_available                                              
0000f0ab  EthernetUDP_rawIPAddress                                           
0000f0b7  EthernetUDP_remotePort                                             
0000f0c3  I2C_Params_init                                                    
0000f0cf  NOROM_CPUcpsid                                                     
0000f0db  NOROM_CPUcpsie                                                     
0000f0f5  PowerCC26X2_oscClockSourceGet                                      
0000f101  PowerCC26X2_setPeriphDeepSleepEnable                               
0000f10d  PowerCC26X2_sysCtrlGetResetSource                                  
0000f119  PowerCC26X2_sysCtrlVoltageConditionalControl                       
0000f125  Power_getConstraintMask                                            
0000f131  RF_Params_init                                                     
0000f13d  Radio_GetCurrentProtocol                                           
0000f149  SPI_Params_init                                                    
0000f155  STV_ReadFromAddress                                                
0000f161  _register_lock                                                     
0000f16d  _register_unlock                                                   
0000f179  resetSS                                                            
0000f185  setSS                                                              
0000f19d  ti_sysbios_knl_Queue_head                                          
0000f1a9  ti_sysbios_knl_Queue_next                                          
0000f1b5  ti_sysbios_knl_Queue_prev                                          
0000f1c1  ti_sysbios_knl_Swi_getTrigger                                      
0000f1cd  ti_sysbios_knl_Swi_postInit                                        
0000f1d9  ti_sysbios_knl_Swi_self                                            
0000f1e5  ti_sysbios_knl_Task_self                                           
0000f20f  PowerCC26X2_sysCtrlStandby                                         
0000f219  RadioQueue_getDQpointer                                            
0000f223  SPICC26X2DMA_init                                                  
0000f22d  UDMACC26XX_hwiIntFxn                                               
0000f269  ti_sysbios_knl_Swi_startup                                         
0000f273  ti_sysbios_runtime_Error_check                                     
0000f291  Boot_trimDevice                                                    
0000f299  DHCP_presend_DHCP                                                  
0000f2a9  I2CSupport_masterFinish                                            
0000f2b1  NOROM_CPUdelay                                                     
0000f2c9  PowerCC26X2_oschfTrySwitchToXosc                                   
0000f2d1  ResetISR                                                           
0000f2d9  __aeabi_errno_addr                                                 
0000f2e1  _system_post_cinit                                                 
0000f2e9  _system_pre_init                                                   
0000f2f9  ti_sysbios_family_arm_m3_Hwi_startup                               
0000f301  ti_sysbios_runtime_Startup_reset                                   
0000f309  ti_sysbios_runtime_System_exitSpin                                 
0000f311  I2CSupport_powerRelConstraint                                      
0000f317  I2CSupport_powerSetConstraint                                      
0000f329  SPI_transfer                                                       
0000f32f  random                                                             
0000f335  NOROM_RFCOverrideUpdate                                            
0000f33d  PowerCC26X2_oschfSwitchToRcosc                                     
0000f341  PowerCC26X2_sysCtrlIdle                                            
0000f345  PowerCC26X2_turnOnXosc                                             
0000f349  RF_defaultExecutionPolicy                                          
0000f355  ti_sysbios_gates_GateMutex_canBlock                                
0000f359  ti_sysbios_knl_TaskSupport_getStackAlignment                       
0000f35d  ti_sysbios_runtime_Memory_getMaxDefaultTypeAlign                   
0000f361  ti_sysbios_runtime_SystemSupport_ready                             
0000f365  __aeabi_memcpy                                                     
0000f365  __aeabi_memcpy4                                                    
0000f365  __aeabi_memcpy8                                                    
0000f368  __c_args__                                                         
0000f95f  GPIO_pinLowerBound                                                 
000102e2  GPIO_pinUpperBound                                                 
000102e3  I2C_count                                                          
00010490  __aeabi_ctype_table_                                               
00010490  __aeabi_ctype_table_C                                              
000108d3  SPI_count                                                          
000108d4  ti_sysbios_family_arm_m3_Hwi_swiTaskKeyAddress                     
00010a09  TemperatureCC26X2_config                                           
00010a0a  resourceDB                                                         
00010a5e  ti_sysbios_knl_Clock_tickMode                                      
00010a5f  ti_sysbios_knl_Task_checkStackFlag                                 
00010a60  spiCC26X2DMAHWAttrs                                                
00010ac5  ti_sysbios_knl_Task_initStackFlag                                  
00010b10  SPI_defaultParams                                                  
00010b30  SSD1306_InitSequence                                               
00010b8c  SPICC26X2DMA_fxnTable                                              
00010bd4  i2cCC26xxHWAttrs                                                   
00010c1c  PowerCC26X2_config                                                 
00010c58  GPIO_config                                                        
00010c78  RFCC26XX_hwAttrs                                                   
00010c84  SPI_config                                                         
00010cbc  I2C_config                                                         
00010cc4  UDMACC26XX_config                                                  
00010cd4  ti_sysbios_knl_Idle_funcList                                       
00010cdc  udmaCC26XXHWAttrs                                                  
00010cf0  ti_sysbios_knl_Clock_tickPeriod                                    
00010cf4  ti_sysbios_knl_Swi_numPriorities                                   
00010ed4  __TI_Handler_Table_Base                                            
00010ee0  __TI_Handler_Table_Limit                                           
00010f08  __TI_CINIT_Base                                                    
00010f38  __TI_CINIT_Limit                                                   
00010f38  __TI_CINIT_Warm                                                    
0004ffa8  __ccfg                                                             
20000000  __start___llvm_prf_bits                                            
20000000  __start___llvm_prf_cnts                                            
20000000  __stop___llvm_prf_bits                                             
20000000  __stop___llvm_prf_cnts                                             
20000000  ti_sysbios_family_arm_m3_Hwi_ramVectors                            
200000d8  PowerCC26X2_module                                                 
2000024c  gpioPinConfigs                                                     
20000330  ti_sysbios_knl_Clock_Module_state                                  
20000454  ble_pOverridesCommon                                               
200004a8  RFCMD_ieeeRX                                                       
200004e8  ti_sysbios_family_arm_m3_Hwi_Module_state                          
20000524  ti_sysbios_knl_Task_Module_state                                   
20000560  BIOS_Module_state                                                  
2000058c  ti_sysbios_knl_Swi_Module_state                                    
200005b4  RFCMD_bleRadioSetup                                                
200005d8  RFCMD_bleGenericRX                                                 
200005f8  ble_pOverrides2Mbps                                                
20000614  RFCMD_bleFrequencySynthesizer                                      
2000062c  RFCMD_ieeeFrequencySynthesizer                                     
20000644  RFCMD_ieeeRadioSetup                                               
2000065c  ble_pOverrides1Mbps                                                
20000674  RFCMD_bleGenericRXPar                                              
20000688  ble_pOverridesCoded                                                
2000069c  Ethernet_server_port                                               
200006ac  RFCMD_bleModeObject                                                
200006bc  RFCMD_ieeeModeObject                                               
200006cc  _hposcCoeffs                                                       
200006dc  ieee_pOverrides                                                    
200006ec  ti_sysbios_runtime_SysMin_Module_state                             
200006fc  ti_sysbios_family_arm_cc26xx_Timer_Module_state                    
20000708  ti_sysbios_runtime_Error_ignore                                    
20000714  ti_sysbios_runtime_System_Module_state                             
20000728  RFCC26XX_schedulerPolicy                                           
20000738  ti_sysbios_gates_GateMutex_Module_state                            
20000740  ti_sysbios_heaps_HeapMem_Module_state                              
20000748  ti_sysbios_knl_Semaphore_Module_state                              
20000754  EthernetClientPrintMethods                                         
20000758  EthernetUDPPrintMethods                                            
20000760  __aeabi_errno                                                      
20000764  _lock                                                              
20000768  _unlock                                                            
20000770  ti_sysbios_runtime_Memory_defaultHeapInstance                      
20000779  ti_sysbios_knl_Idle_initDone                                       
2000077a  ti_sysbios_runtime_Startup_done                                    
20001a50  __primary_heap_start__                                             
20005a50  __primary_heap_end__                                               
20007690  ti_sysbios_knl_Idle_taskStack                                      
20007a90  ti_sysbios_runtime_SysMin_outbuf                                   
2000830c  i2cCC26xxObjects                                                   
2000844c  _CIOBUF_                                                           
2000844c  __CIOBUF_                                                          
20008570  rfObject                                                           
20008670  spiCC26X2DMAObjects                                                
20008770  ti_sysbios_family_arm_m3_Hwi_dispatchTable                         
20008848  gpioCallbackFunctions                                              
200088c4  gpioUserArgs                                                       
200089a8  ti_sysbios_knl_ClockSupport_timerStruct                            
20008a08  ti_sysbios_knl_Idle_taskStruct                                     
20008b24  ti_sysbios_knl_Swi_readyQs                                         
20008b54  ti_sysbios_knl_Task_readyQs                                        
20008b84  BIOS_heapMemObject                                                 
20008bb0  BIOS_rtsGate                                                       
20008bd8  ti_sysbios_heaps_HeapMem_gate                                      
20008c00  dashboardTaskParams                                                
20008c24  initTaskParams                                                     
20008c48  sniffingTaskParams                                                 
20008c6c  Ethernet                                                           
20008c8c  rfParams                                                           
20008cac  ti_sysbios_runtime_System_atexitHandlers                           
20008ccc  udmaCC26XXObject                                                   
20008d24  ti_sysbios_hal_Seconds_Module_state                                
20008d48  ethernetUdp                                                        
20008d58  ieeeStats                                                          
20008d68  Dashboard_SemaphoreParams                                          
20008d74  Init_SemaphoreParams                                               
20008d80  bleStats                                                           
20008d9c  parmbuf                                                            
20008dbc  Dashboard_SemaphoreHandle                                          
20008dc0  Init_SemaphoreHandle                                               
20008dc4  PowerCC26XX_swiKey                                                 
20008dc8  PowerCC26XX_taskKey                                                
20008dcc  dashboardTaskHandle                                                
20008dd0  initTaskHandle                                                     
20008dd4  rfHandle                                                           
20008dd8  sniffingTaskHandle                                                 
20008ddc  spi                                                                
20008de0  ti_sysbios_family_arm_cc26xx_TimestampProvider_Module_state        
20008de4  ti_sysbios_knl_Task_defaultStackHeap                               
20008dea  _counter                                                           
20008dec  ethernetServer                                                     
20008dee  rfCmdHandle                                                        
20008df0  CurrentRfProtocol                                                  
20011a00  __stack                                                            
20012000  __STACK_END                                                        
ffffffff  __TI_pprof_out_hndl                                                
ffffffff  __TI_prof_data_size                                                
ffffffff  __TI_prof_data_start                                               
ffffffff  __binit__                                                          
ffffffff  binit                                                              
UNDEFED   ITM_flush                                                          
UNDEFED   ITM_restore                                                        
UNDEFED   __mpu_init                                                         

[758 symbols]
