******************************************************************************
            TI ARM Clang Linker PC v2.1.2                      
******************************************************************************
>> Linked Tue Oct  3 22:07:19 2023

OUTPUT FILE NAME:   <multiSniff_LP_CC2652RB_tirtos7_ticlang2.out>
ENTRY POINT SYMBOL: "ResetISR"  address: 000065a3


MEMORY CONFIGURATION

         name            origin    length      used     unused   attr    fill
----------------------  --------  ---------  --------  --------  ----  --------
  FLASH                 00000000   00058000  00007838  000507c8  R  X
  GPRAM                 11000000   00002000  00000000  00002000  RW X
  SRAM                  20000000   00014000  00005a89  0000e577  RW X
  LOG_DATA              90000000   00040000  00000000  00040000  R   


SEGMENT ALLOCATION MAP

run origin  load origin   length   init length attrs members
----------  ----------- ---------- ----------- ----- -------
00000000    00000000    00007630   00007630    r-x
  00000000    00000000    0000003c   0000003c    r-- .resetVecs
  0000003c    0000003c    00000004   00000004    r-- .rodata.1
  00000040    00000040    0000658c   0000658c    r-x .text
  000065cc    000065cc    00001064   00001064    r-- .rodata.2
00007630    00007630    00000008   00000008    rw-
  00007630    00007630    00000008   00000008    rw- .args
00007638    00007638    000001a8   000001a8    r--
  00007638    00007638    000001a8   000001a8    r-- .cinit
00057fa8    00057fa8    00000058   00000058    r--
  00057fa8    00057fa8    00000058   00000058    r-- .ccfg
200000d8    200000d8    00004000   00000000    r--
  200000d8    200000d8    00004000   00000000    r-- .priheap
200040d8    200040d8    000013b1   00000000    rw-
  200040d8    200040d8    00000de8   00000000    rw- .bss
  20004ec0    20004ec0    000005c9   00000000    rw- .data
20013a00    20013a00    00000600   00000000    rw-
  20013a00    20013a00    00000600   00000000    rw- .stack


SECTION ALLOCATION MAP

 output                                  attributes/
section   page    origin      length       input sections
--------  ----  ----------  ----------   ----------------
.binit     0    00000000    00000000     

.cinit     0    00007638    000001a8     
                  00007638    00000181     (.cinit..data.load) [load image, compression = lzss]
                  000077b9    00000003     --HOLE-- [fill = 0]
                  000077bc    0000000c     (__TI_handler_table)
                  000077c8    00000008     (.cinit..bss.load) [load image, compression = zero_init]
                  000077d0    00000010     (__TI_cinit_table)

.init_array 
*          0    00000000    00000000     UNINITIALIZED

.ccfg      0    00057fa8    00000058     
                  00057fa8    00000058     ti_devices_config.o (.ccfg)

.bss       0    200040d8    00000de8     UNINITIALIZED
                  200040d8    00000400     (.common:ti_sysbios_runtime_SysMin_outbuf)
                  200044d8    000002c0     rf_multiMode_cc26x2.a : RFCC26X2_multiMode.c.cc26x2.ticlang.o (.bss.RF_cmdPool)
                  20004798    00000200     (.common:ti_sysbios_knl_Idle_taskStack)
                  20004998    00000120     libsysbm.a : trgmsg.c.obj (.bss:_CIOBUF_)
                  20004ab8    000000d8     (.common:ti_sysbios_family_arm_m3_Hwi_dispatchTable)
                  20004b90    00000068     rf_multiMode_cc26x2.a : RFCC26X2_multiMode.c.cc26x2.ticlang.o (.bss.RF_ratModule)
                  20004bf8    00000060     (.common:ti_sysbios_knl_ClockSupport_timerStruct)
                  20004c58    00000058     (.common:ti_sysbios_knl_Idle_taskStruct)
                  20004cb0    00000044                           : RFCC26X2_multiMode.c.cc26x2.ticlang.o (.bss.RF_clkInactivityObj)
                  20004cf4    00000044                           : RFCC26X2_multiMode.c.cc26x2.ticlang.o (.bss.RF_clkPowerUpObj)
                  20004d38    0000003c                           : RFCC26X2_multiMode.c.cc26x2.ticlang.o (.bss.RF_swiHwObj)
                  20004d74    00000030     (.common:ti_sysbios_knl_Swi_readyQs)
                  20004da4    00000030     (.common:ti_sysbios_knl_Task_readyQs)
                  20004dd4    0000002c     (.common:BIOS_heapMemObject)
                  20004e00    00000028     (.common:BIOS_rtsGate)
                  20004e28    00000028     (.common:ti_sysbios_heaps_HeapMem_gate)
                  20004e50    00000024     (.common:testParams)
                  20004e74    00000020     (.common:ti_sysbios_runtime_System_atexitHandlers)
                  20004e94    00000008     (.common:parmbuf)
                  20004e9c    00000004     driverlib.lib : osc.o (.bss.oscHfGlobals.0)
                  20004ea0    00000004                   : osc.o (.bss.oscHfGlobals.2)
                  20004ea4    00000004                   : osc.o (.bss.oscHfGlobals.3)
                  20004ea8    00000004                   : osc.o (.bss.oscHfGlobals.4)
                  20004eac    00000004     (.common:PowerCC26XX_swiKey)
                  20004eb0    00000004     (.common:PowerCC26XX_taskKey)
                  20004eb4    00000004     (.common:testHandle)
                  20004eb8    00000004     (.common:ti_sysbios_family_arm_cc26xx_TimestampProvider_Module_state)
                  20004ebc    00000004     (.common:ti_sysbios_knl_Task_defaultStackHeap)

.data      0    20004ec0    000005c9     UNINITIALIZED
                  20004ec0    00000174     drivers_cc26x2.a : PowerCC26X2.c.obj (.data.PowerCC26X2_module)
                  20005034    00000078     ti_sysbios_config.o (.data..L_MergedGlobals)
                  200050ac    00000068     rf_multiMode_cc26x2.a : RFCC26X2_multiMode.c.cc26x2.ticlang.o (.data..L_MergedGlobals.1)
                  20005114    00000004                           : RFCC26X2_multiMode.c.cc26x2.ticlang.o (.data.RF_fsmActiveState.lfClockSourceLast)
                  20005118    00000068     ti_sysbios_config.o (.data..L_MergedGlobals.70)
                  20005180    00000068     ti_sysbios_config.o (.data.ti_sysbios_knl_Clock_Module_state)
                  200051e8    00000064     rf_multiMode_cc26x2.a : RFCC26X2_multiMode.c.cc26x2.ticlang.o (.data..L_MergedGlobals.3)
                  2000524c    00000058                           : RFCC26X2_multiMode.c.cc26x2.ticlang.o (.data..L_MergedGlobals.2)
                  200052a4    00000054     ti_radio_config.o (.data.ble_pOverridesCommon)
                  200052f8    00000040     ti_radio_config.o (.data.RFCMD_ieeeRX)
                  20005338    0000003c     ti_sysbios_config.o (.data.ti_sysbios_knl_Task_Module_state)
                  20005374    00000024     ti_radio_config.o (.data.RFCMD_bleRadioSetup)
                  20005398    00000020     ti_radio_config.o (.data.RFCMD_bleGenericRX)
                  200053b8    0000001c     ti_radio_config.o (.data.ble_pOverrides2Mbps)
                  200053d4    00000018     ti_radio_config.o (.data.RFCMD_bleFrequencySynthesizer)
                  200053ec    00000018     ti_radio_config.o (.data.ble_pOverrides1Mbps)
                  20005404    00000014     ti_radio_config.o (.data.RFCMD_bleGenericRXPar)
                  20005418    00000014     ti_radio_config.o (.data.ble_pOverridesCoded)
                  2000542c    00000010     ti_radio_config.o (.data.RFCMD_bleModeObject)
                  2000543c    00000010     driverlib.lib : osc.o (.data._hposcCoeffs)
                  2000544c    0000000c     radio_queue.o (.data..L_MergedGlobals)
                  20005458    00000008     rf_multiMode_cc26x2.a : RFCC26X2_multiMode.c.cc26x2.ticlang.o (.data..L_MergedGlobals)
                  20005460    00000008                           : RFCC26X2_multiMode.c.cc26x2.ticlang.o (.data.RFCC26XX_schedulerPolicy)
                  20005468    00000008     ti_sysbios_config.o (.data.ti_sysbios_gates_GateMutex_Module_state)
                  20005470    00000008     ti_sysbios_config.o (.data.ti_sysbios_heaps_HeapMem_Module_state)
                  20005478    00000008     ti_sysbios_config.o (.data.ti_sysbios_knl_Semaphore_Module_state)
                  20005480    00000004     libc.a : _lock.c.obj (.data._lock)
                  20005484    00000004            : _lock.c.obj (.data._unlock)
                  20005488    00000001     rf_multiMode_cc26x2.a : rf_patch_cpe_bt5.c.cc26x2.ticlang.o (.data.bBt5PatchEntered)

.stack     0    20013a00    00000600     UNINITIALIZED
                  20013a00    00000004     sysbios.a : boot_cortex_m.obj (.stack)
                  20013a04    000005fc     --HOLE--

.priheap   0    200000d8    00004000     UNINITIALIZED
                  200000d8    00004000     --HOLE--

.log_data 
*          0    90000000    00000000     COPY SECTION

.resetVecs 
*          0    00000000    0000003c     
                  00000000    0000003c     ti_sysbios_config.o (.resetVecs)

.vecs      0    20000000    000000d8     NOLOAD SECTION
                  20000000    000000d8     ti_sysbios_config.o (.vecs)

__llvm_prf_cnts 
*          0    20000000    00000000     UNINITIALIZED

__llvm_prf_bits 
*          0    20000000    00000000     UNINITIALIZED

.rodata.1 
*          0    0000003c    00000004     
                  0000003c    00000004     ti_sysbios_config.o (.rodata.ti_sysbios_family_arm_m3_Hwi_swiTaskKeyAddress)

.text      0    00000040    0000658c     
                  00000040    00000498     rf_multiMode_cc26x2.a : RFCC26X2_multiMode.c.cc26x2.ticlang.o (.text.RF_fsmActiveState)
                  000004d8    00000304     ti_sysbios_config.o (.text.ti_sysbios_runtime_System_doPrint)
                  000007dc    0000029c     rf_multiMode_cc26x2.a : RFCC26X2_multiMode.c.cc26x2.ticlang.o (.text.RF_open)
                  00000a78    000001dc                           : RFCC26X2_multiMode.c.cc26x2.ticlang.o (.text.RF_dispatchNextCmd)
                  00000c54    000001b6     libclang_rt.builtins.a : adddf3.S.obj (.text)
                  00000e0a    00000002     ti_sysbios_config.o (.text.BIOS_nullFunc)
                  00000e0c    00000194     drivers_cc26x2.a : PowerCC26X2_calibrateRCOSC.c.obj (.text.PowerCC26X2_auxISR)
                  00000fa0    0000017c     log.o (.text.Log_print)
                  0000111c    00000158     drivers_cc26x2.a : PowerCC26X2.c.obj (.text.Power_sleep)
                  00001274    00000148     rf_multiMode_cc26x2.a : RFCC26X2_multiMode.c.cc26x2.ticlang.o (.text.RF_radioOpDoneCb)
                  000013bc    00000004     ti_sysbios_config.o (.text.ClockP_getSystemTickPeriod)
                  000013c0    00000144     ti_sysbios_config.o (.text.ti_sysbios_runtime_System_printfExtend)
                  00001504    0000012c     rf_multiMode_cc26x2.a : RFCC26X2_multiMode.c.cc26x2.ticlang.o (.text.RF_fsmSetupState)
                  00001630    00000124                           : RFCC26X2_multiMode.c.cc26x2.ticlang.o (.text.RF_abortCmd)
                  00001754    00000120     ti_sysbios_config.o (.text.ti_sysbios_family_arm_cc26xx_Timer_construct)
                  00001874    0000011c     sysbios.a : Hwi_asm_gnu.obj (.text.ti_sysbios_family_arm_m3_Hwi_dispatch)
                  00001990    00000118     drivers_cc26x2.a : PowerCC26X2.c.obj (.text.Power_init)
                  00001aa8    00000118     rf_multiMode_cc26x2.a : RFCC26X2_multiMode.c.cc26x2.ticlang.o (.text.RF_decodeOverridePointers)
                  00001bc0    0000010c     drivers_cc26x2.a : PowerCC26X2_calibrateRCOSC.c.obj (.text.PowerCC26X2_calibrate)
                  00001ccc    00000108     rf_multiMode_cc26x2.a : RFCC26X2_multiMode.c.cc26x2.ticlang.o (.text.RF_fsmPowerUpState)
                  00001dd4    000000fc                           : RFCC26X2_multiMode.c.cc26x2.ticlang.o (.text.RF_hwiCpe0Active)
                  00001ed0    000000fc     libclang_rt.builtins.a : muldf3.S.obj (.text)
                  00001fcc    000000f4     driverlib.lib : sys_ctrl.o (.text.NOROM_SysCtrlStandby)
                  000020c0    000000e4                   : setup.o (.text.NOROM_SetupTrimDevice)
                  000021a4    000000e4     ti_sysbios_config.o (.text.ti_sysbios_knl_Semaphore_pend)
                  00002288    000000d8     ti_sysbios_config.o (.text.ti_sysbios_family_arm_m3_Hwi_excFillContext)
                  00002360    000000d0     drivers_cc26x2.a : PowerCC26X2.c.obj (.text.configureXOSCHF)
                  00002430    000000cc     rf_multiMode_cc26x2.a : RFCC26X2_multiMode.c.cc26x2.ticlang.o (.text.RF_postCmd)
                  000024fc    000000cc     ti_sysbios_config.o (.text.ti_sysbios_knl_Clock_workFuncDynamic)
                  000025c8    000000ca     rf_multiMode_cc26x2.a : RFCC26X2_multiMode.c.cc26x2.ticlang.o (.text.RF_updatePaConfiguration)
                  00002692    000000c4     driverlib.lib : setup.o (.text.TrimAfterColdResetWakeupFromShutDown)
                  00002756    00000002     rf_multiMode_cc26x2.a : rfc.c.cc26x2.ticlang.o (.text.NOROM_RFCCpePatchReset)
                  00002758    000000bc                           : RFCC26X2_multiMode.c.cc26x2.ticlang.o (.text.RF_swiHw)
                  00002814    000000b8     ti_sysbios_config.o (.text.ti_sysbios_knl_Task_Instance_finalize)
                  000028cc    000000b4     driverlib.lib : osc.o (.text.NOROM_OSCHF_AttemptToSwitchToXosc)
                  00002980    000000b4     ti_sysbios_config.o (.text.PowerCC26XX_standbyPolicy)
                  00002a34    000000b4     drivers_cc26x2.a : PowerCC26X2.c.obj (.text.Power_releaseDependency)
                  00002ae8    000000b0                      : PowerCC26X2.c.obj (.text.Power_setDependency)
                  00002b98    000000b0     libclang_rt.builtins.a : udivmoddi4.S.obj (.text)
                  00002c48    000000ac     rf_multiMode_cc26x2.a : RFCC26X2_multiMode.c.cc26x2.ticlang.o (.text.RF_pendCmd)
                  00002cf4    000000a4                           : RFCC26X2_multiMode.c.cc26x2.ticlang.o (.text.RF_initRadioSetup)
                  00002d98    000000a4     ti_sysbios_config.o (.text.ti_sysbios_knl_Task_Instance_init)
                  00002e3c    000000a0     rf_multiMode_cc26x2.a : RFCC26X2_multiMode.c.cc26x2.ticlang.o (.text.RF_calculateDispatchTime)
                  00002edc    0000009c     main_tirtos.o (.text.testTask)
                  00002f78    00000098     rf_multiMode_cc26x2.a : RFCC26X2_multiMode.c.cc26x2.ticlang.o (.text.RF_defaultSubmitPolicy)
                  00003010    00000096                           : RFCC26X2_multiMode.c.cc26x2.ticlang.o (.text.RF_verifyGap)
                  000030a6    00000002                           : RFCC26X2_multiMode.c.cc26x2.ticlang.o (.text.RF_defaultCallback)
                  000030a8    00000094                           : RFCC26X2_multiMode.c.cc26x2.ticlang.o (.text.RF_ratRestartChannels)
                  0000313c    00000094     ti_sysbios_config.o (.text.ti_sysbios_knl_Clock_startI)
                  000031d0    0000008c     ti_sysbios_config.o (.text.ti_sysbios_knl_Clock_init)
                  0000325c    00000088     rf_multiMode_cc26x2.a : RFCC26X2_multiMode.c.cc26x2.ticlang.o (.text.RF_cmdDispatchTime)
                  000032e4    00000088                           : RFCC26X2_multiMode.c.cc26x2.ticlang.o (.text.RF_discardPendCmd)
                  0000336c    00000080     driverlib.lib : sys_ctrl.o (.text.NOROM_SysCtrlSetRechargeBeforePowerDown)
                  000033ec    00000080     ti_sysbios_config.o (.text.ti_sysbios_family_arm_m3_Hwi_initNVIC)
                  0000346c    0000007e     driverlib.lib : chipinfo.o (.text.NOROM_ChipInfo_GetChipType)
                  000034ea    00000002     libclang_rt.builtins.a : aeabi_div0.c.obj (.text.__aeabi_ldiv0)
                  000034ec    0000007c     ti_sysbios_config.o (.text.ti_sysbios_family_arm_m3_Hwi_postInit)
                  00003568    00000078     driverlib.lib : osc.o (.text.NOROM_OSCHF_SwitchToRcOscTurnOffXosc)
                  000035e0    00000078                   : osc.o (.text.NOROM_OSC_CapArrayAdjustWorkaround_Boot)
                  00003658    00000078     rf_multiMode_cc26x2.a : RFCC26X2_multiMode.c.cc26x2.ticlang.o (.text.RF_ratFreeChannel)
                  000036d0    00000078     ti_sysbios_config.o (.text.ti_sysbios_knl_Task_postInit)
                  00003748    00000074     drivers_cc26x2.a : PowerCC26X2_calibrateRCOSC_helpers.c.obj (.text.PowerCC26X2_updateSubSecInc)
                  000037bc    00000074     rf_multiMode_cc26x2.a : RFCC26X2_multiMode.c.cc26x2.ticlang.o (.text.RF_hwiHw)
                  00003830    00000074     radio_api.o (.text.Radio_initRXCmd)
                  000038a4    00000074     ti_sysbios_config.o (.text.ti_sysbios_knl_Swi_restoreHwi)
                  00003918    00000070     ti_sysbios_config.o (.text.ti_sysbios_family_arm_m3_Hwi_Instance_init)
                  00003988    00000070     ti_sysbios_config.o (.text.ti_sysbios_knl_Task_startup)
                  000039f8    00000070     ti_sysbios_config.o (.text.ti_sysbios_runtime_System_formatNum)
                  00003a68    0000006e     libclang_rt.builtins.a : comparedf2.c.obj (.text.__gedf2)
                  00003ad6    00000002     libc.a : _lock.c.obj (.text._nop)
                  00003ad8    0000006e     libclang_rt.builtins.a : comparedf2.c.obj (.text.__ledf2)
                  00003b46    00000002     drivers_cc26x2.a : PowerCC26X2.c.obj (.text.emptyClockFunc)
                  00003b48    0000006c     rf_multiMode_cc26x2.a : RFCC26X2_multiMode.c.cc26x2.ticlang.o (.text.RF_issueRadioFreeCb)
                  00003bb4    0000006c     ti_sysbios_config.o (.text.ti_sysbios_family_arm_m3_Hwi_dispatchC)
                  00003c20    0000006a     libc.a : copy_decompress_lzss.c.obj (.text:decompress:lzss)
                  00003c8a    00000068     rf_multiMode_cc26x2.a : RFCC26X2_multiMode.c.cc26x2.ticlang.o (.text.RF_detachOverrides)
                  00003cf2    00000002     ti_sysbios_config.o (.text.ti_sysbios_runtime_System_exitSpin)
                  00003cf4    00000068     ti_sysbios_config.o (.text.ti_sysbios_knl_Swi_run)
                  00003d5c    00000064     drivers_cc26x2.a : PowerCC26X2_calibrateRCOSC.c.obj (.text.PowerCC26X2_initiateCalibration)
                  00003dc0    00000064     rf_multiMode_cc26x2.a : RFCC26X2_multiMode.c.cc26x2.ticlang.o (.text.RF_attachOverrides)
                  00003e24    00000064                           : RFCC26X2_multiMode.c.cc26x2.ticlang.o (.text.RF_dispatchNextEvent)
                  00003e88    00000064                           : RFCC26X2_multiMode.c.cc26x2.ticlang.o (.text.RF_hwiCpe0PowerFsm)
                  00003eec    00000064     drivers_cc26x2.a : PowerCC26X2.c.obj (.text.oscillatorISR)
                  00003f50    00000064     ti_sysbios_config.o (.text.ti_sysbios_knl_Idle_init)
                  00003fb4    00000064     ti_sysbios_config.o (.text.ti_sysbios_knl_TaskSupport_buildTaskStack)
                  00004018    00000062     rf_multiMode_cc26x2.a : RFCC26X2_multiMode.c.cc26x2.ticlang.o (.text.RF_syncCb)
                  0000407a    00000002     --HOLE-- [fill = 0]
                  0000407c    00000062     libclang_rt.builtins.a : aeabi_dcmp.S.obj (.text)
                  000040de    00000060     ti_sysbios_config.o (.text.ti_sysbios_heaps_HeapMem_allocUnprotected)
                  0000413e    00000002     --HOLE-- [fill = 0]
                  00004140    00000060     ti_sysbios_config.o (.text.ti_sysbios_knl_Clock_walkQueueDynamic)
                  000041a0    00000060     ti_sysbios_config.o (.text.ti_sysbios_knl_Semaphore_post)
                  00004200    00000060     ti_sysbios_config.o (.text.ti_sysbios_knl_Swi_schedule)
                  00004260    0000005e     rf_multiMode_cc26x2.a : rfc.c.cc26x2.ticlang.o (.text.NOROM_RFCAnaDivTxOverride)
                  000042be    00000002     --HOLE-- [fill = 0]
                  000042c0    00000058                           : RFCC26X2_multiMode.c.cc26x2.ticlang.o (.text.RF_applyRfCorePatch)
                  00004318    00000058     sysbios.a : Hwi_asm_switch_gnu.obj (.text.ti_sysbios_family_arm_m3_Hwi_initStacks)
                  00004370    00000054     libsysbm.a : hostwrite.c.obj (.text.HOSTwrite)
                  000043c4    00000054     rf_multiMode_cc26x2.a : RFCC26X2_multiMode.c.cc26x2.ticlang.o (.text.RF_fsmXOSCState)
                  00004418    00000054                           : RFCC26X2_multiMode.c.cc26x2.ticlang.o (.text.RF_getCurrentTime)
                  0000446c    00000054     ti_sysbios_config.o (.text.ti_sysbios_runtime_Startup_exec)
                  000044c0    00000052     driverlib.lib : chipinfo.o (.text.NOROM_ChipInfo_GetHwRevision)
                  00004512    00000002     --HOLE-- [fill = 0]
                  00004514    00000050     rf_multiMode_cc26x2.a : RFCC26X2_multiMode.c.cc26x2.ticlang.o (.text.RF_wakeupNotification)
                  00004564    00000050     ti_sysbios_config.o (.text.ti_sysbios_knl_Swi_post)
                  000045b4    00000050     ti_sysbios_config.o (.text.ti_sysbios_knl_Swi_runLoop)
                  00004604    0000004e     ti_sysbios_config.o (.text.ti_sysbios_heaps_HeapMem_freeUnprotected)
                  00004652    00000002     --HOLE-- [fill = 0]
                  00004654    0000004c     ti_sysbios_config.o (.text.BIOS_startFunc)
                  000046a0    0000004c     driverlib.lib : osc.o (.text.NOROM_OSC_HPOSCRelativeFrequencyOffsetGet)
                  000046ec    0000004c     rf_multiMode_cc26x2.a : rf_patch_cpe_bt5.c.cc26x2.ticlang.o (.text.configureBt5Patch)
                  00004738    0000004c     drivers_cc26x2.a : PowerCC26X2.c.obj (.text.switchXOSCHF)
                  00004784    0000004c     ti_sysbios_config.o (.text.ti_sysbios_knl_Swi_Instance_init)
                  000047d0    00000048     ti_sysbios_config.o (.text.BIOS_init)
                  00004818    00000048     driverlib.lib : aux_sysif.o (.text.NOROM_AUXSYSIFOpModeChange)
                  00004860    00000048     rf_multiMode_cc26x2.a : rfc.c.cc26x2.ticlang.o (.text.NOROM_RFCSynthPowerDown)
                  000048a8    00000048     drivers_cc26x2.a : PowerCC26X2.c.obj (.text.PowerCC26XX_switchXOSC_HF)
                  000048f0    00000048     ti_sysbios_config.o (.text.ti_sysbios_family_arm_cc26xx_Timer_start)
                  00004938    00000048     ti_sysbios_config.o (.text.ti_sysbios_heaps_HeapMem_Instance_init)
                  00004980    00000048     ti_sysbios_config.o (.text.ti_sysbios_heaps_HeapMem_alloc)
                  000049c8    00000048     ti_sysbios_config.o (.text.ti_sysbios_knl_Task_schedule)
                  00004a10    00000048     libclang_rt.builtins.a : fixdfsi.S.obj (.text)
                  00004a58    00000044     ti_sysbios_config.o (.text.BIOS_atExitFunc)
                  00004a9c    00000044     driverlib.lib : prcm.o (.text.NOROM_PRCMPowerDomainsAllOff)
                  00004ae0    00000044                   : prcm.o (.text.NOROM_PRCMPowerDomainsAllOn)
                  00004b24    00000044     rf_multiMode_cc26x2.a : RFCC26X2_multiMode.c.cc26x2.ticlang.o (.text.RF_cmdGet)
                  00004b68    00000044                           : RFCC26X2_multiMode.c.cc26x2.ticlang.o (.text.RF_updatePowerupDuration)
                  00004bac    00000044     ti_sysbios_config.o (.text.ti_sysbios_family_arm_m3_Hwi_construct2)
                  00004bf0    00000044     ti_sysbios_config.o (.text.ti_sysbios_family_arm_m3_Hwi_disableInterrupt)
                  00004c34    00000044     ti_sysbios_config.o (.text.ti_sysbios_family_arm_m3_Hwi_enableInterrupt)
                  00004c78    00000044     ti_sysbios_config.o (.text.ti_sysbios_knl_Swi_restore)
                  00004cbc    00000044     libclang_rt.builtins.a : fixunsdfsi.S.obj (.text)
                  00004d00    00000040     drivers_cc26x2.a : PowerCC26X2_calibrateRCOSC.c.obj (.text.PowerCC26X2_RCOSC_clockFunc)
                  00004d40    00000040                      : PowerCC26X2_calibrateRCOSC_helpers.c.obj (.text.PowerCC26X2_setAclkRefSrc)
                  00004d80    00000040     ti_sysbios_config.o (.text.ti_sysbios_heaps_HeapMem_getStats)
                  00004dc0    00000040     ti_sysbios_config.o (.text.ti_sysbios_knl_Clock_getTicksUntilInterrupt)
                  00004e00    00000040     ti_sysbios_config.o (.text.ti_sysbios_knl_Task_exit)
                  00004e40    0000003c     ti_sysbios_config.o (.text.HwiP_construct)
                  00004e7c    0000003c     driverlib.lib : sys_ctrl.o (.text.NOROM_SysCtrlIdle)
                  00004eb8    0000003c     drivers_cc26x2.a : PowerCC26X2_calibrateRCOSC_helpers.c.obj (.text.PowerCC26X2_setTdcClkSrc24M)
                  00004ef4    0000003c     ti_sysbios_config.o (.text.ti_sysbios_family_arm_cc26xx_Timer_periodicStub)
                  00004f30    0000003c     ti_sysbios_config.o (.text.ti_sysbios_family_arm_cc26xx_Timer_setThreshold)
                  00004f6c    0000003c     ti_sysbios_config.o (.text.ti_sysbios_heaps_HeapMem_construct)
                  00004fa8    0000003c     ti_sysbios_config.o (.text.ti_sysbios_knl_ClockSupport_init)
                  00004fe4    0000003c     ti_sysbios_config.o (.text.ti_sysbios_knl_Task_blockI)
                  00005020    0000003c     ti_sysbios_config.o (.text.ti_sysbios_knl_Task_create)
                  0000505c    0000003c     ti_sysbios_config.o (.text.ti_sysbios_knl_Task_restore)
                  00005098    0000003c     ti_sysbios_config.o (.text.ti_sysbios_runtime_Memory_alloc)
                  000050d4    0000003c     ti_sysbios_config.o (.text.ti_sysbios_runtime_SystemSupport_flush)
                  00005110    00000038     drivers_cc26x2.a : PowerCC26X2_helpers.c.obj (.text.PowerCC26X2_oscDisableQualifiers)
                  00005148    00000038     rf_multiMode_cc26x2.a : rf_patch_cpe_bt5.c.cc26x2.ticlang.o (.text.rf_patch_cpe_bt5)
                  00005180    00000038     ti_sysbios_config.o (.text.ti_sysbios_knl_Task_processVitalTaskFlag)
                  000051b8    00000038     libc.a : autoinit.c.obj (.text:__TI_auto_init_nobinit_nopinit)
                  000051f0    00000038     libclang_rt.builtins.a : extendsfdf2.S.obj (.text)
                  00005228    00000034     drivers_cc26x2.a : PowerCC26X2.c.obj (.text.Power_releaseConstraint)
                  0000525c    00000034     rf_multiMode_cc26x2.a : RFCC26X2_multiMode.c.cc26x2.ticlang.o (.text.RF_powerConstraintRelease)
                  00005290    00000034     radio_api.o (.text.Radio_beginRX)
                  000052c4    00000034     ti_sysbios_config.o (.text.SwiP_construct)
                  000052f8    00000034     libsysbm.a : trgmsg.c.obj (.text.__TI_writemsg)
                  0000532c    00000034     ti_sysbios_config.o (.text._pthread_cleanupFxn)
                  00005360    00000034     main_tirtos.o (.text.main)
                  00005394    00000034     ti_sysbios_config.o (.text.ti_sysbios_family_arm_m3_Hwi_getStackInfo)
                  000053c8    00000034     ti_sysbios_config.o (.text.ti_sysbios_family_arm_m3_Hwi_init)
                  000053fc    00000034     ti_sysbios_config.o (.text.ti_sysbios_knl_Clock_Instance_init)
                  00005430    00000034     ti_sysbios_config.o (.text.ti_sysbios_knl_Task_unblockI)
                  00005464    00000034     ti_sysbios_config.o (.text.ti_sysbios_runtime_Error_raiseX)
                  00005498    00000034     ti_sysbios_config.o (.text.ti_sysbios_runtime_SystemSupport_putch)
                  000054cc    00000034     ti_sysbios_config.o (.text.ti_sysbios_runtime_System_processAtExit)
                  00005500    00000034     sysbios.a : boot_cortex_m.obj (.text:_c_int00)
                  00005534    00000032     ti_sysbios_config.o (.text.ti_sysbios_knl_Semaphore_pendTimeout)
                  00005566    00000002     --HOLE-- [fill = 0]
                  00005568    00000030     ti_sysbios_config.o (.text.ClockP_construct)
                  00005598    00000030     drivers_cc26x2.a : PowerCC26X2.c.obj (.text.Power_setConstraint)
                  000055c8    00000030     rf_multiMode_cc26x2.a : RFCC26X2_multiMode.c.cc26x2.ticlang.o (.text.RF_checkCmdFsError)
                  000055f8    00000030     libsysbm.a : trgmsg.c.obj (.text.__TI_readmsg)
                  00005628    00000030     drivers_cc26x2.a : PowerCC26X2.c.obj (.text.notify)
                  00005658    00000030     ti_sysbios_config.o (.text.ti_sysbios_family_arm_m3_Hwi_excHandlerMin)
                  00005688    00000030     ti_sysbios_config.o (.text.ti_sysbios_heaps_HeapMem_free)
                  000056b8    00000030     ti_sysbios_config.o (.text.ti_sysbios_knl_TaskSupport_start)
                  000056e8    00000030     ti_sysbios_config.o (.text.ti_sysbios_runtime_System_atexit)
                  00005718    0000002e     driverlib.lib : chipinfo.o (.text.NOROM_ThisLibraryIsFor_CC13x2_CC26x2_HwRev20AndLater_HaltIfViolated)
                  00005746    0000002e     rf_multiMode_cc26x2.a : RFCC26X2_multiMode.c.cc26x2.ticlang.o (.text.RF_calculateDeltaTimeUs)
                  00005774    0000002e     libclang_rt.builtins.a : floatsidf.S.obj (.text)
                  000057a2    00000002     --HOLE-- [fill = 0]
                  000057a4    0000002c     ti_sysbios_config.o (.text.PowerCC26XX_schedulerDisable)
                  000057d0    0000002c     rf_multiMode_cc26x2.a : RFCC26X2_multiMode.c.cc26x2.ticlang.o (.text.RF_executeDirectImmediateCmd)
                  000057fc    0000002c     ti_sysbios_config.o (.text._pthread_delete)
                  00005828    0000002c     ti_sysbios_config.o (.text.ti_sysbios_gates_GateMutex_enter)
                  00005854    0000002c     ti_sysbios_config.o (.text.ti_sysbios_knl_Clock_getTicks)
                  00005880    0000002c     ti_sysbios_config.o (.text.ti_sysbios_knl_Clock_getTimeout)
                  000058ac    0000002c     ti_sysbios_config.o (.text.ti_sysbios_knl_Task_restoreHwi)
                  000058d8    0000002a     driverlib.lib : osc.o (.text.NOROM_OSCHF_TurnOnXosc)
                  00005902    0000002a     ti_sysbios_config.o (.text.ti_sysbios_family_arm_cc26xx_Timer_setNextTick)
                  0000592c    0000002a     ti_sysbios_config.o (.text.ti_sysbios_knl_Task_allBlockedFunction)
                  00005956    00000002     --HOLE-- [fill = 0]
                  00005958    00000028     ti_sysbios_config.o (.text.BIOS_registerRTSLock)
                  00005980    00000028     drivers_cc26x2.a : List.c.obj (.text.List_remove)
                  000059a8    00000028                      : PowerCC26X2.c.obj (.text.PowerCC26XX_isStableXOSC_HF)
                  000059d0    00000028     rf_multiMode_cc26x2.a : RFCC26X2_multiMode.c.cc26x2.ticlang.o (.text.RF_cmdStoreEvents)
                  000059f8    00000028     sysbios.a : Hwi_asm_gnu.obj (.text.ti_sysbios_family_arm_m3_Hwi_excHandlerAsm)
                  00005a20    00000028     ti_sysbios_config.o (.text.ti_sysbios_gates_GateMutex_Instance_init)
                  00005a48    00000028     ti_sysbios_config.o (.text.ti_sysbios_knl_Semaphore_Instance_init)
                  00005a70    00000028     ti_sysbios_config.o (.text.ti_sysbios_knl_Swi_init)
                  00005a98    00000028     sysbios.a : TaskSupport_asm_gnu.obj (.text.ti_sysbios_knl_TaskSupport_swap)
                  00005ac0    00000028     ti_sysbios_config.o (.text.ti_sysbios_knl_Task_construct)
                  00005ae8    00000028     ti_sysbios_config.o (.text.ti_sysbios_knl_Task_init)
                  00005b10    00000026     drivers_cc26x2.a : List.c.obj (.text.List_insert)
                  00005b36    00000026                      : List.c.obj (.text.List_putHead)
                  00005b5c    00000026     rf_multiMode_cc26x2.a : RFCC26X2_multiMode.c.cc26x2.ticlang.o (.text.RF_runCmd)
                  00005b82    00000002     --HOLE-- [fill = 0]
                  00005b84    00000024     ti_sysbios_config.o (.text.BIOS_removeRTSLock)
                  00005ba8    00000024     drivers_cc26x2.a : List.c.obj (.text.List_put)
                  00005bcc    00000024                      : PowerCC26X2_helpers.c.obj (.text.PowerCC26X2_getOscHfSourceReady)
                  00005bf0    00000024                      : PowerCC26X2_helpers.c.obj (.text.PowerCC26X2_setSubSecIncToXoscLf)
                  00005c14    00000024                      : PowerCC26X2_calibrateRCOSC_helpers.c.obj (.text.PowerCC26X2_writeCtrim)
                  00005c38    00000024                      : PowerCC26X2_calibrateRCOSC_helpers.c.obj (.text.PowerCC26X2_writeCtrimFract)
                  00005c5c    00000024                      : PowerCC26X2_calibrateRCOSC_helpers.c.obj (.text.PowerCC26X2_writeCtrimFractEn)
                  00005c80    00000024                      : PowerCC26X2_calibrateRCOSC_helpers.c.obj (.text.PowerCC26X2_writeRtrim)
                  00005ca4    00000024                      : PowerCC26X2.c.obj (.text.Power_registerNotify)
                  00005cc8    00000024     rf_multiMode_cc26x2.a : RFCC26X2_multiMode.c.cc26x2.ticlang.o (.text.RF_clkPowerUp)
                  00005cec    00000024                           : RFCC26X2_multiMode.c.cc26x2.ticlang.o (.text.RF_hwiCpe0ChangePhy)
                  00005d10    00000024                           : RFCC26X2_multiMode.c.cc26x2.ticlang.o (.text.RF_isStateTransitionAllowed)
                  00005d34    00000024                           : RFCC26X2_multiMode.c.cc26x2.ticlang.o (.text.RF_searchAndReplacePAOverride)
                  00005d58    00000024     ti_sysbios_config.o (.text.ti_sysbios_family_arm_m3_Hwi_construct)
                  00005d7c    00000024     ti_sysbios_config.o (.text.ti_sysbios_knl_Semaphore_destruct)
                  00005da0    00000024     ti_sysbios_config.o (.text.ti_sysbios_knl_Task_enter)
                  00005dc4    00000022     drivers_cc26x2.a : List.c.obj (.text.List_get)
                  00005de6    00000022     ti_sysbios_config.o (.text.ti_sysbios_runtime_SysMin_output)
                  00005e08    00000020     rf_multiMode_cc26x2.a : rfc.c.cc26x2.ticlang.o (.text.NOROM_RFCDoorbellSendTo)
                  00005e28    00000020                           : rfc.c.cc26x2.ticlang.o (.text.NOROM_RFCOverrideSearch)
                  00005e48    00000020     drivers_cc26x2.a : PowerCC26X2_helpers.c.obj (.text.PowerCC26X2_disableTCXOQual)
                  00005e68    00000020                      : PowerCC26X2_helpers.c.obj (.text.PowerCC26X2_enableTCXOQual)
                  00005e88    00000020     ti_sysbios_config.o (.text.PowerCC26XX_schedulerRestore)
                  00005ea8    00000020     rf_multiMode_cc26x2.a : RFCC26X2_multiMode.c.cc26x2.ticlang.o (.text.RF_cmdAlloc)
                  00005ec8    00000020                           : RFCC26X2_multiMode.c.cc26x2.ticlang.o (.text.RF_invokeGlobalCallback)
                  00005ee8    00000020                           : RFCC26X2_multiMode.c.cc26x2.ticlang.o (.text.RF_ratIsRunning)
                  00005f08    00000020     ti_sysbios_config.o (.text.SemaphoreP_constructBinary)
                  00005f28    00000020     ti_sysbios_config.o (.text.ti_sysbios_family_arm_m3_Hwi_initStack)
                  00005f48    00000020     ti_sysbios_config.o (.text.ti_sysbios_knl_Task_delete)
                  00005f68    00000020     ti_sysbios_config.o (.text.ti_sysbios_knl_Task_destruct)
                  00005f88    0000001e     sysbios.a : Hwi_asm_switch_gnu.obj (.text.ti_sysbios_family_arm_m3_Hwi_switchAndRunFunc)
                  00005fa6    0000001e     ti_sysbios_config.o (.text.ti_sysbios_runtime_System_putchar)
                  00005fc4    0000001c     ti_sysbios_config.o (.text.BIOS_rtsLock)
                  00005fe0    0000001c     drivers_cc26x2.a : PowerCC26X2.c.obj (.text.Power_getTransitionLatency)
                  00005ffc    0000001c     rf_multiMode_cc26x2.a : RFCC26X2_multiMode.c.cc26x2.ticlang.o (.text.RF_clkInactivityCallback)
                  00006018    0000001c                           : RFCC26X2_multiMode.c.cc26x2.ticlang.o (.text.RF_getPAOverrideOffsetAndValue)
                  00006034    0000001c                           : RFCC26X2_multiMode.c.cc26x2.ticlang.o (.text.RF_powerConstraintSet)
                  00006050    0000001c                           : RFCC26X2_multiMode.c.cc26x2.ticlang.o (.text.RF_swiFsm)
                  0000606c    0000001c     ti_sysbios_config.o (.text.ti_sysbios_knl_Idle_run)
                  00006088    0000001c     ti_sysbios_config.o (.text.ti_sysbios_knl_Queue_put)
                  000060a4    0000001c     ti_sysbios_config.o (.text.ti_sysbios_knl_Swi_construct)
                  000060c0    00000018     ti_sysbios_config.o (.text.BIOS_exitFunc)
                  000060d8    00000018     ti_sysbios_config.o (.text.BIOS_rtsUnlock)
                  000060f0    00000018     drivers_cc26x2.a : PowerCC26X2.c.obj (.text.PowerCC26XX_calibrate)
                  00006108    00000018                      : PowerCC26X2.c.obj (.text.Power_idleFunc)
                  00006120    00000018     rf_multiMode_cc26x2.a : RFCC26X2_multiMode.c.cc26x2.ticlang.o (.text.RF_restartClockTimeout)
                  00006138    00000018     ti_sysbios_config.o (.text.ti_sysbios_knl_Clock_scheduleNextTick)
                  00006150    00000018     ti_sysbios_config.o (.text.ti_sysbios_knl_Swi_construct2)
                  00006168    00000018     ti_sysbios_config.o (.text.ti_sysbios_knl_Swi_or)
                  00006180    00000018     sysbios.a : TaskSupport_asm_gnu.obj (.text.ti_sysbios_knl_TaskSupport_glue)
                  00006198    00000018     ti_sysbios_config.o (.text.ti_sysbios_knl_Task_unblock)
                  000061b0    00000018     ti_sysbios_config.o (.text.ti_sysbios_runtime_System_printf)
                  000061c8    00000018     ti_sysbios_config.o (.text.ti_sysbios_runtime_System_vprintf)
                  000061e0    00000016     ti_sysbios_config.o (.text.HwiP_setFunc)
                  000061f6    00000016     drivers_cc26x2.a : List.c.obj (.text.List_clearList)
                  0000620c    00000016     ti_sysbios_config.o (.text.ti_sysbios_knl_Clock_start)
                  00006222    00000002     --HOLE-- [fill = 0]
                  00006224    00000014     rf_multiMode_cc26x2.a : RFCC26X2_multiMode.c.cc26x2.ticlang.o (.text.RF_dbellSyncOnAck)
                  00006238    00000014                           : RFCC26X2_multiMode.c.cc26x2.ticlang.o (.text.RF_flushCmd)
                  0000624c    00000014     ti_sysbios_config.o (.text.SwiP_disable)
                  00006260    00000014     libc.a : args_main.c.obj (.text._args_main)
                  00006274    00000014     ti_sysbios_config.o (.text.ti_sysbios_family_arm_m3_Hwi_switchFromBootStack)
                  00006288    00000014     libclang_rt.builtins.a : aeabi_memset.S.obj (.text)
                  0000629c    00000014                            : aeabi_uldivmod.S.obj (.text)
                  000062b0    00000012     libc.a : memcpy_t2.S.obj (.text:TI_memcpy_small)
                  000062c2    00000010     ti_sysbios_config.o (.text.HwiP_Params_init)
                  000062d2    00000002     --HOLE-- [fill = 0]
                  000062d4    00000010     ti_sysbios_config.o (.text.HwiP_post)
                  000062e4    00000010     rf_multiMode_cc26x2.a : rfc.c.cc26x2.ticlang.o (.text.NOROM_RFCCpeIntGetAndClear)
                  000062f4    00000010                           : rfc.c.cc26x2.ticlang.o (.text.NOROM_RFCHwIntGetAndClear)
                  00006304    00000010     drivers_cc26x2.a : PowerCC26X2_helpers.c.obj (.text.PowerCC26X2_oscCtlClearXtal)
                  00006314    00000010                      : PowerCC26X2_helpers.c.obj (.text.PowerCC26X2_prcmEnableCacheRetention)
                  00006324    00000010                      : PowerCC26X2_calibrateRCOSC_helpers.c.obj (.text.PowerCC26X2_readCtrim)
                  00006334    00000010                      : PowerCC26X2_calibrateRCOSC_helpers.c.obj (.text.PowerCC26X2_readCtrimFract)
                  00006344    00000010                      : PowerCC26X2_calibrateRCOSC_helpers.c.obj (.text.PowerCC26X2_readRtrim)
                  00006354    00000010                      : PowerCC26X2_helpers.c.obj (.text.PowerCC26X2_switchToTCXO)
                  00006364    00000010     ti_sysbios_config.o (.text.SwiP_Params_init)
                  00006374    00000010     ti_sysbios_config.o (.text.ti_sysbios_family_arm_cc26xx_Timer_dynamicStub)
                  00006384    00000010     ti_sysbios_config.o (.text.ti_sysbios_family_arm_m3_Hwi_excHandler)
                  00006394    00000010     libc.a : copy_zero_init.c.obj (.text:decompress:ZI)
                  000063a4    0000000e     drivers_cc26x2.a : PowerCC26X2.c.obj (.text.OUTLINED_FUNCTION_0)
                  000063b2    0000000e     rf_multiMode_cc26x2.a : RFCC26X2_multiMode.c.cc26x2.ticlang.o (.text.OUTLINED_FUNCTION_0)
                  000063c0    0000000e                           : RFCC26X2_multiMode.c.cc26x2.ticlang.o (.text.OUTLINED_FUNCTION_3)
                  000063ce    0000000e     ti_sysbios_config.o (.text.strlen)
                  000063dc    0000000e     drivers_cc26x2.a : PowerCC26X2.c.obj (.text.switchToTCXO)
                  000063ea    0000000e     ti_sysbios_config.o (.text.ti_sysbios_gates_GateMutex_leave)
                  000063f8    0000000e     libc.a : memset_t2.S.obj (.text:TI_memset_small)
                  00006406    0000000e            : copy_decompress_none.c.obj (.text:decompress:none)
                  00006414    0000000c     ti_sysbios_config.o (.text.BIOS_linkedWithIncorrectBootLibrary)
                  00006420    0000000c     ti_sysbios_config.o (.text.BIOS_start)
                  0000642c    0000000c     ti_sysbios_config.o (.text.HwiP_disable)
                  00006438    0000000c     driverlib.lib : cpu.o (.text.NOROM_CPUcpsid)
                  00006444    0000000c                   : cpu.o (.text.NOROM_CPUcpsie)
                  00006450    0000000c     drivers_cc26x2.a : PowerCC26X2_helpers.c.obj (.text.PowerCC26X2_oscClockSourceGet)
                  0000645c    0000000c                      : PowerCC26X2_helpers.c.obj (.text.PowerCC26X2_setPeriphDeepSleepEnable)
                  00006468    0000000c                      : PowerCC26X2_helpers.c.obj (.text.PowerCC26X2_sysCtrlGetResetSource)
                  00006474    0000000c                      : PowerCC26X2_helpers.c.obj (.text.PowerCC26X2_sysCtrlVoltageConditionalControl)
                  00006480    0000000c                      : PowerCC26X2.c.obj (.text.Power_getConstraintMask)
                  0000648c    0000000c     rf_multiMode_cc26x2.a : RFCC26X2_multiMode.c.cc26x2.ticlang.o (.text.RF_Params_init)
                  00006498    0000000c     radio_queue.o (.text.RadioQueue_getDQpointer)
                  000064a4    0000000c     ti_sysbios_config.o (.text.SwiP_getTrigger)
                  000064b0    0000000c     libc.a : _lock.c.obj (.text._register_lock)
                  000064bc    0000000c            : _lock.c.obj (.text._register_unlock)
                  000064c8    0000000c     ti_sysbios_config.o (.text.ti_sysbios_heaps_HeapMem_init)
                  000064d4    0000000c     ti_sysbios_config.o (.text.ti_sysbios_knl_ClockSupport_setNextTick)
                  000064e0    0000000c     ti_sysbios_config.o (.text.ti_sysbios_knl_Clock_tick)
                  000064ec    0000000c     ti_sysbios_config.o (.text.ti_sysbios_knl_Task_Params_init)
                  000064f8    0000000a     ti_sysbios_config.o (.text.ClockP_Params_init)
                  00006502    0000000a     rf_multiMode_cc26x2.a : RFCC26X2_multiMode.c.cc26x2.ticlang.o (.text.OUTLINED_FUNCTION_5)
                  0000650c    0000000a     drivers_cc26x2.a : PowerCC26X2_helpers.c.obj (.text.PowerCC26X2_sysCtrlStandby)
                  00006516    0000000a     radio_api.o (.text.Radio_stopRX)
                  00006520    0000000a     ti_sysbios_config.o (.text.SemaphoreP_pend)
                  0000652a    00000008     driverlib.lib : cpu.o (.text.NOROM_CPUdelay)
                  00006532    00000008     rf_multiMode_cc26x2.a : RFCC26X2_multiMode.c.cc26x2.ticlang.o (.text.OUTLINED_FUNCTION_2)
                  0000653a    00000008     drivers_cc26x2.a : PowerCC26X2_helpers.c.obj (.text.PowerCC26X2_oschfTrySwitchToXosc)
                  00006542    00000008     ti_sysbios_config.o (.text.ti_sysbios_runtime_System_exit)
                  0000654a    00000006     ti_sysbios_config.o (.text.ClockP_stop)
                  00006550    00000006     ti_sysbios_config.o (.text.HwiP_restore)
                  00006556    00000006     rf_multiMode_cc26x2.a : RFCC26X2_multiMode.c.cc26x2.ticlang.o (.text.OUTLINED_FUNCTION_4)
                  0000655c    00000006                           : RFCC26X2_multiMode.c.cc26x2.ticlang.o (.text.RF_clkReqAccess)
                  00006562    00000006     ti_sysbios_config.o (.text.ti_sysbios_family_arm_m3_Hwi_doSwiRestore)
                  00006568    00000006     ti_sysbios_config.o (.text.ti_sysbios_family_arm_m3_Hwi_doTaskRestore)
                  0000656e    00000006     ti_sysbios_config.o (.text.ti_sysbios_knl_Idle_loop)
                  00006574    00000006     ti_sysbios_config.o (.text.ti_sysbios_knl_Swi_startup)
                  0000657a    00000004     ti_sysbios_config.o (.text.ClockP_getTimeout)
                  0000657e    00000004     ti_sysbios_config.o (.text.ClockP_isActive)
                  00006582    00000004     ti_sysbios_config.o (.text.ClockP_setTimeout)
                  00006586    00000004     ti_sysbios_config.o (.text.ClockP_start)
                  0000658a    00000004     ti_sysbios_config.o (.text.HwiP_enableInterrupt)
                  0000658e    00000004     rf_multiMode_cc26x2.a : rfc.c.cc26x2.ticlang.o (.text.NOROM_RFCOverrideUpdate)
                  00006592    00000004     drivers_cc26x2.a : PowerCC26X2_helpers.c.obj (.text.PowerCC26X2_oschfSwitchToRcosc)
                  00006596    00000004                      : PowerCC26X2_helpers.c.obj (.text.PowerCC26X2_sysCtrlIdle)
                  0000659a    00000004                      : PowerCC26X2_helpers.c.obj (.text.PowerCC26X2_turnOnXosc)
                  0000659e    00000004     rf_multiMode_cc26x2.a : RFCC26X2_multiMode.c.cc26x2.ticlang.o (.text.RF_defaultExecutionPolicy)
                  000065a2    00000004     ti_sysbios_config.o (.text.ResetISR)
                  000065a6    00000004     ti_sysbios_config.o (.text.SemaphoreP_post)
                  000065aa    00000004     ti_sysbios_config.o (.text.SwiP_or)
                  000065ae    00000004     ti_sysbios_config.o (.text.SwiP_restore)
                  000065b2    00000004     ti_sysbios_config.o (.text._system_post_cinit)
                  000065b6    00000004     ti_sysbios_config.o (.text._system_pre_init)
                  000065ba    00000004     drivers_cc26x2.a : PowerCC26X2.c.obj (.text.configureRFCoreClocks)
                  000065be    00000004                      : PowerCC26X2.c.obj (.text.nopResourceHandler)
                  000065c2    00000004     ti_sysbios_config.o (.text.ti_sysbios_heaps_HeapMem_isBlocking)
                  000065c6    00000002     --HOLE-- [fill = 0]
                  000065c8    00000004     libclang_rt.builtins.a : aeabi_memcpy.S.obj (.text)

.rodata.2 
*          0    000065cc    00001064     
                  000065cc    000005d0     ti_sysbios_config.o (.rodata.str1.1)
                  00006b9c    00000538     rf_multiMode_cc26x2.a : rf_patch_cpe_bt5.c.cc26x2.ticlang.o (.rodata.patchImageBt5)
                  000070d4    000001cf     log.o (.rodata.str1.1)
                  000072a3    0000008d     ti_sysbios_config.o (.rodata.ti_sysbios_heaps_HeapMem_alloc.err)
                  00007330    00000089     ti_sysbios_config.o (.rodata.ti_sysbios_family_arm_m3_Hwi_Instance_init.err.1)
                  000073b9    00000089     ti_sysbios_config.o (.rodata.ti_sysbios_runtime_Memory_alloc.err)
                  00007442    00000086     ti_sysbios_config.o (.rodata.ti_sysbios_family_arm_m3_Hwi_Instance_init.err)
                  000074c8    00000054     drivers_cc26x2.a : PowerCC26X2.c.obj (.rodata.resourceDB)
                  0000751c    0000002c     main_tirtos.o (.rodata.str1.1)
                  00007548    00000024     ti_sysbios_config.o (.rodata.ti_sysbios_knl_Task_Params_default)
                  0000756c    00000020     rf_multiMode_cc26x2.a : RFCC26X2_multiMode.c.cc26x2.ticlang.o (.rodata.cst32)
                  0000758c    0000001c     ti_sysbios_config.o (.rodata.ti_sysbios_family_arm_cc26xx_Timer_Params_default)
                  000075a8    00000018     ti_sysbios_config.o (.rodata.ti_sysbios_family_arm_m3_Hwi_Params_default)
                  000075c0    00000014     ti_drivers_config.o (.rodata.PowerCC26X2_config)
                  000075d4    00000014     ti_sysbios_config.o (.rodata.ti_sysbios_knl_Swi_Params_default)
                  000075e8    0000000c     ti_drivers_config.o (.rodata.RFCC26XX_hwAttrs)
                  000075f4    0000000c     ti_sysbios_config.o (.rodata.ti_sysbios_heaps_HeapMem_Params_default)
                  00007600    0000000c     ti_sysbios_config.o (.rodata.ti_sysbios_knl_Clock_Params_default)
                  0000760c    0000000c     ti_sysbios_config.o (.rodata.ti_sysbios_knl_Semaphore_Params_default)
                  00007618    00000008     rf_multiMode_cc26x2.a : RFCC26X2_multiMode.c.cc26x2.ticlang.o (.rodata..L__const.RF_hwiCpe0Active.activeCmd)
                  00007620    00000008     driverlib.lib : aux_sysif.o (.rodata.cst4)
                  00007628    00000008     ti_sysbios_config.o (.rodata.ti_sysbios_knl_Idle_funcList)

.args      0    00007630    00000008     
                  00007630    00000008     --HOLE-- [fill = 0]

MODULE SUMMARY

       Module                                     code    ro data   rw data
       ------                                     ----    -------   -------
    .\
       main_tirtos.o                              208     44        40     
    +--+------------------------------------------+-------+---------+---------+
       Total:                                     208     44        40     
                                                                           
    .\source\log\
       log.o                                      380     463       0      
    +--+------------------------------------------+-------+---------+---------+
       Total:                                     380     463       0      
                                                                           
    .\source\queue\
       radio_queue.o                              12      0         12     
    +--+------------------------------------------+-------+---------+---------+
       Total:                                     12      0         12     
                                                                           
    .\source\radio_api\
       radio_api.o                                178     0         0      
    +--+------------------------------------------+-------+---------+---------+
       Total:                                     178     0         0      
                                                                           
    .\syscfg\
       ti_sysbios_config.o                        8916    2253      2832   
       ti_radio_config.o                          0       0         348    
       ti_devices_config.o                        0       88        0      
       ti_drivers_config.o                        0       32        0      
    +--+------------------------------------------+-------+---------+---------+
       Total:                                     8916    2373      3180   
                                                                           
    C:/ti/simplelink_cc13xx_cc26xx_sdk_6_30_01_03/kernel/tirtos7/packages/ti/sysbios/lib/ticlang/m4f/sysbios.a
       Hwi_asm_gnu.obj                            324     0         0      
       Hwi_asm_switch_gnu.obj                     118     0         0      
       TaskSupport_asm_gnu.obj                    64      0         0      
       boot_cortex_m.obj                          52      0         0      
    +--+------------------------------------------+-------+---------+---------+
       Total:                                     558     0         0      
                                                                           
    C:/ti/simplelink_cc13xx_cc26xx_sdk_6_30_01_03/source/ti/devices/cc13x2_cc26x2/driverlib/bin/ticlang/driverlib.lib
       osc.o                                      538     0         32     
       sys_ctrl.o                                 432     0         0      
       setup.o                                    424     0         0      
       chipinfo.o                                 254     0         0      
       prcm.o                                     136     0         0      
       aux_sysif.o                                72      8         0      
       cpu.o                                      32      0         0      
    +--+------------------------------------------+-------+---------+---------+
       Total:                                     1888    8         32     
                                                                           
    C:/ti/simplelink_cc13xx_cc26xx_sdk_6_30_01_03/source/ti/drivers/lib/ticlang/m4f/drivers_cc26x2.a
       PowerCC26X2.c.obj                          1786    84        372    
       PowerCC26X2_calibrateRCOSC.c.obj           836     0         0      
       PowerCC26X2_calibrateRCOSC_helpers.c.obj   432     0         0      
       PowerCC26X2_helpers.c.obj                  318     0         0      
       List.c.obj                                 208     0         0      
    +--+------------------------------------------+-------+---------+---------+
       Total:                                     3580    84        372    
                                                                           
    C:/ti/simplelink_cc13xx_cc26xx_sdk_6_30_01_03/source/ti/drivers/rf/lib/ticlang/m4f/rf_multiMode_cc26x2.a
       RFCC26X2_multiMode.c.cc26x2.ticlang.o      7926    40        1316   
       rf_patch_cpe_bt5.c.cc26x2.ticlang.o        132     1336      1      
       rfc.c.cc26x2.ticlang.o                     268     0         0      
    +--+------------------------------------------+-------+---------+---------+
       Total:                                     8326    1376      1317   
                                                                           
    C:\ti\ccs1210\ccs\tools\compiler\ti-cgt-armllvm_2.1.2.LTS\lib\armv7em-ti-none-eabihf/c/libc.a
       copy_decompress_lzss.c.obj                 106     0         0      
       autoinit.c.obj                             56      0         0      
       _lock.c.obj                                26      0         8      
       args_main.c.obj                            20      0         0      
       memcpy_t2.S.obj                            18      0         0      
       copy_zero_init.c.obj                       16      0         0      
       copy_decompress_none.c.obj                 14      0         0      
       memset_t2.S.obj                            14      0         0      
    +--+------------------------------------------+-------+---------+---------+
       Total:                                     270     0         8      
                                                                           
    C:\ti\ccs1210\ccs\tools\compiler\ti-cgt-armllvm_2.1.2.LTS\lib\armv7em-ti-none-eabihf/c/libsysbm.a
       trgmsg.c.obj                               100     0         288    
       hostwrite.c.obj                            84      0         0      
       hostopen.c.obj                             0       0         8      
    +--+------------------------------------------+-------+---------+---------+
       Total:                                     184     0         296    
                                                                           
    C:\ti\ccs1210\ccs\tools\compiler\ti-cgt-armllvm_2.1.2.LTS\lib\clang/14.0.6/lib/armv7em-ti-none-eabihf/libclang_rt.builtins.a
       adddf3.S.obj                               438     0         0      
       muldf3.S.obj                               252     0         0      
       comparedf2.c.obj                           220     0         0      
       udivmoddi4.S.obj                           176     0         0      
       aeabi_dcmp.S.obj                           98      0         0      
       fixdfsi.S.obj                              72      0         0      
       fixunsdfsi.S.obj                           68      0         0      
       extendsfdf2.S.obj                          56      0         0      
       floatsidf.S.obj                            46      0         0      
       aeabi_memset.S.obj                         20      0         0      
       aeabi_uldivmod.S.obj                       20      0         0      
       aeabi_memcpy.S.obj                         4       0         0      
       aeabi_div0.c.obj                           2       0         0      
    +--+------------------------------------------+-------+---------+---------+
       Total:                                     1472    0         0      
                                                                           
       Stack:                                     0       0         1536   
       Linker Generated:                          0       421       0      
    +--+------------------------------------------+-------+---------+---------+
       Grand Total:                               25972   4769      6793   


LINKER GENERATED COPY TABLES

__TI_cinit_table @ 000077d0 records: 2, size/record: 8, table size: 16
	.data: load addr=00007638, load size=00000181 bytes, run addr=20004ec0, run size=000005c9 bytes, compression=lzss
	.bss: load addr=000077c8, load size=00000008 bytes, run addr=200040d8, run size=00000de8 bytes, compression=zero_init


LINKER GENERATED HANDLER TABLE

__TI_handler_table @ 000077bc records: 3, size/record: 4, table size: 12
	index: 0, handler: __TI_decompress_lzss
	index: 1, handler: __TI_decompress_none
	index: 2, handler: __TI_zero_init


GLOBAL SYMBOLS: SORTED ALPHABETICALLY BY Name 

address   name                                                               
-------   ----                                                               
20005118  BIOS_Module_state                                                  
00004a59  BIOS_atExitFunc                                                    
000060c1  BIOS_exitFunc                                                      
20004dd4  BIOS_heapMemObject                                                 
000047d1  BIOS_init                                                          
00006415  BIOS_linkedWithIncorrectBootLibrary                                
00000e0b  BIOS_nullFunc                                                      
00005959  BIOS_registerRTSLock                                               
00005b85  BIOS_removeRTSLock                                                 
20004e00  BIOS_rtsGate                                                       
00005fc5  BIOS_rtsLock                                                       
000060d9  BIOS_rtsUnlock                                                     
00006421  BIOS_start                                                         
00004655  BIOS_startFunc                                                     
00005323  C$$IO$$                                                            
000064f9  ClockP_Params_init                                                 
00005569  ClockP_construct                                                   
000013bd  ClockP_getSystemTickPeriod                                         
0000657b  ClockP_getTimeout                                                  
0000657f  ClockP_isActive                                                    
00006583  ClockP_setTimeout                                                  
00006587  ClockP_start                                                       
0000654b  ClockP_stop                                                        
00004000  HEAPSIZE                                                           
00004371  HOSTwrite                                                          
000062c3  HwiP_Params_init                                                   
00004e41  HwiP_construct                                                     
0000642d  HwiP_disable                                                       
0000658b  HwiP_enableInterrupt                                               
000062d5  HwiP_post                                                          
00006551  HwiP_restore                                                       
000061e1  HwiP_setFunc                                                       
UNDEFED   ITM_flush                                                          
UNDEFED   ITM_restore                                                        
000061f7  List_clearList                                                     
00005dc5  List_get                                                           
00005b11  List_insert                                                        
00005ba9  List_put                                                           
00005b37  List_putHead                                                       
00005981  List_remove                                                        
00000fa1  Log_print                                                          
00004819  NOROM_AUXSYSIFOpModeChange                                         
00006439  NOROM_CPUcpsid                                                     
00006445  NOROM_CPUcpsie                                                     
0000652b  NOROM_CPUdelay                                                     
0000346d  NOROM_ChipInfo_GetChipType                                         
000044c1  NOROM_ChipInfo_GetHwRevision                                       
000028cd  NOROM_OSCHF_AttemptToSwitchToXosc                                  
00003569  NOROM_OSCHF_SwitchToRcOscTurnOffXosc                               
000058d9  NOROM_OSCHF_TurnOnXosc                                             
000035e1  NOROM_OSC_CapArrayAdjustWorkaround_Boot                            
000046a1  NOROM_OSC_HPOSCRelativeFrequencyOffsetGet                          
00004a9d  NOROM_PRCMPowerDomainsAllOff                                       
00004ae1  NOROM_PRCMPowerDomainsAllOn                                        
00004261  NOROM_RFCAnaDivTxOverride                                          
000062e5  NOROM_RFCCpeIntGetAndClear                                         
00002757  NOROM_RFCCpePatchReset                                             
00005e09  NOROM_RFCDoorbellSendTo                                            
000062f5  NOROM_RFCHwIntGetAndClear                                          
00005e29  NOROM_RFCOverrideSearch                                            
0000658f  NOROM_RFCOverrideUpdate                                            
00004861  NOROM_RFCSynthPowerDown                                            
000020c1  NOROM_SetupTrimDevice                                              
00004e7d  NOROM_SysCtrlIdle                                                  
0000336d  NOROM_SysCtrlSetRechargeBeforePowerDown                            
00001fcd  NOROM_SysCtrlStandby                                               
00005719  NOROM_ThisLibraryIsFor_CC13x2_CC26x2_HwRev20AndLater_HaltIfViolated
00004d01  PowerCC26X2_RCOSC_clockFunc                                        
00000e0d  PowerCC26X2_auxISR                                                 
00001bc1  PowerCC26X2_calibrate                                              
000075c0  PowerCC26X2_config                                                 
00005e49  PowerCC26X2_disableTCXOQual                                        
00005e69  PowerCC26X2_enableTCXOQual                                         
00005bcd  PowerCC26X2_getOscHfSourceReady                                    
00003d5d  PowerCC26X2_initiateCalibration                                    
20004ec0  PowerCC26X2_module                                                 
00006451  PowerCC26X2_oscClockSourceGet                                      
00006305  PowerCC26X2_oscCtlClearXtal                                        
00005111  PowerCC26X2_oscDisableQualifiers                                   
00006593  PowerCC26X2_oschfSwitchToRcosc                                     
0000653b  PowerCC26X2_oschfTrySwitchToXosc                                   
00006315  PowerCC26X2_prcmEnableCacheRetention                               
00006325  PowerCC26X2_readCtrim                                              
00006335  PowerCC26X2_readCtrimFract                                         
00006345  PowerCC26X2_readRtrim                                              
00004d41  PowerCC26X2_setAclkRefSrc                                          
0000645d  PowerCC26X2_setPeriphDeepSleepEnable                               
00005bf1  PowerCC26X2_setSubSecIncToXoscLf                                   
00004eb9  PowerCC26X2_setTdcClkSrc24M                                        
00006355  PowerCC26X2_switchToTCXO                                           
00006469  PowerCC26X2_sysCtrlGetResetSource                                  
00006597  PowerCC26X2_sysCtrlIdle                                            
0000650d  PowerCC26X2_sysCtrlStandby                                         
00006475  PowerCC26X2_sysCtrlVoltageConditionalControl                       
0000659b  PowerCC26X2_turnOnXosc                                             
00003749  PowerCC26X2_updateSubSecInc                                        
00005c15  PowerCC26X2_writeCtrim                                             
00005c39  PowerCC26X2_writeCtrimFract                                        
00005c5d  PowerCC26X2_writeCtrimFractEn                                      
00005c81  PowerCC26X2_writeRtrim                                             
000060f1  PowerCC26XX_calibrate                                              
000059a9  PowerCC26XX_isStableXOSC_HF                                        
000057a5  PowerCC26XX_schedulerDisable                                       
00005e89  PowerCC26XX_schedulerRestore                                       
00002981  PowerCC26XX_standbyPolicy                                          
20004eac  PowerCC26XX_swiKey                                                 
000048a9  PowerCC26XX_switchXOSC_HF                                          
20004eb0  PowerCC26XX_taskKey                                                
00006481  Power_getConstraintMask                                            
00005fe1  Power_getTransitionLatency                                         
00006109  Power_idleFunc                                                     
00001991  Power_init                                                         
00005ca5  Power_registerNotify                                               
00005229  Power_releaseConstraint                                            
00002a35  Power_releaseDependency                                            
00005599  Power_setConstraint                                                
00002ae9  Power_setDependency                                                
0000111d  Power_sleep                                                        
000075e8  RFCC26XX_hwAttrs                                                   
20005460  RFCC26XX_schedulerPolicy                                           
200053d4  RFCMD_bleFrequencySynthesizer                                      
20005398  RFCMD_bleGenericRX                                                 
20005404  RFCMD_bleGenericRXPar                                              
2000542c  RFCMD_bleModeObject                                                
20005374  RFCMD_bleRadioSetup                                                
200052f8  RFCMD_ieeeRX                                                       
0000648d  RF_Params_init                                                     
0000659f  RF_defaultExecutionPolicy                                          
00002f79  RF_defaultSubmitPolicy                                             
00006239  RF_flushCmd                                                        
00004419  RF_getCurrentTime                                                  
000007dd  RF_open                                                            
00002c49  RF_pendCmd                                                         
00002431  RF_postCmd                                                         
0000525d  RF_powerConstraintRelease                                          
00006035  RF_powerConstraintSet                                              
00005b5d  RF_runCmd                                                          
00006499  RadioQueue_getDQpointer                                            
00005291  Radio_beginRX                                                      
00003831  Radio_initRXCmd                                                    
00006517  Radio_stopRX                                                       
000065a3  ResetISR                                                           
00005f09  SemaphoreP_constructBinary                                         
00006521  SemaphoreP_pend                                                    
000065a7  SemaphoreP_post                                                    
00006365  SwiP_Params_init                                                   
000052c5  SwiP_construct                                                     
0000624d  SwiP_disable                                                       
000064a5  SwiP_getTrigger                                                    
000065ab  SwiP_or                                                            
000065af  SwiP_restore                                                       
000062b1  TI_memcpy_small                                                    
000063f9  TI_memset_small                                                    
20004998  _CIOBUF_                                                           
20004998  __CIOBUF_                                                          
20014000  __STACK_END                                                        
00000600  __STACK_SIZE                                                       
000077d0  __TI_CINIT_Base                                                    
000077e0  __TI_CINIT_Limit                                                   
000077e0  __TI_CINIT_Warm                                                    
000077bc  __TI_Handler_Table_Base                                            
000077c8  __TI_Handler_Table_Limit                                           
000051b9  __TI_auto_init_nobinit_nopinit                                     
00003c21  __TI_decompress_lzss                                               
00006407  __TI_decompress_none                                               
ffffffff  __TI_pprof_out_hndl                                                
ffffffff  __TI_prof_data_size                                                
ffffffff  __TI_prof_data_start                                               
000055f9  __TI_readmsg                                                       
00000000  __TI_static_base__                                                 
000052f9  __TI_writemsg                                                      
00006395  __TI_zero_init                                                     
00000c5f  __adddf3                                                           
00004a11  __aeabi_d2iz                                                       
00004cbd  __aeabi_d2uiz                                                      
00000c5f  __aeabi_dadd                                                       
0000407d  __aeabi_dcmpeq                                                     
000040b9  __aeabi_dcmpge                                                     
000040cd  __aeabi_dcmpgt                                                     
000040a5  __aeabi_dcmple                                                     
00004091  __aeabi_dcmplt                                                     
00001ed1  __aeabi_dmul                                                       
00000c55  __aeabi_dsub                                                       
000051f1  __aeabi_f2d                                                        
00005775  __aeabi_i2d                                                        
000034eb  __aeabi_ldiv0                                                      
00006295  __aeabi_memclr                                                     
00006295  __aeabi_memclr4                                                    
00006295  __aeabi_memclr8                                                    
000065c9  __aeabi_memcpy                                                     
000065c9  __aeabi_memcpy4                                                    
000065c9  __aeabi_memcpy8                                                    
00006289  __aeabi_memset                                                     
00006289  __aeabi_memset4                                                    
00006289  __aeabi_memset8                                                    
0000629d  __aeabi_uldivmod                                                   
ffffffff  __binit__                                                          
00007630  __c_args__                                                         
00057fa8  __ccfg                                                             
00003ad9  __cmpdf2                                                           
00003ad9  __eqdf2                                                            
000051f1  __extendsfdf2                                                      
00004a11  __fixdfsi                                                          
00004cbd  __fixunsdfsi                                                       
00005775  __floatsidf                                                        
00003a69  __gedf2                                                            
00003a69  __gtdf2                                                            
00003ad9  __ledf2                                                            
00003ad9  __ltdf2                                                            
UNDEFED   __mpu_init                                                         
00001ed1  __muldf3                                                           
00003ad9  __nedf2                                                            
200040d8  __primary_heap_end__                                               
200000d8  __primary_heap_start__                                             
20013a00  __stack                                                            
20000000  __start___llvm_prf_bits                                            
20000000  __start___llvm_prf_cnts                                            
20000000  __stop___llvm_prf_bits                                             
20000000  __stop___llvm_prf_cnts                                             
00000c55  __subdf3                                                           
00002b99  __udivmoddi4                                                       
00006261  _args_main                                                         
00005501  _c_int00                                                           
2000543c  _hposcCoeffs                                                       
20005480  _lock                                                              
00003ad7  _nop                                                               
0000532d  _pthread_cleanupFxn                                                
000064b1  _register_lock                                                     
000064bd  _register_unlock                                                   
000065b3  _system_post_cinit                                                 
000065b7  _system_pre_init                                                   
20005484  _unlock                                                            
ffffffff  binit                                                              
200053ec  ble_pOverrides1Mbps                                                
200053b8  ble_pOverrides2Mbps                                                
20005418  ble_pOverridesCoded                                                
200052a4  ble_pOverridesCommon                                               
00005361  main                                                               
20004e94  parmbuf                                                            
000074c8  resourceDB                                                         
00005149  rf_patch_cpe_bt5                                                   
20004eb4  testHandle                                                         
20004e50  testParams                                                         
00002edd  testTask                                                           
2000505c  ti_sysbios_family_arm_cc26xx_Timer_Module_state                    
00001755  ti_sysbios_family_arm_cc26xx_Timer_construct                       
00006375  ti_sysbios_family_arm_cc26xx_Timer_dynamicStub                     
00004ef5  ti_sysbios_family_arm_cc26xx_Timer_periodicStub                    
00005903  ti_sysbios_family_arm_cc26xx_Timer_setNextTick                     
00004f31  ti_sysbios_family_arm_cc26xx_Timer_setThreshold                    
000048f1  ti_sysbios_family_arm_cc26xx_Timer_start                           
20004eb8  ti_sysbios_family_arm_cc26xx_TimestampProvider_Module_state        
00003919  ti_sysbios_family_arm_m3_Hwi_Instance_init                         
20005144  ti_sysbios_family_arm_m3_Hwi_Module_state                          
00005d59  ti_sysbios_family_arm_m3_Hwi_construct                             
00004bad  ti_sysbios_family_arm_m3_Hwi_construct2                            
00004bf1  ti_sysbios_family_arm_m3_Hwi_disableInterrupt                      
00001875  ti_sysbios_family_arm_m3_Hwi_dispatch                              
00003bb5  ti_sysbios_family_arm_m3_Hwi_dispatchC                             
20004ab8  ti_sysbios_family_arm_m3_Hwi_dispatchTable                         
00006563  ti_sysbios_family_arm_m3_Hwi_doSwiRestore                          
00006569  ti_sysbios_family_arm_m3_Hwi_doTaskRestore                         
00004c35  ti_sysbios_family_arm_m3_Hwi_enableInterrupt                       
00002289  ti_sysbios_family_arm_m3_Hwi_excFillContext                        
00006385  ti_sysbios_family_arm_m3_Hwi_excHandler                            
000059f9  ti_sysbios_family_arm_m3_Hwi_excHandlerAsm                         
00005659  ti_sysbios_family_arm_m3_Hwi_excHandlerMin                         
00005395  ti_sysbios_family_arm_m3_Hwi_getStackInfo                          
000053c9  ti_sysbios_family_arm_m3_Hwi_init                                  
[...]
000051b9  __TI_auto_init_nobinit_nopinit                                     
000051f1  __aeabi_f2d                                                        
000051f1  __extendsfdf2                                                      
00005229  Power_releaseConstraint                                            
0000525d  RF_powerConstraintRelease                                          
00005291  Radio_beginRX                                                      
000052c5  SwiP_construct                                                     
000052f9  __TI_writemsg                                                      
00005323  C$$IO$$                                                            
0000532d  _pthread_cleanupFxn                                                
00005361  main                                                               
00005395  ti_sysbios_family_arm_m3_Hwi_getStackInfo                          
000053c9  ti_sysbios_family_arm_m3_Hwi_init                                  
000053fd  ti_sysbios_knl_Clock_Instance_init                                 
00005431  ti_sysbios_knl_Task_unblockI                                       
00005465  ti_sysbios_runtime_Error_raiseX                                    
00005499  ti_sysbios_runtime_SystemSupport_putch                             
000054cd  ti_sysbios_runtime_System_processAtExit                            
00005501  _c_int00                                                           
00005535  ti_sysbios_knl_Semaphore_pendTimeout                               
00005569  ClockP_construct                                                   
00005599  Power_setConstraint                                                
000055f9  __TI_readmsg                                                       
00005659  ti_sysbios_family_arm_m3_Hwi_excHandlerMin                         
00005689  ti_sysbios_heaps_HeapMem_free                                      
000056b9  ti_sysbios_knl_TaskSupport_start                                   
000056e9  ti_sysbios_runtime_System_atexit                                   
00005719  NOROM_ThisLibraryIsFor_CC13x2_CC26x2_HwRev20AndLater_HaltIfViolated
00005775  __aeabi_i2d                                                        
00005775  __floatsidf                                                        
000057a5  PowerCC26XX_schedulerDisable                                       
00005829  ti_sysbios_gates_GateMutex_enter                                   
00005855  ti_sysbios_knl_Clock_getTicks                                      
00005881  ti_sysbios_knl_Clock_getTimeout                                    
000058ad  ti_sysbios_knl_Task_restoreHwi                                     
000058d9  NOROM_OSCHF_TurnOnXosc                                             
00005903  ti_sysbios_family_arm_cc26xx_Timer_setNextTick                     
0000592d  ti_sysbios_knl_Task_allBlockedFunction                             
00005959  BIOS_registerRTSLock                                               
00005981  List_remove                                                        
000059a9  PowerCC26XX_isStableXOSC_HF                                        
000059f9  ti_sysbios_family_arm_m3_Hwi_excHandlerAsm                         
00005a21  ti_sysbios_gates_GateMutex_Instance_init                           
00005a49  ti_sysbios_knl_Semaphore_Instance_init                             
00005a71  ti_sysbios_knl_Swi_init                                            
00005a99  ti_sysbios_knl_TaskSupport_swap                                    
00005aa4  ti_sysbios_knl_TaskSupport_swapReturn                              
00005ac1  ti_sysbios_knl_Task_construct                                      
00005ae9  ti_sysbios_knl_Task_init                                           
00005b11  List_insert                                                        
00005b37  List_putHead                                                       
00005b5d  RF_runCmd                                                          
00005b85  BIOS_removeRTSLock                                                 
00005ba9  List_put                                                           
00005bcd  PowerCC26X2_getOscHfSourceReady                                    
00005bf1  PowerCC26X2_setSubSecIncToXoscLf                                   
00005c15  PowerCC26X2_writeCtrim                                             
00005c39  PowerCC26X2_writeCtrimFract                                        
00005c5d  PowerCC26X2_writeCtrimFractEn                                      
00005c81  PowerCC26X2_writeRtrim                                             
00005ca5  Power_registerNotify                                               
00005d59  ti_sysbios_family_arm_m3_Hwi_construct                             
00005d7d  ti_sysbios_knl_Semaphore_destruct                                  
00005da1  ti_sysbios_knl_Task_enter                                          
00005dc5  List_get                                                           
00005de7  ti_sysbios_runtime_SysMin_output                                   
00005e09  NOROM_RFCDoorbellSendTo                                            
00005e29  NOROM_RFCOverrideSearch                                            
00005e49  PowerCC26X2_disableTCXOQual                                        
00005e69  PowerCC26X2_enableTCXOQual                                         
00005e89  PowerCC26XX_schedulerRestore                                       
00005f09  SemaphoreP_constructBinary                                         
00005f29  ti_sysbios_family_arm_m3_Hwi_initStack                             
00005f49  ti_sysbios_knl_Task_delete                                         
00005f69  ti_sysbios_knl_Task_destruct                                       
00005f89  ti_sysbios_family_arm_m3_Hwi_switchAndRunFunc                      
00005fa7  ti_sysbios_runtime_System_putchar                                  
00005fc5  BIOS_rtsLock                                                       
00005fe1  Power_getTransitionLatency                                         
00006035  RF_powerConstraintSet                                              
0000606d  ti_sysbios_knl_Idle_run                                            
00006089  ti_sysbios_knl_Queue_put                                           
000060a5  ti_sysbios_knl_Swi_construct                                       
000060c1  BIOS_exitFunc                                                      
000060d9  BIOS_rtsUnlock                                                     
000060f1  PowerCC26XX_calibrate                                              
00006109  Power_idleFunc                                                     
00006139  ti_sysbios_knl_Clock_scheduleNextTick                              
00006151  ti_sysbios_knl_Swi_construct2                                      
00006169  ti_sysbios_knl_Swi_or                                              
00006181  ti_sysbios_knl_TaskSupport_glue                                    
00006199  ti_sysbios_knl_Task_unblock                                        
000061b1  ti_sysbios_runtime_System_printf                                   
000061c9  ti_sysbios_runtime_System_vprintf                                  
000061e1  HwiP_setFunc                                                       
000061f7  List_clearList                                                     
0000620d  ti_sysbios_knl_Clock_start                                         
00006239  RF_flushCmd                                                        
0000624d  SwiP_disable                                                       
00006261  _args_main                                                         
00006275  ti_sysbios_family_arm_m3_Hwi_switchFromBootStack                   
00006289  __aeabi_memset                                                     
00006289  __aeabi_memset4                                                    
00006289  __aeabi_memset8                                                    
00006295  __aeabi_memclr                                                     
00006295  __aeabi_memclr4                                                    
00006295  __aeabi_memclr8                                                    
0000629d  __aeabi_uldivmod                                                   
000062b1  TI_memcpy_small                                                    
000062c3  HwiP_Params_init                                                   
000062d5  HwiP_post                                                          
000062e5  NOROM_RFCCpeIntGetAndClear                                         
000062f5  NOROM_RFCHwIntGetAndClear                                          
00006305  PowerCC26X2_oscCtlClearXtal                                        
00006315  PowerCC26X2_prcmEnableCacheRetention                               
00006325  PowerCC26X2_readCtrim                                              
00006335  PowerCC26X2_readCtrimFract                                         
00006345  PowerCC26X2_readRtrim                                              
00006355  PowerCC26X2_switchToTCXO                                           
00006365  SwiP_Params_init                                                   
00006375  ti_sysbios_family_arm_cc26xx_Timer_dynamicStub                     
00006385  ti_sysbios_family_arm_m3_Hwi_excHandler                            
00006395  __TI_zero_init                                                     
000063eb  ti_sysbios_gates_GateMutex_leave                                   
000063f9  TI_memset_small                                                    
00006407  __TI_decompress_none                                               
00006415  BIOS_linkedWithIncorrectBootLibrary                                
00006421  BIOS_start                                                         
0000642d  HwiP_disable                                                       
00006439  NOROM_CPUcpsid                                                     
00006445  NOROM_CPUcpsie                                                     
00006451  PowerCC26X2_oscClockSourceGet                                      
0000645d  PowerCC26X2_setPeriphDeepSleepEnable                               
00006469  PowerCC26X2_sysCtrlGetResetSource                                  
00006475  PowerCC26X2_sysCtrlVoltageConditionalControl                       
00006481  Power_getConstraintMask                                            
0000648d  RF_Params_init                                                     
00006499  RadioQueue_getDQpointer                                            
000064a5  SwiP_getTrigger                                                    
000064b1  _register_lock                                                     
000064bd  _register_unlock                                                   
000064c9  ti_sysbios_heaps_HeapMem_init                                      
000064d5  ti_sysbios_knl_ClockSupport_setNextTick                            
000064e1  ti_sysbios_knl_Clock_tick                                          
000064ed  ti_sysbios_knl_Task_Params_init                                    
000064f9  ClockP_Params_init                                                 
0000650d  PowerCC26X2_sysCtrlStandby                                         
00006517  Radio_stopRX                                                       
00006521  SemaphoreP_pend                                                    
0000652b  NOROM_CPUdelay                                                     
0000653b  PowerCC26X2_oschfTrySwitchToXosc                                   
00006543  ti_sysbios_runtime_System_exit                                     
0000654b  ClockP_stop                                                        
00006551  HwiP_restore                                                       
00006563  ti_sysbios_family_arm_m3_Hwi_doSwiRestore                          
00006569  ti_sysbios_family_arm_m3_Hwi_doTaskRestore                         
0000656f  ti_sysbios_knl_Idle_loop                                           
00006575  ti_sysbios_knl_Swi_startup                                         
0000657b  ClockP_getTimeout                                                  
0000657f  ClockP_isActive                                                    
00006583  ClockP_setTimeout                                                  
00006587  ClockP_start                                                       
0000658b  HwiP_enableInterrupt                                               
0000658f  NOROM_RFCOverrideUpdate                                            
00006593  PowerCC26X2_oschfSwitchToRcosc                                     
00006597  PowerCC26X2_sysCtrlIdle                                            
0000659b  PowerCC26X2_turnOnXosc                                             
0000659f  RF_defaultExecutionPolicy                                          
000065a3  ResetISR                                                           
000065a7  SemaphoreP_post                                                    
000065ab  SwiP_or                                                            
000065af  SwiP_restore                                                       
000065b3  _system_post_cinit                                                 
000065b7  _system_pre_init                                                   
000065c3  ti_sysbios_heaps_HeapMem_isBlocking                                
000065c9  __aeabi_memcpy                                                     
000065c9  __aeabi_memcpy4                                                    
000065c9  __aeabi_memcpy8                                                    
000074c8  resourceDB                                                         
000075c0  PowerCC26X2_config                                                 
000075e8  RFCC26XX_hwAttrs                                                   
00007628  ti_sysbios_knl_Idle_funcList                                       
00007630  __c_args__                                                         
000077bc  __TI_Handler_Table_Base                                            
000077c8  __TI_Handler_Table_Limit                                           
000077d0  __TI_CINIT_Base                                                    
000077e0  __TI_CINIT_Limit                                                   
000077e0  __TI_CINIT_Warm                                                    
00057fa8  __ccfg                                                             
20000000  __start___llvm_prf_bits                                            
20000000  __start___llvm_prf_cnts                                            
20000000  __stop___llvm_prf_bits                                             
20000000  __stop___llvm_prf_cnts                                             
20000000  ti_sysbios_family_arm_m3_Hwi_ramVectors                            
200000d8  __primary_heap_start__                                             
200040d8  __primary_heap_end__                                               
200040d8  ti_sysbios_runtime_SysMin_outbuf                                   
20004798  ti_sysbios_knl_Idle_taskStack                                      
20004998  _CIOBUF_                                                           
20004998  __CIOBUF_                                                          
20004ab8  ti_sysbios_family_arm_m3_Hwi_dispatchTable                         
20004bf8  ti_sysbios_knl_ClockSupport_timerStruct                            
20004c58  ti_sysbios_knl_Idle_taskStruct                                     
20004d74  ti_sysbios_knl_Swi_readyQs                                         
20004da4  ti_sysbios_knl_Task_readyQs                                        
20004dd4  BIOS_heapMemObject                                                 
20004e00  BIOS_rtsGate                                                       
20004e28  ti_sysbios_heaps_HeapMem_gate                                      
20004e50  testParams                                                         
20004e74  ti_sysbios_runtime_System_atexitHandlers                           
20004e94  parmbuf                                                            
20004eac  PowerCC26XX_swiKey                                                 
20004eb0  PowerCC26XX_taskKey                                                
20004eb4  testHandle                                                         
20004eb8  ti_sysbios_family_arm_cc26xx_TimestampProvider_Module_state        
20004ebc  ti_sysbios_knl_Task_defaultStackHeap                               
20004ec0  PowerCC26X2_module                                                 
20005034  ti_sysbios_runtime_Startup_done                                    
20005037  ti_sysbios_knl_Idle_initDone                                       
20005038  ti_sysbios_runtime_Memory_defaultHeapInstance                      
20005050  ti_sysbios_runtime_Error_ignore                                    
2000505c  ti_sysbios_family_arm_cc26xx_Timer_Module_state                    
20005068  ti_sysbios_runtime_System_Module_state                             
20005074  ti_sysbios_runtime_SysMin_Module_state                             
20005084  ti_sysbios_knl_Swi_Module_state                                    
20005118  BIOS_Module_state                                                  
20005144  ti_sysbios_family_arm_m3_Hwi_Module_state                          
20005180  ti_sysbios_knl_Clock_Module_state                                  
200052a4  ble_pOverridesCommon                                               
200052f8  RFCMD_ieeeRX                                                       
20005338  ti_sysbios_knl_Task_Module_state                                   
20005374  RFCMD_bleRadioSetup                                                
20005398  RFCMD_bleGenericRX                                                 
200053b8  ble_pOverrides2Mbps                                                
200053d4  RFCMD_bleFrequencySynthesizer                                      
200053ec  ble_pOverrides1Mbps                                                
20005404  RFCMD_bleGenericRXPar                                              
20005418  ble_pOverridesCoded                                                
2000542c  RFCMD_bleModeObject                                                
2000543c  _hposcCoeffs                                                       
20005460  RFCC26XX_schedulerPolicy                                           
20005468  ti_sysbios_gates_GateMutex_Module_state                            
20005470  ti_sysbios_heaps_HeapMem_Module_state                              
20005478  ti_sysbios_knl_Semaphore_Module_state                              
20005480  _lock                                                              
20005484  _unlock                                                            
20013a00  __stack                                                            
20014000  __STACK_END                                                        
ffffffff  __TI_pprof_out_hndl                                                
ffffffff  __TI_prof_data_size                                                
ffffffff  __TI_prof_data_start                                               
ffffffff  __binit__                                                          
ffffffff  binit                                                              
UNDEFED   ITM_flush                                                          
UNDEFED   ITM_restore                                                        
UNDEFED   __mpu_init                                                         

[390 symbols]
