******************************************************************************
            TI ARM Clang Linker PC v2.1.2                      
******************************************************************************
>> Linked Tue Jan 30 20:22:30 2024

OUTPUT FILE NAME:   <multiSniff_LP_CC2652RB_tirtos7_ticlang2.out>
ENTRY POINT SYMBOL: "ResetISR"  address: 0000bd99


MEMORY CONFIGURATION

         name            origin    length      used     unused   attr    fill
----------------------  --------  ---------  --------  --------  ----  --------
  FLASH                 00000000   00050000  0000d08d  00042f73  R  X
  STV_R                 00050000   00000020  00000000  00000020  R   
  HTML                  00051000   00003000  00000000  00003000  R   
  GPRAM                 11000000   00002000  00000000  00002000  RW X
  SRAM                  20000000   00012000  00006485  0000bb7b  RW X
  MTU_BUFFER            20012000   00001500  00000000  00001500  RW  
  STV_W                 20013500   00000020  00000000  00000020   W  
  LOG_DATA              90000000   00040000  00000000  00040000  R   


SEGMENT ALLOCATION MAP

run origin  load origin   length   init length attrs members
----------  ----------- ---------- ----------- ----- -------
00000000    00000000    0000cf09   0000cf09    r-x
  00000000    00000000    0000003c   0000003c    r-- .resetVecs
  00000040    00000040    0000bdd8   0000bdd8    r-x .text
  0000be18    0000be18    000010f1   000010f1    r-- .rodata
0000cf0c    0000cf0c    00000008   00000008    rw-
  0000cf0c    0000cf0c    00000008   00000008    rw- .args
0000cf14    0000cf14    00000128   00000128    r--
  0000cf14    0000cf14    00000128   00000128    r-- .cinit
0004ffa8    0004ffa8    00000058   00000058    r--
  0004ffa8    0004ffa8    00000058   00000058    r-- .ccfg
200000d8    200000d8    000004e5   00000000    rw-
  200000d8    200000d8    000004e5   00000000    rw- .data
20001830    20001830    00000010   00000000    rw-
  20001830    20001830    00000010   00000000    rw- .TI.bound:dmaSpi0RxControlTableEntry
20001840    20001840    00000010   00000000    rw-
  20001840    20001840    00000010   00000000    rw- .TI.bound:dmaSpi0TxControlTableEntry
20001a30    20001a30    00000010   00000000    rw-
  20001a30    20001a30    00000010   00000000    rw- .TI.bound:dmaSpi0RxAltControlTableEntry
20001a40    20001a40    00000010   00000000    rw-
  20001a40    20001a40    00000010   00000000    rw- .TI.bound:dmaSpi0TxAltControlTableEntry
20001a50    20001a50    00004000   00000000    r--
  20001a50    20001a50    00004000   00000000    r-- .priheap
20005a50    20005a50    00001888   00000000    rw-
  20005a50    20005a50    00001888   00000000    rw- .bss
20011a00    20011a00    00000600   00000000    rw-
  20011a00    20011a00    00000600   00000000    rw- .stack


SECTION ALLOCATION MAP

 output                                  attributes/
section   page    origin      length       input sections
--------  ----  ----------  ----------   ----------------
.binit     0    00000000    00000000     

.cinit     0    0000cf14    00000128     
                  0000cf14    000000c2     (.cinit..data.load) [load image, compression = lzss]
                  0000cfd6    00000002     --HOLE-- [fill = 0]
                  0000cfd8    0000000c     (__TI_handler_table)
                  0000cfe4    00000008     (.cinit..TI.bound:dmaSpi0RxAltControlTableEntry.load) [load image, compression = zero_init]
                  0000cfec    00000008     (.cinit..TI.bound:dmaSpi0RxControlTableEntry.load) [load image, compression = zero_init]
                  0000cff4    00000008     (.cinit..TI.bound:dmaSpi0TxAltControlTableEntry.load) [load image, compression = zero_init]
                  0000cffc    00000008     (.cinit..TI.bound:dmaSpi0TxControlTableEntry.load) [load image, compression = zero_init]
                  0000d004    00000008     (.cinit..bss.load) [load image, compression = zero_init]
                  0000d00c    00000030     (__TI_cinit_table)

.init_array 
*          0    00000000    00000000     UNINITIALIZED

.ccfg      0    0004ffa8    00000058     
                  0004ffa8    00000058     ti_devices_config.o (.ccfg)

.data      0    200000d8    000004e5     UNINITIALIZED
                  200000d8    00000174     drivers_cc26x2.a : PowerCC26X2.c.obj (.data.PowerCC26X2_module)
                  2000024c    0000007c     ti_drivers_config.o (.data.gpioPinConfigs)
                  200002c8    00000068     rf_multiMode_cc26x2.a : RFCC26X2_multiMode.c.cc26x2.ticlang.o (.data..L_MergedGlobals.1)
                  20000330    00000068     ti_sysbios_config.o (.data.ti_sysbios_knl_Clock_Module_state)
                  20000398    00000064     rf_multiMode_cc26x2.a : RFCC26X2_multiMode.c.cc26x2.ticlang.o (.data..L_MergedGlobals.3)
                  200003fc    00000058                           : RFCC26X2_multiMode.c.cc26x2.ticlang.o (.data..L_MergedGlobals.2)
                  20000454    0000003c     ti_sysbios_config.o (.data.ti_sysbios_family_arm_m3_Hwi_Module_state)
                  20000490    0000003c     ti_sysbios_config.o (.data.ti_sysbios_knl_Task_Module_state)
                  200004cc    0000002c     ti_sysbios_config.o (.data.BIOS_Module_state)
                  200004f8    00000028     ti_sysbios_config.o (.data.ti_sysbios_knl_Swi_Module_state)
                  20000520    00000010     Ethernet.o (.data.Ethernet_server_port)
                  20000530    00000010     driverlib.lib : osc.o (.data._hposcCoeffs)
                  20000540    00000010     ti_sysbios_config.o (.data.ti_sysbios_runtime_SysMin_Module_state)
                  20000550    0000000c     ti_sysbios_config.o (.data.ti_sysbios_family_arm_cc26xx_Timer_Module_state)
                  2000055c    0000000c     ti_sysbios_config.o (.data.ti_sysbios_runtime_Error_ignore)
                  20000568    0000000c     ti_sysbios_config.o (.data.ti_sysbios_runtime_System_Module_state)
                  20000574    00000008     rf_multiMode_cc26x2.a : RFCC26X2_multiMode.c.cc26x2.ticlang.o (.data..L_MergedGlobals)
                  2000057c    00000008     ti_sysbios_config.o (.data.prefixStrings)
                  20000584    00000008     ti_sysbios_config.o (.data.ti_sysbios_gates_GateMutex_Module_state)
                  2000058c    00000008     ti_sysbios_config.o (.data.ti_sysbios_heaps_HeapMem_Module_state)
                  20000594    00000008     ti_sysbios_config.o (.data.ti_sysbios_knl_Semaphore_Module_state)
                  2000059c    00000004     drivers_cc26x2.a : TemperatureCC26X2.c.obj (.data..L_MergedGlobals)
                  200005a0    00000004     EthernetClient.o (.data.EthernetClientPrintMethods)
                  200005a4    00000004     libc.a : aeabi_portable.c.obj (.data.__aeabi_errno)
                  200005a8    00000004            : _lock.c.obj (.data._lock)
                  200005ac    00000004            : _lock.c.obj (.data._unlock)
                  200005b0    00000004     ti_sysbios_config.o (.data.terminatedList)
                  200005b4    00000004     ti_sysbios_config.o (.data.ti_sysbios_runtime_Memory_defaultHeapInstance)
                  200005b8    00000001     drivers_cc26x2.a : GPIOCC26X2.c.obj (.data.initCalled)
                  200005b9    00000001                      : SPI.c.obj (.data.isInitialized)
                  200005ba    00000001                      : TemperatureCC26X2.c.obj (.data.isInitialized)
                  200005bb    00000001     ti_sysbios_config.o (.data.ti_sysbios_knl_Idle_initDone)
                  200005bc    00000001     ti_sysbios_config.o (.data.ti_sysbios_runtime_Startup_done)

.bss       0    20005a50    00001888     UNINITIALIZED
                  20005a50    00000401     ssd1306.o (.bss.SSD1306_LcdBufferInclStreamByte)
                  20005e51    00000002     ssd1306.o (.bss.SSD1306_SendCommand.buffer)
                  20005e53    00000001     dashboard_task.o (.bss.Dashboard_Main.readDestination)
                  20005e54    00000004     ssd1306.o (.bss._i2c)
                  20005e58    00000400     (.common:ti_sysbios_knl_Idle_taskStack)
                  20006258    00000400     (.common:ti_sysbios_runtime_SysMin_outbuf)
                  20006658    000002c0     rf_multiMode_cc26x2.a : RFCC26X2_multiMode.c.cc26x2.ticlang.o (.bss.RF_cmdPool)
                  20006918    000001ba     html.o (.bss.valueBuffer)
                  20006ad2    00000002     socket.o (.bss.local_port)
                  20006ad4    00000140     (.common:i2cCC26xxObjects)
                  20006c14    00000120     libsysbm.a : trgmsg.c.obj (.bss:_CIOBUF_)
                  20006d34    00000100     (.common:spiCC26X2DMAObjects)
                  20006e34    000000d8     (.common:ti_sysbios_family_arm_m3_Hwi_dispatchTable)
                  20006f0c    0000007c     (.common:gpioCallbackFunctions)
                  20006f88    0000007c     (.common:gpioUserArgs)
                  20007004    00000004     driverlib.lib : osc.o (.bss.oscHfGlobals.0)
                  20007008    00000060     (.common:ti_sysbios_knl_ClockSupport_timerStruct)
                  20007068    00000058     (.common:ti_sysbios_knl_Idle_taskStruct)
                  200070c0    00000030     (.common:ti_sysbios_knl_Swi_readyQs)
                  200070f0    00000030     (.common:ti_sysbios_knl_Task_readyQs)
                  20007120    0000002c     (.common:BIOS_heapMemObject)
                  2000714c    00000028     (.common:BIOS_rtsGate)
                  20007174    00000028     (.common:ti_sysbios_heaps_HeapMem_gate)
                  2000719c    00000024     (.common:dashboardTaskParams)
                  200071c0    00000024     (.common:initTaskParams)
                  200071e4    00000020     (.common:Ethernet)
                  20007204    00000020     (.common:ti_sysbios_runtime_System_atexitHandlers)
                  20007224    00000020     (.common:udmaCC26XXObject)
                  20007244    0000001c     drivers_cc26x2.a : TemperatureCC26X2.c.obj (.bss.batmonHwi)
                  20007260    0000001c                      : GPIOCC26X2.c.obj (.bss.gpioHwi)
                  2000727c    00000014     (.common:ti_sysbios_hal_Seconds_Module_state)
                  20007290    00000010     ssd1306.o (.bss._i2cParams)
                  200072a0    00000008     drivers_cc26x2.a : TemperatureCC26X2.c.obj (.bss.notificationList)
                  200072a8    00000008     (.common:parmbuf)
                  200072b0    00000004     driverlib.lib : osc.o (.bss.oscHfGlobals.2)
                  200072b4    00000004                   : osc.o (.bss.oscHfGlobals.3)
                  200072b8    00000004                   : osc.o (.bss.oscHfGlobals.4)
                  200072bc    00000004     (.common:Init_SemaphoreHandle)
                  200072c0    00000004     (.common:PowerCC26XX_swiKey)
                  200072c4    00000004     (.common:PowerCC26XX_taskKey)
                  200072c8    00000004     (.common:spi)
                  200072cc    00000004     (.common:ti_sysbios_family_arm_cc26xx_TimestampProvider_Module_state)
                  200072d0    00000004     (.common:ti_sysbios_knl_Task_defaultStackHeap)
                  200072d4    00000002     (.common:_counter)
                  200072d6    00000002     (.common:ethernetServer)

.stack     0    20011a00    00000600     UNINITIALIZED
                  20011a00    00000004     sysbios.a : boot_cortex_m.obj (.stack)
                  20011a04    000005fc     --HOLE--

.priheap   0    20001a50    00004000     UNINITIALIZED
                  20001a50    00004000     --HOLE--

.log_data 
*          0    90000000    00000000     COPY SECTION

.resetVecs 
*          0    00000000    0000003c     
                  00000000    0000003c     ti_sysbios_config.o (.resetVecs)

.vecs      0    20000000    000000d8     NOLOAD SECTION
                  20000000    000000d8     ti_sysbios_config.o (.vecs)

.text      0    00000040    0000bdd8     
                  00000040    000005f0     ti_sysbios_config.o (.text.ti_sysbios_runtime_System_doPrint)
                  00000630    000005ea     driverlib.lib : osc.o (.text.findHposcCoefficients)
                  00000c1a    00000372     Dhcp.o (.text.DHCP_parseDHCPResponse)
                  00000f8c    000002de     log.o (.text.Log_print)
                  0000126a    00000002     ti_sysbios_config.o (.text.BIOS_nullFunc)
                  0000126c    000002c8     drivers_cc26x2.a : SPICC26X2DMA.c.obj (.text.SPICC26X2DMA_transfer)
                  00001534    0000025c     Dhcp.o (.text.DHCP_send_DHCP_MESSAGE)
                  00001790    00000236     Dhcp.o (.text.DHCP_request_DHCP_lease)
                  000019c6    00000002     ti_drivers_config.o (.text.Board_initHook)
                  000019c8    00000200     ti_sysbios_config.o (.text.ti_sysbios_runtime_System_printfExtend)
                  00001bc8    000001fa     ti_sysbios_config.o (.text.ti_sysbios_family_arm_m3_Hwi_excFillContext)
                  00001dc2    00000002     drivers_cc26x2.a : I2C.c.obj (.text.I2C_init)
                  00001dc4    000001b6     libclang_rt.builtins.a : adddf3.S.obj (.text)
                  00001f7a    000001ae     drivers_cc26x2.a : SPICC26X2DMA.c.obj (.text.SPICC26X2DMA_hwiFxn)
                  00002128    000001aa     ti_sysbios_config.o (.text.ti_sysbios_knl_TaskSupport_buildTaskStack)
                  000022d2    0000019a     ssd1306.o (.text.SSD1306_DrawLine)
                  0000246c    00000198     ti_sysbios_config.o (.text.ti_sysbios_family_arm_cc26xx_Timer_construct)
                  00002604    00000194     drivers_cc26x2.a : PowerCC26X2_calibrateRCOSC.c.obj (.text.PowerCC26X2_auxISR)
                  00002798    0000018e     ti_sysbios_config.o (.text.ti_sysbios_knl_Task_Instance_init)
                  00002926    00000002     libclang_rt.builtins.a : aeabi_div0.c.obj (.text.__aeabi_ldiv0)
                  00002928    00000188     drivers_cc26x2.a : SPICC26X2DMA.c.obj (.text.SPICC26X2DMA_open)
                  00002ab0    0000016e     init_task.o (.text.Init_Main)
                  00002c1e    00000002     libc.a : _lock.c.obj (.text._nop)
                  00002c20    00000160     drivers_cc26x2.a : SPICC26X2DMA.c.obj (.text.configNextTransfer)
                  00002d80    00000158                      : PowerCC26X2.c.obj (.text.Power_sleep)
                  00002ed8    0000013e     ti_sysbios_config.o (.text.PowerCC26XX_standbyPolicy)
                  00003016    0000013e     ti_sysbios_config.o (.text.ti_sysbios_heaps_HeapMem_allocUnprotected)
                  00003154    0000013c     drivers_cc26x2.a : I2CCC26XX.c.obj (.text.I2C_open)
                  00003290    0000013c     ti_sysbios_config.o (.text.ti_sysbios_knl_Clock_workFuncDynamic)
                  000033cc    00000136     IPAddress.o (.text.IPAddress_toString)
                  00003502    00000002     drivers_cc26x2.a : PowerCC26X2.c.obj (.text.emptyClockFunc)
                  00003504    00000136     libclang_rt.builtins.a : divdf3.S.obj (.text)
                  0000363a    00000002     ti_sysbios_config.o (.text.ti_sysbios_family_arm_cc26xx_Timer_startup)
                  0000363c    00000134     driverlib.lib : osc.o (.text.findHposcPc)
                  00003770    00000130     Dhcp.o (.text.DHCP_checkLease)
                  000038a0    00000126     drivers_cc26x2.a : I2C.c.obj (.text.I2C_transferTimeout)
                  000039c6    00000002     ti_sysbios_config.o (.text.ti_sysbios_knl_TaskSupport_init)
                  000039c8    00000124     rf_multiMode_cc26x2.a : RFCC26X2_multiMode.c.cc26x2.ticlang.o (.text.RF_abortCmd)
                  00003aec    00000122     drivers_cc26x2.a : SPICC26X2DMA.c.obj (.text.SPICC26X2DMA_transferCancel)
                  00003c0e    00000002     --HOLE-- [fill = 0]
                  00003c10    0000011c     sysbios.a : Hwi_asm_gnu.obj (.text.ti_sysbios_family_arm_m3_Hwi_dispatch)
                  00003d2c    00000118     drivers_cc26x2.a : PowerCC26X2.c.obj (.text.Power_init)
                  00003e44    0000010e     ti_sysbios_config.o (.text.ti_sysbios_knl_Semaphore_pend)
                  00003f52    00000002     --HOLE-- [fill = 0]
                  00003f54    0000010c     drivers_cc26x2.a : PowerCC26X2_calibrateRCOSC.c.obj (.text.PowerCC26X2_calibrate)
                  00004060    0000010a     ssd1306.o (.text.SSD1306_DrawChar)
                  0000416a    0000010a     ti_sysbios_config.o (.text.ti_sysbios_knl_Task_Instance_finalize)
                  00004274    00000104     drivers_cc26x2.a : GPIOCC26X2.c.obj (.text.GPIO_init)
                  00004378    000000fe     dashboard_task.o (.text.Dashboard_Main)
                  00004476    000000fe     ti_sysbios_config.o (.text.ti_sysbios_family_arm_m3_Hwi_Instance_init)
                  00004574    000000fc     libclang_rt.builtins.a : muldf3.S.obj (.text)
                  00004670    000000f4     driverlib.lib : sys_ctrl.o (.text.NOROM_SysCtrlStandby)
                  00004764    000000ee     ti_sysbios_config.o (.text.ti_sysbios_knl_Clock_startI)
                  00004852    00000002     --HOLE-- [fill = 0]
                  00004854    000000e8     drivers_cc26x2.a : I2CCC26XX.c.obj (.text.I2CCC26XX_hwiFxn)
                  0000493c    000000e8     socket.o (.text.send)
                  00004a24    000000e4     driverlib.lib : setup.o (.text.NOROM_SetupTrimDevice)
                  00004b08    000000e4     ti_sysbios_config.o (.text.ti_sysbios_family_arm_m3_Hwi_initNVIC)
                  00004bec    000000de     dashboard_task.o (.text.Dashboard_UpdateDashboardInfo)
                  00004cca    000000da     ti_sysbios_config.o (.text.ti_sysbios_heaps_HeapMem_freeUnprotected)
                  00004da4    000000d8     drivers_cc26x2.a : SPICC26X2DMA.c.obj (.text.SPICC26X2DMA_control)
                  00004e7c    000000d0                      : PowerCC26X2.c.obj (.text.configureXOSCHF)
                  00004f4c    000000c4     driverlib.lib : setup.o (.text.TrimAfterColdResetWakeupFromShutDown)
                  00005010    000000c0     ti_sysbios_config.o (.text.ti_sysbios_knl_Clock_walkQueueDynamic)
                  000050d0    000000c0     ti_sysbios_config.o (.text.ti_sysbios_knl_Swi_restoreHwi)
                  00005190    000000c0     ti_sysbios_config.o (.text.ti_sysbios_runtime_System_formatNum)
                  00005250    000000be     gui.o (.text.GUI_Init)
                  0000530e    000000bc     ti_sysbios_config.o (.text.ti_sysbios_knl_Task_postInit)
                  000053ca    000000b8     ti_sysbios_config.o (.text.ti_sysbios_knl_Swi_Instance_init)
                  00005482    000000b6     driverlib.lib : osc.o (.text.NOROM_OSC_HPOSCInitializeFrequencyOffsetParameters)
                  00005538    000000b4                   : osc.o (.text.NOROM_OSCHF_AttemptToSwitchToXosc)
                  000055ec    000000b4     drivers_cc26x2.a : PowerCC26X2.c.obj (.text.Power_releaseDependency)
                  000056a0    000000b4     socket.o (.text.socket)
                  00005754    000000b2     html.o (.text.Html_CopyHtmlToMtuBuffer)
                  00005806    00000002     --HOLE-- [fill = 0]
                  00005808    000000b0     drivers_cc26x2.a : PowerCC26X2.c.obj (.text.Power_setDependency)
                  000058b8    000000b0     libclang_rt.builtins.a : udivmoddi4.S.obj (.text)
                  00005968    000000a8     drivers_cc26x2.a : TemperatureCC26X2.c.obj (.text.temperatureHwiFxn)
                  00005a10    000000a6     socket.o (.text.recv)
                  00005ab6    000000a2     ti_sysbios_config.o (.text.ti_sysbios_knl_TaskSupport_start)
                  00005b58    000000a0     drivers_cc26x2.a : I2CCC26XX.c.obj (.text.I2CCC26XX_swiFxn)
                  00005bf8    0000009a     Ethernet.o (.text.Ethernet_begin_mac)
                  00005c92    0000009a     ssd1306.o (.text.SSD1306_Init)
                  00005d2c    0000009a     ti_sysbios_config.o (.text.ti_sysbios_knl_Task_schedule)
                  00005dc6    00000098     ti_sysbios_config.o (.text.ti_sysbios_hal_Seconds_getTime)
                  00005e5e    00000096     EthernetUdp.o (.text.EthernetUDP_begin)
                  00005ef4    00000094     Ethernet.o (.text.Ethernet_maintain)
                  00005f88    00000094     rf_multiMode_cc26x2.a : RFCC26X2_multiMode.c.cc26x2.ticlang.o (.text.RF_hposcRfCompensateFxn)
                  0000601c    00000094     ti_sysbios_config.o (.text.ti_sysbios_heaps_HeapMem_Instance_init)
                  000060b0    00000090     ti_sysbios_config.o (.text.ti_sysbios_knl_Task_sleep)
                  00006140    0000008e     ssd1306.o (.text.SSD1306_DrawPixel)
                  000061ce    0000008e     ti_sysbios_config.o (.text.ti_sysbios_family_arm_m3_Hwi_excHandlerMin)
                  0000625c    0000008e     ti_sysbios_config.o (.text.ti_sysbios_knl_Swi_runLoop)
                  000062ea    00000002     --HOLE-- [fill = 0]
                  000062ec    0000008c     drivers_cc26x2.a : GPIOCC26XX.c.obj (.text.GPIO_setConfig)
                  00006378    0000008c     ti_sysbios_config.o (.text.ti_sysbios_family_arm_m3_Hwi_construct2)
                  00006404    0000008a     EthernetClient.o (.text.EthernetClient_stop)
                  0000648e    0000008a     EthernetServer.o (.text.EthernetServer_accept)
                  00006518    0000008a     EthernetServer.o (.text.EthernetServer_available)
                  000065a2    0000008a     ti_sysbios_config.o (.text.ti_sysbios_knl_Semaphore_post)
                  0000662c    00000088     rf_multiMode_cc26x2.a : RFCC26X2_multiMode.c.cc26x2.ticlang.o (.text.RF_discardPendCmd)
                  000066b4    00000088     ti_sysbios_config.o (.text.ti_sysbios_family_arm_m3_Hwi_postInit)
                  0000673c    00000086     ti_sysbios_config.o (.text.ti_sysbios_runtime_Memory_alloc)
                  000067c2    00000084     EthernetUdp.o (.text.EthernetUDP_parsePacket)
                  00006846    00000084     main.o (.text.main)
                  000068ca    00000082     EthernetClient.o (.text.EthernetClient_connected)
                  0000694c    00000082     ti_sysbios_config.o (.text.ti_sysbios_family_arm_m3_Hwi_getStackInfo)
                  000069ce    00000080     driverlib.lib : sys_ctrl.o (.text.NOROM_SysCtrlSetRechargeBeforePowerDown)
                  00006a4e    0000007e     ti_drivers_config.o (.text.Board_sendExtFlashByte)
                  00006acc    0000007e     ssd1306.o (.text.SSD1306_UpdatePosition)
                  00006b4a    0000007c     ti_sysbios_config.o (.text.SwiP_construct)
                  00006bc6    0000007c     ti_sysbios_config.o (.text.ti_sysbios_family_arm_cc26xx_Timer_periodicStub)
                  00006c42    0000007c     ti_sysbios_config.o (.text.ti_sysbios_knl_Swi_schedule)
                  00006cbe    0000007a     ti_sysbios_config.o (.text.ti_sysbios_family_arm_m3_Hwi_dispatchC)
                  00006d38    0000007a     ti_sysbios_config.o (.text.ti_sysbios_knl_Idle_init)
                  00006db2    00000078     driverlib.lib : osc.o (.text.NOROM_OSCHF_SwitchToRcOscTurnOffXosc)
                  00006e2a    00000078                   : osc.o (.text.NOROM_OSC_CapArrayAdjustWorkaround_Boot)
                  00006ea2    00000002     --HOLE-- [fill = 0]
                  00006ea4    00000078     drivers_cc26x2.a : SPICC26X2DMA.c.obj (.text.SPICC26X2DMA_close)
                  00006f1c    00000078     ti_sysbios_config.o (.text.ti_sysbios_family_arm_m3_Hwi_disableInterrupt)
                  00006f94    00000078     ti_sysbios_config.o (.text.ti_sysbios_knl_Swi_run)
                  0000700c    00000078     ti_sysbios_config.o (.text.ti_sysbios_knl_Task_blockI)
                  00007084    00000078     ti_sysbios_config.o (.text.ti_sysbios_knl_Task_startup)
                  000070fc    00000076     gui.o (.text.GUI_ChangeProto)
                  00007172    00000002     --HOLE-- [fill = 0]
                  00007174    00000074     drivers_cc26x2.a : PowerCC26X2_calibrateRCOSC_helpers.c.obj (.text.PowerCC26X2_updateSubSecInc)
                  000071e8    00000074                      : TemperatureCC26X2.c.obj (.text.Temperature_init)
                  0000725c    00000074     ti_sysbios_config.o (.text.ti_sysbios_heaps_HeapMem_getStats)
                  000072d0    00000072     ti_sysbios_config.o (.text.ti_sysbios_family_arm_cc26xx_Timer_setThreshold)
                  00007342    00000070     EthernetServer.o (.text.EthernetServer_begin)
                  000073b2    00000006     drivers_cc26x2.a : I2CCC26XX.c.obj (.text.I2CSupport_powerRelConstraint)
                  000073b8    00000070     ArduinoCompatibility.o (.text.millis)
                  00007428    00000070     ti_sysbios_config.o (.text.ti_sysbios_family_arm_m3_Hwi_enableInterrupt)
                  00007498    0000006e     ti_sysbios_config.o (.text.BIOS_init)
                  00007506    0000006e     ti_drivers_config.o (.text.Board_shutDownExtFlash)
                  00007574    0000006e     libclang_rt.builtins.a : comparedf2.c.obj (.text.__gedf2)
                  000075e2    00000002     --HOLE-- [fill = 0]
                  000075e4    0000006e                            : comparedf2.c.obj (.text.__ledf2)
                  00007652    0000006e     init_task.o (.text.byte2hex)
                  000076c0    0000006e     ti_sysbios_config.o (.text.ti_sysbios_knl_Clock_init)
                  0000772e    0000006c     Dhcp.o (.text.DHCP_printByte)
                  0000779a    0000006c     EthernetUdp.o (.text.EthernetUDP_read_buf)
                  00007806    0000006c     w5500.o (.text.W5500_read_buf)
                  00007872    0000006a     html.o (.text.Html_strcpy)
                  000078dc    0000006a     drivers_cc26x2.a : I2CCC26XX.c.obj (.text.I2CSupport_primeTransfer)
                  00007946    0000006a     w5500.o (.text.W5500_write_buf)
                  000079b0    0000006a     libc.a : copy_decompress_lzss.c.obj (.text:decompress:lzss)
                  00007a1a    00000068     w5500.o (.text.W5500_send_data_processing_offset)
                  00007a82    00000066     EthernetClient.o (.text.EthernetClient_readBytesUntil)
                  00007ae8    00000066     ti_sysbios_config.o (.text.ti_sysbios_family_arm_cc26xx_Timer_start)
                  00007b4e    00000066     ti_sysbios_config.o (.text.ti_sysbios_family_arm_m3_Hwi_Instance_finalize)
                  00007bb4    00000064     drivers_cc26x2.a : PowerCC26X2_calibrateRCOSC.c.obj (.text.PowerCC26X2_initiateCalibration)
                  00007c18    00000064     SPIfg.o (.text.SPI_transf)
                  00007c7c    00000064     ssd1306.o (.text.SSD1306_DrawString)
                  00007ce0    00000064     drivers_cc26x2.a : UDMACC26XX.c.obj (.text.UDMACC26XX_open)
                  00007d44    00000064                      : PowerCC26X2.c.obj (.text.oscillatorISR)
                  00007da8    00000062     socket.o (.text.bufferData)
                  00007e0a    00000002     --HOLE-- [fill = 0]
                  00007e0c    00000062     libclang_rt.builtins.a : aeabi_dcmp.S.obj (.text)
                  00007e6e    00000060     Dhcp.o (.text.DHCP_beginWithDHCP)
                  00007ece    00000060     drivers_cc26x2.a : SPICC26X2DMA.c.obj (.text.csnCallback)
                  00007f2e    00000060     ti_sysbios_config.o (.text.ti_sysbios_knl_ClockSupport_init)
                  00007f8e    0000005e     socket.o (.text.startUDP)
                  00007fec    0000005e     ti_sysbios_config.o (.text.ti_sysbios_knl_Swi_post)
                  0000804a    0000005e     ti_sysbios_config.o (.text.ti_sysbios_runtime_Error_raiseX)
                  000080a8    0000005c     ti_sysbios_config.o (.text.ClockP_construct)
                  00008104    0000005c     libclang_rt.builtins.a : divmoddi4.c.obj (.text.__divmoddi4)
                  00008160    0000005c     ti_sysbios_config.o (.text.ti_sysbios_heaps_HeapMem_alloc)
                  000081bc    0000005c     ti_sysbios_config.o (.text.ti_sysbios_knl_Task_init)
                  00008218    0000005a     init_task.o (.text.mac2string)
                  00008272    00000058     ti_sysbios_config.o (.text.AONRTCEventClear)
                  000082ca    00000058     ti_sysbios_config.o (.text.HwiP_construct)
                  00008322    00000058     w5500.o (.text.W5500_recv_data_processing)
                  0000837a    00000058     ti_sysbios_config.o (.text.ti_sysbios_family_arm_m3_Hwi_construct)
                  000083d2    00000002     --HOLE-- [fill = 0]
                  000083d4    00000058     sysbios.a : Hwi_asm_switch_gnu.obj (.text.ti_sysbios_family_arm_m3_Hwi_initStacks)
                  0000842c    00000058     ti_sysbios_config.o (.text.ti_sysbios_heaps_HeapMem_construct)
                  00008484    00000058     ti_sysbios_config.o (.text.ti_sysbios_knl_Swi_init)
                  000084dc    00000056     ti_sysbios_config.o (.text.AONRTCCompareValueSet)
                  00008532    00000056     gui.o (.text.GUI_ChangeRx)
                  00008588    00000056     ti_sysbios_config.o (.text.getTime)
                  000085de    00000056     ti_sysbios_config.o (.text.ti_sysbios_family_arm_cc26xx_Timer_getCurrentTick)
                  00008634    00000056     ti_sysbios_config.o (.text.ti_sysbios_knl_Clock_Instance_init)
                  0000868a    00000056     ti_sysbios_config.o (.text.ti_sysbios_runtime_SystemSupport_flush)
                  000086e0    00000056     ti_sysbios_config.o (.text.ti_sysbios_runtime_System_atexit)
                  00008736    00000056     ti_sysbios_config.o (.text.ti_sysbios_runtime_System_putchar)
                  0000878c    00000054     ti_sysbios_config.o (.text.AONRTCChannelEnable)
                  000087e0    00000054     ti_sysbios_config.o (.text.BIOS_startFunc)
                  00008834    00000054     libsysbm.a : hostwrite.c.obj (.text.HOSTwrite)
                  00008888    00000054     drivers_cc26x2.a : I2CCC26XX.c.obj (.text.I2CCC26XX_initHw)
                  000088dc    00000054     stv.o (.text.STV_CopyStvFromFlashIfNotYet)
                  00008930    00000052     driverlib.lib : chipinfo.o (.text.NOROM_ChipInfo_GetHwRevision)
                  00008982    00000052     ti_sysbios_config.o (.text.usleep)
                  000089d4    00000050     rf_multiMode_cc26x2.a : RFCC26X2_multiMode.c.cc26x2.ticlang.o (.text.RF_enableHPOSCTemperatureCompensation)
                  00008a24    00000050     ti_sysbios_config.o (.text.ti_sysbios_family_arm_cc26xx_Timer_setNextTick)
                  00008a74    0000004e     w5500.o (.text.W5500_getRXReceivedSize)
                  00008ac2    0000004e     w5500.o (.text.W5500_getTXFreeSize)
                  00008b10    0000004e     ti_sysbios_config.o (.text.ti_sysbios_knl_Swi_restore)
                  00008b5e    0000004c     driverlib.lib : osc.o (.text.NOROM_OSC_HPOSCRelativeFrequencyOffsetGet)
                  00008baa    00000002     --HOLE-- [fill = 0]
                  00008bac    0000004c     drivers_cc26x2.a : SPICC26X2DMA.c.obj (.text.initHw)
                  00008bf8    0000004c     SPIfg.o (.text.initSS)
                  00008c44    0000004c     drivers_cc26x2.a : PowerCC26X2.c.obj (.text.switchXOSCHF)
                  00008c90    0000004c     ti_sysbios_config.o (.text.ti_sysbios_knl_Task_create)
                  00008cdc    0000004c     ti_sysbios_config.o (.text.ti_sysbios_runtime_SystemSupport_putch)
                  00008d28    0000004c     ti_sysbios_config.o (.text.ti_sysbios_runtime_System_processAtExit)
                  00008d74    0000004a     SPIfg.o (.text.SPI_begin)
                  00008dbe    0000004a     ti_sysbios_config.o (.text.ti_sysbios_knl_Task_construct)
                  00008e08    0000004a     ti_sysbios_config.o (.text.ti_sysbios_runtime_Error_print)
                  00008e52    00000048     EthernetClient.o (.text.EthernetClient_timedRead)
                  00008e9a    00000048     html.o (.text.Html_SetKeyValueInBuffer)
                  00008ee2    00000002     --HOLE-- [fill = 0]
                  00008ee4    00000048     driverlib.lib : aux_sysif.o (.text.NOROM_AUXSYSIFOpModeChange)
                  00008f2c    00000048     ssd1306.o (.text.SSD1306_SendCommand)
                  00008f74    00000048     drivers_cc26x2.a : TemperatureCC26X2.c.obj (.text.Temperature_registerNotifyRange)
                  00008fbc    00000048     w5500.o (.text.W5500_init)
                  00009004    00000048     ti_sysbios_config.o (.text.ti_sysbios_family_arm_m3_Hwi_init)
                  0000904c    00000048     libclang_rt.builtins.a : fixdfsi.S.obj (.text)
                  00009094    00000046     ti_sysbios_config.o (.text.ti_sysbios_knl_Semaphore_Instance_init)
                  000090da    00000046     ti_sysbios_config.o (.text.ti_sysbios_knl_Swi_construct)
                  00009120    00000046     ti_sysbios_config.o (.text.ti_sysbios_knl_Task_processVitalTaskFlag)
                  00009166    00000046     ti_sysbios_config.o (.text.ti_sysbios_knl_Task_unblockI)
                  000091ac    00000046     ti_sysbios_config.o (.text.ti_sysbios_runtime_SysMin_output)
                  000091f2    00000044     ti_sysbios_config.o (.text.BIOS_rtsLock)
                  00009236    00000002     --HOLE-- [fill = 0]
                  00009238    00000044     drivers_cc26x2.a : GPIOCC26X2.c.obj (.text.GPIO_hwiIntFxn)
                  0000927c    00000044     gui.o (.text.GUI_ChangeDeviceIp)
                  000092c0    00000044     gui.o (.text.GUI_ChangeTargetIp)
                  00009304    00000044     driverlib.lib : prcm.o (.text.NOROM_PRCMPowerDomainsAllOff)
                  00009348    00000044                   : prcm.o (.text.NOROM_PRCMPowerDomainsAllOn)
                  0000938c    00000044     rf_multiMode_cc26x2.a : RFCC26X2_multiMode.c.cc26x2.ticlang.o (.text.RF_cmdGet)
                  000093d0    00000044     drivers_cc26x2.a : SPI.c.obj (.text.SPI_init)
                  00009414    00000044     ti_sysbios_config.o (.text._pthread_cleanupFxn)
                  00009458    00000044     drivers_cc26x2.a : TemperatureCC26X2.c.obj (.text.degreesToCode)
                  0000949c    00000044                      : TemperatureCC26X2.c.obj (.text.setNextThresholds)
                  000094e0    00000044     ti_sysbios_config.o (.text.ti_sysbios_knl_Task_restore)
                  00009524    00000044     libclang_rt.builtins.a : fixunsdfsi.S.obj (.text)
                  00009568    00000044     restart.o (.text)
                  000095ac    00000042     EthernetClient.o (.text.EthernetClient_write)
                  000095ee    00000042     EthernetUdp.o (.text.EthernetUDP_read)
                  00009630    00000042     ssd1306.o (.text.SSD1306_UpdateScreen)
                  00009672    00000040     Ethernet.o (.text.Ethernet_begin_mac_ip_dns_gateway_subnet)
                  000096b2    00000002     --HOLE-- [fill = 0]
                  000096b4    00000040     drivers_cc26x2.a : PowerCC26X2_calibrateRCOSC.c.obj (.text.PowerCC26X2_RCOSC_clockFunc)
                  000096f4    00000040                      : PowerCC26X2_calibrateRCOSC_helpers.c.obj (.text.PowerCC26X2_setAclkRefSrc)
                  00009734    00000040     rf_multiMode_cc26x2.a : RFCC26X2_multiMode.c.cc26x2.ticlang.o (.text.RF_updateHpOscOverride)
                  00009774    00000040     drivers_cc26x2.a : SPI.c.obj (.text.SPI_open)
                  000097b4    00000040     ti_sysbios_config.o (.text.ti_sysbios_gates_GateMutex_enter)
                  000097f4    00000040     ti_sysbios_config.o (.text.ti_sysbios_knl_Semaphore_pendTimeout)
                  00009834    00000040     ti_sysbios_config.o (.text.ti_sysbios_knl_Task_exit)
                  00009874    0000003e     dashboard_task.o (.text.Dashboard_SendHtml)
                  000098b2    0000003e     w5500.o (.text.W5500_read)
                  000098f0    0000003e     w5500.o (.text.W5500_write)
                  0000992e    0000003e     socket.o (.text.sendUDP)
                  0000996c    0000003e     ti_sysbios_config.o (.text.ti_sysbios_knl_Clock_getTicksUntilInterrupt)
                  000099aa    0000003c     ti_sysbios_config.o (.text.BIOS_atExitFunc)
                  000099e6    00000002     --HOLE-- [fill = 0]
                  000099e8    0000003c     drivers_cc26x2.a : GPIO.c.obj (.text.GPIO_resetConfig)
                  00009a24    0000003c     driverlib.lib : sys_ctrl.o (.text.NOROM_SysCtrlIdle)
                  00009a60    0000003c     drivers_cc26x2.a : PowerCC26X2_calibrateRCOSC_helpers.c.obj (.text.PowerCC26X2_setTdcClkSrc24M)
                  00009a9c    0000003c     ti_sysbios_config.o (.text.ti_sysbios_family_arm_m3_Hwi_setPriority)
                  00009ad8    0000003c     ti_sysbios_config.o (.text.ti_sysbios_knl_Task_restoreHwi)
                  00009b14    0000003c     drivers_cc26x2.a : TemperatureCC26X2.c.obj (.text.updateThresholds)
                  00009b50    0000003c     Printfg.o (.text.write_string)
                  00009b8c    0000003a     Ethernet.o (.text.Ethernet_begin_mac_ip_dns_gateway)
                  00009bc6    0000003a     ssd1306.o (.text.sendData)
                  00009c00    0000003a     ti_sysbios_config.o (.text.ti_sysbios_family_arm_m3_Hwi_clearInterrupt)
                  00009c3a    00000038     ti_drivers_config.o (.text.Board_wakeUpExtFlash)
                  00009c72    00000038     EthernetUdp.o (.text.EthernetUDP_stop)
                  00009caa    00000002     --HOLE-- [fill = 0]
                  00009cac    00000038     drivers_cc26x2.a : PowerCC26X2_helpers.c.obj (.text.PowerCC26X2_oscDisableQualifiers)
                  00009ce4    00000038                      : UDMACC26XX.c.obj (.text.UDMACC26XX_close)
                  00009d1c    00000038     w5500.o (.text.W5500_readSnRX_RD)
                  00009d54    00000038     w5500.o (.text.W5500_readSnRX_RSR)
                  00009d8c    00000038     w5500.o (.text.W5500_readSnTX_FSR)
                  00009dc4    00000038     w5500.o (.text.W5500_readSnTX_WR)
                  00009dfc    00000038     socket.o (.text.listen)
                  00009e34    00000038     ti_sysbios_config.o (.text.ti_sysbios_runtime_Startup_exec)
                  00009e6c    00000038     libc.a : autoinit.c.obj (.text:__TI_auto_init_nobinit_nopinit)
                  00009ea4    00000038     libclang_rt.builtins.a : extendsfdf2.S.obj (.text)
                  00009edc    00000036     ti_sysbios_config.o (.text.BIOS_rtsUnlock)
                  00009f12    00000036     ti_sysbios_config.o (.text.SemaphoreP_pend)
                  00009f48    00000036     ti_sysbios_config.o (.text.ti_sysbios_knl_Swi_construct2)
                  00009f7e    00000034     html.o (.text.Html_strset)
                  00009fb2    00000002     --HOLE-- [fill = 0]
                  00009fb4    00000034     drivers_cc26x2.a : PowerCC26X2.c.obj (.text.Power_releaseConstraint)
                  00009fe8    00000034     rf_multiMode_cc26x2.a : RFCC26X2_multiMode.c.cc26x2.ticlang.o (.text.RF_runDirectImmediateCmd)
                  0000a01c    00000034     w5500.o (.text.W5500_read_data)
                  0000a050    00000034     w5500.o (.text.W5500_writeSn_buf)
                  0000a084    00000034     libsysbm.a : trgmsg.c.obj (.text.__TI_writemsg)
                  0000a0b8    00000034     ti_sysbios_config.o (.text.ti_sysbios_family_arm_cc26xx_Timer_getMaxTicks)
                  0000a0ec    00000034     ti_sysbios_config.o (.text.ti_sysbios_knl_Queue_put)
                  0000a120    00000034     ti_sysbios_config.o (.text.ti_sysbios_runtime_System_vprintf)
                  0000a154    00000034     sysbios.a : boot_cortex_m.obj (.text:_c_int00)
                  0000a188    00000032     ti_drivers_config.o (.text.Board_init)
                  0000a1ba    00000032     EthernetUdp.o (.text.EthernetUDP_write)
                  0000a1ec    00000032     ti_sysbios_config.o (.text.ti_sysbios_knl_Semaphore_create)
                  0000a21e    00000030     EthernetClient.o (.text.EthernetClient_read)
                  0000a24e    00000002     --HOLE-- [fill = 0]
                  0000a250    00000030     drivers_cc26x2.a : GPIOCC26XX.c.obj (.text.GPIO_setInterruptConfig)
                  0000a280    00000030                      : PowerCC26X2.c.obj (.text.Power_setConstraint)
                  0000a2b0    00000030     w5500.o (.text.W5500_writeSn)
                  0000a2e0    00000030     libsysbm.a : trgmsg.c.obj (.text.__TI_readmsg)
                  0000a310    00000030     drivers_cc26x2.a : PowerCC26X2.c.obj (.text.notify)
                  0000a340    00000030     ti_sysbios_config.o (.text.ti_sysbios_family_arm_m3_Hwi_plug)
                  0000a370    00000030     ti_sysbios_config.o (.text.ti_sysbios_heaps_HeapMem_free)
                  0000a3a0    00000030     ti_sysbios_config.o (.text.ti_sysbios_knl_Clock_construct)
                  0000a3d0    00000030     ti_sysbios_config.o (.text.ti_sysbios_knl_Idle_run)
                  0000a400    0000002e     EthernetClient.o (.text.EthernetClient_status)
                  0000a42e    0000002e     EthernetUdp.o (.text.EthernetUDP_beginPacket_ip)
                  0000a45c    0000002e     driverlib.lib : chipinfo.o (.text.NOROM_ThisLibraryIsFor_CC13x2_CC26x2_HwRev20AndLater_HaltIfViolated)
                  0000a48a    0000002e     ti_sysbios_config.o (.text._pthread_delete)
                  0000a4b8    0000002e     ti_sysbios_config.o (.text.ti_sysbios_family_arm_m3_Hwi_initStack)
                  0000a4e6    0000002e     ti_sysbios_config.o (.text.ti_sysbios_gates_GateMutex_Instance_init)
                  0000a514    0000002e     libclang_rt.builtins.a : floatsidf.S.obj (.text)
                  0000a542    0000002c     ti_sysbios_config.o (.text.BIOS_registerRTSLock)
                  0000a56e    0000002c     ti_sysbios_config.o (.text.BIOS_removeRTSLock)
                  0000a59a    00000002     --HOLE-- [fill = 0]
                  0000a59c    0000002c     rf_multiMode_cc26x2.a : RFCC26X2_multiMode.c.cc26x2.ticlang.o (.text.RF_executeDirectImmediateCmd)
                  0000a5c8    0000002c     ti_sysbios_config.o (.text.SemaphoreP_createBinary)
                  0000a5f4    0000002c     drivers_cc26x2.a : TemperatureCC26X2.c.obj (.text.Temperature_unregisterNotify)
                  0000a620    0000002c     w5500.o (.text.W5500_execCmdSn)
                  0000a64c    0000002c     w5500.o (.text.W5500_writeSnDPORT)
                  0000a678    0000002c     w5500.o (.text.W5500_writeSnPORT)
                  0000a6a4    0000002c     w5500.o (.text.W5500_writeSnRX_RD)
                  0000a6d0    0000002c     w5500.o (.text.W5500_writeSnTX_WR)
                  0000a6fc    0000002c     ti_sysbios_config.o (.text.ti_sysbios_knl_Semaphore_construct)
                  0000a728    0000002c     ti_sysbios_config.o (.text.ti_sysbios_runtime_Memory_free)
                  0000a754    0000002a     IPAddress.o (.text.IPAddress_Init_str)
                  0000a77e    0000002a     driverlib.lib : osc.o (.text.NOROM_OSCHF_TurnOnXosc)
                  0000a7a8    0000002a     drivers_cc26x2.a : SPICC26X2DMA.c.obj (.text.SPICC26X2DMA_swiFxn)
                  0000a7d2    0000002a     ti_sysbios_config.o (.text.SemaphoreP_constructBinary)
                  0000a7fc    0000002a     ti_sysbios_config.o (.text.ti_sysbios_knl_Clock_initI)
                  0000a826    0000002a     ti_sysbios_config.o (.text.ti_sysbios_knl_Task_enter)
                  0000a850    00000028     EthernetClient.o (.text.EthernetClient_available)
                  0000a878    00000028     drivers_cc26x2.a : I2C.c.obj (.text.I2C_cancel)
                  0000a8a0    00000028                      : List.c.obj (.text.List_remove)
                  0000a8c8    00000028     rf_multiMode_cc26x2.a : RFCC26X2_multiMode.c.cc26x2.ticlang.o (.text.RF_cmdStoreEvents)
                  0000a8f0    00000028     w5500.o (.text.W5500_readSn)
                  0000a918    00000028     sysbios.a : Hwi_asm_gnu.obj (.text.ti_sysbios_family_arm_m3_Hwi_excHandlerAsm)
                  0000a940    00000028     ti_sysbios_config.o (.text.ti_sysbios_gates_GateMutex_construct)
                  0000a968    00000028     ti_sysbios_config.o (.text.ti_sysbios_knl_Queue_enqueue)
                  0000a990    00000028     ti_sysbios_config.o (.text.ti_sysbios_knl_Swi_or)
                  0000a9b8    00000028     sysbios.a : TaskSupport_asm_gnu.obj (.text.ti_sysbios_knl_TaskSupport_swap)
                  0000a9e0    00000028     ti_sysbios_config.o (.text.ti_sysbios_knl_Task_sleepTimeout)
                  0000aa08    00000028     ti_sysbios_config.o (.text.ti_sysbios_runtime_System_init)
                  0000aa30    00000028     ti_sysbios_config.o (.text.ti_sysbios_runtime_System_printf)
                  0000aa58    00000026     drivers_cc26x2.a : SPICC26X2DMA.c.obj (.text.flushFifos)
                  0000aa7e    00000026     ti_sysbios_config.o (.text.ti_sysbios_family_arm_m3_Hwi_getHandle)
                  0000aaa4    00000026     ti_sysbios_config.o (.text.ti_sysbios_knl_Swi_destruct)
                  0000aaca    00000026     ti_sysbios_config.o (.text.ti_sysbios_knl_Task_allBlockedFunction)
                  0000aaf0    00000026     ti_sysbios_config.o (.text.ti_sysbios_knl_Task_delete)
                  0000ab16    00000026     ti_sysbios_config.o (.text.ti_sysbios_knl_Task_destruct)
                  0000ab3c    00000024     Ethernet.o (.text.Ethernet_begin_mac_ip_dns)
                  0000ab60    00000024     drivers_cc26x2.a : List.c.obj (.text.List_put)
                  0000ab84    00000024                      : PowerCC26X2_helpers.c.obj (.text.PowerCC26X2_setSubSecIncToXoscLf)
                  0000aba8    00000024                      : PowerCC26X2_calibrateRCOSC_helpers.c.obj (.text.PowerCC26X2_writeCtrim)
                  0000abcc    00000024                      : PowerCC26X2_calibrateRCOSC_helpers.c.obj (.text.PowerCC26X2_writeCtrimFract)
                  0000abf0    00000024                      : PowerCC26X2_calibrateRCOSC_helpers.c.obj (.text.PowerCC26X2_writeCtrimFractEn)
                  0000ac14    00000024                      : PowerCC26X2_calibrateRCOSC_helpers.c.obj (.text.PowerCC26X2_writeRtrim)
                  0000ac38    00000024                      : PowerCC26X2.c.obj (.text.Power_registerNotify)
                  0000ac5c    00000024     ssd1306.o (.text.SSD1306_SetPosition)
                  0000ac80    00000024     drivers_cc26x2.a : SPICC26X2DMA.c.obj (.text.releaseConstraint)
                  0000aca4    00000024     ti_sysbios_config.o (.text.ti_sysbios_family_arm_cc26xx_Timer_Params_init)
                  0000acc8    00000024     ti_sysbios_config.o (.text.ti_sysbios_knl_Task_Params_init)
                  0000acec    00000022     ti_sysbios_config.o (.text.BIOS_setThreadType)
                  0000ad0e    00000022     w5500.o (.text.W5500_send_data_processing)
                  0000ad30    00000022     libc.a : memcmp.c.obj (.text.memcmp)
                  0000ad52    00000022     ti_sysbios_config.o (.text.ti_sysbios_gates_GateMutex_leave)
                  0000ad74    00000022     ti_sysbios_config.o (.text.ti_sysbios_heaps_HeapMem_restore)
                  0000ad96    00000022     ti_sysbios_config.o (.text.ti_sysbios_knl_Clock_getTicks)
                  0000adb8    00000022     ti_sysbios_config.o (.text.ti_sysbios_knl_Clock_scheduleNextTick)
                  0000adda    00000022     ti_sysbios_config.o (.text.ti_sysbios_knl_Queue_dequeue)
                  0000adfc    00000022     ti_sysbios_config.o (.text.ti_sysbios_knl_Semaphore_destruct)
                  0000ae1e    00000020     Dhcp.o (.text.DHCP_reset_DHCP_lease)
                  0000ae3e    00000020     Ethernet.o (.text.Ethernet_begin_mac_ip)
                  0000ae5e    00000002     --HOLE-- [fill = 0]
                  0000ae60    00000020     rf_multiMode_cc26x2.a : rfc.c.cc26x2.ticlang.o (.text.NOROM_RFCDoorbellSendTo)
                  0000ae80    00000020                           : rfc.c.cc26x2.ticlang.o (.text.NOROM_RFCOverrideSearch)
                  0000aea0    00000020     drivers_cc26x2.a : PowerCC26X2_helpers.c.obj (.text.PowerCC26X2_disableTCXOQual)
                  0000aec0    00000020                      : PowerCC26X2_helpers.c.obj (.text.PowerCC26X2_enableTCXOQual)
                  0000aee0    00000020     ti_sysbios_config.o (.text.PowerCC26XX_schedulerDisable)
                  0000af00    00000020     ti_sysbios_config.o (.text.PowerCC26XX_schedulerRestore)
                  0000af20    00000020     drivers_cc26x2.a : PowerCC26X2.c.obj (.text.Power_unregisterNotify)
                  0000af40    00000020     rf_multiMode_cc26x2.a : RFCC26X2_multiMode.c.cc26x2.ticlang.o (.text.RF_invokeGlobalCallback)
                  0000af60    00000020     socket.o (.text.close)
                  0000af80    00000020     ti_sysbios_config.o (.text.ti_sysbios_family_arm_cc26xx_Timer_postInit)
                  0000afa0    00000020     ti_sysbios_config.o (.text.ti_sysbios_family_arm_m3_Hwi_excHandler)
                  0000afc0    00000020     ti_sysbios_config.o (.text.ti_sysbios_knl_ClockSupport_getCurrentTick)
                  0000afe0    00000020     libclang_rt.builtins.a : floatunsidf.S.obj (.text)
                  0000b000    0000001e     ti_sysbios_config.o (.text.SwiP_Params_init)
                  0000b01e    0000001e     w5500.o (.text.W5500_writeSnCR)
                  0000b03c    0000001e     w5500.o (.text.W5500_writeSnIR)
                  0000b05a    0000001e     w5500.o (.text.W5500_writeSnMR)
                  0000b078    0000001e     sysbios.a : Hwi_asm_switch_gnu.obj (.text.ti_sysbios_family_arm_m3_Hwi_switchAndRunFunc)
                  0000b096    0000001e     ti_sysbios_config.o (.text.ti_sysbios_family_arm_m3_Hwi_switchFromBootStack)
                  0000b0b4    0000001e     ti_sysbios_config.o (.text.ti_sysbios_knl_Task_unblock)
                  0000b0d2    0000001c     EthernetClient.o (.text.EthernetClient_begin)
                  0000b0ee    0000001c     EthernetClient.o (.text.EthernetClient_print)
                  0000b10a    0000001c     EthernetUdp.o (.text.EthernetUDP_flush)
                  0000b126    00000002     --HOLE-- [fill = 0]
                  0000b128    0000001c     drivers_cc26x2.a : GPIO.c.obj (.text.GPIO_setCallback)
                  0000b144    0000001c                      : GPIOCC26XX.c.obj (.text.GPIO_setMux)
                  0000b160    0000001c     ti_sysbios_config.o (.text.HwiP_Params_init)
                  0000b17c    0000001c     drivers_cc26x2.a : PowerCC26X2.c.obj (.text.Power_getTransitionLatency)
                  0000b198    0000001c     w5500.o (.text.W5500_writeSnDIPR)
                  0000b1b4    0000001c     drivers_cc26x2.a : TemperatureCC26X2.c.obj (.text.setTempLowerLimit)
                  0000b1d0    0000001c                      : TemperatureCC26X2.c.obj (.text.setTempUpperLimit)
                  0000b1ec    0000001c     ti_sysbios_config.o (.text.ti_sysbios_family_arm_cc26xx_Timer_dynamicStub)
                  0000b208    0000001c     ti_sysbios_config.o (.text.ti_sysbios_family_arm_m3_Hwi_Params_init)
                  0000b224    0000001c     ti_sysbios_config.o (.text.ti_sysbios_knl_Clock_enqueueI)
                  0000b240    0000001c     ti_sysbios_config.o (.text.ti_sysbios_knl_Clock_start)
                  0000b25c    0000001c     ti_sysbios_config.o (.text.ti_sysbios_knl_Queue_remove)
                  0000b278    0000001c     ti_sysbios_config.o (.text.ti_sysbios_knl_Swi_Params_init)
                  0000b294    0000001c     ti_sysbios_config.o (.text.ti_sysbios_knl_Swi_disable)
                  0000b2b0    0000001c     ti_sysbios_config.o (.text.ti_sysbios_knl_Task_disable)
                  0000b2cc    0000001a     ti_sysbios_config.o (.text.BIOS_exitFunc)
                  0000b2e6    0000001a     ti_sysbios_config.o (.text.BIOS_getCpuFreq)
                  0000b300    0000001a     drivers_cc26x2.a : I2CCC26XX.c.obj (.text.I2CCC26XX_completeTransfer)
                  0000b31a    0000001a     ti_sysbios_config.o (.text.ti_sysbios_knl_Semaphore_Instance_finalize)
                  0000b334    00000018     ti_sysbios_config.o (.text.BIOS_exit)
                  0000b34c    00000018     Dhcp.o (.text.DHCP_getDnsServerIp)
                  0000b364    00000018     Dhcp.o (.text.DHCP_getGatewayIp)
                  0000b37c    00000018     Dhcp.o (.text.DHCP_getLocalIp)
                  0000b394    00000018     Dhcp.o (.text.DHCP_getSubnetMask)
                  0000b3ac    00000018     drivers_cc26x2.a : GPIOCC26XX.c.obj (.text.GPIO_disableInt)
                  0000b3c4    00000018                      : PowerCC26X2.c.obj (.text.PowerCC26XX_calibrate)
                  0000b3dc    00000018                      : PowerCC26X2.c.obj (.text.Power_idleFunc)
                  0000b3f4    00000018     stv.o (.text.STV_WriteAtAddress)
                  0000b40c    00000018     Printfg.o (.text.print)
                  0000b424    00000018     ti_sysbios_config.o (.text.ti_sysbios_family_arm_cc26xx_Timer_getCount64)
                  0000b43c    00000018     ti_sysbios_config.o (.text.ti_sysbios_knl_ClockSupport_setNextTick)
                  0000b454    00000018     sysbios.a : TaskSupport_asm_gnu.obj (.text.ti_sysbios_knl_TaskSupport_glue)
                  0000b46c    00000016     ti_sysbios_config.o (.text.ClockP_Params_init)
                  0000b482    00000016     w5500.o (.text.W5500_readGAR)
                  0000b498    00000016     w5500.o (.text.W5500_readSIPR)
                  0000b4ae    00000016     w5500.o (.text.W5500_readSUBR)
                  0000b4c4    00000016     w5500.o (.text.W5500_readSnCR)
                  0000b4da    00000016     w5500.o (.text.W5500_readSnIR)
                  0000b4f0    00000016     w5500.o (.text.W5500_readSnSR)
                  0000b506    00000016     w5500.o (.text.W5500_writeGAR)
                  0000b51c    00000016     w5500.o (.text.W5500_writeSHAR)
                  0000b532    00000016     w5500.o (.text.W5500_writeSIPR)
                  0000b548    00000016     w5500.o (.text.W5500_writeSUBR)
                  0000b55e    00000016     ArduinoCompatibility.o (.text.delay)
                  0000b574    00000016     socket.o (.text.disconnect)
                  0000b58a    00000016     ti_sysbios_config.o (.text.ti_sysbios_family_arm_m3_Hwi_enable)
                  0000b5a0    00000016     ti_sysbios_config.o (.text.ti_sysbios_knl_Intrinsics_maxbit)
                  0000b5b6    00000016     ti_sysbios_config.o (.text.ti_sysbios_knl_Queue_construct)
                  0000b5cc    00000016     ti_sysbios_config.o (.text.ti_sysbios_knl_Queue_empty)
                  0000b5e2    00000016     ti_sysbios_config.o (.text.ti_sysbios_runtime_SystemSupport_init)
                  0000b5f8    00000016     ti_sysbios_config.o (.text.ti_sysbios_runtime_System_exit)
                  0000b60e    00000002     --HOLE-- [fill = 0]
                  0000b610    00000014     drivers_cc26x2.a : GPIOCC26XX.c.obj (.text.GPIO_read)
                  0000b624    00000014                      : GPIO.c.obj (.text.GPIO_setUserArg)
                  0000b638    00000014                      : I2CCC26XX.c.obj (.text.I2CCC26XX_postNotify)
                  0000b64c    00000014                      : SPICC26X2DMA.c.obj (.text.OUTLINED_FUNCTION_0)
                  0000b660    00000014     ti_sysbios_config.o (.text.SwiP_or)
                  0000b674    00000014     drivers_cc26x2.a : TemperatureCC26X2.c.obj (.text.Temperature_getTemperature)
                  0000b688    00000014     libc.a : args_main.c.obj (.text._args_main)
                  0000b69c    00000014     ti_sysbios_config.o (.text.ti_sysbios_family_arm_cc26xx_TimestampProvider_init)
                  0000b6b0    00000014     ti_sysbios_config.o (.text.ti_sysbios_family_arm_m3_Hwi_disable)
                  0000b6c4    00000014     ti_sysbios_config.o (.text.ti_sysbios_knl_Swi_Instance_finalize)
                  0000b6d8    00000014     ti_sysbios_config.o (.text.ti_sysbios_runtime_System_printf_va)
                  0000b6ec    00000014     libclang_rt.builtins.a : aeabi_ldivmod.S.obj (.text)
                  0000b700    00000014                            : aeabi_memset.S.obj (.text)
                  0000b714    00000014                            : aeabi_uldivmod.S.obj (.text)
                  0000b728    00000012     EthernetUdp.o (.text.EthernetUDP_endPacket)
                  0000b73a    00000012     drivers_cc26x2.a : I2C.c.obj (.text.I2C_transfer)
                  0000b74c    00000012     ti_sysbios_config.o (.text.ti_sysbios_family_arm_m3_Hwi_destruct)
                  0000b75e    00000012     ti_sysbios_config.o (.text.ti_sysbios_family_arm_m3_Hwi_doSwiRestore)
                  0000b770    00000012     ti_sysbios_config.o (.text.ti_sysbios_family_arm_m3_Hwi_doTaskRestore)
                  0000b782    00000012     ti_sysbios_config.o (.text.ti_sysbios_heaps_HeapMem_Params_init)
                  0000b794    00000012     ti_sysbios_config.o (.text.ti_sysbios_heaps_HeapMem_init)
                  0000b7a6    00000012     ti_sysbios_config.o (.text.ti_sysbios_knl_Clock_Params_init)
                  0000b7b8    00000012     ti_sysbios_config.o (.text.ti_sysbios_knl_Clock_tick)
                  0000b7ca    00000012     ti_sysbios_config.o (.text.ti_sysbios_knl_Queue_Instance_init)
                  0000b7dc    00000012     ti_sysbios_config.o (.text.ti_sysbios_knl_Semaphore_Params_init)
                  0000b7ee    00000012     libc.a : memcpy_t2.S.obj (.text:TI_memcpy_small)
                  0000b800    00000010     ti_sysbios_config.o (.text.BIOS_start)
                  0000b810    00000010     ti_sysbios_config.o (.text.ClockP_getCpuFreq)
                  0000b820    00000010     ti_sysbios_config.o (.text.ClockP_start)
                  0000b830    00000010     ti_sysbios_config.o (.text.ClockP_stop)
                  0000b840    00000010     Ethernet.o (.text.Ethernet_gatewayIP)
                  0000b850    00000010     Ethernet.o (.text.Ethernet_localIP)
                  0000b860    00000010     Ethernet.o (.text.Ethernet_subnetMask)
                  0000b870    00000010     drivers_cc26x2.a : GPIO.c.obj (.text.GPIO_getUserArg)
                  0000b880    00000010                      : GPIOCC26XX.c.obj (.text.GPIO_write)
                  0000b890    00000010     ti_sysbios_config.o (.text.HwiP_clearInterrupt)
                  0000b8a0    00000010     ti_sysbios_config.o (.text.HwiP_destruct)
                  0000b8b0    00000010     ti_sysbios_config.o (.text.HwiP_disable)
                  0000b8c0    00000010     ti_sysbios_config.o (.text.HwiP_disableInterrupt)
                  0000b8d0    00000010     ti_sysbios_config.o (.text.HwiP_enableInterrupt)
                  0000b8e0    00000010     ti_sysbios_config.o (.text.HwiP_restore)
                  0000b8f0    00000010     drivers_cc26x2.a : PowerCC26X2_helpers.c.obj (.text.PowerCC26X2_oscCtlClearXtal)
                  0000b900    00000010                      : PowerCC26X2_helpers.c.obj (.text.PowerCC26X2_prcmEnableCacheRetention)
                  0000b910    00000010                      : PowerCC26X2_calibrateRCOSC_helpers.c.obj (.text.PowerCC26X2_readCtrim)
                  0000b920    00000010                      : PowerCC26X2_calibrateRCOSC_helpers.c.obj (.text.PowerCC26X2_readCtrimFract)
                  0000b930    00000010                      : PowerCC26X2_calibrateRCOSC_helpers.c.obj (.text.PowerCC26X2_readRtrim)
                  0000b940    00000010                      : PowerCC26X2_helpers.c.obj (.text.PowerCC26X2_switchToTCXO)
                  0000b950    00000010                      : PowerCC26X2.c.obj (.text.Power_getDependencyCount)
                  0000b960    00000010     ti_sysbios_config.o (.text.SemaphoreP_destruct)
                  0000b970    00000010     ti_sysbios_config.o (.text.SemaphoreP_post)
                  0000b980    00000010     ti_sysbios_config.o (.text.SwiP_destruct)
                  0000b990    00000010     ti_sysbios_config.o (.text.SwiP_post)
                  0000b9a0    00000010     ti_sysbios_config.o (.text.SysCtrlAonUpdate)
                  0000b9b0    00000010     w5500.o (.text.W5500_getGatewayIp)
                  0000b9c0    00000010     w5500.o (.text.W5500_getIPAddress)
                  0000b9d0    00000010     w5500.o (.text.W5500_getSubnetMask)
                  0000b9e0    00000010     w5500.o (.text.W5500_setGatewayIp)
                  0000b9f0    00000010     w5500.o (.text.W5500_setIPAddress)
                  0000ba00    00000010     w5500.o (.text.W5500_setMACAddress)
                  0000ba10    00000010     w5500.o (.text.W5500_setSubnetMask)
                  0000ba20    00000010     ti_sysbios_config.o (.text.ti_sysbios_family_arm_cc26xx_Timer_setPeriod)
                  0000ba30    00000010     ti_sysbios_config.o (.text.ti_sysbios_knl_ClockSupport_getMaxTicks)
                  0000ba40    00000010     ti_sysbios_config.o (.text.ti_sysbios_knl_Clock_removeI)
                  0000ba50    00000010     ti_sysbios_config.o (.text.ti_sysbios_knl_Clock_setTimeout)
                  0000ba60    00000010     ti_sysbios_config.o (.text.ti_sysbios_knl_Idle_loop)
                  0000ba70    00000010     ti_sysbios_config.o (.text.ti_sysbios_knl_Queue_destruct)
                  0000ba80    00000010     ti_sysbios_config.o (.text.ti_sysbios_knl_Queue_elemClear)
                  0000ba90    00000010     ti_sysbios_config.o (.text.ti_sysbios_knl_Swi_enabled)
                  0000baa0    00000010     ti_sysbios_config.o (.text.ti_sysbios_runtime_Types_argToFloat)
                  0000bab0    00000010     libc.a : copy_zero_init.c.obj (.text:decompress:ZI)
                  0000bac0    0000000e     ti_sysbios_config.o (.text.BIOS_linkedWithIncorrectBootLibrary)
                  0000bace    0000000e     EthernetUdp.o (.text.EthernetUDP_begin_init)
                  0000badc    0000000e     ti_sysbios_config.o (.text.IntMasterDisable)
                  0000baea    0000000e     ti_sysbios_config.o (.text.IntMasterEnable)
                  0000baf8    0000000e     drivers_cc26x2.a : PowerCC26X2.c.obj (.text.OUTLINED_FUNCTION_0)
                  0000bb06    0000000e     libc.a : strcpy.c.obj (.text.strcpy)
                  0000bb14    0000000e            : strlen.c.obj (.text.strlen)
                  0000bb22    0000000e     drivers_cc26x2.a : PowerCC26X2.c.obj (.text.switchToTCXO)
                  0000bb30    0000000e     ti_sysbios_config.o (.text.ti_sysbios_family_arm_m3_Hwi_restore)
                  0000bb3e    0000000e     ti_sysbios_config.o (.text.ti_sysbios_heaps_HeapMem_isBlocking)
                  0000bb4c    0000000e     ti_sysbios_config.o (.text.ti_sysbios_knl_Clock_stop)
                  0000bb5a    0000000e     ti_sysbios_config.o (.text.ti_sysbios_runtime_SystemSupport_exit)
                  0000bb68    0000000e     libc.a : memset_t2.S.obj (.text:TI_memset_small)
                  0000bb76    0000000e            : copy_decompress_none.c.obj (.text:decompress:none)
                  0000bb84    0000000c     ti_sysbios_config.o (.text.AONRTCCurrentCompareValueGet)
                  0000bb90    0000000c     ti_sysbios_config.o (.text.BIOS_getThreadType)
                  0000bb9c    0000000c     ti_sysbios_config.o (.text.ClockP_getSystemTickPeriod)
                  0000bba8    0000000c     EthernetUdp.o (.text.EthernetUDP_available)
                  0000bbb4    0000000c     EthernetUdp.o (.text.EthernetUDP_rawIPAddress)
                  0000bbc0    0000000c     EthernetUdp.o (.text.EthernetUDP_remotePort)
                  0000bbcc    0000000c     drivers_cc26x2.a : I2C.c.obj (.text.I2C_Params_init)
                  0000bbd8    0000000c     driverlib.lib : cpu.o (.text.NOROM_CPUcpsid)
                  0000bbe4    0000000c                   : cpu.o (.text.NOROM_CPUcpsie)
                  0000bbf0    0000000c     drivers_cc26x2.a : I2CCC26XX.c.obj (.text.OUTLINED_FUNCTION_0)
                  0000bbfc    0000000c                      : PowerCC26X2_helpers.c.obj (.text.PowerCC26X2_oscClockSourceGet)
                  0000bc08    0000000c                      : PowerCC26X2_helpers.c.obj (.text.PowerCC26X2_setPeriphDeepSleepEnable)
                  0000bc14    0000000c                      : PowerCC26X2_helpers.c.obj (.text.PowerCC26X2_sysCtrlGetResetSource)
                  0000bc20    0000000c                      : PowerCC26X2_helpers.c.obj (.text.PowerCC26X2_sysCtrlVoltageConditionalControl)
                  0000bc2c    0000000c                      : PowerCC26X2.c.obj (.text.Power_getConstraintMask)
                  0000bc38    0000000c                      : SPI.c.obj (.text.SPI_Params_init)
                  0000bc44    0000000c     stv.o (.text.STV_ReadFromAddress)
                  0000bc50    0000000c     libc.a : _lock.c.obj (.text._register_lock)
                  0000bc5c    0000000c            : _lock.c.obj (.text._register_unlock)
                  0000bc68    0000000c     SPIfg.o (.text.resetSS)
                  0000bc74    0000000c     SPIfg.o (.text.setSS)
                  0000bc80    0000000c     drivers_cc26x2.a : SPICC26X2DMA.c.obj (.text.spiPostNotify)
                  0000bc8c    0000000c     ti_sysbios_config.o (.text.ti_sysbios_knl_Queue_head)
                  0000bc98    0000000c     ti_sysbios_config.o (.text.ti_sysbios_knl_Queue_next)
                  0000bca4    0000000c     ti_sysbios_config.o (.text.ti_sysbios_knl_Queue_prev)
                  0000bcb0    0000000c     ti_sysbios_config.o (.text.ti_sysbios_knl_Swi_postInit)
                  0000bcbc    0000000c     ti_sysbios_config.o (.text.ti_sysbios_knl_Swi_self)
                  0000bcc8    0000000c     ti_sysbios_config.o (.text.ti_sysbios_knl_Task_self)
                  0000bcd4    0000000a     drivers_cc26x2.a : I2CCC26XX.c.obj (.text.I2CMasterControl)
                  0000bcde    0000000a                      : SPICC26X2DMA.c.obj (.text.OUTLINED_FUNCTION_2)
                  0000bce8    0000000a     rf_multiMode_cc26x2.a : RFCC26X2_multiMode.c.cc26x2.ticlang.o (.text.OUTLINED_FUNCTION_5)
                  0000bcf2    0000000a     drivers_cc26x2.a : PowerCC26X2_helpers.c.obj (.text.PowerCC26X2_sysCtrlStandby)
                  0000bcfc    0000000a                      : SPICC26X2DMA.c.obj (.text.SPICC26X2DMA_init)
                  0000bd06    0000000a                      : UDMACC26XX.c.obj (.text.UDMACC26XX_hwiIntFxn)
                  0000bd10    0000000a     ti_sysbios_config.o (.text.ti_sysbios_gates_GateMutex_handle)
                  0000bd1a    0000000a     ti_sysbios_config.o (.text.ti_sysbios_knl_Clock_handle)
                  0000bd24    0000000a     ti_sysbios_config.o (.text.ti_sysbios_knl_Queue_struct)
                  0000bd2e    0000000a     ti_sysbios_config.o (.text.ti_sysbios_knl_Semaphore_handle)
                  0000bd38    0000000a     ti_sysbios_config.o (.text.ti_sysbios_knl_Swi_startup)
                  0000bd42    0000000a     ti_sysbios_config.o (.text.ti_sysbios_runtime_Error_check)
                  0000bd4c    0000000a     ti_sysbios_config.o (.text.ti_sysbios_runtime_Types_iargToPtr)
                  0000bd56    0000000a     ti_sysbios_config.o (.text.ti_sysbios_runtime_Types_uargToPtr)
                  0000bd60    00000008     ti_sysbios_config.o (.text.Boot_trimDevice)
                  0000bd68    00000008     Dhcp.o (.text.DHCP_presend_DHCP)
                  0000bd70    00000008     drivers_cc26x2.a : I2CCC26XX.c.obj (.text.I2CCC26XX_blockingCallback)
                  0000bd78    00000008                      : I2CCC26XX.c.obj (.text.I2CSupport_masterFinish)
                  0000bd80    00000008     driverlib.lib : cpu.o (.text.NOROM_CPUdelay)
                  0000bd88    00000008     drivers_cc26x2.a : SPICC26X2DMA.c.obj (.text.OUTLINED_FUNCTION_1)
                  0000bd90    00000008                      : PowerCC26X2_helpers.c.obj (.text.PowerCC26X2_oschfTrySwitchToXosc)
                  0000bd98    00000008     ti_sysbios_config.o (.text.ResetISR)
                  0000bda0    00000008     libc.a : aeabi_portable.c.obj (.text.__aeabi_errno_addr)
                  0000bda8    00000008     ti_sysbios_config.o (.text._system_post_cinit)
                  0000bdb0    00000008     ti_sysbios_config.o (.text._system_pre_init)
                  0000bdb8    00000008     drivers_cc26x2.a : SPICC26X2DMA.c.obj (.text.blockingTransferCallback)
                  0000bdc0    00000008     ti_sysbios_config.o (.text.ti_sysbios_family_arm_m3_Hwi_startup)
                  0000bdc8    00000008     ti_sysbios_config.o (.text.ti_sysbios_runtime_Startup_reset)
                  0000bdd0    00000008     ti_sysbios_config.o (.text.ti_sysbios_runtime_System_exitSpin)
                  0000bdd8    00000006     drivers_cc26x2.a : I2CCC26XX.c.obj (.text.I2CSupport_powerSetConstraint)
                  0000bdde    00000006                      : SPI.c.obj (.text.SPI_transfer)
                  0000bde4    00000006     ArduinoCompatibility.o (.text.random)
                  0000bdea    00000004     ti_sysbios_config.o (.text.PRCMSleep)
                  0000bdee    00000004     drivers_cc26x2.a : PowerCC26X2_helpers.c.obj (.text.PowerCC26X2_oschfSwitchToRcosc)
                  0000bdf2    00000004                      : PowerCC26X2_helpers.c.obj (.text.PowerCC26X2_sysCtrlIdle)
                  0000bdf6    00000004                      : PowerCC26X2_helpers.c.obj (.text.PowerCC26X2_turnOnXosc)
                  0000bdfa    00000004                      : PowerCC26X2.c.obj (.text.configureRFCoreClocks)
                  0000bdfe    00000004                      : PowerCC26X2.c.obj (.text.nopResourceHandler)
                  0000be02    00000004     ti_sysbios_config.o (.text.ti_sysbios_gates_GateMutex_canBlock)
                  0000be06    00000004     ti_sysbios_config.o (.text.ti_sysbios_knl_TaskSupport_getStackAlignment)
                  0000be0a    00000004     ti_sysbios_config.o (.text.ti_sysbios_runtime_Memory_getMaxDefaultTypeAlign)
                  0000be0e    00000004     ti_sysbios_config.o (.text.ti_sysbios_runtime_SystemSupport_ready)
                  0000be12    00000002     --HOLE-- [fill = 0]
                  0000be14    00000004     libclang_rt.builtins.a : aeabi_memcpy.S.obj (.text)

.rodata    0    0000be18    000010f1     
                  0000be18    000005ef     ti_sysbios_config.o (.rodata.str1.1)
                  0000c407    00000243     log.o (.rodata.str1.1)
                  0000c64a    000001e0     ssd1306.o (.rodata.FONTS)
                  0000c82a    00000094     ti_sysbios_config.o (.rodata.ti_sysbios_family_arm_m3_Hwi_excHandlerMin.err)
                  0000c8be    0000008d     ti_sysbios_config.o (.rodata.ti_sysbios_heaps_HeapMem_alloc.err)
                  0000c94b    00000089     ti_sysbios_config.o (.rodata.ti_sysbios_family_arm_m3_Hwi_Instance_init.err.1)
                  0000c9d4    00000089     ti_sysbios_config.o (.rodata.ti_sysbios_family_arm_m3_Hwi_excHandlerMin.err.2)
                  0000ca5d    00000089     ti_sysbios_config.o (.rodata.ti_sysbios_runtime_Memory_alloc.err)
                  0000cae6    00000086     ti_sysbios_config.o (.rodata.ti_sysbios_family_arm_m3_Hwi_Instance_init.err)
                  0000cb6c    00000004     ti_sysbios_config.o (.rodata.ti_sysbios_family_arm_m3_Hwi_swiTaskKeyAddress)
                  0000cb70    00000070     driverlib.lib : osc.o (.rodata..L__const.NOROM_OSC_HPOSC_Debug_InitFreqOffsetParams.hposcParm)
                  0000cbe0    0000006b     gui.o (.rodata.str1.1)
                  0000cc4b    0000005d     init_task.o (.rodata.str1.1)
                  0000cca8    00000054     drivers_cc26x2.a : PowerCC26X2.c.obj (.rodata.resourceDB)
                  0000ccfc    00000040     ti_drivers_config.o (.rodata.spiCC26X2DMAHWAttrs)
                  0000cd3c    00000024     ti_sysbios_config.o (.rodata.ti_sysbios_knl_Task_Params_default)
                  0000cd60    00000020     drivers_cc26x2.a : SPI.c.obj (.rodata.SPI_defaultParams)
                  0000cd80    00000020     ssd1306.o (.rodata.SSD1306_InitSequence)
                  0000cda0    0000001c     ti_sysbios_config.o (.rodata.ti_sysbios_family_arm_cc26xx_Timer_Params_default)
                  0000cdbc    00000018     drivers_cc26x2.a : SPICC26X2DMA.c.obj (.rodata.SPICC26X2DMA_fxnTable)
                  0000cdd4    00000018                      : SPICC26X2DMA.c.obj (.rodata.cst8)
                  0000cdec    00000018                      : SPICC26X2DMA.c.obj (.rodata.frameFormat)
                  0000ce04    00000018     ti_drivers_config.o (.rodata.i2cCC26xxHWAttrs)
                  0000ce1c    00000018     ti_sysbios_config.o (.rodata.ti_sysbios_family_arm_m3_Hwi_Params_default)
                  0000ce34    00000014     ti_drivers_config.o (.rodata.PowerCC26X2_config)
                  0000ce48    00000014     ti_sysbios_config.o (.rodata.ti_sysbios_knl_Swi_Params_default)
                  0000ce5c    00000010     ti_drivers_config.o (.rodata.GPIO_config)
                  0000ce6c    00000010     drivers_cc26x2.a : I2CCC26XX.c.obj (.rodata.cst16)
                  0000ce7c    0000000e     dashboard_task.o (.rodata.str1.1)
                  0000ce8a    00000001     ti_drivers_config.o (.rodata.GPIO_pinLowerBound)
                  0000ce8b    00000001     ti_drivers_config.o (.rodata.GPIO_pinUpperBound)
                  0000ce8c    0000000c     ti_drivers_config.o (.rodata.RFCC26XX_hwAttrs)
                  0000ce98    0000000c     ti_drivers_config.o (.rodata.SPI_config)
                  0000cea4    0000000c     ti_sysbios_config.o (.rodata.ti_sysbios_heaps_HeapMem_Params_default)
                  0000ceb0    0000000c     ti_sysbios_config.o (.rodata.ti_sysbios_knl_Clock_Params_default)
                  0000cebc    0000000c     ti_sysbios_config.o (.rodata.ti_sysbios_knl_Semaphore_Params_default)
                  0000cec8    00000008     ti_drivers_config.o (.rodata.I2C_config)
                  0000ced0    00000008     ti_drivers_config.o (.rodata.UDMACC26XX_config)
                  0000ced8    00000008     driverlib.lib : aux_sysif.o (.rodata.cst4)
                  0000cee0    00000008     ti_sysbios_config.o (.rodata.ti_sysbios_knl_Idle_funcList)
                  0000cee8    00000008     ti_drivers_config.o (.rodata.udmaCC26XXHWAttrs)
                  0000cef0    00000007     Dhcp.o (.rodata.str1.1)
                  0000cef7    00000001     ti_drivers_config.o (.rodata.I2C_count)
                  0000cef8    00000004     ti_sysbios_config.o (.rodata.ti_sysbios_gates_GateMutex_Params_default)
                  0000cefc    00000004     ti_sysbios_config.o (.rodata.ti_sysbios_knl_Clock_tickPeriod)
                  0000cf00    00000004     ti_sysbios_config.o (.rodata.ti_sysbios_knl_Swi_numPriorities)
                  0000cf04    00000001     ti_drivers_config.o (.rodata.SPI_count)
                  0000cf05    00000001     ti_drivers_config.o (.rodata.TemperatureCC26X2_config)
                  0000cf06    00000001     ti_sysbios_config.o (.rodata.ti_sysbios_knl_Clock_tickMode)
                  0000cf07    00000001     ti_sysbios_config.o (.rodata.ti_sysbios_knl_Task_checkStackFlag)
                  0000cf08    00000001     ti_sysbios_config.o (.rodata.ti_sysbios_knl_Task_initStackFlag)

__llvm_prf_cnts 
*          0    20000000    00000000     UNINITIALIZED

__llvm_prf_bits 
*          0    20000000    00000000     UNINITIALIZED

.TI.bound:dmaSpi0RxControlTableEntry 
*          0    20001830    00000010     UNINITIALIZED
                  20001830    00000010     ti_drivers_config.o (.TI.bound:dmaSpi0RxControlTableEntry)

.TI.bound:dmaSpi0TxControlTableEntry 
*          0    20001840    00000010     UNINITIALIZED
                  20001840    00000010     ti_drivers_config.o (.TI.bound:dmaSpi0TxControlTableEntry)

.TI.bound:dmaSpi0RxAltControlTableEntry 
*          0    20001a30    00000010     UNINITIALIZED
                  20001a30    00000010     ti_drivers_config.o (.TI.bound:dmaSpi0RxAltControlTableEntry)

.TI.bound:dmaSpi0TxAltControlTableEntry 
*          0    20001a40    00000010     UNINITIALIZED
                  20001a40    00000010     ti_drivers_config.o (.TI.bound:dmaSpi0TxAltControlTableEntry)

.args      0    0000cf0c    00000008     
                  0000cf0c    00000008     --HOLE-- [fill = 0]

MODULE SUMMARY

       Module                                     code    ro data   rw data
       ------                                     ----    -------   -------
    .\
       init_task.o                                566     93        0      
       dashboard_task.o                           538     14        3      
       main.o                                     132     0         76     
    +--+------------------------------------------+-------+---------+---------+
       Total:                                     1236    107       79     
                                                                           
    .\source\driverlib\ssd1306\
       ssd1306.o                                  1430    512       1049   
    +--+------------------------------------------+-------+---------+---------+
       Total:                                     1430    512       1049   
                                                                           
    .\source\driverlib\w5500\
       w5500.o                                    1878    0         0      
    +--+------------------------------------------+-------+---------+---------+
       Total:                                     1878    0         0      
                                                                           
    .\source\ethernet\
       Dhcp.o                                     2696    7         0      
       socket.o                                   942     0         2      
       EthernetUdp.o                              704     0         0      
       EthernetClient.o                           698     0         4      
       Ethernet.o                                 540     0         48     
       EthernetServer.o                           388     0         0      
       IPAddress.o                                352     0         0      
       SPIfg.o                                    274     0         4      
       ArduinoCompatibility.o                     140     0         0      
       Printfg.o                                  84      0         0      
    +--+------------------------------------------+-------+---------+---------+
       Total:                                     6818    7         58     
                                                                           
    .\source\html\
       html.o                                     408     0         442    
    +--+------------------------------------------+-------+---------+---------+
       Total:                                     408     0         442    
                                                                           
    .\source\oled_gui\
       gui.o                                      530     107       0      
[...]
0000b43d  ti_sysbios_knl_ClockSupport_setNextTick                            
0000b455  ti_sysbios_knl_TaskSupport_glue                                    
0000b46d  ClockP_Params_init                                                 
0000b483  W5500_readGAR                                                      
0000b499  W5500_readSIPR                                                     
0000b4af  W5500_readSUBR                                                     
0000b4c5  W5500_readSnCR                                                     
0000b4db  W5500_readSnIR                                                     
0000b4f1  W5500_readSnSR                                                     
0000b507  W5500_writeGAR                                                     
0000b51d  W5500_writeSHAR                                                    
0000b533  W5500_writeSIPR                                                    
0000b549  W5500_writeSUBR                                                    
0000b55f  delay                                                              
0000b575  disconnect                                                         
0000b5b7  ti_sysbios_knl_Queue_construct                                     
0000b5cd  ti_sysbios_knl_Queue_empty                                         
0000b5e3  ti_sysbios_runtime_SystemSupport_init                              
0000b5f9  ti_sysbios_runtime_System_exit                                     
0000b611  GPIO_read                                                          
0000b625  GPIO_setUserArg                                                    
0000b661  SwiP_or                                                            
0000b675  Temperature_getTemperature                                         
0000b689  _args_main                                                         
0000b69d  ti_sysbios_family_arm_cc26xx_TimestampProvider_init                
0000b6c5  ti_sysbios_knl_Swi_Instance_finalize                               
0000b6d9  ti_sysbios_runtime_System_printf_va                                
0000b6ed  __aeabi_ldivmod                                                    
0000b701  __aeabi_memset                                                     
0000b701  __aeabi_memset4                                                    
0000b701  __aeabi_memset8                                                    
0000b70d  __aeabi_memclr                                                     
0000b70d  __aeabi_memclr4                                                    
0000b70d  __aeabi_memclr8                                                    
0000b715  __aeabi_uldivmod                                                   
0000b729  EthernetUDP_endPacket                                              
0000b73b  I2C_transfer                                                       
0000b74d  ti_sysbios_family_arm_m3_Hwi_destruct                              
0000b75f  ti_sysbios_family_arm_m3_Hwi_doSwiRestore                          
0000b771  ti_sysbios_family_arm_m3_Hwi_doTaskRestore                         
0000b783  ti_sysbios_heaps_HeapMem_Params_init                               
0000b795  ti_sysbios_heaps_HeapMem_init                                      
0000b7a7  ti_sysbios_knl_Clock_Params_init                                   
0000b7b9  ti_sysbios_knl_Clock_tick                                          
0000b7cb  ti_sysbios_knl_Queue_Instance_init                                 
0000b7dd  ti_sysbios_knl_Semaphore_Params_init                               
0000b7ef  TI_memcpy_small                                                    
0000b801  BIOS_start                                                         
0000b811  ClockP_getCpuFreq                                                  
0000b821  ClockP_start                                                       
0000b831  ClockP_stop                                                        
0000b841  Ethernet_gatewayIP                                                 
0000b851  Ethernet_localIP                                                   
0000b861  Ethernet_subnetMask                                                
0000b871  GPIO_getUserArg                                                    
0000b881  GPIO_write                                                         
0000b891  HwiP_clearInterrupt                                                
0000b8a1  HwiP_destruct                                                      
0000b8b1  HwiP_disable                                                       
0000b8c1  HwiP_disableInterrupt                                              
0000b8d1  HwiP_enableInterrupt                                               
0000b8e1  HwiP_restore                                                       
0000b8f1  PowerCC26X2_oscCtlClearXtal                                        
0000b901  PowerCC26X2_prcmEnableCacheRetention                               
0000b911  PowerCC26X2_readCtrim                                              
0000b921  PowerCC26X2_readCtrimFract                                         
0000b931  PowerCC26X2_readRtrim                                              
0000b941  PowerCC26X2_switchToTCXO                                           
0000b951  Power_getDependencyCount                                           
0000b961  SemaphoreP_destruct                                                
0000b971  SemaphoreP_post                                                    
0000b981  SwiP_destruct                                                      
0000b991  SwiP_post                                                          
0000b9b1  W5500_getGatewayIp                                                 
0000b9c1  W5500_getIPAddress                                                 
0000b9d1  W5500_getSubnetMask                                                
0000b9e1  W5500_setGatewayIp                                                 
0000b9f1  W5500_setIPAddress                                                 
0000ba01  W5500_setMACAddress                                                
0000ba11  W5500_setSubnetMask                                                
0000ba21  ti_sysbios_family_arm_cc26xx_Timer_setPeriod                       
0000ba31  ti_sysbios_knl_ClockSupport_getMaxTicks                            
0000ba41  ti_sysbios_knl_Clock_removeI                                       
0000ba51  ti_sysbios_knl_Clock_setTimeout                                    
0000ba61  ti_sysbios_knl_Idle_loop                                           
0000ba71  ti_sysbios_knl_Queue_destruct                                      
0000ba81  ti_sysbios_knl_Queue_elemClear                                     
0000ba91  ti_sysbios_knl_Swi_enabled                                         
0000bab1  __TI_zero_init                                                     
0000bac1  BIOS_linkedWithIncorrectBootLibrary                                
0000bacf  EthernetUDP_begin_init                                             
0000bb07  strcpy                                                             
0000bb15  strlen                                                             
0000bb3f  ti_sysbios_heaps_HeapMem_isBlocking                                
0000bb4d  ti_sysbios_knl_Clock_stop                                          
0000bb5b  ti_sysbios_runtime_SystemSupport_exit                              
0000bb69  TI_memset_small                                                    
0000bb77  __TI_decompress_none                                               
0000bb91  BIOS_getThreadType                                                 
0000bb9d  ClockP_getSystemTickPeriod                                         
0000bba9  EthernetUDP_available                                              
0000bbb5  EthernetUDP_rawIPAddress                                           
0000bbc1  EthernetUDP_remotePort                                             
0000bbcd  I2C_Params_init                                                    
0000bbd9  NOROM_CPUcpsid                                                     
0000bbe5  NOROM_CPUcpsie                                                     
0000bbfd  PowerCC26X2_oscClockSourceGet                                      
0000bc09  PowerCC26X2_setPeriphDeepSleepEnable                               
0000bc15  PowerCC26X2_sysCtrlGetResetSource                                  
0000bc21  PowerCC26X2_sysCtrlVoltageConditionalControl                       
0000bc2d  Power_getConstraintMask                                            
0000bc39  SPI_Params_init                                                    
0000bc45  STV_ReadFromAddress                                                
0000bc51  _register_lock                                                     
0000bc5d  _register_unlock                                                   
0000bc69  resetSS                                                            
0000bc75  setSS                                                              
0000bc8d  ti_sysbios_knl_Queue_head                                          
0000bc99  ti_sysbios_knl_Queue_next                                          
0000bca5  ti_sysbios_knl_Queue_prev                                          
0000bcb1  ti_sysbios_knl_Swi_postInit                                        
0000bcbd  ti_sysbios_knl_Swi_self                                            
0000bcc9  ti_sysbios_knl_Task_self                                           
0000bcf3  PowerCC26X2_sysCtrlStandby                                         
0000bcfd  SPICC26X2DMA_init                                                  
0000bd07  UDMACC26XX_hwiIntFxn                                               
0000bd39  ti_sysbios_knl_Swi_startup                                         
0000bd43  ti_sysbios_runtime_Error_check                                     
0000bd61  Boot_trimDevice                                                    
0000bd69  DHCP_presend_DHCP                                                  
0000bd79  I2CSupport_masterFinish                                            
0000bd81  NOROM_CPUdelay                                                     
0000bd91  PowerCC26X2_oschfTrySwitchToXosc                                   
0000bd99  ResetISR                                                           
0000bda1  __aeabi_errno_addr                                                 
0000bda9  _system_post_cinit                                                 
0000bdb1  _system_pre_init                                                   
0000bdc1  ti_sysbios_family_arm_m3_Hwi_startup                               
0000bdc9  ti_sysbios_runtime_Startup_reset                                   
0000bdd1  ti_sysbios_runtime_System_exitSpin                                 
0000bdd9  I2CSupport_powerSetConstraint                                      
0000bddf  SPI_transfer                                                       
0000bde5  random                                                             
0000bdef  PowerCC26X2_oschfSwitchToRcosc                                     
0000bdf3  PowerCC26X2_sysCtrlIdle                                            
0000bdf7  PowerCC26X2_turnOnXosc                                             
0000be03  ti_sysbios_gates_GateMutex_canBlock                                
0000be07  ti_sysbios_knl_TaskSupport_getStackAlignment                       
0000be0b  ti_sysbios_runtime_Memory_getMaxDefaultTypeAlign                   
0000be0f  ti_sysbios_runtime_SystemSupport_ready                             
0000be15  __aeabi_memcpy                                                     
0000be15  __aeabi_memcpy4                                                    
0000be15  __aeabi_memcpy8                                                    
0000cb6c  ti_sysbios_family_arm_m3_Hwi_swiTaskKeyAddress                     
0000cca8  resourceDB                                                         
0000ccfc  spiCC26X2DMAHWAttrs                                                
0000cd60  SPI_defaultParams                                                  
0000cd80  SSD1306_InitSequence                                               
0000cdbc  SPICC26X2DMA_fxnTable                                              
0000ce04  i2cCC26xxHWAttrs                                                   
0000ce34  PowerCC26X2_config                                                 
0000ce5c  GPIO_config                                                        
0000ce8a  GPIO_pinLowerBound                                                 
0000ce8b  GPIO_pinUpperBound                                                 
0000ce8c  RFCC26XX_hwAttrs                                                   
0000ce98  SPI_config                                                         
0000cec8  I2C_config                                                         
0000ced0  UDMACC26XX_config                                                  
0000cee0  ti_sysbios_knl_Idle_funcList                                       
0000cee8  udmaCC26XXHWAttrs                                                  
0000cef7  I2C_count                                                          
0000cefc  ti_sysbios_knl_Clock_tickPeriod                                    
0000cf00  ti_sysbios_knl_Swi_numPriorities                                   
0000cf04  SPI_count                                                          
0000cf05  TemperatureCC26X2_config                                           
0000cf06  ti_sysbios_knl_Clock_tickMode                                      
0000cf07  ti_sysbios_knl_Task_checkStackFlag                                 
0000cf08  ti_sysbios_knl_Task_initStackFlag                                  
0000cf0c  __c_args__                                                         
0000cfd8  __TI_Handler_Table_Base                                            
0000cfe4  __TI_Handler_Table_Limit                                           
0000d00c  __TI_CINIT_Base                                                    
0000d03c  __TI_CINIT_Limit                                                   
0000d03c  __TI_CINIT_Warm                                                    
0004ffa8  __ccfg                                                             
20000000  __start___llvm_prf_bits                                            
20000000  __start___llvm_prf_cnts                                            
20000000  __stop___llvm_prf_bits                                             
20000000  __stop___llvm_prf_cnts                                             
20000000  ti_sysbios_family_arm_m3_Hwi_ramVectors                            
200000d8  PowerCC26X2_module                                                 
2000024c  gpioPinConfigs                                                     
20000330  ti_sysbios_knl_Clock_Module_state                                  
20000454  ti_sysbios_family_arm_m3_Hwi_Module_state                          
20000490  ti_sysbios_knl_Task_Module_state                                   
200004cc  BIOS_Module_state                                                  
200004f8  ti_sysbios_knl_Swi_Module_state                                    
20000520  Ethernet_server_port                                               
20000530  _hposcCoeffs                                                       
20000540  ti_sysbios_runtime_SysMin_Module_state                             
20000550  ti_sysbios_family_arm_cc26xx_Timer_Module_state                    
2000055c  ti_sysbios_runtime_Error_ignore                                    
20000568  ti_sysbios_runtime_System_Module_state                             
20000584  ti_sysbios_gates_GateMutex_Module_state                            
2000058c  ti_sysbios_heaps_HeapMem_Module_state                              
20000594  ti_sysbios_knl_Semaphore_Module_state                              
200005a0  EthernetClientPrintMethods                                         
200005a4  __aeabi_errno                                                      
200005a8  _lock                                                              
200005ac  _unlock                                                            
200005b4  ti_sysbios_runtime_Memory_defaultHeapInstance                      
200005bb  ti_sysbios_knl_Idle_initDone                                       
200005bc  ti_sysbios_runtime_Startup_done                                    
20001a50  __primary_heap_start__                                             
20005a50  __primary_heap_end__                                               
20005e58  ti_sysbios_knl_Idle_taskStack                                      
20006258  ti_sysbios_runtime_SysMin_outbuf                                   
20006ad4  i2cCC26xxObjects                                                   
20006c14  _CIOBUF_                                                           
20006c14  __CIOBUF_                                                          
20006d34  spiCC26X2DMAObjects                                                
20006e34  ti_sysbios_family_arm_m3_Hwi_dispatchTable                         
20006f0c  gpioCallbackFunctions                                              
20006f88  gpioUserArgs                                                       
20007008  ti_sysbios_knl_ClockSupport_timerStruct                            
20007068  ti_sysbios_knl_Idle_taskStruct                                     
200070c0  ti_sysbios_knl_Swi_readyQs                                         
200070f0  ti_sysbios_knl_Task_readyQs                                        
20007120  BIOS_heapMemObject                                                 
2000714c  BIOS_rtsGate                                                       
20007174  ti_sysbios_heaps_HeapMem_gate                                      
2000719c  dashboardTaskParams                                                
200071c0  initTaskParams                                                     
200071e4  Ethernet                                                           
20007204  ti_sysbios_runtime_System_atexitHandlers                           
20007224  udmaCC26XXObject                                                   
2000727c  ti_sysbios_hal_Seconds_Module_state                                
200072a8  parmbuf                                                            
200072bc  Init_SemaphoreHandle                                               
200072c0  PowerCC26XX_swiKey                                                 
200072c4  PowerCC26XX_taskKey                                                
200072c8  spi                                                                
200072cc  ti_sysbios_family_arm_cc26xx_TimestampProvider_Module_state        
200072d0  ti_sysbios_knl_Task_defaultStackHeap                               
200072d4  _counter                                                           
200072d6  ethernetServer                                                     
20011a00  __stack                                                            
20012000  __STACK_END                                                        
ffffffff  __TI_pprof_out_hndl                                                
ffffffff  __TI_prof_data_size                                                
ffffffff  __TI_prof_data_start                                               
ffffffff  __binit__                                                          
ffffffff  binit                                                              
UNDEFED   ITM_flush                                                          
UNDEFED   ITM_restore                                                        
UNDEFED   __mpu_init                                                         

[655 symbols]
