******************************************************************************
            TI ARM Clang Linker PC v2.1.2                      
******************************************************************************
>> Linked Sat Jan 20 11:13:52 2024

OUTPUT FILE NAME:   <multiSniff_LP_CC2652RB_tirtos7_ticlang2.out>
ENTRY POINT SYMBOL: "ResetISR"  address: 0000b6d9


MEMORY CONFIGURATION

         name            origin    length      used     unused   attr    fill
----------------------  --------  ---------  --------  --------  ----  --------
  FLASH                 00000000   00050000  0000c978  00043688  R  X
  STV                   00050000   00000010  00000000  00000010  RW  
  HTML                  00051000   00003000  00000000  00003000  R   
  GPRAM                 11000000   00002000  00000000  00002000  RW X
  SRAM                  20000000   00012000  000062cb  0000bd35  RW X
  MTU_BUFFER            20012000   00002000  00000000  00002000  RW  
  LOG_DATA              90000000   00040000  00000000  00040000  R   


SEGMENT ALLOCATION MAP

run origin  load origin   length   init length attrs members
----------  ----------- ---------- ----------- ----- -------
00000000    00000000    0000c7f8   0000c7f8    r-x
  00000000    00000000    0000003c   0000003c    r-- .resetVecs
  00000040    00000040    0000b71c   0000b71c    r-x .text
  0000b760    0000b760    00001098   00001098    r-- .rodata
0000c7f8    0000c7f8    00000008   00000008    rw-
  0000c7f8    0000c7f8    00000008   00000008    rw- .args
0000c800    0000c800    00000128   00000128    r--
  0000c800    0000c800    00000128   00000128    r-- .cinit
0004ffa8    0004ffa8    00000058   00000058    r--
  0004ffa8    0004ffa8    00000058   00000058    r-- .ccfg
200000d8    200000d8    000016ce   00000000    rw-
  200000d8    200000d8    000016ce   00000000    rw- .bss
20001830    20001830    00000010   00000000    rw-
  20001830    20001830    00000010   00000000    rw- .TI.bound:dmaSpi0RxControlTableEntry
20001840    20001840    00000010   00000000    rw-
  20001840    20001840    00000010   00000000    rw- .TI.bound:dmaSpi0TxControlTableEntry
20001a30    20001a30    00000010   00000000    rw-
  20001a30    20001a30    00000010   00000000    rw- .TI.bound:dmaSpi0RxAltControlTableEntry
20001a40    20001a40    00000010   00000000    rw-
  20001a40    20001a40    00000010   00000000    rw- .TI.bound:dmaSpi0TxAltControlTableEntry
20001a50    20001a50    00004000   00000000    r--
  20001a50    20001a50    00004000   00000000    r-- .priheap
20005a50    20005a50    000004e5   00000000    rw-
  20005a50    20005a50    000004e5   00000000    rw- .data
20011a00    20011a00    00000600   00000000    rw-
  20011a00    20011a00    00000600   00000000    rw- .stack


SECTION ALLOCATION MAP

 output                                  attributes/
section   page    origin      length       input sections
--------  ----  ----------  ----------   ----------------
.binit     0    00000000    00000000     

.cinit     0    0000c800    00000128     
                  0000c800    000000c4     (.cinit..data.load) [load image, compression = lzss]
                  0000c8c4    0000000c     (__TI_handler_table)
                  0000c8d0    00000008     (.cinit..TI.bound:dmaSpi0RxAltControlTableEntry.load) [load image, compression = zero_init]
                  0000c8d8    00000008     (.cinit..TI.bound:dmaSpi0RxControlTableEntry.load) [load image, compression = zero_init]
                  0000c8e0    00000008     (.cinit..TI.bound:dmaSpi0TxAltControlTableEntry.load) [load image, compression = zero_init]
                  0000c8e8    00000008     (.cinit..TI.bound:dmaSpi0TxControlTableEntry.load) [load image, compression = zero_init]
                  0000c8f0    00000008     (.cinit..bss.load) [load image, compression = zero_init]
                  0000c8f8    00000030     (__TI_cinit_table)

.init_array 
*          0    00000000    00000000     UNINITIALIZED

.ccfg      0    0004ffa8    00000058     
                  0004ffa8    00000058     ti_devices_config.o (.ccfg)

.text      0    00000040    0000b71c     
                  00000040    000005f0     ti_sysbios_config.o (.text.ti_sysbios_runtime_System_doPrint)
                  00000630    000005ea     driverlib.lib : osc.o (.text.findHposcCoefficients)
                  00000c1a    00000372     Dhcp.o (.text.DHCP_parseDHCPResponse)
                  00000f8c    000002de     log.o (.text.Log_print)
                  0000126a    00000002     ti_sysbios_config.o (.text.BIOS_nullFunc)
                  0000126c    000002c8     drivers_cc26x2.a : SPICC26X2DMA.c.obj (.text.SPICC26X2DMA_transfer)
                  00001534    0000025c     Dhcp.o (.text.DHCP_send_DHCP_MESSAGE)
                  00001790    00000236     Dhcp.o (.text.DHCP_request_DHCP_lease)
                  000019c6    00000002     ti_drivers_config.o (.text.Board_initHook)
                  000019c8    00000200     ti_sysbios_config.o (.text.ti_sysbios_runtime_System_printfExtend)
                  00001bc8    000001fa     ti_sysbios_config.o (.text.ti_sysbios_family_arm_m3_Hwi_excFillContext)
                  00001dc2    00000002     drivers_cc26x2.a : I2C.c.obj (.text.I2C_init)
                  00001dc4    000001b6     libclang_rt.builtins.a : adddf3.S.obj (.text)
                  00001f7a    000001ae     drivers_cc26x2.a : SPICC26X2DMA.c.obj (.text.SPICC26X2DMA_hwiFxn)
                  00002128    000001aa     ti_sysbios_config.o (.text.ti_sysbios_knl_TaskSupport_buildTaskStack)
                  000022d2    0000019a     ssd1306.o (.text.SSD1306_DrawLine)
                  0000246c    00000198     ti_sysbios_config.o (.text.ti_sysbios_family_arm_cc26xx_Timer_construct)
                  00002604    00000194     drivers_cc26x2.a : PowerCC26X2_calibrateRCOSC.c.obj (.text.PowerCC26X2_auxISR)
                  00002798    0000018e     ti_sysbios_config.o (.text.ti_sysbios_knl_Task_Instance_init)
                  00002926    00000002     libclang_rt.builtins.a : aeabi_div0.c.obj (.text.__aeabi_ldiv0)
                  00002928    00000188     drivers_cc26x2.a : SPICC26X2DMA.c.obj (.text.SPICC26X2DMA_open)
                  00002ab0    00000160                      : SPICC26X2DMA.c.obj (.text.configNextTransfer)
                  00002c10    00000158                      : PowerCC26X2.c.obj (.text.Power_sleep)
                  00002d68    0000013e     ti_sysbios_config.o (.text.PowerCC26XX_standbyPolicy)
                  00002ea6    0000013e     ti_sysbios_config.o (.text.ti_sysbios_heaps_HeapMem_allocUnprotected)
                  00002fe4    0000013c     drivers_cc26x2.a : I2CCC26XX.c.obj (.text.I2C_open)
                  00003120    0000013c     ti_sysbios_config.o (.text.ti_sysbios_knl_Clock_workFuncDynamic)
                  0000325c    00000136     IPAddress.o (.text.IPAddress_toString)
                  00003392    00000002     libc.a : _lock.c.obj (.text._nop)
                  00003394    00000136     libclang_rt.builtins.a : divdf3.S.obj (.text)
                  000034ca    00000002     drivers_cc26x2.a : PowerCC26X2.c.obj (.text.emptyClockFunc)
                  000034cc    00000134     driverlib.lib : osc.o (.text.findHposcPc)
                  00003600    00000130     Dhcp.o (.text.DHCP_checkLease)
                  00003730    00000126     drivers_cc26x2.a : I2C.c.obj (.text.I2C_transferTimeout)
                  00003856    00000002     ti_sysbios_config.o (.text.ti_sysbios_family_arm_cc26xx_Timer_startup)
                  00003858    00000124     rf_multiMode_cc26x2.a : RFCC26X2_multiMode.c.cc26x2.ticlang.o (.text.RF_abortCmd)
                  0000397c    00000122     drivers_cc26x2.a : SPICC26X2DMA.c.obj (.text.SPICC26X2DMA_transferCancel)
                  00003a9e    00000002     ti_sysbios_config.o (.text.ti_sysbios_knl_TaskSupport_init)
                  00003aa0    0000011c     sysbios.a : Hwi_asm_gnu.obj (.text.ti_sysbios_family_arm_m3_Hwi_dispatch)
                  00003bbc    00000118     drivers_cc26x2.a : PowerCC26X2.c.obj (.text.Power_init)
                  00003cd4    0000010e     ti_sysbios_config.o (.text.ti_sysbios_knl_Semaphore_pend)
                  00003de2    00000002     --HOLE-- [fill = 0]
                  00003de4    0000010c     drivers_cc26x2.a : PowerCC26X2_calibrateRCOSC.c.obj (.text.PowerCC26X2_calibrate)
                  00003ef0    0000010a     ssd1306.o (.text.SSD1306_DrawChar)
                  00003ffa    0000010a     ti_sysbios_config.o (.text.ti_sysbios_knl_Task_Instance_finalize)
                  00004104    00000104     drivers_cc26x2.a : GPIOCC26X2.c.obj (.text.GPIO_init)
                  00004208    000000fe     dashboard_task.o (.text.Dashboard_Main)
                  00004306    000000fe     ti_sysbios_config.o (.text.ti_sysbios_family_arm_m3_Hwi_Instance_init)
                  00004404    000000fc     libclang_rt.builtins.a : muldf3.S.obj (.text)
                  00004500    000000f4     driverlib.lib : sys_ctrl.o (.text.NOROM_SysCtrlStandby)
                  000045f4    000000ee     ti_sysbios_config.o (.text.ti_sysbios_knl_Clock_startI)
                  000046e2    00000002     --HOLE-- [fill = 0]
                  000046e4    000000e8     drivers_cc26x2.a : I2CCC26XX.c.obj (.text.I2CCC26XX_hwiFxn)
                  000047cc    000000e8     socket.o (.text.send)
                  000048b4    000000e4     driverlib.lib : setup.o (.text.NOROM_SetupTrimDevice)
                  00004998    000000e4     ti_sysbios_config.o (.text.ti_sysbios_family_arm_m3_Hwi_initNVIC)
                  00004a7c    000000da     ti_sysbios_config.o (.text.ti_sysbios_heaps_HeapMem_freeUnprotected)
                  00004b56    00000002     --HOLE-- [fill = 0]
                  00004b58    000000d8     drivers_cc26x2.a : SPICC26X2DMA.c.obj (.text.SPICC26X2DMA_control)
                  00004c30    000000d0                      : PowerCC26X2.c.obj (.text.configureXOSCHF)
                  00004d00    000000cc     init_task.o (.text.Init_Main)
                  00004dcc    000000c4     driverlib.lib : setup.o (.text.TrimAfterColdResetWakeupFromShutDown)
                  00004e90    000000c0     ti_sysbios_config.o (.text.ti_sysbios_knl_Clock_walkQueueDynamic)
                  00004f50    000000c0     ti_sysbios_config.o (.text.ti_sysbios_knl_Swi_restoreHwi)
                  00005010    000000c0     ti_sysbios_config.o (.text.ti_sysbios_runtime_System_formatNum)
                  000050d0    000000be     gui.o (.text.GUI_Init)
                  0000518e    000000bc     ti_sysbios_config.o (.text.ti_sysbios_knl_Task_postInit)
                  0000524a    000000b8     ti_sysbios_config.o (.text.ti_sysbios_knl_Swi_Instance_init)
                  00005302    000000b6     driverlib.lib : osc.o (.text.NOROM_OSC_HPOSCInitializeFrequencyOffsetParameters)
                  000053b8    000000b4                   : osc.o (.text.NOROM_OSCHF_AttemptToSwitchToXosc)
                  0000546c    000000b4     drivers_cc26x2.a : PowerCC26X2.c.obj (.text.Power_releaseDependency)
                  00005520    000000b4     socket.o (.text.socket)
                  000055d4    000000b0     drivers_cc26x2.a : PowerCC26X2.c.obj (.text.Power_setDependency)
                  00005684    000000b0     libclang_rt.builtins.a : udivmoddi4.S.obj (.text)
                  00005734    000000a8     drivers_cc26x2.a : TemperatureCC26X2.c.obj (.text.temperatureHwiFxn)
                  000057dc    000000a6     socket.o (.text.recv)
                  00005882    000000a2     ti_sysbios_config.o (.text.ti_sysbios_knl_TaskSupport_start)
                  00005924    000000a0     drivers_cc26x2.a : I2CCC26XX.c.obj (.text.I2CCC26XX_swiFxn)
                  000059c4    0000009a     ssd1306.o (.text.SSD1306_Init)
                  00005a5e    0000009a     ti_sysbios_config.o (.text.ti_sysbios_knl_Task_schedule)
                  00005af8    00000098     ti_sysbios_config.o (.text.ti_sysbios_hal_Seconds_getTime)
                  00005b90    00000096     EthernetUdp.o (.text.EthernetUDP_begin)
                  00005c26    00000094     Ethernet.o (.text.Ethernet_maintain)
                  00005cba    00000002     --HOLE-- [fill = 0]
                  00005cbc    00000094     rf_multiMode_cc26x2.a : RFCC26X2_multiMode.c.cc26x2.ticlang.o (.text.RF_hposcRfCompensateFxn)
                  00005d50    00000094     ti_sysbios_config.o (.text.ti_sysbios_heaps_HeapMem_Instance_init)
                  00005de4    00000090     ti_sysbios_config.o (.text.ti_sysbios_knl_Task_sleep)
                  00005e74    0000008e     ssd1306.o (.text.SSD1306_DrawPixel)
                  00005f02    0000008e     ti_sysbios_config.o (.text.ti_sysbios_family_arm_m3_Hwi_excHandlerMin)
                  00005f90    0000008e     ti_sysbios_config.o (.text.ti_sysbios_knl_Swi_runLoop)
                  0000601e    00000002     --HOLE-- [fill = 0]
                  00006020    0000008c     drivers_cc26x2.a : GPIOCC26XX.c.obj (.text.GPIO_setConfig)
                  000060ac    0000008c     ti_sysbios_config.o (.text.ti_sysbios_family_arm_m3_Hwi_construct2)
                  00006138    0000008a     EthernetClient.o (.text.EthernetClient_stop)
                  000061c2    0000008a     EthernetServer.o (.text.EthernetServer_accept)
                  0000624c    0000008a     EthernetServer.o (.text.EthernetServer_available)
                  000062d6    0000008a     ti_sysbios_config.o (.text.ti_sysbios_knl_Semaphore_post)
                  00006360    00000088     rf_multiMode_cc26x2.a : RFCC26X2_multiMode.c.cc26x2.ticlang.o (.text.RF_discardPendCmd)
                  000063e8    00000088     ti_sysbios_config.o (.text.ti_sysbios_family_arm_m3_Hwi_postInit)
                  00006470    00000086     ti_sysbios_config.o (.text.ti_sysbios_runtime_Memory_alloc)
                  000064f6    00000084     EthernetUdp.o (.text.EthernetUDP_parsePacket)
                  0000657a    00000084     main.o (.text.main)
                  000065fe    00000082     EthernetClient.o (.text.EthernetClient_connected)
                  00006680    00000082     ti_sysbios_config.o (.text.ti_sysbios_family_arm_m3_Hwi_getStackInfo)
                  00006702    00000080     driverlib.lib : sys_ctrl.o (.text.NOROM_SysCtrlSetRechargeBeforePowerDown)
                  00006782    0000007e     ti_drivers_config.o (.text.Board_sendExtFlashByte)
                  00006800    0000007e     ssd1306.o (.text.SSD1306_UpdatePosition)
                  0000687e    0000007c     ti_sysbios_config.o (.text.SwiP_construct)
                  000068fa    0000007c     ti_sysbios_config.o (.text.ti_sysbios_family_arm_cc26xx_Timer_periodicStub)
                  00006976    0000007c     ti_sysbios_config.o (.text.ti_sysbios_knl_Swi_schedule)
                  000069f2    0000007a     ti_sysbios_config.o (.text.ti_sysbios_family_arm_m3_Hwi_dispatchC)
                  00006a6c    0000007a     ti_sysbios_config.o (.text.ti_sysbios_knl_Idle_init)
                  00006ae6    00000078     driverlib.lib : osc.o (.text.NOROM_OSCHF_SwitchToRcOscTurnOffXosc)
                  00006b5e    00000078                   : osc.o (.text.NOROM_OSC_CapArrayAdjustWorkaround_Boot)
                  00006bd6    00000002     --HOLE-- [fill = 0]
                  00006bd8    00000078     drivers_cc26x2.a : SPICC26X2DMA.c.obj (.text.SPICC26X2DMA_close)
                  00006c50    00000078     ti_sysbios_config.o (.text.ti_sysbios_family_arm_m3_Hwi_disableInterrupt)
                  00006cc8    00000078     ti_sysbios_config.o (.text.ti_sysbios_knl_Swi_run)
                  00006d40    00000078     ti_sysbios_config.o (.text.ti_sysbios_knl_Task_blockI)
                  00006db8    00000078     ti_sysbios_config.o (.text.ti_sysbios_knl_Task_startup)
                  00006e30    00000074     drivers_cc26x2.a : PowerCC26X2_calibrateRCOSC_helpers.c.obj (.text.PowerCC26X2_updateSubSecInc)
                  00006ea4    00000074                      : TemperatureCC26X2.c.obj (.text.Temperature_init)
                  00006f18    00000074     ti_sysbios_config.o (.text.ti_sysbios_heaps_HeapMem_getStats)
                  00006f8c    00000072     ti_sysbios_config.o (.text.ti_sysbios_family_arm_cc26xx_Timer_setThreshold)
                  00006ffe    00000070     EthernetServer.o (.text.EthernetServer_begin)
                  0000706e    00000002     --HOLE-- [fill = 0]
                  00007070    00000070     ArduinoCompatibility.o (.text.millis)
                  000070e0    00000070     ti_sysbios_config.o (.text.ti_sysbios_family_arm_m3_Hwi_enableInterrupt)
                  00007150    0000006e     ti_sysbios_config.o (.text.BIOS_init)
                  000071be    0000006e     ti_drivers_config.o (.text.Board_shutDownExtFlash)
                  0000722c    0000006e     libclang_rt.builtins.a : comparedf2.c.obj (.text.__gedf2)
                  0000729a    00000002     --HOLE-- [fill = 0]
                  0000729c    0000006e                            : comparedf2.c.obj (.text.__ledf2)
                  0000730a    0000006e     ti_sysbios_config.o (.text.ti_sysbios_knl_Clock_init)
                  00007378    0000006c     Dhcp.o (.text.DHCP_printByte)
                  000073e4    0000006c     EthernetUdp.o (.text.EthernetUDP_read_buf)
                  00007450    0000006c     w5500.o (.text.W5500_read_buf)
                  000074bc    0000006a     drivers_cc26x2.a : I2CCC26XX.c.obj (.text.I2CSupport_primeTransfer)
                  00007526    0000006a     w5500.o (.text.W5500_write_buf)
                  00007590    0000006a     libc.a : copy_decompress_lzss.c.obj (.text:decompress:lzss)
                  000075fa    00000068     w5500.o (.text.W5500_send_data_processing_offset)
                  00007662    00000066     EthernetClient.o (.text.EthernetClient_readBytesUntil)
                  000076c8    00000066     ti_sysbios_config.o (.text.ti_sysbios_family_arm_cc26xx_Timer_start)
                  0000772e    00000066     ti_sysbios_config.o (.text.ti_sysbios_family_arm_m3_Hwi_Instance_finalize)
                  00007794    00000064     drivers_cc26x2.a : PowerCC26X2_calibrateRCOSC.c.obj (.text.PowerCC26X2_initiateCalibration)
                  000077f8    00000064     SPIfg.o (.text.SPI_transf)
                  0000785c    00000064     ssd1306.o (.text.SSD1306_DrawString)
                  000078c0    00000064     drivers_cc26x2.a : UDMACC26XX.c.obj (.text.UDMACC26XX_open)
                  00007924    00000064                      : PowerCC26X2.c.obj (.text.oscillatorISR)
                  00007988    00000062     socket.o (.text.bufferData)
                  000079ea    00000002     --HOLE-- [fill = 0]
                  000079ec    00000062     libclang_rt.builtins.a : aeabi_dcmp.S.obj (.text)
                  00007a4e    00000060     drivers_cc26x2.a : SPICC26X2DMA.c.obj (.text.csnCallback)
                  00007aae    00000060     ti_sysbios_config.o (.text.ti_sysbios_knl_ClockSupport_init)
                  00007b0e    0000005e     socket.o (.text.startUDP)
                  00007b6c    0000005e     ti_sysbios_config.o (.text.ti_sysbios_knl_Swi_post)
                  00007bca    0000005e     ti_sysbios_config.o (.text.ti_sysbios_runtime_Error_raiseX)
                  00007c28    0000005c     ti_sysbios_config.o (.text.ClockP_construct)
                  00007c84    0000005c     libclang_rt.builtins.a : divmoddi4.c.obj (.text.__divmoddi4)
                  00007ce0    0000005c     ti_sysbios_config.o (.text.ti_sysbios_heaps_HeapMem_alloc)
                  00007d3c    0000005c     ti_sysbios_config.o (.text.ti_sysbios_knl_Task_init)
                  00007d98    00000058     ti_sysbios_config.o (.text.AONRTCEventClear)
                  00007df0    00000058     ti_sysbios_config.o (.text.HwiP_construct)
                  00007e48    00000058     w5500.o (.text.W5500_recv_data_processing)
                  00007ea0    00000058     ti_sysbios_config.o (.text.ti_sysbios_family_arm_m3_Hwi_construct)
                  00007ef8    00000058     sysbios.a : Hwi_asm_switch_gnu.obj (.text.ti_sysbios_family_arm_m3_Hwi_initStacks)
                  00007f50    00000058     ti_sysbios_config.o (.text.ti_sysbios_heaps_HeapMem_construct)
                  00007fa8    00000058     ti_sysbios_config.o (.text.ti_sysbios_knl_Swi_init)
                  00008000    00000056     ti_sysbios_config.o (.text.AONRTCCompareValueSet)
                  00008056    00000056     ti_sysbios_config.o (.text.getTime)
                  000080ac    00000056     ti_sysbios_config.o (.text.ti_sysbios_family_arm_cc26xx_Timer_getCurrentTick)
                  00008102    00000056     ti_sysbios_config.o (.text.ti_sysbios_knl_Clock_Instance_init)
                  00008158    00000056     ti_sysbios_config.o (.text.ti_sysbios_runtime_SystemSupport_flush)
                  000081ae    00000056     ti_sysbios_config.o (.text.ti_sysbios_runtime_System_atexit)
                  00008204    00000056     ti_sysbios_config.o (.text.ti_sysbios_runtime_System_putchar)
                  0000825a    00000054     ti_sysbios_config.o (.text.AONRTCChannelEnable)
                  000082ae    00000054     ti_sysbios_config.o (.text.BIOS_startFunc)
                  00008302    00000002     --HOLE-- [fill = 0]
                  00008304    00000054     libsysbm.a : hostwrite.c.obj (.text.HOSTwrite)
                  00008358    00000054     drivers_cc26x2.a : I2CCC26XX.c.obj (.text.I2CCC26XX_initHw)
                  000083ac    00000052     driverlib.lib : chipinfo.o (.text.NOROM_ChipInfo_GetHwRevision)
                  000083fe    00000052     ti_sysbios_config.o (.text.usleep)
                  00008450    00000050     rf_multiMode_cc26x2.a : RFCC26X2_multiMode.c.cc26x2.ticlang.o (.text.RF_enableHPOSCTemperatureCompensation)
                  000084a0    00000050     ti_sysbios_config.o (.text.ti_sysbios_family_arm_cc26xx_Timer_setNextTick)
                  000084f0    0000004e     w5500.o (.text.W5500_getRXReceivedSize)
                  0000853e    0000004e     w5500.o (.text.W5500_getTXFreeSize)
                  0000858c    0000004e     ti_sysbios_config.o (.text.ti_sysbios_knl_Swi_restore)
                  000085da    0000004c     driverlib.lib : osc.o (.text.NOROM_OSC_HPOSCRelativeFrequencyOffsetGet)
                  00008626    00000002     --HOLE-- [fill = 0]
                  00008628    0000004c     drivers_cc26x2.a : SPICC26X2DMA.c.obj (.text.initHw)
                  00008674    0000004c     SPIfg.o (.text.initSS)
                  000086c0    0000004c     drivers_cc26x2.a : PowerCC26X2.c.obj (.text.switchXOSCHF)
                  0000870c    0000004c     ti_sysbios_config.o (.text.ti_sysbios_knl_Task_create)
                  00008758    0000004c     ti_sysbios_config.o (.text.ti_sysbios_runtime_SystemSupport_putch)
                  000087a4    0000004c     ti_sysbios_config.o (.text.ti_sysbios_runtime_System_processAtExit)
                  000087f0    0000004a     SPIfg.o (.text.SPI_begin)
                  0000883a    0000004a     ti_sysbios_config.o (.text.ti_sysbios_knl_Task_construct)
                  00008884    0000004a     ti_sysbios_config.o (.text.ti_sysbios_runtime_Error_print)
                  000088ce    00000048     EthernetClient.o (.text.EthernetClient_timedRead)
                  00008916    00000002     --HOLE-- [fill = 0]
                  00008918    00000048     driverlib.lib : aux_sysif.o (.text.NOROM_AUXSYSIFOpModeChange)
                  00008960    00000048     ssd1306.o (.text.SSD1306_SendCommand)
                  000089a8    00000048     drivers_cc26x2.a : TemperatureCC26X2.c.obj (.text.Temperature_registerNotifyRange)
                  000089f0    00000048     w5500.o (.text.W5500_init)
                  00008a38    00000048     ti_sysbios_config.o (.text.ti_sysbios_family_arm_m3_Hwi_init)
                  00008a80    00000048     libclang_rt.builtins.a : fixdfsi.S.obj (.text)
                  00008ac8    00000046     ti_sysbios_config.o (.text.ti_sysbios_knl_Semaphore_Instance_init)
                  00008b0e    00000046     ti_sysbios_config.o (.text.ti_sysbios_knl_Swi_construct)
                  00008b54    00000046     ti_sysbios_config.o (.text.ti_sysbios_knl_Task_processVitalTaskFlag)
                  00008b9a    00000046     ti_sysbios_config.o (.text.ti_sysbios_knl_Task_unblockI)
                  00008be0    00000046     ti_sysbios_config.o (.text.ti_sysbios_runtime_SysMin_output)
                  00008c26    00000044     ti_sysbios_config.o (.text.BIOS_rtsLock)
                  00008c6a    00000002     --HOLE-- [fill = 0]
                  00008c6c    00000044     drivers_cc26x2.a : GPIOCC26X2.c.obj (.text.GPIO_hwiIntFxn)
                  00008cb0    00000044     gui.o (.text.GUI_ChangeDeviceIp)
                  00008cf4    00000044     gui.o (.text.GUI_ChangeTargetIp)
                  00008d38    00000044     driverlib.lib : prcm.o (.text.NOROM_PRCMPowerDomainsAllOff)
                  00008d7c    00000044                   : prcm.o (.text.NOROM_PRCMPowerDomainsAllOn)
                  00008dc0    00000044     rf_multiMode_cc26x2.a : RFCC26X2_multiMode.c.cc26x2.ticlang.o (.text.RF_cmdGet)
                  00008e04    00000044     drivers_cc26x2.a : SPI.c.obj (.text.SPI_init)
                  00008e48    00000044     ti_sysbios_config.o (.text._pthread_cleanupFxn)
                  00008e8c    00000044     drivers_cc26x2.a : TemperatureCC26X2.c.obj (.text.degreesToCode)
                  00008ed0    00000044                      : TemperatureCC26X2.c.obj (.text.setNextThresholds)
                  00008f14    00000044     ti_sysbios_config.o (.text.ti_sysbios_knl_Task_restore)
                  00008f58    00000044     libclang_rt.builtins.a : fixunsdfsi.S.obj (.text)
                  00008f9c    00000044     restart.o (.text)
                  00008fe0    00000042     EthernetClient.o (.text.EthernetClient_write)
                  00009022    00000042     EthernetUdp.o (.text.EthernetUDP_read)
                  00009064    00000042     ssd1306.o (.text.SSD1306_UpdateScreen)
                  000090a6    00000040     Ethernet.o (.text.Ethernet_begin_mac_ip_dns_gateway_subnet)
                  000090e6    00000002     --HOLE-- [fill = 0]
                  000090e8    00000040     drivers_cc26x2.a : PowerCC26X2_calibrateRCOSC.c.obj (.text.PowerCC26X2_RCOSC_clockFunc)
                  00009128    00000040                      : PowerCC26X2_calibrateRCOSC_helpers.c.obj (.text.PowerCC26X2_setAclkRefSrc)
                  00009168    00000040     rf_multiMode_cc26x2.a : RFCC26X2_multiMode.c.cc26x2.ticlang.o (.text.RF_updateHpOscOverride)
                  000091a8    00000040     drivers_cc26x2.a : SPI.c.obj (.text.SPI_open)
                  000091e8    00000040     ti_sysbios_config.o (.text.ti_sysbios_gates_GateMutex_enter)
                  00009228    00000040     ti_sysbios_config.o (.text.ti_sysbios_knl_Semaphore_pendTimeout)
                  00009268    00000040     ti_sysbios_config.o (.text.ti_sysbios_knl_Task_exit)
                  000092a8    0000003e     w5500.o (.text.W5500_read)
                  000092e6    0000003e     w5500.o (.text.W5500_write)
                  00009324    0000003e     socket.o (.text.sendUDP)
                  00009362    0000003e     ti_sysbios_config.o (.text.ti_sysbios_knl_Clock_getTicksUntilInterrupt)
                  000093a0    0000003c     ti_sysbios_config.o (.text.BIOS_atExitFunc)
                  000093dc    0000003c     drivers_cc26x2.a : GPIO.c.obj (.text.GPIO_resetConfig)
                  00009418    0000003c     driverlib.lib : sys_ctrl.o (.text.NOROM_SysCtrlIdle)
                  00009454    0000003c     drivers_cc26x2.a : PowerCC26X2_calibrateRCOSC_helpers.c.obj (.text.PowerCC26X2_setTdcClkSrc24M)
                  00009490    0000003c     ti_sysbios_config.o (.text.ti_sysbios_family_arm_m3_Hwi_setPriority)
                  000094cc    0000003c     ti_sysbios_config.o (.text.ti_sysbios_knl_Task_restoreHwi)
                  00009508    0000003c     drivers_cc26x2.a : TemperatureCC26X2.c.obj (.text.updateThresholds)
                  00009544    0000003c     Printfg.o (.text.write_string)
                  00009580    0000003a     Ethernet.o (.text.Ethernet_begin_mac_ip_dns_gateway)
                  000095ba    0000003a     ssd1306.o (.text.sendData)
                  000095f4    0000003a     ti_sysbios_config.o (.text.ti_sysbios_family_arm_m3_Hwi_clearInterrupt)
                  0000962e    00000038     ti_drivers_config.o (.text.Board_wakeUpExtFlash)
                  00009666    00000038     EthernetUdp.o (.text.EthernetUDP_stop)
                  0000969e    00000002     --HOLE-- [fill = 0]
                  000096a0    00000038     drivers_cc26x2.a : PowerCC26X2_helpers.c.obj (.text.PowerCC26X2_oscDisableQualifiers)
                  000096d8    00000038                      : UDMACC26XX.c.obj (.text.UDMACC26XX_close)
                  00009710    00000038     w5500.o (.text.W5500_readSnRX_RD)
                  00009748    00000038     w5500.o (.text.W5500_readSnRX_RSR)
                  00009780    00000038     w5500.o (.text.W5500_readSnTX_FSR)
                  000097b8    00000038     w5500.o (.text.W5500_readSnTX_WR)
                  000097f0    00000038     socket.o (.text.listen)
                  00009828    00000038     ti_sysbios_config.o (.text.ti_sysbios_runtime_Startup_exec)
                  00009860    00000038     libc.a : autoinit.c.obj (.text:__TI_auto_init_nobinit_nopinit)
                  00009898    00000038     libclang_rt.builtins.a : extendsfdf2.S.obj (.text)
                  000098d0    00000036     ti_sysbios_config.o (.text.BIOS_rtsUnlock)
                  00009906    00000036     ti_sysbios_config.o (.text.SemaphoreP_pend)
                  0000993c    00000036     ti_sysbios_config.o (.text.ti_sysbios_knl_Swi_construct2)
                  00009972    00000002     --HOLE-- [fill = 0]
                  00009974    00000034     drivers_cc26x2.a : PowerCC26X2.c.obj (.text.Power_releaseConstraint)
                  000099a8    00000034     rf_multiMode_cc26x2.a : RFCC26X2_multiMode.c.cc26x2.ticlang.o (.text.RF_runDirectImmediateCmd)
                  000099dc    00000034     w5500.o (.text.W5500_read_data)
                  00009a10    00000034     w5500.o (.text.W5500_writeSn_buf)
                  00009a44    00000034     libsysbm.a : trgmsg.c.obj (.text.__TI_writemsg)
                  00009a78    00000034     ti_sysbios_config.o (.text.ti_sysbios_family_arm_cc26xx_Timer_getMaxTicks)
                  00009aac    00000034     ti_sysbios_config.o (.text.ti_sysbios_knl_Queue_put)
                  00009ae0    00000034     ti_sysbios_config.o (.text.ti_sysbios_runtime_System_vprintf)
                  00009b14    00000034     sysbios.a : boot_cortex_m.obj (.text:_c_int00)
                  00009b48    00000032     ti_drivers_config.o (.text.Board_init)
                  00009b7a    00000032     EthernetUdp.o (.text.EthernetUDP_write)
                  00009bac    00000032     ti_sysbios_config.o (.text.ti_sysbios_knl_Semaphore_create)
                  00009bde    00000030     EthernetClient.o (.text.EthernetClient_read)
                  00009c0e    00000002     --HOLE-- [fill = 0]
                  00009c10    00000030     drivers_cc26x2.a : GPIOCC26XX.c.obj (.text.GPIO_setInterruptConfig)
                  00009c40    00000030                      : PowerCC26X2.c.obj (.text.Power_setConstraint)
                  00009c70    00000030     w5500.o (.text.W5500_writeSn)
                  00009ca0    00000030     libsysbm.a : trgmsg.c.obj (.text.__TI_readmsg)
                  00009cd0    00000030     drivers_cc26x2.a : PowerCC26X2.c.obj (.text.notify)
                  00009d00    00000030     ti_sysbios_config.o (.text.ti_sysbios_family_arm_m3_Hwi_plug)
                  00009d30    00000030     ti_sysbios_config.o (.text.ti_sysbios_heaps_HeapMem_free)
                  00009d60    00000030     ti_sysbios_config.o (.text.ti_sysbios_knl_Clock_construct)
                  00009d90    00000030     ti_sysbios_config.o (.text.ti_sysbios_knl_Idle_run)
                  00009dc0    0000002e     EthernetClient.o (.text.EthernetClient_status)
                  00009dee    0000002e     EthernetUdp.o (.text.EthernetUDP_beginPacket_ip)
                  00009e1c    0000002e     driverlib.lib : chipinfo.o (.text.NOROM_ThisLibraryIsFor_CC13x2_CC26x2_HwRev20AndLater_HaltIfViolated)
                  00009e4a    0000002e     ti_sysbios_config.o (.text._pthread_delete)
                  00009e78    0000002e     ti_sysbios_config.o (.text.ti_sysbios_family_arm_m3_Hwi_initStack)
                  00009ea6    0000002e     ti_sysbios_config.o (.text.ti_sysbios_gates_GateMutex_Instance_init)
                  00009ed4    0000002e     libclang_rt.builtins.a : floatsidf.S.obj (.text)
                  00009f02    0000002c     ti_sysbios_config.o (.text.BIOS_registerRTSLock)
                  00009f2e    0000002c     ti_sysbios_config.o (.text.BIOS_removeRTSLock)
                  00009f5a    00000002     --HOLE-- [fill = 0]
                  00009f5c    0000002c     rf_multiMode_cc26x2.a : RFCC26X2_multiMode.c.cc26x2.ticlang.o (.text.RF_executeDirectImmediateCmd)
                  00009f88    0000002c     ti_sysbios_config.o (.text.SemaphoreP_createBinary)
                  00009fb4    0000002c     drivers_cc26x2.a : TemperatureCC26X2.c.obj (.text.Temperature_unregisterNotify)
                  00009fe0    0000002c     w5500.o (.text.W5500_execCmdSn)
                  0000a00c    0000002c     w5500.o (.text.W5500_writeSnDPORT)
                  0000a038    0000002c     w5500.o (.text.W5500_writeSnPORT)
                  0000a064    0000002c     w5500.o (.text.W5500_writeSnRX_RD)
                  0000a090    0000002c     w5500.o (.text.W5500_writeSnTX_WR)
                  0000a0bc    0000002c     ti_sysbios_config.o (.text.ti_sysbios_knl_Semaphore_construct)
                  0000a0e8    0000002c     ti_sysbios_config.o (.text.ti_sysbios_runtime_Memory_free)
                  0000a114    0000002a     IPAddress.o (.text.IPAddress_Init_str)
                  0000a13e    0000002a     driverlib.lib : osc.o (.text.NOROM_OSCHF_TurnOnXosc)
                  0000a168    0000002a     drivers_cc26x2.a : SPICC26X2DMA.c.obj (.text.SPICC26X2DMA_swiFxn)
                  0000a192    0000002a     ti_sysbios_config.o (.text.SemaphoreP_constructBinary)
                  0000a1bc    0000002a     ti_sysbios_config.o (.text.ti_sysbios_knl_Clock_initI)
                  0000a1e6    0000002a     ti_sysbios_config.o (.text.ti_sysbios_knl_Task_enter)
                  0000a210    00000028     EthernetClient.o (.text.EthernetClient_available)
                  0000a238    00000028     drivers_cc26x2.a : I2C.c.obj (.text.I2C_cancel)
                  0000a260    00000028                      : List.c.obj (.text.List_remove)
                  0000a288    00000028     rf_multiMode_cc26x2.a : RFCC26X2_multiMode.c.cc26x2.ticlang.o (.text.RF_cmdStoreEvents)
                  0000a2b0    00000028     w5500.o (.text.W5500_readSn)
                  0000a2d8    00000028     sysbios.a : Hwi_asm_gnu.obj (.text.ti_sysbios_family_arm_m3_Hwi_excHandlerAsm)
                  0000a300    00000028     ti_sysbios_config.o (.text.ti_sysbios_gates_GateMutex_construct)
                  0000a328    00000028     ti_sysbios_config.o (.text.ti_sysbios_knl_Queue_enqueue)
                  0000a350    00000028     ti_sysbios_config.o (.text.ti_sysbios_knl_Swi_or)
                  0000a378    00000028     sysbios.a : TaskSupport_asm_gnu.obj (.text.ti_sysbios_knl_TaskSupport_swap)
                  0000a3a0    00000028     ti_sysbios_config.o (.text.ti_sysbios_knl_Task_sleepTimeout)
                  0000a3c8    00000028     ti_sysbios_config.o (.text.ti_sysbios_runtime_System_init)
                  0000a3f0    00000028     ti_sysbios_config.o (.text.ti_sysbios_runtime_System_printf)
                  0000a418    00000026     drivers_cc26x2.a : SPICC26X2DMA.c.obj (.text.flushFifos)
                  0000a43e    00000026     ti_sysbios_config.o (.text.ti_sysbios_family_arm_m3_Hwi_getHandle)
                  0000a464    00000026     ti_sysbios_config.o (.text.ti_sysbios_knl_Swi_destruct)
                  0000a48a    00000026     ti_sysbios_config.o (.text.ti_sysbios_knl_Task_allBlockedFunction)
                  0000a4b0    00000026     ti_sysbios_config.o (.text.ti_sysbios_knl_Task_delete)
                  0000a4d6    00000026     ti_sysbios_config.o (.text.ti_sysbios_knl_Task_destruct)
                  0000a4fc    00000024     Ethernet.o (.text.Ethernet_begin_mac_ip_dns)
                  0000a520    00000024     drivers_cc26x2.a : List.c.obj (.text.List_put)
                  0000a544    00000024                      : PowerCC26X2_helpers.c.obj (.text.PowerCC26X2_setSubSecIncToXoscLf)
                  0000a568    00000024                      : PowerCC26X2_calibrateRCOSC_helpers.c.obj (.text.PowerCC26X2_writeCtrim)
                  0000a58c    00000024                      : PowerCC26X2_calibrateRCOSC_helpers.c.obj (.text.PowerCC26X2_writeCtrimFract)
                  0000a5b0    00000024                      : PowerCC26X2_calibrateRCOSC_helpers.c.obj (.text.PowerCC26X2_writeCtrimFractEn)
                  0000a5d4    00000024                      : PowerCC26X2_calibrateRCOSC_helpers.c.obj (.text.PowerCC26X2_writeRtrim)
                  0000a5f8    00000024                      : PowerCC26X2.c.obj (.text.Power_registerNotify)
                  0000a61c    00000024     ssd1306.o (.text.SSD1306_SetPosition)
                  0000a640    00000024     drivers_cc26x2.a : SPICC26X2DMA.c.obj (.text.releaseConstraint)
                  0000a664    00000024     ti_sysbios_config.o (.text.ti_sysbios_family_arm_cc26xx_Timer_Params_init)
                  0000a688    00000024     ti_sysbios_config.o (.text.ti_sysbios_knl_Task_Params_init)
                  0000a6ac    00000022     ti_sysbios_config.o (.text.BIOS_setThreadType)
                  0000a6ce    00000022     w5500.o (.text.W5500_send_data_processing)
                  0000a6f0    00000022     libc.a : memcmp.c.obj (.text.memcmp)
                  0000a712    00000022     ti_sysbios_config.o (.text.ti_sysbios_gates_GateMutex_leave)
                  0000a734    00000022     ti_sysbios_config.o (.text.ti_sysbios_heaps_HeapMem_restore)
                  0000a756    00000022     ti_sysbios_config.o (.text.ti_sysbios_knl_Clock_getTicks)
                  0000a778    00000022     ti_sysbios_config.o (.text.ti_sysbios_knl_Clock_scheduleNextTick)
                  0000a79a    00000022     ti_sysbios_config.o (.text.ti_sysbios_knl_Queue_dequeue)
                  0000a7bc    00000022     ti_sysbios_config.o (.text.ti_sysbios_knl_Semaphore_destruct)
                  0000a7de    00000020     Dhcp.o (.text.DHCP_reset_DHCP_lease)
                  0000a7fe    00000020     Ethernet.o (.text.Ethernet_begin_mac_ip)
                  0000a81e    00000002     --HOLE-- [fill = 0]
                  0000a820    00000020     rf_multiMode_cc26x2.a : rfc.c.cc26x2.ticlang.o (.text.NOROM_RFCDoorbellSendTo)
                  0000a840    00000020                           : rfc.c.cc26x2.ticlang.o (.text.NOROM_RFCOverrideSearch)
                  0000a860    00000020     drivers_cc26x2.a : PowerCC26X2_helpers.c.obj (.text.PowerCC26X2_disableTCXOQual)
                  0000a880    00000020                      : PowerCC26X2_helpers.c.obj (.text.PowerCC26X2_enableTCXOQual)
                  0000a8a0    00000020     ti_sysbios_config.o (.text.PowerCC26XX_schedulerDisable)
                  0000a8c0    00000020     ti_sysbios_config.o (.text.PowerCC26XX_schedulerRestore)
                  0000a8e0    00000020     drivers_cc26x2.a : PowerCC26X2.c.obj (.text.Power_unregisterNotify)
                  0000a900    00000020     rf_multiMode_cc26x2.a : RFCC26X2_multiMode.c.cc26x2.ticlang.o (.text.RF_invokeGlobalCallback)
                  0000a920    00000020     socket.o (.text.close)
                  0000a940    00000020     ti_sysbios_config.o (.text.ti_sysbios_family_arm_cc26xx_Timer_postInit)
                  0000a960    00000020     ti_sysbios_config.o (.text.ti_sysbios_family_arm_m3_Hwi_excHandler)
                  0000a980    00000020     ti_sysbios_config.o (.text.ti_sysbios_knl_ClockSupport_getCurrentTick)
                  0000a9a0    00000020     libclang_rt.builtins.a : floatunsidf.S.obj (.text)
                  0000a9c0    0000001e     ti_sysbios_config.o (.text.SwiP_Params_init)
                  0000a9de    0000001e     w5500.o (.text.W5500_writeSnCR)
                  0000a9fc    0000001e     w5500.o (.text.W5500_writeSnIR)
                  0000aa1a    0000001e     w5500.o (.text.W5500_writeSnMR)
                  0000aa38    0000001e     sysbios.a : Hwi_asm_switch_gnu.obj (.text.ti_sysbios_family_arm_m3_Hwi_switchAndRunFunc)
                  0000aa56    0000001e     ti_sysbios_config.o (.text.ti_sysbios_family_arm_m3_Hwi_switchFromBootStack)
                  0000aa74    0000001e     ti_sysbios_config.o (.text.ti_sysbios_knl_Task_unblock)
                  0000aa92    0000001c     EthernetClient.o (.text.EthernetClient_begin)
                  0000aaae    0000001c     EthernetClient.o (.text.EthernetClient_print)
                  0000aaca    0000001c     EthernetUdp.o (.text.EthernetUDP_flush)
                  0000aae6    00000002     --HOLE-- [fill = 0]
                  0000aae8    0000001c     drivers_cc26x2.a : GPIO.c.obj (.text.GPIO_setCallback)
                  0000ab04    0000001c                      : GPIOCC26XX.c.obj (.text.GPIO_setMux)
                  0000ab20    0000001c     ti_sysbios_config.o (.text.HwiP_Params_init)
                  0000ab3c    0000001c     drivers_cc26x2.a : PowerCC26X2.c.obj (.text.Power_getTransitionLatency)
                  0000ab58    0000001c     w5500.o (.text.W5500_writeSnDIPR)
                  0000ab74    0000001c     drivers_cc26x2.a : TemperatureCC26X2.c.obj (.text.setTempLowerLimit)
                  0000ab90    0000001c                      : TemperatureCC26X2.c.obj (.text.setTempUpperLimit)
                  0000abac    0000001c     ti_sysbios_config.o (.text.ti_sysbios_family_arm_cc26xx_Timer_dynamicStub)
                  0000abc8    0000001c     ti_sysbios_config.o (.text.ti_sysbios_family_arm_m3_Hwi_Params_init)
                  0000abe4    0000001c     ti_sysbios_config.o (.text.ti_sysbios_knl_Clock_enqueueI)
                  0000ac00    0000001c     ti_sysbios_config.o (.text.ti_sysbios_knl_Clock_start)
                  0000ac1c    0000001c     ti_sysbios_config.o (.text.ti_sysbios_knl_Queue_remove)
                  0000ac38    0000001c     ti_sysbios_config.o (.text.ti_sysbios_knl_Swi_Params_init)
                  0000ac54    0000001c     ti_sysbios_config.o (.text.ti_sysbios_knl_Swi_disable)
                  0000ac70    0000001c     ti_sysbios_config.o (.text.ti_sysbios_knl_Task_disable)
                  0000ac8c    0000001a     ti_sysbios_config.o (.text.BIOS_exitFunc)
                  0000aca6    0000001a     ti_sysbios_config.o (.text.BIOS_getCpuFreq)
                  0000acc0    0000001a     dashboard_task.o (.text.Dashboard_SendHtml)
                  0000acda    0000001a     drivers_cc26x2.a : I2CCC26XX.c.obj (.text.I2CCC26XX_completeTransfer)
                  0000acf4    0000001a     ti_sysbios_config.o (.text.ti_sysbios_knl_Semaphore_Instance_finalize)
                  0000ad0e    00000018     ti_sysbios_config.o (.text.BIOS_exit)
                  0000ad26    00000018     Dhcp.o (.text.DHCP_getDnsServerIp)
                  0000ad3e    00000018     Dhcp.o (.text.DHCP_getGatewayIp)
                  0000ad56    00000018     Dhcp.o (.text.DHCP_getLocalIp)
                  0000ad6e    00000018     Dhcp.o (.text.DHCP_getSubnetMask)
                  0000ad86    00000002     --HOLE-- [fill = 0]
                  0000ad88    00000018     drivers_cc26x2.a : GPIOCC26XX.c.obj (.text.GPIO_disableInt)
                  0000ada0    00000018                      : PowerCC26X2.c.obj (.text.PowerCC26XX_calibrate)
                  0000adb8    00000018                      : PowerCC26X2.c.obj (.text.Power_idleFunc)
                  0000add0    00000018     Printfg.o (.text.print)
                  0000ade8    00000018     ti_sysbios_config.o (.text.ti_sysbios_family_arm_cc26xx_Timer_getCount64)
                  0000ae00    00000018     ti_sysbios_config.o (.text.ti_sysbios_knl_ClockSupport_setNextTick)
                  0000ae18    00000018     sysbios.a : TaskSupport_asm_gnu.obj (.text.ti_sysbios_knl_TaskSupport_glue)
                  0000ae30    00000016     ti_sysbios_config.o (.text.ClockP_Params_init)
                  0000ae46    00000016     w5500.o (.text.W5500_readSIPR)
                  0000ae5c    00000016     w5500.o (.text.W5500_readSnCR)
                  0000ae72    00000016     w5500.o (.text.W5500_readSnIR)
                  0000ae88    00000016     w5500.o (.text.W5500_readSnSR)
                  0000ae9e    00000016     w5500.o (.text.W5500_writeGAR)
                  0000aeb4    00000016     w5500.o (.text.W5500_writeSHAR)
                  0000aeca    00000016     w5500.o (.text.W5500_writeSIPR)
                  0000aee0    00000016     w5500.o (.text.W5500_writeSUBR)
                  0000aef6    00000016     ArduinoCompatibility.o (.text.delay)
                  0000af0c    00000016     socket.o (.text.disconnect)
                  0000af22    00000016     ti_sysbios_config.o (.text.ti_sysbios_family_arm_m3_Hwi_enable)
                  0000af38    00000016     ti_sysbios_config.o (.text.ti_sysbios_knl_Intrinsics_maxbit)
                  0000af4e    00000016     ti_sysbios_config.o (.text.ti_sysbios_knl_Queue_construct)
                  0000af64    00000016     ti_sysbios_config.o (.text.ti_sysbios_knl_Queue_empty)
                  0000af7a    00000016     ti_sysbios_config.o (.text.ti_sysbios_runtime_SystemSupport_init)
                  0000af90    00000016     ti_sysbios_config.o (.text.ti_sysbios_runtime_System_exit)
                  0000afa6    00000002     --HOLE-- [fill = 0]
                  0000afa8    00000014     drivers_cc26x2.a : GPIOCC26XX.c.obj (.text.GPIO_read)
                  0000afbc    00000014                      : GPIO.c.obj (.text.GPIO_setUserArg)
                  0000afd0    00000014                      : I2CCC26XX.c.obj (.text.I2CCC26XX_postNotify)
                  0000afe4    00000014                      : SPICC26X2DMA.c.obj (.text.OUTLINED_FUNCTION_0)
                  0000aff8    00000014     ti_sysbios_config.o (.text.SwiP_or)
                  0000b00c    00000014     drivers_cc26x2.a : TemperatureCC26X2.c.obj (.text.Temperature_getTemperature)
                  0000b020    00000014     libc.a : args_main.c.obj (.text._args_main)
                  0000b034    00000014     ti_sysbios_config.o (.text.ti_sysbios_family_arm_cc26xx_TimestampProvider_init)
                  0000b048    00000014     ti_sysbios_config.o (.text.ti_sysbios_family_arm_m3_Hwi_disable)
                  0000b05c    00000014     ti_sysbios_config.o (.text.ti_sysbios_knl_Swi_Instance_finalize)
                  0000b070    00000014     ti_sysbios_config.o (.text.ti_sysbios_runtime_System_printf_va)
                  0000b084    00000014     libclang_rt.builtins.a : aeabi_ldivmod.S.obj (.text)
                  0000b098    00000014                            : aeabi_memset.S.obj (.text)
                  0000b0ac    00000014                            : aeabi_uldivmod.S.obj (.text)
                  0000b0c0    00000012     EthernetUdp.o (.text.EthernetUDP_endPacket)
                  0000b0d2    00000012     drivers_cc26x2.a : I2C.c.obj (.text.I2C_transfer)
                  0000b0e4    00000012     ti_sysbios_config.o (.text.ti_sysbios_family_arm_m3_Hwi_destruct)
                  0000b0f6    00000012     ti_sysbios_config.o (.text.ti_sysbios_family_arm_m3_Hwi_doSwiRestore)
                  0000b108    00000012     ti_sysbios_config.o (.text.ti_sysbios_family_arm_m3_Hwi_doTaskRestore)
                  0000b11a    00000012     ti_sysbios_config.o (.text.ti_sysbios_heaps_HeapMem_Params_init)
                  0000b12c    00000012     ti_sysbios_config.o (.text.ti_sysbios_heaps_HeapMem_init)
                  0000b13e    00000012     ti_sysbios_config.o (.text.ti_sysbios_knl_Clock_Params_init)
                  0000b150    00000012     ti_sysbios_config.o (.text.ti_sysbios_knl_Clock_tick)
                  0000b162    00000012     ti_sysbios_config.o (.text.ti_sysbios_knl_Queue_Instance_init)
                  0000b174    00000012     ti_sysbios_config.o (.text.ti_sysbios_knl_Semaphore_Params_init)
                  0000b186    00000012     libc.a : memcpy_t2.S.obj (.text:TI_memcpy_small)
                  0000b198    00000010     ti_sysbios_config.o (.text.BIOS_start)
                  0000b1a8    00000010     ti_sysbios_config.o (.text.ClockP_getCpuFreq)
                  0000b1b8    00000010     ti_sysbios_config.o (.text.ClockP_start)
                  0000b1c8    00000010     ti_sysbios_config.o (.text.ClockP_stop)
                  0000b1d8    00000010     Ethernet.o (.text.Ethernet_localIP)
                  0000b1e8    00000010     drivers_cc26x2.a : GPIO.c.obj (.text.GPIO_getUserArg)
                  0000b1f8    00000010                      : GPIOCC26XX.c.obj (.text.GPIO_write)
                  0000b208    00000010     ti_sysbios_config.o (.text.HwiP_clearInterrupt)
                  0000b218    00000010     ti_sysbios_config.o (.text.HwiP_destruct)
                  0000b228    00000010     ti_sysbios_config.o (.text.HwiP_disable)
                  0000b238    00000010     ti_sysbios_config.o (.text.HwiP_disableInterrupt)
                  0000b248    00000010     ti_sysbios_config.o (.text.HwiP_enableInterrupt)
                  0000b258    00000010     ti_sysbios_config.o (.text.HwiP_restore)
                  0000b268    00000010     drivers_cc26x2.a : PowerCC26X2_helpers.c.obj (.text.PowerCC26X2_oscCtlClearXtal)
                  0000b278    00000010                      : PowerCC26X2_helpers.c.obj (.text.PowerCC26X2_prcmEnableCacheRetention)
                  0000b288    00000010                      : PowerCC26X2_calibrateRCOSC_helpers.c.obj (.text.PowerCC26X2_readCtrim)
                  0000b298    00000010                      : PowerCC26X2_calibrateRCOSC_helpers.c.obj (.text.PowerCC26X2_readCtrimFract)
                  0000b2a8    00000010                      : PowerCC26X2_calibrateRCOSC_helpers.c.obj (.text.PowerCC26X2_readRtrim)
                  0000b2b8    00000010                      : PowerCC26X2_helpers.c.obj (.text.PowerCC26X2_switchToTCXO)
                  0000b2c8    00000010                      : PowerCC26X2.c.obj (.text.Power_getDependencyCount)
                  0000b2d8    00000010     ti_sysbios_config.o (.text.SemaphoreP_destruct)
                  0000b2e8    00000010     ti_sysbios_config.o (.text.SemaphoreP_post)
                  0000b2f8    00000010     ti_sysbios_config.o (.text.SwiP_destruct)
                  0000b308    00000010     ti_sysbios_config.o (.text.SwiP_post)
                  0000b318    00000010     ti_sysbios_config.o (.text.SysCtrlAonUpdate)
                  0000b328    00000010     w5500.o (.text.W5500_getIPAddress)
                  0000b338    00000010     w5500.o (.text.W5500_setGatewayIp)
                  0000b348    00000010     w5500.o (.text.W5500_setIPAddress)
                  0000b358    00000010     w5500.o (.text.W5500_setMACAddress)
                  0000b368    00000010     w5500.o (.text.W5500_setSubnetMask)
                  0000b378    00000010     ti_sysbios_config.o (.text.ti_sysbios_family_arm_cc26xx_Timer_setPeriod)
                  0000b388    00000010     ti_sysbios_config.o (.text.ti_sysbios_knl_ClockSupport_getMaxTicks)
                  0000b398    00000010     ti_sysbios_config.o (.text.ti_sysbios_knl_Clock_removeI)
                  0000b3a8    00000010     ti_sysbios_config.o (.text.ti_sysbios_knl_Clock_setTimeout)
                  0000b3b8    00000010     ti_sysbios_config.o (.text.ti_sysbios_knl_Idle_loop)
                  0000b3c8    00000010     ti_sysbios_config.o (.text.ti_sysbios_knl_Queue_destruct)
                  0000b3d8    00000010     ti_sysbios_config.o (.text.ti_sysbios_knl_Queue_elemClear)
                  0000b3e8    00000010     ti_sysbios_config.o (.text.ti_sysbios_knl_Swi_enabled)
                  0000b3f8    00000010     ti_sysbios_config.o (.text.ti_sysbios_runtime_Types_argToFloat)
                  0000b408    00000010     libc.a : copy_zero_init.c.obj (.text:decompress:ZI)
                  0000b418    0000000e     ti_sysbios_config.o (.text.BIOS_linkedWithIncorrectBootLibrary)
                  0000b426    0000000e     ti_sysbios_config.o (.text.IntMasterDisable)
                  0000b434    0000000e     ti_sysbios_config.o (.text.IntMasterEnable)
                  0000b442    0000000e     drivers_cc26x2.a : PowerCC26X2.c.obj (.text.OUTLINED_FUNCTION_0)
                  0000b450    0000000e     libc.a : strcpy.c.obj (.text.strcpy)
                  0000b45e    0000000e            : strlen.c.obj (.text.strlen)
                  0000b46c    0000000e     drivers_cc26x2.a : PowerCC26X2.c.obj (.text.switchToTCXO)
                  0000b47a    0000000e     ti_sysbios_config.o (.text.ti_sysbios_family_arm_m3_Hwi_restore)
                  0000b488    0000000e     ti_sysbios_config.o (.text.ti_sysbios_heaps_HeapMem_isBlocking)
                  0000b496    0000000e     ti_sysbios_config.o (.text.ti_sysbios_knl_Clock_stop)
                  0000b4a4    0000000e     ti_sysbios_config.o (.text.ti_sysbios_runtime_SystemSupport_exit)
                  0000b4b2    0000000e     libc.a : memset_t2.S.obj (.text:TI_memset_small)
                  0000b4c0    0000000e            : copy_decompress_none.c.obj (.text:decompress:none)
                  0000b4ce    0000000c     ti_sysbios_config.o (.text.AONRTCCurrentCompareValueGet)
                  0000b4da    0000000c     ti_sysbios_config.o (.text.BIOS_getThreadType)
                  0000b4e6    0000000c     ti_sysbios_config.o (.text.ClockP_getSystemTickPeriod)
                  0000b4f2    0000000c     EthernetUdp.o (.text.EthernetUDP_available)
                  0000b4fe    0000000c     EthernetUdp.o (.text.EthernetUDP_rawIPAddress)
                  0000b50a    0000000c     EthernetUdp.o (.text.EthernetUDP_remotePort)
                  0000b516    0000000c     drivers_cc26x2.a : I2C.c.obj (.text.I2C_Params_init)
                  0000b522    0000000c     driverlib.lib : cpu.o (.text.NOROM_CPUcpsid)
                  0000b52e    0000000c                   : cpu.o (.text.NOROM_CPUcpsie)
                  0000b53a    0000000c     drivers_cc26x2.a : I2CCC26XX.c.obj (.text.OUTLINED_FUNCTION_0)
                  0000b546    00000002     --HOLE-- [fill = 0]
                  0000b548    0000000c                      : PowerCC26X2_helpers.c.obj (.text.PowerCC26X2_oscClockSourceGet)
                  0000b554    0000000c                      : PowerCC26X2_helpers.c.obj (.text.PowerCC26X2_setPeriphDeepSleepEnable)
                  0000b560    0000000c                      : PowerCC26X2_helpers.c.obj (.text.PowerCC26X2_sysCtrlGetResetSource)
                  0000b56c    0000000c                      : PowerCC26X2_helpers.c.obj (.text.PowerCC26X2_sysCtrlVoltageConditionalControl)
                  0000b578    0000000c                      : PowerCC26X2.c.obj (.text.Power_getConstraintMask)
                  0000b584    0000000c                      : SPI.c.obj (.text.SPI_Params_init)
                  0000b590    0000000c     libc.a : _lock.c.obj (.text._register_lock)
                  0000b59c    0000000c            : _lock.c.obj (.text._register_unlock)
                  0000b5a8    0000000c     SPIfg.o (.text.resetSS)
                  0000b5b4    0000000c     SPIfg.o (.text.setSS)
                  0000b5c0    0000000c     drivers_cc26x2.a : SPICC26X2DMA.c.obj (.text.spiPostNotify)
                  0000b5cc    0000000c     ti_sysbios_config.o (.text.ti_sysbios_knl_Queue_head)
                  0000b5d8    0000000c     ti_sysbios_config.o (.text.ti_sysbios_knl_Queue_next)
                  0000b5e4    0000000c     ti_sysbios_config.o (.text.ti_sysbios_knl_Queue_prev)
                  0000b5f0    0000000c     ti_sysbios_config.o (.text.ti_sysbios_knl_Swi_postInit)
                  0000b5fc    0000000c     ti_sysbios_config.o (.text.ti_sysbios_knl_Swi_self)
                  0000b608    0000000c     ti_sysbios_config.o (.text.ti_sysbios_knl_Task_self)
                  0000b614    0000000a     drivers_cc26x2.a : I2CCC26XX.c.obj (.text.I2CMasterControl)
                  0000b61e    0000000a                      : SPICC26X2DMA.c.obj (.text.OUTLINED_FUNCTION_2)
                  0000b628    0000000a     rf_multiMode_cc26x2.a : RFCC26X2_multiMode.c.cc26x2.ticlang.o (.text.OUTLINED_FUNCTION_5)
                  0000b632    0000000a     drivers_cc26x2.a : PowerCC26X2_helpers.c.obj (.text.PowerCC26X2_sysCtrlStandby)
                  0000b63c    0000000a                      : SPICC26X2DMA.c.obj (.text.SPICC26X2DMA_init)
                  0000b646    0000000a                      : UDMACC26XX.c.obj (.text.UDMACC26XX_hwiIntFxn)
                  0000b650    0000000a     ti_sysbios_config.o (.text.ti_sysbios_gates_GateMutex_handle)
                  0000b65a    0000000a     ti_sysbios_config.o (.text.ti_sysbios_knl_Clock_handle)
                  0000b664    0000000a     ti_sysbios_config.o (.text.ti_sysbios_knl_Queue_struct)
                  0000b66e    0000000a     ti_sysbios_config.o (.text.ti_sysbios_knl_Semaphore_handle)
                  0000b678    0000000a     ti_sysbios_config.o (.text.ti_sysbios_knl_Swi_startup)
                  0000b682    0000000a     ti_sysbios_config.o (.text.ti_sysbios_runtime_Error_check)
                  0000b68c    0000000a     ti_sysbios_config.o (.text.ti_sysbios_runtime_Types_iargToPtr)
                  0000b696    0000000a     ti_sysbios_config.o (.text.ti_sysbios_runtime_Types_uargToPtr)
                  0000b6a0    00000008     ti_sysbios_config.o (.text.Boot_trimDevice)
                  0000b6a8    00000008     Dhcp.o (.text.DHCP_presend_DHCP)
                  0000b6b0    00000008     drivers_cc26x2.a : I2CCC26XX.c.obj (.text.I2CCC26XX_blockingCallback)
                  0000b6b8    00000008                      : I2CCC26XX.c.obj (.text.I2CSupport_masterFinish)
                  0000b6c0    00000008     driverlib.lib : cpu.o (.text.NOROM_CPUdelay)
                  0000b6c8    00000008     drivers_cc26x2.a : SPICC26X2DMA.c.obj (.text.OUTLINED_FUNCTION_1)
                  0000b6d0    00000008                      : PowerCC26X2_helpers.c.obj (.text.PowerCC26X2_oschfTrySwitchToXosc)
                  0000b6d8    00000008     ti_sysbios_config.o (.text.ResetISR)
                  0000b6e0    00000008     libc.a : aeabi_portable.c.obj (.text.__aeabi_errno_addr)
                  0000b6e8    00000008     ti_sysbios_config.o (.text._system_post_cinit)
                  0000b6f0    00000008     ti_sysbios_config.o (.text._system_pre_init)
                  0000b6f8    00000008     drivers_cc26x2.a : SPICC26X2DMA.c.obj (.text.blockingTransferCallback)
                  0000b700    00000008     ti_sysbios_config.o (.text.ti_sysbios_family_arm_m3_Hwi_startup)
                  0000b708    00000008     ti_sysbios_config.o (.text.ti_sysbios_runtime_Startup_reset)
                  0000b710    00000008     ti_sysbios_config.o (.text.ti_sysbios_runtime_System_exitSpin)
                  0000b718    00000006     drivers_cc26x2.a : I2CCC26XX.c.obj (.text.I2CSupport_powerRelConstraint)
                  0000b71e    00000006                      : I2CCC26XX.c.obj (.text.I2CSupport_powerSetConstraint)
                  0000b724    00000006                      : SPI.c.obj (.text.SPI_transfer)
                  0000b72a    00000006     ArduinoCompatibility.o (.text.random)
                  0000b730    00000004     ti_sysbios_config.o (.text.PRCMSleep)
                  0000b734    00000004     drivers_cc26x2.a : PowerCC26X2_helpers.c.obj (.text.PowerCC26X2_oschfSwitchToRcosc)
                  0000b738    00000004                      : PowerCC26X2_helpers.c.obj (.text.PowerCC26X2_sysCtrlIdle)
                  0000b73c    00000004                      : PowerCC26X2_helpers.c.obj (.text.PowerCC26X2_turnOnXosc)
                  0000b740    00000004                      : PowerCC26X2.c.obj (.text.configureRFCoreClocks)
                  0000b744    00000004                      : PowerCC26X2.c.obj (.text.nopResourceHandler)
                  0000b748    00000004     ti_sysbios_config.o (.text.ti_sysbios_gates_GateMutex_canBlock)
                  0000b74c    00000004     ti_sysbios_config.o (.text.ti_sysbios_knl_TaskSupport_getStackAlignment)
                  0000b750    00000004     ti_sysbios_config.o (.text.ti_sysbios_runtime_Memory_getMaxDefaultTypeAlign)
                  0000b754    00000004     ti_sysbios_config.o (.text.ti_sysbios_runtime_SystemSupport_ready)
                  0000b758    00000004     libclang_rt.builtins.a : aeabi_memcpy.S.obj (.text)

.rodata    0    0000b760    00001098     
                  0000b760    000005ef     ti_sysbios_config.o (.rodata.str1.1)
                  0000bd4f    00000243     log.o (.rodata.str1.1)
                  0000bf92    000001e0     ssd1306.o (.rodata.FONTS)
                  0000c172    00000094     ti_sysbios_config.o (.rodata.ti_sysbios_family_arm_m3_Hwi_excHandlerMin.err)
                  0000c206    0000008d     ti_sysbios_config.o (.rodata.ti_sysbios_heaps_HeapMem_alloc.err)
                  0000c293    00000089     ti_sysbios_config.o (.rodata.ti_sysbios_family_arm_m3_Hwi_Instance_init.err.1)
                  0000c31c    00000089     ti_sysbios_config.o (.rodata.ti_sysbios_family_arm_m3_Hwi_excHandlerMin.err.2)
                  0000c3a5    00000089     ti_sysbios_config.o (.rodata.ti_sysbios_runtime_Memory_alloc.err)
                  0000c42e    00000086     ti_sysbios_config.o (.rodata.ti_sysbios_family_arm_m3_Hwi_Instance_init.err)
                  0000c4b4    00000004     ti_sysbios_config.o (.rodata.ti_sysbios_family_arm_m3_Hwi_swiTaskKeyAddress)
                  0000c4b8    00000070     driverlib.lib : osc.o (.rodata..L__const.NOROM_OSC_HPOSC_Debug_InitFreqOffsetParams.hposcParm)
                  0000c528    0000006b     gui.o (.rodata.str1.1)
                  0000c593    00000001     ti_drivers_config.o (.rodata.GPIO_pinLowerBound)
                  0000c594    00000054     drivers_cc26x2.a : PowerCC26X2.c.obj (.rodata.resourceDB)
                  0000c5e8    00000040     ti_drivers_config.o (.rodata.spiCC26X2DMAHWAttrs)
                  0000c628    00000024     ti_sysbios_config.o (.rodata.ti_sysbios_knl_Task_Params_default)
                  0000c64c    00000020     drivers_cc26x2.a : SPI.c.obj (.rodata.SPI_defaultParams)
                  0000c66c    00000020     ssd1306.o (.rodata.SSD1306_InitSequence)
                  0000c68c    0000001c     ti_sysbios_config.o (.rodata.ti_sysbios_family_arm_cc26xx_Timer_Params_default)
                  0000c6a8    00000018     drivers_cc26x2.a : SPICC26X2DMA.c.obj (.rodata.SPICC26X2DMA_fxnTable)
                  0000c6c0    00000018                      : SPICC26X2DMA.c.obj (.rodata.cst8)
                  0000c6d8    00000018                      : SPICC26X2DMA.c.obj (.rodata.frameFormat)
                  0000c6f0    00000018     ti_drivers_config.o (.rodata.i2cCC26xxHWAttrs)
                  0000c708    00000018     ti_sysbios_config.o (.rodata.ti_sysbios_family_arm_m3_Hwi_Params_default)
                  0000c720    00000014     ti_drivers_config.o (.rodata.PowerCC26X2_config)
                  0000c734    00000014     ti_sysbios_config.o (.rodata.ti_sysbios_knl_Swi_Params_default)
                  0000c748    00000012     init_task.o (.rodata.str1.1)
                  0000c75a    00000001     ti_drivers_config.o (.rodata.GPIO_pinUpperBound)
                  0000c75b    00000001     ti_drivers_config.o (.rodata.I2C_count)
                  0000c75c    00000010     ti_drivers_config.o (.rodata.GPIO_config)
                  0000c76c    00000010     drivers_cc26x2.a : I2CCC26XX.c.obj (.rodata.cst16)
                  0000c77c    0000000c     ti_drivers_config.o (.rodata.RFCC26XX_hwAttrs)
                  0000c788    0000000c     ti_drivers_config.o (.rodata.SPI_config)
                  0000c794    0000000c     ti_sysbios_config.o (.rodata.ti_sysbios_heaps_HeapMem_Params_default)
                  0000c7a0    0000000c     ti_sysbios_config.o (.rodata.ti_sysbios_knl_Clock_Params_default)
                  0000c7ac    0000000c     ti_sysbios_config.o (.rodata.ti_sysbios_knl_Semaphore_Params_default)
                  0000c7b8    00000008     ti_drivers_config.o (.rodata.I2C_config)
                  0000c7c0    00000008     ti_drivers_config.o (.rodata.UDMACC26XX_config)
                  0000c7c8    00000008     driverlib.lib : aux_sysif.o (.rodata.cst4)
                  0000c7d0    00000008     ti_sysbios_config.o (.rodata.ti_sysbios_knl_Idle_funcList)
                  0000c7d8    00000008     ti_drivers_config.o (.rodata.udmaCC26XXHWAttrs)
                  0000c7e0    00000007     Dhcp.o (.rodata.str1.1)
                  0000c7e7    00000001     ti_drivers_config.o (.rodata.SPI_count)
                  0000c7e8    00000004     ti_sysbios_config.o (.rodata.ti_sysbios_gates_GateMutex_Params_default)
                  0000c7ec    00000004     ti_sysbios_config.o (.rodata.ti_sysbios_knl_Clock_tickPeriod)
                  0000c7f0    00000004     ti_sysbios_config.o (.rodata.ti_sysbios_knl_Swi_numPriorities)
                  0000c7f4    00000001     ti_drivers_config.o (.rodata.TemperatureCC26X2_config)
                  0000c7f5    00000001     ti_sysbios_config.o (.rodata.ti_sysbios_knl_Clock_tickMode)
                  0000c7f6    00000001     ti_sysbios_config.o (.rodata.ti_sysbios_knl_Task_checkStackFlag)
                  0000c7f7    00000001     ti_sysbios_config.o (.rodata.ti_sysbios_knl_Task_initStackFlag)

.bss       0    200000d8    000016ce     UNINITIALIZED
                  200000d8    00000401     ssd1306.o (.bss.SSD1306_LcdBufferInclStreamByte)
                  200004d9    00000002     ssd1306.o (.bss.SSD1306_SendCommand.buffer)
                  200004db    00000001     dashboard_task.o (.bss.Dashboard_Main.readDestination)
                  200004dc    00000004     ssd1306.o (.bss._i2c)
                  200004e0    00000400     (.common:ti_sysbios_knl_Idle_taskStack)
                  200008e0    00000400     (.common:ti_sysbios_runtime_SysMin_outbuf)
                  20000ce0    000002c0     rf_multiMode_cc26x2.a : RFCC26X2_multiMode.c.cc26x2.ticlang.o (.bss.RF_cmdPool)
                  20000fa0    00000140     (.common:i2cCC26xxObjects)
                  200010e0    00000120     libsysbm.a : trgmsg.c.obj (.bss:_CIOBUF_)
                  20001200    00000100     (.common:spiCC26X2DMAObjects)
                  20001300    000000d8     (.common:ti_sysbios_family_arm_m3_Hwi_dispatchTable)
                  200013d8    0000007c     (.common:gpioCallbackFunctions)
                  20001454    0000007c     (.common:gpioUserArgs)
                  200014d0    00000060     (.common:ti_sysbios_knl_ClockSupport_timerStruct)
                  20001530    00000058     (.common:ti_sysbios_knl_Idle_taskStruct)
                  20001588    00000030     (.common:ti_sysbios_knl_Swi_readyQs)
                  200015b8    00000030     (.common:ti_sysbios_knl_Task_readyQs)
                  200015e8    0000002c     (.common:BIOS_heapMemObject)
                  20001614    00000028     (.common:BIOS_rtsGate)
                  2000163c    00000028     (.common:ti_sysbios_heaps_HeapMem_gate)
                  20001664    00000024     (.common:dashboardTaskParams)
                  20001688    00000024     (.common:initTaskParams)
                  200016ac    00000020     (.common:Ethernet)
                  200016cc    00000020     (.common:ti_sysbios_runtime_System_atexitHandlers)
                  200016ec    00000020     (.common:udmaCC26XXObject)
                  2000170c    0000001c     drivers_cc26x2.a : TemperatureCC26X2.c.obj (.bss.batmonHwi)
                  20001728    0000001c                      : GPIOCC26X2.c.obj (.bss.gpioHwi)
                  20001744    00000014     (.common:ti_sysbios_hal_Seconds_Module_state)
                  20001758    00000010     ssd1306.o (.bss._i2cParams)
                  20001768    00000008     drivers_cc26x2.a : TemperatureCC26X2.c.obj (.bss.notificationList)
                  20001770    00000008     (.common:parmbuf)
                  20001778    00000004     driverlib.lib : osc.o (.bss.oscHfGlobals.0)
                  2000177c    00000004                   : osc.o (.bss.oscHfGlobals.2)
                  20001780    00000004                   : osc.o (.bss.oscHfGlobals.3)
                  20001784    00000004                   : osc.o (.bss.oscHfGlobals.4)
                  20001788    00000004     (.common:Init_SemaphoreHandle)
                  2000178c    00000004     (.common:PowerCC26XX_swiKey)
                  20001790    00000004     (.common:PowerCC26XX_taskKey)
                  20001794    00000004     (.common:spi)
                  20001798    00000004     (.common:ti_sysbios_family_arm_cc26xx_TimestampProvider_Module_state)
                  2000179c    00000004     (.common:ti_sysbios_knl_Task_defaultStackHeap)
                  200017a0    00000002     socket.o (.bss.local_port)
                  200017a2    00000002     (.common:_counter)
                  200017a4    00000002     (.common:ethernetServer)

.data      0    20005a50    000004e5     UNINITIALIZED
                  20005a50    00000174     drivers_cc26x2.a : PowerCC26X2.c.obj (.data.PowerCC26X2_module)
                  20005bc4    0000007c     ti_drivers_config.o (.data.gpioPinConfigs)
                  20005c40    00000068     rf_multiMode_cc26x2.a : RFCC26X2_multiMode.c.cc26x2.ticlang.o (.data..L_MergedGlobals.1)
                  20005ca8    00000068     ti_sysbios_config.o (.data.ti_sysbios_knl_Clock_Module_state)
                  20005d10    00000064     rf_multiMode_cc26x2.a : RFCC26X2_multiMode.c.cc26x2.ticlang.o (.data..L_MergedGlobals.3)
                  20005d74    00000058                           : RFCC26X2_multiMode.c.cc26x2.ticlang.o (.data..L_MergedGlobals.2)
                  20005dcc    0000003c     ti_sysbios_config.o (.data.ti_sysbios_family_arm_m3_Hwi_Module_state)
                  20005e08    0000003c     ti_sysbios_config.o (.data.ti_sysbios_knl_Task_Module_state)
                  20005e44    0000002c     ti_sysbios_config.o (.data.BIOS_Module_state)
                  20005e70    00000028     ti_sysbios_config.o (.data.ti_sysbios_knl_Swi_Module_state)
                  20005e98    00000010     Ethernet.o (.data.Ethernet_server_port)
                  20005ea8    00000010     driverlib.lib : osc.o (.data._hposcCoeffs)
                  20005eb8    00000010     ti_sysbios_config.o (.data.ti_sysbios_runtime_SysMin_Module_state)
                  20005ec8    0000000c     ti_sysbios_config.o (.data.ti_sysbios_family_arm_cc26xx_Timer_Module_state)
                  20005ed4    0000000c     ti_sysbios_config.o (.data.ti_sysbios_runtime_Error_ignore)
                  20005ee0    0000000c     ti_sysbios_config.o (.data.ti_sysbios_runtime_System_Module_state)
                  20005eec    00000008     rf_multiMode_cc26x2.a : RFCC26X2_multiMode.c.cc26x2.ticlang.o (.data..L_MergedGlobals)
                  20005ef4    00000008     ti_sysbios_config.o (.data.prefixStrings)
                  20005efc    00000008     ti_sysbios_config.o (.data.ti_sysbios_gates_GateMutex_Module_state)
                  20005f04    00000008     ti_sysbios_config.o (.data.ti_sysbios_heaps_HeapMem_Module_state)
                  20005f0c    00000008     ti_sysbios_config.o (.data.ti_sysbios_knl_Semaphore_Module_state)
                  20005f14    00000004     drivers_cc26x2.a : TemperatureCC26X2.c.obj (.data..L_MergedGlobals)
                  20005f18    00000004     EthernetClient.o (.data.EthernetClientPrintMethods)
                  20005f1c    00000004     libc.a : aeabi_portable.c.obj (.data.__aeabi_errno)
                  20005f20    00000004            : _lock.c.obj (.data._lock)
                  20005f24    00000004            : _lock.c.obj (.data._unlock)
                  20005f28    00000004     ti_sysbios_config.o (.data.terminatedList)
                  20005f2c    00000004     ti_sysbios_config.o (.data.ti_sysbios_runtime_Memory_defaultHeapInstance)
                  20005f30    00000001     drivers_cc26x2.a : GPIOCC26X2.c.obj (.data.initCalled)
                  20005f31    00000001                      : SPI.c.obj (.data.isInitialized)
                  20005f32    00000001                      : TemperatureCC26X2.c.obj (.data.isInitialized)
                  20005f33    00000001     ti_sysbios_config.o (.data.ti_sysbios_knl_Idle_initDone)
                  20005f34    00000001     ti_sysbios_config.o (.data.ti_sysbios_runtime_Startup_done)

.stack     0    20011a00    00000600     UNINITIALIZED
                  20011a00    00000004     sysbios.a : boot_cortex_m.obj (.stack)
                  20011a04    000005fc     --HOLE--

.priheap   0    20001a50    00004000     UNINITIALIZED
                  20001a50    00004000     --HOLE--

.log_data 
*          0    90000000    00000000     COPY SECTION

.resetVecs 
*          0    00000000    0000003c     
                  00000000    0000003c     ti_sysbios_config.o (.resetVecs)

.vecs      0    20000000    000000d8     NOLOAD SECTION
                  20000000    000000d8     ti_sysbios_config.o (.vecs)

__llvm_prf_cnts 
*          0    20000000    00000000     UNINITIALIZED

__llvm_prf_bits 
*          0    20000000    00000000     UNINITIALIZED

.TI.bound:dmaSpi0RxControlTableEntry 
*          0    20001830    00000010     UNINITIALIZED
                  20001830    00000010     ti_drivers_config.o (.TI.bound:dmaSpi0RxControlTableEntry)

.TI.bound:dmaSpi0TxControlTableEntry 
*          0    20001840    00000010     UNINITIALIZED
                  20001840    00000010     ti_drivers_config.o (.TI.bound:dmaSpi0TxControlTableEntry)

.TI.bound:dmaSpi0RxAltControlTableEntry 
*          0    20001a30    00000010     UNINITIALIZED
                  20001a30    00000010     ti_drivers_config.o (.TI.bound:dmaSpi0RxAltControlTableEntry)

.TI.bound:dmaSpi0TxAltControlTableEntry 
*          0    20001a40    00000010     UNINITIALIZED
                  20001a40    00000010     ti_drivers_config.o (.TI.bound:dmaSpi0TxAltControlTableEntry)

.args      0    0000c7f8    00000008     
                  0000c7f8    00000008     --HOLE-- [fill = 0]

MODULE SUMMARY

       Module                                     code    ro data   rw data
       ------                                     ----    -------   -------
    .\
       dashboard_task.o                           280     0         3      
       init_task.o                                204     18        0      
       main.o                                     132     0         76     
    +--+------------------------------------------+-------+---------+---------+
       Total:                                     616     18        79     
                                                                           
    .\source\driverlib\ssd1306\
       ssd1306.o                                  1430    512       1049   
    +--+------------------------------------------+-------+---------+---------+
       Total:                                     1430    512       1049   
                                                                           
    .\source\driverlib\w5500\
       w5500.o                                    1802    0         0      
    +--+------------------------------------------+-------+---------+---------+
       Total:                                     1802    0         0      
                                                                           
    .\source\ethernet\
       Dhcp.o                                     2600    7         0      
       socket.o                                   942     0         2      
       EthernetClient.o                           698     0         4      
       EthernetUdp.o                              690     0         0      
       Ethernet.o                                 354     0         48     
       EthernetServer.o                           388     0         0      
       IPAddress.o                                352     0         0      
       SPIfg.o                                    274     0         4      
       ArduinoCompatibility.o                     140     0         0      
       Printfg.o                                  84      0         0      
    +--+------------------------------------------+-------+---------+---------+
       Total:                                     6522    7         58     
                                                                           
    .\source\oled_gui\
       gui.o                                      326     107       0      
    +--+------------------------------------------+-------+---------+---------+
       Total:                                     326     107       0      
                                                                           
    .\source\utils\
       log.o                                      734     579       0      
       restart.o                                  68      0         0      
    +--+------------------------------------------+-------+---------+---------+
       Total:                                     802     579       0      
                                                                           
    .\syscfg\
       ti_sysbios_config.o                        17892   2584      3354   
       ti_drivers_config.o                        344     177       1044   
       ti_devices_config.o                        0       88        0      
    +--+------------------------------------------+-------+---------+---------+
       Total:                                     18236   2849      4398   
                                                                           
    C:/ti/simplelink_cc13xx_cc26xx_sdk_6_30_01_03/kernel/tirtos7/packages/ti/sysbios/lib/ticlang/m4f/sysbios.a
       Hwi_asm_gnu.obj                            324     0         0      
       Hwi_asm_switch_gnu.obj                     118     0         0      
       TaskSupport_asm_gnu.obj                    64      0         0      
       boot_cortex_m.obj                          52      0         0      
    +--+------------------------------------------+-------+---------+---------+
       Total:                                     558     0         0      
                                                                           
    C:/ti/simplelink_cc13xx_cc26xx_sdk_6_30_01_03/source/ti/devices/cc13x2_cc26x2/driverlib/bin/ticlang/driverlib.lib
       osc.o                                      2542    112       32     
       sys_ctrl.o                                 432     0         0      
       setup.o                                    424     0         0      
       prcm.o                                     136     0         0      
       chipinfo.o                                 128     0         0      
[...]
0000ad57  DHCP_getLocalIp                                                    
0000ad6f  DHCP_getSubnetMask                                                 
0000ad89  GPIO_disableInt                                                    
0000ada1  PowerCC26XX_calibrate                                              
0000adb9  Power_idleFunc                                                     
0000add1  print                                                              
0000ade9  ti_sysbios_family_arm_cc26xx_Timer_getCount64                      
0000ae01  ti_sysbios_knl_ClockSupport_setNextTick                            
0000ae19  ti_sysbios_knl_TaskSupport_glue                                    
0000ae31  ClockP_Params_init                                                 
0000ae47  W5500_readSIPR                                                     
0000ae5d  W5500_readSnCR                                                     
0000ae73  W5500_readSnIR                                                     
0000ae89  W5500_readSnSR                                                     
0000ae9f  W5500_writeGAR                                                     
0000aeb5  W5500_writeSHAR                                                    
0000aecb  W5500_writeSIPR                                                    
0000aee1  W5500_writeSUBR                                                    
0000aef7  delay                                                              
0000af0d  disconnect                                                         
0000af4f  ti_sysbios_knl_Queue_construct                                     
0000af65  ti_sysbios_knl_Queue_empty                                         
0000af7b  ti_sysbios_runtime_SystemSupport_init                              
0000af91  ti_sysbios_runtime_System_exit                                     
0000afa9  GPIO_read                                                          
0000afbd  GPIO_setUserArg                                                    
0000aff9  SwiP_or                                                            
0000b00d  Temperature_getTemperature                                         
0000b021  _args_main                                                         
0000b035  ti_sysbios_family_arm_cc26xx_TimestampProvider_init                
0000b05d  ti_sysbios_knl_Swi_Instance_finalize                               
0000b071  ti_sysbios_runtime_System_printf_va                                
0000b085  __aeabi_ldivmod                                                    
0000b099  __aeabi_memset                                                     
0000b099  __aeabi_memset4                                                    
0000b099  __aeabi_memset8                                                    
0000b0a5  __aeabi_memclr                                                     
0000b0a5  __aeabi_memclr4                                                    
0000b0a5  __aeabi_memclr8                                                    
0000b0ad  __aeabi_uldivmod                                                   
0000b0c1  EthernetUDP_endPacket                                              
0000b0d3  I2C_transfer                                                       
0000b0e5  ti_sysbios_family_arm_m3_Hwi_destruct                              
0000b0f7  ti_sysbios_family_arm_m3_Hwi_doSwiRestore                          
0000b109  ti_sysbios_family_arm_m3_Hwi_doTaskRestore                         
0000b11b  ti_sysbios_heaps_HeapMem_Params_init                               
0000b12d  ti_sysbios_heaps_HeapMem_init                                      
0000b13f  ti_sysbios_knl_Clock_Params_init                                   
0000b151  ti_sysbios_knl_Clock_tick                                          
0000b163  ti_sysbios_knl_Queue_Instance_init                                 
0000b175  ti_sysbios_knl_Semaphore_Params_init                               
0000b187  TI_memcpy_small                                                    
0000b199  BIOS_start                                                         
0000b1a9  ClockP_getCpuFreq                                                  
0000b1b9  ClockP_start                                                       
0000b1c9  ClockP_stop                                                        
0000b1d9  Ethernet_localIP                                                   
0000b1e9  GPIO_getUserArg                                                    
0000b1f9  GPIO_write                                                         
0000b209  HwiP_clearInterrupt                                                
0000b219  HwiP_destruct                                                      
0000b229  HwiP_disable                                                       
0000b239  HwiP_disableInterrupt                                              
0000b249  HwiP_enableInterrupt                                               
0000b259  HwiP_restore                                                       
0000b269  PowerCC26X2_oscCtlClearXtal                                        
0000b279  PowerCC26X2_prcmEnableCacheRetention                               
0000b289  PowerCC26X2_readCtrim                                              
0000b299  PowerCC26X2_readCtrimFract                                         
0000b2a9  PowerCC26X2_readRtrim                                              
0000b2b9  PowerCC26X2_switchToTCXO                                           
0000b2c9  Power_getDependencyCount                                           
0000b2d9  SemaphoreP_destruct                                                
0000b2e9  SemaphoreP_post                                                    
0000b2f9  SwiP_destruct                                                      
0000b309  SwiP_post                                                          
0000b329  W5500_getIPAddress                                                 
0000b339  W5500_setGatewayIp                                                 
0000b349  W5500_setIPAddress                                                 
0000b359  W5500_setMACAddress                                                
0000b369  W5500_setSubnetMask                                                
0000b379  ti_sysbios_family_arm_cc26xx_Timer_setPeriod                       
0000b389  ti_sysbios_knl_ClockSupport_getMaxTicks                            
0000b399  ti_sysbios_knl_Clock_removeI                                       
0000b3a9  ti_sysbios_knl_Clock_setTimeout                                    
0000b3b9  ti_sysbios_knl_Idle_loop                                           
0000b3c9  ti_sysbios_knl_Queue_destruct                                      
0000b3d9  ti_sysbios_knl_Queue_elemClear                                     
0000b3e9  ti_sysbios_knl_Swi_enabled                                         
0000b409  __TI_zero_init                                                     
0000b419  BIOS_linkedWithIncorrectBootLibrary                                
0000b451  strcpy                                                             
0000b45f  strlen                                                             
0000b489  ti_sysbios_heaps_HeapMem_isBlocking                                
0000b497  ti_sysbios_knl_Clock_stop                                          
0000b4a5  ti_sysbios_runtime_SystemSupport_exit                              
0000b4b3  TI_memset_small                                                    
0000b4c1  __TI_decompress_none                                               
0000b4db  BIOS_getThreadType                                                 
0000b4e7  ClockP_getSystemTickPeriod                                         
0000b4f3  EthernetUDP_available                                              
0000b4ff  EthernetUDP_rawIPAddress                                           
0000b50b  EthernetUDP_remotePort                                             
0000b517  I2C_Params_init                                                    
0000b523  NOROM_CPUcpsid                                                     
0000b52f  NOROM_CPUcpsie                                                     
0000b549  PowerCC26X2_oscClockSourceGet                                      
0000b555  PowerCC26X2_setPeriphDeepSleepEnable                               
0000b561  PowerCC26X2_sysCtrlGetResetSource                                  
0000b56d  PowerCC26X2_sysCtrlVoltageConditionalControl                       
0000b579  Power_getConstraintMask                                            
0000b585  SPI_Params_init                                                    
0000b591  _register_lock                                                     
0000b59d  _register_unlock                                                   
0000b5a9  resetSS                                                            
0000b5b5  setSS                                                              
0000b5cd  ti_sysbios_knl_Queue_head                                          
0000b5d9  ti_sysbios_knl_Queue_next                                          
0000b5e5  ti_sysbios_knl_Queue_prev                                          
0000b5f1  ti_sysbios_knl_Swi_postInit                                        
0000b5fd  ti_sysbios_knl_Swi_self                                            
0000b609  ti_sysbios_knl_Task_self                                           
0000b633  PowerCC26X2_sysCtrlStandby                                         
0000b63d  SPICC26X2DMA_init                                                  
0000b647  UDMACC26XX_hwiIntFxn                                               
0000b679  ti_sysbios_knl_Swi_startup                                         
0000b683  ti_sysbios_runtime_Error_check                                     
0000b6a1  Boot_trimDevice                                                    
0000b6a9  DHCP_presend_DHCP                                                  
0000b6b9  I2CSupport_masterFinish                                            
0000b6c1  NOROM_CPUdelay                                                     
0000b6d1  PowerCC26X2_oschfTrySwitchToXosc                                   
0000b6d9  ResetISR                                                           
0000b6e1  __aeabi_errno_addr                                                 
0000b6e9  _system_post_cinit                                                 
0000b6f1  _system_pre_init                                                   
0000b701  ti_sysbios_family_arm_m3_Hwi_startup                               
0000b709  ti_sysbios_runtime_Startup_reset                                   
0000b711  ti_sysbios_runtime_System_exitSpin                                 
0000b719  I2CSupport_powerRelConstraint                                      
0000b71f  I2CSupport_powerSetConstraint                                      
0000b725  SPI_transfer                                                       
0000b72b  random                                                             
0000b735  PowerCC26X2_oschfSwitchToRcosc                                     
0000b739  PowerCC26X2_sysCtrlIdle                                            
0000b73d  PowerCC26X2_turnOnXosc                                             
0000b749  ti_sysbios_gates_GateMutex_canBlock                                
0000b74d  ti_sysbios_knl_TaskSupport_getStackAlignment                       
0000b751  ti_sysbios_runtime_Memory_getMaxDefaultTypeAlign                   
0000b755  ti_sysbios_runtime_SystemSupport_ready                             
0000b759  __aeabi_memcpy                                                     
0000b759  __aeabi_memcpy4                                                    
0000b759  __aeabi_memcpy8                                                    
0000c4b4  ti_sysbios_family_arm_m3_Hwi_swiTaskKeyAddress                     
0000c593  GPIO_pinLowerBound                                                 
0000c594  resourceDB                                                         
0000c5e8  spiCC26X2DMAHWAttrs                                                
0000c64c  SPI_defaultParams                                                  
0000c66c  SSD1306_InitSequence                                               
0000c6a8  SPICC26X2DMA_fxnTable                                              
0000c6f0  i2cCC26xxHWAttrs                                                   
0000c720  PowerCC26X2_config                                                 
0000c75a  GPIO_pinUpperBound                                                 
0000c75b  I2C_count                                                          
0000c75c  GPIO_config                                                        
0000c77c  RFCC26XX_hwAttrs                                                   
0000c788  SPI_config                                                         
0000c7b8  I2C_config                                                         
0000c7c0  UDMACC26XX_config                                                  
0000c7d0  ti_sysbios_knl_Idle_funcList                                       
0000c7d8  udmaCC26XXHWAttrs                                                  
0000c7e7  SPI_count                                                          
0000c7ec  ti_sysbios_knl_Clock_tickPeriod                                    
0000c7f0  ti_sysbios_knl_Swi_numPriorities                                   
0000c7f4  TemperatureCC26X2_config                                           
0000c7f5  ti_sysbios_knl_Clock_tickMode                                      
0000c7f6  ti_sysbios_knl_Task_checkStackFlag                                 
0000c7f7  ti_sysbios_knl_Task_initStackFlag                                  
0000c7f8  __c_args__                                                         
0000c8c4  __TI_Handler_Table_Base                                            
0000c8d0  __TI_Handler_Table_Limit                                           
0000c8f8  __TI_CINIT_Base                                                    
0000c928  __TI_CINIT_Limit                                                   
0000c928  __TI_CINIT_Warm                                                    
0004ffa8  __ccfg                                                             
20000000  __start___llvm_prf_bits                                            
20000000  __start___llvm_prf_cnts                                            
20000000  __stop___llvm_prf_bits                                             
20000000  __stop___llvm_prf_cnts                                             
20000000  ti_sysbios_family_arm_m3_Hwi_ramVectors                            
200004e0  ti_sysbios_knl_Idle_taskStack                                      
200008e0  ti_sysbios_runtime_SysMin_outbuf                                   
20000fa0  i2cCC26xxObjects                                                   
200010e0  _CIOBUF_                                                           
200010e0  __CIOBUF_                                                          
20001200  spiCC26X2DMAObjects                                                
20001300  ti_sysbios_family_arm_m3_Hwi_dispatchTable                         
200013d8  gpioCallbackFunctions                                              
20001454  gpioUserArgs                                                       
200014d0  ti_sysbios_knl_ClockSupport_timerStruct                            
20001530  ti_sysbios_knl_Idle_taskStruct                                     
20001588  ti_sysbios_knl_Swi_readyQs                                         
200015b8  ti_sysbios_knl_Task_readyQs                                        
200015e8  BIOS_heapMemObject                                                 
20001614  BIOS_rtsGate                                                       
2000163c  ti_sysbios_heaps_HeapMem_gate                                      
20001664  dashboardTaskParams                                                
20001688  initTaskParams                                                     
200016ac  Ethernet                                                           
200016cc  ti_sysbios_runtime_System_atexitHandlers                           
200016ec  udmaCC26XXObject                                                   
20001744  ti_sysbios_hal_Seconds_Module_state                                
20001770  parmbuf                                                            
20001788  Init_SemaphoreHandle                                               
2000178c  PowerCC26XX_swiKey                                                 
20001790  PowerCC26XX_taskKey                                                
20001794  spi                                                                
20001798  ti_sysbios_family_arm_cc26xx_TimestampProvider_Module_state        
2000179c  ti_sysbios_knl_Task_defaultStackHeap                               
200017a2  _counter                                                           
200017a4  ethernetServer                                                     
20001a50  __primary_heap_start__                                             
20005a50  PowerCC26X2_module                                                 
20005a50  __primary_heap_end__                                               
20005bc4  gpioPinConfigs                                                     
20005ca8  ti_sysbios_knl_Clock_Module_state                                  
20005dcc  ti_sysbios_family_arm_m3_Hwi_Module_state                          
20005e08  ti_sysbios_knl_Task_Module_state                                   
20005e44  BIOS_Module_state                                                  
20005e70  ti_sysbios_knl_Swi_Module_state                                    
20005e98  Ethernet_server_port                                               
20005ea8  _hposcCoeffs                                                       
20005eb8  ti_sysbios_runtime_SysMin_Module_state                             
20005ec8  ti_sysbios_family_arm_cc26xx_Timer_Module_state                    
20005ed4  ti_sysbios_runtime_Error_ignore                                    
20005ee0  ti_sysbios_runtime_System_Module_state                             
20005efc  ti_sysbios_gates_GateMutex_Module_state                            
20005f04  ti_sysbios_heaps_HeapMem_Module_state                              
20005f0c  ti_sysbios_knl_Semaphore_Module_state                              
20005f18  EthernetClientPrintMethods                                         
20005f1c  __aeabi_errno                                                      
20005f20  _lock                                                              
20005f24  _unlock                                                            
20005f2c  ti_sysbios_runtime_Memory_defaultHeapInstance                      
20005f33  ti_sysbios_knl_Idle_initDone                                       
20005f34  ti_sysbios_runtime_Startup_done                                    
20011a00  __stack                                                            
20012000  __STACK_END                                                        
ffffffff  __TI_pprof_out_hndl                                                
ffffffff  __TI_prof_data_size                                                
ffffffff  __TI_prof_data_start                                               
ffffffff  __binit__                                                          
ffffffff  binit                                                              
UNDEFED   ITM_flush                                                          
UNDEFED   ITM_restore                                                        
UNDEFED   __mpu_init                                                         

[634 symbols]
