******************************************************************************
            TI ARM Clang Linker PC v2.1.2                      
******************************************************************************
>> Linked Thu Nov 23 21:14:05 2023

OUTPUT FILE NAME:   <multiSniff_LP_CC2652RB_tirtos7_ticlang2.out>
ENTRY POINT SYMBOL: "ResetISR"  address: 00005e57


MEMORY CONFIGURATION

         name            origin    length      used     unused   attr    fill
----------------------  --------  ---------  --------  --------  ----  --------
  FLASH                 00000000   00058000  00006c67  00051399  R  X
  GPRAM                 11000000   00002000  00000000  00002000  RW X
  SRAM                  20000000   00014000  00005ad3  0000e52d  RW X
  LOG_DATA              90000000   00040000  00000000  00040000  R   


SEGMENT ALLOCATION MAP

run origin  load origin   length   init length attrs members
----------  ----------- ---------- ----------- ----- -------
00000000    00000000    00006b37   00006b37    r-x
  00000000    00000000    0000003c   0000003c    r-- .resetVecs
  0000003c    0000003c    00005e80   00005e80    r-x .text
  00005ebc    00005ebc    00000c7b   00000c7b    r-- .rodata
00006b38    00006b38    00000008   00000008    rw-
  00006b38    00006b38    00000008   00000008    rw- .args
00006b40    00006b40    000000d0   000000d0    r--
  00006b40    00006b40    000000d0   000000d0    r-- .cinit
00057fa8    00057fa8    00000058   00000058    r--
  00057fa8    00057fa8    00000058   00000058    r-- .ccfg
200000d8    200000d8    00004000   00000000    r--
  200000d8    200000d8    00004000   00000000    r-- .priheap
200040d8    200040d8    000013fb   00000000    rw-
  200040d8    200040d8    00001068   00000000    rw- .bss
  20005140    20005140    00000393   00000000    rw- .data
20013a00    20013a00    00000600   00000000    rw-
  20013a00    20013a00    00000600   00000000    rw- .stack


SECTION ALLOCATION MAP

 output                                  attributes/
section   page    origin      length       input sections
--------  ----  ----------  ----------   ----------------
.binit     0    00000000    00000000     

.cinit     0    00006b40    000000d0     
                  00006b40    000000ac     (.cinit..data.load) [load image, compression = lzss]
                  00006bec    0000000c     (__TI_handler_table)
                  00006bf8    00000008     (.cinit..bss.load) [load image, compression = zero_init]
                  00006c00    00000010     (__TI_cinit_table)

.init_array 
*          0    00000000    00000000     UNINITIALIZED

.ccfg      0    00057fa8    00000058     
                  00057fa8    00000058     ti_devices_config.o (.ccfg)

.bss       0    200040d8    00001068     UNINITIALIZED
                  200040d8    00000401     ssd1306.o (.bss.SSD1306_LcdBufferInclStreamByte)
                  200044d9    00000400     (.common:ti_sysbios_runtime_SysMin_outbuf)
                  200048d9    00000001     --HOLE--
                  200048da    00000002     (.common:_counter)
                  200048dc    00000004     ssd1306.o (.bss._i2c)
                  200048e0    00000200     (.common:ti_sysbios_knl_Idle_taskStack)
                  20004ae0    00000140     (.common:i2cCC26xxObjects)
                  20004c20    00000120     libsysbm.a : trgmsg.c.obj (.bss:_CIOBUF_)
                  20004d40    000000d8     (.common:ti_sysbios_family_arm_m3_Hwi_dispatchTable)
                  20004e18    0000007c     (.common:gpioCallbackFunctions)
                  20004e94    0000007c     (.common:gpioUserArgs)
                  20004f10    00000060     (.common:ti_sysbios_knl_ClockSupport_timerStruct)
                  20004f70    00000058     (.common:ti_sysbios_knl_Idle_taskStruct)
                  20004fc8    00000030     (.common:ti_sysbios_knl_Swi_readyQs)
                  20004ff8    00000030     (.common:ti_sysbios_knl_Task_readyQs)
                  20005028    0000002c     (.common:BIOS_heapMemObject)
                  20005054    00000028     (.common:BIOS_rtsGate)
                  2000507c    00000028     (.common:ti_sysbios_heaps_HeapMem_gate)
                  200050a4    00000024     (.common:testParams)
                  200050c8    00000020     (.common:ti_sysbios_runtime_System_atexitHandlers)
                  200050e8    0000001c     drivers_cc26x2.a : GPIOCC26X2.c.obj (.bss.gpioHwi)
                  20005104    00000010     ssd1306.o (.bss._i2cParams)
                  20005114    00000008     (.common:parmbuf)
                  2000511c    00000004     driverlib.lib : osc.o (.bss.oscHfGlobals.0)
                  20005120    00000004                   : osc.o (.bss.oscHfGlobals.2)
                  20005124    00000004                   : osc.o (.bss.oscHfGlobals.3)
                  20005128    00000004                   : osc.o (.bss.oscHfGlobals.4)
                  2000512c    00000004     (.common:PowerCC26XX_swiKey)
                  20005130    00000004     (.common:PowerCC26XX_taskKey)
                  20005134    00000004     (.common:testHandle)
                  20005138    00000004     (.common:ti_sysbios_family_arm_cc26xx_TimestampProvider_Module_state)
                  2000513c    00000004     (.common:ti_sysbios_knl_Task_defaultStackHeap)

.data      0    20005140    00000393     UNINITIALIZED
                  20005140    00000174     drivers_cc26x2.a : PowerCC26X2.c.obj (.data.PowerCC26X2_module)
                  200052b4    0000007c     ti_drivers_config.o (.data.gpioPinConfigs)
                  20005330    00000068     ti_sysbios_config.o (.data.ti_sysbios_knl_Clock_Module_state)
                  20005398    0000003c     ti_sysbios_config.o (.data.ti_sysbios_family_arm_m3_Hwi_Module_state)
                  200053d4    0000003c     ti_sysbios_config.o (.data.ti_sysbios_knl_Task_Module_state)
                  20005410    0000002c     ti_sysbios_config.o (.data.BIOS_Module_state)
                  2000543c    00000028     ti_sysbios_config.o (.data.ti_sysbios_knl_Swi_Module_state)
                  20005464    00000010     driverlib.lib : osc.o (.data._hposcCoeffs)
                  20005474    00000010     ti_sysbios_config.o (.data.ti_sysbios_runtime_SysMin_Module_state)
                  20005484    0000000c     ti_sysbios_config.o (.data.ti_sysbios_family_arm_cc26xx_Timer_Module_state)
                  20005490    0000000c     ti_sysbios_config.o (.data.ti_sysbios_runtime_Error_ignore)
                  2000549c    0000000c     ti_sysbios_config.o (.data.ti_sysbios_runtime_System_Module_state)
                  200054a8    00000008     ti_sysbios_config.o (.data.ti_sysbios_gates_GateMutex_Module_state)
                  200054b0    00000008     ti_sysbios_config.o (.data.ti_sysbios_heaps_HeapMem_Module_state)
                  200054b8    00000008     ti_sysbios_config.o (.data.ti_sysbios_knl_Semaphore_Module_state)
                  200054c0    00000004     libc.a : _lock.c.obj (.data._lock)
                  200054c4    00000004            : _lock.c.obj (.data._unlock)
                  200054c8    00000004     ti_sysbios_config.o (.data.terminatedList)
                  200054cc    00000004     ti_sysbios_config.o (.data.ti_sysbios_runtime_Memory_defaultHeapInstance)
                  200054d0    00000001     drivers_cc26x2.a : GPIOCC26X2.c.obj (.data.initCalled)
                  200054d1    00000001     ti_sysbios_config.o (.data.ti_sysbios_knl_Idle_initDone)
                  200054d2    00000001     ti_sysbios_config.o (.data.ti_sysbios_runtime_Startup_done)

.stack     0    20013a00    00000600     UNINITIALIZED
                  20013a00    00000004     sysbios.a : boot_cortex_m.obj (.stack)
                  20013a04    000005fc     --HOLE--

.priheap   0    200000d8    00004000     UNINITIALIZED
                  200000d8    00004000     --HOLE--

.log_data 
*          0    90000000    00000000     COPY SECTION

.resetVecs 
*          0    00000000    0000003c     
                  00000000    0000003c     ti_sysbios_config.o (.resetVecs)

.vecs      0    20000000    000000d8     NOLOAD SECTION
                  20000000    000000d8     ti_sysbios_config.o (.vecs)

__llvm_prf_cnts 
*          0    20000000    00000000     UNINITIALIZED

__llvm_prf_bits 
*          0    20000000    00000000     UNINITIALIZED

.text      0    0000003c    00005e80     
                  0000003c    000001fa     ti_sysbios_config.o (.text.ti_sysbios_family_arm_m3_Hwi_excFillContext)
                  00000236    000001aa     ti_sysbios_config.o (.text.ti_sysbios_knl_TaskSupport_buildTaskStack)
                  000003e0    0000019a     ssd1306.o (.text.SSD1306_DrawLine)
                  0000057a    00000198     ti_sysbios_config.o (.text.ti_sysbios_family_arm_cc26xx_Timer_construct)
                  00000712    00000002     ti_sysbios_config.o (.text.BIOS_nullFunc)
                  00000714    00000194     drivers_cc26x2.a : PowerCC26X2_calibrateRCOSC.c.obj (.text.PowerCC26X2_auxISR)
                  000008a8    0000018e     ti_sysbios_config.o (.text.ti_sysbios_knl_Task_Instance_init)
                  00000a36    00000002     drivers_cc26x2.a : I2C.c.obj (.text.I2C_init)
                  00000a38    00000158                      : PowerCC26X2.c.obj (.text.Power_sleep)
                  00000b90    0000013e     ti_sysbios_config.o (.text.PowerCC26XX_standbyPolicy)
                  00000cce    0000013e     ti_sysbios_config.o (.text.ti_sysbios_heaps_HeapMem_allocUnprotected)
                  00000e0c    0000013c     drivers_cc26x2.a : I2CCC26XX.c.obj (.text.I2C_open)
                  00000f48    0000013c     ti_sysbios_config.o (.text.ti_sysbios_knl_Clock_workFuncDynamic)
                  00001084    00000126     drivers_cc26x2.a : I2C.c.obj (.text.I2C_transferTimeout)
                  000011aa    00000002     libclang_rt.builtins.a : aeabi_div0.c.obj (.text.__aeabi_ldiv0)
                  000011ac    0000011c     sysbios.a : Hwi_asm_gnu.obj (.text.ti_sysbios_family_arm_m3_Hwi_dispatch)
                  000012c8    00000118     drivers_cc26x2.a : PowerCC26X2.c.obj (.text.Power_init)
                  000013e0    0000010e     ti_sysbios_config.o (.text.ti_sysbios_knl_Semaphore_pend)
                  000014ee    00000002     libc.a : _lock.c.obj (.text._nop)
                  000014f0    0000010c     drivers_cc26x2.a : PowerCC26X2_calibrateRCOSC.c.obj (.text.PowerCC26X2_calibrate)
                  000015fc    0000010a     ti_sysbios_config.o (.text.ti_sysbios_knl_Task_Instance_finalize)
                  00001706    00000002     drivers_cc26x2.a : PowerCC26X2.c.obj (.text.emptyClockFunc)
                  00001708    00000104                      : GPIOCC26X2.c.obj (.text.GPIO_init)
                  0000180c    000000fe     ti_sysbios_config.o (.text.ti_sysbios_family_arm_m3_Hwi_Instance_init)
                  0000190a    00000002     ti_sysbios_config.o (.text.ti_sysbios_family_arm_cc26xx_Timer_startup)
                  0000190c    000000f4     driverlib.lib : sys_ctrl.o (.text.NOROM_SysCtrlStandby)
                  00001a00    000000ee     ti_sysbios_config.o (.text.ti_sysbios_knl_Clock_startI)
                  00001aee    00000002     ti_sysbios_config.o (.text.ti_sysbios_knl_TaskSupport_init)
                  00001af0    000000e8     drivers_cc26x2.a : I2CCC26XX.c.obj (.text.I2CCC26XX_hwiFxn)
                  00001bd8    000000e4     driverlib.lib : setup.o (.text.NOROM_SetupTrimDevice)
                  00001cbc    000000e4     ti_sysbios_config.o (.text.ti_sysbios_family_arm_m3_Hwi_initNVIC)
                  00001da0    000000e0     ssd1306.o (.text.SSD1306_DrawChar)
                  00001e80    000000da     ti_sysbios_config.o (.text.ti_sysbios_heaps_HeapMem_freeUnprotected)
                  00001f5a    00000002     --HOLE-- [fill = 0]
                  00001f5c    000000d0     drivers_cc26x2.a : PowerCC26X2.c.obj (.text.configureXOSCHF)
                  0000202c    000000c4     driverlib.lib : setup.o (.text.TrimAfterColdResetWakeupFromShutDown)
                  000020f0    000000c0     ti_sysbios_config.o (.text.ti_sysbios_knl_Clock_walkQueueDynamic)
                  000021b0    000000c0     ti_sysbios_config.o (.text.ti_sysbios_knl_Swi_restoreHwi)
                  00002270    000000bc     ti_sysbios_config.o (.text.ti_sysbios_knl_Task_postInit)
                  0000232c    000000b8     ti_sysbios_config.o (.text.ti_sysbios_knl_Swi_Instance_init)
                  000023e4    000000b4     driverlib.lib : osc.o (.text.NOROM_OSCHF_AttemptToSwitchToXosc)
                  00002498    000000b4     drivers_cc26x2.a : PowerCC26X2.c.obj (.text.Power_releaseDependency)
                  0000254c    000000b0                      : PowerCC26X2.c.obj (.text.Power_setDependency)
                  000025fc    000000b0     libclang_rt.builtins.a : udivmoddi4.S.obj (.text)
                  000026ac    000000a2     ti_sysbios_config.o (.text.ti_sysbios_knl_TaskSupport_start)
                  0000274e    000000a0     drivers_cc26x2.a : I2CCC26XX.c.obj (.text.I2CCC26XX_swiFxn)
                  000027ee    0000009a     ssd1306.o (.text.SSD1306_Init)
                  00002888    0000009a     ti_sysbios_config.o (.text.ti_sysbios_knl_Task_schedule)
                  00002922    00000094     ti_sysbios_config.o (.text.ti_sysbios_heaps_HeapMem_Instance_init)
                  000029b6    0000008e     ssd1306.o (.text.SSD1306_DrawPixel)
                  00002a44    0000008e     ti_sysbios_config.o (.text.ti_sysbios_family_arm_m3_Hwi_excHandlerMin)
                  00002ad2    0000008e     ti_sysbios_config.o (.text.ti_sysbios_knl_Swi_runLoop)
                  00002b60    0000008c     drivers_cc26x2.a : GPIOCC26XX.c.obj (.text.GPIO_setConfig)
                  00002bec    0000008c     ti_sysbios_config.o (.text.ti_sysbios_family_arm_m3_Hwi_construct2)
                  00002c78    0000008a     main_tirtos.o (.text.displayTask)
                  00002d02    0000008a     ti_sysbios_config.o (.text.ti_sysbios_knl_Semaphore_post)
                  00002d8c    00000088     ti_sysbios_config.o (.text.ti_sysbios_family_arm_m3_Hwi_postInit)
                  00002e14    00000086     ti_sysbios_config.o (.text.ti_sysbios_runtime_Memory_alloc)
                  00002e9a    00000082     ti_sysbios_config.o (.text.ti_sysbios_family_arm_m3_Hwi_getStackInfo)
                  00002f1c    00000080     driverlib.lib : sys_ctrl.o (.text.NOROM_SysCtrlSetRechargeBeforePowerDown)
                  00002f9c    0000007e     ssd1306.o (.text.SSD1306_UpdatePosition)
                  0000301a    0000007c     ti_sysbios_config.o (.text.SwiP_construct)
                  00003096    0000007c     ti_sysbios_config.o (.text.ti_sysbios_family_arm_cc26xx_Timer_periodicStub)
                  00003112    0000007c     ti_sysbios_config.o (.text.ti_sysbios_knl_Swi_schedule)
                  0000318e    0000007a     ti_sysbios_config.o (.text.ti_sysbios_family_arm_m3_Hwi_dispatchC)
                  00003208    0000007a     ti_sysbios_config.o (.text.ti_sysbios_knl_Idle_init)
                  00003282    00000078     driverlib.lib : osc.o (.text.NOROM_OSCHF_SwitchToRcOscTurnOffXosc)
                  000032fa    00000078                   : osc.o (.text.NOROM_OSC_CapArrayAdjustWorkaround_Boot)
                  00003372    00000078     ti_sysbios_config.o (.text.ti_sysbios_family_arm_m3_Hwi_disableInterrupt)
                  000033ea    00000078     ti_sysbios_config.o (.text.ti_sysbios_knl_Swi_run)
                  00003462    00000078     ti_sysbios_config.o (.text.ti_sysbios_knl_Task_blockI)
                  000034da    00000078     ti_sysbios_config.o (.text.ti_sysbios_knl_Task_startup)
                  00003552    00000002     --HOLE-- [fill = 0]
                  00003554    00000074     drivers_cc26x2.a : PowerCC26X2_calibrateRCOSC_helpers.c.obj (.text.PowerCC26X2_updateSubSecInc)
                  000035c8    00000074     ti_sysbios_config.o (.text.ti_sysbios_heaps_HeapMem_getStats)
                  0000363c    00000072     ti_sysbios_config.o (.text.ti_sysbios_family_arm_cc26xx_Timer_setThreshold)
                  000036ae    00000070     ti_sysbios_config.o (.text.ti_sysbios_family_arm_m3_Hwi_enableInterrupt)
                  0000371e    0000006e     ti_sysbios_config.o (.text.BIOS_init)
                  0000378c    0000006e     ti_sysbios_config.o (.text.ti_sysbios_knl_Clock_init)
                  000037fa    0000006a     drivers_cc26x2.a : I2CCC26XX.c.obj (.text.I2CSupport_primeTransfer)
                  00003864    0000006a     libc.a : copy_decompress_lzss.c.obj (.text:decompress:lzss)
                  000038ce    00000066     ti_sysbios_config.o (.text.ti_sysbios_family_arm_cc26xx_Timer_start)
                  00003934    00000066     ti_sysbios_config.o (.text.ti_sysbios_family_arm_m3_Hwi_Instance_finalize)
                  0000399a    00000002     --HOLE-- [fill = 0]
                  0000399c    00000064     drivers_cc26x2.a : PowerCC26X2_calibrateRCOSC.c.obj (.text.PowerCC26X2_initiateCalibration)
                  00003a00    00000064     ssd1306.o (.text.SSD1306_DrawString)
                  00003a64    00000064     drivers_cc26x2.a : PowerCC26X2.c.obj (.text.oscillatorISR)
                  00003ac8    00000060     ti_sysbios_config.o (.text.ti_sysbios_knl_ClockSupport_init)
                  00003b28    0000005e     ti_sysbios_config.o (.text.ti_sysbios_knl_Swi_post)
                  00003b86    0000005c     ti_sysbios_config.o (.text.ClockP_construct)
                  00003be2    0000005c     ti_sysbios_config.o (.text.ti_sysbios_heaps_HeapMem_alloc)
                  00003c3e    0000005c     ti_sysbios_config.o (.text.ti_sysbios_knl_Task_init)
                  00003c9a    00000058     ti_sysbios_config.o (.text.AONRTCEventClear)
                  00003cf2    00000058     ti_sysbios_config.o (.text.HwiP_construct)
                  00003d4a    00000058     ti_sysbios_config.o (.text.ti_sysbios_family_arm_m3_Hwi_construct)
                  00003da2    00000002     --HOLE-- [fill = 0]
                  00003da4    00000058     sysbios.a : Hwi_asm_switch_gnu.obj (.text.ti_sysbios_family_arm_m3_Hwi_initStacks)
                  00003dfc    00000058     ti_sysbios_config.o (.text.ti_sysbios_heaps_HeapMem_construct)
                  00003e54    00000058     ti_sysbios_config.o (.text.ti_sysbios_knl_Swi_init)
                  00003eac    00000056     ti_sysbios_config.o (.text.AONRTCCompareValueSet)
                  00003f02    00000056     ti_sysbios_config.o (.text.ti_sysbios_family_arm_cc26xx_Timer_getCurrentTick)
                  00003f58    00000056     ti_sysbios_config.o (.text.ti_sysbios_knl_Clock_Instance_init)
                  00003fae    00000056     ti_sysbios_config.o (.text.ti_sysbios_runtime_SystemSupport_flush)
                  00004004    00000056     ti_sysbios_config.o (.text.ti_sysbios_runtime_System_atexit)
                  0000405a    00000054     ti_sysbios_config.o (.text.AONRTCChannelEnable)
                  000040ae    00000054     ti_sysbios_config.o (.text.BIOS_startFunc)
                  00004102    00000002     --HOLE-- [fill = 0]
                  00004104    00000054     libsysbm.a : hostwrite.c.obj (.text.HOSTwrite)
                  00004158    00000054     drivers_cc26x2.a : I2CCC26XX.c.obj (.text.I2CCC26XX_initHw)
                  000041ac    00000052     driverlib.lib : chipinfo.o (.text.NOROM_ChipInfo_GetHwRevision)
                  000041fe    00000050     ti_sysbios_config.o (.text.ti_sysbios_family_arm_cc26xx_Timer_setNextTick)
                  0000424e    0000004e     ti_sysbios_config.o (.text.ti_sysbios_knl_Swi_restore)
                  0000429c    0000004c     driverlib.lib : osc.o (.text.NOROM_OSC_HPOSCRelativeFrequencyOffsetGet)
                  000042e8    0000004c     drivers_cc26x2.a : PowerCC26X2.c.obj (.text.switchXOSCHF)
                  00004334    0000004c     ti_sysbios_config.o (.text.ti_sysbios_knl_Task_create)
                  00004380    0000004c     ti_sysbios_config.o (.text.ti_sysbios_runtime_System_processAtExit)
                  000043cc    0000004a     ti_sysbios_config.o (.text.ti_sysbios_knl_Task_construct)
                  00004416    00000002     --HOLE-- [fill = 0]
                  00004418    00000048     driverlib.lib : aux_sysif.o (.text.NOROM_AUXSYSIFOpModeChange)
                  00004460    00000048     ti_sysbios_config.o (.text.ti_sysbios_family_arm_m3_Hwi_init)
                  000044a8    00000046     ssd1306.o (.text.SSD1306_SendCommand)
                  000044ee    00000046     ti_sysbios_config.o (.text.ti_sysbios_knl_Semaphore_Instance_init)
                  00004534    00000046     ti_sysbios_config.o (.text.ti_sysbios_knl_Swi_construct)
                  0000457a    00000046     ti_sysbios_config.o (.text.ti_sysbios_knl_Task_processVitalTaskFlag)
                  000045c0    00000046     ti_sysbios_config.o (.text.ti_sysbios_knl_Task_unblockI)
                  00004606    00000046     ti_sysbios_config.o (.text.ti_sysbios_runtime_SysMin_output)
                  0000464c    00000044     ti_sysbios_config.o (.text.BIOS_rtsLock)
                  00004690    00000044     drivers_cc26x2.a : GPIOCC26X2.c.obj (.text.GPIO_hwiIntFxn)
                  000046d4    00000044     driverlib.lib : prcm.o (.text.NOROM_PRCMPowerDomainsAllOff)
                  00004718    00000044                   : prcm.o (.text.NOROM_PRCMPowerDomainsAllOn)
                  0000475c    00000044     ti_sysbios_config.o (.text._pthread_cleanupFxn)
                  000047a0    00000044     ti_sysbios_config.o (.text.ti_sysbios_knl_Task_restore)
                  000047e4    00000044     ti_sysbios_config.o (.text.ti_sysbios_runtime_Error_raiseX)
                  00004828    00000042     ssd1306.o (.text.SSD1306_UpdateScreen)
                  0000486a    00000042     main_tirtos.o (.text.main)
                  000048ac    00000040     drivers_cc26x2.a : PowerCC26X2_calibrateRCOSC.c.obj (.text.PowerCC26X2_RCOSC_clockFunc)
                  000048ec    00000040                      : PowerCC26X2_calibrateRCOSC_helpers.c.obj (.text.PowerCC26X2_setAclkRefSrc)
                  0000492c    00000040     ti_sysbios_config.o (.text.ti_sysbios_gates_GateMutex_enter)
                  0000496c    00000040     ti_sysbios_config.o (.text.ti_sysbios_knl_Semaphore_pendTimeout)
                  000049ac    00000040     ti_sysbios_config.o (.text.ti_sysbios_knl_Task_exit)
                  000049ec    0000003e     ti_sysbios_config.o (.text.ti_sysbios_knl_Clock_getTicksUntilInterrupt)
                  00004a2a    0000003c     ti_sysbios_config.o (.text.BIOS_atExitFunc)
                  00004a66    0000003c     driverlib.lib : sys_ctrl.o (.text.NOROM_SysCtrlIdle)
                  00004aa2    00000002     --HOLE-- [fill = 0]
                  00004aa4    0000003c     drivers_cc26x2.a : PowerCC26X2_calibrateRCOSC_helpers.c.obj (.text.PowerCC26X2_setTdcClkSrc24M)
                  00004ae0    0000003c     ti_sysbios_config.o (.text.ti_sysbios_family_arm_m3_Hwi_setPriority)
                  00004b1c    0000003c     ti_sysbios_config.o (.text.ti_sysbios_knl_Task_restoreHwi)
                  00004b58    0000003a     ssd1306.o (.text.sendData)
                  00004b92    00000002     --HOLE-- [fill = 0]
                  00004b94    00000038     drivers_cc26x2.a : PowerCC26X2_helpers.c.obj (.text.PowerCC26X2_oscDisableQualifiers)
                  00004bcc    00000038     ti_sysbios_config.o (.text.ti_sysbios_runtime_Startup_exec)
                  00004c04    00000038     libc.a : autoinit.c.obj (.text:__TI_auto_init_nobinit_nopinit)
                  00004c3c    00000036     ti_sysbios_config.o (.text.BIOS_rtsUnlock)
                  00004c72    00000036     ti_sysbios_config.o (.text.SemaphoreP_pend)
                  00004ca8    00000036     ti_sysbios_config.o (.text.ti_sysbios_knl_Swi_construct2)
                  00004cde    00000002     --HOLE-- [fill = 0]
                  00004ce0    00000034     drivers_cc26x2.a : PowerCC26X2.c.obj (.text.Power_releaseConstraint)
                  00004d14    00000034     libsysbm.a : trgmsg.c.obj (.text.__TI_writemsg)
                  00004d48    00000034     ti_sysbios_config.o (.text.ti_sysbios_family_arm_cc26xx_Timer_getMaxTicks)
                  00004d7c    00000034     ti_sysbios_config.o (.text.ti_sysbios_knl_Queue_put)
                  00004db0    00000034     sysbios.a : boot_cortex_m.obj (.text:_c_int00)
                  00004de4    00000030     drivers_cc26x2.a : PowerCC26X2.c.obj (.text.Power_setConstraint)
                  00004e14    00000030     libsysbm.a : trgmsg.c.obj (.text.__TI_readmsg)
                  00004e44    00000030     drivers_cc26x2.a : PowerCC26X2.c.obj (.text.notify)
                  00004e74    00000030     ti_sysbios_config.o (.text.ti_sysbios_family_arm_m3_Hwi_plug)
                  00004ea4    00000030     ti_sysbios_config.o (.text.ti_sysbios_heaps_HeapMem_free)
                  00004ed4    00000030     ti_sysbios_config.o (.text.ti_sysbios_knl_Clock_construct)
                  00004f04    00000030     ti_sysbios_config.o (.text.ti_sysbios_knl_Idle_run)
                  00004f34    0000002e     driverlib.lib : chipinfo.o (.text.NOROM_ThisLibraryIsFor_CC13x2_CC26x2_HwRev20AndLater_HaltIfViolated)
                  00004f62    0000002e     ti_sysbios_config.o (.text._pthread_delete)
                  00004f90    0000002e     ti_sysbios_config.o (.text.ti_sysbios_family_arm_m3_Hwi_initStack)
                  00004fbe    0000002e     ti_sysbios_config.o (.text.ti_sysbios_gates_GateMutex_Instance_init)
                  00004fec    0000002c     ti_sysbios_config.o (.text.BIOS_registerRTSLock)
                  00005018    0000002c     ti_sysbios_config.o (.text.BIOS_removeRTSLock)
                  00005044    0000002c     ti_sysbios_config.o (.text.ti_sysbios_knl_Semaphore_construct)
                  00005070    0000002c     ti_sysbios_config.o (.text.ti_sysbios_runtime_Memory_free)
                  0000509c    0000002a     driverlib.lib : osc.o (.text.NOROM_OSCHF_TurnOnXosc)
                  000050c6    0000002a     ti_sysbios_config.o (.text.SemaphoreP_constructBinary)
                  000050f0    0000002a     ti_sysbios_config.o (.text.ti_sysbios_knl_Clock_initI)
                  0000511a    0000002a     ti_sysbios_config.o (.text.ti_sysbios_knl_Task_enter)
                  00005144    00000028     drivers_cc26x2.a : I2C.c.obj (.text.I2C_cancel)
                  0000516c    00000028     sysbios.a : Hwi_asm_gnu.obj (.text.ti_sysbios_family_arm_m3_Hwi_excHandlerAsm)
                  00005194    00000028     ti_sysbios_config.o (.text.ti_sysbios_gates_GateMutex_construct)
                  000051bc    00000028     ti_sysbios_config.o (.text.ti_sysbios_knl_Queue_enqueue)
                  000051e4    00000028     sysbios.a : TaskSupport_asm_gnu.obj (.text.ti_sysbios_knl_TaskSupport_swap)
                  0000520c    00000028     ti_sysbios_config.o (.text.ti_sysbios_runtime_System_init)
                  00005234    00000026     ti_sysbios_config.o (.text.ti_sysbios_family_arm_m3_Hwi_getHandle)
                  0000525a    00000026     ti_sysbios_config.o (.text.ti_sysbios_knl_Task_allBlockedFunction)
                  00005280    00000026     ti_sysbios_config.o (.text.ti_sysbios_knl_Task_delete)
                  000052a6    00000026     ti_sysbios_config.o (.text.ti_sysbios_knl_Task_destruct)
                  000052cc    00000024     drivers_cc26x2.a : List.c.obj (.text.List_put)
                  000052f0    00000024                      : PowerCC26X2_helpers.c.obj (.text.PowerCC26X2_setSubSecIncToXoscLf)
                  00005314    00000024                      : PowerCC26X2_calibrateRCOSC_helpers.c.obj (.text.PowerCC26X2_writeCtrim)
                  00005338    00000024                      : PowerCC26X2_calibrateRCOSC_helpers.c.obj (.text.PowerCC26X2_writeCtrimFract)
                  0000535c    00000024                      : PowerCC26X2_calibrateRCOSC_helpers.c.obj (.text.PowerCC26X2_writeCtrimFractEn)
                  00005380    00000024                      : PowerCC26X2_calibrateRCOSC_helpers.c.obj (.text.PowerCC26X2_writeRtrim)
                  000053a4    00000024                      : PowerCC26X2.c.obj (.text.Power_registerNotify)
                  000053c8    00000024     ssd1306.o (.text.SSD1306_SetPosition)
                  000053ec    00000024     ti_sysbios_config.o (.text.ti_sysbios_family_arm_cc26xx_Timer_Params_init)
                  00005410    00000024     ti_sysbios_config.o (.text.ti_sysbios_knl_Task_Params_init)
                  00005434    00000022     ti_sysbios_config.o (.text.BIOS_setThreadType)
                  00005456    00000022     ti_sysbios_config.o (.text.ti_sysbios_gates_GateMutex_leave)
                  00005478    00000022     ti_sysbios_config.o (.text.ti_sysbios_heaps_HeapMem_restore)
                  0000549a    00000022     ti_sysbios_config.o (.text.ti_sysbios_knl_Clock_getTicks)
                  000054bc    00000022     ti_sysbios_config.o (.text.ti_sysbios_knl_Clock_scheduleNextTick)
                  000054de    00000022     ti_sysbios_config.o (.text.ti_sysbios_knl_Queue_dequeue)
                  00005500    00000022     ti_sysbios_config.o (.text.ti_sysbios_knl_Semaphore_destruct)
                  00005522    00000002     --HOLE-- [fill = 0]
                  00005524    00000020     drivers_cc26x2.a : PowerCC26X2_helpers.c.obj (.text.PowerCC26X2_disableTCXOQual)
                  00005544    00000020                      : PowerCC26X2_helpers.c.obj (.text.PowerCC26X2_enableTCXOQual)
                  00005564    00000020     ti_sysbios_config.o (.text.PowerCC26XX_schedulerDisable)
                  00005584    00000020     ti_sysbios_config.o (.text.PowerCC26XX_schedulerRestore)
                  000055a4    00000020     ti_sysbios_config.o (.text.ti_sysbios_family_arm_cc26xx_Timer_postInit)
                  000055c4    00000020     ti_sysbios_config.o (.text.ti_sysbios_family_arm_m3_Hwi_excHandler)
                  000055e4    00000020     ti_sysbios_config.o (.text.ti_sysbios_knl_ClockSupport_getCurrentTick)
                  00005604    0000001e     ti_sysbios_config.o (.text.SwiP_Params_init)
                  00005622    0000001e     sysbios.a : Hwi_asm_switch_gnu.obj (.text.ti_sysbios_family_arm_m3_Hwi_switchAndRunFunc)
                  00005640    0000001e     ti_sysbios_config.o (.text.ti_sysbios_family_arm_m3_Hwi_switchFromBootStack)
                  0000565e    0000001e     ti_sysbios_config.o (.text.ti_sysbios_knl_Task_unblock)
                  0000567c    0000001c     drivers_cc26x2.a : GPIOCC26XX.c.obj (.text.GPIO_setMux)
                  00005698    0000001c     ti_sysbios_config.o (.text.HwiP_Params_init)
                  000056b4    0000001c     drivers_cc26x2.a : PowerCC26X2.c.obj (.text.Power_getTransitionLatency)
                  000056d0    0000001c     ti_sysbios_config.o (.text.ti_sysbios_family_arm_cc26xx_Timer_dynamicStub)
                  000056ec    0000001c     ti_sysbios_config.o (.text.ti_sysbios_family_arm_m3_Hwi_Params_init)
                  00005708    0000001c     ti_sysbios_config.o (.text.ti_sysbios_knl_Clock_enqueueI)
                  00005724    0000001c     ti_sysbios_config.o (.text.ti_sysbios_knl_Clock_start)
                  00005740    0000001c     ti_sysbios_config.o (.text.ti_sysbios_knl_Queue_remove)
                  0000575c    0000001c     ti_sysbios_config.o (.text.ti_sysbios_knl_Swi_Params_init)
                  00005778    0000001c     ti_sysbios_config.o (.text.ti_sysbios_knl_Swi_disable)
                  00005794    0000001c     ti_sysbios_config.o (.text.ti_sysbios_knl_Task_disable)
                  000057b0    0000001a     ti_sysbios_config.o (.text.BIOS_exitFunc)
                  000057ca    0000001a     ti_sysbios_config.o (.text.BIOS_getCpuFreq)
                  000057e4    0000001a     drivers_cc26x2.a : I2CCC26XX.c.obj (.text.I2CCC26XX_completeTransfer)
                  000057fe    0000001a     ti_sysbios_config.o (.text.ti_sysbios_knl_Semaphore_Instance_finalize)
                  00005818    00000018     ti_sysbios_config.o (.text.BIOS_exit)
                  00005830    00000018     drivers_cc26x2.a : PowerCC26X2.c.obj (.text.PowerCC26XX_calibrate)
                  00005848    00000018                      : PowerCC26X2.c.obj (.text.Power_idleFunc)
                  00005860    00000018     ti_sysbios_config.o (.text.ti_sysbios_family_arm_cc26xx_Timer_getCount64)
                  00005878    00000018     ti_sysbios_config.o (.text.ti_sysbios_knl_ClockSupport_setNextTick)
                  00005890    00000018     sysbios.a : TaskSupport_asm_gnu.obj (.text.ti_sysbios_knl_TaskSupport_glue)
                  000058a8    00000016     ti_sysbios_config.o (.text.ClockP_Params_init)
                  000058be    00000016     ssd1306.o (.text.SSD1306_ClearScreenBuffer)
                  000058d4    00000016     ti_sysbios_config.o (.text.ti_sysbios_family_arm_m3_Hwi_enable)
                  000058ea    00000016     ti_sysbios_config.o (.text.ti_sysbios_knl_Intrinsics_maxbit)
                  00005900    00000016     ti_sysbios_config.o (.text.ti_sysbios_knl_Queue_construct)
                  00005916    00000016     ti_sysbios_config.o (.text.ti_sysbios_knl_Queue_empty)
                  0000592c    00000016     ti_sysbios_config.o (.text.ti_sysbios_runtime_SystemSupport_init)
                  00005942    00000016     ti_sysbios_config.o (.text.ti_sysbios_runtime_System_exit)
                  00005958    00000014     drivers_cc26x2.a : I2CCC26XX.c.obj (.text.I2CCC26XX_postNotify)
                  0000596c    00000014     libc.a : args_main.c.obj (.text._args_main)
                  00005980    00000014     ti_sysbios_config.o (.text.ti_sysbios_family_arm_cc26xx_TimestampProvider_init)
                  00005994    00000014     ti_sysbios_config.o (.text.ti_sysbios_family_arm_m3_Hwi_disable)
                  000059a8    00000014     ti_sysbios_config.o (.text.ti_sysbios_knl_Swi_Instance_finalize)
                  000059bc    00000014     libclang_rt.builtins.a : aeabi_memset.S.obj (.text)
                  000059d0    00000014                            : aeabi_uldivmod.S.obj (.text)
                  000059e4    00000012     drivers_cc26x2.a : I2C.c.obj (.text.I2C_transfer)
                  000059f6    00000012     ti_sysbios_config.o (.text.ti_sysbios_family_arm_m3_Hwi_doSwiRestore)
                  00005a08    00000012     ti_sysbios_config.o (.text.ti_sysbios_family_arm_m3_Hwi_doTaskRestore)
                  00005a1a    00000012     ti_sysbios_config.o (.text.ti_sysbios_heaps_HeapMem_Params_init)
                  00005a2c    00000012     ti_sysbios_config.o (.text.ti_sysbios_heaps_HeapMem_init)
                  00005a3e    00000012     ti_sysbios_config.o (.text.ti_sysbios_knl_Clock_Params_init)
                  00005a50    00000012     ti_sysbios_config.o (.text.ti_sysbios_knl_Clock_tick)
                  00005a62    00000012     ti_sysbios_config.o (.text.ti_sysbios_knl_Queue_Instance_init)
                  00005a74    00000012     ti_sysbios_config.o (.text.ti_sysbios_knl_Semaphore_Params_init)
                  00005a86    00000012     libc.a : memcpy_t2.S.obj (.text:TI_memcpy_small)
                  00005a98    00000010     ti_sysbios_config.o (.text.BIOS_start)
                  00005aa8    00000010     ti_sysbios_config.o (.text.ClockP_getCpuFreq)
                  00005ab8    00000010     ti_sysbios_config.o (.text.ClockP_start)
                  00005ac8    00000010     ti_sysbios_config.o (.text.ClockP_stop)
                  00005ad8    00000010     drivers_cc26x2.a : GPIOCC26XX.c.obj (.text.GPIO_write)
                  00005ae8    00000010     ti_sysbios_config.o (.text.HwiP_disable)
                  00005af8    00000010     ti_sysbios_config.o (.text.HwiP_disableInterrupt)
                  00005b08    00000010     ti_sysbios_config.o (.text.HwiP_enableInterrupt)
                  00005b18    00000010     ti_sysbios_config.o (.text.HwiP_restore)
                  00005b28    00000010     drivers_cc26x2.a : PowerCC26X2_helpers.c.obj (.text.PowerCC26X2_oscCtlClearXtal)
                  00005b38    00000010                      : PowerCC26X2_helpers.c.obj (.text.PowerCC26X2_prcmEnableCacheRetention)
                  00005b48    00000010                      : PowerCC26X2_calibrateRCOSC_helpers.c.obj (.text.PowerCC26X2_readCtrim)
                  00005b58    00000010                      : PowerCC26X2_calibrateRCOSC_helpers.c.obj (.text.PowerCC26X2_readCtrimFract)
                  00005b68    00000010                      : PowerCC26X2_calibrateRCOSC_helpers.c.obj (.text.PowerCC26X2_readRtrim)
                  00005b78    00000010                      : PowerCC26X2_helpers.c.obj (.text.PowerCC26X2_switchToTCXO)
                  00005b88    00000010     ti_sysbios_config.o (.text.SemaphoreP_post)
                  00005b98    00000010     ti_sysbios_config.o (.text.SwiP_post)
                  00005ba8    00000010     ti_sysbios_config.o (.text.SysCtrlAonUpdate)
                  00005bb8    00000010     ti_sysbios_config.o (.text.ti_sysbios_family_arm_cc26xx_Timer_setPeriod)
                  00005bc8    00000010     ti_sysbios_config.o (.text.ti_sysbios_knl_ClockSupport_getMaxTicks)
                  00005bd8    00000010     ti_sysbios_config.o (.text.ti_sysbios_knl_Clock_removeI)
                  00005be8    00000010     ti_sysbios_config.o (.text.ti_sysbios_knl_Clock_setTimeout)
                  00005bf8    00000010     ti_sysbios_config.o (.text.ti_sysbios_knl_Idle_loop)
                  00005c08    00000010     ti_sysbios_config.o (.text.ti_sysbios_knl_Queue_destruct)
                  00005c18    00000010     ti_sysbios_config.o (.text.ti_sysbios_knl_Queue_elemClear)
                  00005c28    00000010     ti_sysbios_config.o (.text.ti_sysbios_knl_Swi_enabled)
                  00005c38    00000010     libc.a : copy_zero_init.c.obj (.text:decompress:ZI)
                  00005c48    0000000e     ti_sysbios_config.o (.text.BIOS_linkedWithIncorrectBootLibrary)
                  00005c56    0000000e     ti_sysbios_config.o (.text.IntMasterDisable)
                  00005c64    0000000e     ti_sysbios_config.o (.text.IntMasterEnable)
                  00005c72    0000000e     drivers_cc26x2.a : PowerCC26X2.c.obj (.text.OUTLINED_FUNCTION_0)
                  00005c80    0000000e                      : PowerCC26X2.c.obj (.text.switchToTCXO)
                  00005c8e    0000000e     ti_sysbios_config.o (.text.ti_sysbios_family_arm_m3_Hwi_restore)
                  00005c9c    0000000e     ti_sysbios_config.o (.text.ti_sysbios_heaps_HeapMem_isBlocking)
                  00005caa    0000000e     ti_sysbios_config.o (.text.ti_sysbios_knl_Clock_stop)
                  00005cb8    0000000e     ti_sysbios_config.o (.text.ti_sysbios_runtime_SystemSupport_exit)
                  00005cc6    0000000e     libc.a : memset_t2.S.obj (.text:TI_memset_small)
                  00005cd4    0000000e            : copy_decompress_none.c.obj (.text:decompress:none)
                  00005ce2    0000000c     ti_sysbios_config.o (.text.AONRTCCurrentCompareValueGet)
                  00005cee    0000000c     ti_sysbios_config.o (.text.BIOS_getThreadType)
                  00005cfa    0000000c     ti_sysbios_config.o (.text.ClockP_getSystemTickPeriod)
                  00005d06    0000000c     drivers_cc26x2.a : I2C.c.obj (.text.I2C_Params_init)
                  00005d12    0000000c     driverlib.lib : cpu.o (.text.NOROM_CPUcpsid)
                  00005d1e    0000000c                   : cpu.o (.text.NOROM_CPUcpsie)
                  00005d2a    0000000c     drivers_cc26x2.a : I2CCC26XX.c.obj (.text.OUTLINED_FUNCTION_0)
                  00005d36    00000002     --HOLE-- [fill = 0]
                  00005d38    0000000c                      : PowerCC26X2_helpers.c.obj (.text.PowerCC26X2_oscClockSourceGet)
                  00005d44    0000000c                      : PowerCC26X2_helpers.c.obj (.text.PowerCC26X2_setPeriphDeepSleepEnable)
                  00005d50    0000000c                      : PowerCC26X2_helpers.c.obj (.text.PowerCC26X2_sysCtrlGetResetSource)
                  00005d5c    0000000c                      : PowerCC26X2_helpers.c.obj (.text.PowerCC26X2_sysCtrlVoltageConditionalControl)
                  00005d68    0000000c                      : PowerCC26X2.c.obj (.text.Power_getConstraintMask)
                  00005d74    0000000c     libc.a : _lock.c.obj (.text._register_lock)
                  00005d80    0000000c            : _lock.c.obj (.text._register_unlock)
                  00005d8c    0000000c     ti_sysbios_config.o (.text.ti_sysbios_knl_Queue_head)
                  00005d98    0000000c     ti_sysbios_config.o (.text.ti_sysbios_knl_Queue_next)
                  00005da4    0000000c     ti_sysbios_config.o (.text.ti_sysbios_knl_Queue_prev)
                  00005db0    0000000c     ti_sysbios_config.o (.text.ti_sysbios_knl_Swi_postInit)
                  00005dbc    0000000c     ti_sysbios_config.o (.text.ti_sysbios_knl_Swi_self)
                  00005dc8    0000000c     ti_sysbios_config.o (.text.ti_sysbios_knl_Task_self)
                  00005dd4    0000000a     drivers_cc26x2.a : I2CCC26XX.c.obj (.text.I2CMasterControl)
                  00005dde    0000000a                      : PowerCC26X2_helpers.c.obj (.text.PowerCC26X2_sysCtrlStandby)
                  00005de8    0000000a     ti_sysbios_config.o (.text.ti_sysbios_gates_GateMutex_handle)
                  00005df2    0000000a     ti_sysbios_config.o (.text.ti_sysbios_knl_Clock_handle)
                  00005dfc    0000000a     ti_sysbios_config.o (.text.ti_sysbios_knl_Queue_struct)
                  00005e06    0000000a     ti_sysbios_config.o (.text.ti_sysbios_knl_Semaphore_handle)
                  00005e10    0000000a     ti_sysbios_config.o (.text.ti_sysbios_knl_Swi_startup)
                  00005e1a    0000000a     ti_sysbios_config.o (.text.ti_sysbios_runtime_Error_check)
                  00005e24    0000000a     ti_sysbios_config.o (.text.ti_sysbios_runtime_Types_uargToPtr)
                  00005e2e    00000008     ti_sysbios_config.o (.text.Boot_trimDevice)
                  00005e36    00000008     drivers_cc26x2.a : I2CCC26XX.c.obj (.text.I2CCC26XX_blockingCallback)
                  00005e3e    00000008                      : I2CCC26XX.c.obj (.text.I2CSupport_masterFinish)
                  00005e46    00000008     driverlib.lib : cpu.o (.text.NOROM_CPUdelay)
                  00005e4e    00000008     drivers_cc26x2.a : PowerCC26X2_helpers.c.obj (.text.PowerCC26X2_oschfTrySwitchToXosc)
                  00005e56    00000008     ti_sysbios_config.o (.text.ResetISR)
                  00005e5e    00000008     ti_sysbios_config.o (.text._system_post_cinit)
                  00005e66    00000008     ti_sysbios_config.o (.text._system_pre_init)
                  00005e6e    00000008     ti_sysbios_config.o (.text.ti_sysbios_family_arm_m3_Hwi_startup)
                  00005e76    00000008     ti_sysbios_config.o (.text.ti_sysbios_runtime_Startup_reset)
                  00005e7e    00000008     ti_sysbios_config.o (.text.ti_sysbios_runtime_System_exitSpin)
                  00005e86    00000006     drivers_cc26x2.a : I2CCC26XX.c.obj (.text.I2CSupport_powerRelConstraint)
                  00005e8c    00000006                      : I2CCC26XX.c.obj (.text.I2CSupport_powerSetConstraint)
                  00005e92    00000004     ti_sysbios_config.o (.text.PRCMSleep)
                  00005e96    00000004     drivers_cc26x2.a : PowerCC26X2_helpers.c.obj (.text.PowerCC26X2_oschfSwitchToRcosc)
                  00005e9a    00000004                      : PowerCC26X2_helpers.c.obj (.text.PowerCC26X2_sysCtrlIdle)
                  00005e9e    00000004                      : PowerCC26X2_helpers.c.obj (.text.PowerCC26X2_turnOnXosc)
                  00005ea2    00000004                      : PowerCC26X2.c.obj (.text.configureRFCoreClocks)
                  00005ea6    00000004                      : PowerCC26X2.c.obj (.text.nopResourceHandler)
                  00005eaa    00000004     ti_sysbios_config.o (.text.ti_sysbios_gates_GateMutex_canBlock)
                  00005eae    00000004     ti_sysbios_config.o (.text.ti_sysbios_knl_TaskSupport_getStackAlignment)
                  00005eb2    00000004     ti_sysbios_config.o (.text.ti_sysbios_runtime_Memory_getMaxDefaultTypeAlign)
                  00005eb6    00000002     --HOLE-- [fill = 0]
                  00005eb8    00000004     libclang_rt.builtins.a : aeabi_memcpy.S.obj (.text)

.rodata    0    00005ebc    00000c7b     
                  00005ebc    000005d0     ti_sysbios_config.o (.rodata.str1.1)
                  0000648c    000001e0     ssd1306.o (.rodata.FONTS)
                  0000666c    00000094     ti_sysbios_config.o (.rodata.ti_sysbios_family_arm_m3_Hwi_excHandlerMin.err)
                  00006700    0000008d     ti_sysbios_config.o (.rodata.ti_sysbios_heaps_HeapMem_alloc.err)
                  0000678d    00000089     ti_sysbios_config.o (.rodata.ti_sysbios_family_arm_m3_Hwi_Instance_init.err.1)
                  00006816    00000089     ti_sysbios_config.o (.rodata.ti_sysbios_family_arm_m3_Hwi_excHandlerMin.err.2)
                  0000689f    00000089     ti_sysbios_config.o (.rodata.ti_sysbios_runtime_Memory_alloc.err)
                  00006928    00000086     ti_sysbios_config.o (.rodata.ti_sysbios_family_arm_m3_Hwi_Instance_init.err)
                  000069ae    00000054     drivers_cc26x2.a : PowerCC26X2.c.obj (.rodata.resourceDB)
                  00006a02    00000001     ti_drivers_config.o (.rodata.GPIO_pinLowerBound)
                  00006a03    00000001     ti_drivers_config.o (.rodata.GPIO_pinUpperBound)
                  00006a04    00000024     ti_sysbios_config.o (.rodata.ti_sysbios_knl_Task_Params_default)
                  00006a28    00000020     ssd1306.o (.rodata.SSD1306_InitSequence)
                  00006a48    0000001c     ti_sysbios_config.o (.rodata.ti_sysbios_family_arm_cc26xx_Timer_Params_default)
                  00006a64    00000018     ti_drivers_config.o (.rodata.i2cCC26xxHWAttrs)
                  00006a7c    00000018     ti_sysbios_config.o (.rodata.ti_sysbios_family_arm_m3_Hwi_Params_default)
                  00006a94    00000014     ti_drivers_config.o (.rodata.PowerCC26X2_config)
                  00006aa8    00000014     ti_sysbios_config.o (.rodata.ti_sysbios_knl_Swi_Params_default)
                  00006abc    00000010     ti_drivers_config.o (.rodata.GPIO_config)
                  00006acc    00000010     drivers_cc26x2.a : I2CCC26XX.c.obj (.rodata.cst16)
                  00006adc    0000000c     ti_sysbios_config.o (.rodata.ti_sysbios_heaps_HeapMem_Params_default)
                  00006ae8    0000000c     ti_sysbios_config.o (.rodata.ti_sysbios_knl_Clock_Params_default)
                  00006af4    0000000c     ti_sysbios_config.o (.rodata.ti_sysbios_knl_Semaphore_Params_default)
                  00006b00    0000000b     main_tirtos.o (.rodata.str1.1)
                  00006b0b    00000001     ti_drivers_config.o (.rodata.I2C_count)
                  00006b0c    00000008     ti_drivers_config.o (.rodata.I2C_config)
                  00006b14    00000008     driverlib.lib : aux_sysif.o (.rodata.cst4)
                  00006b1c    00000008     ti_sysbios_config.o (.rodata.ti_sysbios_knl_Idle_funcList)
                  00006b24    00000004     ti_sysbios_config.o (.rodata.ti_sysbios_family_arm_m3_Hwi_swiTaskKeyAddress)
                  00006b28    00000004     ti_sysbios_config.o (.rodata.ti_sysbios_gates_GateMutex_Params_default)
                  00006b2c    00000004     ti_sysbios_config.o (.rodata.ti_sysbios_knl_Clock_tickPeriod)
                  00006b30    00000004     ti_sysbios_config.o (.rodata.ti_sysbios_knl_Swi_numPriorities)
                  00006b34    00000001     ti_sysbios_config.o (.rodata.ti_sysbios_knl_Clock_tickMode)
                  00006b35    00000001     ti_sysbios_config.o (.rodata.ti_sysbios_knl_Task_checkStackFlag)
                  00006b36    00000001     ti_sysbios_config.o (.rodata.ti_sysbios_knl_Task_initStackFlag)

.args      0    00006b38    00000008     
                  00006b38    00000008     --HOLE-- [fill = 0]

MODULE SUMMARY

       Module                                     code    ro data   rw data
       ------                                     ----    -------   -------
    .\
       main_tirtos.o                              204     11        42     
    +--+------------------------------------------+-------+---------+---------+
       Total:                                     204     11        42     
                                                                           
    .\source\driverlib\ssd1306\
       ssd1306.o                                  1408    512       1045   
    +--+------------------------------------------+-------+---------+---------+
       Total:                                     1408    512       1045   
                                                                           
    .\syscfg\
       ti_sysbios_config.o                        14428   2553      2814   
       ti_drivers_config.o                        0       71        692    
       ti_devices_config.o                        0       88        0      
    +--+------------------------------------------+-------+---------+---------+
       Total:                                     14428   2712      3506   
                                                                           
    C:/ti/simplelink_cc13xx_cc26xx_sdk_6_30_01_03/kernel/tirtos7/packages/ti/sysbios/lib/ticlang/m4f/sysbios.a
       Hwi_asm_gnu.obj                            324     0         0      
       Hwi_asm_switch_gnu.obj                     118     0         0      
       TaskSupport_asm_gnu.obj                    64      0         0      
       boot_cortex_m.obj                          52      0         0      
    +--+------------------------------------------+-------+---------+---------+
       Total:                                     558     0         0      
                                                                           
    C:/ti/simplelink_cc13xx_cc26xx_sdk_6_30_01_03/source/ti/devices/cc13x2_cc26x2/driverlib/bin/ticlang/driverlib.lib
       osc.o                                      538     0         32     
       sys_ctrl.o                                 432     0         0      
       setup.o                                    424     0         0      
       prcm.o                                     136     0         0      
       chipinfo.o                                 128     0         0      
       aux_sysif.o                                72      8         0      
       cpu.o                                      32      0         0      
    +--+------------------------------------------+-------+---------+---------+
       Total:                                     1762    8         32     
                                                                           
    C:/ti/simplelink_cc13xx_cc26xx_sdk_6_30_01_03/source/ti/drivers/lib/ticlang/m4f/drivers_cc26x2.a
       PowerCC26X2.c.obj                          1674    84        372    
       I2CCC26XX.c.obj                            994     16        0      
       PowerCC26X2_calibrateRCOSC.c.obj           836     0         0      
       PowerCC26X2_calibrateRCOSC_helpers.c.obj   432     0         0      
       I2C.c.obj                                  366     0         0      
       GPIOCC26X2.c.obj                           328     0         29     
       PowerCC26X2_helpers.c.obj                  282     0         0      
       GPIOCC26XX.c.obj                           184     0         0      
       List.c.obj                                 36      0         0      
    +--+------------------------------------------+-------+---------+---------+
       Total:                                     5132    100       401    
                                                                           
    C:\ti\ccs1210\ccs\tools\compiler\ti-cgt-armllvm_2.1.2.LTS\lib\armv7em-ti-none-eabihf/c/libc.a
       copy_decompress_lzss.c.obj                 106     0         0      
       autoinit.c.obj                             56      0         0      
       _lock.c.obj                                26      0         8      
       args_main.c.obj                            20      0         0      
       memcpy_t2.S.obj                            18      0         0      
       copy_zero_init.c.obj                       16      0         0      
       copy_decompress_none.c.obj                 14      0         0      
       memset_t2.S.obj                            14      0         0      
    +--+------------------------------------------+-------+---------+---------+
       Total:                                     270     0         8      
                                                                           
    C:\ti\ccs1210\ccs\tools\compiler\ti-cgt-armllvm_2.1.2.LTS\lib\armv7em-ti-none-eabihf/c/libsysbm.a
       trgmsg.c.obj                               100     0         288    
       hostwrite.c.obj                            84      0         0      
       hostopen.c.obj                             0       0         8      
    +--+------------------------------------------+-------+---------+---------+
       Total:                                     184     0         296    
                                                                           
    C:\ti\ccs1210\ccs\tools\compiler\ti-cgt-armllvm_2.1.2.LTS\lib\clang/14.0.6/lib/armv7em-ti-none-eabihf/libclang_rt.builtins.a
       udivmoddi4.S.obj                           176     0         0      
       aeabi_memset.S.obj                         20      0         0      
       aeabi_uldivmod.S.obj                       20      0         0      
       aeabi_memcpy.S.obj                         4       0         0      
       aeabi_div0.c.obj                           2       0         0      
    +--+------------------------------------------+-------+---------+---------+
       Total:                                     222     0         0      
                                                                           
       Stack:                                     0       0         1536   
       Linker Generated:                          0       208       0      
    +--+------------------------------------------+-------+---------+---------+
       Grand Total:                               24168   3551      6866   


LINKER GENERATED COPY TABLES

__TI_cinit_table @ 00006c00 records: 2, size/record: 8, table size: 16
	.data: load addr=00006b40, load size=000000ac bytes, run addr=20005140, run size=00000393 bytes, compression=lzss
	.bss: load addr=00006bf8, load size=00000008 bytes, run addr=200040d8, run size=00001068 bytes, compression=zero_init


LINKER GENERATED HANDLER TABLE

__TI_handler_table @ 00006bec records: 3, size/record: 4, table size: 12
	index: 0, handler: __TI_decompress_lzss
	index: 1, handler: __TI_decompress_none
	index: 2, handler: __TI_zero_init


GLOBAL SYMBOLS: SORTED ALPHABETICALLY BY Name 

address   name                                                               
-------   ----                                                               
20005410  BIOS_Module_state                                                  
00004a2b  BIOS_atExitFunc                                                    
00005819  BIOS_exit                                                          
000057b1  BIOS_exitFunc                                                      
000057cb  BIOS_getCpuFreq                                                    
00005cef  BIOS_getThreadType                                                 
20005028  BIOS_heapMemObject                                                 
0000371f  BIOS_init                                                          
00005c49  BIOS_linkedWithIncorrectBootLibrary                                
00000713  BIOS_nullFunc                                                      
00004fed  BIOS_registerRTSLock                                               
00005019  BIOS_removeRTSLock                                                 
20005054  BIOS_rtsGate                                                       
0000464d  BIOS_rtsLock                                                       
00004c3d  BIOS_rtsUnlock                                                     
00005435  BIOS_setThreadType                                                 
00005a99  BIOS_start                                                         
000040af  BIOS_startFunc                                                     
00005e2f  Boot_trimDevice                                                    
00004d3f  C$$IO$$                                                            
000058a9  ClockP_Params_init                                                 
00003b87  ClockP_construct                                                   
00005aa9  ClockP_getCpuFreq                                                  
00005cfb  ClockP_getSystemTickPeriod                                         
00005ab9  ClockP_start                                                       
00005ac9  ClockP_stop                                                        
00006abc  GPIO_config                                                        
00004691  GPIO_hwiIntFxn                                                     
00001709  GPIO_init                                                          
00006a02  GPIO_pinLowerBound                                                 
00006a03  GPIO_pinUpperBound                                                 
00002b61  GPIO_setConfig                                                     
0000567d  GPIO_setMux                                                        
00005ad9  GPIO_write                                                         
00004000  HEAPSIZE                                                           
00004105  HOSTwrite                                                          
00005699  HwiP_Params_init                                                   
00003cf3  HwiP_construct                                                     
00005ae9  HwiP_disable                                                       
00005af9  HwiP_disableInterrupt                                              
00005b09  HwiP_enableInterrupt                                               
00005b19  HwiP_restore                                                       
00005e3f  I2CSupport_masterFinish                                            
00005e87  I2CSupport_powerRelConstraint                                      
00005e8d  I2CSupport_powerSetConstraint                                      
000037fb  I2CSupport_primeTransfer                                           
00005d07  I2C_Params_init                                                    
00005145  I2C_cancel                                                         
00006b0c  I2C_config                                                         
00006b0b  I2C_count                                                          
00000a37  I2C_init                                                           
00000e0d  I2C_open                                                           
000059e5  I2C_transfer                                                       
00001085  I2C_transferTimeout                                                
UNDEFED   ITM_flush                                                          
UNDEFED   ITM_restore                                                        
000052cd  List_put                                                           
00004419  NOROM_AUXSYSIFOpModeChange                                         
00005d13  NOROM_CPUcpsid                                                     
00005d1f  NOROM_CPUcpsie                                                     
00005e47  NOROM_CPUdelay                                                     
000041ad  NOROM_ChipInfo_GetHwRevision                                       
000023e5  NOROM_OSCHF_AttemptToSwitchToXosc                                  
00003283  NOROM_OSCHF_SwitchToRcOscTurnOffXosc                               
0000509d  NOROM_OSCHF_TurnOnXosc                                             
000032fb  NOROM_OSC_CapArrayAdjustWorkaround_Boot                            
0000429d  NOROM_OSC_HPOSCRelativeFrequencyOffsetGet                          
000046d5  NOROM_PRCMPowerDomainsAllOff                                       
00004719  NOROM_PRCMPowerDomainsAllOn                                        
00001bd9  NOROM_SetupTrimDevice                                              
00004a67  NOROM_SysCtrlIdle                                                  
00002f1d  NOROM_SysCtrlSetRechargeBeforePowerDown                            
0000190d  NOROM_SysCtrlStandby                                               
00004f35  NOROM_ThisLibraryIsFor_CC13x2_CC26x2_HwRev20AndLater_HaltIfViolated
000048ad  PowerCC26X2_RCOSC_clockFunc                                        
00000715  PowerCC26X2_auxISR                                                 
000014f1  PowerCC26X2_calibrate                                              
00006a94  PowerCC26X2_config                                                 
00005525  PowerCC26X2_disableTCXOQual                                        
00005545  PowerCC26X2_enableTCXOQual                                         
0000399d  PowerCC26X2_initiateCalibration                                    
20005140  PowerCC26X2_module                                                 
00005d39  PowerCC26X2_oscClockSourceGet                                      
00005b29  PowerCC26X2_oscCtlClearXtal                                        
00004b95  PowerCC26X2_oscDisableQualifiers                                   
00005e97  PowerCC26X2_oschfSwitchToRcosc                                     
00005e4f  PowerCC26X2_oschfTrySwitchToXosc                                   
00005b39  PowerCC26X2_prcmEnableCacheRetention                               
00005b49  PowerCC26X2_readCtrim                                              
00005b59  PowerCC26X2_readCtrimFract                                         
00005b69  PowerCC26X2_readRtrim                                              
000048ed  PowerCC26X2_setAclkRefSrc                                          
00005d45  PowerCC26X2_setPeriphDeepSleepEnable                               
000052f1  PowerCC26X2_setSubSecIncToXoscLf                                   
00004aa5  PowerCC26X2_setTdcClkSrc24M                                        
00005b79  PowerCC26X2_switchToTCXO                                           
00005d51  PowerCC26X2_sysCtrlGetResetSource                                  
00005e9b  PowerCC26X2_sysCtrlIdle                                            
00005ddf  PowerCC26X2_sysCtrlStandby                                         
00005d5d  PowerCC26X2_sysCtrlVoltageConditionalControl                       
00005e9f  PowerCC26X2_turnOnXosc                                             
00003555  PowerCC26X2_updateSubSecInc                                        
00005315  PowerCC26X2_writeCtrim                                             
00005339  PowerCC26X2_writeCtrimFract                                        
0000535d  PowerCC26X2_writeCtrimFractEn                                      
00005381  PowerCC26X2_writeRtrim                                             
00005831  PowerCC26XX_calibrate                                              
00005565  PowerCC26XX_schedulerDisable                                       
00005585  PowerCC26XX_schedulerRestore                                       
00000b91  PowerCC26XX_standbyPolicy                                          
2000512c  PowerCC26XX_swiKey                                                 
20005130  PowerCC26XX_taskKey                                                
00005d69  Power_getConstraintMask                                            
000056b5  Power_getTransitionLatency                                         
00005849  Power_idleFunc                                                     
000012c9  Power_init                                                         
000053a5  Power_registerNotify                                               
00004ce1  Power_releaseConstraint                                            
00002499  Power_releaseDependency                                            
00004de5  Power_setConstraint                                                
0000254d  Power_setDependency                                                
00000a39  Power_sleep                                                        
00005e57  ResetISR                                                           
000058bf  SSD1306_ClearScreenBuffer                                          
00001da1  SSD1306_DrawChar                                                   
000003e1  SSD1306_DrawLine                                                   
000029b7  SSD1306_DrawPixel                                                  
00003a01  SSD1306_DrawString                                                 
000027ef  SSD1306_Init                                                       
00006a28  SSD1306_InitSequence                                               
000044a9  SSD1306_SendCommand                                                
000053c9  SSD1306_SetPosition                                                
00002f9d  SSD1306_UpdatePosition                                             
00004829  SSD1306_UpdateScreen                                               
000050c7  SemaphoreP_constructBinary                                         
00004c73  SemaphoreP_pend                                                    
00005b89  SemaphoreP_post                                                    
00005605  SwiP_Params_init                                                   
0000301b  SwiP_construct                                                     
00005b99  SwiP_post                                                          
00005a87  TI_memcpy_small                                                    
00005cc7  TI_memset_small                                                    
20004c20  _CIOBUF_                                                           
20004c20  __CIOBUF_                                                          
20014000  __STACK_END                                                        
00000600  __STACK_SIZE                                                       
00006c00  __TI_CINIT_Base                                                    
00006c10  __TI_CINIT_Limit                                                   
00006c10  __TI_CINIT_Warm                                                    
00006bec  __TI_Handler_Table_Base                                            
00006bf8  __TI_Handler_Table_Limit                                           
00004c05  __TI_auto_init_nobinit_nopinit                                     
00003865  __TI_decompress_lzss                                               
00005cd5  __TI_decompress_none                                               
ffffffff  __TI_pprof_out_hndl                                                
ffffffff  __TI_prof_data_size                                                
ffffffff  __TI_prof_data_start                                               
00004e15  __TI_readmsg                                                       
00000000  __TI_static_base__                                                 
00004d15  __TI_writemsg                                                      
00005c39  __TI_zero_init                                                     
000011ab  __aeabi_ldiv0                                                      
000059c9  __aeabi_memclr                                                     
000059c9  __aeabi_memclr4                                                    
000059c9  __aeabi_memclr8                                                    
00005eb9  __aeabi_memcpy                                                     
00005eb9  __aeabi_memcpy4                                                    
00005eb9  __aeabi_memcpy8                                                    
000059bd  __aeabi_memset                                                     
000059bd  __aeabi_memset4                                                    
000059bd  __aeabi_memset8                                                    
000059d1  __aeabi_uldivmod                                                   
ffffffff  __binit__                                                          
00006b38  __c_args__                                                         
00057fa8  __ccfg                                                             
UNDEFED   __mpu_init                                                         
200040d8  __primary_heap_end__                                               
200000d8  __primary_heap_start__                                             
20013a00  __stack                                                            
20000000  __start___llvm_prf_bits                                            
20000000  __start___llvm_prf_cnts                                            
20000000  __stop___llvm_prf_bits                                             
20000000  __stop___llvm_prf_cnts                                             
000025fd  __udivmoddi4                                                       
0000596d  _args_main                                                         
00004db1  _c_int00                                                           
200048da  _counter                                                           
20005464  _hposcCoeffs                                                       
200054c0  _lock                                                              
000014ef  _nop                                                               
0000475d  _pthread_cleanupFxn                                                
00005d75  _register_lock                                                     
00005d81  _register_unlock                                                   
00005e5f  _system_post_cinit                                                 
00005e67  _system_pre_init                                                   
200054c4  _unlock                                                            
ffffffff  binit                                                              
00002c79  displayTask                                                        
20004e18  gpioCallbackFunctions                                              
200052b4  gpioPinConfigs                                                     
20004e94  gpioUserArgs                                                       
00006a64  i2cCC26xxHWAttrs                                                   
20004ae0  i2cCC26xxObjects                                                   
0000486b  main                                                               
20005114  parmbuf                                                            
000069ae  resourceDB                                                         
00004b59  sendData                                                           
20005134  testHandle                                                         
200050a4  testParams                                                         
20005484  ti_sysbios_family_arm_cc26xx_Timer_Module_state                    
000053ed  ti_sysbios_family_arm_cc26xx_Timer_Params_init                     
0000057b  ti_sysbios_family_arm_cc26xx_Timer_construct                       
000056d1  ti_sysbios_family_arm_cc26xx_Timer_dynamicStub                     
00005861  ti_sysbios_family_arm_cc26xx_Timer_getCount64                      
00003f03  ti_sysbios_family_arm_cc26xx_Timer_getCurrentTick                  
00004d49  ti_sysbios_family_arm_cc26xx_Timer_getMaxTicks                     
00003097  ti_sysbios_family_arm_cc26xx_Timer_periodicStub                    
000055a5  ti_sysbios_family_arm_cc26xx_Timer_postInit                        
000041ff  ti_sysbios_family_arm_cc26xx_Timer_setNextTick                     
00005bb9  ti_sysbios_family_arm_cc26xx_Timer_setPeriod                       
0000363d  ti_sysbios_family_arm_cc26xx_Timer_setThreshold                    
000038cf  ti_sysbios_family_arm_cc26xx_Timer_start                           
0000190b  ti_sysbios_family_arm_cc26xx_Timer_startup                         
20005138  ti_sysbios_family_arm_cc26xx_TimestampProvider_Module_state        
00005981  ti_sysbios_family_arm_cc26xx_TimestampProvider_init                
00003935  ti_sysbios_family_arm_m3_Hwi_Instance_finalize                     
0000180d  ti_sysbios_family_arm_m3_Hwi_Instance_init                         
20005398  ti_sysbios_family_arm_m3_Hwi_Module_state                          
000056ed  ti_sysbios_family_arm_m3_Hwi_Params_init                           
00003d4b  ti_sysbios_family_arm_m3_Hwi_construct                             
00002bed  ti_sysbios_family_arm_m3_Hwi_construct2                            
00003373  ti_sysbios_family_arm_m3_Hwi_disableInterrupt                      
000011ad  ti_sysbios_family_arm_m3_Hwi_dispatch                              
0000318f  ti_sysbios_family_arm_m3_Hwi_dispatchC                             
20004d40  ti_sysbios_family_arm_m3_Hwi_dispatchTable                         
000059f7  ti_sysbios_family_arm_m3_Hwi_doSwiRestore                          
00005a09  ti_sysbios_family_arm_m3_Hwi_doTaskRestore                         
000036af  ti_sysbios_family_arm_m3_Hwi_enableInterrupt                       
0000003d  ti_sysbios_family_arm_m3_Hwi_excFillContext                        
000055c5  ti_sysbios_family_arm_m3_Hwi_excHandler                            
0000516d  ti_sysbios_family_arm_m3_Hwi_excHandlerAsm                         
00002a45  ti_sysbios_family_arm_m3_Hwi_excHandlerMin                         
00005235  ti_sysbios_family_arm_m3_Hwi_getHandle                             
00002e9b  ti_sysbios_family_arm_m3_Hwi_getStackInfo                          
00004461  ti_sysbios_family_arm_m3_Hwi_init                                  
00001cbd  ti_sysbios_family_arm_m3_Hwi_initNVIC                              
00004f91  ti_sysbios_family_arm_m3_Hwi_initStack                             
00003da5  ti_sysbios_family_arm_m3_Hwi_initStacks                            
00001284  ti_sysbios_family_arm_m3_Hwi_interruptsAreDisabledButShouldNotBe   
00001289  ti_sysbios_family_arm_m3_Hwi_pendSV                                
00004e75  ti_sysbios_family_arm_m3_Hwi_plug                                  
00002d8d  ti_sysbios_family_arm_m3_Hwi_postInit                              
20000000  ti_sysbios_family_arm_m3_Hwi_ramVectors                            
00000000  ti_sysbios_family_arm_m3_Hwi_resetVectors                          
000012ac  ti_sysbios_family_arm_m3_Hwi_return                                
00004ae1  ti_sysbios_family_arm_m3_Hwi_setPriority                           
00005e6f  ti_sysbios_family_arm_m3_Hwi_startup                               
00006b24  ti_sysbios_family_arm_m3_Hwi_swiTaskKeyAddress                     
00005623  ti_sysbios_family_arm_m3_Hwi_switchAndRunFunc                      
00005641  ti_sysbios_family_arm_m3_Hwi_switchFromBootStack                   
00004fbf  ti_sysbios_gates_GateMutex_Instance_init                           
200054a8  ti_sysbios_gates_GateMutex_Module_state                            
00005eab  ti_sysbios_gates_GateMutex_canBlock                                
00005195  ti_sysbios_gates_GateMutex_construct                               
0000492d  ti_sysbios_gates_GateMutex_enter                                   
00005457  ti_sysbios_gates_GateMutex_leave                                   
00002923  ti_sysbios_heaps_HeapMem_Instance_init                             
200054b0  ti_sysbios_heaps_HeapMem_Module_state                              
00005a1b  ti_sysbios_heaps_HeapMem_Params_init                               
00003be3  ti_sysbios_heaps_HeapMem_alloc                                     
00000ccf  ti_sysbios_heaps_HeapMem_allocUnprotected                          
00003dfd  ti_sysbios_heaps_HeapMem_construct                                 
00004ea5  ti_sysbios_heaps_HeapMem_free                                      
00001e81  ti_sysbios_heaps_HeapMem_freeUnprotected                           
2000507c  ti_sysbios_heaps_HeapMem_gate                                      
000035c9  ti_sysbios_heaps_HeapMem_getStats                                  
00005a2d  ti_sysbios_heaps_HeapMem_init                                      
00005c9d  ti_sysbios_heaps_HeapMem_isBlocking                                
00005479  ti_sysbios_heaps_HeapMem_restore                                   
000055e5  ti_sysbios_knl_ClockSupport_getCurrentTick                         
00005bc9  ti_sysbios_knl_ClockSupport_getMaxTicks                            
00003ac9  ti_sysbios_knl_ClockSupport_init                                   
00005879  ti_sysbios_knl_ClockSupport_setNextTick                            
20004f10  ti_sysbios_knl_ClockSupport_timerStruct                            
00003f59  ti_sysbios_knl_Clock_Instance_init                                 
20005330  ti_sysbios_knl_Clock_Module_state                                  
00005a3f  ti_sysbios_knl_Clock_Params_init                                   
00004ed5  ti_sysbios_knl_Clock_construct                                     
00005709  ti_sysbios_knl_Clock_enqueueI                                      
0000549b  ti_sysbios_knl_Clock_getTicks                                      
000049ed  ti_sysbios_knl_Clock_getTicksUntilInterrupt                        
0000378d  ti_sysbios_knl_Clock_init                                          
000050f1  ti_sysbios_knl_Clock_initI                                         
00005bd9  ti_sysbios_knl_Clock_removeI                                       
000054bd  ti_sysbios_knl_Clock_scheduleNextTick                              
00005be9  ti_sysbios_knl_Clock_setTimeout                                    
00005725  ti_sysbios_knl_Clock_start                                         
00001a01  ti_sysbios_knl_Clock_startI                                        
00005cab  ti_sysbios_knl_Clock_stop                                          
00005a51  ti_sysbios_knl_Clock_tick                                          
00006b34  ti_sysbios_knl_Clock_tickMode                                      
00006b2c  ti_sysbios_knl_Clock_tickPeriod                                    
000020f1  ti_sysbios_knl_Clock_walkQueueDynamic                              
00000f49  ti_sysbios_knl_Clock_workFuncDynamic                               
00006b1c  ti_sysbios_knl_Idle_funcList                                       
00003209  ti_sysbios_knl_Idle_init                                           
200054d1  ti_sysbios_knl_Idle_initDone                                       
00005bf9  ti_sysbios_knl_Idle_loop                                           
00004f05  ti_sysbios_knl_Idle_run                                            
200048e0  ti_sysbios_knl_Idle_taskStack                                      
[...]
00004ed5  ti_sysbios_knl_Clock_construct                                     
00004f05  ti_sysbios_knl_Idle_run                                            
00004f35  NOROM_ThisLibraryIsFor_CC13x2_CC26x2_HwRev20AndLater_HaltIfViolated
00004f91  ti_sysbios_family_arm_m3_Hwi_initStack                             
00004fbf  ti_sysbios_gates_GateMutex_Instance_init                           
00004fed  BIOS_registerRTSLock                                               
00005019  BIOS_removeRTSLock                                                 
00005045  ti_sysbios_knl_Semaphore_construct                                 
00005071  ti_sysbios_runtime_Memory_free                                     
0000509d  NOROM_OSCHF_TurnOnXosc                                             
000050c7  SemaphoreP_constructBinary                                         
000050f1  ti_sysbios_knl_Clock_initI                                         
0000511b  ti_sysbios_knl_Task_enter                                          
00005145  I2C_cancel                                                         
0000516d  ti_sysbios_family_arm_m3_Hwi_excHandlerAsm                         
00005195  ti_sysbios_gates_GateMutex_construct                               
000051bd  ti_sysbios_knl_Queue_enqueue                                       
000051e5  ti_sysbios_knl_TaskSupport_swap                                    
000051f0  ti_sysbios_knl_TaskSupport_swapReturn                              
0000520d  ti_sysbios_runtime_System_init                                     
00005235  ti_sysbios_family_arm_m3_Hwi_getHandle                             
0000525b  ti_sysbios_knl_Task_allBlockedFunction                             
00005281  ti_sysbios_knl_Task_delete                                         
000052a7  ti_sysbios_knl_Task_destruct                                       
000052cd  List_put                                                           
000052f1  PowerCC26X2_setSubSecIncToXoscLf                                   
00005315  PowerCC26X2_writeCtrim                                             
00005339  PowerCC26X2_writeCtrimFract                                        
0000535d  PowerCC26X2_writeCtrimFractEn                                      
00005381  PowerCC26X2_writeRtrim                                             
000053a5  Power_registerNotify                                               
000053c9  SSD1306_SetPosition                                                
000053ed  ti_sysbios_family_arm_cc26xx_Timer_Params_init                     
00005411  ti_sysbios_knl_Task_Params_init                                    
00005435  BIOS_setThreadType                                                 
00005457  ti_sysbios_gates_GateMutex_leave                                   
00005479  ti_sysbios_heaps_HeapMem_restore                                   
0000549b  ti_sysbios_knl_Clock_getTicks                                      
000054bd  ti_sysbios_knl_Clock_scheduleNextTick                              
000054df  ti_sysbios_knl_Queue_dequeue                                       
00005501  ti_sysbios_knl_Semaphore_destruct                                  
00005525  PowerCC26X2_disableTCXOQual                                        
00005545  PowerCC26X2_enableTCXOQual                                         
00005565  PowerCC26XX_schedulerDisable                                       
00005585  PowerCC26XX_schedulerRestore                                       
000055a5  ti_sysbios_family_arm_cc26xx_Timer_postInit                        
000055c5  ti_sysbios_family_arm_m3_Hwi_excHandler                            
000055e5  ti_sysbios_knl_ClockSupport_getCurrentTick                         
00005605  SwiP_Params_init                                                   
00005623  ti_sysbios_family_arm_m3_Hwi_switchAndRunFunc                      
00005641  ti_sysbios_family_arm_m3_Hwi_switchFromBootStack                   
0000565f  ti_sysbios_knl_Task_unblock                                        
0000567d  GPIO_setMux                                                        
00005699  HwiP_Params_init                                                   
000056b5  Power_getTransitionLatency                                         
000056d1  ti_sysbios_family_arm_cc26xx_Timer_dynamicStub                     
000056ed  ti_sysbios_family_arm_m3_Hwi_Params_init                           
00005709  ti_sysbios_knl_Clock_enqueueI                                      
00005725  ti_sysbios_knl_Clock_start                                         
00005741  ti_sysbios_knl_Queue_remove                                        
0000575d  ti_sysbios_knl_Swi_Params_init                                     
00005779  ti_sysbios_knl_Swi_disable                                         
00005795  ti_sysbios_knl_Task_disable                                        
000057b1  BIOS_exitFunc                                                      
000057cb  BIOS_getCpuFreq                                                    
000057ff  ti_sysbios_knl_Semaphore_Instance_finalize                         
00005819  BIOS_exit                                                          
00005831  PowerCC26XX_calibrate                                              
00005849  Power_idleFunc                                                     
00005861  ti_sysbios_family_arm_cc26xx_Timer_getCount64                      
00005879  ti_sysbios_knl_ClockSupport_setNextTick                            
00005891  ti_sysbios_knl_TaskSupport_glue                                    
000058a9  ClockP_Params_init                                                 
000058bf  SSD1306_ClearScreenBuffer                                          
00005901  ti_sysbios_knl_Queue_construct                                     
00005917  ti_sysbios_knl_Queue_empty                                         
0000592d  ti_sysbios_runtime_SystemSupport_init                              
00005943  ti_sysbios_runtime_System_exit                                     
0000596d  _args_main                                                         
00005981  ti_sysbios_family_arm_cc26xx_TimestampProvider_init                
000059a9  ti_sysbios_knl_Swi_Instance_finalize                               
000059bd  __aeabi_memset                                                     
000059bd  __aeabi_memset4                                                    
000059bd  __aeabi_memset8                                                    
000059c9  __aeabi_memclr                                                     
000059c9  __aeabi_memclr4                                                    
000059c9  __aeabi_memclr8                                                    
000059d1  __aeabi_uldivmod                                                   
000059e5  I2C_transfer                                                       
000059f7  ti_sysbios_family_arm_m3_Hwi_doSwiRestore                          
00005a09  ti_sysbios_family_arm_m3_Hwi_doTaskRestore                         
00005a1b  ti_sysbios_heaps_HeapMem_Params_init                               
00005a2d  ti_sysbios_heaps_HeapMem_init                                      
00005a3f  ti_sysbios_knl_Clock_Params_init                                   
00005a51  ti_sysbios_knl_Clock_tick                                          
00005a63  ti_sysbios_knl_Queue_Instance_init                                 
00005a75  ti_sysbios_knl_Semaphore_Params_init                               
00005a87  TI_memcpy_small                                                    
00005a99  BIOS_start                                                         
00005aa9  ClockP_getCpuFreq                                                  
00005ab9  ClockP_start                                                       
00005ac9  ClockP_stop                                                        
00005ad9  GPIO_write                                                         
00005ae9  HwiP_disable                                                       
00005af9  HwiP_disableInterrupt                                              
00005b09  HwiP_enableInterrupt                                               
00005b19  HwiP_restore                                                       
00005b29  PowerCC26X2_oscCtlClearXtal                                        
00005b39  PowerCC26X2_prcmEnableCacheRetention                               
00005b49  PowerCC26X2_readCtrim                                              
00005b59  PowerCC26X2_readCtrimFract                                         
00005b69  PowerCC26X2_readRtrim                                              
00005b79  PowerCC26X2_switchToTCXO                                           
00005b89  SemaphoreP_post                                                    
00005b99  SwiP_post                                                          
00005bb9  ti_sysbios_family_arm_cc26xx_Timer_setPeriod                       
00005bc9  ti_sysbios_knl_ClockSupport_getMaxTicks                            
00005bd9  ti_sysbios_knl_Clock_removeI                                       
00005be9  ti_sysbios_knl_Clock_setTimeout                                    
00005bf9  ti_sysbios_knl_Idle_loop                                           
00005c09  ti_sysbios_knl_Queue_destruct                                      
00005c19  ti_sysbios_knl_Queue_elemClear                                     
00005c29  ti_sysbios_knl_Swi_enabled                                         
00005c39  __TI_zero_init                                                     
00005c49  BIOS_linkedWithIncorrectBootLibrary                                
00005c9d  ti_sysbios_heaps_HeapMem_isBlocking                                
00005cab  ti_sysbios_knl_Clock_stop                                          
00005cb9  ti_sysbios_runtime_SystemSupport_exit                              
00005cc7  TI_memset_small                                                    
00005cd5  __TI_decompress_none                                               
00005cef  BIOS_getThreadType                                                 
00005cfb  ClockP_getSystemTickPeriod                                         
00005d07  I2C_Params_init                                                    
00005d13  NOROM_CPUcpsid                                                     
00005d1f  NOROM_CPUcpsie                                                     
00005d39  PowerCC26X2_oscClockSourceGet                                      
00005d45  PowerCC26X2_setPeriphDeepSleepEnable                               
00005d51  PowerCC26X2_sysCtrlGetResetSource                                  
00005d5d  PowerCC26X2_sysCtrlVoltageConditionalControl                       
00005d69  Power_getConstraintMask                                            
00005d75  _register_lock                                                     
00005d81  _register_unlock                                                   
00005d8d  ti_sysbios_knl_Queue_head                                          
00005d99  ti_sysbios_knl_Queue_next                                          
00005da5  ti_sysbios_knl_Queue_prev                                          
00005db1  ti_sysbios_knl_Swi_postInit                                        
00005dbd  ti_sysbios_knl_Swi_self                                            
00005dc9  ti_sysbios_knl_Task_self                                           
00005ddf  PowerCC26X2_sysCtrlStandby                                         
00005e11  ti_sysbios_knl_Swi_startup                                         
00005e1b  ti_sysbios_runtime_Error_check                                     
00005e2f  Boot_trimDevice                                                    
00005e3f  I2CSupport_masterFinish                                            
00005e47  NOROM_CPUdelay                                                     
00005e4f  PowerCC26X2_oschfTrySwitchToXosc                                   
00005e57  ResetISR                                                           
00005e5f  _system_post_cinit                                                 
00005e67  _system_pre_init                                                   
00005e6f  ti_sysbios_family_arm_m3_Hwi_startup                               
00005e77  ti_sysbios_runtime_Startup_reset                                   
00005e7f  ti_sysbios_runtime_System_exitSpin                                 
00005e87  I2CSupport_powerRelConstraint                                      
00005e8d  I2CSupport_powerSetConstraint                                      
00005e97  PowerCC26X2_oschfSwitchToRcosc                                     
00005e9b  PowerCC26X2_sysCtrlIdle                                            
00005e9f  PowerCC26X2_turnOnXosc                                             
00005eab  ti_sysbios_gates_GateMutex_canBlock                                
00005eaf  ti_sysbios_knl_TaskSupport_getStackAlignment                       
00005eb3  ti_sysbios_runtime_Memory_getMaxDefaultTypeAlign                   
00005eb9  __aeabi_memcpy                                                     
00005eb9  __aeabi_memcpy4                                                    
00005eb9  __aeabi_memcpy8                                                    
000069ae  resourceDB                                                         
00006a02  GPIO_pinLowerBound                                                 
00006a03  GPIO_pinUpperBound                                                 
00006a28  SSD1306_InitSequence                                               
00006a64  i2cCC26xxHWAttrs                                                   
00006a94  PowerCC26X2_config                                                 
00006abc  GPIO_config                                                        
00006b0b  I2C_count                                                          
00006b0c  I2C_config                                                         
00006b1c  ti_sysbios_knl_Idle_funcList                                       
00006b24  ti_sysbios_family_arm_m3_Hwi_swiTaskKeyAddress                     
00006b2c  ti_sysbios_knl_Clock_tickPeriod                                    
00006b30  ti_sysbios_knl_Swi_numPriorities                                   
00006b34  ti_sysbios_knl_Clock_tickMode                                      
00006b35  ti_sysbios_knl_Task_checkStackFlag                                 
00006b36  ti_sysbios_knl_Task_initStackFlag                                  
00006b38  __c_args__                                                         
00006bec  __TI_Handler_Table_Base                                            
00006bf8  __TI_Handler_Table_Limit                                           
00006c00  __TI_CINIT_Base                                                    
00006c10  __TI_CINIT_Limit                                                   
00006c10  __TI_CINIT_Warm                                                    
00057fa8  __ccfg                                                             
20000000  __start___llvm_prf_bits                                            
20000000  __start___llvm_prf_cnts                                            
20000000  __stop___llvm_prf_bits                                             
20000000  __stop___llvm_prf_cnts                                             
20000000  ti_sysbios_family_arm_m3_Hwi_ramVectors                            
200000d8  __primary_heap_start__                                             
200040d8  __primary_heap_end__                                               
200044d9  ti_sysbios_runtime_SysMin_outbuf                                   
200048da  _counter                                                           
200048e0  ti_sysbios_knl_Idle_taskStack                                      
20004ae0  i2cCC26xxObjects                                                   
20004c20  _CIOBUF_                                                           
20004c20  __CIOBUF_                                                          
20004d40  ti_sysbios_family_arm_m3_Hwi_dispatchTable                         
20004e18  gpioCallbackFunctions                                              
20004e94  gpioUserArgs                                                       
20004f10  ti_sysbios_knl_ClockSupport_timerStruct                            
20004f70  ti_sysbios_knl_Idle_taskStruct                                     
20004fc8  ti_sysbios_knl_Swi_readyQs                                         
20004ff8  ti_sysbios_knl_Task_readyQs                                        
20005028  BIOS_heapMemObject                                                 
20005054  BIOS_rtsGate                                                       
2000507c  ti_sysbios_heaps_HeapMem_gate                                      
200050a4  testParams                                                         
200050c8  ti_sysbios_runtime_System_atexitHandlers                           
20005114  parmbuf                                                            
2000512c  PowerCC26XX_swiKey                                                 
20005130  PowerCC26XX_taskKey                                                
20005134  testHandle                                                         
20005138  ti_sysbios_family_arm_cc26xx_TimestampProvider_Module_state        
2000513c  ti_sysbios_knl_Task_defaultStackHeap                               
20005140  PowerCC26X2_module                                                 
200052b4  gpioPinConfigs                                                     
20005330  ti_sysbios_knl_Clock_Module_state                                  
20005398  ti_sysbios_family_arm_m3_Hwi_Module_state                          
200053d4  ti_sysbios_knl_Task_Module_state                                   
20005410  BIOS_Module_state                                                  
2000543c  ti_sysbios_knl_Swi_Module_state                                    
20005464  _hposcCoeffs                                                       
20005474  ti_sysbios_runtime_SysMin_Module_state                             
20005484  ti_sysbios_family_arm_cc26xx_Timer_Module_state                    
20005490  ti_sysbios_runtime_Error_ignore                                    
2000549c  ti_sysbios_runtime_System_Module_state                             
200054a8  ti_sysbios_gates_GateMutex_Module_state                            
200054b0  ti_sysbios_heaps_HeapMem_Module_state                              
200054b8  ti_sysbios_knl_Semaphore_Module_state                              
200054c0  _lock                                                              
200054c4  _unlock                                                            
200054cc  ti_sysbios_runtime_Memory_defaultHeapInstance                      
200054d1  ti_sysbios_knl_Idle_initDone                                       
200054d2  ti_sysbios_runtime_Startup_done                                    
20013a00  __stack                                                            
20014000  __STACK_END                                                        
ffffffff  __TI_pprof_out_hndl                                                
ffffffff  __TI_prof_data_size                                                
ffffffff  __TI_prof_data_start                                               
ffffffff  __binit__                                                          
ffffffff  binit                                                              
UNDEFED   ITM_flush                                                          
UNDEFED   ITM_restore                                                        
UNDEFED   __mpu_init                                                         

[409 symbols]
