******************************************************************************
            TI ARM Clang Linker PC v2.1.2                      
******************************************************************************
>> Linked Thu Apr  4 22:09:36 2024

OUTPUT FILE NAME:   <multiSniff_LP_CC2652RB_tirtos7_ticlang2.out>
ENTRY POINT SYMBOL: "ResetISR"  address: 0000f125


MEMORY CONFIGURATION

         name            origin    length      used     unused   attr    fill
----------------------  --------  ---------  --------  --------  ----  --------
  FLASH                 00000000   00050000  00010dbc  0003f244  R  X
  STV_R                 00050000   00000020  00000000  00000020  R   
  HTML                  00051000   00003000  00000000  00003000  R   
  GPRAM                 11000000   00002000  00000000  00002000  RW X
  SRAM                  20000000   00012000  0000815e  00009ea2  RW X
  MTU_BUFFER            20012000   00001500  00000000  00001500  RW  
  STV_W                 20013500   00000020  00000000  00000020   W  
  LOG_DATA              90000000   00040000  00000000  00040000  R   


SEGMENT ALLOCATION MAP

run origin  load origin   length   init length attrs members
----------  ----------- ---------- ----------- ----- -------
00000000    00000000    0000f1b8   0000f1b8    r-x
  00000000    00000000    0000003c   0000003c    r-- .resetVecs
  00000040    00000040    0000f178   0000f178    r-x .text
0000f1b8    0000f1b8    00000008   00000008    rw-
  0000f1b8    0000f1b8    00000008   00000008    rw- .args
0000f1c0    0000f1c0    00001ba8   00001ba8    r--
  0000f1c0    0000f1c0    00001968   00001968    r-- .rodata
  00010b28    00010b28    00000240   00000240    r-- .cinit
0004ffa8    0004ffa8    00000058   00000058    r--
  0004ffa8    0004ffa8    00000058   00000058    r-- .ccfg
200000d8    200000d8    000006a3   00000000    rw-
  200000d8    200000d8    000006a3   00000000    rw- .data
20001830    20001830    00000010   00000000    rw-
  20001830    20001830    00000010   00000000    rw- .TI.bound:dmaSpi0RxControlTableEntry
20001840    20001840    00000010   00000000    rw-
  20001840    20001840    00000010   00000000    rw- .TI.bound:dmaSpi0TxControlTableEntry
20001a30    20001a30    00000010   00000000    rw-
  20001a30    20001a30    00000010   00000000    rw- .TI.bound:dmaSpi0RxAltControlTableEntry
20001a40    20001a40    00000010   00000000    rw-
  20001a40    20001a40    00000010   00000000    rw- .TI.bound:dmaSpi0TxAltControlTableEntry
20001a50    20001a50    00004000   00000000    r--
  20001a50    20001a50    00004000   00000000    r-- .priheap
20005a50    20005a50    000033a3   00000000    rw-
  20005a50    20005a50    000033a3   00000000    rw- .bss
20011a00    20011a00    00000600   00000000    rw-
  20011a00    20011a00    00000600   00000000    rw- .stack


SECTION ALLOCATION MAP

 output                                  attributes/
section   page    origin      length       input sections
--------  ----  ----------  ----------   ----------------
.binit     0    00000000    00000000     

.cinit     0    00010b28    00000240     
                  00010b28    000001d9     (.cinit..data.load) [load image, compression = lzss]
                  00010d01    00000003     --HOLE-- [fill = 0]
                  00010d04    0000000c     (__TI_handler_table)
                  00010d10    00000008     (.cinit..TI.bound:dmaSpi0RxAltControlTableEntry.load) [load image, compression = zero_init]
                  00010d18    00000008     (.cinit..TI.bound:dmaSpi0RxControlTableEntry.load) [load image, compression = zero_init]
                  00010d20    00000008     (.cinit..TI.bound:dmaSpi0TxAltControlTableEntry.load) [load image, compression = zero_init]
                  00010d28    00000008     (.cinit..TI.bound:dmaSpi0TxControlTableEntry.load) [load image, compression = zero_init]
                  00010d30    00000008     (.cinit..bss.load) [load image, compression = zero_init]
                  00010d38    00000030     (__TI_cinit_table)

.init_array 
*          0    00000000    00000000     UNINITIALIZED

.ccfg      0    0004ffa8    00000058     
                  0004ffa8    00000058     ti_devices_config.o (.ccfg)

.data      0    200000d8    000006a3     UNINITIALIZED
                  200000d8    00000174     drivers_cc26x2.a : PowerCC26X2.c.obj (.data.PowerCC26X2_module)
                  2000024c    0000007c     ti_drivers_config.o (.data.gpioPinConfigs)
                  200002c8    00000068     rf_multiMode_cc26x2.a : RFCC26X2_multiMode.c.cc26x2.ticlang.o (.data..L_MergedGlobals.1)
                  20000330    00000068     ti_sysbios_config.o (.data.ti_sysbios_knl_Clock_Module_state)
                  20000398    00000064     rf_multiMode_cc26x2.a : RFCC26X2_multiMode.c.cc26x2.ticlang.o (.data..L_MergedGlobals.3)
                  200003fc    00000058                           : RFCC26X2_multiMode.c.cc26x2.ticlang.o (.data..L_MergedGlobals.2)
                  20000454    00000054     ti_radio_config.o (.data.ble_pOverridesCommon)
                  200004a8    00000040     ti_radio_config.o (.data.RFCMD_ieeeRX)
                  200004e8    0000003c     ti_sysbios_config.o (.data.ti_sysbios_family_arm_m3_Hwi_Module_state)
                  20000524    0000003c     ti_sysbios_config.o (.data.ti_sysbios_knl_Task_Module_state)
                  20000560    0000002c     ti_sysbios_config.o (.data.BIOS_Module_state)
                  2000058c    00000028     ti_sysbios_config.o (.data.ti_sysbios_knl_Swi_Module_state)
                  200005b4    00000024     ti_radio_config.o (.data.RFCMD_bleRadioSetup)
                  200005d8    00000020     ti_radio_config.o (.data.RFCMD_bleGenericRX)
                  200005f8    0000001c     ti_radio_config.o (.data.ble_pOverrides2Mbps)
                  20000614    00000018     ti_radio_config.o (.data.RFCMD_bleFrequencySynthesizer)
                  2000062c    00000018     ti_radio_config.o (.data.RFCMD_ieeeFrequencySynthesizer)
                  20000644    00000018     ti_radio_config.o (.data.RFCMD_ieeeRadioSetup)
                  2000065c    00000018     ti_radio_config.o (.data.ble_pOverrides1Mbps)
                  20000674    00000014     ti_radio_config.o (.data.RFCMD_bleGenericRXPar)
                  20000688    00000014     ti_radio_config.o (.data.ble_pOverridesCoded)
                  2000069c    00000010     Ethernet.o (.data.Ethernet_server_port)
                  200006ac    00000010     ti_radio_config.o (.data.RFCMD_bleModeObject)
                  200006bc    00000010     ti_radio_config.o (.data.RFCMD_ieeeModeObject)
                  200006cc    00000010     driverlib.lib : osc.o (.data._hposcCoeffs)
                  200006dc    00000010     ti_radio_config.o (.data.ieee_pOverrides)
                  200006ec    00000010     ti_sysbios_config.o (.data.ti_sysbios_runtime_SysMin_Module_state)
                  200006fc    0000000c     ti_sysbios_config.o (.data.ti_sysbios_family_arm_cc26xx_Timer_Module_state)
                  20000708    0000000c     ti_sysbios_config.o (.data.ti_sysbios_runtime_Error_ignore)
                  20000714    0000000c     ti_sysbios_config.o (.data.ti_sysbios_runtime_System_Module_state)
                  20000720    00000008     rf_multiMode_cc26x2.a : RFCC26X2_multiMode.c.cc26x2.ticlang.o (.data..L_MergedGlobals)
                  20000728    00000008                           : RFCC26X2_multiMode.c.cc26x2.ticlang.o (.data.RFCC26XX_schedulerPolicy)
                  20000730    00000008     ti_sysbios_config.o (.data.prefixStrings)
                  20000738    00000008     ti_sysbios_config.o (.data.ti_sysbios_gates_GateMutex_Module_state)
                  20000740    00000008     ti_sysbios_config.o (.data.ti_sysbios_heaps_HeapMem_Module_state)
                  20000748    00000008     ti_sysbios_config.o (.data.ti_sysbios_knl_Semaphore_Module_state)
                  20000750    00000004     drivers_cc26x2.a : TemperatureCC26X2.c.obj (.data..L_MergedGlobals)
                  20000754    00000004     EthernetClient.o (.data.EthernetClientPrintMethods)
                  20000758    00000004     EthernetUdp.o (.data.EthernetUDPPrintMethods)
                  2000075c    00000004     rf_multiMode_cc26x2.a : RFCC26X2_multiMode.c.cc26x2.ticlang.o (.data.RF_fsmActiveState.lfClockSourceLast)
                  20000760    00000004     libc.a : aeabi_portable.c.obj (.data.__aeabi_errno)
                  20000764    00000004            : _lock.c.obj (.data._lock)
                  20000768    00000004            : _lock.c.obj (.data._unlock)
                  2000076c    00000004     ti_sysbios_config.o (.data.terminatedList)
                  20000770    00000004     ti_sysbios_config.o (.data.ti_sysbios_runtime_Memory_defaultHeapInstance)
                  20000774    00000001     rf_multiMode_cc26x2.a : rf_patch_cpe_bt5.c.cc26x2.ticlang.o (.data.bBt5PatchEntered)
                  20000775    00000001                           : rf_patch_cpe_ieee_802_15_4.c.cc26x2.ticlang.o (.data.bIeee802154PatchEntered)
                  20000776    00000001     drivers_cc26x2.a : GPIOCC26X2.c.obj (.data.initCalled)
                  20000777    00000001                      : SPI.c.obj (.data.isInitialized)
                  20000778    00000001                      : TemperatureCC26X2.c.obj (.data.isInitialized)
                  20000779    00000001     ti_sysbios_config.o (.data.ti_sysbios_knl_Idle_initDone)
                  2000077a    00000001     ti_sysbios_config.o (.data.ti_sysbios_runtime_Startup_done)

.bss       0    20005a50    000033a3     UNINITIALIZED
                  20005a50    0000183c     radio_queue.o (.bss.RadioQueue_RXbuffer)
                  2000728c    00000401     ssd1306.o (.bss.SSD1306_LcdBufferInclStreamByte)
                  2000768d    00000002     ssd1306.o (.bss.SSD1306_SendCommand.buffer)
                  2000768f    00000001     dashboard_task.o (.bss.Dashboard_Main.readDestination)
                  20007690    00000400     (.common:ti_sysbios_knl_Idle_taskStack)
                  20007a90    00000400     (.common:ti_sysbios_runtime_SysMin_outbuf)
                  20007e90    000002c0     rf_multiMode_cc26x2.a : RFCC26X2_multiMode.c.cc26x2.ticlang.o (.bss.RF_cmdPool)
                  20008150    000001ba     html.o (.bss.valueBuffer)
                  2000830a    00000002     socket.o (.bss.local_port)
                  2000830c    00000140     (.common:i2cCC26xxObjects)
                  2000844c    00000120     libsysbm.a : trgmsg.c.obj (.bss:_CIOBUF_)
                  2000856c    00000004     radio_queue.o (.bss.RadioQueue_ReadEntry)
                  20008570    00000100     (.common:rfObject)
                  20008670    00000100     (.common:spiCC26X2DMAObjects)
                  20008770    000000d8     (.common:ti_sysbios_family_arm_m3_Hwi_dispatchTable)
                  20008848    0000007c     (.common:gpioCallbackFunctions)
                  200088c4    0000007c     (.common:gpioUserArgs)
                  20008940    00000068     rf_multiMode_cc26x2.a : RFCC26X2_multiMode.c.cc26x2.ticlang.o (.bss.RF_ratModule)
                  200089a8    00000060     (.common:ti_sysbios_knl_ClockSupport_timerStruct)
                  20008a08    00000058     (.common:ti_sysbios_knl_Idle_taskStruct)
                  20008a60    00000044                           : RFCC26X2_multiMode.c.cc26x2.ticlang.o (.bss.RF_clkInactivityObj)
                  20008aa4    00000044                           : RFCC26X2_multiMode.c.cc26x2.ticlang.o (.bss.RF_clkPowerUpObj)
                  20008ae8    0000003c                           : RFCC26X2_multiMode.c.cc26x2.ticlang.o (.bss.RF_swiHwObj)
                  20008b24    00000030     (.common:ti_sysbios_knl_Swi_readyQs)
                  20008b54    00000030     (.common:ti_sysbios_knl_Task_readyQs)
                  20008b84    0000002c     (.common:BIOS_heapMemObject)
                  20008bb0    00000028     (.common:BIOS_rtsGate)
                  20008bd8    00000028     (.common:ti_sysbios_heaps_HeapMem_gate)
                  20008c00    00000024     (.common:dashboardTaskParams)
                  20008c24    00000024     (.common:initTaskParams)
                  20008c48    00000024     (.common:sniffingTaskParams)
                  20008c6c    00000020     (.common:Ethernet)
                  20008c8c    00000020     (.common:rfParams)
                  20008cac    00000020     (.common:ti_sysbios_runtime_System_atexitHandlers)
                  20008ccc    00000020     (.common:udmaCC26XXObject)
                  20008cec    0000001c     drivers_cc26x2.a : TemperatureCC26X2.c.obj (.bss.batmonHwi)
                  20008d08    0000001c                      : GPIOCC26X2.c.obj (.bss.gpioHwi)
                  20008d24    00000014     (.common:ti_sysbios_hal_Seconds_Module_state)
                  20008d38    00000010     ssd1306.o (.bss._i2cParams)
                  20008d48    00000010     (.common:ethernetUdp)
                  20008d58    00000010     (.common:ieeeStats)
                  20008d68    0000000c     (.common:Dashboard_SemaphoreParams)
                  20008d74    0000000c     (.common:Init_SemaphoreParams)
                  20008d80    0000000c     (.common:bleStats)
                  20008d8c    00000008     radio_queue.o (.bss.RadioQueue_object)
                  20008d94    00000008     drivers_cc26x2.a : TemperatureCC26X2.c.obj (.bss.notificationList)
                  20008d9c    00000008     (.common:parmbuf)
                  20008da4    00000004     dashboard_task.o (.bss.StrTok.p)
                  20008da8    00000004     ssd1306.o (.bss._i2c)
                  20008dac    00000004     driverlib.lib : osc.o (.bss.oscHfGlobals.0)
                  20008db0    00000004                   : osc.o (.bss.oscHfGlobals.2)
                  20008db4    00000004                   : osc.o (.bss.oscHfGlobals.3)
                  20008db8    00000004                   : osc.o (.bss.oscHfGlobals.4)
                  20008dbc    00000004     (.common:Dashboard_SemaphoreHandle)
                  20008dc0    00000004     (.common:Init_SemaphoreHandle)
                  20008dc4    00000004     (.common:PowerCC26XX_swiKey)
                  20008dc8    00000004     (.common:PowerCC26XX_taskKey)
                  20008dcc    00000004     (.common:dashboardTaskHandle)
                  20008dd0    00000004     (.common:initTaskHandle)
                  20008dd4    00000004     (.common:nRxBufFull)
                  20008dd8    00000004     (.common:rfHandle)
                  20008ddc    00000004     (.common:sniffingTaskHandle)
                  20008de0    00000004     (.common:spi)
                  20008de4    00000004     (.common:ti_sysbios_family_arm_cc26xx_TimestampProvider_Module_state)
                  20008de8    00000004     (.common:ti_sysbios_knl_Task_defaultStackHeap)
                  20008dec    00000002     (.common:_counter)
                  20008dee    00000002     (.common:ethernetServer)
                  20008df0    00000002     (.common:rfCmdHandle)
                  20008df2    00000001     (.common:CurrentRfProtocol)

.stack     0    20011a00    00000600     UNINITIALIZED
                  20011a00    00000004     sysbios.a : boot_cortex_m.obj (.stack)
                  20011a04    000005fc     --HOLE--

.priheap   0    20001a50    00004000     UNINITIALIZED
                  20001a50    00004000     --HOLE--

.log_data 
*          0    90000000    00000000     COPY SECTION

.resetVecs 
*          0    00000000    0000003c     
                  00000000    0000003c     ti_sysbios_config.o (.resetVecs)

.vecs      0    20000000    000000d8     NOLOAD SECTION
                  20000000    000000d8     ti_sysbios_config.o (.vecs)

.text      0    00000040    0000f178     
                  00000040    000005f0     ti_sysbios_config.o (.text.ti_sysbios_runtime_System_doPrint)
                  00000630    000005ea     driverlib.lib : osc.o (.text.findHposcCoefficients)
                  00000c1a    00000002     ti_sysbios_config.o (.text.BIOS_nullFunc)
                  00000c1c    00000498     rf_multiMode_cc26x2.a : RFCC26X2_multiMode.c.cc26x2.ticlang.o (.text.RF_fsmActiveState)
                  000010b4    00000372     Dhcp.o (.text.DHCP_parseDHCPResponse)
                  00001426    00000002     ti_drivers_config.o (.text.Board_initHook)
                  00001428    000002f8     log.o (.text.Log_print)
                  00001720    000002c8     drivers_cc26x2.a : SPICC26X2DMA.c.obj (.text.SPICC26X2DMA_transfer)
                  000019e8    0000029c     rf_multiMode_cc26x2.a : RFCC26X2_multiMode.c.cc26x2.ticlang.o (.text.RF_open)
                  00001c84    00000268     libc.a : _printfi.c.obj (.text:__TI_printfi_minimal)
                  00001eec    0000025c     Dhcp.o (.text.DHCP_send_DHCP_MESSAGE)
                  00002148    00000236     Dhcp.o (.text.DHCP_request_DHCP_lease)
                  0000237e    00000002     drivers_cc26x2.a : I2C.c.obj (.text.I2C_init)
                  00002380    00000200     ti_sysbios_config.o (.text.ti_sysbios_runtime_System_printfExtend)
                  00002580    000001fa     ti_sysbios_config.o (.text.ti_sysbios_family_arm_m3_Hwi_excFillContext)
                  0000277a    00000002     rf_multiMode_cc26x2.a : rfc.c.cc26x2.ticlang.o (.text.NOROM_RFCCpePatchReset)
                  0000277c    000001dc                           : RFCC26X2_multiMode.c.cc26x2.ticlang.o (.text.RF_dispatchNextCmd)
                  00002958    000001ba     dashboard_task.o (.text.UpdateDashboardInfo)
                  00002b12    00000002     rf_multiMode_cc26x2.a : RFCC26X2_multiMode.c.cc26x2.ticlang.o (.text.RF_defaultCallback)
                  00002b14    000001b6     libclang_rt.builtins.a : adddf3.S.obj (.text)
                  00002cca    000001ae     drivers_cc26x2.a : SPICC26X2DMA.c.obj (.text.SPICC26X2DMA_hwiFxn)
                  00002e78    000001aa     ti_sysbios_config.o (.text.ti_sysbios_knl_TaskSupport_buildTaskStack)
                  00003022    000001a4     init_task.o (.text.Init_Main)
                  000031c6    0000019a     ssd1306.o (.text.SSD1306_DrawLine)
                  00003360    00000198     ti_sysbios_config.o (.text.ti_sysbios_family_arm_cc26xx_Timer_construct)
                  000034f8    00000194     drivers_cc26x2.a : PowerCC26X2_calibrateRCOSC.c.obj (.text.PowerCC26X2_auxISR)
                  0000368c    0000018e     dashboard_task.o (.text.SetStatusProperty)
                  0000381a    0000018e     ti_sysbios_config.o (.text.ti_sysbios_knl_Task_Instance_init)
                  000039a8    00000188     drivers_cc26x2.a : SPICC26X2DMA.c.obj (.text.SPICC26X2DMA_open)
                  00003b30    00000184     radio_proc.o (.text.initCmdObjects)
                  00003cb4    00000160     drivers_cc26x2.a : SPICC26X2DMA.c.obj (.text.configNextTransfer)
                  00003e14    00000158                      : PowerCC26X2.c.obj (.text.Power_sleep)
                  00003f6c    00000148     rf_multiMode_cc26x2.a : RFCC26X2_multiMode.c.cc26x2.ticlang.o (.text.RF_radioOpDoneCb)
                  000040b4    0000013e     ti_sysbios_config.o (.text.PowerCC26XX_standbyPolicy)
                  000041f2    0000013e     ti_sysbios_config.o (.text.ti_sysbios_heaps_HeapMem_allocUnprotected)
                  00004330    0000013c     drivers_cc26x2.a : I2CCC26XX.c.obj (.text.I2C_open)
                  0000446c    0000013c     ti_sysbios_config.o (.text.ti_sysbios_knl_Clock_workFuncDynamic)
                  000045a8    00000136     IPAddress.o (.text.IPAddress_toString)
                  000046de    00000002     libclang_rt.builtins.a : aeabi_div0.c.obj (.text.__aeabi_ldiv0)
                  000046e0    00000136                            : divdf3.S.obj (.text)
                  00004816    00000134     radio_proc.o (.text.Radio_SetUpAndBeginRx)
                  0000494a    00000002     libc.a : _lock.c.obj (.text._nop)
                  0000494c    00000134     driverlib.lib : osc.o (.text.findHposcPc)
                  00004a80    00000130     Dhcp.o (.text.DHCP_checkLease)
                  00004bb0    0000012c     rf_multiMode_cc26x2.a : RFCC26X2_multiMode.c.cc26x2.ticlang.o (.text.RF_close)
                  00004cdc    0000012c                           : RFCC26X2_multiMode.c.cc26x2.ticlang.o (.text.RF_fsmSetupState)
                  00004e08    00000126     drivers_cc26x2.a : I2C.c.obj (.text.I2C_transferTimeout)
                  00004f2e    00000126     sniffing_task.o (.text.Sniffing_Main)
                  00005054    00000124     rf_multiMode_cc26x2.a : RFCC26X2_multiMode.c.cc26x2.ticlang.o (.text.RF_abortCmd)
                  00005178    00000122     drivers_cc26x2.a : SPICC26X2DMA.c.obj (.text.SPICC26X2DMA_transferCancel)
                  0000529a    00000002                      : PowerCC26X2.c.obj (.text.emptyClockFunc)
                  0000529c    0000011c     sysbios.a : Hwi_asm_gnu.obj (.text.ti_sysbios_family_arm_m3_Hwi_dispatch)
                  000053b8    00000118     drivers_cc26x2.a : PowerCC26X2.c.obj (.text.Power_init)
                  000054d0    00000118     rf_multiMode_cc26x2.a : RFCC26X2_multiMode.c.cc26x2.ticlang.o (.text.RF_decodeOverridePointers)
                  000055e8    0000010e     ti_sysbios_config.o (.text.ti_sysbios_knl_Semaphore_pend)
                  000056f6    00000002     ti_sysbios_config.o (.text.ti_sysbios_family_arm_cc26xx_Timer_startup)
                  000056f8    0000010c     drivers_cc26x2.a : PowerCC26X2_calibrateRCOSC.c.obj (.text.PowerCC26X2_calibrate)
                  00005804    0000010a     ssd1306.o (.text.SSD1306_DrawChar)
                  0000590e    0000010a     ti_sysbios_config.o (.text.ti_sysbios_knl_Task_Instance_finalize)
                  00005a18    00000108     rf_multiMode_cc26x2.a : RFCC26X2_multiMode.c.cc26x2.ticlang.o (.text.RF_fsmPowerUpState)
                  00005b20    00000104     drivers_cc26x2.a : GPIOCC26X2.c.obj (.text.GPIO_init)
                  00005c24    000000fe     ti_sysbios_config.o (.text.ti_sysbios_family_arm_m3_Hwi_Instance_init)
                  00005d22    00000002     ti_sysbios_config.o (.text.ti_sysbios_knl_TaskSupport_init)
                  00005d24    000000fc     rf_multiMode_cc26x2.a : RFCC26X2_multiMode.c.cc26x2.ticlang.o (.text.RF_hwiCpe0Active)
                  00005e20    000000fc     libclang_rt.builtins.a : muldf3.S.obj (.text)
                  00005f1c    000000f4     driverlib.lib : sys_ctrl.o (.text.NOROM_SysCtrlStandby)
                  00006010    000000f4     dashboard_task.o (.text.StrTok)
                  00006104    000000f2     radio_queue.o (.text.RadioQueue_create)
                  000061f6    000000ee     ti_sysbios_config.o (.text.ti_sysbios_knl_Clock_startI)
                  000062e4    000000e8     drivers_cc26x2.a : I2CCC26XX.c.obj (.text.I2CCC26XX_hwiFxn)
                  000063cc    000000e8     socket.o (.text.send)
                  000064b4    000000e6     dashboard_task.o (.text.Dashboard_Main)
                  0000659a    00000002     --HOLE-- [fill = 0]
                  0000659c    000000e4     driverlib.lib : setup.o (.text.NOROM_SetupTrimDevice)
                  00006680    000000e4     ti_sysbios_config.o (.text.ti_sysbios_family_arm_m3_Hwi_initNVIC)
                  00006764    000000da     ti_sysbios_config.o (.text.ti_sysbios_heaps_HeapMem_freeUnprotected)
                  0000683e    00000002     --HOLE-- [fill = 0]
                  00006840    000000d8     drivers_cc26x2.a : SPICC26X2DMA.c.obj (.text.SPICC26X2DMA_control)
                  00006918    000000d0                      : PowerCC26X2.c.obj (.text.configureXOSCHF)
                  000069e8    000000cc     rf_multiMode_cc26x2.a : RFCC26X2_multiMode.c.cc26x2.ticlang.o (.text.RF_postCmd)
                  00006ab4    000000ca                           : RFCC26X2_multiMode.c.cc26x2.ticlang.o (.text.RF_updatePaConfiguration)
                  00006b7e    000000c8     IPAddress.o (.text.IPAddress_fromString)
                  00006c46    000000c4     driverlib.lib : setup.o (.text.TrimAfterColdResetWakeupFromShutDown)
                  00006d0a    000000c0     radio_proc.o (.text.Radio_HandlerFunc)
                  00006dca    000000c0     ti_sysbios_config.o (.text.ti_sysbios_knl_Clock_walkQueueDynamic)
                  00006e8a    000000c0     ti_sysbios_config.o (.text.ti_sysbios_knl_Swi_restoreHwi)
                  00006f4a    000000c0     ti_sysbios_config.o (.text.ti_sysbios_runtime_System_formatNum)
                  0000700a    000000be     gui.o (.text.GUI_Init)
                  000070c8    000000bc     rf_multiMode_cc26x2.a : RFCC26X2_multiMode.c.cc26x2.ticlang.o (.text.RF_swiHw)
                  00007184    000000bc     ti_sysbios_config.o (.text.ti_sysbios_knl_Task_postInit)
                  00007240    000000b8     ti_sysbios_config.o (.text.ti_sysbios_knl_Swi_Instance_init)
                  000072f8    000000b6     driverlib.lib : osc.o (.text.NOROM_OSC_HPOSCInitializeFrequencyOffsetParameters)
                  000073ae    000000b4                   : osc.o (.text.NOROM_OSCHF_AttemptToSwitchToXosc)
                  00007462    00000002     --HOLE-- [fill = 0]
                  00007464    000000b4     drivers_cc26x2.a : PowerCC26X2.c.obj (.text.Power_releaseDependency)
                  00007518    000000b4     socket.o (.text.socket)
                  000075cc    000000b2     html.o (.text.Html_CopyHtmlToMtuBuffer)
                  0000767e    000000b0     dashboard_task.o (.text.HandleRestApi)
                  0000772e    00000002     --HOLE-- [fill = 0]
                  00007730    000000b0     drivers_cc26x2.a : PowerCC26X2.c.obj (.text.Power_setDependency)
                  000077e0    000000b0     libclang_rt.builtins.a : udivmoddi4.S.obj (.text)
                  00007890    000000ac     rf_multiMode_cc26x2.a : RFCC26X2_multiMode.c.cc26x2.ticlang.o (.text.RF_pendCmd)
                  0000793c    000000a8     drivers_cc26x2.a : TemperatureCC26X2.c.obj (.text.temperatureHwiFxn)
                  000079e4    000000a6     socket.o (.text.recv)
                  00007a8a    00000002     --HOLE-- [fill = 0]
                  00007a8c    000000a4     rf_multiMode_cc26x2.a : RFCC26X2_multiMode.c.cc26x2.ticlang.o (.text.RF_initRadioSetup)
                  00007b30    000000a2     ti_sysbios_config.o (.text.ti_sysbios_knl_TaskSupport_start)
                  00007bd2    000000a0     drivers_cc26x2.a : I2CCC26XX.c.obj (.text.I2CCC26XX_swiFxn)
                  00007c72    00000002     --HOLE-- [fill = 0]
                  00007c74    000000a0     rf_multiMode_cc26x2.a : RFCC26X2_multiMode.c.cc26x2.ticlang.o (.text.RF_calculateDispatchTime)
                  00007d14    0000009a     Ethernet.o (.text.Ethernet_begin_mac)
                  00007dae    0000009a     ssd1306.o (.text.SSD1306_Init)
                  00007e48    0000009a     ti_sysbios_config.o (.text.ti_sysbios_knl_Task_schedule)
                  00007ee2    00000098     rf_multiMode_cc26x2.a : RFCC26X2_multiMode.c.cc26x2.ticlang.o (.text.RF_defaultSubmitPolicy)
                  00007f7a    00000098     ti_sysbios_config.o (.text.ti_sysbios_hal_Seconds_getTime)
                  00008012    00000096     EthernetUdp.o (.text.EthernetUDP_begin)
                  000080a8    00000096     rf_multiMode_cc26x2.a : RFCC26X2_multiMode.c.cc26x2.ticlang.o (.text.RF_verifyGap)
                  0000813e    00000094     Ethernet.o (.text.Ethernet_maintain)
                  000081d2    00000002     --HOLE-- [fill = 0]
                  000081d4    00000094     rf_multiMode_cc26x2.a : RFCC26X2_multiMode.c.cc26x2.ticlang.o (.text.RF_hposcRfCompensateFxn)
                  00008268    00000094                           : RFCC26X2_multiMode.c.cc26x2.ticlang.o (.text.RF_ratRestartChannels)
                  000082fc    00000094     ti_sysbios_config.o (.text.ti_sysbios_heaps_HeapMem_Instance_init)
                  00008390    00000090     ti_sysbios_config.o (.text.ti_sysbios_knl_Task_sleep)
                  00008420    0000008e     ssd1306.o (.text.SSD1306_DrawPixel)
                  000084ae    0000008e     ti_sysbios_config.o (.text.ti_sysbios_family_arm_m3_Hwi_excHandlerMin)
                  0000853c    0000008e     ti_sysbios_config.o (.text.ti_sysbios_knl_Swi_runLoop)
                  000085ca    00000002     --HOLE-- [fill = 0]
                  000085cc    0000008c     drivers_cc26x2.a : GPIOCC26XX.c.obj (.text.GPIO_setConfig)
                  00008658    0000008c     ti_sysbios_config.o (.text.ti_sysbios_family_arm_m3_Hwi_construct2)
                  000086e4    0000008a     EthernetClient.o (.text.EthernetClient_stop)
                  0000876e    0000008a     EthernetServer.o (.text.EthernetServer_accept)
                  000087f8    0000008a     EthernetServer.o (.text.EthernetServer_available)
                  00008882    0000008a     ti_sysbios_config.o (.text.ti_sysbios_knl_Semaphore_post)
                  0000890c    00000088     rf_multiMode_cc26x2.a : RFCC26X2_multiMode.c.cc26x2.ticlang.o (.text.RF_cmdDispatchTime)
                  00008994    00000088                           : RFCC26X2_multiMode.c.cc26x2.ticlang.o (.text.RF_discardPendCmd)
                  00008a1c    00000088     ti_sysbios_config.o (.text.ti_sysbios_family_arm_m3_Hwi_postInit)
                  00008aa4    00000086     ti_sysbios_config.o (.text.ti_sysbios_runtime_Memory_alloc)
                  00008b2a    00000084     EthernetUdp.o (.text.EthernetUDP_parsePacket)
                  00008bae    00000082     EthernetClient.o (.text.EthernetClient_connected)
                  00008c30    00000082     ti_sysbios_config.o (.text.ti_sysbios_family_arm_m3_Hwi_getStackInfo)
                  00008cb2    00000080     driverlib.lib : sys_ctrl.o (.text.NOROM_SysCtrlSetRechargeBeforePowerDown)
                  00008d32    0000007e     ti_drivers_config.o (.text.Board_sendExtFlashByte)
                  00008db0    0000007e     driverlib.lib : chipinfo.o (.text.NOROM_ChipInfo_GetChipType)
                  00008e2e    0000007e     ssd1306.o (.text.SSD1306_UpdatePosition)
                  00008eac    0000007c     rf_multiMode_cc26x2.a : RFCC26X2_multiMode.c.cc26x2.ticlang.o (.text.RF_ratDisableChannel)
                  00008f28    0000007c     ti_sysbios_config.o (.text.SwiP_construct)
                  00008fa4    0000007c     ti_sysbios_config.o (.text.ti_sysbios_family_arm_cc26xx_Timer_periodicStub)
                  00009020    0000007c     ti_sysbios_config.o (.text.ti_sysbios_knl_Swi_schedule)
                  0000909c    0000007a     ti_sysbios_config.o (.text.ti_sysbios_family_arm_m3_Hwi_dispatchC)
                  00009116    0000007a     ti_sysbios_config.o (.text.ti_sysbios_knl_Idle_init)
                  00009190    00000078     driverlib.lib : osc.o (.text.NOROM_OSCHF_SwitchToRcOscTurnOffXosc)
                  00009208    00000078                   : osc.o (.text.NOROM_OSC_CapArrayAdjustWorkaround_Boot)
                  00009280    00000078     rf_multiMode_cc26x2.a : RFCC26X2_multiMode.c.cc26x2.ticlang.o (.text.RF_ratFreeChannel)
                  000092f8    00000078     drivers_cc26x2.a : SPICC26X2DMA.c.obj (.text.SPICC26X2DMA_close)
                  00009370    00000078     ti_sysbios_config.o (.text.ti_sysbios_family_arm_m3_Hwi_disableInterrupt)
                  000093e8    00000078     ti_sysbios_config.o (.text.ti_sysbios_knl_Swi_run)
                  00009460    00000078     ti_sysbios_config.o (.text.ti_sysbios_knl_Task_blockI)
                  000094d8    00000078     ti_sysbios_config.o (.text.ti_sysbios_knl_Task_startup)
                  00009550    00000076     gui.o (.text.GUI_ChangeProto)
                  000095c6    00000002     --HOLE-- [fill = 0]
                  000095c8    00000074     drivers_cc26x2.a : PowerCC26X2_calibrateRCOSC_helpers.c.obj (.text.PowerCC26X2_updateSubSecInc)
                  0000963c    00000074     rf_multiMode_cc26x2.a : RFCC26X2_multiMode.c.cc26x2.ticlang.o (.text.RF_hwiHw)
                  000096b0    00000074     drivers_cc26x2.a : TemperatureCC26X2.c.obj (.text.Temperature_init)
                  00009724    00000074     ti_sysbios_config.o (.text.ti_sysbios_heaps_HeapMem_getStats)
                  00009798    00000072     ti_sysbios_config.o (.text.ti_sysbios_family_arm_cc26xx_Timer_setThreshold)
                  0000980a    00000070     EthernetServer.o (.text.EthernetServer_begin)
                  0000987a    00000006     drivers_cc26x2.a : I2CCC26XX.c.obj (.text.I2CSupport_powerRelConstraint)
                  00009880    00000070     ArduinoCompatibility.o (.text.millis)
                  000098f0    00000070     ti_sysbios_config.o (.text.ti_sysbios_family_arm_m3_Hwi_enableInterrupt)
                  00009960    0000006e     ti_sysbios_config.o (.text.BIOS_init)
                  000099ce    0000006e     ti_drivers_config.o (.text.Board_shutDownExtFlash)
                  00009a3c    0000006e     libclang_rt.builtins.a : comparedf2.c.obj (.text.__gedf2)
                  00009aaa    00000002     --HOLE-- [fill = 0]
                  00009aac    0000006e                            : comparedf2.c.obj (.text.__ledf2)
                  00009b1a    0000006e     init_task.o (.text.byte2hex)
                  00009b88    0000006e     ti_sysbios_config.o (.text.ti_sysbios_knl_Clock_init)
                  00009bf6    0000006c     Dhcp.o (.text.DHCP_printByte)
                  00009c62    0000006c     EthernetUdp.o (.text.EthernetUDP_read_buf)
                  00009cce    00000002     --HOLE-- [fill = 0]
                  00009cd0    0000006c     rf_multiMode_cc26x2.a : RFCC26X2_multiMode.c.cc26x2.ticlang.o (.text.RF_issueRadioFreeCb)
                  00009d3c    0000006c     w5500.o (.text.W5500_read_buf)
                  00009da8    0000006a     html.o (.text.Html_strcpy)
                  00009e12    0000006a     drivers_cc26x2.a : I2CCC26XX.c.obj (.text.I2CSupport_primeTransfer)
                  00009e7c    0000006a     radio_queue.o (.text.RadioQueue_takePacket)
                  00009ee6    0000006a     w5500.o (.text.W5500_write_buf)
                  00009f50    0000006a     main.o (.text.main)
                  00009fba    0000006a     libc.a : copy_decompress_lzss.c.obj (.text:decompress:lzss)
                  0000a024    00000068     rf_multiMode_cc26x2.a : RFCC26X2_multiMode.c.cc26x2.ticlang.o (.text.RF_detachOverrides)
                  0000a08c    00000068     w5500.o (.text.W5500_send_data_processing_offset)
                  0000a0f4    00000066     EthernetClient.o (.text.EthernetClient_readBytesUntil)
                  0000a15a    00000066     ti_sysbios_config.o (.text.ti_sysbios_family_arm_cc26xx_Timer_start)
                  0000a1c0    00000066     ti_sysbios_config.o (.text.ti_sysbios_family_arm_m3_Hwi_Instance_finalize)
                  0000a226    00000002     --HOLE-- [fill = 0]
                  0000a228    00000064     drivers_cc26x2.a : PowerCC26X2_calibrateRCOSC.c.obj (.text.PowerCC26X2_initiateCalibration)
                  0000a28c    00000064     rf_multiMode_cc26x2.a : RFCC26X2_multiMode.c.cc26x2.ticlang.o (.text.RF_attachOverrides)
                  0000a2f0    00000064                           : RFCC26X2_multiMode.c.cc26x2.ticlang.o (.text.RF_dispatchNextEvent)
                  0000a354    00000064                           : RFCC26X2_multiMode.c.cc26x2.ticlang.o (.text.RF_hwiCpe0PowerFsm)
                  0000a3b8    00000064     SPIfg.o (.text.SPI_transf)
                  0000a41c    00000064     ssd1306.o (.text.SSD1306_DrawString)
                  0000a480    00000064     drivers_cc26x2.a : UDMACC26XX.c.obj (.text.UDMACC26XX_open)
                  0000a4e4    00000064                      : PowerCC26X2.c.obj (.text.oscillatorISR)
                  0000a548    00000062     rf_multiMode_cc26x2.a : RFCC26X2_multiMode.c.cc26x2.ticlang.o (.text.RF_syncCb)
                  0000a5aa    00000062     socket.o (.text.bufferData)
                  0000a60c    00000062     libclang_rt.builtins.a : aeabi_dcmp.S.obj (.text)
                  0000a66e    00000060     Dhcp.o (.text.DHCP_beginWithDHCP)
                  0000a6ce    00000060     drivers_cc26x2.a : SPICC26X2DMA.c.obj (.text.csnCallback)
                  0000a72e    00000060     ti_sysbios_config.o (.text.ti_sysbios_knl_ClockSupport_init)
                  0000a78e    00000002     --HOLE-- [fill = 0]
                  0000a790    0000005e     rf_multiMode_cc26x2.a : rfc.c.cc26x2.ticlang.o (.text.NOROM_RFCAnaDivTxOverride)
                  0000a7ee    0000005e     socket.o (.text.startUDP)
                  0000a84c    0000005e     ti_sysbios_config.o (.text.ti_sysbios_knl_Swi_post)
                  0000a8aa    0000005e     ti_sysbios_config.o (.text.ti_sysbios_runtime_Error_raiseX)
                  0000a908    0000005c     ti_sysbios_config.o (.text.ClockP_construct)
                  0000a964    0000005c     libclang_rt.builtins.a : divmoddi4.c.obj (.text.__divmoddi4)
                  0000a9c0    0000005c     ti_sysbios_config.o (.text.ti_sysbios_heaps_HeapMem_alloc)
                  0000aa1c    0000005c     ti_sysbios_config.o (.text.ti_sysbios_knl_Task_init)
                  0000aa78    0000005a     init_task.o (.text.mac2string)
                  0000aad2    00000058     ti_sysbios_config.o (.text.AONRTCEventClear)
                  0000ab2a    00000058     ti_sysbios_config.o (.text.HwiP_construct)
                  0000ab82    00000002     --HOLE-- [fill = 0]
                  0000ab84    00000058     rf_multiMode_cc26x2.a : RFCC26X2_multiMode.c.cc26x2.ticlang.o (.text.RF_applyRfCorePatch)
                  0000abdc    00000058     radio_queue.o (.text.RadioQueue_reset)
                  0000ac34    00000058     w5500.o (.text.W5500_recv_data_processing)
                  0000ac8c    00000058     ti_sysbios_config.o (.text.ti_sysbios_family_arm_m3_Hwi_construct)
                  0000ace4    00000058     sysbios.a : Hwi_asm_switch_gnu.obj (.text.ti_sysbios_family_arm_m3_Hwi_initStacks)
                  0000ad3c    00000058     ti_sysbios_config.o (.text.ti_sysbios_heaps_HeapMem_construct)
                  0000ad94    00000058     ti_sysbios_config.o (.text.ti_sysbios_knl_Swi_init)
                  0000adec    00000056     ti_sysbios_config.o (.text.AONRTCCompareValueSet)
                  0000ae42    00000056     gui.o (.text.GUI_ChangeRx)
                  0000ae98    00000056     SPIfg.o (.text.SPI_begin)
                  0000aeee    00000056     ti_sysbios_config.o (.text.getTime)
                  0000af44    00000056     ti_sysbios_config.o (.text.ti_sysbios_family_arm_cc26xx_Timer_getCurrentTick)
                  0000af9a    00000056     ti_sysbios_config.o (.text.ti_sysbios_knl_Clock_Instance_init)
                  0000aff0    00000056     ti_sysbios_config.o (.text.ti_sysbios_runtime_SystemSupport_flush)
                  0000b046    00000056     ti_sysbios_config.o (.text.ti_sysbios_runtime_System_atexit)
                  0000b09c    00000056     ti_sysbios_config.o (.text.ti_sysbios_runtime_System_putchar)
                  0000b0f2    00000054     ti_sysbios_config.o (.text.AONRTCChannelEnable)
                  0000b146    00000054     ti_sysbios_config.o (.text.BIOS_startFunc)
                  0000b19a    00000002     --HOLE-- [fill = 0]
                  0000b19c    00000054     libsysbm.a : hostwrite.c.obj (.text.HOSTwrite)
                  0000b1f0    00000054     drivers_cc26x2.a : I2CCC26XX.c.obj (.text.I2CCC26XX_initHw)
                  0000b244    00000054     rf_multiMode_cc26x2.a : RFCC26X2_multiMode.c.cc26x2.ticlang.o (.text.RF_fsmXOSCState)
                  0000b298    00000054                           : RFCC26X2_multiMode.c.cc26x2.ticlang.o (.text.RF_getCurrentTime)
                  0000b2ec    00000052     driverlib.lib : chipinfo.o (.text.NOROM_ChipInfo_GetHwRevision)
                  0000b33e    00000052     ti_sysbios_config.o (.text.usleep)
                  0000b390    00000050     rf_multiMode_cc26x2.a : RFCC26X2_multiMode.c.cc26x2.ticlang.o (.text.RF_enableHPOSCTemperatureCompensation)
                  0000b3e0    00000050                           : RFCC26X2_multiMode.c.cc26x2.ticlang.o (.text.RF_wakeupNotification)
                  0000b430    00000050     ti_sysbios_config.o (.text.ti_sysbios_family_arm_cc26xx_Timer_setNextTick)
                  0000b480    0000004e     w5500.o (.text.W5500_getRXReceivedSize)
                  0000b4ce    0000004e     w5500.o (.text.W5500_getTXFreeSize)
                  0000b51c    0000004e     ti_sysbios_config.o (.text.ti_sysbios_knl_Swi_restore)
                  0000b56a    0000004c     driverlib.lib : osc.o (.text.NOROM_OSC_HPOSCRelativeFrequencyOffsetGet)
                  0000b5b6    00000002     --HOLE-- [fill = 0]
                  0000b5b8    0000004c     rf_multiMode_cc26x2.a : rf_patch_cpe_bt5.c.cc26x2.ticlang.o (.text.configureBt5Patch)
                  0000b604    0000004c     drivers_cc26x2.a : SPICC26X2DMA.c.obj (.text.initHw)
                  0000b650    0000004c     SPIfg.o (.text.initSS)
                  0000b69c    0000004c     drivers_cc26x2.a : PowerCC26X2.c.obj (.text.switchXOSCHF)
                  0000b6e8    0000004c     ti_sysbios_config.o (.text.ti_sysbios_knl_Clock_getTimeout)
                  0000b734    0000004c     ti_sysbios_config.o (.text.ti_sysbios_knl_Task_create)
                  0000b780    0000004c     ti_sysbios_config.o (.text.ti_sysbios_runtime_SystemSupport_putch)
                  0000b7cc    0000004c     ti_sysbios_config.o (.text.ti_sysbios_runtime_System_processAtExit)
                  0000b818    0000004a     radio_proc.o (.text.Radio_StopRx)
                  0000b862    0000004a     ti_sysbios_config.o (.text.ti_sysbios_knl_Task_construct)
                  0000b8ac    0000004a     ti_sysbios_config.o (.text.ti_sysbios_runtime_Error_print)
                  0000b8f6    00000048     EthernetClient.o (.text.EthernetClient_timedRead)
                  0000b93e    00000048     html.o (.text.Html_SetKeyValueInBuffer)
                  0000b986    00000002     --HOLE-- [fill = 0]
                  0000b988    00000048     driverlib.lib : aux_sysif.o (.text.NOROM_AUXSYSIFOpModeChange)
                  0000b9d0    00000048     rf_multiMode_cc26x2.a : rfc.c.cc26x2.ticlang.o (.text.NOROM_RFCSynthPowerDown)
                  0000ba18    00000048     drivers_cc26x2.a : PowerCC26X2.c.obj (.text.PowerCC26XX_switchXOSC_HF)
                  0000ba60    00000048     ssd1306.o (.text.SSD1306_SendCommand)
                  0000baa8    00000048     drivers_cc26x2.a : TemperatureCC26X2.c.obj (.text.Temperature_registerNotifyRange)
                  0000baf0    00000048     w5500.o (.text.W5500_init)
                  0000bb38    00000048     libc.a : atoi.c.obj (.text.atoi)
                  0000bb80    00000048     rf_multiMode_cc26x2.a : rf_patch_cpe_ieee_802_15_4.c.cc26x2.ticlang.o (.text.rf_patch_cpe_ieee_802_15_4)
                  0000bbc8    00000048     ti_sysbios_config.o (.text.ti_sysbios_family_arm_m3_Hwi_init)
                  0000bc10    00000048     libclang_rt.builtins.a : fixdfsi.S.obj (.text)
                  0000bc58    00000046     ti_sysbios_config.o (.text.ti_sysbios_knl_Semaphore_Instance_init)
                  0000bc9e    00000046     ti_sysbios_config.o (.text.ti_sysbios_knl_Swi_construct)
                  0000bce4    00000046     ti_sysbios_config.o (.text.ti_sysbios_knl_Task_processVitalTaskFlag)
                  0000bd2a    00000046     ti_sysbios_config.o (.text.ti_sysbios_knl_Task_unblockI)
                  0000bd70    00000046     ti_sysbios_config.o (.text.ti_sysbios_runtime_SysMin_output)
                  0000bdb6    00000044     ti_sysbios_config.o (.text.BIOS_rtsLock)
                  0000bdfa    00000002     --HOLE-- [fill = 0]
                  0000bdfc    00000044     drivers_cc26x2.a : GPIOCC26X2.c.obj (.text.GPIO_hwiIntFxn)
                  0000be40    00000044     gui.o (.text.GUI_ChangeDeviceIp)
                  0000be84    00000044     gui.o (.text.GUI_ChangeTargetIp)
                  0000bec8    00000044     driverlib.lib : prcm.o (.text.NOROM_PRCMPowerDomainsAllOff)
                  0000bf0c    00000044                   : prcm.o (.text.NOROM_PRCMPowerDomainsAllOn)
                  0000bf50    00000044     rf_multiMode_cc26x2.a : RFCC26X2_multiMode.c.cc26x2.ticlang.o (.text.RF_cmdGet)
                  0000bf94    00000044                           : RFCC26X2_multiMode.c.cc26x2.ticlang.o (.text.RF_updatePowerupDuration)
                  0000bfd8    00000044     drivers_cc26x2.a : SPI.c.obj (.text.SPI_init)
                  0000c01c    00000044     ti_sysbios_config.o (.text._pthread_cleanupFxn)
                  0000c060    00000044     drivers_cc26x2.a : TemperatureCC26X2.c.obj (.text.degreesToCode)
                  0000c0a4    00000044                      : TemperatureCC26X2.c.obj (.text.setNextThresholds)
                  0000c0e8    00000044     ti_sysbios_config.o (.text.ti_sysbios_knl_Task_restore)
                  0000c12c    00000044     libclang_rt.builtins.a : fixunsdfsi.S.obj (.text)
                  0000c170    00000044     restart.o (.text)
                  0000c1b4    00000042     EthernetClient.o (.text.EthernetClient_write)
                  0000c1f6    00000042     EthernetUdp.o (.text.EthernetUDP_read)
                  0000c238    00000042     ssd1306.o (.text.SSD1306_UpdateScreen)
                  0000c27a    00000042     stv.o (.text.STV_WriteStringAtAddress)
                  0000c2bc    00000040     Ethernet.o (.text.Ethernet_begin_mac_ip_dns_gateway_subnet)
                  0000c2fc    00000040     main.o (.text.Main_CreateDashboardTask)
                  0000c33c    00000040     main.o (.text.Main_CreateInitTask)
                  0000c37c    00000040     main.o (.text.Main_CreateSniffingTask)
                  0000c3bc    00000040     drivers_cc26x2.a : PowerCC26X2_calibrateRCOSC.c.obj (.text.PowerCC26X2_RCOSC_clockFunc)
                  0000c3fc    00000040                      : PowerCC26X2_calibrateRCOSC_helpers.c.obj (.text.PowerCC26X2_setAclkRefSrc)
                  0000c43c    00000040     rf_multiMode_cc26x2.a : RFCC26X2_multiMode.c.cc26x2.ticlang.o (.text.RF_updateHpOscOverride)
                  0000c47c    00000040     drivers_cc26x2.a : SPI.c.obj (.text.SPI_open)
                  0000c4bc    00000040     ti_sysbios_config.o (.text.ti_sysbios_gates_GateMutex_enter)
                  0000c4fc    00000040     ti_sysbios_config.o (.text.ti_sysbios_knl_Semaphore_pendTimeout)
                  0000c53c    00000040     ti_sysbios_config.o (.text.ti_sysbios_knl_Task_exit)
                  0000c57c    0000003e     dashboard_task.o (.text.HandleInterrupt)
                  0000c5ba    0000003e     dashboard_task.o (.text.SendHtmlToClient)
                  0000c5f8    0000003e     w5500.o (.text.W5500_read)
                  0000c636    0000003e     w5500.o (.text.W5500_write)
                  0000c674    0000003e     ti_sysbios_config.o (.text.ti_sysbios_knl_Clock_getTicksUntilInterrupt)
                  0000c6b2    0000003c     ti_sysbios_config.o (.text.BIOS_atExitFunc)
                  0000c6ee    00000002     --HOLE-- [fill = 0]
                  0000c6f0    0000003c     drivers_cc26x2.a : GPIO.c.obj (.text.GPIO_resetConfig)
                  0000c72c    0000003c     driverlib.lib : sys_ctrl.o (.text.NOROM_SysCtrlIdle)
                  0000c768    0000003c     drivers_cc26x2.a : PowerCC26X2_calibrateRCOSC_helpers.c.obj (.text.PowerCC26X2_setTdcClkSrc24M)
                  0000c7a4    0000003c     ti_sysbios_config.o (.text.ti_sysbios_family_arm_m3_Hwi_setPriority)
                  0000c7e0    0000003c     ti_sysbios_config.o (.text.ti_sysbios_knl_Task_restoreHwi)
                  0000c81c    0000003c     drivers_cc26x2.a : TemperatureCC26X2.c.obj (.text.updateThresholds)
                  0000c858    0000003c     Printfg.o (.text.write_string)
                  0000c894    0000003a     stv.o (.text.STV_CopyStvFromFlashIfNotYet)
                  0000c8ce    0000003a     ssd1306.o (.text.sendData)
                  0000c908    0000003a     ti_sysbios_config.o (.text.ti_sysbios_family_arm_m3_Hwi_clearInterrupt)
                  0000c942    00000038     ti_drivers_config.o (.text.Board_wakeUpExtFlash)
                  0000c97a    00000038     EthernetUdp.o (.text.EthernetUDP_stop)
                  0000c9b2    00000038     Ethernet.o (.text.Ethernet_ClearConnectInterruptForAllSockets)
                  0000c9ea    00000002     --HOLE-- [fill = 0]
                  0000c9ec    00000038     drivers_cc26x2.a : PowerCC26X2_helpers.c.obj (.text.PowerCC26X2_oscDisableQualifiers)
                  0000ca24    00000038                      : UDMACC26XX.c.obj (.text.UDMACC26XX_close)
                  0000ca5c    00000038     w5500.o (.text.W5500_readSnRX_RD)
                  0000ca94    00000038     w5500.o (.text.W5500_readSnRX_RSR)
                  0000cacc    00000038     w5500.o (.text.W5500_readSnTX_FSR)
                  0000cb04    00000038     w5500.o (.text.W5500_readSnTX_WR)
                  0000cb3c    00000038     socket.o (.text.listen)
                  0000cb74    00000038     rf_multiMode_cc26x2.a : rf_patch_cpe_bt5.c.cc26x2.ticlang.o (.text.rf_patch_cpe_bt5)
                  0000cbac    00000038     libc.a : sprintf.c.obj (.text.sprintf)
                  0000cbe4    00000038     ti_sysbios_config.o (.text.ti_sysbios_runtime_Startup_exec)
                  0000cc1c    00000038     libc.a : autoinit.c.obj (.text:__TI_auto_init_nobinit_nopinit)
                  0000cc54    00000038     libclang_rt.builtins.a : extendsfdf2.S.obj (.text)
                  0000cc8c    00000036     ti_sysbios_config.o (.text.BIOS_rtsUnlock)
                  0000ccc2    00000036     ti_drivers_config.o (.text.Board_init)
                  0000ccf8    00000036     ti_sysbios_config.o (.text.SemaphoreP_pend)
                  0000cd2e    00000036     ti_sysbios_config.o (.text.ti_sysbios_knl_Swi_construct2)
                  0000cd64    00000034     html.o (.text.Html_strset)
                  0000cd98    00000034     drivers_cc26x2.a : PowerCC26X2.c.obj (.text.Power_releaseConstraint)
                  0000cdcc    00000034     rf_multiMode_cc26x2.a : RFCC26X2_multiMode.c.cc26x2.ticlang.o (.text.RF_powerConstraintRelease)
                  0000ce00    00000034                           : RFCC26X2_multiMode.c.cc26x2.ticlang.o (.text.RF_runDirectImmediateCmd)
                  0000ce34    00000034     w5500.o (.text.W5500_read_data)
                  0000ce68    00000034     w5500.o (.text.W5500_writeSn_buf)
                  0000ce9c    00000034     libsysbm.a : trgmsg.c.obj (.text.__TI_writemsg)
                  0000ced0    00000034     ti_sysbios_config.o (.text.ti_sysbios_family_arm_cc26xx_Timer_getMaxTicks)
                  0000cf04    00000034     ti_sysbios_config.o (.text.ti_sysbios_knl_Queue_put)
                  0000cf38    00000034     ti_sysbios_config.o (.text.ti_sysbios_runtime_System_vprintf)
                  0000cf6c    00000034     sysbios.a : boot_cortex_m.obj (.text:_c_int00)
                  0000cfa0    00000032     EthernetUdp.o (.text.EthernetUDP_write)
                  0000cfd2    00000032     ti_sysbios_config.o (.text.ti_sysbios_knl_Semaphore_create)
                  0000d004    00000030     EthernetClient.o (.text.EthernetClient_read)
                  0000d034    00000030     drivers_cc26x2.a : GPIOCC26XX.c.obj (.text.GPIO_setInterruptConfig)
                  0000d064    00000030                      : PowerCC26X2.c.obj (.text.Power_setConstraint)
                  0000d094    00000030     rf_multiMode_cc26x2.a : RFCC26X2_multiMode.c.cc26x2.ticlang.o (.text.RF_checkCmdFsError)
                  0000d0c4    00000030     w5500.o (.text.W5500_writeSn)
                  0000d0f4    00000030     libsysbm.a : trgmsg.c.obj (.text.__TI_readmsg)
                  0000d124    00000030     radio_queue.o (.text.get16bitValue)
                  0000d154    00000030     drivers_cc26x2.a : PowerCC26X2.c.obj (.text.notify)
                  0000d184    00000030     ti_sysbios_config.o (.text.ti_sysbios_family_arm_m3_Hwi_plug)
                  0000d1b4    00000030     ti_sysbios_config.o (.text.ti_sysbios_heaps_HeapMem_free)
                  0000d1e4    00000030     ti_sysbios_config.o (.text.ti_sysbios_knl_Clock_construct)
                  0000d214    00000030     ti_sysbios_config.o (.text.ti_sysbios_knl_Idle_run)
                  0000d244    0000002e     EthernetClient.o (.text.EthernetClient_status)
                  0000d272    0000002e     EthernetUdp.o (.text.EthernetUDP_beginPacket_ip)
                  0000d2a0    0000002e     driverlib.lib : chipinfo.o (.text.NOROM_ThisLibraryIsFor_CC13x2_CC26x2_HwRev20AndLater_HaltIfViolated)
                  0000d2ce    0000002e     rf_multiMode_cc26x2.a : RFCC26X2_multiMode.c.cc26x2.ticlang.o (.text.RF_calculateDeltaTimeUs)
                  0000d2fc    0000002e     ti_sysbios_config.o (.text._pthread_delete)
                  0000d32a    0000002e     ti_sysbios_config.o (.text.ti_sysbios_family_arm_m3_Hwi_initStack)
                  0000d358    0000002e     ti_sysbios_config.o (.text.ti_sysbios_gates_GateMutex_Instance_init)
                  0000d386    00000002     --HOLE-- [fill = 0]
                  0000d388    0000002e     libclang_rt.builtins.a : floatsidf.S.obj (.text)
                  0000d3b6    0000002c     ti_sysbios_config.o (.text.BIOS_registerRTSLock)
                  0000d3e2    0000002c     ti_sysbios_config.o (.text.BIOS_removeRTSLock)
                  0000d40e    00000002     --HOLE-- [fill = 0]
                  0000d410    0000002c     rf_multiMode_cc26x2.a : RFCC26X2_multiMode.c.cc26x2.ticlang.o (.text.RF_executeDirectImmediateCmd)
                  0000d43c    0000002c     drivers_cc26x2.a : TemperatureCC26X2.c.obj (.text.Temperature_unregisterNotify)
                  0000d468    0000002c     w5500.o (.text.W5500_execCmdSn)
                  0000d494    0000002c     w5500.o (.text.W5500_writeSnDPORT)
                  0000d4c0    0000002c     w5500.o (.text.W5500_writeSnPORT)
                  0000d4ec    0000002c     w5500.o (.text.W5500_writeSnRX_RD)
                  0000d518    0000002c     w5500.o (.text.W5500_writeSnTX_WR)
                  0000d544    0000002c     ti_sysbios_config.o (.text.ti_sysbios_knl_Semaphore_construct)
                  0000d570    0000002c     ti_sysbios_config.o (.text.ti_sysbios_runtime_Memory_free)
                  0000d59c    0000002a     IPAddress.o (.text.IPAddress_Init_str)
                  0000d5c6    0000002a     driverlib.lib : osc.o (.text.NOROM_OSCHF_TurnOnXosc)
                  0000d5f0    0000002a     radio_queue.o (.text.RadioQueue_init)
                  0000d61a    0000002a     drivers_cc26x2.a : SPICC26X2DMA.c.obj (.text.SPICC26X2DMA_swiFxn)
                  0000d644    0000002a     ti_sysbios_config.o (.text.SemaphoreP_constructBinary)
                  0000d66e    0000002a     ti_sysbios_config.o (.text.ti_sysbios_knl_Clock_initI)
                  0000d698    0000002a     ti_sysbios_config.o (.text.ti_sysbios_knl_Task_enter)
                  0000d6c2    00000028     EthernetClient.o (.text.EthernetClient_available)
                  0000d6ea    00000028     drivers_cc26x2.a : I2C.c.obj (.text.I2C_cancel)
                  0000d712    00000028                      : List.c.obj (.text.List_remove)
                  0000d73a    00000002     --HOLE-- [fill = 0]
                  0000d73c    00000028                      : PowerCC26X2.c.obj (.text.PowerCC26XX_isStableXOSC_HF)
                  0000d764    00000028     rf_multiMode_cc26x2.a : RFCC26X2_multiMode.c.cc26x2.ticlang.o (.text.RF_cmdStoreEvents)
                  0000d78c    00000028     w5500.o (.text.W5500_readSn)
                  0000d7b4    00000028     sysbios.a : Hwi_asm_gnu.obj (.text.ti_sysbios_family_arm_m3_Hwi_excHandlerAsm)
                  0000d7dc    00000028     ti_sysbios_config.o (.text.ti_sysbios_gates_GateMutex_construct)
                  0000d804    00000028     ti_sysbios_config.o (.text.ti_sysbios_knl_Queue_enqueue)
                  0000d82c    00000028     ti_sysbios_config.o (.text.ti_sysbios_knl_Swi_or)
                  0000d854    00000028     sysbios.a : TaskSupport_asm_gnu.obj (.text.ti_sysbios_knl_TaskSupport_swap)
                  0000d87c    00000028     ti_sysbios_config.o (.text.ti_sysbios_knl_Task_sleepTimeout)
                  0000d8a4    00000028     ti_sysbios_config.o (.text.ti_sysbios_runtime_System_init)
                  0000d8cc    00000028     ti_sysbios_config.o (.text.ti_sysbios_runtime_System_printf)
                  0000d8f4    00000026     drivers_cc26x2.a : List.c.obj (.text.List_insert)
                  0000d91a    00000026                      : List.c.obj (.text.List_putHead)
                  0000d940    00000026                      : SPICC26X2DMA.c.obj (.text.flushFifos)
                  0000d966    00000026     ti_sysbios_config.o (.text.ti_sysbios_family_arm_m3_Hwi_getHandle)
                  0000d98c    00000026     ti_sysbios_config.o (.text.ti_sysbios_knl_Swi_destruct)
                  0000d9b2    00000026     ti_sysbios_config.o (.text.ti_sysbios_knl_Task_allBlockedFunction)
                  0000d9d8    00000026     ti_sysbios_config.o (.text.ti_sysbios_knl_Task_delete)
                  0000d9fe    00000026     ti_sysbios_config.o (.text.ti_sysbios_knl_Task_destruct)
                  0000da24    00000024     ti_sysbios_config.o (.text.HwiP_setFunc)
                  0000da48    00000024     drivers_cc26x2.a : List.c.obj (.text.List_put)
                  0000da6c    00000024                      : PowerCC26X2_helpers.c.obj (.text.PowerCC26X2_getOscHfSourceReady)
                  0000da90    00000024                      : PowerCC26X2_helpers.c.obj (.text.PowerCC26X2_setSubSecIncToXoscLf)
                  0000dab4    00000024                      : PowerCC26X2_calibrateRCOSC_helpers.c.obj (.text.PowerCC26X2_writeCtrim)
                  0000dad8    00000024                      : PowerCC26X2_calibrateRCOSC_helpers.c.obj (.text.PowerCC26X2_writeCtrimFract)
                  0000dafc    00000024                      : PowerCC26X2_calibrateRCOSC_helpers.c.obj (.text.PowerCC26X2_writeCtrimFractEn)
                  0000db20    00000024                      : PowerCC26X2_calibrateRCOSC_helpers.c.obj (.text.PowerCC26X2_writeRtrim)
                  0000db44    00000024                      : PowerCC26X2.c.obj (.text.Power_registerNotify)
                  0000db68    00000024     rf_multiMode_cc26x2.a : RFCC26X2_multiMode.c.cc26x2.ticlang.o (.text.RF_clkPowerUp)
                  0000db8c    00000024                           : RFCC26X2_multiMode.c.cc26x2.ticlang.o (.text.RF_hwiCpe0ChangePhy)
                  0000dbb0    00000024                           : RFCC26X2_multiMode.c.cc26x2.ticlang.o (.text.RF_isStateTransitionAllowed)
                  0000dbd4    00000024                           : RFCC26X2_multiMode.c.cc26x2.ticlang.o (.text.RF_searchAndReplacePAOverride)
                  0000dbf8    00000024     ssd1306.o (.text.SSD1306_SetPosition)
                  0000dc1c    00000024     drivers_cc26x2.a : SPICC26X2DMA.c.obj (.text.releaseConstraint)
                  0000dc40    00000024     ti_sysbios_config.o (.text.ti_sysbios_family_arm_cc26xx_Timer_Params_init)
                  0000dc64    00000024     ti_sysbios_config.o (.text.ti_sysbios_knl_Task_Params_init)
                  0000dc88    00000022     ti_sysbios_config.o (.text.BIOS_setThreadType)
                  0000dcaa    00000022     drivers_cc26x2.a : List.c.obj (.text.List_get)
                  0000dccc    00000022     rf_multiMode_cc26x2.a : RFCC26X2_multiMode.c.cc26x2.ticlang.o (.text.RF_queueEnd)
                  0000dcee    00000022     w5500.o (.text.W5500_send_data_processing)
                  0000dd10    00000022     libc.a : memcmp.c.obj (.text.memcmp)
                  0000dd32    00000022     socket.o (.text.sendUDP)
                  0000dd54    00000022     ti_sysbios_config.o (.text.ti_sysbios_gates_GateMutex_leave)
                  0000dd76    00000022     ti_sysbios_config.o (.text.ti_sysbios_heaps_HeapMem_restore)
                  0000dd98    00000022     ti_sysbios_config.o (.text.ti_sysbios_knl_Clock_getTicks)
                  0000ddba    00000022     ti_sysbios_config.o (.text.ti_sysbios_knl_Clock_scheduleNextTick)
                  0000dddc    00000022     ti_sysbios_config.o (.text.ti_sysbios_knl_Queue_dequeue)
                  0000ddfe    00000022     ti_sysbios_config.o (.text.ti_sysbios_knl_Semaphore_destruct)
                  0000de20    00000020     Dhcp.o (.text.DHCP_reset_DHCP_lease)
                  0000de40    00000020     EthernetUdp.o (.text.EthernetUDP_write_byte)
                  0000de60    00000020     rf_multiMode_cc26x2.a : rfc.c.cc26x2.ticlang.o (.text.NOROM_RFCDoorbellSendTo)
                  0000de80    00000020                           : rfc.c.cc26x2.ticlang.o (.text.NOROM_RFCOverrideSearch)
                  0000dea0    00000020     drivers_cc26x2.a : PowerCC26X2_helpers.c.obj (.text.PowerCC26X2_disableTCXOQual)
                  0000dec0    00000020                      : PowerCC26X2_helpers.c.obj (.text.PowerCC26X2_enableTCXOQual)
                  0000dee0    00000020     ti_sysbios_config.o (.text.PowerCC26XX_schedulerDisable)
                  0000df00    00000020     ti_sysbios_config.o (.text.PowerCC26XX_schedulerRestore)
                  0000df20    00000020     drivers_cc26x2.a : PowerCC26X2.c.obj (.text.Power_unregisterNotify)
                  0000df40    00000020     rf_multiMode_cc26x2.a : RFCC26X2_multiMode.c.cc26x2.ticlang.o (.text.RF_cmdAlloc)
                  0000df60    00000020                           : RFCC26X2_multiMode.c.cc26x2.ticlang.o (.text.RF_invokeGlobalCallback)
                  0000df80    00000020                           : RFCC26X2_multiMode.c.cc26x2.ticlang.o (.text.RF_ratIsRunning)
                  0000dfa0    00000020     socket.o (.text.close)
                  0000dfc0    00000020     ti_sysbios_config.o (.text.ti_sysbios_family_arm_cc26xx_Timer_postInit)
                  0000dfe0    00000020     ti_sysbios_config.o (.text.ti_sysbios_family_arm_m3_Hwi_excHandler)
                  0000e000    00000020     ti_sysbios_config.o (.text.ti_sysbios_family_arm_m3_Hwi_post)
                  0000e020    00000020     ti_sysbios_config.o (.text.ti_sysbios_knl_ClockSupport_getCurrentTick)
                  0000e040    00000020     libclang_rt.builtins.a : floatunsidf.S.obj (.text)
                  0000e060    0000001e     ti_sysbios_config.o (.text.SwiP_Params_init)
                  0000e07e    0000001e     w5500.o (.text.W5500_writeSnCR)
                  0000e09c    0000001e     w5500.o (.text.W5500_writeSnIR)
                  0000e0ba    0000001e     w5500.o (.text.W5500_writeSnMR)
                  0000e0d8    0000001e     libc.a : memccpy.c.obj (.text.memccpy)
                  0000e0f6    0000001e     sysbios.a : Hwi_asm_switch_gnu.obj (.text.ti_sysbios_family_arm_m3_Hwi_switchAndRunFunc)
                  0000e114    0000001e     ti_sysbios_config.o (.text.ti_sysbios_family_arm_m3_Hwi_switchFromBootStack)
                  0000e132    0000001e     ti_sysbios_config.o (.text.ti_sysbios_knl_Task_unblock)
                  0000e150    0000001e     Printfg.o (.text.write_byte)
                  0000e16e    0000001c     EthernetClient.o (.text.EthernetClient_begin)
                  0000e18a    0000001c     EthernetClient.o (.text.EthernetClient_print)
                  0000e1a6    0000001c     EthernetUdp.o (.text.EthernetUDP_flush)
                  0000e1c2    00000002     --HOLE-- [fill = 0]
                  0000e1c4    0000001c     drivers_cc26x2.a : GPIO.c.obj (.text.GPIO_setCallback)
                  0000e1e0    0000001c                      : GPIOCC26XX.c.obj (.text.GPIO_setMux)
                  0000e1fc    0000001c     ti_sysbios_config.o (.text.HwiP_Params_init)
                  0000e218    0000001c     drivers_cc26x2.a : PowerCC26X2.c.obj (.text.Power_getTransitionLatency)
                  0000e234    0000001c     rf_multiMode_cc26x2.a : RFCC26X2_multiMode.c.cc26x2.ticlang.o (.text.RF_clkInactivityCallback)
                  0000e250    0000001c                           : RFCC26X2_multiMode.c.cc26x2.ticlang.o (.text.RF_getPAOverrideOffsetAndValue)
                  0000e26c    0000001c                           : RFCC26X2_multiMode.c.cc26x2.ticlang.o (.text.RF_powerConstraintSet)
                  0000e288    0000001c                           : RFCC26X2_multiMode.c.cc26x2.ticlang.o (.text.RF_swiFsm)
                  0000e2a4    0000001c     w5500.o (.text.W5500_writeSnDIPR)
                  0000e2c0    0000001c     drivers_cc26x2.a : TemperatureCC26X2.c.obj (.text.setTempLowerLimit)
                  0000e2dc    0000001c                      : TemperatureCC26X2.c.obj (.text.setTempUpperLimit)
                  0000e2f8    0000001c     ti_sysbios_config.o (.text.ti_sysbios_family_arm_cc26xx_Timer_dynamicStub)
                  0000e314    0000001c     ti_sysbios_config.o (.text.ti_sysbios_family_arm_m3_Hwi_Params_init)
                  0000e330    0000001c     dashboard_task.o (.text.ti_sysbios_family_arm_m3_Hwi_disable)
                  0000e34c    0000001c     ti_sysbios_config.o (.text.ti_sysbios_knl_Clock_Instance_finalize)
                  0000e368    0000001c     ti_sysbios_config.o (.text.ti_sysbios_knl_Clock_enqueueI)
                  0000e384    0000001c     ti_sysbios_config.o (.text.ti_sysbios_knl_Clock_start)
                  0000e3a0    0000001c     ti_sysbios_config.o (.text.ti_sysbios_knl_Queue_remove)
                  0000e3bc    0000001c     ti_sysbios_config.o (.text.ti_sysbios_knl_Swi_Params_init)
                  0000e3d8    0000001c     ti_sysbios_config.o (.text.ti_sysbios_knl_Swi_disable)
                  0000e3f4    0000001c     ti_sysbios_config.o (.text.ti_sysbios_knl_Task_disable)
                  0000e410    0000001a     ti_sysbios_config.o (.text.BIOS_exitFunc)
                  0000e42a    0000001a     ti_sysbios_config.o (.text.BIOS_getCpuFreq)
                  0000e444    0000001a     drivers_cc26x2.a : I2CCC26XX.c.obj (.text.I2CCC26XX_completeTransfer)
                  0000e45e    0000001a     ti_sysbios_config.o (.text.ti_sysbios_knl_Semaphore_Instance_finalize)
                  0000e478    00000018     ti_sysbios_config.o (.text.BIOS_exit)
                  0000e490    00000018     Dhcp.o (.text.DHCP_getDnsServerIp)
                  0000e4a8    00000018     Dhcp.o (.text.DHCP_getGatewayIp)
                  0000e4c0    00000018     Dhcp.o (.text.DHCP_getLocalIp)
                  0000e4d8    00000018     Dhcp.o (.text.DHCP_getSubnetMask)
                  0000e4f0    00000018     drivers_cc26x2.a : GPIOCC26XX.c.obj (.text.GPIO_disableInt)
                  0000e508    00000018                      : PowerCC26X2.c.obj (.text.PowerCC26XX_calibrate)
                  0000e520    00000018                      : PowerCC26X2.c.obj (.text.Power_idleFunc)
                  0000e538    00000018     rf_multiMode_cc26x2.a : RFCC26X2_multiMode.c.cc26x2.ticlang.o (.text.RF_restartClockTimeout)
                  0000e550    00000018     radio_proc.o (.text.Radio_SetCurrentProtocol)
                  0000e568    00000018     stv.o (.text.STV_WriteAtAddress)
                  0000e580    00000018     w5500.o (.text.W5500_writeSIR)
                  0000e598    00000018     libc.a : sprintf.c.obj (.text._outs)
                  0000e5b0    00000018     Printfg.o (.text.print)
                  0000e5c8    00000018     ti_sysbios_config.o (.text.ti_sysbios_family_arm_cc26xx_Timer_getCount64)
                  0000e5e0    00000018     ti_sysbios_config.o (.text.ti_sysbios_family_arm_m3_Hwi_setFunc)
                  0000e5f8    00000018     ti_sysbios_config.o (.text.ti_sysbios_knl_ClockSupport_setNextTick)
                  0000e610    00000018     sysbios.a : TaskSupport_asm_gnu.obj (.text.ti_sysbios_knl_TaskSupport_glue)
                  0000e628    00000016     ti_sysbios_config.o (.text.ClockP_Params_init)
                  0000e63e    00000016     drivers_cc26x2.a : List.c.obj (.text.List_clearList)
                  0000e654    00000016     radio_queue.o (.text.RadioQueue_hasPacket)
                  0000e66a    00000016     radio_queue.o (.text.RadioQueue_nextEntry)
                  0000e680    00000016     w5500.o (.text.W5500_readGAR)
                  0000e696    00000016     w5500.o (.text.W5500_readSIPR)
                  0000e6ac    00000016     w5500.o (.text.W5500_readSUBR)
                  0000e6c2    00000016     w5500.o (.text.W5500_readSnCR)
                  0000e6d8    00000016     w5500.o (.text.W5500_readSnIR)
                  0000e6ee    00000016     w5500.o (.text.W5500_readSnSR)
                  0000e704    00000016     w5500.o (.text.W5500_writeGAR)
                  0000e71a    00000016     w5500.o (.text.W5500_writeSHAR)
                  0000e730    00000016     w5500.o (.text.W5500_writeSIPR)
                  0000e746    00000016     w5500.o (.text.W5500_writeSUBR)
                  0000e75c    00000016     ArduinoCompatibility.o (.text.delay)
                  0000e772    00000016     socket.o (.text.disconnect)
                  0000e788    00000016     dashboard_task.o (.text.ti_sysbios_family_arm_m3_Hwi_enable)
                  0000e79e    00000016     ti_sysbios_config.o (.text.ti_sysbios_family_arm_m3_Hwi_enable)
                  0000e7b4    00000016     ti_sysbios_config.o (.text.ti_sysbios_knl_Intrinsics_maxbit)
                  0000e7ca    00000016     ti_sysbios_config.o (.text.ti_sysbios_knl_Queue_construct)
                  0000e7e0    00000016     ti_sysbios_config.o (.text.ti_sysbios_knl_Queue_empty)
                  0000e7f6    00000016     ti_sysbios_config.o (.text.ti_sysbios_runtime_SystemSupport_init)
                  0000e80c    00000016     ti_sysbios_config.o (.text.ti_sysbios_runtime_System_exit)
                  0000e822    00000014     ti_sysbios_config.o (.text.ClockP_setTimeout)
                  0000e836    00000002     --HOLE-- [fill = 0]
                  0000e838    00000014     drivers_cc26x2.a : GPIOCC26XX.c.obj (.text.GPIO_read)
                  0000e84c    00000014                      : GPIO.c.obj (.text.GPIO_setUserArg)
                  0000e860    00000014                      : I2CCC26XX.c.obj (.text.I2CCC26XX_postNotify)
                  0000e874    00000014                      : SPICC26X2DMA.c.obj (.text.OUTLINED_FUNCTION_0)
                  0000e888    00000014     rf_multiMode_cc26x2.a : RFCC26X2_multiMode.c.cc26x2.ticlang.o (.text.RF_dbellSyncOnAck)
                  0000e89c    00000014                           : RFCC26X2_multiMode.c.cc26x2.ticlang.o (.text.RF_flushCmd)
                  0000e8b0    00000014     ti_sysbios_config.o (.text.SwiP_or)
                  0000e8c4    00000014     drivers_cc26x2.a : TemperatureCC26X2.c.obj (.text.Temperature_getTemperature)
                  0000e8d8    00000014     libc.a : args_main.c.obj (.text._args_main)
                  0000e8ec    00000014     ti_sysbios_config.o (.text.ti_sysbios_family_arm_cc26xx_TimestampProvider_init)
                  0000e900    00000014     ti_sysbios_config.o (.text.ti_sysbios_family_arm_m3_Hwi_disable)
                  0000e914    00000014     ti_sysbios_config.o (.text.ti_sysbios_knl_Swi_Instance_finalize)
                  0000e928    00000014     ti_sysbios_config.o (.text.ti_sysbios_runtime_System_printf_va)
                  0000e93c    00000014     libclang_rt.builtins.a : aeabi_ldivmod.S.obj (.text)
                  0000e950    00000014                            : aeabi_memset.S.obj (.text)
                  0000e964    00000014                            : aeabi_uldivmod.S.obj (.text)
                  0000e978    00000012     EthernetUdp.o (.text.EthernetUDP_endPacket)
                  0000e98a    00000012     drivers_cc26x2.a : I2C.c.obj (.text.I2C_transfer)
                  0000e99c    00000012     ti_drivers_config.o (.text.configureCallbacks)
                  0000e9ae    00000012     ti_sysbios_config.o (.text.ti_sysbios_family_arm_m3_Hwi_destruct)
                  0000e9c0    00000012     ti_sysbios_config.o (.text.ti_sysbios_family_arm_m3_Hwi_doSwiRestore)
                  0000e9d2    00000012     ti_sysbios_config.o (.text.ti_sysbios_family_arm_m3_Hwi_doTaskRestore)
                  0000e9e4    00000012     ti_sysbios_config.o (.text.ti_sysbios_heaps_HeapMem_Params_init)
                  0000e9f6    00000012     ti_sysbios_config.o (.text.ti_sysbios_heaps_HeapMem_init)
                  0000ea08    00000012     ti_sysbios_config.o (.text.ti_sysbios_knl_Clock_Params_init)
                  0000ea1a    00000012     ti_sysbios_config.o (.text.ti_sysbios_knl_Clock_tick)
                  0000ea2c    00000012     ti_sysbios_config.o (.text.ti_sysbios_knl_Queue_Instance_init)
                  0000ea3e    00000012     ti_sysbios_config.o (.text.ti_sysbios_knl_Semaphore_Params_init)
                  0000ea50    00000012     libc.a : memcpy_t2.S.obj (.text:TI_memcpy_small)
                  0000ea62    00000010     ti_sysbios_config.o (.text.BIOS_start)
                  0000ea72    00000010     ti_sysbios_config.o (.text.ClockP_destruct)
                  0000ea82    00000010     ti_sysbios_config.o (.text.ClockP_getCpuFreq)
                  0000ea92    00000010     ti_sysbios_config.o (.text.ClockP_getTimeout)
                  0000eaa2    00000010     ti_sysbios_config.o (.text.ClockP_isActive)
                  0000eab2    00000010     ti_sysbios_config.o (.text.ClockP_start)
                  0000eac2    00000010     ti_sysbios_config.o (.text.ClockP_stop)
                  0000ead2    00000010     Ethernet.o (.text.Ethernet_gatewayIP)
                  0000eae2    00000010     Ethernet.o (.text.Ethernet_localIP)
                  0000eaf2    00000010     Ethernet.o (.text.Ethernet_subnetMask)
                  0000eb02    00000002     --HOLE-- [fill = 0]
                  0000eb04    00000010     drivers_cc26x2.a : GPIO.c.obj (.text.GPIO_getUserArg)
                  0000eb14    00000010                      : GPIOCC26XX.c.obj (.text.GPIO_write)
                  0000eb24    00000010     ti_sysbios_config.o (.text.HwiP_clearInterrupt)
                  0000eb34    00000010     ti_sysbios_config.o (.text.HwiP_destruct)
                  0000eb44    00000010     ti_sysbios_config.o (.text.HwiP_disable)
                  0000eb54    00000010     ti_sysbios_config.o (.text.HwiP_disableInterrupt)
                  0000eb64    00000010     ti_sysbios_config.o (.text.HwiP_enableInterrupt)
                  0000eb74    00000010     ti_sysbios_config.o (.text.HwiP_post)
                  0000eb84    00000010     ti_sysbios_config.o (.text.HwiP_restore)
                  0000eb94    00000010     rf_multiMode_cc26x2.a : rfc.c.cc26x2.ticlang.o (.text.NOROM_RFCCpeIntGetAndClear)
                  0000eba4    00000010                           : rfc.c.cc26x2.ticlang.o (.text.NOROM_RFCHwIntGetAndClear)
                  0000ebb4    00000010     drivers_cc26x2.a : PowerCC26X2_helpers.c.obj (.text.PowerCC26X2_oscCtlClearXtal)
                  0000ebc4    00000010                      : PowerCC26X2_helpers.c.obj (.text.PowerCC26X2_prcmEnableCacheRetention)
                  0000ebd4    00000010                      : PowerCC26X2_calibrateRCOSC_helpers.c.obj (.text.PowerCC26X2_readCtrim)
                  0000ebe4    00000010                      : PowerCC26X2_calibrateRCOSC_helpers.c.obj (.text.PowerCC26X2_readCtrimFract)
                  0000ebf4    00000010                      : PowerCC26X2_calibrateRCOSC_helpers.c.obj (.text.PowerCC26X2_readRtrim)
                  0000ec04    00000010                      : PowerCC26X2_helpers.c.obj (.text.PowerCC26X2_switchToTCXO)
                  0000ec14    00000010                      : PowerCC26X2.c.obj (.text.Power_getDependencyCount)
                  0000ec24    00000010     ti_sysbios_config.o (.text.SemaphoreP_destruct)
                  0000ec34    00000010     ti_sysbios_config.o (.text.SemaphoreP_post)
                  0000ec44    00000010     ti_sysbios_config.o (.text.SwiP_destruct)
                  0000ec54    00000010     ti_sysbios_config.o (.text.SwiP_disable)
                  0000ec64    00000010     ti_sysbios_config.o (.text.SwiP_getTrigger)
                  0000ec74    00000010     ti_sysbios_config.o (.text.SwiP_post)
                  0000ec84    00000010     ti_sysbios_config.o (.text.SwiP_restore)
                  0000ec94    00000010     ti_sysbios_config.o (.text.SysCtrlAonUpdate)
                  0000eca4    00000010     w5500.o (.text.W5500_getGatewayIp)
                  0000ecb4    00000010     w5500.o (.text.W5500_getIPAddress)
                  0000ecc4    00000010     w5500.o (.text.W5500_getSubnetMask)
                  0000ecd4    00000010     w5500.o (.text.W5500_setGatewayIp)
                  0000ece4    00000010     w5500.o (.text.W5500_setIPAddress)
                  0000ecf4    00000010     w5500.o (.text.W5500_setMACAddress)
                  0000ed04    00000010     w5500.o (.text.W5500_setSubnetMask)
                  0000ed14    00000010     ti_sysbios_config.o (.text.ti_sysbios_family_arm_cc26xx_Timer_setPeriod)
                  0000ed24    00000010     ti_sysbios_config.o (.text.ti_sysbios_knl_ClockSupport_getMaxTicks)
                  0000ed34    00000010     ti_sysbios_config.o (.text.ti_sysbios_knl_Clock_destruct)
                  0000ed44    00000010     ti_sysbios_config.o (.text.ti_sysbios_knl_Clock_isActive)
                  0000ed54    00000010     ti_sysbios_config.o (.text.ti_sysbios_knl_Clock_removeI)
                  0000ed64    00000010     ti_sysbios_config.o (.text.ti_sysbios_knl_Clock_setTimeout)
                  0000ed74    00000010     ti_sysbios_config.o (.text.ti_sysbios_knl_Idle_loop)
                  0000ed84    00000010     ti_sysbios_config.o (.text.ti_sysbios_knl_Queue_destruct)
                  0000ed94    00000010     ti_sysbios_config.o (.text.ti_sysbios_knl_Queue_elemClear)
                  0000eda4    00000010     ti_sysbios_config.o (.text.ti_sysbios_knl_Swi_enabled)
                  0000edb4    00000010     ti_sysbios_config.o (.text.ti_sysbios_runtime_Types_argToFloat)
                  0000edc4    00000010     libc.a : copy_zero_init.c.obj (.text:decompress:ZI)
                  0000edd4    0000000e     ti_sysbios_config.o (.text.BIOS_linkedWithIncorrectBootLibrary)
                  0000ede2    0000000e     EthernetUdp.o (.text.EthernetUDP_begin_init)
                  0000edf0    0000000e     ti_sysbios_config.o (.text.IntMasterDisable)
                  0000edfe    0000000e     ti_sysbios_config.o (.text.IntMasterEnable)
                  0000ee0c    0000000e     drivers_cc26x2.a : PowerCC26X2.c.obj (.text.OUTLINED_FUNCTION_0)
                  0000ee1a    0000000e     rf_multiMode_cc26x2.a : RFCC26X2_multiMode.c.cc26x2.ticlang.o (.text.OUTLINED_FUNCTION_0)
                  0000ee28    0000000e                           : RFCC26X2_multiMode.c.cc26x2.ticlang.o (.text.OUTLINED_FUNCTION_3)
                  0000ee36    0000000e     libc.a : strcpy.c.obj (.text.strcpy)
                  0000ee44    0000000e            : _printfi.c.obj (.text.strlen)
                  0000ee52    0000000e            : strlen.c.obj (.text.strlen)
[...]
0000eab3  ClockP_start                                                       
0000eac3  ClockP_stop                                                        
0000ead3  Ethernet_gatewayIP                                                 
0000eae3  Ethernet_localIP                                                   
0000eaf3  Ethernet_subnetMask                                                
0000eb05  GPIO_getUserArg                                                    
0000eb15  GPIO_write                                                         
0000eb25  HwiP_clearInterrupt                                                
0000eb35  HwiP_destruct                                                      
0000eb45  HwiP_disable                                                       
0000eb55  HwiP_disableInterrupt                                              
0000eb65  HwiP_enableInterrupt                                               
0000eb75  HwiP_post                                                          
0000eb85  HwiP_restore                                                       
0000eb95  NOROM_RFCCpeIntGetAndClear                                         
0000eba5  NOROM_RFCHwIntGetAndClear                                          
0000ebb5  PowerCC26X2_oscCtlClearXtal                                        
0000ebc5  PowerCC26X2_prcmEnableCacheRetention                               
0000ebd5  PowerCC26X2_readCtrim                                              
0000ebe5  PowerCC26X2_readCtrimFract                                         
0000ebf5  PowerCC26X2_readRtrim                                              
0000ec05  PowerCC26X2_switchToTCXO                                           
0000ec15  Power_getDependencyCount                                           
0000ec25  SemaphoreP_destruct                                                
0000ec35  SemaphoreP_post                                                    
0000ec45  SwiP_destruct                                                      
0000ec55  SwiP_disable                                                       
0000ec65  SwiP_getTrigger                                                    
0000ec75  SwiP_post                                                          
0000ec85  SwiP_restore                                                       
0000eca5  W5500_getGatewayIp                                                 
0000ecb5  W5500_getIPAddress                                                 
0000ecc5  W5500_getSubnetMask                                                
0000ecd5  W5500_setGatewayIp                                                 
0000ece5  W5500_setIPAddress                                                 
0000ecf5  W5500_setMACAddress                                                
0000ed05  W5500_setSubnetMask                                                
0000ed15  ti_sysbios_family_arm_cc26xx_Timer_setPeriod                       
0000ed25  ti_sysbios_knl_ClockSupport_getMaxTicks                            
0000ed35  ti_sysbios_knl_Clock_destruct                                      
0000ed45  ti_sysbios_knl_Clock_isActive                                      
0000ed55  ti_sysbios_knl_Clock_removeI                                       
0000ed65  ti_sysbios_knl_Clock_setTimeout                                    
0000ed75  ti_sysbios_knl_Idle_loop                                           
0000ed85  ti_sysbios_knl_Queue_destruct                                      
0000ed95  ti_sysbios_knl_Queue_elemClear                                     
0000eda5  ti_sysbios_knl_Swi_enabled                                         
0000edc5  __TI_zero_init                                                     
0000edd5  BIOS_linkedWithIncorrectBootLibrary                                
0000ede3  EthernetUDP_begin_init                                             
0000ee37  strcpy                                                             
0000ee53  strlen                                                             
0000ee8b  ti_sysbios_heaps_HeapMem_isBlocking                                
0000ee99  ti_sysbios_knl_Clock_stop                                          
0000eea7  ti_sysbios_runtime_SystemSupport_exit                              
0000eeb5  TI_memset_small                                                    
0000eec3  __TI_decompress_none                                               
0000eedd  BIOS_getThreadType                                                 
0000eee9  ClockP_getSystemTickPeriod                                         
0000eef5  EthernetUDP_available                                              
0000ef01  EthernetUDP_rawIPAddress                                           
0000ef0d  EthernetUDP_remotePort                                             
0000ef19  I2C_Params_init                                                    
0000ef25  NOROM_CPUcpsid                                                     
0000ef31  NOROM_CPUcpsie                                                     
0000ef49  PowerCC26X2_oscClockSourceGet                                      
0000ef55  PowerCC26X2_setPeriphDeepSleepEnable                               
0000ef61  PowerCC26X2_sysCtrlGetResetSource                                  
0000ef6d  PowerCC26X2_sysCtrlVoltageConditionalControl                       
0000ef79  Power_getConstraintMask                                            
0000ef85  RF_Params_init                                                     
0000ef91  Radio_GetCurrentProtocol                                           
0000ef9d  SPI_Params_init                                                    
0000efa9  STV_ReadFromAddress                                                
0000efb5  _register_lock                                                     
0000efc1  _register_unlock                                                   
0000efcd  resetSS                                                            
0000efd9  setSS                                                              
0000eff1  ti_sysbios_knl_Queue_head                                          
0000effd  ti_sysbios_knl_Queue_next                                          
0000f009  ti_sysbios_knl_Queue_prev                                          
0000f015  ti_sysbios_knl_Swi_getTrigger                                      
0000f021  ti_sysbios_knl_Swi_postInit                                        
0000f02d  ti_sysbios_knl_Swi_self                                            
0000f039  ti_sysbios_knl_Task_self                                           
0000f063  PowerCC26X2_sysCtrlStandby                                         
0000f06d  RadioQueue_getDQpointer                                            
0000f077  SPICC26X2DMA_init                                                  
0000f081  UDMACC26XX_hwiIntFxn                                               
0000f0bd  ti_sysbios_knl_Swi_startup                                         
0000f0c7  ti_sysbios_runtime_Error_check                                     
0000f0e5  Boot_trimDevice                                                    
0000f0ed  DHCP_presend_DHCP                                                  
0000f0fd  I2CSupport_masterFinish                                            
0000f105  NOROM_CPUdelay                                                     
0000f11d  PowerCC26X2_oschfTrySwitchToXosc                                   
0000f125  ResetISR                                                           
0000f12d  __aeabi_errno_addr                                                 
0000f135  _system_post_cinit                                                 
0000f13d  _system_pre_init                                                   
0000f14d  ti_sysbios_family_arm_m3_Hwi_startup                               
0000f155  ti_sysbios_runtime_Startup_reset                                   
0000f15d  ti_sysbios_runtime_System_exitSpin                                 
0000f165  I2CSupport_powerSetConstraint                                      
0000f177  SPI_transfer                                                       
0000f17d  random                                                             
0000f183  NOROM_RFCOverrideUpdate                                            
0000f18b  PowerCC26X2_oschfSwitchToRcosc                                     
0000f18f  PowerCC26X2_sysCtrlIdle                                            
0000f193  PowerCC26X2_turnOnXosc                                             
0000f197  RF_defaultExecutionPolicy                                          
0000f1a3  ti_sysbios_gates_GateMutex_canBlock                                
0000f1a7  ti_sysbios_knl_TaskSupport_getStackAlignment                       
0000f1ab  ti_sysbios_runtime_Memory_getMaxDefaultTypeAlign                   
0000f1af  ti_sysbios_runtime_SystemSupport_ready                             
0000f1b5  __aeabi_memcpy                                                     
0000f1b5  __aeabi_memcpy4                                                    
0000f1b5  __aeabi_memcpy8                                                    
0000f1b8  __c_args__                                                         
0000f7af  GPIO_pinLowerBound                                                 
00010132  GPIO_pinUpperBound                                                 
00010133  I2C_count                                                          
000102e0  __aeabi_ctype_table_                                               
000102e0  __aeabi_ctype_table_C                                              
00010723  SPI_count                                                          
00010724  ti_sysbios_family_arm_m3_Hwi_disablePriority                       
00010860  resourceDB                                                         
000108b4  spiCC26X2DMAHWAttrs                                                
0001093a  TemperatureCC26X2_config                                           
0001093b  ti_sysbios_knl_Clock_tickMode                                      
0001093c  SPI_defaultParams                                                  
0001095c  SSD1306_InitSequence                                               
000109b8  SPICC26X2DMA_fxnTable                                              
00010a00  i2cCC26xxHWAttrs                                                   
00010a47  ti_sysbios_knl_Task_checkStackFlag                                 
00010a48  PowerCC26X2_config                                                 
00010a81  ti_sysbios_knl_Task_initStackFlag                                  
00010a84  GPIO_config                                                        
00010aa4  RFCC26XX_hwAttrs                                                   
00010ab0  SPI_config                                                         
00010ae8  I2C_config                                                         
00010af0  UDMACC26XX_config                                                  
00010b00  ti_sysbios_knl_Idle_funcList                                       
00010b08  udmaCC26XXHWAttrs                                                  
00010b18  ti_sysbios_family_arm_m3_Hwi_swiTaskKeyAddress                     
00010b20  ti_sysbios_knl_Clock_tickPeriod                                    
00010b24  ti_sysbios_knl_Swi_numPriorities                                   
00010d04  __TI_Handler_Table_Base                                            
00010d10  __TI_Handler_Table_Limit                                           
00010d38  __TI_CINIT_Base                                                    
00010d68  __TI_CINIT_Limit                                                   
00010d68  __TI_CINIT_Warm                                                    
0004ffa8  __ccfg                                                             
20000000  __start___llvm_prf_bits                                            
20000000  __start___llvm_prf_cnts                                            
20000000  __stop___llvm_prf_bits                                             
20000000  __stop___llvm_prf_cnts                                             
20000000  ti_sysbios_family_arm_m3_Hwi_ramVectors                            
200000d8  PowerCC26X2_module                                                 
2000024c  gpioPinConfigs                                                     
20000330  ti_sysbios_knl_Clock_Module_state                                  
20000454  ble_pOverridesCommon                                               
200004a8  RFCMD_ieeeRX                                                       
200004e8  ti_sysbios_family_arm_m3_Hwi_Module_state                          
20000524  ti_sysbios_knl_Task_Module_state                                   
20000560  BIOS_Module_state                                                  
2000058c  ti_sysbios_knl_Swi_Module_state                                    
200005b4  RFCMD_bleRadioSetup                                                
200005d8  RFCMD_bleGenericRX                                                 
200005f8  ble_pOverrides2Mbps                                                
20000614  RFCMD_bleFrequencySynthesizer                                      
2000062c  RFCMD_ieeeFrequencySynthesizer                                     
20000644  RFCMD_ieeeRadioSetup                                               
2000065c  ble_pOverrides1Mbps                                                
20000674  RFCMD_bleGenericRXPar                                              
20000688  ble_pOverridesCoded                                                
2000069c  Ethernet_server_port                                               
200006ac  RFCMD_bleModeObject                                                
200006bc  RFCMD_ieeeModeObject                                               
200006cc  _hposcCoeffs                                                       
200006dc  ieee_pOverrides                                                    
200006ec  ti_sysbios_runtime_SysMin_Module_state                             
200006fc  ti_sysbios_family_arm_cc26xx_Timer_Module_state                    
20000708  ti_sysbios_runtime_Error_ignore                                    
20000714  ti_sysbios_runtime_System_Module_state                             
20000728  RFCC26XX_schedulerPolicy                                           
20000738  ti_sysbios_gates_GateMutex_Module_state                            
20000740  ti_sysbios_heaps_HeapMem_Module_state                              
20000748  ti_sysbios_knl_Semaphore_Module_state                              
20000754  EthernetClientPrintMethods                                         
20000758  EthernetUDPPrintMethods                                            
20000760  __aeabi_errno                                                      
20000764  _lock                                                              
20000768  _unlock                                                            
20000770  ti_sysbios_runtime_Memory_defaultHeapInstance                      
20000779  ti_sysbios_knl_Idle_initDone                                       
2000077a  ti_sysbios_runtime_Startup_done                                    
20001a50  __primary_heap_start__                                             
20005a50  __primary_heap_end__                                               
20007690  ti_sysbios_knl_Idle_taskStack                                      
20007a90  ti_sysbios_runtime_SysMin_outbuf                                   
2000830c  i2cCC26xxObjects                                                   
2000844c  _CIOBUF_                                                           
2000844c  __CIOBUF_                                                          
20008570  rfObject                                                           
20008670  spiCC26X2DMAObjects                                                
20008770  ti_sysbios_family_arm_m3_Hwi_dispatchTable                         
20008848  gpioCallbackFunctions                                              
200088c4  gpioUserArgs                                                       
200089a8  ti_sysbios_knl_ClockSupport_timerStruct                            
20008a08  ti_sysbios_knl_Idle_taskStruct                                     
20008b24  ti_sysbios_knl_Swi_readyQs                                         
20008b54  ti_sysbios_knl_Task_readyQs                                        
20008b84  BIOS_heapMemObject                                                 
20008bb0  BIOS_rtsGate                                                       
20008bd8  ti_sysbios_heaps_HeapMem_gate                                      
20008c00  dashboardTaskParams                                                
20008c24  initTaskParams                                                     
20008c48  sniffingTaskParams                                                 
20008c6c  Ethernet                                                           
20008c8c  rfParams                                                           
20008cac  ti_sysbios_runtime_System_atexitHandlers                           
20008ccc  udmaCC26XXObject                                                   
20008d24  ti_sysbios_hal_Seconds_Module_state                                
20008d48  ethernetUdp                                                        
20008d58  ieeeStats                                                          
20008d68  Dashboard_SemaphoreParams                                          
20008d74  Init_SemaphoreParams                                               
20008d80  bleStats                                                           
20008d9c  parmbuf                                                            
20008dbc  Dashboard_SemaphoreHandle                                          
20008dc0  Init_SemaphoreHandle                                               
20008dc4  PowerCC26XX_swiKey                                                 
20008dc8  PowerCC26XX_taskKey                                                
20008dcc  dashboardTaskHandle                                                
20008dd0  initTaskHandle                                                     
20008dd4  nRxBufFull                                                         
20008dd8  rfHandle                                                           
20008ddc  sniffingTaskHandle                                                 
20008de0  spi                                                                
20008de4  ti_sysbios_family_arm_cc26xx_TimestampProvider_Module_state        
20008de8  ti_sysbios_knl_Task_defaultStackHeap                               
20008dec  _counter                                                           
20008dee  ethernetServer                                                     
20008df0  rfCmdHandle                                                        
20008df2  CurrentRfProtocol                                                  
20011a00  __stack                                                            
20012000  __STACK_END                                                        
ffffffff  __TI_pprof_out_hndl                                                
ffffffff  __TI_prof_data_size                                                
ffffffff  __TI_prof_data_start                                               
ffffffff  __binit__                                                          
ffffffff  binit                                                              
UNDEFED   ITM_flush                                                          
UNDEFED   ITM_restore                                                        
UNDEFED   __mpu_init                                                         

[759 symbols]
