******************************************************************************
            TI ARM Clang Linker PC v2.1.2                      
******************************************************************************
>> Linked Tue Apr  9 21:24:53 2024

OUTPUT FILE NAME:   <multiSniff_LP_CC2652RB_tirtos7_ticlang2.out>
ENTRY POINT SYMBOL: "ResetISR"  address: 0000f269


MEMORY CONFIGURATION

         name            origin    length      used     unused   attr    fill
----------------------  --------  ---------  --------  --------  ----  --------
  FLASH                 00000000   00050000  00010f24  0003f0dc  R  X
  STV_R                 00050000   00000020  00000000  00000020  R   
  HTML                  00051000   00003000  00000000  00003000  R   
  GPRAM                 11000000   00002000  00000000  00002000  RW X
  SRAM                  20000000   00012000  0000815c  00009ea4  RW X
  MTU_BUFFER            20012000   00001500  00000000  00001500  RW  
  STV_W                 20013500   00000020  00000000  00000020   W  
  LOG_DATA              90000000   00040000  00000000  00040000  R   


SEGMENT ALLOCATION MAP

run origin  load origin   length   init length attrs members
----------  ----------- ---------- ----------- ----- -------
00000000    00000000    00010c88   00010c88    r-x
  00000000    00000000    0000003c   0000003c    r-- .resetVecs
  00000040    00000040    0000f2c0   0000f2c0    r-x .text
  0000f300    0000f300    00001988   00001988    r-- .rodata
00010c88    00010c88    00000008   00000008    rw-
  00010c88    00010c88    00000008   00000008    rw- .args
00010c90    00010c90    00000240   00000240    r--
  00010c90    00010c90    00000240   00000240    r-- .cinit
0004ffa8    0004ffa8    00000058   00000058    r--
  0004ffa8    0004ffa8    00000058   00000058    r-- .ccfg
200000d8    200000d8    000006a3   00000000    rw-
  200000d8    200000d8    000006a3   00000000    rw- .data
20001830    20001830    00000010   00000000    rw-
  20001830    20001830    00000010   00000000    rw- .TI.bound:dmaSpi0RxControlTableEntry
20001840    20001840    00000010   00000000    rw-
  20001840    20001840    00000010   00000000    rw- .TI.bound:dmaSpi0TxControlTableEntry
20001a30    20001a30    00000010   00000000    rw-
  20001a30    20001a30    00000010   00000000    rw- .TI.bound:dmaSpi0RxAltControlTableEntry
20001a40    20001a40    00000010   00000000    rw-
  20001a40    20001a40    00000010   00000000    rw- .TI.bound:dmaSpi0TxAltControlTableEntry
20001a50    20001a50    00004000   00000000    r--
  20001a50    20001a50    00004000   00000000    r-- .priheap
20005a50    20005a50    000033a1   00000000    rw-
  20005a50    20005a50    000033a1   00000000    rw- .bss
20011a00    20011a00    00000600   00000000    rw-
  20011a00    20011a00    00000600   00000000    rw- .stack


SECTION ALLOCATION MAP

 output                                  attributes/
section   page    origin      length       input sections
--------  ----  ----------  ----------   ----------------
.binit     0    00000000    00000000     

.cinit     0    00010c90    00000240     
                  00010c90    000001dc     (.cinit..data.load) [load image, compression = lzss]
                  00010e6c    0000000c     (__TI_handler_table)
                  00010e78    00000008     (.cinit..TI.bound:dmaSpi0RxAltControlTableEntry.load) [load image, compression = zero_init]
                  00010e80    00000008     (.cinit..TI.bound:dmaSpi0RxControlTableEntry.load) [load image, compression = zero_init]
                  00010e88    00000008     (.cinit..TI.bound:dmaSpi0TxAltControlTableEntry.load) [load image, compression = zero_init]
                  00010e90    00000008     (.cinit..TI.bound:dmaSpi0TxControlTableEntry.load) [load image, compression = zero_init]
                  00010e98    00000008     (.cinit..bss.load) [load image, compression = zero_init]
                  00010ea0    00000030     (__TI_cinit_table)

.init_array 
*          0    00000000    00000000     UNINITIALIZED

.ccfg      0    0004ffa8    00000058     
                  0004ffa8    00000058     ti_devices_config.o (.ccfg)

.data      0    200000d8    000006a3     UNINITIALIZED
                  200000d8    00000174     drivers_cc26x2.a : PowerCC26X2.c.obj (.data.PowerCC26X2_module)
                  2000024c    0000007c     ti_drivers_config.o (.data.gpioPinConfigs)
                  200002c8    00000068     rf_multiMode_cc26x2.a : RFCC26X2_multiMode.c.cc26x2.ticlang.o (.data..L_MergedGlobals.1)
                  20000330    00000068     ti_sysbios_config.o (.data.ti_sysbios_knl_Clock_Module_state)
                  20000398    00000064     rf_multiMode_cc26x2.a : RFCC26X2_multiMode.c.cc26x2.ticlang.o (.data..L_MergedGlobals.3)
                  200003fc    00000058                           : RFCC26X2_multiMode.c.cc26x2.ticlang.o (.data..L_MergedGlobals.2)
                  20000454    00000054     ti_radio_config.o (.data.ble_pOverridesCommon)
                  200004a8    00000040     ti_radio_config.o (.data.RFCMD_ieeeRX)
                  200004e8    0000003c     ti_sysbios_config.o (.data.ti_sysbios_family_arm_m3_Hwi_Module_state)
                  20000524    0000003c     ti_sysbios_config.o (.data.ti_sysbios_knl_Task_Module_state)
                  20000560    0000002c     ti_sysbios_config.o (.data.BIOS_Module_state)
                  2000058c    00000028     ti_sysbios_config.o (.data.ti_sysbios_knl_Swi_Module_state)
                  200005b4    00000024     ti_radio_config.o (.data.RFCMD_bleRadioSetup)
                  200005d8    00000020     ti_radio_config.o (.data.RFCMD_bleGenericRX)
                  200005f8    0000001c     ti_radio_config.o (.data.ble_pOverrides2Mbps)
                  20000614    00000018     ti_radio_config.o (.data.RFCMD_bleFrequencySynthesizer)
                  2000062c    00000018     ti_radio_config.o (.data.RFCMD_ieeeFrequencySynthesizer)
                  20000644    00000018     ti_radio_config.o (.data.RFCMD_ieeeRadioSetup)
                  2000065c    00000018     ti_radio_config.o (.data.ble_pOverrides1Mbps)
                  20000674    00000014     ti_radio_config.o (.data.RFCMD_bleGenericRXPar)
                  20000688    00000014     ti_radio_config.o (.data.ble_pOverridesCoded)
                  2000069c    00000010     Ethernet.o (.data.Ethernet_server_port)
                  200006ac    00000010     ti_radio_config.o (.data.RFCMD_bleModeObject)
                  200006bc    00000010     ti_radio_config.o (.data.RFCMD_ieeeModeObject)
                  200006cc    00000010     driverlib.lib : osc.o (.data._hposcCoeffs)
                  200006dc    00000010     ti_radio_config.o (.data.ieee_pOverrides)
                  200006ec    00000010     ti_sysbios_config.o (.data.ti_sysbios_runtime_SysMin_Module_state)
                  200006fc    0000000c     ti_sysbios_config.o (.data.ti_sysbios_family_arm_cc26xx_Timer_Module_state)
                  20000708    0000000c     ti_sysbios_config.o (.data.ti_sysbios_runtime_Error_ignore)
                  20000714    0000000c     ti_sysbios_config.o (.data.ti_sysbios_runtime_System_Module_state)
                  20000720    00000008     rf_multiMode_cc26x2.a : RFCC26X2_multiMode.c.cc26x2.ticlang.o (.data..L_MergedGlobals)
                  20000728    00000008                           : RFCC26X2_multiMode.c.cc26x2.ticlang.o (.data.RFCC26XX_schedulerPolicy)
                  20000730    00000008     ti_sysbios_config.o (.data.prefixStrings)
                  20000738    00000008     ti_sysbios_config.o (.data.ti_sysbios_gates_GateMutex_Module_state)
                  20000740    00000008     ti_sysbios_config.o (.data.ti_sysbios_heaps_HeapMem_Module_state)
                  20000748    00000008     ti_sysbios_config.o (.data.ti_sysbios_knl_Semaphore_Module_state)
                  20000750    00000004     drivers_cc26x2.a : TemperatureCC26X2.c.obj (.data..L_MergedGlobals)
                  20000754    00000004     EthernetClient.o (.data.EthernetClientPrintMethods)
                  20000758    00000004     EthernetUdp.o (.data.EthernetUDPPrintMethods)
                  2000075c    00000004     rf_multiMode_cc26x2.a : RFCC26X2_multiMode.c.cc26x2.ticlang.o (.data.RF_fsmActiveState.lfClockSourceLast)
                  20000760    00000004     libc.a : aeabi_portable.c.obj (.data.__aeabi_errno)
                  20000764    00000004            : _lock.c.obj (.data._lock)
                  20000768    00000004            : _lock.c.obj (.data._unlock)
                  2000076c    00000004     ti_sysbios_config.o (.data.terminatedList)
                  20000770    00000004     ti_sysbios_config.o (.data.ti_sysbios_runtime_Memory_defaultHeapInstance)
                  20000774    00000001     rf_multiMode_cc26x2.a : rf_patch_cpe_bt5.c.cc26x2.ticlang.o (.data.bBt5PatchEntered)
                  20000775    00000001                           : rf_patch_cpe_ieee_802_15_4.c.cc26x2.ticlang.o (.data.bIeee802154PatchEntered)
                  20000776    00000001     drivers_cc26x2.a : GPIOCC26X2.c.obj (.data.initCalled)
                  20000777    00000001                      : SPI.c.obj (.data.isInitialized)
                  20000778    00000001                      : TemperatureCC26X2.c.obj (.data.isInitialized)
                  20000779    00000001     ti_sysbios_config.o (.data.ti_sysbios_knl_Idle_initDone)
                  2000077a    00000001     ti_sysbios_config.o (.data.ti_sysbios_runtime_Startup_done)

.bss       0    20005a50    000033a1     UNINITIALIZED
                  20005a50    0000183c     radio_queue.o (.bss.RadioQueue_RXbuffer)
                  2000728c    00000401     ssd1306.o (.bss.SSD1306_LcdBufferInclStreamByte)
                  2000768d    00000002     ssd1306.o (.bss.SSD1306_SendCommand.buffer)
                  2000768f    00000001     dashboard_task.o (.bss.Dashboard_Main.readDestination)
                  20007690    00000400     (.common:ti_sysbios_knl_Idle_taskStack)
                  20007a90    00000400     (.common:ti_sysbios_runtime_SysMin_outbuf)
                  20007e90    000002c0     rf_multiMode_cc26x2.a : RFCC26X2_multiMode.c.cc26x2.ticlang.o (.bss.RF_cmdPool)
                  20008150    000001ba     html.o (.bss.valueBuffer)
                  2000830a    00000002     socket.o (.bss.local_port)
                  2000830c    00000140     (.common:i2cCC26xxObjects)
                  2000844c    00000120     libsysbm.a : trgmsg.c.obj (.bss:_CIOBUF_)
                  2000856c    00000004     radio_queue.o (.bss.RadioQueue_ReadEntry)
                  20008570    00000100     (.common:rfObject)
                  20008670    00000100     (.common:spiCC26X2DMAObjects)
                  20008770    000000d8     (.common:ti_sysbios_family_arm_m3_Hwi_dispatchTable)
                  20008848    0000007c     (.common:gpioCallbackFunctions)
                  200088c4    0000007c     (.common:gpioUserArgs)
                  20008940    00000068     rf_multiMode_cc26x2.a : RFCC26X2_multiMode.c.cc26x2.ticlang.o (.bss.RF_ratModule)
                  200089a8    00000060     (.common:ti_sysbios_knl_ClockSupport_timerStruct)
                  20008a08    00000058     (.common:ti_sysbios_knl_Idle_taskStruct)
                  20008a60    00000044                           : RFCC26X2_multiMode.c.cc26x2.ticlang.o (.bss.RF_clkInactivityObj)
                  20008aa4    00000044                           : RFCC26X2_multiMode.c.cc26x2.ticlang.o (.bss.RF_clkPowerUpObj)
                  20008ae8    0000003c                           : RFCC26X2_multiMode.c.cc26x2.ticlang.o (.bss.RF_swiHwObj)
                  20008b24    00000030     (.common:ti_sysbios_knl_Swi_readyQs)
                  20008b54    00000030     (.common:ti_sysbios_knl_Task_readyQs)
                  20008b84    0000002c     (.common:BIOS_heapMemObject)
                  20008bb0    00000028     (.common:BIOS_rtsGate)
                  20008bd8    00000028     (.common:ti_sysbios_heaps_HeapMem_gate)
                  20008c00    00000024     (.common:dashboardTaskParams)
                  20008c24    00000024     (.common:initTaskParams)
                  20008c48    00000024     (.common:sniffingTaskParams)
                  20008c6c    00000020     (.common:Ethernet)
                  20008c8c    00000020     (.common:rfParams)
                  20008cac    00000020     (.common:ti_sysbios_runtime_System_atexitHandlers)
                  20008ccc    00000020     (.common:udmaCC26XXObject)
                  20008cec    0000001c     drivers_cc26x2.a : TemperatureCC26X2.c.obj (.bss.batmonHwi)
                  20008d08    0000001c                      : GPIOCC26X2.c.obj (.bss.gpioHwi)
                  20008d24    00000014     (.common:ti_sysbios_hal_Seconds_Module_state)
                  20008d38    00000010     ssd1306.o (.bss._i2cParams)
                  20008d48    00000010     (.common:ethernetUdp)
                  20008d58    00000010     (.common:ieeeStats)
                  20008d68    0000000c     (.common:Dashboard_SemaphoreParams)
                  20008d74    0000000c     (.common:Init_SemaphoreParams)
                  20008d80    0000000c     (.common:bleStats)
                  20008d8c    00000008     radio_queue.o (.bss.RadioQueue_object)
                  20008d94    00000008     drivers_cc26x2.a : TemperatureCC26X2.c.obj (.bss.notificationList)
                  20008d9c    00000008     (.common:parmbuf)
                  20008da4    00000004     dashboard_task.o (.bss.StrTok.p)
                  20008da8    00000004     ssd1306.o (.bss._i2c)
                  20008dac    00000004     driverlib.lib : osc.o (.bss.oscHfGlobals.0)
                  20008db0    00000004                   : osc.o (.bss.oscHfGlobals.2)
                  20008db4    00000004                   : osc.o (.bss.oscHfGlobals.3)
                  20008db8    00000004                   : osc.o (.bss.oscHfGlobals.4)
                  20008dbc    00000004     (.common:Dashboard_SemaphoreHandle)
                  20008dc0    00000004     (.common:Init_SemaphoreHandle)
                  20008dc4    00000004     (.common:PowerCC26XX_swiKey)
                  20008dc8    00000004     (.common:PowerCC26XX_taskKey)
                  20008dcc    00000004     (.common:dashboardTaskHandle)
                  20008dd0    00000004     (.common:initTaskHandle)
                  20008dd4    00000004     (.common:rfHandle)
                  20008dd8    00000004     (.common:sniffingTaskHandle)
                  20008ddc    00000004     (.common:spi)
                  20008de0    00000004     (.common:ti_sysbios_family_arm_cc26xx_TimestampProvider_Module_state)
                  20008de4    00000004     (.common:ti_sysbios_knl_Task_defaultStackHeap)
                  20008de8    00000002     radio_proc.o (.bss.nRxBufFull)
                  20008dea    00000002     (.common:_counter)
                  20008dec    00000002     (.common:ethernetServer)
                  20008dee    00000002     (.common:rfCmdHandle)
                  20008df0    00000001     (.common:CurrentRfProtocol)

.stack     0    20011a00    00000600     UNINITIALIZED
                  20011a00    00000004     sysbios.a : boot_cortex_m.obj (.stack)
                  20011a04    000005fc     --HOLE--

.priheap   0    20001a50    00004000     UNINITIALIZED
                  20001a50    00004000     --HOLE--

.log_data 
*          0    90000000    00000000     COPY SECTION

.resetVecs 
*          0    00000000    0000003c     
                  00000000    0000003c     ti_sysbios_config.o (.resetVecs)

.vecs      0    20000000    000000d8     NOLOAD SECTION
                  20000000    000000d8     ti_sysbios_config.o (.vecs)

.text      0    00000040    0000f2c0     
                  00000040    000005f0     ti_sysbios_config.o (.text.ti_sysbios_runtime_System_doPrint)
                  00000630    000005ea     driverlib.lib : osc.o (.text.findHposcCoefficients)
                  00000c1a    00000002     ti_sysbios_config.o (.text.BIOS_nullFunc)
                  00000c1c    00000498     rf_multiMode_cc26x2.a : RFCC26X2_multiMode.c.cc26x2.ticlang.o (.text.RF_fsmActiveState)
                  000010b4    00000372     Dhcp.o (.text.DHCP_parseDHCPResponse)
                  00001426    00000002     ti_drivers_config.o (.text.Board_initHook)
                  00001428    000002f8     log.o (.text.Log_print)
                  00001720    000002c8     drivers_cc26x2.a : SPICC26X2DMA.c.obj (.text.SPICC26X2DMA_transfer)
                  000019e8    0000029c     rf_multiMode_cc26x2.a : RFCC26X2_multiMode.c.cc26x2.ticlang.o (.text.RF_open)
                  00001c84    00000268     libc.a : _printfi.c.obj (.text:__TI_printfi_minimal)
                  00001eec    0000025c     Dhcp.o (.text.DHCP_send_DHCP_MESSAGE)
                  00002148    00000236     Dhcp.o (.text.DHCP_request_DHCP_lease)
                  0000237e    00000002     drivers_cc26x2.a : I2C.c.obj (.text.I2C_init)
                  00002380    00000200     ti_sysbios_config.o (.text.ti_sysbios_runtime_System_printfExtend)
                  00002580    000001fa     ti_sysbios_config.o (.text.ti_sysbios_family_arm_m3_Hwi_excFillContext)
                  0000277a    00000002     rf_multiMode_cc26x2.a : rfc.c.cc26x2.ticlang.o (.text.NOROM_RFCCpePatchReset)
                  0000277c    000001dc                           : RFCC26X2_multiMode.c.cc26x2.ticlang.o (.text.RF_dispatchNextCmd)
                  00002958    000001d8     dashboard_task.o (.text.UpdateDashboardInfo)
                  00002b30    000001b6     libclang_rt.builtins.a : adddf3.S.obj (.text)
                  00002ce6    000001ae     drivers_cc26x2.a : SPICC26X2DMA.c.obj (.text.SPICC26X2DMA_hwiFxn)
                  00002e94    000001aa     ti_sysbios_config.o (.text.ti_sysbios_knl_TaskSupport_buildTaskStack)
                  0000303e    000001a6     init_task.o (.text.Init_Main)
                  000031e4    0000019a     ssd1306.o (.text.SSD1306_DrawLine)
                  0000337e    00000198     ti_sysbios_config.o (.text.ti_sysbios_family_arm_cc26xx_Timer_construct)
                  00003516    00000002     rf_multiMode_cc26x2.a : RFCC26X2_multiMode.c.cc26x2.ticlang.o (.text.RF_defaultCallback)
                  00003518    00000194     drivers_cc26x2.a : PowerCC26X2_calibrateRCOSC.c.obj (.text.PowerCC26X2_auxISR)
                  000036ac    00000192     dashboard_task.o (.text.SetStatusProperty)
                  0000383e    0000018e     ti_sysbios_config.o (.text.ti_sysbios_knl_Task_Instance_init)
                  000039cc    00000188     drivers_cc26x2.a : SPICC26X2DMA.c.obj (.text.SPICC26X2DMA_open)
                  00003b54    00000184     radio_proc.o (.text.initCmdObjects)
                  00003cd8    00000160     drivers_cc26x2.a : SPICC26X2DMA.c.obj (.text.configNextTransfer)
                  00003e38    00000158                      : PowerCC26X2.c.obj (.text.Power_sleep)
                  00003f90    0000014e     radio_proc.o (.text.Radio_SetUpAndBeginRx)
                  000040de    00000002     libclang_rt.builtins.a : aeabi_div0.c.obj (.text.__aeabi_ldiv0)
                  000040e0    00000148     rf_multiMode_cc26x2.a : RFCC26X2_multiMode.c.cc26x2.ticlang.o (.text.RF_radioOpDoneCb)
                  00004228    0000013e     ti_sysbios_config.o (.text.PowerCC26XX_standbyPolicy)
                  00004366    0000013e     ti_sysbios_config.o (.text.ti_sysbios_heaps_HeapMem_allocUnprotected)
                  000044a4    0000013c     drivers_cc26x2.a : I2CCC26XX.c.obj (.text.I2C_open)
                  000045e0    0000013c     ti_sysbios_config.o (.text.ti_sysbios_knl_Clock_workFuncDynamic)
                  0000471c    0000013a     sniffing_task.o (.text.Sniffing_Main)
                  00004856    00000136     IPAddress.o (.text.IPAddress_toString)
                  0000498c    00000136     libclang_rt.builtins.a : divdf3.S.obj (.text)
                  00004ac2    00000002     libc.a : _lock.c.obj (.text._nop)
                  00004ac4    00000134     driverlib.lib : osc.o (.text.findHposcPc)
                  00004bf8    00000130     Dhcp.o (.text.DHCP_checkLease)
                  00004d28    0000012c     rf_multiMode_cc26x2.a : RFCC26X2_multiMode.c.cc26x2.ticlang.o (.text.RF_close)
                  00004e54    0000012c                           : RFCC26X2_multiMode.c.cc26x2.ticlang.o (.text.RF_fsmSetupState)
                  00004f80    00000126     drivers_cc26x2.a : I2C.c.obj (.text.I2C_transferTimeout)
                  000050a6    00000002                      : PowerCC26X2.c.obj (.text.emptyClockFunc)
                  000050a8    00000124     rf_multiMode_cc26x2.a : RFCC26X2_multiMode.c.cc26x2.ticlang.o (.text.RF_abortCmd)
                  000051cc    00000122     drivers_cc26x2.a : SPICC26X2DMA.c.obj (.text.SPICC26X2DMA_transferCancel)
                  000052ee    00000002     ti_sysbios_config.o (.text.ti_sysbios_family_arm_cc26xx_Timer_startup)
                  000052f0    0000011c     sysbios.a : Hwi_asm_gnu.obj (.text.ti_sysbios_family_arm_m3_Hwi_dispatch)
                  0000540c    00000118     drivers_cc26x2.a : PowerCC26X2.c.obj (.text.Power_init)
                  00005524    00000118     rf_multiMode_cc26x2.a : RFCC26X2_multiMode.c.cc26x2.ticlang.o (.text.RF_decodeOverridePointers)
                  0000563c    00000118     ssd1306.o (.text.SSD1306_DrawChar)
                  00005754    0000010e     ti_sysbios_config.o (.text.ti_sysbios_knl_Semaphore_pend)
                  00005862    00000002     ti_sysbios_config.o (.text.ti_sysbios_knl_TaskSupport_init)
                  00005864    0000010c     drivers_cc26x2.a : PowerCC26X2_calibrateRCOSC.c.obj (.text.PowerCC26X2_calibrate)
                  00005970    0000010a     ti_sysbios_config.o (.text.ti_sysbios_knl_Task_Instance_finalize)
                  00005a7a    00000002     --HOLE-- [fill = 0]
                  00005a7c    00000108     rf_multiMode_cc26x2.a : RFCC26X2_multiMode.c.cc26x2.ticlang.o (.text.RF_fsmPowerUpState)
                  00005b84    00000104     drivers_cc26x2.a : GPIOCC26X2.c.obj (.text.GPIO_init)
                  00005c88    000000fe     ti_sysbios_config.o (.text.ti_sysbios_family_arm_m3_Hwi_Instance_init)
                  00005d86    00000002     --HOLE-- [fill = 0]
                  00005d88    000000fc     rf_multiMode_cc26x2.a : RFCC26X2_multiMode.c.cc26x2.ticlang.o (.text.RF_hwiCpe0Active)
                  00005e84    000000fc     libclang_rt.builtins.a : muldf3.S.obj (.text)
                  00005f80    000000f4     driverlib.lib : sys_ctrl.o (.text.NOROM_SysCtrlStandby)
                  00006074    000000f4     dashboard_task.o (.text.StrTok)
                  00006168    000000f2     radio_queue.o (.text.RadioQueue_create)
                  0000625a    000000ee     ti_sysbios_config.o (.text.ti_sysbios_knl_Clock_startI)
                  00006348    000000ea     dashboard_task.o (.text.Dashboard_Main)
                  00006432    00000002     --HOLE-- [fill = 0]
                  00006434    000000e8     drivers_cc26x2.a : I2CCC26XX.c.obj (.text.I2CCC26XX_hwiFxn)
                  0000651c    000000e8     socket.o (.text.send)
                  00006604    000000e4     driverlib.lib : setup.o (.text.NOROM_SetupTrimDevice)
                  000066e8    000000e4     ti_sysbios_config.o (.text.ti_sysbios_family_arm_m3_Hwi_initNVIC)
                  000067cc    000000da     ti_sysbios_config.o (.text.ti_sysbios_heaps_HeapMem_freeUnprotected)
                  000068a6    00000002     --HOLE-- [fill = 0]
                  000068a8    000000d8     drivers_cc26x2.a : SPICC26X2DMA.c.obj (.text.SPICC26X2DMA_control)
                  00006980    000000d0                      : PowerCC26X2.c.obj (.text.configureXOSCHF)
                  00006a50    000000cc     rf_multiMode_cc26x2.a : RFCC26X2_multiMode.c.cc26x2.ticlang.o (.text.RF_postCmd)
                  00006b1c    000000ca                           : RFCC26X2_multiMode.c.cc26x2.ticlang.o (.text.RF_updatePaConfiguration)
                  00006be6    000000c8     IPAddress.o (.text.IPAddress_fromString)
                  00006cae    000000c4     driverlib.lib : setup.o (.text.TrimAfterColdResetWakeupFromShutDown)
                  00006d72    000000c0     radio_proc.o (.text.Radio_CallbackFunction)
                  00006e32    000000c0     ti_sysbios_config.o (.text.ti_sysbios_knl_Clock_walkQueueDynamic)
                  00006ef2    000000c0     ti_sysbios_config.o (.text.ti_sysbios_knl_Swi_restoreHwi)
                  00006fb2    000000c0     ti_sysbios_config.o (.text.ti_sysbios_runtime_System_formatNum)
                  00007072    00000002     --HOLE-- [fill = 0]
                  00007074    000000bc     rf_multiMode_cc26x2.a : RFCC26X2_multiMode.c.cc26x2.ticlang.o (.text.RF_swiHw)
                  00007130    000000bc     ti_sysbios_config.o (.text.ti_sysbios_knl_Task_postInit)
                  000071ec    000000b8     ti_sysbios_config.o (.text.ti_sysbios_knl_Swi_Instance_init)
                  000072a4    000000b6     driverlib.lib : osc.o (.text.NOROM_OSC_HPOSCInitializeFrequencyOffsetParameters)
                  0000735a    000000b4                   : osc.o (.text.NOROM_OSCHF_AttemptToSwitchToXosc)
                  0000740e    00000002     --HOLE-- [fill = 0]
                  00007410    000000b4     drivers_cc26x2.a : PowerCC26X2.c.obj (.text.Power_releaseDependency)
                  000074c4    000000b4     socket.o (.text.socket)
                  00007578    000000b2     html.o (.text.Html_CopyHtmlToMtuBuffer)
                  0000762a    000000b0     dashboard_task.o (.text.HandleRestApi)
                  000076da    00000002     --HOLE-- [fill = 0]
                  000076dc    000000b0     drivers_cc26x2.a : PowerCC26X2.c.obj (.text.Power_setDependency)
                  0000778c    000000b0     libclang_rt.builtins.a : udivmoddi4.S.obj (.text)
                  0000783c    000000ac     rf_multiMode_cc26x2.a : RFCC26X2_multiMode.c.cc26x2.ticlang.o (.text.RF_pendCmd)
                  000078e8    000000a8     drivers_cc26x2.a : TemperatureCC26X2.c.obj (.text.temperatureHwiFxn)
                  00007990    000000a6     socket.o (.text.recv)
                  00007a36    00000002     --HOLE-- [fill = 0]
                  00007a38    000000a4     rf_multiMode_cc26x2.a : RFCC26X2_multiMode.c.cc26x2.ticlang.o (.text.RF_initRadioSetup)
                  00007adc    000000a2     ti_sysbios_config.o (.text.ti_sysbios_knl_TaskSupport_start)
                  00007b7e    000000a0     drivers_cc26x2.a : I2CCC26XX.c.obj (.text.I2CCC26XX_swiFxn)
                  00007c1e    00000002     --HOLE-- [fill = 0]
                  00007c20    000000a0     rf_multiMode_cc26x2.a : RFCC26X2_multiMode.c.cc26x2.ticlang.o (.text.RF_calculateDispatchTime)
                  00007cc0    0000009c     gui.o (.text.GUI_ChangeRx)
                  00007d5c    0000009c     ssd1306.o (.text.SSD1306_Init)
                  00007df8    0000009a     Ethernet.o (.text.Ethernet_begin_mac)
                  00007e92    0000009a     ti_sysbios_config.o (.text.ti_sysbios_knl_Task_schedule)
                  00007f2c    00000098     rf_multiMode_cc26x2.a : RFCC26X2_multiMode.c.cc26x2.ticlang.o (.text.RF_defaultSubmitPolicy)
                  00007fc4    00000098     ti_sysbios_config.o (.text.ti_sysbios_hal_Seconds_getTime)
                  0000805c    00000096     EthernetUdp.o (.text.EthernetUDP_begin)
                  000080f2    00000096     rf_multiMode_cc26x2.a : RFCC26X2_multiMode.c.cc26x2.ticlang.o (.text.RF_verifyGap)
                  00008188    00000094     Ethernet.o (.text.Ethernet_maintain)
                  0000821c    00000094     rf_multiMode_cc26x2.a : RFCC26X2_multiMode.c.cc26x2.ticlang.o (.text.RF_hposcRfCompensateFxn)
                  000082b0    00000094                           : RFCC26X2_multiMode.c.cc26x2.ticlang.o (.text.RF_ratRestartChannels)
                  00008344    00000094     ti_sysbios_config.o (.text.ti_sysbios_heaps_HeapMem_Instance_init)
                  000083d8    00000090     ti_sysbios_config.o (.text.ti_sysbios_knl_Task_sleep)
                  00008468    0000008e     gui.o (.text.GUI_Init)
                  000084f6    0000008e     ssd1306.o (.text.SSD1306_DrawPixel)
                  00008584    0000008e     ti_sysbios_config.o (.text.ti_sysbios_family_arm_m3_Hwi_excHandlerMin)
                  00008612    0000008e     ti_sysbios_config.o (.text.ti_sysbios_knl_Swi_runLoop)
                  000086a0    0000008c     drivers_cc26x2.a : GPIOCC26XX.c.obj (.text.GPIO_setConfig)
                  0000872c    0000008c     ti_sysbios_config.o (.text.ti_sysbios_family_arm_m3_Hwi_construct2)
                  000087b8    0000008a     EthernetClient.o (.text.EthernetClient_stop)
                  00008842    0000008a     EthernetServer.o (.text.EthernetServer_accept)
                  000088cc    0000008a     EthernetServer.o (.text.EthernetServer_available)
                  00008956    0000008a     ti_sysbios_config.o (.text.ti_sysbios_knl_Semaphore_post)
                  000089e0    00000088     rf_multiMode_cc26x2.a : RFCC26X2_multiMode.c.cc26x2.ticlang.o (.text.RF_cmdDispatchTime)
                  00008a68    00000088                           : RFCC26X2_multiMode.c.cc26x2.ticlang.o (.text.RF_discardPendCmd)
                  00008af0    00000088     ti_sysbios_config.o (.text.ti_sysbios_family_arm_m3_Hwi_postInit)
                  00008b78    00000086     ti_sysbios_config.o (.text.ti_sysbios_runtime_Memory_alloc)
                  00008bfe    00000084     EthernetUdp.o (.text.EthernetUDP_parsePacket)
                  00008c82    00000082     EthernetClient.o (.text.EthernetClient_connected)
                  00008d04    00000082     ti_sysbios_config.o (.text.ti_sysbios_family_arm_m3_Hwi_getStackInfo)
                  00008d86    00000080     driverlib.lib : sys_ctrl.o (.text.NOROM_SysCtrlSetRechargeBeforePowerDown)
                  00008e06    0000007e     ti_drivers_config.o (.text.Board_sendExtFlashByte)
                  00008e84    0000007e     driverlib.lib : chipinfo.o (.text.NOROM_ChipInfo_GetChipType)
                  00008f02    0000007e     ssd1306.o (.text.SSD1306_UpdatePosition)
                  00008f80    0000007c     rf_multiMode_cc26x2.a : RFCC26X2_multiMode.c.cc26x2.ticlang.o (.text.RF_ratDisableChannel)
                  00008ffc    0000007c     ti_sysbios_config.o (.text.SwiP_construct)
                  00009078    0000007c     ti_sysbios_config.o (.text.ti_sysbios_family_arm_cc26xx_Timer_periodicStub)
                  000090f4    0000007c     ti_sysbios_config.o (.text.ti_sysbios_knl_Swi_schedule)
                  00009170    0000007a     ti_sysbios_config.o (.text.ti_sysbios_family_arm_m3_Hwi_dispatchC)
                  000091ea    0000007a     ti_sysbios_config.o (.text.ti_sysbios_knl_Idle_init)
                  00009264    00000078     driverlib.lib : osc.o (.text.NOROM_OSCHF_SwitchToRcOscTurnOffXosc)
                  000092dc    00000078                   : osc.o (.text.NOROM_OSC_CapArrayAdjustWorkaround_Boot)
                  00009354    00000078     rf_multiMode_cc26x2.a : RFCC26X2_multiMode.c.cc26x2.ticlang.o (.text.RF_ratFreeChannel)
                  000093cc    00000078     drivers_cc26x2.a : SPICC26X2DMA.c.obj (.text.SPICC26X2DMA_close)
                  00009444    00000078     ti_sysbios_config.o (.text.ti_sysbios_family_arm_m3_Hwi_disableInterrupt)
                  000094bc    00000078     ti_sysbios_config.o (.text.ti_sysbios_knl_Swi_run)
                  00009534    00000078     ti_sysbios_config.o (.text.ti_sysbios_knl_Task_blockI)
                  000095ac    00000078     ti_sysbios_config.o (.text.ti_sysbios_knl_Task_startup)
                  00009624    00000076     gui.o (.text.GUI_ChangeProto)
                  0000969a    00000002     --HOLE-- [fill = 0]
                  0000969c    00000074     drivers_cc26x2.a : PowerCC26X2_calibrateRCOSC_helpers.c.obj (.text.PowerCC26X2_updateSubSecInc)
                  00009710    00000074     rf_multiMode_cc26x2.a : RFCC26X2_multiMode.c.cc26x2.ticlang.o (.text.RF_hwiHw)
                  00009784    00000074     drivers_cc26x2.a : TemperatureCC26X2.c.obj (.text.Temperature_init)
                  000097f8    00000074     ti_sysbios_config.o (.text.ti_sysbios_heaps_HeapMem_getStats)
                  0000986c    00000072     ti_sysbios_config.o (.text.ti_sysbios_family_arm_cc26xx_Timer_setThreshold)
                  000098de    00000070     EthernetServer.o (.text.EthernetServer_begin)
                  0000994e    00000002     --HOLE-- [fill = 0]
                  00009950    00000070     ArduinoCompatibility.o (.text.millis)
                  000099c0    00000070     ti_sysbios_config.o (.text.ti_sysbios_family_arm_m3_Hwi_enableInterrupt)
                  00009a30    0000006e     ti_sysbios_config.o (.text.BIOS_init)
                  00009a9e    0000006e     ti_drivers_config.o (.text.Board_shutDownExtFlash)
                  00009b0c    0000006e     libclang_rt.builtins.a : comparedf2.c.obj (.text.__gedf2)
                  00009b7a    00000002     --HOLE-- [fill = 0]
                  00009b7c    0000006e                            : comparedf2.c.obj (.text.__ledf2)
                  00009bea    0000006e     init_task.o (.text.byte2hex)
                  00009c58    0000006e     ti_sysbios_config.o (.text.ti_sysbios_knl_Clock_init)
                  00009cc6    0000006c     Dhcp.o (.text.DHCP_printByte)
                  00009d32    0000006c     EthernetUdp.o (.text.EthernetUDP_read_buf)
                  00009d9e    00000002     --HOLE-- [fill = 0]
                  00009da0    0000006c     rf_multiMode_cc26x2.a : RFCC26X2_multiMode.c.cc26x2.ticlang.o (.text.RF_issueRadioFreeCb)
                  00009e0c    0000006c     w5500.o (.text.W5500_read_buf)
                  00009e78    0000006a     html.o (.text.Html_strcpy)
                  00009ee2    0000006a     drivers_cc26x2.a : I2CCC26XX.c.obj (.text.I2CSupport_primeTransfer)
                  00009f4c    0000006a     radio_queue.o (.text.RadioQueue_takePacket)
                  00009fb6    0000006a     w5500.o (.text.W5500_write_buf)
                  0000a020    0000006a     main.o (.text.main)
                  0000a08a    0000006a     libc.a : copy_decompress_lzss.c.obj (.text:decompress:lzss)
                  0000a0f4    00000068     rf_multiMode_cc26x2.a : RFCC26X2_multiMode.c.cc26x2.ticlang.o (.text.RF_detachOverrides)
                  0000a15c    00000068     w5500.o (.text.W5500_send_data_processing_offset)
                  0000a1c4    00000066     EthernetClient.o (.text.EthernetClient_readBytesUntil)
                  0000a22a    00000066     ti_sysbios_config.o (.text.ti_sysbios_family_arm_cc26xx_Timer_start)
                  0000a290    00000066     ti_sysbios_config.o (.text.ti_sysbios_family_arm_m3_Hwi_Instance_finalize)
                  0000a2f6    00000002     --HOLE-- [fill = 0]
                  0000a2f8    00000064     drivers_cc26x2.a : PowerCC26X2_calibrateRCOSC.c.obj (.text.PowerCC26X2_initiateCalibration)
                  0000a35c    00000064     rf_multiMode_cc26x2.a : RFCC26X2_multiMode.c.cc26x2.ticlang.o (.text.RF_attachOverrides)
                  0000a3c0    00000064                           : RFCC26X2_multiMode.c.cc26x2.ticlang.o (.text.RF_dispatchNextEvent)
                  0000a424    00000064                           : RFCC26X2_multiMode.c.cc26x2.ticlang.o (.text.RF_hwiCpe0PowerFsm)
                  0000a488    00000064     SPIfg.o (.text.SPI_transf)
                  0000a4ec    00000064     ssd1306.o (.text.SSD1306_DrawString)
                  0000a550    00000064     drivers_cc26x2.a : UDMACC26XX.c.obj (.text.UDMACC26XX_open)
                  0000a5b4    00000064     gui.o (.text.ito2a)
                  0000a618    00000064     drivers_cc26x2.a : PowerCC26X2.c.obj (.text.oscillatorISR)
                  0000a67c    00000062     rf_multiMode_cc26x2.a : RFCC26X2_multiMode.c.cc26x2.ticlang.o (.text.RF_syncCb)
                  0000a6de    00000062     socket.o (.text.bufferData)
                  0000a740    00000062     libclang_rt.builtins.a : aeabi_dcmp.S.obj (.text)
                  0000a7a2    00000060     Dhcp.o (.text.DHCP_beginWithDHCP)
                  0000a802    00000060     drivers_cc26x2.a : SPICC26X2DMA.c.obj (.text.csnCallback)
                  0000a862    00000060     ti_sysbios_config.o (.text.ti_sysbios_knl_ClockSupport_init)
                  0000a8c2    00000002     --HOLE-- [fill = 0]
                  0000a8c4    0000005e     rf_multiMode_cc26x2.a : rfc.c.cc26x2.ticlang.o (.text.NOROM_RFCAnaDivTxOverride)
                  0000a922    0000005e     socket.o (.text.startUDP)
                  0000a980    0000005e     ti_sysbios_config.o (.text.ti_sysbios_knl_Swi_post)
                  0000a9de    0000005e     ti_sysbios_config.o (.text.ti_sysbios_runtime_Error_raiseX)
                  0000aa3c    0000005c     ti_sysbios_config.o (.text.ClockP_construct)
                  0000aa98    0000005c     libclang_rt.builtins.a : divmoddi4.c.obj (.text.__divmoddi4)
                  0000aaf4    0000005c     ti_sysbios_config.o (.text.ti_sysbios_heaps_HeapMem_alloc)
                  0000ab50    0000005c     ti_sysbios_config.o (.text.ti_sysbios_knl_Task_init)
                  0000abac    0000005a     init_task.o (.text.mac2string)
                  0000ac06    00000058     ti_sysbios_config.o (.text.AONRTCEventClear)
                  0000ac5e    00000058     ti_sysbios_config.o (.text.HwiP_construct)
                  0000acb6    00000002     --HOLE-- [fill = 0]
                  0000acb8    00000058     rf_multiMode_cc26x2.a : RFCC26X2_multiMode.c.cc26x2.ticlang.o (.text.RF_applyRfCorePatch)
                  0000ad10    00000058     radio_queue.o (.text.RadioQueue_reset)
                  0000ad68    00000058     radio_proc.o (.text.Radio_GetRxOk)
                  0000adc0    00000058     w5500.o (.text.W5500_recv_data_processing)
                  0000ae18    00000058     ti_sysbios_config.o (.text.ti_sysbios_family_arm_m3_Hwi_construct)
                  0000ae70    00000058     sysbios.a : Hwi_asm_switch_gnu.obj (.text.ti_sysbios_family_arm_m3_Hwi_initStacks)
                  0000aec8    00000058     ti_sysbios_config.o (.text.ti_sysbios_heaps_HeapMem_construct)
                  0000af20    00000058     ti_sysbios_config.o (.text.ti_sysbios_knl_Swi_init)
                  0000af78    00000056     ti_sysbios_config.o (.text.AONRTCCompareValueSet)
                  0000afce    00000056     SPIfg.o (.text.SPI_begin)
                  0000b024    00000056     ti_sysbios_config.o (.text.getTime)
                  0000b07a    00000056     ti_sysbios_config.o (.text.ti_sysbios_family_arm_cc26xx_Timer_getCurrentTick)
                  0000b0d0    00000056     ti_sysbios_config.o (.text.ti_sysbios_knl_Clock_Instance_init)
                  0000b126    00000056     ti_sysbios_config.o (.text.ti_sysbios_runtime_SystemSupport_flush)
                  0000b17c    00000056     ti_sysbios_config.o (.text.ti_sysbios_runtime_System_atexit)
                  0000b1d2    00000056     ti_sysbios_config.o (.text.ti_sysbios_runtime_System_putchar)
                  0000b228    00000054     ti_sysbios_config.o (.text.AONRTCChannelEnable)
                  0000b27c    00000054     ti_sysbios_config.o (.text.BIOS_startFunc)
                  0000b2d0    00000054     gui.o (.text.GUI_PeriodicUpdate)
                  0000b324    00000054     libsysbm.a : hostwrite.c.obj (.text.HOSTwrite)
                  0000b378    00000054     drivers_cc26x2.a : I2CCC26XX.c.obj (.text.I2CCC26XX_initHw)
                  0000b3cc    00000054     rf_multiMode_cc26x2.a : RFCC26X2_multiMode.c.cc26x2.ticlang.o (.text.RF_fsmXOSCState)
                  0000b420    00000054                           : RFCC26X2_multiMode.c.cc26x2.ticlang.o (.text.RF_getCurrentTime)
                  0000b474    00000054     libc.a : ltoa.c.obj (.text.ltoa)
                  0000b4c8    00000052     driverlib.lib : chipinfo.o (.text.NOROM_ChipInfo_GetHwRevision)
                  0000b51a    00000052     ti_sysbios_config.o (.text.usleep)
                  0000b56c    00000050     rf_multiMode_cc26x2.a : RFCC26X2_multiMode.c.cc26x2.ticlang.o (.text.RF_enableHPOSCTemperatureCompensation)
                  0000b5bc    00000050                           : RFCC26X2_multiMode.c.cc26x2.ticlang.o (.text.RF_wakeupNotification)
                  0000b60c    00000050     ti_sysbios_config.o (.text.ti_sysbios_family_arm_cc26xx_Timer_setNextTick)
                  0000b65c    0000004e     gui.o (.text.GUI_ChangeChannel)
                  0000b6aa    0000004e     w5500.o (.text.W5500_getRXReceivedSize)
                  0000b6f8    0000004e     w5500.o (.text.W5500_getTXFreeSize)
                  0000b746    0000004e     ti_sysbios_config.o (.text.ti_sysbios_knl_Swi_restore)
                  0000b794    0000004c     driverlib.lib : osc.o (.text.NOROM_OSC_HPOSCRelativeFrequencyOffsetGet)
                  0000b7e0    0000004c     rf_multiMode_cc26x2.a : rf_patch_cpe_bt5.c.cc26x2.ticlang.o (.text.configureBt5Patch)
                  0000b82c    0000004c     drivers_cc26x2.a : SPICC26X2DMA.c.obj (.text.initHw)
                  0000b878    0000004c     SPIfg.o (.text.initSS)
                  0000b8c4    0000004c     drivers_cc26x2.a : PowerCC26X2.c.obj (.text.switchXOSCHF)
                  0000b910    0000004c     ti_sysbios_config.o (.text.ti_sysbios_knl_Clock_getTimeout)
                  0000b95c    0000004c     ti_sysbios_config.o (.text.ti_sysbios_knl_Task_create)
                  0000b9a8    0000004c     ti_sysbios_config.o (.text.ti_sysbios_runtime_SystemSupport_putch)
                  0000b9f4    0000004c     ti_sysbios_config.o (.text.ti_sysbios_runtime_System_processAtExit)
                  0000ba40    0000004a     radio_proc.o (.text.Radio_StopRx)
                  0000ba8a    0000004a     ti_sysbios_config.o (.text.ti_sysbios_knl_Task_construct)
                  0000bad4    0000004a     ti_sysbios_config.o (.text.ti_sysbios_runtime_Error_print)
                  0000bb1e    00000048     EthernetClient.o (.text.EthernetClient_timedRead)
                  0000bb66    00000048     html.o (.text.Html_SetKeyValueInBuffer)
                  0000bbae    00000002     --HOLE-- [fill = 0]
                  0000bbb0    00000048     driverlib.lib : aux_sysif.o (.text.NOROM_AUXSYSIFOpModeChange)
                  0000bbf8    00000048     rf_multiMode_cc26x2.a : rfc.c.cc26x2.ticlang.o (.text.NOROM_RFCSynthPowerDown)
                  0000bc40    00000048     drivers_cc26x2.a : PowerCC26X2.c.obj (.text.PowerCC26XX_switchXOSC_HF)
                  0000bc88    00000048     ssd1306.o (.text.SSD1306_SendCommand)
                  0000bcd0    00000048     drivers_cc26x2.a : TemperatureCC26X2.c.obj (.text.Temperature_registerNotifyRange)
                  0000bd18    00000048     w5500.o (.text.W5500_init)
                  0000bd60    00000048     libc.a : atoi.c.obj (.text.atoi)
                  0000bda8    00000048     rf_multiMode_cc26x2.a : rf_patch_cpe_ieee_802_15_4.c.cc26x2.ticlang.o (.text.rf_patch_cpe_ieee_802_15_4)
                  0000bdf0    00000048     ti_sysbios_config.o (.text.ti_sysbios_family_arm_m3_Hwi_init)
                  0000be38    00000048     libclang_rt.builtins.a : fixdfsi.S.obj (.text)
                  0000be80    00000046     ti_sysbios_config.o (.text.ti_sysbios_knl_Semaphore_Instance_init)
                  0000bec6    00000046     ti_sysbios_config.o (.text.ti_sysbios_knl_Swi_construct)
                  0000bf0c    00000046     ti_sysbios_config.o (.text.ti_sysbios_knl_Task_processVitalTaskFlag)
                  0000bf52    00000046     ti_sysbios_config.o (.text.ti_sysbios_knl_Task_unblockI)
                  0000bf98    00000046     ti_sysbios_config.o (.text.ti_sysbios_runtime_SysMin_output)
                  0000bfde    00000044     ti_sysbios_config.o (.text.BIOS_rtsLock)
                  0000c022    00000002     --HOLE-- [fill = 0]
                  0000c024    00000044     drivers_cc26x2.a : GPIOCC26X2.c.obj (.text.GPIO_hwiIntFxn)
                  0000c068    00000044     gui.o (.text.GUI_ChangeDeviceIp)
                  0000c0ac    00000044     gui.o (.text.GUI_ChangeTargetIp)
                  0000c0f0    00000044     driverlib.lib : prcm.o (.text.NOROM_PRCMPowerDomainsAllOff)
                  0000c134    00000044                   : prcm.o (.text.NOROM_PRCMPowerDomainsAllOn)
                  0000c178    00000044     rf_multiMode_cc26x2.a : RFCC26X2_multiMode.c.cc26x2.ticlang.o (.text.RF_cmdGet)
                  0000c1bc    00000044                           : RFCC26X2_multiMode.c.cc26x2.ticlang.o (.text.RF_updatePowerupDuration)
                  0000c200    00000044     drivers_cc26x2.a : SPI.c.obj (.text.SPI_init)
                  0000c244    00000044     ti_sysbios_config.o (.text._pthread_cleanupFxn)
                  0000c288    00000044     drivers_cc26x2.a : TemperatureCC26X2.c.obj (.text.degreesToCode)
                  0000c2cc    00000044                      : TemperatureCC26X2.c.obj (.text.setNextThresholds)
                  0000c310    00000044     ti_sysbios_config.o (.text.ti_sysbios_knl_Task_restore)
                  0000c354    00000044     libclang_rt.builtins.a : fixunsdfsi.S.obj (.text)
                  0000c398    00000044     restart.o (.text)
                  0000c3dc    00000042     EthernetClient.o (.text.EthernetClient_write)
                  0000c41e    00000042     EthernetUdp.o (.text.EthernetUDP_read)
                  0000c460    00000042     ssd1306.o (.text.SSD1306_UpdateScreen)
                  0000c4a2    00000042     stv.o (.text.STV_WriteStringAtAddress)
                  0000c4e4    00000040     Ethernet.o (.text.Ethernet_begin_mac_ip_dns_gateway_subnet)
                  0000c524    00000040     main.o (.text.Main_CreateDashboardTask)
                  0000c564    00000040     main.o (.text.Main_CreateInitTask)
                  0000c5a4    00000040     main.o (.text.Main_CreateSniffingTask)
                  0000c5e4    00000040     drivers_cc26x2.a : PowerCC26X2_calibrateRCOSC.c.obj (.text.PowerCC26X2_RCOSC_clockFunc)
                  0000c624    00000040                      : PowerCC26X2_calibrateRCOSC_helpers.c.obj (.text.PowerCC26X2_setAclkRefSrc)
                  0000c664    00000040     rf_multiMode_cc26x2.a : RFCC26X2_multiMode.c.cc26x2.ticlang.o (.text.RF_updateHpOscOverride)
                  0000c6a4    00000040     drivers_cc26x2.a : SPI.c.obj (.text.SPI_open)
                  0000c6e4    00000040     ti_sysbios_config.o (.text.ti_sysbios_gates_GateMutex_enter)
                  0000c724    00000040     ti_sysbios_config.o (.text.ti_sysbios_knl_Semaphore_pendTimeout)
                  0000c764    00000040     ti_sysbios_config.o (.text.ti_sysbios_knl_Task_exit)
                  0000c7a4    0000003e     dashboard_task.o (.text.SendHtmlToClient)
                  0000c7e2    0000003e     w5500.o (.text.W5500_read)
                  0000c820    0000003e     w5500.o (.text.W5500_write)
                  0000c85e    0000003e     ti_sysbios_config.o (.text.ti_sysbios_knl_Clock_getTicksUntilInterrupt)
                  0000c89c    0000003c     ti_sysbios_config.o (.text.BIOS_atExitFunc)
                  0000c8d8    0000003c     drivers_cc26x2.a : GPIO.c.obj (.text.GPIO_resetConfig)
                  0000c914    0000003c     driverlib.lib : sys_ctrl.o (.text.NOROM_SysCtrlIdle)
                  0000c950    0000003c     drivers_cc26x2.a : PowerCC26X2_calibrateRCOSC_helpers.c.obj (.text.PowerCC26X2_setTdcClkSrc24M)
                  0000c98c    0000003c     ti_sysbios_config.o (.text.ti_sysbios_family_arm_m3_Hwi_setPriority)
                  0000c9c8    0000003c     ti_sysbios_config.o (.text.ti_sysbios_knl_Task_restoreHwi)
                  0000ca04    0000003c     drivers_cc26x2.a : TemperatureCC26X2.c.obj (.text.updateThresholds)
                  0000ca40    0000003c     Printfg.o (.text.write_string)
                  0000ca7c    0000003a     stv.o (.text.STV_CopyStvFromFlashIfNotYet)
                  0000cab6    0000003a     ssd1306.o (.text.sendData)
                  0000caf0    0000003a     ti_sysbios_config.o (.text.ti_sysbios_family_arm_m3_Hwi_clearInterrupt)
                  0000cb2a    00000038     ti_drivers_config.o (.text.Board_wakeUpExtFlash)
                  0000cb62    00000038     EthernetUdp.o (.text.EthernetUDP_stop)
                  0000cb9a    00000002     --HOLE-- [fill = 0]
                  0000cb9c    00000038     drivers_cc26x2.a : PowerCC26X2_helpers.c.obj (.text.PowerCC26X2_oscDisableQualifiers)
                  0000cbd4    00000038                      : UDMACC26XX.c.obj (.text.UDMACC26XX_close)
                  0000cc0c    00000038     w5500.o (.text.W5500_readSnRX_RD)
                  0000cc44    00000038     w5500.o (.text.W5500_readSnRX_RSR)
                  0000cc7c    00000038     w5500.o (.text.W5500_readSnTX_FSR)
                  0000ccb4    00000038     w5500.o (.text.W5500_readSnTX_WR)
                  0000ccec    00000038     socket.o (.text.listen)
                  0000cd24    00000038     rf_multiMode_cc26x2.a : rf_patch_cpe_bt5.c.cc26x2.ticlang.o (.text.rf_patch_cpe_bt5)
                  0000cd5c    00000038     libc.a : sprintf.c.obj (.text.sprintf)
                  0000cd94    00000038     ti_sysbios_config.o (.text.ti_sysbios_runtime_Startup_exec)
                  0000cdcc    00000038     libc.a : autoinit.c.obj (.text:__TI_auto_init_nobinit_nopinit)
                  0000ce04    00000038     libclang_rt.builtins.a : extendsfdf2.S.obj (.text)
                  0000ce3c    00000036     ti_sysbios_config.o (.text.BIOS_rtsUnlock)
                  0000ce72    00000036     ti_sysbios_config.o (.text.SemaphoreP_pend)
                  0000cea8    00000036     ti_sysbios_config.o (.text.ti_sysbios_knl_Swi_construct2)
                  0000cede    00000034     html.o (.text.Html_strset)
                  0000cf12    00000002     --HOLE-- [fill = 0]
                  0000cf14    00000034     drivers_cc26x2.a : PowerCC26X2.c.obj (.text.Power_releaseConstraint)
                  0000cf48    00000034     rf_multiMode_cc26x2.a : RFCC26X2_multiMode.c.cc26x2.ticlang.o (.text.RF_powerConstraintRelease)
                  0000cf7c    00000034                           : RFCC26X2_multiMode.c.cc26x2.ticlang.o (.text.RF_runDirectImmediateCmd)
                  0000cfb0    00000034     w5500.o (.text.W5500_read_data)
                  0000cfe4    00000034     w5500.o (.text.W5500_writeSn_buf)
                  0000d018    00000034     libsysbm.a : trgmsg.c.obj (.text.__TI_writemsg)
                  0000d04c    00000034     ti_sysbios_config.o (.text.ti_sysbios_family_arm_cc26xx_Timer_getMaxTicks)
                  0000d080    00000034     ti_sysbios_config.o (.text.ti_sysbios_knl_Queue_put)
                  0000d0b4    00000034     ti_sysbios_config.o (.text.ti_sysbios_runtime_System_vprintf)
                  0000d0e8    00000034     sysbios.a : boot_cortex_m.obj (.text:_c_int00)
                  0000d11c    00000032     ti_drivers_config.o (.text.Board_init)
                  0000d14e    00000032     EthernetUdp.o (.text.EthernetUDP_write)
                  0000d180    00000032     ti_sysbios_config.o (.text.ti_sysbios_knl_Semaphore_create)
                  0000d1b2    00000030     EthernetClient.o (.text.EthernetClient_read)
                  0000d1e2    00000002     --HOLE-- [fill = 0]
                  0000d1e4    00000030     drivers_cc26x2.a : GPIOCC26XX.c.obj (.text.GPIO_setInterruptConfig)
                  0000d214    00000030                      : PowerCC26X2.c.obj (.text.Power_setConstraint)
                  0000d244    00000030     rf_multiMode_cc26x2.a : RFCC26X2_multiMode.c.cc26x2.ticlang.o (.text.RF_checkCmdFsError)
                  0000d274    00000030     w5500.o (.text.W5500_writeSn)
                  0000d2a4    00000030     libsysbm.a : trgmsg.c.obj (.text.__TI_readmsg)
                  0000d2d4    00000030     radio_queue.o (.text.get16bitValue)
                  0000d304    00000030     drivers_cc26x2.a : PowerCC26X2.c.obj (.text.notify)
                  0000d334    00000030     ti_sysbios_config.o (.text.ti_sysbios_family_arm_m3_Hwi_plug)
                  0000d364    00000030     ti_sysbios_config.o (.text.ti_sysbios_heaps_HeapMem_free)
                  0000d394    00000030     ti_sysbios_config.o (.text.ti_sysbios_knl_Clock_construct)
                  0000d3c4    00000030     ti_sysbios_config.o (.text.ti_sysbios_knl_Idle_run)
                  0000d3f4    0000002e     EthernetClient.o (.text.EthernetClient_status)
                  0000d422    0000002e     EthernetUdp.o (.text.EthernetUDP_beginPacket_ip)
                  0000d450    0000002e     driverlib.lib : chipinfo.o (.text.NOROM_ThisLibraryIsFor_CC13x2_CC26x2_HwRev20AndLater_HaltIfViolated)
                  0000d47e    0000002e     rf_multiMode_cc26x2.a : RFCC26X2_multiMode.c.cc26x2.ticlang.o (.text.RF_calculateDeltaTimeUs)
                  0000d4ac    0000002e     ti_sysbios_config.o (.text._pthread_delete)
                  0000d4da    0000002e     ti_sysbios_config.o (.text.ti_sysbios_family_arm_m3_Hwi_initStack)
                  0000d508    0000002e     ti_sysbios_config.o (.text.ti_sysbios_gates_GateMutex_Instance_init)
                  0000d536    00000002     --HOLE-- [fill = 0]
                  0000d538    0000002e     libclang_rt.builtins.a : floatsidf.S.obj (.text)
                  0000d566    0000002c     ti_sysbios_config.o (.text.BIOS_registerRTSLock)
                  0000d592    0000002c     ti_sysbios_config.o (.text.BIOS_removeRTSLock)
                  0000d5be    00000002     --HOLE-- [fill = 0]
                  0000d5c0    0000002c     rf_multiMode_cc26x2.a : RFCC26X2_multiMode.c.cc26x2.ticlang.o (.text.RF_executeDirectImmediateCmd)
                  0000d5ec    0000002c     drivers_cc26x2.a : TemperatureCC26X2.c.obj (.text.Temperature_unregisterNotify)
                  0000d618    0000002c     w5500.o (.text.W5500_execCmdSn)
                  0000d644    0000002c     w5500.o (.text.W5500_writeSnDPORT)
                  0000d670    0000002c     w5500.o (.text.W5500_writeSnPORT)
                  0000d69c    0000002c     w5500.o (.text.W5500_writeSnRX_RD)
                  0000d6c8    0000002c     w5500.o (.text.W5500_writeSnTX_WR)
                  0000d6f4    0000002c     ti_sysbios_config.o (.text.ti_sysbios_knl_Semaphore_construct)
                  0000d720    0000002c     ti_sysbios_config.o (.text.ti_sysbios_runtime_Memory_free)
                  0000d74c    0000002a     IPAddress.o (.text.IPAddress_Init_str)
                  0000d776    0000002a     driverlib.lib : osc.o (.text.NOROM_OSCHF_TurnOnXosc)
                  0000d7a0    0000002a     radio_queue.o (.text.RadioQueue_init)
                  0000d7ca    0000002a     drivers_cc26x2.a : SPICC26X2DMA.c.obj (.text.SPICC26X2DMA_swiFxn)
                  0000d7f4    0000002a     ti_sysbios_config.o (.text.SemaphoreP_constructBinary)
                  0000d81e    0000002a     ti_sysbios_config.o (.text.ti_sysbios_knl_Clock_initI)
                  0000d848    0000002a     ti_sysbios_config.o (.text.ti_sysbios_knl_Task_enter)
                  0000d872    00000028     EthernetClient.o (.text.EthernetClient_available)
                  0000d89a    00000028     drivers_cc26x2.a : I2C.c.obj (.text.I2C_cancel)
                  0000d8c2    00000028                      : List.c.obj (.text.List_remove)
                  0000d8ea    00000002     --HOLE-- [fill = 0]
                  0000d8ec    00000028                      : PowerCC26X2.c.obj (.text.PowerCC26XX_isStableXOSC_HF)
                  0000d914    00000028     rf_multiMode_cc26x2.a : RFCC26X2_multiMode.c.cc26x2.ticlang.o (.text.RF_cmdStoreEvents)
                  0000d93c    00000028     w5500.o (.text.W5500_readSn)
                  0000d964    00000028     sysbios.a : Hwi_asm_gnu.obj (.text.ti_sysbios_family_arm_m3_Hwi_excHandlerAsm)
                  0000d98c    00000028     ti_sysbios_config.o (.text.ti_sysbios_gates_GateMutex_construct)
                  0000d9b4    00000028     ti_sysbios_config.o (.text.ti_sysbios_knl_Queue_enqueue)
                  0000d9dc    00000028     ti_sysbios_config.o (.text.ti_sysbios_knl_Swi_or)
                  0000da04    00000028     sysbios.a : TaskSupport_asm_gnu.obj (.text.ti_sysbios_knl_TaskSupport_swap)
                  0000da2c    00000028     ti_sysbios_config.o (.text.ti_sysbios_knl_Task_sleepTimeout)
                  0000da54    00000028     ti_sysbios_config.o (.text.ti_sysbios_runtime_System_init)
                  0000da7c    00000028     ti_sysbios_config.o (.text.ti_sysbios_runtime_System_printf)
                  0000daa4    00000026     drivers_cc26x2.a : List.c.obj (.text.List_insert)
                  0000daca    00000026                      : List.c.obj (.text.List_putHead)
                  0000daf0    00000026                      : SPICC26X2DMA.c.obj (.text.flushFifos)
                  0000db16    00000026     ti_sysbios_config.o (.text.ti_sysbios_family_arm_m3_Hwi_getHandle)
                  0000db3c    00000026     ti_sysbios_config.o (.text.ti_sysbios_knl_Swi_destruct)
                  0000db62    00000026     ti_sysbios_config.o (.text.ti_sysbios_knl_Task_allBlockedFunction)
                  0000db88    00000026     ti_sysbios_config.o (.text.ti_sysbios_knl_Task_delete)
                  0000dbae    00000026     ti_sysbios_config.o (.text.ti_sysbios_knl_Task_destruct)
                  0000dbd4    00000024     ti_sysbios_config.o (.text.HwiP_setFunc)
                  0000dbf8    00000024     drivers_cc26x2.a : List.c.obj (.text.List_put)
                  0000dc1c    00000024                      : PowerCC26X2_helpers.c.obj (.text.PowerCC26X2_getOscHfSourceReady)
                  0000dc40    00000024                      : PowerCC26X2_helpers.c.obj (.text.PowerCC26X2_setSubSecIncToXoscLf)
                  0000dc64    00000024                      : PowerCC26X2_calibrateRCOSC_helpers.c.obj (.text.PowerCC26X2_writeCtrim)
                  0000dc88    00000024                      : PowerCC26X2_calibrateRCOSC_helpers.c.obj (.text.PowerCC26X2_writeCtrimFract)
                  0000dcac    00000024                      : PowerCC26X2_calibrateRCOSC_helpers.c.obj (.text.PowerCC26X2_writeCtrimFractEn)
                  0000dcd0    00000024                      : PowerCC26X2_calibrateRCOSC_helpers.c.obj (.text.PowerCC26X2_writeRtrim)
                  0000dcf4    00000024                      : PowerCC26X2.c.obj (.text.Power_registerNotify)
                  0000dd18    00000024     rf_multiMode_cc26x2.a : RFCC26X2_multiMode.c.cc26x2.ticlang.o (.text.RF_clkPowerUp)
                  0000dd3c    00000024                           : RFCC26X2_multiMode.c.cc26x2.ticlang.o (.text.RF_hwiCpe0ChangePhy)
                  0000dd60    00000024                           : RFCC26X2_multiMode.c.cc26x2.ticlang.o (.text.RF_isStateTransitionAllowed)
                  0000dd84    00000024                           : RFCC26X2_multiMode.c.cc26x2.ticlang.o (.text.RF_searchAndReplacePAOverride)
                  0000dda8    00000024     ssd1306.o (.text.SSD1306_SetPosition)
                  0000ddcc    00000024     drivers_cc26x2.a : SPICC26X2DMA.c.obj (.text.releaseConstraint)
                  0000ddf0    00000024     ti_sysbios_config.o (.text.ti_sysbios_family_arm_cc26xx_Timer_Params_init)
                  0000de14    00000024     ti_sysbios_config.o (.text.ti_sysbios_knl_Task_Params_init)
                  0000de38    00000022     ti_sysbios_config.o (.text.BIOS_setThreadType)
                  0000de5a    00000022     drivers_cc26x2.a : List.c.obj (.text.List_get)
                  0000de7c    00000022     rf_multiMode_cc26x2.a : RFCC26X2_multiMode.c.cc26x2.ticlang.o (.text.RF_queueEnd)
                  0000de9e    00000022     w5500.o (.text.W5500_send_data_processing)
                  0000dec0    00000022     libc.a : memcmp.c.obj (.text.memcmp)
                  0000dee2    00000022     socket.o (.text.sendUDP)
                  0000df04    00000022     ti_sysbios_config.o (.text.ti_sysbios_gates_GateMutex_leave)
                  0000df26    00000022     ti_sysbios_config.o (.text.ti_sysbios_heaps_HeapMem_restore)
                  0000df48    00000022     ti_sysbios_config.o (.text.ti_sysbios_knl_Clock_getTicks)
                  0000df6a    00000022     ti_sysbios_config.o (.text.ti_sysbios_knl_Clock_scheduleNextTick)
                  0000df8c    00000022     ti_sysbios_config.o (.text.ti_sysbios_knl_Queue_dequeue)
                  0000dfae    00000022     ti_sysbios_config.o (.text.ti_sysbios_knl_Semaphore_destruct)
                  0000dfd0    00000020     Dhcp.o (.text.DHCP_reset_DHCP_lease)
                  0000dff0    00000020     EthernetUdp.o (.text.EthernetUDP_write_byte)
                  0000e010    00000020     rf_multiMode_cc26x2.a : rfc.c.cc26x2.ticlang.o (.text.NOROM_RFCDoorbellSendTo)
                  0000e030    00000020                           : rfc.c.cc26x2.ticlang.o (.text.NOROM_RFCOverrideSearch)
                  0000e050    00000020     drivers_cc26x2.a : PowerCC26X2_helpers.c.obj (.text.PowerCC26X2_disableTCXOQual)
                  0000e070    00000020                      : PowerCC26X2_helpers.c.obj (.text.PowerCC26X2_enableTCXOQual)
                  0000e090    00000020     ti_sysbios_config.o (.text.PowerCC26XX_schedulerDisable)
                  0000e0b0    00000020     ti_sysbios_config.o (.text.PowerCC26XX_schedulerRestore)
                  0000e0d0    00000020     drivers_cc26x2.a : PowerCC26X2.c.obj (.text.Power_unregisterNotify)
                  0000e0f0    00000020     rf_multiMode_cc26x2.a : RFCC26X2_multiMode.c.cc26x2.ticlang.o (.text.RF_cmdAlloc)
                  0000e110    00000020                           : RFCC26X2_multiMode.c.cc26x2.ticlang.o (.text.RF_invokeGlobalCallback)
                  0000e130    00000020                           : RFCC26X2_multiMode.c.cc26x2.ticlang.o (.text.RF_ratIsRunning)
                  0000e150    00000020     socket.o (.text.close)
                  0000e170    00000020     ti_sysbios_config.o (.text.ti_sysbios_family_arm_cc26xx_Timer_postInit)
                  0000e190    00000020     ti_sysbios_config.o (.text.ti_sysbios_family_arm_m3_Hwi_excHandler)
                  0000e1b0    00000020     ti_sysbios_config.o (.text.ti_sysbios_family_arm_m3_Hwi_post)
                  0000e1d0    00000020     ti_sysbios_config.o (.text.ti_sysbios_knl_ClockSupport_getCurrentTick)
                  0000e1f0    00000020     libclang_rt.builtins.a : floatunsidf.S.obj (.text)
                  0000e210    0000001e     ti_sysbios_config.o (.text.SwiP_Params_init)
                  0000e22e    0000001e     w5500.o (.text.W5500_writeSnCR)
                  0000e24c    0000001e     w5500.o (.text.W5500_writeSnIR)
                  0000e26a    0000001e     w5500.o (.text.W5500_writeSnMR)
                  0000e288    0000001e     libc.a : memccpy.c.obj (.text.memccpy)
                  0000e2a6    0000001e     sysbios.a : Hwi_asm_switch_gnu.obj (.text.ti_sysbios_family_arm_m3_Hwi_switchAndRunFunc)
                  0000e2c4    0000001e     ti_sysbios_config.o (.text.ti_sysbios_family_arm_m3_Hwi_switchFromBootStack)
                  0000e2e2    0000001e     ti_sysbios_config.o (.text.ti_sysbios_knl_Task_unblock)
                  0000e300    0000001e     Printfg.o (.text.write_byte)
                  0000e31e    0000001c     EthernetClient.o (.text.EthernetClient_begin)
                  0000e33a    0000001c     EthernetClient.o (.text.EthernetClient_print)
                  0000e356    0000001c     EthernetUdp.o (.text.EthernetUDP_flush)
                  0000e372    00000002     --HOLE-- [fill = 0]
                  0000e374    0000001c     drivers_cc26x2.a : GPIO.c.obj (.text.GPIO_setCallback)
                  0000e390    0000001c                      : GPIOCC26XX.c.obj (.text.GPIO_setMux)
                  0000e3ac    0000001c     ti_sysbios_config.o (.text.HwiP_Params_init)
                  0000e3c8    0000001c     drivers_cc26x2.a : PowerCC26X2.c.obj (.text.Power_getTransitionLatency)
                  0000e3e4    0000001c     rf_multiMode_cc26x2.a : RFCC26X2_multiMode.c.cc26x2.ticlang.o (.text.RF_clkInactivityCallback)
                  0000e400    0000001c                           : RFCC26X2_multiMode.c.cc26x2.ticlang.o (.text.RF_getPAOverrideOffsetAndValue)
                  0000e41c    0000001c                           : RFCC26X2_multiMode.c.cc26x2.ticlang.o (.text.RF_powerConstraintSet)
                  0000e438    0000001c                           : RFCC26X2_multiMode.c.cc26x2.ticlang.o (.text.RF_swiFsm)
                  0000e454    0000001c     w5500.o (.text.W5500_writeSnDIPR)
                  0000e470    0000001c     drivers_cc26x2.a : TemperatureCC26X2.c.obj (.text.setTempLowerLimit)
                  0000e48c    0000001c                      : TemperatureCC26X2.c.obj (.text.setTempUpperLimit)
                  0000e4a8    0000001c     ti_sysbios_config.o (.text.ti_sysbios_family_arm_cc26xx_Timer_dynamicStub)
                  0000e4c4    0000001c     ti_sysbios_config.o (.text.ti_sysbios_family_arm_m3_Hwi_Params_init)
                  0000e4e0    0000001c     ti_sysbios_config.o (.text.ti_sysbios_knl_Clock_Instance_finalize)
                  0000e4fc    0000001c     ti_sysbios_config.o (.text.ti_sysbios_knl_Clock_enqueueI)
                  0000e518    0000001c     ti_sysbios_config.o (.text.ti_sysbios_knl_Clock_start)
                  0000e534    0000001c     ti_sysbios_config.o (.text.ti_sysbios_knl_Queue_remove)
                  0000e550    0000001c     ti_sysbios_config.o (.text.ti_sysbios_knl_Swi_Params_init)
                  0000e56c    0000001c     ti_sysbios_config.o (.text.ti_sysbios_knl_Swi_disable)
                  0000e588    0000001c     ti_sysbios_config.o (.text.ti_sysbios_knl_Task_disable)
                  0000e5a4    0000001a     ti_sysbios_config.o (.text.BIOS_exitFunc)
                  0000e5be    0000001a     ti_sysbios_config.o (.text.BIOS_getCpuFreq)
                  0000e5d8    0000001a     drivers_cc26x2.a : I2CCC26XX.c.obj (.text.I2CCC26XX_completeTransfer)
                  0000e5f2    0000001a     ti_sysbios_config.o (.text.ti_sysbios_knl_Semaphore_Instance_finalize)
                  0000e60c    00000018     ti_sysbios_config.o (.text.BIOS_exit)
                  0000e624    00000018     Dhcp.o (.text.DHCP_getDnsServerIp)
                  0000e63c    00000018     Dhcp.o (.text.DHCP_getGatewayIp)
                  0000e654    00000018     Dhcp.o (.text.DHCP_getLocalIp)
                  0000e66c    00000018     Dhcp.o (.text.DHCP_getSubnetMask)
                  0000e684    00000018     drivers_cc26x2.a : GPIOCC26XX.c.obj (.text.GPIO_disableInt)
                  0000e69c    00000018                      : PowerCC26X2.c.obj (.text.PowerCC26XX_calibrate)
                  0000e6b4    00000018                      : PowerCC26X2.c.obj (.text.Power_idleFunc)
                  0000e6cc    00000018     rf_multiMode_cc26x2.a : RFCC26X2_multiMode.c.cc26x2.ticlang.o (.text.RF_restartClockTimeout)
                  0000e6e4    00000018     radio_proc.o (.text.Radio_SetCurrentProtocol)
                  0000e6fc    00000018     stv.o (.text.STV_WriteAtAddress)
                  0000e714    00000018     libc.a : sprintf.c.obj (.text._outs)
                  0000e72c    00000018     Printfg.o (.text.print)
                  0000e744    00000018     ti_sysbios_config.o (.text.ti_sysbios_family_arm_cc26xx_Timer_getCount64)
                  0000e75c    00000018     ti_sysbios_config.o (.text.ti_sysbios_family_arm_m3_Hwi_setFunc)
                  0000e774    00000018     ti_sysbios_config.o (.text.ti_sysbios_knl_ClockSupport_setNextTick)
                  0000e78c    00000018     sysbios.a : TaskSupport_asm_gnu.obj (.text.ti_sysbios_knl_TaskSupport_glue)
                  0000e7a4    00000016     ti_sysbios_config.o (.text.ClockP_Params_init)
                  0000e7ba    00000016     drivers_cc26x2.a : List.c.obj (.text.List_clearList)
                  0000e7d0    00000016     radio_queue.o (.text.RadioQueue_hasPacket)
                  0000e7e6    00000016     radio_queue.o (.text.RadioQueue_nextEntry)
                  0000e7fc    00000016     w5500.o (.text.W5500_readGAR)
                  0000e812    00000016     w5500.o (.text.W5500_readSIPR)
                  0000e828    00000016     w5500.o (.text.W5500_readSUBR)
                  0000e83e    00000016     w5500.o (.text.W5500_readSnCR)
                  0000e854    00000016     w5500.o (.text.W5500_readSnIR)
                  0000e86a    00000016     w5500.o (.text.W5500_readSnSR)
                  0000e880    00000016     w5500.o (.text.W5500_writeGAR)
                  0000e896    00000016     w5500.o (.text.W5500_writeSHAR)
                  0000e8ac    00000016     w5500.o (.text.W5500_writeSIPR)
                  0000e8c2    00000016     w5500.o (.text.W5500_writeSUBR)
                  0000e8d8    00000016     ArduinoCompatibility.o (.text.delay)
                  0000e8ee    00000016     socket.o (.text.disconnect)
                  0000e904    00000016     ti_sysbios_config.o (.text.ti_sysbios_family_arm_m3_Hwi_enable)
                  0000e91a    00000016     ti_sysbios_config.o (.text.ti_sysbios_knl_Intrinsics_maxbit)
                  0000e930    00000016     ti_sysbios_config.o (.text.ti_sysbios_knl_Queue_construct)
                  0000e946    00000016     ti_sysbios_config.o (.text.ti_sysbios_knl_Queue_empty)
                  0000e95c    00000016     ti_sysbios_config.o (.text.ti_sysbios_runtime_SystemSupport_init)
                  0000e972    00000016     ti_sysbios_config.o (.text.ti_sysbios_runtime_System_exit)
                  0000e988    00000014     ti_sysbios_config.o (.text.ClockP_setTimeout)
                  0000e99c    00000014     drivers_cc26x2.a : GPIOCC26XX.c.obj (.text.GPIO_read)
                  0000e9b0    00000014                      : GPIO.c.obj (.text.GPIO_setUserArg)
                  0000e9c4    00000014                      : I2CCC26XX.c.obj (.text.I2CCC26XX_postNotify)
                  0000e9d8    00000014                      : SPICC26X2DMA.c.obj (.text.OUTLINED_FUNCTION_0)
                  0000e9ec    00000014     rf_multiMode_cc26x2.a : RFCC26X2_multiMode.c.cc26x2.ticlang.o (.text.RF_dbellSyncOnAck)
                  0000ea00    00000014                           : RFCC26X2_multiMode.c.cc26x2.ticlang.o (.text.RF_flushCmd)
                  0000ea14    00000014     ti_sysbios_config.o (.text.SwiP_or)
                  0000ea28    00000014     drivers_cc26x2.a : TemperatureCC26X2.c.obj (.text.Temperature_getTemperature)
                  0000ea3c    00000014     libc.a : args_main.c.obj (.text._args_main)
                  0000ea50    00000014     ti_sysbios_config.o (.text.ti_sysbios_family_arm_cc26xx_TimestampProvider_init)
                  0000ea64    00000014     ti_sysbios_config.o (.text.ti_sysbios_family_arm_m3_Hwi_disable)
                  0000ea78    00000014     ti_sysbios_config.o (.text.ti_sysbios_knl_Swi_Instance_finalize)
                  0000ea8c    00000014     ti_sysbios_config.o (.text.ti_sysbios_runtime_System_printf_va)
                  0000eaa0    00000014     libclang_rt.builtins.a : aeabi_ldivmod.S.obj (.text)
                  0000eab4    00000014                            : aeabi_memset.S.obj (.text)
                  0000eac8    00000014                            : aeabi_uldivmod.S.obj (.text)
                  0000eadc    00000012     EthernetUdp.o (.text.EthernetUDP_endPacket)
                  0000eaee    00000012     drivers_cc26x2.a : I2C.c.obj (.text.I2C_transfer)
                  0000eb00    00000012     ti_sysbios_config.o (.text.ti_sysbios_family_arm_m3_Hwi_destruct)
                  0000eb12    00000012     ti_sysbios_config.o (.text.ti_sysbios_family_arm_m3_Hwi_doSwiRestore)
                  0000eb24    00000012     ti_sysbios_config.o (.text.ti_sysbios_family_arm_m3_Hwi_doTaskRestore)
                  0000eb36    00000012     ti_sysbios_config.o (.text.ti_sysbios_heaps_HeapMem_Params_init)
                  0000eb48    00000012     ti_sysbios_config.o (.text.ti_sysbios_heaps_HeapMem_init)
                  0000eb5a    00000012     ti_sysbios_config.o (.text.ti_sysbios_knl_Clock_Params_init)
                  0000eb6c    00000012     ti_sysbios_config.o (.text.ti_sysbios_knl_Clock_tick)
                  0000eb7e    00000012     ti_sysbios_config.o (.text.ti_sysbios_knl_Queue_Instance_init)
                  0000eb90    00000012     ti_sysbios_config.o (.text.ti_sysbios_knl_Semaphore_Params_init)
                  0000eba2    00000012     libc.a : memcpy_t2.S.obj (.text:TI_memcpy_small)
                  0000ebb4    00000010     ti_sysbios_config.o (.text.BIOS_start)
                  0000ebc4    00000010     ti_sysbios_config.o (.text.ClockP_destruct)
                  0000ebd4    00000010     ti_sysbios_config.o (.text.ClockP_getCpuFreq)
                  0000ebe4    00000010     ti_sysbios_config.o (.text.ClockP_getTimeout)
                  0000ebf4    00000010     ti_sysbios_config.o (.text.ClockP_isActive)
                  0000ec04    00000010     ti_sysbios_config.o (.text.ClockP_start)
                  0000ec14    00000010     ti_sysbios_config.o (.text.ClockP_stop)
                  0000ec24    00000010     Ethernet.o (.text.Ethernet_gatewayIP)
                  0000ec34    00000010     Ethernet.o (.text.Ethernet_localIP)
                  0000ec44    00000010     Ethernet.o (.text.Ethernet_subnetMask)
                  0000ec54    00000010     drivers_cc26x2.a : GPIO.c.obj (.text.GPIO_getUserArg)
                  0000ec64    00000010                      : GPIOCC26XX.c.obj (.text.GPIO_write)
                  0000ec74    00000010     ti_sysbios_config.o (.text.HwiP_clearInterrupt)
                  0000ec84    00000010     ti_sysbios_config.o (.text.HwiP_destruct)
                  0000ec94    00000010     ti_sysbios_config.o (.text.HwiP_disable)
                  0000eca4    00000010     ti_sysbios_config.o (.text.HwiP_disableInterrupt)
                  0000ecb4    00000010     ti_sysbios_config.o (.text.HwiP_enableInterrupt)
                  0000ecc4    00000010     ti_sysbios_config.o (.text.HwiP_post)
                  0000ecd4    00000010     ti_sysbios_config.o (.text.HwiP_restore)
                  0000ece4    00000010     rf_multiMode_cc26x2.a : rfc.c.cc26x2.ticlang.o (.text.NOROM_RFCCpeIntGetAndClear)
                  0000ecf4    00000010                           : rfc.c.cc26x2.ticlang.o (.text.NOROM_RFCHwIntGetAndClear)
                  0000ed04    00000010     drivers_cc26x2.a : PowerCC26X2_helpers.c.obj (.text.PowerCC26X2_oscCtlClearXtal)
                  0000ed14    00000010                      : PowerCC26X2_helpers.c.obj (.text.PowerCC26X2_prcmEnableCacheRetention)
                  0000ed24    00000010                      : PowerCC26X2_calibrateRCOSC_helpers.c.obj (.text.PowerCC26X2_readCtrim)
                  0000ed34    00000010                      : PowerCC26X2_calibrateRCOSC_helpers.c.obj (.text.PowerCC26X2_readCtrimFract)
                  0000ed44    00000010                      : PowerCC26X2_calibrateRCOSC_helpers.c.obj (.text.PowerCC26X2_readRtrim)
                  0000ed54    00000010                      : PowerCC26X2_helpers.c.obj (.text.PowerCC26X2_switchToTCXO)
                  0000ed64    00000010                      : PowerCC26X2.c.obj (.text.Power_getDependencyCount)
                  0000ed74    00000010     ti_sysbios_config.o (.text.SemaphoreP_destruct)
                  0000ed84    00000010     ti_sysbios_config.o (.text.SemaphoreP_post)
                  0000ed94    00000010     ti_sysbios_config.o (.text.SwiP_destruct)
                  0000eda4    00000010     ti_sysbios_config.o (.text.SwiP_disable)
                  0000edb4    00000010     ti_sysbios_config.o (.text.SwiP_getTrigger)
                  0000edc4    00000010     ti_sysbios_config.o (.text.SwiP_post)
                  0000edd4    00000010     ti_sysbios_config.o (.text.SwiP_restore)
                  0000ede4    00000010     ti_sysbios_config.o (.text.SysCtrlAonUpdate)
                  0000edf4    00000010     w5500.o (.text.W5500_getGatewayIp)
                  0000ee04    00000010     w5500.o (.text.W5500_getIPAddress)
                  0000ee14    00000010     w5500.o (.text.W5500_getSubnetMask)
                  0000ee24    00000010     w5500.o (.text.W5500_setGatewayIp)
                  0000ee34    00000010     w5500.o (.text.W5500_setIPAddress)
                  0000ee44    00000010     w5500.o (.text.W5500_setMACAddress)
                  0000ee54    00000010     w5500.o (.text.W5500_setSubnetMask)
                  0000ee64    00000010     ti_sysbios_config.o (.text.ti_sysbios_family_arm_cc26xx_Timer_setPeriod)
                  0000ee74    00000010     ti_sysbios_config.o (.text.ti_sysbios_knl_ClockSupport_getMaxTicks)
                  0000ee84    00000010     ti_sysbios_config.o (.text.ti_sysbios_knl_Clock_destruct)
                  0000ee94    00000010     ti_sysbios_config.o (.text.ti_sysbios_knl_Clock_isActive)
                  0000eea4    00000010     ti_sysbios_config.o (.text.ti_sysbios_knl_Clock_removeI)
                  0000eeb4    00000010     ti_sysbios_config.o (.text.ti_sysbios_knl_Clock_setTimeout)
                  0000eec4    00000010     ti_sysbios_config.o (.text.ti_sysbios_knl_Idle_loop)
                  0000eed4    00000010     ti_sysbios_config.o (.text.ti_sysbios_knl_Queue_destruct)
                  0000eee4    00000010     ti_sysbios_config.o (.text.ti_sysbios_knl_Queue_elemClear)
                  0000eef4    00000010     ti_sysbios_config.o (.text.ti_sysbios_knl_Swi_enabled)
                  0000ef04    00000010     ti_sysbios_config.o (.text.ti_sysbios_runtime_Types_argToFloat)
                  0000ef14    00000010     libc.a : copy_zero_init.c.obj (.text:decompress:ZI)
                  0000ef24    0000000e     ti_sysbios_config.o (.text.BIOS_linkedWithIncorrectBootLibrary)
                  0000ef32    0000000e     EthernetUdp.o (.text.EthernetUDP_begin_init)
                  0000ef40    0000000e     ti_sysbios_config.o (.text.IntMasterDisable)
                  0000ef4e    0000000e     ti_sysbios_config.o (.text.IntMasterEnable)
                  0000ef5c    0000000e     drivers_cc26x2.a : PowerCC26X2.c.obj (.text.OUTLINED_FUNCTION_0)
                  0000ef6a    0000000e     rf_multiMode_cc26x2.a : RFCC26X2_multiMode.c.cc26x2.ticlang.o (.text.OUTLINED_FUNCTION_0)
                  0000ef78    0000000e                           : RFCC26X2_multiMode.c.cc26x2.ticlang.o (.text.OUTLINED_FUNCTION_3)
                  0000ef86    0000000e     libc.a : strcpy.c.obj (.text.strcpy)
                  0000ef94    0000000e            : _printfi.c.obj (.text.strlen)
                  0000efa2    0000000e            : strlen.c.obj (.text.strlen)
                  0000efb0    0000000e     drivers_cc26x2.a : PowerCC26X2.c.obj (.text.switchToTCXO)
                  0000efbe    0000000e     ti_sysbios_config.o (.text.ti_sysbios_family_arm_m3_Hwi_restore)
                  0000efcc    0000000e     ti_sysbios_config.o (.text.ti_sysbios_heaps_HeapMem_isBlocking)
                  0000efda    0000000e     ti_sysbios_config.o (.text.ti_sysbios_knl_Clock_stop)
[...]
0000ebf5  ClockP_isActive                                                    
0000ec05  ClockP_start                                                       
0000ec15  ClockP_stop                                                        
0000ec25  Ethernet_gatewayIP                                                 
0000ec35  Ethernet_localIP                                                   
0000ec45  Ethernet_subnetMask                                                
0000ec55  GPIO_getUserArg                                                    
0000ec65  GPIO_write                                                         
0000ec75  HwiP_clearInterrupt                                                
0000ec85  HwiP_destruct                                                      
0000ec95  HwiP_disable                                                       
0000eca5  HwiP_disableInterrupt                                              
0000ecb5  HwiP_enableInterrupt                                               
0000ecc5  HwiP_post                                                          
0000ecd5  HwiP_restore                                                       
0000ece5  NOROM_RFCCpeIntGetAndClear                                         
0000ecf5  NOROM_RFCHwIntGetAndClear                                          
0000ed05  PowerCC26X2_oscCtlClearXtal                                        
0000ed15  PowerCC26X2_prcmEnableCacheRetention                               
0000ed25  PowerCC26X2_readCtrim                                              
0000ed35  PowerCC26X2_readCtrimFract                                         
0000ed45  PowerCC26X2_readRtrim                                              
0000ed55  PowerCC26X2_switchToTCXO                                           
0000ed65  Power_getDependencyCount                                           
0000ed75  SemaphoreP_destruct                                                
0000ed85  SemaphoreP_post                                                    
0000ed95  SwiP_destruct                                                      
0000eda5  SwiP_disable                                                       
0000edb5  SwiP_getTrigger                                                    
0000edc5  SwiP_post                                                          
0000edd5  SwiP_restore                                                       
0000edf5  W5500_getGatewayIp                                                 
0000ee05  W5500_getIPAddress                                                 
0000ee15  W5500_getSubnetMask                                                
0000ee25  W5500_setGatewayIp                                                 
0000ee35  W5500_setIPAddress                                                 
0000ee45  W5500_setMACAddress                                                
0000ee55  W5500_setSubnetMask                                                
0000ee65  ti_sysbios_family_arm_cc26xx_Timer_setPeriod                       
0000ee75  ti_sysbios_knl_ClockSupport_getMaxTicks                            
0000ee85  ti_sysbios_knl_Clock_destruct                                      
0000ee95  ti_sysbios_knl_Clock_isActive                                      
0000eea5  ti_sysbios_knl_Clock_removeI                                       
0000eeb5  ti_sysbios_knl_Clock_setTimeout                                    
0000eec5  ti_sysbios_knl_Idle_loop                                           
0000eed5  ti_sysbios_knl_Queue_destruct                                      
0000eee5  ti_sysbios_knl_Queue_elemClear                                     
0000eef5  ti_sysbios_knl_Swi_enabled                                         
0000ef15  __TI_zero_init                                                     
0000ef25  BIOS_linkedWithIncorrectBootLibrary                                
0000ef33  EthernetUDP_begin_init                                             
0000ef87  strcpy                                                             
0000efa3  strlen                                                             
0000efcd  ti_sysbios_heaps_HeapMem_isBlocking                                
0000efdb  ti_sysbios_knl_Clock_stop                                          
0000efe9  ti_sysbios_runtime_SystemSupport_exit                              
0000eff7  TI_memset_small                                                    
0000f005  __TI_decompress_none                                               
0000f01f  BIOS_getThreadType                                                 
0000f02b  ClockP_getSystemTickPeriod                                         
0000f037  EthernetUDP_available                                              
0000f043  EthernetUDP_rawIPAddress                                           
0000f04f  EthernetUDP_remotePort                                             
0000f05b  I2C_Params_init                                                    
0000f067  NOROM_CPUcpsid                                                     
0000f073  NOROM_CPUcpsie                                                     
0000f08d  PowerCC26X2_oscClockSourceGet                                      
0000f099  PowerCC26X2_setPeriphDeepSleepEnable                               
0000f0a5  PowerCC26X2_sysCtrlGetResetSource                                  
0000f0b1  PowerCC26X2_sysCtrlVoltageConditionalControl                       
0000f0bd  Power_getConstraintMask                                            
0000f0c9  RF_Params_init                                                     
0000f0d5  Radio_GetCurrentProtocol                                           
0000f0e1  SPI_Params_init                                                    
0000f0ed  STV_ReadFromAddress                                                
0000f0f9  _register_lock                                                     
0000f105  _register_unlock                                                   
0000f111  resetSS                                                            
0000f11d  setSS                                                              
0000f135  ti_sysbios_knl_Queue_head                                          
0000f141  ti_sysbios_knl_Queue_next                                          
0000f14d  ti_sysbios_knl_Queue_prev                                          
0000f159  ti_sysbios_knl_Swi_getTrigger                                      
0000f165  ti_sysbios_knl_Swi_postInit                                        
0000f171  ti_sysbios_knl_Swi_self                                            
0000f17d  ti_sysbios_knl_Task_self                                           
0000f1a7  PowerCC26X2_sysCtrlStandby                                         
0000f1b1  RadioQueue_getDQpointer                                            
0000f1bb  SPICC26X2DMA_init                                                  
0000f1c5  UDMACC26XX_hwiIntFxn                                               
0000f201  ti_sysbios_knl_Swi_startup                                         
0000f20b  ti_sysbios_runtime_Error_check                                     
0000f229  Boot_trimDevice                                                    
0000f231  DHCP_presend_DHCP                                                  
0000f241  I2CSupport_masterFinish                                            
0000f249  NOROM_CPUdelay                                                     
0000f261  PowerCC26X2_oschfTrySwitchToXosc                                   
0000f269  ResetISR                                                           
0000f271  __aeabi_errno_addr                                                 
0000f279  _system_post_cinit                                                 
0000f281  _system_pre_init                                                   
0000f291  ti_sysbios_family_arm_m3_Hwi_startup                               
0000f299  ti_sysbios_runtime_Startup_reset                                   
0000f2a1  ti_sysbios_runtime_System_exitSpin                                 
0000f2a9  I2CSupport_powerRelConstraint                                      
0000f2af  I2CSupport_powerSetConstraint                                      
0000f2c1  SPI_transfer                                                       
0000f2c7  random                                                             
0000f2cd  NOROM_RFCOverrideUpdate                                            
0000f2d5  PowerCC26X2_oschfSwitchToRcosc                                     
0000f2d9  PowerCC26X2_sysCtrlIdle                                            
0000f2dd  PowerCC26X2_turnOnXosc                                             
0000f2e1  RF_defaultExecutionPolicy                                          
0000f2ed  ti_sysbios_gates_GateMutex_canBlock                                
0000f2f1  ti_sysbios_knl_TaskSupport_getStackAlignment                       
0000f2f5  ti_sysbios_runtime_Memory_getMaxDefaultTypeAlign                   
0000f2f9  ti_sysbios_runtime_SystemSupport_ready                             
0000f2fd  __aeabi_memcpy                                                     
0000f2fd  __aeabi_memcpy4                                                    
0000f2fd  __aeabi_memcpy8                                                    
0000f8ef  GPIO_pinLowerBound                                                 
00010272  GPIO_pinUpperBound                                                 
00010273  I2C_count                                                          
00010420  __aeabi_ctype_table_                                               
00010420  __aeabi_ctype_table_C                                              
00010863  SPI_count                                                          
00010864  ti_sysbios_family_arm_m3_Hwi_swiTaskKeyAddress                     
00010999  TemperatureCC26X2_config                                           
0001099a  resourceDB                                                         
000109ee  ti_sysbios_knl_Clock_tickMode                                      
000109ef  ti_sysbios_knl_Task_checkStackFlag                                 
000109f0  spiCC26X2DMAHWAttrs                                                
00010a55  ti_sysbios_knl_Task_initStackFlag                                  
00010aa0  SPI_defaultParams                                                  
00010ac0  SSD1306_InitSequence                                               
00010b1c  SPICC26X2DMA_fxnTable                                              
00010b64  i2cCC26xxHWAttrs                                                   
00010bac  PowerCC26X2_config                                                 
00010be8  GPIO_config                                                        
00010c08  RFCC26XX_hwAttrs                                                   
00010c14  SPI_config                                                         
00010c4c  I2C_config                                                         
00010c54  UDMACC26XX_config                                                  
00010c64  ti_sysbios_knl_Idle_funcList                                       
00010c6c  udmaCC26XXHWAttrs                                                  
00010c80  ti_sysbios_knl_Clock_tickPeriod                                    
00010c84  ti_sysbios_knl_Swi_numPriorities                                   
00010c88  __c_args__                                                         
00010e6c  __TI_Handler_Table_Base                                            
00010e78  __TI_Handler_Table_Limit                                           
00010ea0  __TI_CINIT_Base                                                    
00010ed0  __TI_CINIT_Limit                                                   
00010ed0  __TI_CINIT_Warm                                                    
0004ffa8  __ccfg                                                             
20000000  __start___llvm_prf_bits                                            
20000000  __start___llvm_prf_cnts                                            
20000000  __stop___llvm_prf_bits                                             
20000000  __stop___llvm_prf_cnts                                             
20000000  ti_sysbios_family_arm_m3_Hwi_ramVectors                            
200000d8  PowerCC26X2_module                                                 
2000024c  gpioPinConfigs                                                     
20000330  ti_sysbios_knl_Clock_Module_state                                  
20000454  ble_pOverridesCommon                                               
200004a8  RFCMD_ieeeRX                                                       
200004e8  ti_sysbios_family_arm_m3_Hwi_Module_state                          
20000524  ti_sysbios_knl_Task_Module_state                                   
20000560  BIOS_Module_state                                                  
2000058c  ti_sysbios_knl_Swi_Module_state                                    
200005b4  RFCMD_bleRadioSetup                                                
200005d8  RFCMD_bleGenericRX                                                 
200005f8  ble_pOverrides2Mbps                                                
20000614  RFCMD_bleFrequencySynthesizer                                      
2000062c  RFCMD_ieeeFrequencySynthesizer                                     
20000644  RFCMD_ieeeRadioSetup                                               
2000065c  ble_pOverrides1Mbps                                                
20000674  RFCMD_bleGenericRXPar                                              
20000688  ble_pOverridesCoded                                                
2000069c  Ethernet_server_port                                               
200006ac  RFCMD_bleModeObject                                                
200006bc  RFCMD_ieeeModeObject                                               
200006cc  _hposcCoeffs                                                       
200006dc  ieee_pOverrides                                                    
200006ec  ti_sysbios_runtime_SysMin_Module_state                             
200006fc  ti_sysbios_family_arm_cc26xx_Timer_Module_state                    
20000708  ti_sysbios_runtime_Error_ignore                                    
20000714  ti_sysbios_runtime_System_Module_state                             
20000728  RFCC26XX_schedulerPolicy                                           
20000738  ti_sysbios_gates_GateMutex_Module_state                            
20000740  ti_sysbios_heaps_HeapMem_Module_state                              
20000748  ti_sysbios_knl_Semaphore_Module_state                              
20000754  EthernetClientPrintMethods                                         
20000758  EthernetUDPPrintMethods                                            
20000760  __aeabi_errno                                                      
20000764  _lock                                                              
20000768  _unlock                                                            
20000770  ti_sysbios_runtime_Memory_defaultHeapInstance                      
20000779  ti_sysbios_knl_Idle_initDone                                       
2000077a  ti_sysbios_runtime_Startup_done                                    
20001a50  __primary_heap_start__                                             
20005a50  __primary_heap_end__                                               
20007690  ti_sysbios_knl_Idle_taskStack                                      
20007a90  ti_sysbios_runtime_SysMin_outbuf                                   
2000830c  i2cCC26xxObjects                                                   
2000844c  _CIOBUF_                                                           
2000844c  __CIOBUF_                                                          
20008570  rfObject                                                           
20008670  spiCC26X2DMAObjects                                                
20008770  ti_sysbios_family_arm_m3_Hwi_dispatchTable                         
20008848  gpioCallbackFunctions                                              
200088c4  gpioUserArgs                                                       
200089a8  ti_sysbios_knl_ClockSupport_timerStruct                            
20008a08  ti_sysbios_knl_Idle_taskStruct                                     
20008b24  ti_sysbios_knl_Swi_readyQs                                         
20008b54  ti_sysbios_knl_Task_readyQs                                        
20008b84  BIOS_heapMemObject                                                 
20008bb0  BIOS_rtsGate                                                       
20008bd8  ti_sysbios_heaps_HeapMem_gate                                      
20008c00  dashboardTaskParams                                                
20008c24  initTaskParams                                                     
20008c48  sniffingTaskParams                                                 
20008c6c  Ethernet                                                           
20008c8c  rfParams                                                           
20008cac  ti_sysbios_runtime_System_atexitHandlers                           
20008ccc  udmaCC26XXObject                                                   
20008d24  ti_sysbios_hal_Seconds_Module_state                                
20008d48  ethernetUdp                                                        
20008d58  ieeeStats                                                          
20008d68  Dashboard_SemaphoreParams                                          
20008d74  Init_SemaphoreParams                                               
20008d80  bleStats                                                           
20008d9c  parmbuf                                                            
20008dbc  Dashboard_SemaphoreHandle                                          
20008dc0  Init_SemaphoreHandle                                               
20008dc4  PowerCC26XX_swiKey                                                 
20008dc8  PowerCC26XX_taskKey                                                
20008dcc  dashboardTaskHandle                                                
20008dd0  initTaskHandle                                                     
20008dd4  rfHandle                                                           
20008dd8  sniffingTaskHandle                                                 
20008ddc  spi                                                                
20008de0  ti_sysbios_family_arm_cc26xx_TimestampProvider_Module_state        
20008de4  ti_sysbios_knl_Task_defaultStackHeap                               
20008dea  _counter                                                           
20008dec  ethernetServer                                                     
20008dee  rfCmdHandle                                                        
20008df0  CurrentRfProtocol                                                  
20011a00  __stack                                                            
20012000  __STACK_END                                                        
ffffffff  __TI_pprof_out_hndl                                                
ffffffff  __TI_prof_data_size                                                
ffffffff  __TI_prof_data_start                                               
ffffffff  __binit__                                                          
ffffffff  binit                                                              
UNDEFED   ITM_flush                                                          
UNDEFED   ITM_restore                                                        
UNDEFED   __mpu_init                                                         

[758 symbols]
