******************************************************************************
            TI ARM Clang Linker PC v2.1.2                      
******************************************************************************
>> Linked Tue Dec 12 19:39:50 2023

OUTPUT FILE NAME:   <multiSniff_LP_CC2652RB_tirtos7_ticlang2.out>
ENTRY POINT SYMBOL: "ResetISR"  address: 00004c75


MEMORY CONFIGURATION

         name            origin    length      used     unused   attr    fill
----------------------  --------  ---------  --------  --------  ----  --------
  FLASH                 00000000   00050000  00005b3a  0004a4c6  R  X
  STV                   00050000   00000010  00000000  00000010  RW  
  GPRAM                 11000000   00002000  00000000  00002000  RW X
  SRAM                  20000000   00014000  00005b29  0000e4d7  RW X
  LOG_DATA              90000000   00040000  00000000  00040000  R   


SEGMENT ALLOCATION MAP

run origin  load origin   length   init length attrs members
----------  ----------- ---------- ----------- ----- -------
00000000    00000000    000059ba   000059ba    r-x
  00000000    00000000    0000003c   0000003c    r-- .resetVecs
  0000003c    0000003c    00000004   00000004    r-- .rodata.1
  00000040    00000040    00004c58   00004c58    r-x .text
  00004c98    00004c98    00000d22   00000d22    r-- .rodata.2
000059bc    000059bc    00000008   00000008    rw-
  000059bc    000059bc    00000008   00000008    rw- .args
000059c4    000059c4    00000120   00000120    r--
  000059c4    000059c4    00000120   00000120    r-- .cinit
0004ffa8    0004ffa8    00000058   00000058    r--
  0004ffa8    0004ffa8    00000058   00000058    r-- .ccfg
200000d8    200000d8    00001415   00000000    rw-
  200000d8    200000d8    00001054   00000000    rw- .bss
  20001130    20001130    000003bd   00000000    rw- .data
20001830    20001830    00000010   00000000    rw-
  20001830    20001830    00000010   00000000    rw- .TI.bound:dmaSpi0RxControlTableEntry
20001840    20001840    00000010   00000000    rw-
  20001840    20001840    00000010   00000000    rw- .TI.bound:dmaSpi0TxControlTableEntry
20001a30    20001a30    00000010   00000000    rw-
  20001a30    20001a30    00000010   00000000    rw- .TI.bound:dmaSpi0RxAltControlTableEntry
20001a40    20001a40    00000010   00000000    rw-
  20001a40    20001a40    00000010   00000000    rw- .TI.bound:dmaSpi0TxAltControlTableEntry
20001a50    20001a50    00004000   00000000    r--
  20001a50    20001a50    00004000   00000000    r-- .priheap
20013a00    20013a00    00000600   00000000    rw-
  20013a00    20013a00    00000600   00000000    rw- .stack


SECTION ALLOCATION MAP

 output                                  attributes/
section   page    origin      length       input sections
--------  ----  ----------  ----------   ----------------
.binit     0    00000000    00000000     

.cinit     0    000059c4    00000120     
                  000059c4    000000bc     (.cinit..data.load) [load image, compression = lzss]
                  00005a80    0000000c     (__TI_handler_table)
                  00005a8c    00000008     (.cinit..TI.bound:dmaSpi0RxAltControlTableEntry.load) [load image, compression = zero_init]
                  00005a94    00000008     (.cinit..TI.bound:dmaSpi0RxControlTableEntry.load) [load image, compression = zero_init]
                  00005a9c    00000008     (.cinit..TI.bound:dmaSpi0TxAltControlTableEntry.load) [load image, compression = zero_init]
                  00005aa4    00000008     (.cinit..TI.bound:dmaSpi0TxControlTableEntry.load) [load image, compression = zero_init]
                  00005aac    00000008     (.cinit..bss.load) [load image, compression = zero_init]
                  00005ab4    00000030     (__TI_cinit_table)

.init_array 
*          0    00000000    00000000     UNINITIALIZED

.ccfg      0    0004ffa8    00000058     
                  0004ffa8    00000058     ti_devices_config.o (.ccfg)

.rodata.1 
*          0    0000003c    00000004     
                  0000003c    00000004     ti_sysbios_config.o (.rodata.ti_sysbios_family_arm_m3_Hwi_swiTaskKeyAddress)

.text      0    00000040    00004c58     
                  00000040    00000304     ti_sysbios_config.o (.text.ti_sysbios_runtime_System_doPrint)
                  00000344    000001b6     libclang_rt.builtins.a : adddf3.S.obj (.text)
                  000004fa    00000002     ti_sysbios_config.o (.text.BIOS_nullFunc)
                  000004fc    00000194     drivers_cc26x2.a : PowerCC26X2_calibrateRCOSC.c.obj (.text.PowerCC26X2_auxISR)
                  00000690    00000158                      : PowerCC26X2.c.obj (.text.Power_sleep)
                  000007e8    00000144     ti_sysbios_config.o (.text.ti_sysbios_runtime_System_printfExtend)
                  0000092c    0000013c     drivers_cc26x2.a : I2CCC26XX.c.obj (.text.I2C_open)
                  00000a68    00000126                      : I2C.c.obj (.text.I2C_transferTimeout)
                  00000b8e    00000002                      : I2C.c.obj (.text.I2C_init)
                  00000b90    00000120     ti_sysbios_config.o (.text.ti_sysbios_family_arm_cc26xx_Timer_construct)
                  00000cb0    0000011c     sysbios.a : Hwi_asm_gnu.obj (.text.ti_sysbios_family_arm_m3_Hwi_dispatch)
                  00000dcc    00000118     drivers_cc26x2.a : PowerCC26X2.c.obj (.text.Power_init)
                  00000ee4    0000010c                      : PowerCC26X2_calibrateRCOSC.c.obj (.text.PowerCC26X2_calibrate)
                  00000ff0    00000104                      : GPIOCC26X2.c.obj (.text.GPIO_init)
                  000010f4    000000fc     libclang_rt.builtins.a : muldf3.S.obj (.text)
                  000011f0    000000f4     driverlib.lib : sys_ctrl.o (.text.NOROM_SysCtrlStandby)
                  000012e4    000000e8     drivers_cc26x2.a : I2CCC26XX.c.obj (.text.I2CCC26XX_hwiFxn)
                  000013cc    000000e4     driverlib.lib : setup.o (.text.NOROM_SetupTrimDevice)
                  000014b0    000000e4     ti_sysbios_config.o (.text.ti_sysbios_knl_Semaphore_pend)
                  00001594    000000d8     ti_sysbios_config.o (.text.ti_sysbios_family_arm_m3_Hwi_excFillContext)
                  0000166c    000000d0     drivers_cc26x2.a : PowerCC26X2.c.obj (.text.configureXOSCHF)
                  0000173c    000000cc     ssd1306.o (.text.SSD1306_DrawLine)
                  00001808    000000cc     ti_sysbios_config.o (.text.ti_sysbios_knl_Clock_workFuncDynamic)
                  000018d4    000000c4     driverlib.lib : setup.o (.text.TrimAfterColdResetWakeupFromShutDown)
                  00001998    000000b8     ti_sysbios_config.o (.text.ti_sysbios_knl_Task_Instance_finalize)
                  00001a50    000000b4     driverlib.lib : osc.o (.text.NOROM_OSCHF_AttemptToSwitchToXosc)
                  00001b04    000000b4     ti_sysbios_config.o (.text.PowerCC26XX_standbyPolicy)
                  00001bb8    000000b4     drivers_cc26x2.a : PowerCC26X2.c.obj (.text.Power_releaseDependency)
                  00001c6c    000000b0                      : PowerCC26X2.c.obj (.text.Power_setDependency)
                  00001d1c    000000b0     libclang_rt.builtins.a : udivmoddi4.S.obj (.text)
                  00001dcc    000000a4     ti_sysbios_config.o (.text.ti_sysbios_knl_Task_Instance_init)
                  00001e70    000000a0     drivers_cc26x2.a : I2CCC26XX.c.obj (.text.I2CCC26XX_swiFxn)
                  00001f10    0000009c     gui.o (.text.GUI_Init)
                  00001fac    00000094     ti_sysbios_config.o (.text.ti_sysbios_knl_Clock_startI)
                  00002040    0000008c     drivers_cc26x2.a : GPIOCC26XX.c.obj (.text.GPIO_setConfig)
                  000020cc    0000008c     ti_sysbios_config.o (.text.ti_sysbios_knl_Clock_init)
                  00002158    00000080     driverlib.lib : sys_ctrl.o (.text.NOROM_SysCtrlSetRechargeBeforePowerDown)
                  000021d8    00000080     ti_sysbios_config.o (.text.ti_sysbios_family_arm_m3_Hwi_initNVIC)
                  00002258    0000007c     ti_sysbios_config.o (.text.ti_sysbios_family_arm_m3_Hwi_postInit)
                  000022d4    00000078     driverlib.lib : osc.o (.text.NOROM_OSCHF_SwitchToRcOscTurnOffXosc)
                  0000234c    00000078                   : osc.o (.text.NOROM_OSC_CapArrayAdjustWorkaround_Boot)
                  000023c4    00000078     ti_sysbios_config.o (.text.ti_sysbios_knl_Task_postInit)
                  0000243c    00000074     drivers_cc26x2.a : PowerCC26X2_calibrateRCOSC_helpers.c.obj (.text.PowerCC26X2_updateSubSecInc)
                  000024b0    00000074     ti_sysbios_config.o (.text.ti_sysbios_knl_Swi_restoreHwi)
                  00002524    00000070     ti_sysbios_config.o (.text.ti_sysbios_family_arm_m3_Hwi_Instance_init)
                  00002594    00000070     ti_sysbios_config.o (.text.ti_sysbios_knl_Task_startup)
                  00002604    00000070     ti_sysbios_config.o (.text.ti_sysbios_runtime_System_formatNum)
                  00002674    0000006e     libclang_rt.builtins.a : comparedf2.c.obj (.text.__gedf2)
                  000026e2    00000002                            : aeabi_div0.c.obj (.text.__aeabi_ldiv0)
                  000026e4    0000006e                            : comparedf2.c.obj (.text.__ledf2)
                  00002752    00000002     libc.a : _lock.c.obj (.text._nop)
                  00002754    0000006c     ti_sysbios_config.o (.text.ti_sysbios_family_arm_m3_Hwi_dispatchC)
                  000027c0    0000006a     drivers_cc26x2.a : I2CCC26XX.c.obj (.text.I2CSupport_primeTransfer)
                  0000282a    0000006a     libc.a : copy_decompress_lzss.c.obj (.text:decompress:lzss)
                  00002894    00000068     ti_sysbios_config.o (.text.ti_sysbios_knl_Swi_run)
                  000028fc    00000064     drivers_cc26x2.a : PowerCC26X2_calibrateRCOSC.c.obj (.text.PowerCC26X2_initiateCalibration)
                  00002960    00000064                      : PowerCC26X2.c.obj (.text.oscillatorISR)
                  000029c4    00000064     ti_sysbios_config.o (.text.ti_sysbios_knl_Idle_init)
                  00002a28    00000064     ti_sysbios_config.o (.text.ti_sysbios_knl_TaskSupport_buildTaskStack)
                  00002a8c    00000062     libclang_rt.builtins.a : aeabi_dcmp.S.obj (.text)
                  00002aee    00000002     drivers_cc26x2.a : PowerCC26X2.c.obj (.text.emptyClockFunc)
                  00002af0    00000060     ssd1306.o (.text.SSD1306_DrawChar)
                  00002b50    00000060     ti_sysbios_config.o (.text.ti_sysbios_heaps_HeapMem_allocUnprotected)
                  00002bb0    00000060     ti_sysbios_config.o (.text.ti_sysbios_knl_Clock_walkQueueDynamic)
                  00002c10    00000060     ti_sysbios_config.o (.text.ti_sysbios_knl_Semaphore_post)
                  00002c70    00000060     ti_sysbios_config.o (.text.ti_sysbios_knl_Swi_schedule)
                  00002cd0    00000060     ti_sysbios_config.o (.text.ti_sysbios_runtime_Memory_alloc)
                  00002d30    00000058     sysbios.a : Hwi_asm_switch_gnu.obj (.text.ti_sysbios_family_arm_m3_Hwi_initStacks)
                  00002d88    00000054     libsysbm.a : hostwrite.c.obj (.text.HOSTwrite)
                  00002ddc    00000054     drivers_cc26x2.a : I2CCC26XX.c.obj (.text.I2CCC26XX_initHw)
                  00002e30    00000054     ssd1306.o (.text.SSD1306_Init)
                  00002e84    00000054     ti_sysbios_config.o (.text.ti_sysbios_runtime_Startup_exec)
                  00002ed8    00000052     driverlib.lib : chipinfo.o (.text.NOROM_ChipInfo_GetHwRevision)
                  00002f2a    00000002     ti_sysbios_config.o (.text.ti_sysbios_runtime_System_abortSpin)
                  00002f2c    00000050     ti_sysbios_config.o (.text.ti_sysbios_family_arm_m3_Hwi_excHandlerMin)
                  00002f7c    00000050     ti_sysbios_config.o (.text.ti_sysbios_knl_Swi_post)
                  00002fcc    00000050     ti_sysbios_config.o (.text.ti_sysbios_knl_Swi_runLoop)
                  0000301c    0000004e     gui.o (.text.GUI_ChangeChannel)
                  0000306a    0000004e     ti_sysbios_config.o (.text.ti_sysbios_heaps_HeapMem_freeUnprotected)
                  000030b8    0000004c     ti_sysbios_config.o (.text.BIOS_startFunc)
                  00003104    0000004c     driverlib.lib : osc.o (.text.NOROM_OSC_HPOSCRelativeFrequencyOffsetGet)
                  00003150    0000004c     drivers_cc26x2.a : PowerCC26X2.c.obj (.text.switchXOSCHF)
                  0000319c    0000004c     ti_sysbios_config.o (.text.ti_sysbios_heaps_HeapMem_alloc)
                  000031e8    0000004c     ti_sysbios_config.o (.text.ti_sysbios_knl_Swi_Instance_init)
                  00003234    00000048     ti_sysbios_config.o (.text.BIOS_init)
                  0000327c    00000048     driverlib.lib : aux_sysif.o (.text.NOROM_AUXSYSIFOpModeChange)
                  000032c4    00000048     ti_sysbios_config.o (.text.ti_sysbios_family_arm_cc26xx_Timer_start)
                  0000330c    00000048     ti_sysbios_config.o (.text.ti_sysbios_heaps_HeapMem_Instance_init)
                  00003354    00000048     ti_sysbios_config.o (.text.ti_sysbios_knl_Task_schedule)
                  0000339c    00000048     libclang_rt.builtins.a : fixdfsi.S.obj (.text)
                  000033e4    00000044     ti_sysbios_config.o (.text.BIOS_atExitFunc)
                  00003428    00000044     drivers_cc26x2.a : GPIOCC26X2.c.obj (.text.GPIO_hwiIntFxn)
                  0000346c    00000044     driverlib.lib : prcm.o (.text.NOROM_PRCMPowerDomainsAllOff)
                  000034b0    00000044                   : prcm.o (.text.NOROM_PRCMPowerDomainsAllOn)
                  000034f4    00000044     ti_sysbios_config.o (.text.ti_sysbios_family_arm_m3_Hwi_construct2)
                  00003538    00000044     ti_sysbios_config.o (.text.ti_sysbios_family_arm_m3_Hwi_disableInterrupt)
                  0000357c    00000044     ti_sysbios_config.o (.text.ti_sysbios_family_arm_m3_Hwi_enableInterrupt)
                  000035c0    00000044     ti_sysbios_config.o (.text.ti_sysbios_knl_Swi_restore)
                  00003604    00000044     ti_sysbios_config.o (.text.ti_sysbios_runtime_Error_raiseX)
                  00003648    00000044     libclang_rt.builtins.a : fixunsdfsi.S.obj (.text)
                  0000368c    00000040     drivers_cc26x2.a : PowerCC26X2_calibrateRCOSC.c.obj (.text.PowerCC26X2_RCOSC_clockFunc)
                  000036cc    00000040                      : PowerCC26X2_calibrateRCOSC_helpers.c.obj (.text.PowerCC26X2_setAclkRefSrc)
                  0000370c    00000040     ssd1306.o (.text.SSD1306_DrawPixel)
                  0000374c    00000040     main_tirtos.o (.text.main)
                  0000378c    00000040     ti_sysbios_config.o (.text.ti_sysbios_heaps_HeapMem_getStats)
                  000037cc    00000040     ti_sysbios_config.o (.text.ti_sysbios_knl_Clock_getTicksUntilInterrupt)
                  0000380c    00000040     ti_sysbios_config.o (.text.ti_sysbios_knl_Task_exit)
                  0000384c    0000003c     ti_sysbios_config.o (.text.HwiP_construct)
                  00003888    0000003c     driverlib.lib : sys_ctrl.o (.text.NOROM_SysCtrlIdle)
                  000038c4    0000003c     drivers_cc26x2.a : PowerCC26X2_calibrateRCOSC_helpers.c.obj (.text.PowerCC26X2_setTdcClkSrc24M)
                  00003900    0000003c     ti_sysbios_config.o (.text.ti_sysbios_family_arm_cc26xx_Timer_periodicStub)
                  0000393c    0000003c     ti_sysbios_config.o (.text.ti_sysbios_family_arm_cc26xx_Timer_setThreshold)
                  00003978    0000003c     ti_sysbios_config.o (.text.ti_sysbios_heaps_HeapMem_construct)
                  000039b4    0000003c     ti_sysbios_config.o (.text.ti_sysbios_knl_ClockSupport_init)
                  000039f0    0000003c     ti_sysbios_config.o (.text.ti_sysbios_knl_Task_blockI)
                  00003a2c    0000003c     ti_sysbios_config.o (.text.ti_sysbios_knl_Task_create)
                  00003a68    0000003c     ti_sysbios_config.o (.text.ti_sysbios_knl_Task_restore)
                  00003aa4    0000003c     ti_sysbios_config.o (.text.ti_sysbios_runtime_SystemSupport_flush)
                  00003ae0    00000038     gui.o (.text.GUI_ChangeProto)
                  00003b18    00000038     drivers_cc26x2.a : PowerCC26X2_helpers.c.obj (.text.PowerCC26X2_oscDisableQualifiers)
                  00003b50    00000038     ti_sysbios_config.o (.text.ti_sysbios_knl_Task_processVitalTaskFlag)
                  00003b88    00000038     ti_sysbios_config.o (.text.ti_sysbios_runtime_Error_print)
                  00003bc0    00000038     libc.a : autoinit.c.obj (.text:__TI_auto_init_nobinit_nopinit)
                  00003bf8    00000038     libclang_rt.builtins.a : extendsfdf2.S.obj (.text)
                  00003c30    00000034     drivers_cc26x2.a : PowerCC26X2.c.obj (.text.Power_releaseConstraint)
                  00003c64    00000034     ti_sysbios_config.o (.text.SwiP_construct)
                  00003c98    00000034     libsysbm.a : trgmsg.c.obj (.text.__TI_writemsg)
                  00003ccc    00000034     ti_sysbios_config.o (.text._pthread_cleanupFxn)
                  00003d00    00000034     main_tirtos.o (.text.displayTask)
                  00003d34    00000034     ti_sysbios_config.o (.text.ti_sysbios_family_arm_m3_Hwi_getStackInfo)
                  00003d68    00000034     ti_sysbios_config.o (.text.ti_sysbios_family_arm_m3_Hwi_init)
                  00003d9c    00000034     ti_sysbios_config.o (.text.ti_sysbios_knl_Clock_Instance_init)
                  00003dd0    00000034     ti_sysbios_config.o (.text.ti_sysbios_knl_Task_unblockI)
                  00003e04    00000034     ti_sysbios_config.o (.text.ti_sysbios_runtime_SystemSupport_putch)
                  00003e38    00000034     ti_sysbios_config.o (.text.ti_sysbios_runtime_System_processAtExit)
                  00003e6c    00000034     sysbios.a : boot_cortex_m.obj (.text:_c_int00)
                  00003ea0    00000032     ti_sysbios_config.o (.text.ti_sysbios_knl_Semaphore_pendTimeout)
                  00003ed2    00000002     ti_sysbios_config.o (.text.ti_sysbios_runtime_System_exitSpin)
                  00003ed4    00000030     ti_sysbios_config.o (.text.ClockP_construct)
                  00003f04    00000030     gui.o (.text.GUI_ChangeRx)
                  00003f34    00000030     drivers_cc26x2.a : PowerCC26X2.c.obj (.text.Power_setConstraint)
                  00003f64    00000030     ssd1306.o (.text.SSD1306_UpdatePosition)
                  00003f94    00000030     libsysbm.a : trgmsg.c.obj (.text.__TI_readmsg)
                  00003fc4    00000030     drivers_cc26x2.a : PowerCC26X2.c.obj (.text.notify)
                  00003ff4    00000030     ti_sysbios_config.o (.text.ti_sysbios_heaps_HeapMem_free)
                  00004024    00000030     ti_sysbios_config.o (.text.ti_sysbios_knl_TaskSupport_start)
                  00004054    00000030     ti_sysbios_config.o (.text.ti_sysbios_runtime_System_atexit)
                  00004084    0000002e     driverlib.lib : chipinfo.o (.text.NOROM_ThisLibraryIsFor_CC13x2_CC26x2_HwRev20AndLater_HaltIfViolated)
                  000040b2    00000002     --HOLE-- [fill = 0]
                  000040b4    0000002e     libclang_rt.builtins.a : floatsidf.S.obj (.text)
                  000040e2    00000002     --HOLE-- [fill = 0]
                  000040e4    0000002c     ti_sysbios_config.o (.text.PowerCC26XX_schedulerDisable)
                  00004110    0000002c     ti_sysbios_config.o (.text._pthread_delete)
                  0000413c    0000002c     ti_sysbios_config.o (.text.ti_sysbios_gates_GateMutex_enter)
                  00004168    0000002c     ti_sysbios_config.o (.text.ti_sysbios_knl_Clock_getTicks)
                  00004194    0000002c     ti_sysbios_config.o (.text.ti_sysbios_knl_Task_restoreHwi)
                  000041c0    0000002a     driverlib.lib : osc.o (.text.NOROM_OSCHF_TurnOnXosc)
                  000041ea    0000002a     ti_sysbios_config.o (.text.ti_sysbios_family_arm_cc26xx_Timer_setNextTick)
                  00004214    0000002a     ti_sysbios_config.o (.text.ti_sysbios_knl_Task_allBlockedFunction)
                  0000423e    00000002     --HOLE-- [fill = 0]
                  00004240    00000028     ti_sysbios_config.o (.text.BIOS_registerRTSLock)
                  00004268    00000028     drivers_cc26x2.a : I2C.c.obj (.text.I2C_cancel)
                  00004290    00000028     sysbios.a : Hwi_asm_gnu.obj (.text.ti_sysbios_family_arm_m3_Hwi_excHandlerAsm)
                  000042b8    00000028     ti_sysbios_config.o (.text.ti_sysbios_gates_GateMutex_Instance_init)
                  000042e0    00000028     ti_sysbios_config.o (.text.ti_sysbios_knl_Semaphore_Instance_init)
                  00004308    00000028     ti_sysbios_config.o (.text.ti_sysbios_knl_Swi_init)
                  00004330    00000028     sysbios.a : TaskSupport_asm_gnu.obj (.text.ti_sysbios_knl_TaskSupport_swap)
                  00004358    00000028     ti_sysbios_config.o (.text.ti_sysbios_knl_Task_construct)
                  00004380    00000028     ti_sysbios_config.o (.text.ti_sysbios_knl_Task_init)
                  000043a8    00000024     ti_sysbios_config.o (.text.BIOS_removeRTSLock)
                  000043cc    00000024     drivers_cc26x2.a : List.c.obj (.text.List_put)
                  000043f0    00000024                      : PowerCC26X2_helpers.c.obj (.text.PowerCC26X2_setSubSecIncToXoscLf)
                  00004414    00000024                      : PowerCC26X2_calibrateRCOSC_helpers.c.obj (.text.PowerCC26X2_writeCtrim)
                  00004438    00000024                      : PowerCC26X2_calibrateRCOSC_helpers.c.obj (.text.PowerCC26X2_writeCtrimFract)
                  0000445c    00000024                      : PowerCC26X2_calibrateRCOSC_helpers.c.obj (.text.PowerCC26X2_writeCtrimFractEn)
                  00004480    00000024                      : PowerCC26X2_calibrateRCOSC_helpers.c.obj (.text.PowerCC26X2_writeRtrim)
                  000044a4    00000024                      : PowerCC26X2.c.obj (.text.Power_registerNotify)
                  000044c8    00000024     ssd1306.o (.text.sendData)
                  000044ec    00000024     ti_sysbios_config.o (.text.ti_sysbios_family_arm_m3_Hwi_construct)
                  00004510    00000024     ti_sysbios_config.o (.text.ti_sysbios_knl_Semaphore_destruct)
                  00004534    00000024     ti_sysbios_config.o (.text.ti_sysbios_knl_Task_enter)
                  00004558    00000022     ssd1306.o (.text.SSD1306_DrawString)
                  0000457a    00000022     ti_sysbios_config.o (.text.ti_sysbios_runtime_SysMin_output)
                  0000459c    00000020     drivers_cc26x2.a : PowerCC26X2_helpers.c.obj (.text.PowerCC26X2_disableTCXOQual)
                  000045bc    00000020                      : PowerCC26X2_helpers.c.obj (.text.PowerCC26X2_enableTCXOQual)
                  000045dc    00000020     ti_sysbios_config.o (.text.PowerCC26XX_schedulerRestore)
                  000045fc    00000020     ssd1306.o (.text.SSD1306_SendCommand)
                  0000461c    00000020     ti_sysbios_config.o (.text.SemaphoreP_constructBinary)
                  0000463c    00000020     ti_sysbios_config.o (.text.ti_sysbios_family_arm_m3_Hwi_initStack)
                  0000465c    00000020     ti_sysbios_config.o (.text.ti_sysbios_knl_Task_delete)
                  0000467c    00000020     ti_sysbios_config.o (.text.ti_sysbios_knl_Task_destruct)
                  0000469c    0000001e     sysbios.a : Hwi_asm_switch_gnu.obj (.text.ti_sysbios_family_arm_m3_Hwi_switchAndRunFunc)
                  000046ba    0000001e     ti_sysbios_config.o (.text.ti_sysbios_runtime_System_putchar)
                  000046d8    0000001c     ti_sysbios_config.o (.text.BIOS_rtsLock)
                  000046f4    0000001c     drivers_cc26x2.a : GPIOCC26XX.c.obj (.text.GPIO_setMux)
                  00004710    0000001c     gui.o (.text.GUI_ChangeDeviceIp)
                  0000472c    0000001c     gui.o (.text.GUI_ChangeTargetIp)
                  00004748    0000001c     drivers_cc26x2.a : PowerCC26X2.c.obj (.text.Power_getTransitionLatency)
                  00004764    0000001c     ssd1306.o (.text.SSD1306_UpdateScreen)
                  00004780    0000001c     ti_sysbios_config.o (.text.ti_sysbios_knl_Idle_run)
                  0000479c    0000001c     ti_sysbios_config.o (.text.ti_sysbios_knl_Queue_put)
                  000047b8    0000001c     ti_sysbios_config.o (.text.ti_sysbios_knl_Swi_construct)
                  000047d4    0000001a     drivers_cc26x2.a : I2CCC26XX.c.obj (.text.I2CCC26XX_completeTransfer)
                  000047ee    0000001a     ti_sysbios_config.o (.text.ti_sysbios_runtime_SystemSupport_abort)
                  00004808    00000018     ti_sysbios_config.o (.text.BIOS_exitFunc)
                  00004820    00000018     ti_sysbios_config.o (.text.BIOS_rtsUnlock)
                  00004838    00000018     drivers_cc26x2.a : PowerCC26X2.c.obj (.text.PowerCC26XX_calibrate)
                  00004850    00000018                      : PowerCC26X2.c.obj (.text.Power_idleFunc)
                  00004868    00000018     ti_sysbios_config.o (.text.ti_sysbios_knl_Clock_scheduleNextTick)
                  00004880    00000018     ti_sysbios_config.o (.text.ti_sysbios_knl_Swi_construct2)
                  00004898    00000018     sysbios.a : TaskSupport_asm_gnu.obj (.text.ti_sysbios_knl_TaskSupport_glue)
                  000048b0    00000018     ti_sysbios_config.o (.text.ti_sysbios_knl_Task_unblock)
                  000048c8    00000018     ti_sysbios_config.o (.text.ti_sysbios_runtime_System_printf)
                  000048e0    00000018     ti_sysbios_config.o (.text.ti_sysbios_runtime_System_vprintf)
                  000048f8    00000016     ti_sysbios_config.o (.text.ti_sysbios_knl_Clock_start)
                  0000490e    00000014     drivers_cc26x2.a : I2CCC26XX.c.obj (.text.I2CCC26XX_postNotify)
                  00004922    00000002     --HOLE-- [fill = 0]
                  00004924    00000014     libc.a : args_main.c.obj (.text._args_main)
                  00004938    00000014     ti_sysbios_config.o (.text.ti_sysbios_family_arm_m3_Hwi_switchFromBootStack)
                  0000494c    00000014     libclang_rt.builtins.a : aeabi_memset.S.obj (.text)
                  00004960    00000014                            : aeabi_uldivmod.S.obj (.text)
                  00004974    00000012     drivers_cc26x2.a : I2C.c.obj (.text.I2C_transfer)
                  00004986    00000012     IPAddress.o (.text.IPAddress_Init_str)
                  00004998    00000012     ti_sysbios_config.o (.text.ti_sysbios_runtime_System_abort)
                  000049aa    00000012     libc.a : memcpy_t2.S.obj (.text:TI_memcpy_small)
                  000049bc    00000010     ti_sysbios_config.o (.text.ClockP_getCpuFreq)
                  000049cc    00000010     drivers_cc26x2.a : GPIOCC26XX.c.obj (.text.GPIO_write)
                  000049dc    00000010     ti_sysbios_config.o (.text.HwiP_Params_init)
                  000049ec    00000010     drivers_cc26x2.a : PowerCC26X2_helpers.c.obj (.text.PowerCC26X2_oscCtlClearXtal)
                  000049fc    00000010                      : PowerCC26X2_helpers.c.obj (.text.PowerCC26X2_prcmEnableCacheRetention)
                  00004a0c    00000010                      : PowerCC26X2_calibrateRCOSC_helpers.c.obj (.text.PowerCC26X2_readCtrim)
                  00004a1c    00000010                      : PowerCC26X2_calibrateRCOSC_helpers.c.obj (.text.PowerCC26X2_readCtrimFract)
                  00004a2c    00000010                      : PowerCC26X2_calibrateRCOSC_helpers.c.obj (.text.PowerCC26X2_readRtrim)
                  00004a3c    00000010                      : PowerCC26X2_helpers.c.obj (.text.PowerCC26X2_switchToTCXO)
                  00004a4c    00000010     ssd1306.o (.text.SSD1306_SetPosition)
                  00004a5c    00000010     ti_sysbios_config.o (.text.SwiP_Params_init)
                  00004a6c    00000010     dashboard_task.o (.text.foo)
                  00004a7c    00000010     ti_sysbios_config.o (.text.ti_sysbios_family_arm_cc26xx_Timer_dynamicStub)
                  00004a8c    00000010     ti_sysbios_config.o (.text.ti_sysbios_family_arm_m3_Hwi_excHandler)
                  00004a9c    00000010     libc.a : copy_zero_init.c.obj (.text:decompress:ZI)
                  00004aac    0000000e     drivers_cc26x2.a : PowerCC26X2.c.obj (.text.OUTLINED_FUNCTION_0)
                  00004aba    0000000e     ti_sysbios_config.o (.text.strlen)
                  00004ac8    0000000e     drivers_cc26x2.a : PowerCC26X2.c.obj (.text.switchToTCXO)
                  00004ad6    0000000e     ti_sysbios_config.o (.text.ti_sysbios_gates_GateMutex_leave)
                  00004ae4    0000000e     libc.a : memset_t2.S.obj (.text:TI_memset_small)
                  00004af2    0000000e            : copy_decompress_none.c.obj (.text:decompress:none)
                  00004b00    0000000c     ti_sysbios_config.o (.text.BIOS_linkedWithIncorrectBootLibrary)
                  00004b0c    0000000c     ti_sysbios_config.o (.text.BIOS_start)
                  00004b18    0000000c     ti_sysbios_config.o (.text.HwiP_disable)
                  00004b24    0000000c     drivers_cc26x2.a : I2C.c.obj (.text.I2C_Params_init)
                  00004b30    0000000c     driverlib.lib : cpu.o (.text.NOROM_CPUcpsid)
                  00004b3c    0000000c                   : cpu.o (.text.NOROM_CPUcpsie)
                  00004b48    0000000c     drivers_cc26x2.a : I2CCC26XX.c.obj (.text.OUTLINED_FUNCTION_0)
                  00004b54    0000000c                      : PowerCC26X2_helpers.c.obj (.text.PowerCC26X2_oscClockSourceGet)
                  00004b60    0000000c                      : PowerCC26X2_helpers.c.obj (.text.PowerCC26X2_setPeriphDeepSleepEnable)
                  00004b6c    0000000c                      : PowerCC26X2_helpers.c.obj (.text.PowerCC26X2_sysCtrlGetResetSource)
                  00004b78    0000000c                      : PowerCC26X2_helpers.c.obj (.text.PowerCC26X2_sysCtrlVoltageConditionalControl)
                  00004b84    0000000c                      : PowerCC26X2.c.obj (.text.Power_getConstraintMask)
                  00004b90    0000000c     libc.a : _lock.c.obj (.text._register_lock)
                  00004b9c    0000000c            : _lock.c.obj (.text._register_unlock)
                  00004ba8    0000000c     ti_sysbios_config.o (.text.ti_sysbios_heaps_HeapMem_init)
                  00004bb4    0000000c     ti_sysbios_config.o (.text.ti_sysbios_knl_ClockSupport_setNextTick)
                  00004bc0    0000000c     ti_sysbios_config.o (.text.ti_sysbios_knl_Clock_tick)
                  00004bcc    0000000c     ti_sysbios_config.o (.text.ti_sysbios_knl_Task_Params_init)
                  00004bd8    0000000a     ti_sysbios_config.o (.text.ClockP_Params_init)
                  00004be2    0000000a     drivers_cc26x2.a : I2CCC26XX.c.obj (.text.I2CMasterControl)
                  00004bec    0000000a                      : PowerCC26X2_helpers.c.obj (.text.PowerCC26X2_sysCtrlStandby)
                  00004bf6    0000000a     ti_sysbios_config.o (.text.SemaphoreP_pend)
                  00004c00    00000008     drivers_cc26x2.a : I2CCC26XX.c.obj (.text.I2CCC26XX_blockingCallback)
                  00004c08    00000008                      : I2CCC26XX.c.obj (.text.I2CSupport_masterFinish)
                  00004c10    00000008     driverlib.lib : cpu.o (.text.NOROM_CPUdelay)
                  00004c18    00000008     drivers_cc26x2.a : PowerCC26X2_helpers.c.obj (.text.PowerCC26X2_oschfTrySwitchToXosc)
                  00004c20    00000008     ti_sysbios_config.o (.text.ti_sysbios_runtime_System_exit)
                  00004c28    00000006     ti_sysbios_config.o (.text.ClockP_stop)
                  00004c2e    00000006     ti_sysbios_config.o (.text.HwiP_restore)
                  00004c34    00000006     drivers_cc26x2.a : I2CCC26XX.c.obj (.text.I2CSupport_powerRelConstraint)
                  00004c3a    00000006                      : I2CCC26XX.c.obj (.text.I2CSupport_powerSetConstraint)
                  00004c40    00000006     ti_sysbios_config.o (.text.ti_sysbios_family_arm_m3_Hwi_doSwiRestore)
                  00004c46    00000006     ti_sysbios_config.o (.text.ti_sysbios_family_arm_m3_Hwi_doTaskRestore)
                  00004c4c    00000006     ti_sysbios_config.o (.text.ti_sysbios_knl_Idle_loop)
                  00004c52    00000006     ti_sysbios_config.o (.text.ti_sysbios_knl_Swi_startup)
                  00004c58    00000004     ti_sysbios_config.o (.text.ClockP_getSystemTickPeriod)
                  00004c5c    00000004     ti_sysbios_config.o (.text.ClockP_start)
                  00004c60    00000004     ti_sysbios_config.o (.text.HwiP_disableInterrupt)
                  00004c64    00000004     ti_sysbios_config.o (.text.HwiP_enableInterrupt)
                  00004c68    00000004     drivers_cc26x2.a : PowerCC26X2_helpers.c.obj (.text.PowerCC26X2_oschfSwitchToRcosc)
                  00004c6c    00000004                      : PowerCC26X2_helpers.c.obj (.text.PowerCC26X2_sysCtrlIdle)
                  00004c70    00000004                      : PowerCC26X2_helpers.c.obj (.text.PowerCC26X2_turnOnXosc)
                  00004c74    00000004     ti_sysbios_config.o (.text.ResetISR)
                  00004c78    00000004     ti_sysbios_config.o (.text.SemaphoreP_post)
                  00004c7c    00000004     ti_sysbios_config.o (.text.SwiP_post)
                  00004c80    00000004     ti_sysbios_config.o (.text._system_post_cinit)
                  00004c84    00000004     ti_sysbios_config.o (.text._system_pre_init)
                  00004c88    00000004     drivers_cc26x2.a : PowerCC26X2.c.obj (.text.configureRFCoreClocks)
                  00004c8c    00000004                      : PowerCC26X2.c.obj (.text.nopResourceHandler)
                  00004c90    00000004     ti_sysbios_config.o (.text.ti_sysbios_heaps_HeapMem_isBlocking)
                  00004c94    00000004     libclang_rt.builtins.a : aeabi_memcpy.S.obj (.text)

.rodata.2 
*          0    00004c98    00000d22     
                  00004c98    00000626     ti_sysbios_config.o (.rodata.str1.1)
                  000052be    000001e0     ssd1306.o (.rodata.FONTS)
                  0000549e    00000094     ti_sysbios_config.o (.rodata.ti_sysbios_family_arm_m3_Hwi_excHandlerMin.err)
                  00005532    0000008d     ti_sysbios_config.o (.rodata.ti_sysbios_heaps_HeapMem_alloc.err)
                  000055bf    00000089     ti_sysbios_config.o (.rodata.ti_sysbios_family_arm_m3_Hwi_Instance_init.err.1)
                  00005648    00000089     ti_sysbios_config.o (.rodata.ti_sysbios_family_arm_m3_Hwi_excHandlerMin.err.2)
                  000056d1    00000089     ti_sysbios_config.o (.rodata.ti_sysbios_runtime_Memory_alloc.err)
                  0000575a    00000086     ti_sysbios_config.o (.rodata.ti_sysbios_family_arm_m3_Hwi_Instance_init.err)
                  000057e0    00000054     drivers_cc26x2.a : PowerCC26X2.c.obj (.rodata.resourceDB)
                  00005834    0000004f     gui.o (.rodata.str1.1)
                  00005883    00000001     ti_drivers_config.o (.rodata.GPIO_pinLowerBound)
                  00005884    00000024     ti_sysbios_config.o (.rodata.ti_sysbios_knl_Task_Params_default)
                  000058a8    00000020     ssd1306.o (.rodata.SSD1306_InitSequence)
                  000058c8    0000001c     ti_sysbios_config.o (.rodata.ti_sysbios_family_arm_cc26xx_Timer_Params_default)
                  000058e4    00000018     ti_drivers_config.o (.rodata.i2cCC26xxHWAttrs)
                  000058fc    00000018     main_tirtos.o (.rodata.str1.1)
                  00005914    00000018     ti_sysbios_config.o (.rodata.ti_sysbios_family_arm_m3_Hwi_Params_default)
                  0000592c    00000014     ti_drivers_config.o (.rodata.PowerCC26X2_config)
                  00005940    00000014     ti_sysbios_config.o (.rodata.ti_sysbios_knl_Swi_Params_default)
                  00005954    00000010     ti_drivers_config.o (.rodata.GPIO_config)
                  00005964    00000010     drivers_cc26x2.a : I2CCC26XX.c.obj (.rodata.cst16)
                  00005974    0000000c     ti_sysbios_config.o (.rodata.ti_sysbios_heaps_HeapMem_Params_default)
                  00005980    0000000c     ti_sysbios_config.o (.rodata.ti_sysbios_knl_Clock_Params_default)
                  0000598c    0000000c     ti_sysbios_config.o (.rodata.ti_sysbios_knl_Semaphore_Params_default)
                  00005998    00000008     ti_drivers_config.o (.rodata.I2C_config)
                  000059a0    00000008     driverlib.lib : aux_sysif.o (.rodata.cst4)
                  000059a8    00000008     ti_sysbios_config.o (.rodata.prefixStrings)
                  000059b0    00000008     ti_sysbios_config.o (.rodata.ti_sysbios_knl_Idle_funcList)
                  000059b8    00000001     ti_drivers_config.o (.rodata.GPIO_pinUpperBound)
                  000059b9    00000001     ti_drivers_config.o (.rodata.I2C_count)

.bss       0    200000d8    00001054     UNINITIALIZED
                  200000d8    00000401     ssd1306.o (.bss.SSD1306_LcdBufferInclStreamByte)
                  200004d9    00000400     (.common:ti_sysbios_runtime_SysMin_outbuf)
                  200008d9    00000001     --HOLE--
                  200008da    00000002     (.common:_counter)
                  200008dc    00000004     driverlib.lib : osc.o (.bss.oscHfGlobals.0)
                  200008e0    00000200     (.common:ti_sysbios_knl_Idle_taskStack)
                  20000ae0    00000140     (.common:i2cCC26xxObjects)
                  20000c20    00000120     libsysbm.a : trgmsg.c.obj (.bss:_CIOBUF_)
                  20000d40    000000d8     (.common:ti_sysbios_family_arm_m3_Hwi_dispatchTable)
                  20000e18    0000007c     (.common:gpioCallbackFunctions)
                  20000e94    0000007c     (.common:gpioUserArgs)
                  20000f10    00000060     (.common:ti_sysbios_knl_ClockSupport_timerStruct)
                  20000f70    00000058     (.common:ti_sysbios_knl_Idle_taskStruct)
                  20000fc8    00000030     (.common:ti_sysbios_knl_Swi_readyQs)
                  20000ff8    00000030     (.common:ti_sysbios_knl_Task_readyQs)
                  20001028    0000002c     (.common:BIOS_heapMemObject)
                  20001054    00000028     (.common:BIOS_rtsGate)
                  2000107c    00000028     (.common:ti_sysbios_heaps_HeapMem_gate)
                  200010a4    00000024     (.common:testParams)
                  200010c8    00000020     (.common:ti_sysbios_runtime_System_atexitHandlers)
                  200010e8    0000001c     drivers_cc26x2.a : GPIOCC26X2.c.obj (.bss.gpioHwi)
                  20001104    00000008     (.common:parmbuf)
                  2000110c    00000004     driverlib.lib : osc.o (.bss.oscHfGlobals.2)
                  20001110    00000004                   : osc.o (.bss.oscHfGlobals.3)
                  20001114    00000004                   : osc.o (.bss.oscHfGlobals.4)
                  20001118    00000004     (.common:PowerCC26XX_swiKey)
                  2000111c    00000004     (.common:PowerCC26XX_taskKey)
                  20001120    00000004     (.common:testHandle)
                  20001124    00000004     (.common:ti_sysbios_family_arm_cc26xx_TimestampProvider_Module_state)
                  20001128    00000004     (.common:ti_sysbios_knl_Task_defaultStackHeap)

.data      0    20001130    000003bd     UNINITIALIZED
                  20001130    00000174     drivers_cc26x2.a : PowerCC26X2.c.obj (.data.PowerCC26X2_module)
                  200012a4    0000007c     ti_drivers_config.o (.data.gpioPinConfigs)
                  20001320    00000078     ti_sysbios_config.o (.data..L_MergedGlobals)
                  20001398    00000068     ti_sysbios_config.o (.data..L_MergedGlobals.73)
                  20001400    00000068     ti_sysbios_config.o (.data.ti_sysbios_knl_Clock_Module_state)
                  20001468    0000003c     ti_sysbios_config.o (.data.ti_sysbios_knl_Task_Module_state)
                  200014a4    00000014     ssd1306.o (.data..L_MergedGlobals)
                  200014b8    00000010     driverlib.lib : osc.o (.data._hposcCoeffs)
                  200014c8    00000008     ti_sysbios_config.o (.data.ti_sysbios_gates_GateMutex_Module_state)
                  200014d0    00000008     ti_sysbios_config.o (.data.ti_sysbios_heaps_HeapMem_Module_state)
                  200014d8    00000008     ti_sysbios_config.o (.data.ti_sysbios_knl_Semaphore_Module_state)
                  200014e0    00000004     libc.a : _lock.c.obj (.data._lock)
                  200014e4    00000004            : _lock.c.obj (.data._unlock)
                  200014e8    00000004     dashboard_task.o (.data.maccc)
                  200014ec    00000001     drivers_cc26x2.a : GPIOCC26X2.c.obj (.data.initCalled)

.stack     0    20013a00    00000600     UNINITIALIZED
                  20013a00    00000004     sysbios.a : boot_cortex_m.obj (.stack)
                  20013a04    000005fc     --HOLE--

.priheap   0    20001a50    00004000     UNINITIALIZED
                  20001a50    00004000     --HOLE--

.log_data 
*          0    90000000    00000000     COPY SECTION

.resetVecs 
*          0    00000000    0000003c     
                  00000000    0000003c     ti_sysbios_config.o (.resetVecs)

.vecs      0    20000000    000000d8     NOLOAD SECTION
                  20000000    000000d8     ti_sysbios_config.o (.vecs)

__llvm_prf_cnts 
*          0    20000000    00000000     UNINITIALIZED

__llvm_prf_bits 
*          0    20000000    00000000     UNINITIALIZED

.TI.bound:dmaSpi0RxControlTableEntry 
*          0    20001830    00000010     UNINITIALIZED
                  20001830    00000010     ti_drivers_config.o (.TI.bound:dmaSpi0RxControlTableEntry)

.TI.bound:dmaSpi0TxControlTableEntry 
*          0    20001840    00000010     UNINITIALIZED
                  20001840    00000010     ti_drivers_config.o (.TI.bound:dmaSpi0TxControlTableEntry)

.TI.bound:dmaSpi0RxAltControlTableEntry 
*          0    20001a30    00000010     UNINITIALIZED
                  20001a30    00000010     ti_drivers_config.o (.TI.bound:dmaSpi0RxAltControlTableEntry)

.TI.bound:dmaSpi0TxAltControlTableEntry 
*          0    20001a40    00000010     UNINITIALIZED
                  20001a40    00000010     ti_drivers_config.o (.TI.bound:dmaSpi0TxAltControlTableEntry)

.args      0    000059bc    00000008     
                  000059bc    00000008     --HOLE-- [fill = 0]

MODULE SUMMARY

       Module                                     code    ro data   rw data
       ------                                     ----    -------   -------
    .\
       main_tirtos.o                              116     24        42     
       dashboard_task.o                           16      0         4      
    +--+------------------------------------------+-------+---------+---------+
       Total:                                     132     24        46     
                                                                           
    .\source\driverlib\ssd1306\
       ssd1306.o                                  642     512       1045   
    +--+------------------------------------------+-------+---------+---------+
       Total:                                     642     512       1045   
                                                                           
    .\source\ethernet\
       IPAddress.o                                18      0         0      
    +--+------------------------------------------+-------+---------+---------+
       Total:                                     18      0         0      
                                                                           
    .\source\oled_gui\
       gui.o                                      394     79        0      
    +--+------------------------------------------+-------+---------+---------+
       Total:                                     394     79        0      
                                                                           
    .\syscfg\
       ti_sysbios_config.o                        8972    2632      2832   
       ti_drivers_config.o                        0       71        756    
       ti_devices_config.o                        0       88        0      
    +--+------------------------------------------+-------+---------+---------+
       Total:                                     8972    2791      3588   
                                                                           
    C:/ti/simplelink_cc13xx_cc26xx_sdk_6_30_01_03/kernel/tirtos7/packages/ti/sysbios/lib/ticlang/m4f/sysbios.a
       Hwi_asm_gnu.obj                            324     0         0      
       Hwi_asm_switch_gnu.obj                     118     0         0      
       TaskSupport_asm_gnu.obj                    64      0         0      
       boot_cortex_m.obj                          52      0         0      
    +--+------------------------------------------+-------+---------+---------+
       Total:                                     558     0         0      
                                                                           
    C:/ti/simplelink_cc13xx_cc26xx_sdk_6_30_01_03/source/ti/devices/cc13x2_cc26x2/driverlib/bin/ticlang/driverlib.lib
       osc.o                                      538     0         32     
       sys_ctrl.o                                 432     0         0      
       setup.o                                    424     0         0      
       prcm.o                                     136     0         0      
       chipinfo.o                                 128     0         0      
       aux_sysif.o                                72      8         0      
       cpu.o                                      32      0         0      
    +--+------------------------------------------+-------+---------+---------+
       Total:                                     1762    8         32     
                                                                           
    C:/ti/simplelink_cc13xx_cc26xx_sdk_6_30_01_03/source/ti/drivers/lib/ticlang/m4f/drivers_cc26x2.a
       PowerCC26X2.c.obj                          1674    84        372    
       I2CCC26XX.c.obj                            994     16        0      
       PowerCC26X2_calibrateRCOSC.c.obj           836     0         0      
       PowerCC26X2_calibrateRCOSC_helpers.c.obj   432     0         0      
       I2C.c.obj                                  366     0         0      
       GPIOCC26X2.c.obj                           328     0         29     
       PowerCC26X2_helpers.c.obj                  282     0         0      
       GPIOCC26XX.c.obj                           184     0         0      
       List.c.obj                                 36      0         0      
    +--+------------------------------------------+-------+---------+---------+
       Total:                                     5132    100       401    
                                                                           
    C:\ti\ccs1210\ccs\tools\compiler\ti-cgt-armllvm_2.1.2.LTS\lib\armv7em-ti-none-eabihf/c/libc.a
       copy_decompress_lzss.c.obj                 106     0         0      
       autoinit.c.obj                             56      0         0      
       _lock.c.obj                                26      0         8      
       args_main.c.obj                            20      0         0      
       memcpy_t2.S.obj                            18      0         0      
       copy_zero_init.c.obj                       16      0         0      
       copy_decompress_none.c.obj                 14      0         0      
       memset_t2.S.obj                            14      0         0      
    +--+------------------------------------------+-------+---------+---------+
       Total:                                     270     0         8      
                                                                           
    C:\ti\ccs1210\ccs\tools\compiler\ti-cgt-armllvm_2.1.2.LTS\lib\armv7em-ti-none-eabihf/c/libsysbm.a
       trgmsg.c.obj                               100     0         288    
       hostwrite.c.obj                            84      0         0      
       hostopen.c.obj                             0       0         8      
    +--+------------------------------------------+-------+---------+---------+
       Total:                                     184     0         296    
                                                                           
    C:\ti\ccs1210\ccs\tools\compiler\ti-cgt-armllvm_2.1.2.LTS\lib\clang/14.0.6/lib/armv7em-ti-none-eabihf/libclang_rt.builtins.a
       adddf3.S.obj                               438     0         0      
       muldf3.S.obj                               252     0         0      
       comparedf2.c.obj                           220     0         0      
       udivmoddi4.S.obj                           176     0         0      
       aeabi_dcmp.S.obj                           98      0         0      
       fixdfsi.S.obj                              72      0         0      
       fixunsdfsi.S.obj                           68      0         0      
       extendsfdf2.S.obj                          56      0         0      
       floatsidf.S.obj                            46      0         0      
       aeabi_memset.S.obj                         20      0         0      
       aeabi_uldivmod.S.obj                       20      0         0      
       aeabi_memcpy.S.obj                         4       0         0      
       aeabi_div0.c.obj                           2       0         0      
    +--+------------------------------------------+-------+---------+---------+
       Total:                                     1472    0         0      
                                                                           
       Stack:                                     0       0         1536   
       Linker Generated:                          0       288       0      
    +--+------------------------------------------+-------+---------+---------+
       Grand Total:                               19536   3802      6952   


LINKER GENERATED COPY TABLES

__TI_cinit_table @ 00005ab4 records: 6, size/record: 8, table size: 48
	.data: load addr=000059c4, load size=000000bc bytes, run addr=20001130, run size=000003bd bytes, compression=lzss
	.TI.bound:dmaSpi0RxAltControlTableEntry: load addr=00005a8c, load size=00000008 bytes, run addr=20001a30, run size=00000010 bytes, compression=zero_init
	.TI.bound:dmaSpi0RxControlTableEntry: load addr=00005a94, load size=00000008 bytes, run addr=20001830, run size=00000010 bytes, compression=zero_init
	.TI.bound:dmaSpi0TxAltControlTableEntry: load addr=00005a9c, load size=00000008 bytes, run addr=20001a40, run size=00000010 bytes, compression=zero_init
	.TI.bound:dmaSpi0TxControlTableEntry: load addr=00005aa4, load size=00000008 bytes, run addr=20001840, run size=00000010 bytes, compression=zero_init
	.bss: load addr=00005aac, load size=00000008 bytes, run addr=200000d8, run size=00001054 bytes, compression=zero_init


LINKER GENERATED HANDLER TABLE

__TI_handler_table @ 00005a80 records: 3, size/record: 4, table size: 12
	index: 0, handler: __TI_decompress_lzss
	index: 1, handler: __TI_decompress_none
	index: 2, handler: __TI_zero_init


GLOBAL SYMBOLS: SORTED ALPHABETICALLY BY Name 

address   name                                                               
-------   ----                                                               
20001398  BIOS_Module_state                                                  
000033e5  BIOS_atExitFunc                                                    
00004809  BIOS_exitFunc                                                      
20001028  BIOS_heapMemObject                                                 
00003235  BIOS_init                                                          
00004b01  BIOS_linkedWithIncorrectBootLibrary                                
000004fb  BIOS_nullFunc                                                      
00004241  BIOS_registerRTSLock                                               
000043a9  BIOS_removeRTSLock                                                 
20001054  BIOS_rtsGate                                                       
000046d9  BIOS_rtsLock                                                       
00004821  BIOS_rtsUnlock                                                     
00004b0d  BIOS_start                                                         
000030b9  BIOS_startFunc                                                     
00003cc3  C$$IO$$                                                            
00004bd9  ClockP_Params_init                                                 
00003ed5  ClockP_construct                                                   
000049bd  ClockP_getCpuFreq                                                  
00004c59  ClockP_getSystemTickPeriod                                         
00004c5d  ClockP_start                                                       
00004c29  ClockP_stop                                                        
00005954  GPIO_config                                                        
00003429  GPIO_hwiIntFxn                                                     
00000ff1  GPIO_init                                                          
00005883  GPIO_pinLowerBound                                                 
000059b8  GPIO_pinUpperBound                                                 
00002041  GPIO_setConfig                                                     
000046f5  GPIO_setMux                                                        
000049cd  GPIO_write                                                         
0000301d  GUI_ChangeChannel                                                  
00004711  GUI_ChangeDeviceIp                                                 
00003ae1  GUI_ChangeProto                                                    
00003f05  GUI_ChangeRx                                                       
0000472d  GUI_ChangeTargetIp                                                 
00001f11  GUI_Init                                                           
00004000  HEAPSIZE                                                           
00002d89  HOSTwrite                                                          
000049dd  HwiP_Params_init                                                   
0000384d  HwiP_construct                                                     
00004b19  HwiP_disable                                                       
00004c61  HwiP_disableInterrupt                                              
00004c65  HwiP_enableInterrupt                                               
00004c2f  HwiP_restore                                                       
00004c09  I2CSupport_masterFinish                                            
00004c35  I2CSupport_powerRelConstraint                                      
00004c3b  I2CSupport_powerSetConstraint                                      
000027c1  I2CSupport_primeTransfer                                           
00004b25  I2C_Params_init                                                    
00004269  I2C_cancel                                                         
00005998  I2C_config                                                         
000059b9  I2C_count                                                          
00000b8f  I2C_init                                                           
0000092d  I2C_open                                                           
00004975  I2C_transfer                                                       
00000a69  I2C_transferTimeout                                                
00004987  IPAddress_Init_str                                                 
UNDEFED   ITM_flush                                                          
UNDEFED   ITM_restore                                                        
000043cd  List_put                                                           
0000327d  NOROM_AUXSYSIFOpModeChange                                         
00004b31  NOROM_CPUcpsid                                                     
00004b3d  NOROM_CPUcpsie                                                     
00004c11  NOROM_CPUdelay                                                     
00002ed9  NOROM_ChipInfo_GetHwRevision                                       
00001a51  NOROM_OSCHF_AttemptToSwitchToXosc                                  
000022d5  NOROM_OSCHF_SwitchToRcOscTurnOffXosc                               
000041c1  NOROM_OSCHF_TurnOnXosc                                             
0000234d  NOROM_OSC_CapArrayAdjustWorkaround_Boot                            
00003105  NOROM_OSC_HPOSCRelativeFrequencyOffsetGet                          
0000346d  NOROM_PRCMPowerDomainsAllOff                                       
000034b1  NOROM_PRCMPowerDomainsAllOn                                        
000013cd  NOROM_SetupTrimDevice                                              
00003889  NOROM_SysCtrlIdle                                                  
00002159  NOROM_SysCtrlSetRechargeBeforePowerDown                            
000011f1  NOROM_SysCtrlStandby                                               
00004085  NOROM_ThisLibraryIsFor_CC13x2_CC26x2_HwRev20AndLater_HaltIfViolated
0000368d  PowerCC26X2_RCOSC_clockFunc                                        
000004fd  PowerCC26X2_auxISR                                                 
00000ee5  PowerCC26X2_calibrate                                              
0000592c  PowerCC26X2_config                                                 
0000459d  PowerCC26X2_disableTCXOQual                                        
000045bd  PowerCC26X2_enableTCXOQual                                         
000028fd  PowerCC26X2_initiateCalibration                                    
20001130  PowerCC26X2_module                                                 
00004b55  PowerCC26X2_oscClockSourceGet                                      
000049ed  PowerCC26X2_oscCtlClearXtal                                        
00003b19  PowerCC26X2_oscDisableQualifiers                                   
00004c69  PowerCC26X2_oschfSwitchToRcosc                                     
00004c19  PowerCC26X2_oschfTrySwitchToXosc                                   
000049fd  PowerCC26X2_prcmEnableCacheRetention                               
00004a0d  PowerCC26X2_readCtrim                                              
00004a1d  PowerCC26X2_readCtrimFract                                         
00004a2d  PowerCC26X2_readRtrim                                              
000036cd  PowerCC26X2_setAclkRefSrc                                          
00004b61  PowerCC26X2_setPeriphDeepSleepEnable                               
000043f1  PowerCC26X2_setSubSecIncToXoscLf                                   
000038c5  PowerCC26X2_setTdcClkSrc24M                                        
00004a3d  PowerCC26X2_switchToTCXO                                           
00004b6d  PowerCC26X2_sysCtrlGetResetSource                                  
00004c6d  PowerCC26X2_sysCtrlIdle                                            
00004bed  PowerCC26X2_sysCtrlStandby                                         
00004b79  PowerCC26X2_sysCtrlVoltageConditionalControl                       
00004c71  PowerCC26X2_turnOnXosc                                             
0000243d  PowerCC26X2_updateSubSecInc                                        
00004415  PowerCC26X2_writeCtrim                                             
00004439  PowerCC26X2_writeCtrimFract                                        
0000445d  PowerCC26X2_writeCtrimFractEn                                      
00004481  PowerCC26X2_writeRtrim                                             
00004839  PowerCC26XX_calibrate                                              
000040e5  PowerCC26XX_schedulerDisable                                       
000045dd  PowerCC26XX_schedulerRestore                                       
00001b05  PowerCC26XX_standbyPolicy                                          
20001118  PowerCC26XX_swiKey                                                 
2000111c  PowerCC26XX_taskKey                                                
00004b85  Power_getConstraintMask                                            
00004749  Power_getTransitionLatency                                         
00004851  Power_idleFunc                                                     
00000dcd  Power_init                                                         
000044a5  Power_registerNotify                                               
00003c31  Power_releaseConstraint                                            
00001bb9  Power_releaseDependency                                            
00003f35  Power_setConstraint                                                
00001c6d  Power_setDependency                                                
00000691  Power_sleep                                                        
00004c75  ResetISR                                                           
00002af1  SSD1306_DrawChar                                                   
0000173d  SSD1306_DrawLine                                                   
0000370d  SSD1306_DrawPixel                                                  
00004559  SSD1306_DrawString                                                 
00002e31  SSD1306_Init                                                       
000058a8  SSD1306_InitSequence                                               
000045fd  SSD1306_SendCommand                                                
00004a4d  SSD1306_SetPosition                                                
00003f65  SSD1306_UpdatePosition                                             
00004765  SSD1306_UpdateScreen                                               
0000461d  SemaphoreP_constructBinary                                         
00004bf7  SemaphoreP_pend                                                    
00004c79  SemaphoreP_post                                                    
00004a5d  SwiP_Params_init                                                   
00003c65  SwiP_construct                                                     
00004c7d  SwiP_post                                                          
000049ab  TI_memcpy_small                                                    
00004ae5  TI_memset_small                                                    
20000c20  _CIOBUF_                                                           
20000c20  __CIOBUF_                                                          
20014000  __STACK_END                                                        
00000600  __STACK_SIZE                                                       
00005ab4  __TI_CINIT_Base                                                    
00005ae4  __TI_CINIT_Limit                                                   
00005ae4  __TI_CINIT_Warm                                                    
00005a80  __TI_Handler_Table_Base                                            
00005a8c  __TI_Handler_Table_Limit                                           
00003bc1  __TI_auto_init_nobinit_nopinit                                     
0000282b  __TI_decompress_lzss                                               
00004af3  __TI_decompress_none                                               
ffffffff  __TI_pprof_out_hndl                                                
ffffffff  __TI_prof_data_size                                                
ffffffff  __TI_prof_data_start                                               
00003f95  __TI_readmsg                                                       
00000000  __TI_static_base__                                                 
00003c99  __TI_writemsg                                                      
00004a9d  __TI_zero_init                                                     
0000034f  __adddf3                                                           
0000339d  __aeabi_d2iz                                                       
00003649  __aeabi_d2uiz                                                      
0000034f  __aeabi_dadd                                                       
00002a8d  __aeabi_dcmpeq                                                     
00002ac9  __aeabi_dcmpge                                                     
00002add  __aeabi_dcmpgt                                                     
00002ab5  __aeabi_dcmple                                                     
00002aa1  __aeabi_dcmplt                                                     
000010f5  __aeabi_dmul                                                       
00000345  __aeabi_dsub                                                       
00003bf9  __aeabi_f2d                                                        
000040b5  __aeabi_i2d                                                        
000026e3  __aeabi_ldiv0                                                      
00004959  __aeabi_memclr                                                     
00004959  __aeabi_memclr4                                                    
00004959  __aeabi_memclr8                                                    
00004c95  __aeabi_memcpy                                                     
00004c95  __aeabi_memcpy4                                                    
00004c95  __aeabi_memcpy8                                                    
0000494d  __aeabi_memset                                                     
0000494d  __aeabi_memset4                                                    
0000494d  __aeabi_memset8                                                    
00004961  __aeabi_uldivmod                                                   
ffffffff  __binit__                                                          
000059bc  __c_args__                                                         
0004ffa8  __ccfg                                                             
000026e5  __cmpdf2                                                           
000026e5  __eqdf2                                                            
00003bf9  __extendsfdf2                                                      
0000339d  __fixdfsi                                                          
00003649  __fixunsdfsi                                                       
000040b5  __floatsidf                                                        
00002675  __gedf2                                                            
00002675  __gtdf2                                                            
000026e5  __ledf2                                                            
000026e5  __ltdf2                                                            
UNDEFED   __mpu_init                                                         
000010f5  __muldf3                                                           
000026e5  __nedf2                                                            
20005a50  __primary_heap_end__                                               
20001a50  __primary_heap_start__                                             
20013a00  __stack                                                            
20000000  __start___llvm_prf_bits                                            
20000000  __start___llvm_prf_cnts                                            
20000000  __stop___llvm_prf_bits                                             
20000000  __stop___llvm_prf_cnts                                             
00000345  __subdf3                                                           
00001d1d  __udivmoddi4                                                       
00004925  _args_main                                                         
00003e6d  _c_int00                                                           
200008da  _counter                                                           
200014b8  _hposcCoeffs                                                       
200014e0  _lock                                                              
00002753  _nop                                                               
00003ccd  _pthread_cleanupFxn                                                
00004b91  _register_lock                                                     
00004b9d  _register_unlock                                                   
00004c81  _system_post_cinit                                                 
00004c85  _system_pre_init                                                   
200014e4  _unlock                                                            
ffffffff  binit                                                              
00003d01  displayTask                                                        
00004a6d  foo                                                                
20000e18  gpioCallbackFunctions                                              
200012a4  gpioPinConfigs                                                     
20000e94  gpioUserArgs                                                       
000058e4  i2cCC26xxHWAttrs                                                   
20000ae0  i2cCC26xxObjects                                                   
200014e8  maccc                                                              
0000374d  main                                                               
20001104  parmbuf                                                            
000057e0  resourceDB                                                         
000044c9  sendData                                                           
20001120  testHandle                                                         
200010a4  testParams                                                         
20001348  ti_sysbios_family_arm_cc26xx_Timer_Module_state                    
00000b91  ti_sysbios_family_arm_cc26xx_Timer_construct                       
00004a7d  ti_sysbios_family_arm_cc26xx_Timer_dynamicStub                     
00003901  ti_sysbios_family_arm_cc26xx_Timer_periodicStub                    
000041eb  ti_sysbios_family_arm_cc26xx_Timer_setNextTick                     
0000393d  ti_sysbios_family_arm_cc26xx_Timer_setThreshold                    
000032c5  ti_sysbios_family_arm_cc26xx_Timer_start                           
20001124  ti_sysbios_family_arm_cc26xx_TimestampProvider_Module_state        
00002525  ti_sysbios_family_arm_m3_Hwi_Instance_init                         
200013c4  ti_sysbios_family_arm_m3_Hwi_Module_state                          
000044ed  ti_sysbios_family_arm_m3_Hwi_construct                             
000034f5  ti_sysbios_family_arm_m3_Hwi_construct2                            
00003539  ti_sysbios_family_arm_m3_Hwi_disableInterrupt                      
00000cb1  ti_sysbios_family_arm_m3_Hwi_dispatch                              
00002755  ti_sysbios_family_arm_m3_Hwi_dispatchC                             
20000d40  ti_sysbios_family_arm_m3_Hwi_dispatchTable                         
00004c41  ti_sysbios_family_arm_m3_Hwi_doSwiRestore                          
00004c47  ti_sysbios_family_arm_m3_Hwi_doTaskRestore                         
0000357d  ti_sysbios_family_arm_m3_Hwi_enableInterrupt                       
00001595  ti_sysbios_family_arm_m3_Hwi_excFillContext                        
00004a8d  ti_sysbios_family_arm_m3_Hwi_excHandler                            
00004291  ti_sysbios_family_arm_m3_Hwi_excHandlerAsm                         
00002f2d  ti_sysbios_family_arm_m3_Hwi_excHandlerMin                         
00003d35  ti_sysbios_family_arm_m3_Hwi_getStackInfo                          
00003d69  ti_sysbios_family_arm_m3_Hwi_init                                  
000021d9  ti_sysbios_family_arm_m3_Hwi_initNVIC                              
0000463d  ti_sysbios_family_arm_m3_Hwi_initStack                             
00002d31  ti_sysbios_family_arm_m3_Hwi_initStacks                            
00000d88  ti_sysbios_family_arm_m3_Hwi_interruptsAreDisabledButShouldNotBe   
00000d8d  ti_sysbios_family_arm_m3_Hwi_pendSV                                
00002259  ti_sysbios_family_arm_m3_Hwi_postInit                              
20000000  ti_sysbios_family_arm_m3_Hwi_ramVectors                            
00000000  ti_sysbios_family_arm_m3_Hwi_resetVectors                          
00000db0  ti_sysbios_family_arm_m3_Hwi_return                                
0000003c  ti_sysbios_family_arm_m3_Hwi_swiTaskKeyAddress                     
0000469d  ti_sysbios_family_arm_m3_Hwi_switchAndRunFunc                      
00004939  ti_sysbios_family_arm_m3_Hwi_switchFromBootStack                   
000042b9  ti_sysbios_gates_GateMutex_Instance_init                           
200014c8  ti_sysbios_gates_GateMutex_Module_state                            
0000413d  ti_sysbios_gates_GateMutex_enter                                   
00004ad7  ti_sysbios_gates_GateMutex_leave                                   
0000330d  ti_sysbios_heaps_HeapMem_Instance_init                             
200014d0  ti_sysbios_heaps_HeapMem_Module_state                              
0000319d  ti_sysbios_heaps_HeapMem_alloc                                     
00002b51  ti_sysbios_heaps_HeapMem_allocUnprotected                          
00003979  ti_sysbios_heaps_HeapMem_construct                                 
00003ff5  ti_sysbios_heaps_HeapMem_free                                      
0000306b  ti_sysbios_heaps_HeapMem_freeUnprotected                           
2000107c  ti_sysbios_heaps_HeapMem_gate                                      
0000378d  ti_sysbios_heaps_HeapMem_getStats                                  
00004ba9  ti_sysbios_heaps_HeapMem_init                                      
00004c91  ti_sysbios_heaps_HeapMem_isBlocking                                
000039b5  ti_sysbios_knl_ClockSupport_init                                   
00004bb5  ti_sysbios_knl_ClockSupport_setNextTick                            
20000f10  ti_sysbios_knl_ClockSupport_timerStruct                            
00003d9d  ti_sysbios_knl_Clock_Instance_init                                 
20001400  ti_sysbios_knl_Clock_Module_state                                  
00004169  ti_sysbios_knl_Clock_getTicks                                      
000037cd  ti_sysbios_knl_Clock_getTicksUntilInterrupt                        
000020cd  ti_sysbios_knl_Clock_init                                          
00004869  ti_sysbios_knl_Clock_scheduleNextTick                              
000048f9  ti_sysbios_knl_Clock_start                                         
00001fad  ti_sysbios_knl_Clock_startI                                        
00004bc1  ti_sysbios_knl_Clock_tick                                          
00002bb1  ti_sysbios_knl_Clock_walkQueueDynamic                              
00001809  ti_sysbios_knl_Clock_workFuncDynamic                               
000059b0  ti_sysbios_knl_Idle_funcList                                       
000029c5  ti_sysbios_knl_Idle_init                                           
20001323  ti_sysbios_knl_Idle_initDone                                       
00004c4d  ti_sysbios_knl_Idle_loop                                           
00004781  ti_sysbios_knl_Idle_run                                            
200008e0  ti_sysbios_knl_Idle_taskStack                                      
20000f70  ti_sysbios_knl_Idle_taskStruct                                     
0000479d  ti_sysbios_knl_Queue_put                                           
000042e1  ti_sysbios_knl_Semaphore_Instance_init                             
200014d8  ti_sysbios_knl_Semaphore_Module_state                              
00004511  ti_sysbios_knl_Semaphore_destruct                                  
000014b1  ti_sysbios_knl_Semaphore_pend                                      
00003ea1  ti_sysbios_knl_Semaphore_pendTimeout                               
00002c11  ti_sysbios_knl_Semaphore_post                                      
000031e9  ti_sysbios_knl_Swi_Instance_init                                   
20001370  ti_sysbios_knl_Swi_Module_state                                    
000047b9  ti_sysbios_knl_Swi_construct                                       
00004881  ti_sysbios_knl_Swi_construct2                                      
00004309  ti_sysbios_knl_Swi_init                                            
00002f7d  ti_sysbios_knl_Swi_post                                            
20000fc8  ti_sysbios_knl_Swi_readyQs                                         
000035c1  ti_sysbios_knl_Swi_restore                                         
000024b1  ti_sysbios_knl_Swi_restoreHwi                                      
00002895  ti_sysbios_knl_Swi_run                                             
00002fcd  ti_sysbios_knl_Swi_runLoop                                         
00002c71  ti_sysbios_knl_Swi_schedule                                        
00004c53  ti_sysbios_knl_Swi_startup                                         
00002a29  ti_sysbios_knl_TaskSupport_buildTaskStack                          
00004899  ti_sysbios_knl_TaskSupport_glue                                    
00004025  ti_sysbios_knl_TaskSupport_start                                   
00004331  ti_sysbios_knl_TaskSupport_swap                                    
0000433c  ti_sysbios_knl_TaskSupport_swapReturn                              
00001999  ti_sysbios_knl_Task_Instance_finalize                              
00001dcd  ti_sysbios_knl_Task_Instance_init                                  
20001468  ti_sysbios_knl_Task_Module_state                                   
00004bcd  ti_sysbios_knl_Task_Params_init                                    
00004215  ti_sysbios_knl_Task_allBlockedFunction                             
000039f1  ti_sysbios_knl_Task_blockI                                         
00004359  ti_sysbios_knl_Task_construct                                      
00003a2d  ti_sysbios_knl_Task_create                                         
20001128  ti_sysbios_knl_Task_defaultStackHeap                               
0000465d  ti_sysbios_knl_Task_delete                                         
0000467d  ti_sysbios_knl_Task_destruct                                       
00004535  ti_sysbios_knl_Task_enter                                          
0000380d  ti_sysbios_knl_Task_exit                                           
00004381  ti_sysbios_knl_Task_init                                           
000023c5  ti_sysbios_knl_Task_postInit                                       
00003b51  ti_sysbios_knl_Task_processVitalTaskFlag                           
20000ff8  ti_sysbios_knl_Task_readyQs                                        
00003a69  ti_sysbios_knl_Task_restore                                        
00004195  ti_sysbios_knl_Task_restoreHwi                                     
[...]
00003a69  ti_sysbios_knl_Task_restore                                        
00003aa5  ti_sysbios_runtime_SystemSupport_flush                             
00003ae1  GUI_ChangeProto                                                    
00003b19  PowerCC26X2_oscDisableQualifiers                                   
00003b51  ti_sysbios_knl_Task_processVitalTaskFlag                           
00003b89  ti_sysbios_runtime_Error_print                                     
00003bc1  __TI_auto_init_nobinit_nopinit                                     
00003bf9  __aeabi_f2d                                                        
00003bf9  __extendsfdf2                                                      
00003c31  Power_releaseConstraint                                            
00003c65  SwiP_construct                                                     
00003c99  __TI_writemsg                                                      
00003cc3  C$$IO$$                                                            
00003ccd  _pthread_cleanupFxn                                                
00003d01  displayTask                                                        
00003d35  ti_sysbios_family_arm_m3_Hwi_getStackInfo                          
00003d69  ti_sysbios_family_arm_m3_Hwi_init                                  
00003d9d  ti_sysbios_knl_Clock_Instance_init                                 
00003dd1  ti_sysbios_knl_Task_unblockI                                       
00003e05  ti_sysbios_runtime_SystemSupport_putch                             
00003e39  ti_sysbios_runtime_System_processAtExit                            
00003e6d  _c_int00                                                           
00003ea1  ti_sysbios_knl_Semaphore_pendTimeout                               
00003ed3  ti_sysbios_runtime_System_exitSpin                                 
00003ed5  ClockP_construct                                                   
00003f05  GUI_ChangeRx                                                       
00003f35  Power_setConstraint                                                
00003f65  SSD1306_UpdatePosition                                             
00003f95  __TI_readmsg                                                       
00003ff5  ti_sysbios_heaps_HeapMem_free                                      
00004000  HEAPSIZE                                                           
00004025  ti_sysbios_knl_TaskSupport_start                                   
00004055  ti_sysbios_runtime_System_atexit                                   
00004085  NOROM_ThisLibraryIsFor_CC13x2_CC26x2_HwRev20AndLater_HaltIfViolated
000040b5  __aeabi_i2d                                                        
000040b5  __floatsidf                                                        
000040e5  PowerCC26XX_schedulerDisable                                       
0000413d  ti_sysbios_gates_GateMutex_enter                                   
00004169  ti_sysbios_knl_Clock_getTicks                                      
00004195  ti_sysbios_knl_Task_restoreHwi                                     
000041c1  NOROM_OSCHF_TurnOnXosc                                             
000041eb  ti_sysbios_family_arm_cc26xx_Timer_setNextTick                     
00004215  ti_sysbios_knl_Task_allBlockedFunction                             
00004241  BIOS_registerRTSLock                                               
00004269  I2C_cancel                                                         
00004291  ti_sysbios_family_arm_m3_Hwi_excHandlerAsm                         
000042b9  ti_sysbios_gates_GateMutex_Instance_init                           
000042e1  ti_sysbios_knl_Semaphore_Instance_init                             
00004309  ti_sysbios_knl_Swi_init                                            
00004331  ti_sysbios_knl_TaskSupport_swap                                    
0000433c  ti_sysbios_knl_TaskSupport_swapReturn                              
00004359  ti_sysbios_knl_Task_construct                                      
00004381  ti_sysbios_knl_Task_init                                           
000043a9  BIOS_removeRTSLock                                                 
000043cd  List_put                                                           
000043f1  PowerCC26X2_setSubSecIncToXoscLf                                   
00004415  PowerCC26X2_writeCtrim                                             
00004439  PowerCC26X2_writeCtrimFract                                        
0000445d  PowerCC26X2_writeCtrimFractEn                                      
00004481  PowerCC26X2_writeRtrim                                             
000044a5  Power_registerNotify                                               
000044c9  sendData                                                           
000044ed  ti_sysbios_family_arm_m3_Hwi_construct                             
00004511  ti_sysbios_knl_Semaphore_destruct                                  
00004535  ti_sysbios_knl_Task_enter                                          
00004559  SSD1306_DrawString                                                 
0000457b  ti_sysbios_runtime_SysMin_output                                   
0000459d  PowerCC26X2_disableTCXOQual                                        
000045bd  PowerCC26X2_enableTCXOQual                                         
000045dd  PowerCC26XX_schedulerRestore                                       
000045fd  SSD1306_SendCommand                                                
0000461d  SemaphoreP_constructBinary                                         
0000463d  ti_sysbios_family_arm_m3_Hwi_initStack                             
0000465d  ti_sysbios_knl_Task_delete                                         
0000467d  ti_sysbios_knl_Task_destruct                                       
0000469d  ti_sysbios_family_arm_m3_Hwi_switchAndRunFunc                      
000046bb  ti_sysbios_runtime_System_putchar                                  
000046d9  BIOS_rtsLock                                                       
000046f5  GPIO_setMux                                                        
00004711  GUI_ChangeDeviceIp                                                 
0000472d  GUI_ChangeTargetIp                                                 
00004749  Power_getTransitionLatency                                         
00004765  SSD1306_UpdateScreen                                               
00004781  ti_sysbios_knl_Idle_run                                            
0000479d  ti_sysbios_knl_Queue_put                                           
000047b9  ti_sysbios_knl_Swi_construct                                       
000047ef  ti_sysbios_runtime_SystemSupport_abort                             
00004809  BIOS_exitFunc                                                      
00004821  BIOS_rtsUnlock                                                     
00004839  PowerCC26XX_calibrate                                              
00004851  Power_idleFunc                                                     
00004869  ti_sysbios_knl_Clock_scheduleNextTick                              
00004881  ti_sysbios_knl_Swi_construct2                                      
00004899  ti_sysbios_knl_TaskSupport_glue                                    
000048b1  ti_sysbios_knl_Task_unblock                                        
000048c9  ti_sysbios_runtime_System_printf                                   
000048e1  ti_sysbios_runtime_System_vprintf                                  
000048f9  ti_sysbios_knl_Clock_start                                         
00004925  _args_main                                                         
00004939  ti_sysbios_family_arm_m3_Hwi_switchFromBootStack                   
0000494d  __aeabi_memset                                                     
0000494d  __aeabi_memset4                                                    
0000494d  __aeabi_memset8                                                    
00004959  __aeabi_memclr                                                     
00004959  __aeabi_memclr4                                                    
00004959  __aeabi_memclr8                                                    
00004961  __aeabi_uldivmod                                                   
00004975  I2C_transfer                                                       
00004987  IPAddress_Init_str                                                 
00004999  ti_sysbios_runtime_System_abort                                    
000049ab  TI_memcpy_small                                                    
000049bd  ClockP_getCpuFreq                                                  
000049cd  GPIO_write                                                         
000049dd  HwiP_Params_init                                                   
000049ed  PowerCC26X2_oscCtlClearXtal                                        
000049fd  PowerCC26X2_prcmEnableCacheRetention                               
00004a0d  PowerCC26X2_readCtrim                                              
00004a1d  PowerCC26X2_readCtrimFract                                         
00004a2d  PowerCC26X2_readRtrim                                              
00004a3d  PowerCC26X2_switchToTCXO                                           
00004a4d  SSD1306_SetPosition                                                
00004a5d  SwiP_Params_init                                                   
00004a6d  foo                                                                
00004a7d  ti_sysbios_family_arm_cc26xx_Timer_dynamicStub                     
00004a8d  ti_sysbios_family_arm_m3_Hwi_excHandler                            
00004a9d  __TI_zero_init                                                     
00004ad7  ti_sysbios_gates_GateMutex_leave                                   
00004ae5  TI_memset_small                                                    
00004af3  __TI_decompress_none                                               
00004b01  BIOS_linkedWithIncorrectBootLibrary                                
00004b0d  BIOS_start                                                         
00004b19  HwiP_disable                                                       
00004b25  I2C_Params_init                                                    
00004b31  NOROM_CPUcpsid                                                     
00004b3d  NOROM_CPUcpsie                                                     
00004b55  PowerCC26X2_oscClockSourceGet                                      
00004b61  PowerCC26X2_setPeriphDeepSleepEnable                               
00004b6d  PowerCC26X2_sysCtrlGetResetSource                                  
00004b79  PowerCC26X2_sysCtrlVoltageConditionalControl                       
00004b85  Power_getConstraintMask                                            
00004b91  _register_lock                                                     
00004b9d  _register_unlock                                                   
00004ba9  ti_sysbios_heaps_HeapMem_init                                      
00004bb5  ti_sysbios_knl_ClockSupport_setNextTick                            
00004bc1  ti_sysbios_knl_Clock_tick                                          
00004bcd  ti_sysbios_knl_Task_Params_init                                    
00004bd9  ClockP_Params_init                                                 
00004bed  PowerCC26X2_sysCtrlStandby                                         
00004bf7  SemaphoreP_pend                                                    
00004c09  I2CSupport_masterFinish                                            
00004c11  NOROM_CPUdelay                                                     
00004c19  PowerCC26X2_oschfTrySwitchToXosc                                   
00004c21  ti_sysbios_runtime_System_exit                                     
00004c29  ClockP_stop                                                        
00004c2f  HwiP_restore                                                       
00004c35  I2CSupport_powerRelConstraint                                      
00004c3b  I2CSupport_powerSetConstraint                                      
00004c41  ti_sysbios_family_arm_m3_Hwi_doSwiRestore                          
00004c47  ti_sysbios_family_arm_m3_Hwi_doTaskRestore                         
00004c4d  ti_sysbios_knl_Idle_loop                                           
00004c53  ti_sysbios_knl_Swi_startup                                         
00004c59  ClockP_getSystemTickPeriod                                         
00004c5d  ClockP_start                                                       
00004c61  HwiP_disableInterrupt                                              
00004c65  HwiP_enableInterrupt                                               
00004c69  PowerCC26X2_oschfSwitchToRcosc                                     
00004c6d  PowerCC26X2_sysCtrlIdle                                            
00004c71  PowerCC26X2_turnOnXosc                                             
00004c75  ResetISR                                                           
00004c79  SemaphoreP_post                                                    
00004c7d  SwiP_post                                                          
00004c81  _system_post_cinit                                                 
00004c85  _system_pre_init                                                   
00004c91  ti_sysbios_heaps_HeapMem_isBlocking                                
00004c95  __aeabi_memcpy                                                     
00004c95  __aeabi_memcpy4                                                    
00004c95  __aeabi_memcpy8                                                    
000057e0  resourceDB                                                         
00005883  GPIO_pinLowerBound                                                 
000058a8  SSD1306_InitSequence                                               
000058e4  i2cCC26xxHWAttrs                                                   
0000592c  PowerCC26X2_config                                                 
00005954  GPIO_config                                                        
00005998  I2C_config                                                         
000059b0  ti_sysbios_knl_Idle_funcList                                       
000059b8  GPIO_pinUpperBound                                                 
000059b9  I2C_count                                                          
000059bc  __c_args__                                                         
00005a80  __TI_Handler_Table_Base                                            
00005a8c  __TI_Handler_Table_Limit                                           
00005ab4  __TI_CINIT_Base                                                    
00005ae4  __TI_CINIT_Limit                                                   
00005ae4  __TI_CINIT_Warm                                                    
0004ffa8  __ccfg                                                             
20000000  __start___llvm_prf_bits                                            
20000000  __start___llvm_prf_cnts                                            
20000000  __stop___llvm_prf_bits                                             
20000000  __stop___llvm_prf_cnts                                             
20000000  ti_sysbios_family_arm_m3_Hwi_ramVectors                            
200004d9  ti_sysbios_runtime_SysMin_outbuf                                   
200008da  _counter                                                           
200008e0  ti_sysbios_knl_Idle_taskStack                                      
20000ae0  i2cCC26xxObjects                                                   
20000c20  _CIOBUF_                                                           
20000c20  __CIOBUF_                                                          
20000d40  ti_sysbios_family_arm_m3_Hwi_dispatchTable                         
20000e18  gpioCallbackFunctions                                              
20000e94  gpioUserArgs                                                       
20000f10  ti_sysbios_knl_ClockSupport_timerStruct                            
20000f70  ti_sysbios_knl_Idle_taskStruct                                     
20000fc8  ti_sysbios_knl_Swi_readyQs                                         
20000ff8  ti_sysbios_knl_Task_readyQs                                        
20001028  BIOS_heapMemObject                                                 
20001054  BIOS_rtsGate                                                       
2000107c  ti_sysbios_heaps_HeapMem_gate                                      
200010a4  testParams                                                         
200010c8  ti_sysbios_runtime_System_atexitHandlers                           
20001104  parmbuf                                                            
20001118  PowerCC26XX_swiKey                                                 
2000111c  PowerCC26XX_taskKey                                                
20001120  testHandle                                                         
20001124  ti_sysbios_family_arm_cc26xx_TimestampProvider_Module_state        
20001128  ti_sysbios_knl_Task_defaultStackHeap                               
20001130  PowerCC26X2_module                                                 
200012a4  gpioPinConfigs                                                     
20001320  ti_sysbios_runtime_Startup_done                                    
20001323  ti_sysbios_knl_Idle_initDone                                       
20001324  ti_sysbios_runtime_Memory_defaultHeapInstance                      
2000133c  ti_sysbios_runtime_Error_ignore                                    
20001348  ti_sysbios_family_arm_cc26xx_Timer_Module_state                    
20001354  ti_sysbios_runtime_System_Module_state                             
20001360  ti_sysbios_runtime_SysMin_Module_state                             
20001370  ti_sysbios_knl_Swi_Module_state                                    
20001398  BIOS_Module_state                                                  
200013c4  ti_sysbios_family_arm_m3_Hwi_Module_state                          
20001400  ti_sysbios_knl_Clock_Module_state                                  
20001468  ti_sysbios_knl_Task_Module_state                                   
200014b8  _hposcCoeffs                                                       
200014c8  ti_sysbios_gates_GateMutex_Module_state                            
200014d0  ti_sysbios_heaps_HeapMem_Module_state                              
200014d8  ti_sysbios_knl_Semaphore_Module_state                              
200014e0  _lock                                                              
200014e4  _unlock                                                            
200014e8  maccc                                                              
20001a50  __primary_heap_start__                                             
20005a50  __primary_heap_end__                                               
20013a00  __stack                                                            
20014000  __STACK_END                                                        
ffffffff  __TI_pprof_out_hndl                                                
ffffffff  __TI_prof_data_size                                                
ffffffff  __TI_prof_data_start                                               
ffffffff  __binit__                                                          
ffffffff  binit                                                              
UNDEFED   ITM_flush                                                          
UNDEFED   ITM_restore                                                        
UNDEFED   __mpu_init                                                         

[386 symbols]
