******************************************************************************
            TI ARM Clang Linker PC v2.1.2                      
******************************************************************************
>> Linked Mon Sep 25 20:23:02 2023

OUTPUT FILE NAME:   <multiSniff_LP_CC2652RB_tirtos7_ticlang2.out>
ENTRY POINT SYMBOL: "ResetISR"  address: 00005891


MEMORY CONFIGURATION

         name            origin    length      used     unused   attr    fill
----------------------  --------  ---------  --------  --------  ----  --------
  FLASH                 00000000   00058000  00006af4  0005150c  R  X
  GPRAM                 11000000   00002000  00000000  00002000  RW X
  SRAM                  20000000   00014000  00005592  0000ea6e  RW X
  LOG_DATA              90000000   00040000  00000000  00040000  R   


SEGMENT ALLOCATION MAP

run origin  load origin   length   init length attrs members
----------  ----------- ---------- ----------- ----- -------
00000000    00000000    000068d4   000068d4    r-x
  00000000    00000000    0000003c   0000003c    r-- .resetVecs
  0000003c    0000003c    0000587c   0000587c    r-x .text
  000058b8    000058b8    0000101c   0000101c    r-- .rodata
000068d4    000068d4    00000008   00000008    rw-
  000068d4    000068d4    00000008   00000008    rw- .args
000068dc    000068dc    000001c0   000001c0    r--
  000068dc    000068dc    000001c0   000001c0    r-- .cinit
00057fa8    00057fa8    00000058   00000058    r--
  00057fa8    00057fa8    00000058   00000058    r-- .ccfg
200000d8    200000d8    00004000   00000000    r--
  200000d8    200000d8    00004000   00000000    r-- .priheap
200040d8    200040d8    00000ebe   00000000    rw-
  200040d8    200040d8    000008bc   00000000    rw- .bss
  20004998    20004998    000005fe   00000000    rw- .data
20013a00    20013a00    00000600   00000000    rw-
  20013a00    20013a00    00000600   00000000    rw- .stack


SECTION ALLOCATION MAP

 output                                  attributes/
section   page    origin      length       input sections
--------  ----  ----------  ----------   ----------------
.binit     0    00000000    00000000     

.cinit     0    000068dc    000001c0     
                  000068dc    00000199     (.cinit..data.load) [load image, compression = lzss]
                  00006a75    00000003     --HOLE-- [fill = 0]
                  00006a78    0000000c     (__TI_handler_table)
                  00006a84    00000008     (.cinit..bss.load) [load image, compression = zero_init]
                  00006a8c    00000010     (__TI_cinit_table)

.init_array 
*          0    00000000    00000000     UNINITIALIZED

.ccfg      0    00057fa8    00000058     
                  00057fa8    00000058     ti_devices_config.o (.ccfg)

.bss       0    200040d8    000008bc     UNINITIALIZED
                  200040d8    000002c0     rf_multiMode_cc26x2.a : RFCC26X2_multiMode.c.cc26x2.ticlang.o (.bss.RF_cmdPool)
                  20004398    00000200     (.common:ti_sysbios_knl_Idle_taskStack)
                  20004598    000000d8     (.common:ti_sysbios_family_arm_m3_Hwi_dispatchTable)
                  20004670    00000068                           : RFCC26X2_multiMode.c.cc26x2.ticlang.o (.bss.RF_ratModule)
                  200046d8    00000060     (.common:ti_sysbios_knl_ClockSupport_timerStruct)
                  20004738    00000058     (.common:ti_sysbios_knl_Idle_taskStruct)
                  20004790    00000044                           : RFCC26X2_multiMode.c.cc26x2.ticlang.o (.bss.RF_clkInactivityObj)
                  200047d4    00000044                           : RFCC26X2_multiMode.c.cc26x2.ticlang.o (.bss.RF_clkPowerUpObj)
                  20004818    0000003c                           : RFCC26X2_multiMode.c.cc26x2.ticlang.o (.bss.RF_swiHwObj)
                  20004854    00000030     (.common:ti_sysbios_knl_Swi_readyQs)
                  20004884    00000030     (.common:ti_sysbios_knl_Task_readyQs)
                  200048b4    0000002c     (.common:BIOS_heapMemObject)
                  200048e0    00000028     (.common:BIOS_rtsGate)
                  20004908    00000028     (.common:ti_sysbios_heaps_HeapMem_gate)
                  20004930    00000024     (.common:testParams)
                  20004954    00000020     (.common:ti_sysbios_runtime_System_atexitHandlers)
                  20004974    00000004     driverlib.lib : osc.o (.bss.oscHfGlobals.0)
                  20004978    00000004                   : osc.o (.bss.oscHfGlobals.2)
                  2000497c    00000004                   : osc.o (.bss.oscHfGlobals.3)
                  20004980    00000004                   : osc.o (.bss.oscHfGlobals.4)
                  20004984    00000004     (.common:PowerCC26XX_swiKey)
                  20004988    00000004     (.common:PowerCC26XX_taskKey)
                  2000498c    00000004     (.common:ti_sysbios_family_arm_cc26xx_TimestampProvider_Module_state)
                  20004990    00000004     (.common:ti_sysbios_knl_Task_defaultStackHeap)

.data      0    20004998    000005fe     UNINITIALIZED
                  20004998    00000174     drivers_cc26x2.a : PowerCC26X2.c.obj (.data.PowerCC26X2_module)
                  20004b0c    00000068     rf_multiMode_cc26x2.a : RFCC26X2_multiMode.c.cc26x2.ticlang.o (.data..L_MergedGlobals.1)
                  20004b74    00000004                           : RFCC26X2_multiMode.c.cc26x2.ticlang.o (.data.RF_fsmActiveState.lfClockSourceLast)
                  20004b78    00000068     ti_sysbios_config.o (.data..L_MergedGlobals.70)
                  20004be0    00000068     ti_sysbios_config.o (.data..L_MergedGlobals)
                  20004c48    00000068     ti_sysbios_config.o (.data.ti_sysbios_knl_Clock_Module_state)
                  20004cb0    00000064     rf_multiMode_cc26x2.a : RFCC26X2_multiMode.c.cc26x2.ticlang.o (.data..L_MergedGlobals.3)
                  20004d14    00000058                           : RFCC26X2_multiMode.c.cc26x2.ticlang.o (.data..L_MergedGlobals.2)
                  20004d6c    00000054     ti_radio_config.o (.data.ble_pOverridesCommon)
                  20004dc0    00000040     ti_radio_config.o (.data.RFCMD_ieeeRX)
                  20004e00    0000003c     ti_sysbios_config.o (.data.ti_sysbios_knl_Task_Module_state)
                  20004e3c    00000024     ti_radio_config.o (.data.RFCMD_bleRadioSetup)
                  20004e60    00000020     ti_radio_config.o (.data.RFCMD_bleGenericRX)
                  20004e80    0000001c     ti_radio_config.o (.data.ble_pOverrides2Mbps)
                  20004e9c    00000018     ti_radio_config.o (.data.RFCMD_bleFrequencySynthesizer)
                  20004eb4    00000018     ti_radio_config.o (.data.RFCMD_ieeeFrequencySynthesizer)
                  20004ecc    00000018     ti_radio_config.o (.data.RFCMD_ieeeRadioSetup)
                  20004ee4    00000018     ti_radio_config.o (.data.ble_pOverrides1Mbps)
                  20004efc    00000014     ti_radio_config.o (.data.RFCMD_bleGenericRXPar)
                  20004f10    00000014     ti_radio_config.o (.data.ble_pOverridesCoded)
                  20004f24    00000010     ti_radio_config.o (.data.RFCMD_bleModeObject)
                  20004f34    00000010     ti_radio_config.o (.data.RFCMD_ieeeModeObject)
                  20004f44    00000010     driverlib.lib : osc.o (.data._hposcCoeffs)
                  20004f54    00000010     ti_radio_config.o (.data.ieee_pOverrides)
                  20004f64    00000008     rf_multiMode_cc26x2.a : RFCC26X2_multiMode.c.cc26x2.ticlang.o (.data..L_MergedGlobals)
                  20004f6c    00000008                           : RFCC26X2_multiMode.c.cc26x2.ticlang.o (.data.RFCC26XX_schedulerPolicy)
                  20004f74    00000008     ti_sysbios_config.o (.data.ti_sysbios_gates_GateMutex_Module_state)
                  20004f7c    00000008     ti_sysbios_config.o (.data.ti_sysbios_heaps_HeapMem_Module_state)
                  20004f84    00000008     ti_sysbios_config.o (.data.ti_sysbios_knl_Semaphore_Module_state)
                  20004f8c    00000004     libc.a : _lock.c.obj (.data._lock)
                  20004f90    00000004            : _lock.c.obj (.data._unlock)
                  20004f94    00000001     rf_multiMode_cc26x2.a : rf_patch_cpe_bt5.c.cc26x2.ticlang.o (.data.bBt5PatchEntered)
                  20004f95    00000001                           : rf_patch_cpe_ieee_802_15_4.c.cc26x2.ticlang.o (.data.bIeee802154PatchEntered)

.stack     0    20013a00    00000600     UNINITIALIZED
                  20013a00    00000004     sysbios.a : boot_cortex_m.obj (.stack)
                  20013a04    000005fc     --HOLE--

.priheap   0    200000d8    00004000     UNINITIALIZED
                  200000d8    00004000     --HOLE--

.log_data 
*          0    90000000    00000000     COPY SECTION

.resetVecs 
*          0    00000000    0000003c     
                  00000000    0000003c     ti_sysbios_config.o (.resetVecs)

.vecs      0    20000000    000000d8     NOLOAD SECTION
                  20000000    000000d8     ti_sysbios_config.o (.vecs)

__llvm_prf_cnts 
*          0    20000000    00000000     UNINITIALIZED

__llvm_prf_bits 
*          0    20000000    00000000     UNINITIALIZED

.text      0    0000003c    0000587c     
                  0000003c    00000498     rf_multiMode_cc26x2.a : RFCC26X2_multiMode.c.cc26x2.ticlang.o (.text.RF_fsmActiveState)
                  000004d4    0000029c                           : RFCC26X2_multiMode.c.cc26x2.ticlang.o (.text.RF_open)
                  00000770    000001dc                           : RFCC26X2_multiMode.c.cc26x2.ticlang.o (.text.RF_dispatchNextCmd)
                  0000094c    00000194     drivers_cc26x2.a : PowerCC26X2_calibrateRCOSC.c.obj (.text.PowerCC26X2_auxISR)
                  00000ae0    00000158                      : PowerCC26X2.c.obj (.text.Power_sleep)
                  00000c38    00000148     rf_multiMode_cc26x2.a : RFCC26X2_multiMode.c.cc26x2.ticlang.o (.text.RF_radioOpDoneCb)
                  00000d80    0000012c                           : RFCC26X2_multiMode.c.cc26x2.ticlang.o (.text.RF_fsmSetupState)
                  00000eac    00000124                           : RFCC26X2_multiMode.c.cc26x2.ticlang.o (.text.RF_abortCmd)
                  00000fd0    00000120     ti_sysbios_config.o (.text.ti_sysbios_family_arm_cc26xx_Timer_construct)
                  000010f0    0000011c     sysbios.a : Hwi_asm_gnu.obj (.text.ti_sysbios_family_arm_m3_Hwi_dispatch)
                  0000120c    00000118     drivers_cc26x2.a : PowerCC26X2.c.obj (.text.Power_init)
                  00001324    00000118     rf_multiMode_cc26x2.a : RFCC26X2_multiMode.c.cc26x2.ticlang.o (.text.RF_decodeOverridePointers)
                  0000143c    0000010c     drivers_cc26x2.a : PowerCC26X2_calibrateRCOSC.c.obj (.text.PowerCC26X2_calibrate)
                  00001548    00000108     rf_multiMode_cc26x2.a : RFCC26X2_multiMode.c.cc26x2.ticlang.o (.text.RF_fsmPowerUpState)
                  00001650    000000fc                           : RFCC26X2_multiMode.c.cc26x2.ticlang.o (.text.RF_hwiCpe0Active)
                  0000174c    000000f4     driverlib.lib : sys_ctrl.o (.text.NOROM_SysCtrlStandby)
                  00001840    000000e4                   : setup.o (.text.NOROM_SetupTrimDevice)
                  00001924    000000e4     ti_sysbios_config.o (.text.ti_sysbios_knl_Semaphore_pend)
                  00001a08    000000d8     ti_sysbios_config.o (.text.ti_sysbios_family_arm_m3_Hwi_excFillContext)
                  00001ae0    000000d0     drivers_cc26x2.a : PowerCC26X2.c.obj (.text.configureXOSCHF)
                  00001bb0    000000cc     rf_multiMode_cc26x2.a : RFCC26X2_multiMode.c.cc26x2.ticlang.o (.text.RF_postCmd)
                  00001c7c    000000cc     ti_sysbios_config.o (.text.ti_sysbios_knl_Clock_workFuncDynamic)
                  00001d48    000000ca     rf_multiMode_cc26x2.a : RFCC26X2_multiMode.c.cc26x2.ticlang.o (.text.RF_updatePaConfiguration)
                  00001e12    000000c4     driverlib.lib : setup.o (.text.TrimAfterColdResetWakeupFromShutDown)
                  00001ed6    00000002     ti_sysbios_config.o (.text.BIOS_nullFunc)
                  00001ed8    000000bc     rf_multiMode_cc26x2.a : RFCC26X2_multiMode.c.cc26x2.ticlang.o (.text.RF_swiHw)
                  00001f94    000000b8     ti_sysbios_config.o (.text.ti_sysbios_knl_Task_Instance_finalize)
                  0000204c    000000b4     driverlib.lib : osc.o (.text.NOROM_OSCHF_AttemptToSwitchToXosc)
                  00002100    000000b4     ti_sysbios_config.o (.text.PowerCC26XX_standbyPolicy)
                  000021b4    000000b4     drivers_cc26x2.a : PowerCC26X2.c.obj (.text.Power_releaseDependency)
                  00002268    000000b0                      : PowerCC26X2.c.obj (.text.Power_setDependency)
                  00002318    000000b0     libclang_rt.builtins.a : udivmoddi4.S.obj (.text)
                  000023c8    000000ac     rf_multiMode_cc26x2.a : RFCC26X2_multiMode.c.cc26x2.ticlang.o (.text.RF_pendCmd)
                  00002474    000000a4                           : RFCC26X2_multiMode.c.cc26x2.ticlang.o (.text.RF_initRadioSetup)
                  00002518    000000a4     ti_sysbios_config.o (.text.ti_sysbios_knl_Task_Instance_init)
                  000025bc    000000a0     rf_multiMode_cc26x2.a : RFCC26X2_multiMode.c.cc26x2.ticlang.o (.text.RF_calculateDispatchTime)
                  0000265c    00000098                           : RFCC26X2_multiMode.c.cc26x2.ticlang.o (.text.RF_defaultSubmitPolicy)
                  000026f4    00000096                           : RFCC26X2_multiMode.c.cc26x2.ticlang.o (.text.RF_verifyGap)
                  0000278a    00000002                           : rfc.c.cc26x2.ticlang.o (.text.NOROM_RFCCpePatchReset)
                  0000278c    00000094                           : RFCC26X2_multiMode.c.cc26x2.ticlang.o (.text.RF_ratRestartChannels)
                  00002820    00000094     ti_sysbios_config.o (.text.ti_sysbios_knl_Clock_startI)
                  000028b4    0000008c     ti_sysbios_config.o (.text.ti_sysbios_knl_Clock_init)
                  00002940    00000088     rf_multiMode_cc26x2.a : RFCC26X2_multiMode.c.cc26x2.ticlang.o (.text.RF_cmdDispatchTime)
                  000029c8    00000088                           : RFCC26X2_multiMode.c.cc26x2.ticlang.o (.text.RF_discardPendCmd)
                  00002a50    00000080     driverlib.lib : sys_ctrl.o (.text.NOROM_SysCtrlSetRechargeBeforePowerDown)
                  00002ad0    00000080     ti_sysbios_config.o (.text.ti_sysbios_family_arm_m3_Hwi_initNVIC)
                  00002b50    0000007e     driverlib.lib : chipinfo.o (.text.NOROM_ChipInfo_GetChipType)
                  00002bce    00000002     rf_multiMode_cc26x2.a : RFCC26X2_multiMode.c.cc26x2.ticlang.o (.text.RF_defaultCallback)
                  00002bd0    0000007c     ti_sysbios_config.o (.text.ti_sysbios_family_arm_m3_Hwi_postInit)
                  00002c4c    00000078     driverlib.lib : osc.o (.text.NOROM_OSCHF_SwitchToRcOscTurnOffXosc)
                  00002cc4    00000078                   : osc.o (.text.NOROM_OSC_CapArrayAdjustWorkaround_Boot)
                  00002d3c    00000078     rf_multiMode_cc26x2.a : RFCC26X2_multiMode.c.cc26x2.ticlang.o (.text.RF_ratFreeChannel)
                  00002db4    00000078     ti_sysbios_config.o (.text.ti_sysbios_knl_Task_postInit)
                  00002e2c    00000074     drivers_cc26x2.a : PowerCC26X2_calibrateRCOSC_helpers.c.obj (.text.PowerCC26X2_updateSubSecInc)
                  00002ea0    00000074     rf_multiMode_cc26x2.a : RFCC26X2_multiMode.c.cc26x2.ticlang.o (.text.RF_hwiHw)
                  00002f14    00000074     ti_sysbios_config.o (.text.ti_sysbios_knl_Swi_restoreHwi)
                  00002f88    00000070     ti_sysbios_config.o (.text.ti_sysbios_family_arm_m3_Hwi_Instance_init)
                  00002ff8    00000070     ti_sysbios_config.o (.text.ti_sysbios_knl_Task_startup)
                  00003068    0000006c     rf_multiMode_cc26x2.a : RFCC26X2_multiMode.c.cc26x2.ticlang.o (.text.RF_issueRadioFreeCb)
                  000030d4    0000006c     ti_sysbios_config.o (.text.ti_sysbios_family_arm_m3_Hwi_dispatchC)
                  00003140    0000006a     libc.a : copy_decompress_lzss.c.obj (.text:decompress:lzss)
                  000031aa    00000068     rf_multiMode_cc26x2.a : RFCC26X2_multiMode.c.cc26x2.ticlang.o (.text.RF_detachOverrides)
                  00003212    00000002     libclang_rt.builtins.a : aeabi_div0.c.obj (.text.__aeabi_ldiv0)
                  00003214    00000068     radio_api.o (.text.Radio_initRXCmd)
                  0000327c    00000068     ti_sysbios_config.o (.text.ti_sysbios_knl_Swi_run)
                  000032e4    00000064     drivers_cc26x2.a : PowerCC26X2_calibrateRCOSC.c.obj (.text.PowerCC26X2_initiateCalibration)
                  00003348    00000064     rf_multiMode_cc26x2.a : RFCC26X2_multiMode.c.cc26x2.ticlang.o (.text.RF_attachOverrides)
                  000033ac    00000064                           : RFCC26X2_multiMode.c.cc26x2.ticlang.o (.text.RF_dispatchNextEvent)
                  00003410    00000064                           : RFCC26X2_multiMode.c.cc26x2.ticlang.o (.text.RF_hwiCpe0PowerFsm)
                  00003474    00000064     drivers_cc26x2.a : PowerCC26X2.c.obj (.text.oscillatorISR)
                  000034d8    00000064     ti_sysbios_config.o (.text.ti_sysbios_knl_Idle_init)
                  0000353c    00000064     ti_sysbios_config.o (.text.ti_sysbios_knl_TaskSupport_buildTaskStack)
                  000035a0    00000062     rf_multiMode_cc26x2.a : RFCC26X2_multiMode.c.cc26x2.ticlang.o (.text.RF_syncCb)
                  00003602    00000060     ti_sysbios_config.o (.text.ti_sysbios_heaps_HeapMem_allocUnprotected)
                  00003662    00000002     libc.a : _lock.c.obj (.text._nop)
                  00003664    00000060     ti_sysbios_config.o (.text.ti_sysbios_knl_Clock_walkQueueDynamic)
                  000036c4    00000060     ti_sysbios_config.o (.text.ti_sysbios_knl_Semaphore_post)
                  00003724    00000060     ti_sysbios_config.o (.text.ti_sysbios_knl_Swi_schedule)
                  00003784    0000005e     rf_multiMode_cc26x2.a : rfc.c.cc26x2.ticlang.o (.text.NOROM_RFCAnaDivTxOverride)
                  000037e2    00000002     drivers_cc26x2.a : PowerCC26X2.c.obj (.text.emptyClockFunc)
                  000037e4    00000058     rf_multiMode_cc26x2.a : RFCC26X2_multiMode.c.cc26x2.ticlang.o (.text.RF_applyRfCorePatch)
                  0000383c    00000058     sysbios.a : Hwi_asm_switch_gnu.obj (.text.ti_sysbios_family_arm_m3_Hwi_initStacks)
                  00003894    00000054     rf_multiMode_cc26x2.a : RFCC26X2_multiMode.c.cc26x2.ticlang.o (.text.RF_fsmXOSCState)
                  000038e8    00000054                           : RFCC26X2_multiMode.c.cc26x2.ticlang.o (.text.RF_getCurrentTime)
                  0000393c    00000052     driverlib.lib : chipinfo.o (.text.NOROM_ChipInfo_GetHwRevision)
                  0000398e    00000002     ti_sysbios_config.o (.text.ti_sysbios_runtime_System_exitSpin)
                  00003990    00000050     rf_multiMode_cc26x2.a : RFCC26X2_multiMode.c.cc26x2.ticlang.o (.text.RF_wakeupNotification)
                  000039e0    00000050     ti_sysbios_config.o (.text.ti_sysbios_knl_Swi_post)
                  00003a30    00000050     ti_sysbios_config.o (.text.ti_sysbios_knl_Swi_runLoop)
                  00003a80    0000004e     ti_sysbios_config.o (.text.ti_sysbios_heaps_HeapMem_freeUnprotected)
                  00003ace    00000002     --HOLE-- [fill = 0]
                  00003ad0    0000004c     ti_sysbios_config.o (.text.BIOS_startFunc)
                  00003b1c    0000004c     driverlib.lib : osc.o (.text.NOROM_OSC_HPOSCRelativeFrequencyOffsetGet)
                  00003b68    0000004c     radio_api.o (.text.Radio_openRadioCore)
                  00003bb4    0000004c     rf_multiMode_cc26x2.a : rf_patch_cpe_bt5.c.cc26x2.ticlang.o (.text.configureBt5Patch)
                  00003c00    0000004c     drivers_cc26x2.a : PowerCC26X2.c.obj (.text.switchXOSCHF)
                  00003c4c    0000004c     ti_sysbios_config.o (.text.ti_sysbios_knl_Swi_Instance_init)
                  00003c98    00000048     ti_sysbios_config.o (.text.BIOS_init)
                  00003ce0    00000048     driverlib.lib : aux_sysif.o (.text.NOROM_AUXSYSIFOpModeChange)
                  00003d28    00000048     rf_multiMode_cc26x2.a : rfc.c.cc26x2.ticlang.o (.text.NOROM_RFCSynthPowerDown)
                  00003d70    00000048     drivers_cc26x2.a : PowerCC26X2.c.obj (.text.PowerCC26XX_switchXOSC_HF)
                  00003db8    00000048     rf_multiMode_cc26x2.a : rf_patch_cpe_ieee_802_15_4.c.cc26x2.ticlang.o (.text.rf_patch_cpe_ieee_802_15_4)
                  00003e00    00000048     ti_sysbios_config.o (.text.ti_sysbios_family_arm_cc26xx_Timer_start)
                  00003e48    00000048     ti_sysbios_config.o (.text.ti_sysbios_heaps_HeapMem_Instance_init)
                  00003e90    00000048     ti_sysbios_config.o (.text.ti_sysbios_heaps_HeapMem_alloc)
                  00003ed8    00000048     ti_sysbios_config.o (.text.ti_sysbios_knl_Task_schedule)
                  00003f20    00000048     ti_sysbios_config.o (.text.ti_sysbios_runtime_Startup_exec)
                  00003f68    00000044     ti_sysbios_config.o (.text.BIOS_atExitFunc)
                  00003fac    00000044     driverlib.lib : prcm.o (.text.NOROM_PRCMPowerDomainsAllOff)
                  00003ff0    00000044                   : prcm.o (.text.NOROM_PRCMPowerDomainsAllOn)
                  00004034    00000044     rf_multiMode_cc26x2.a : RFCC26X2_multiMode.c.cc26x2.ticlang.o (.text.RF_cmdGet)
                  00004078    00000044                           : RFCC26X2_multiMode.c.cc26x2.ticlang.o (.text.RF_updatePowerupDuration)
                  000040bc    00000044     main_tirtos.o (.text.main)
                  00004100    00000044     ti_sysbios_config.o (.text.ti_sysbios_family_arm_m3_Hwi_construct2)
                  00004144    00000044     ti_sysbios_config.o (.text.ti_sysbios_family_arm_m3_Hwi_disableInterrupt)
                  00004188    00000044     ti_sysbios_config.o (.text.ti_sysbios_family_arm_m3_Hwi_enableInterrupt)
                  000041cc    00000044     ti_sysbios_config.o (.text.ti_sysbios_knl_Swi_restore)
                  00004210    00000040     drivers_cc26x2.a : PowerCC26X2_calibrateRCOSC.c.obj (.text.PowerCC26X2_RCOSC_clockFunc)
                  00004250    00000040                      : PowerCC26X2_calibrateRCOSC_helpers.c.obj (.text.PowerCC26X2_setAclkRefSrc)
                  00004290    00000040     ti_sysbios_config.o (.text.ti_sysbios_heaps_HeapMem_getStats)
                  000042d0    00000040     ti_sysbios_config.o (.text.ti_sysbios_knl_Clock_getTicksUntilInterrupt)
                  00004310    00000040     ti_sysbios_config.o (.text.ti_sysbios_knl_Task_exit)
                  00004350    0000003c     ti_sysbios_config.o (.text.HwiP_construct)
                  0000438c    0000003c     driverlib.lib : sys_ctrl.o (.text.NOROM_SysCtrlIdle)
                  000043c8    0000003c     drivers_cc26x2.a : PowerCC26X2_calibrateRCOSC_helpers.c.obj (.text.PowerCC26X2_setTdcClkSrc24M)
                  00004404    0000003c     ti_sysbios_config.o (.text.ti_sysbios_family_arm_cc26xx_Timer_periodicStub)
                  00004440    0000003c     ti_sysbios_config.o (.text.ti_sysbios_family_arm_cc26xx_Timer_setThreshold)
                  0000447c    0000003c     ti_sysbios_config.o (.text.ti_sysbios_heaps_HeapMem_construct)
                  000044b8    0000003c     ti_sysbios_config.o (.text.ti_sysbios_knl_ClockSupport_init)
                  000044f4    0000003c     ti_sysbios_config.o (.text.ti_sysbios_knl_Task_blockI)
                  00004530    0000003c     ti_sysbios_config.o (.text.ti_sysbios_knl_Task_restore)
                  0000456c    0000003c     ti_sysbios_config.o (.text.ti_sysbios_runtime_Memory_alloc)
                  000045a8    00000038     drivers_cc26x2.a : PowerCC26X2_helpers.c.obj (.text.PowerCC26X2_oscDisableQualifiers)
                  000045e0    00000038     rf_multiMode_cc26x2.a : rf_patch_cpe_bt5.c.cc26x2.ticlang.o (.text.rf_patch_cpe_bt5)
                  00004618    00000038     ti_sysbios_config.o (.text.ti_sysbios_knl_Task_processVitalTaskFlag)
                  00004650    00000038     libc.a : autoinit.c.obj (.text:__TI_auto_init_nobinit_nopinit)
                  00004688    00000034     drivers_cc26x2.a : PowerCC26X2.c.obj (.text.Power_releaseConstraint)
                  000046bc    00000034     rf_multiMode_cc26x2.a : RFCC26X2_multiMode.c.cc26x2.ticlang.o (.text.RF_powerConstraintRelease)
                  000046f0    00000034     radio_api.o (.text.Radio_beginRX)
                  00004724    00000034     ti_sysbios_config.o (.text.SwiP_construct)
                  00004758    00000034     ti_sysbios_config.o (.text._pthread_cleanupFxn)
                  0000478c    00000034     ti_sysbios_config.o (.text.ti_sysbios_family_arm_m3_Hwi_getStackInfo)
                  000047c0    00000034     ti_sysbios_config.o (.text.ti_sysbios_family_arm_m3_Hwi_init)
                  000047f4    00000034     ti_sysbios_config.o (.text.ti_sysbios_knl_Clock_Instance_init)
                  00004828    00000034     ti_sysbios_config.o (.text.ti_sysbios_knl_Task_unblockI)
                  0000485c    00000034     ti_sysbios_config.o (.text.ti_sysbios_runtime_Error_raiseX)
                  00004890    00000034     sysbios.a : boot_cortex_m.obj (.text:_c_int00)
                  000048c4    00000032     ti_sysbios_config.o (.text.ti_sysbios_knl_Semaphore_pendTimeout)
                  000048f6    00000002     --HOLE-- [fill = 0]
                  000048f8    00000030     ti_sysbios_config.o (.text.ClockP_construct)
                  00004928    00000030     drivers_cc26x2.a : PowerCC26X2.c.obj (.text.Power_setConstraint)
                  00004958    00000030     rf_multiMode_cc26x2.a : RFCC26X2_multiMode.c.cc26x2.ticlang.o (.text.RF_checkCmdFsError)
                  00004988    00000030     drivers_cc26x2.a : PowerCC26X2.c.obj (.text.notify)
                  000049b8    00000030     ti_sysbios_config.o (.text.ti_sysbios_family_arm_m3_Hwi_excHandlerMin)
                  000049e8    00000030     ti_sysbios_config.o (.text.ti_sysbios_heaps_HeapMem_free)
                  00004a18    00000030     ti_sysbios_config.o (.text.ti_sysbios_knl_TaskSupport_start)
                  00004a48    00000030     ti_sysbios_config.o (.text.ti_sysbios_runtime_System_atexit)
                  00004a78    00000030     ti_sysbios_config.o (.text.ti_sysbios_runtime_System_processAtExit)
                  00004aa8    0000002e     driverlib.lib : chipinfo.o (.text.NOROM_ThisLibraryIsFor_CC13x2_CC26x2_HwRev20AndLater_HaltIfViolated)
                  00004ad6    0000002e     rf_multiMode_cc26x2.a : RFCC26X2_multiMode.c.cc26x2.ticlang.o (.text.RF_calculateDeltaTimeUs)
                  00004b04    0000002c     ti_sysbios_config.o (.text.PowerCC26XX_schedulerDisable)
                  00004b30    0000002c     rf_multiMode_cc26x2.a : RFCC26X2_multiMode.c.cc26x2.ticlang.o (.text.RF_executeDirectImmediateCmd)
                  00004b5c    0000002c     radio_api.o (.text.Radio_setFrequencySynthesizer)
                  00004b88    0000002c     ti_sysbios_config.o (.text._pthread_delete)
                  00004bb4    0000002c     ti_sysbios_config.o (.text.ti_sysbios_gates_GateMutex_enter)
                  00004be0    0000002c     ti_sysbios_config.o (.text.ti_sysbios_knl_Clock_getTicks)
                  00004c0c    0000002c     ti_sysbios_config.o (.text.ti_sysbios_knl_Clock_getTimeout)
                  00004c38    0000002c     ti_sysbios_config.o (.text.ti_sysbios_knl_Task_restoreHwi)
                  00004c64    0000002a     driverlib.lib : osc.o (.text.NOROM_OSCHF_TurnOnXosc)
                  00004c8e    0000002a     ti_sysbios_config.o (.text.ti_sysbios_family_arm_cc26xx_Timer_setNextTick)
                  00004cb8    0000002a     ti_sysbios_config.o (.text.ti_sysbios_knl_Task_allBlockedFunction)
                  00004ce2    00000002     --HOLE-- [fill = 0]
                  00004ce4    00000028     ti_sysbios_config.o (.text.BIOS_registerRTSLock)
                  00004d0c    00000028     drivers_cc26x2.a : List.c.obj (.text.List_remove)
                  00004d34    00000028                      : PowerCC26X2.c.obj (.text.PowerCC26XX_isStableXOSC_HF)
                  00004d5c    00000028     rf_multiMode_cc26x2.a : RFCC26X2_multiMode.c.cc26x2.ticlang.o (.text.RF_cmdStoreEvents)
                  00004d84    00000028     sysbios.a : Hwi_asm_gnu.obj (.text.ti_sysbios_family_arm_m3_Hwi_excHandlerAsm)
                  00004dac    00000028     ti_sysbios_config.o (.text.ti_sysbios_gates_GateMutex_Instance_init)
                  00004dd4    00000028     ti_sysbios_config.o (.text.ti_sysbios_knl_Semaphore_Instance_init)
                  00004dfc    00000028     ti_sysbios_config.o (.text.ti_sysbios_knl_Swi_init)
                  00004e24    00000028     sysbios.a : TaskSupport_asm_gnu.obj (.text.ti_sysbios_knl_TaskSupport_swap)
                  00004e4c    00000028     ti_sysbios_config.o (.text.ti_sysbios_knl_Task_construct)
                  00004e74    00000028     ti_sysbios_config.o (.text.ti_sysbios_knl_Task_init)
                  00004e9c    00000026     drivers_cc26x2.a : List.c.obj (.text.List_insert)
                  00004ec2    00000026                      : List.c.obj (.text.List_putHead)
                  00004ee8    00000026     rf_multiMode_cc26x2.a : RFCC26X2_multiMode.c.cc26x2.ticlang.o (.text.RF_runCmd)
                  00004f0e    00000002     --HOLE-- [fill = 0]
                  00004f10    00000024     ti_sysbios_config.o (.text.BIOS_removeRTSLock)
                  00004f34    00000024     drivers_cc26x2.a : List.c.obj (.text.List_put)
                  00004f58    00000024                      : PowerCC26X2_helpers.c.obj (.text.PowerCC26X2_getOscHfSourceReady)
                  00004f7c    00000024                      : PowerCC26X2_helpers.c.obj (.text.PowerCC26X2_setSubSecIncToXoscLf)
                  00004fa0    00000024                      : PowerCC26X2_calibrateRCOSC_helpers.c.obj (.text.PowerCC26X2_writeCtrim)
                  00004fc4    00000024                      : PowerCC26X2_calibrateRCOSC_helpers.c.obj (.text.PowerCC26X2_writeCtrimFract)
                  00004fe8    00000024                      : PowerCC26X2_calibrateRCOSC_helpers.c.obj (.text.PowerCC26X2_writeCtrimFractEn)
                  0000500c    00000024                      : PowerCC26X2_calibrateRCOSC_helpers.c.obj (.text.PowerCC26X2_writeRtrim)
                  00005030    00000024                      : PowerCC26X2.c.obj (.text.Power_registerNotify)
                  00005054    00000024     rf_multiMode_cc26x2.a : RFCC26X2_multiMode.c.cc26x2.ticlang.o (.text.RF_clkPowerUp)
                  00005078    00000024                           : RFCC26X2_multiMode.c.cc26x2.ticlang.o (.text.RF_hwiCpe0ChangePhy)
                  0000509c    00000024                           : RFCC26X2_multiMode.c.cc26x2.ticlang.o (.text.RF_isStateTransitionAllowed)
                  000050c0    00000024                           : RFCC26X2_multiMode.c.cc26x2.ticlang.o (.text.RF_searchAndReplacePAOverride)
                  000050e4    00000024     ti_sysbios_config.o (.text.ti_sysbios_family_arm_m3_Hwi_construct)
                  00005108    00000024     ti_sysbios_config.o (.text.ti_sysbios_knl_Semaphore_destruct)
                  0000512c    00000024     ti_sysbios_config.o (.text.ti_sysbios_knl_Task_enter)
                  00005150    00000022     drivers_cc26x2.a : List.c.obj (.text.List_get)
                  00005172    00000002     --HOLE-- [fill = 0]
                  00005174    00000020     rf_multiMode_cc26x2.a : rfc.c.cc26x2.ticlang.o (.text.NOROM_RFCDoorbellSendTo)
                  00005194    00000020                           : rfc.c.cc26x2.ticlang.o (.text.NOROM_RFCOverrideSearch)
                  000051b4    00000020     drivers_cc26x2.a : PowerCC26X2_helpers.c.obj (.text.PowerCC26X2_disableTCXOQual)
                  000051d4    00000020                      : PowerCC26X2_helpers.c.obj (.text.PowerCC26X2_enableTCXOQual)
                  000051f4    00000020     ti_sysbios_config.o (.text.PowerCC26XX_schedulerRestore)
                  00005214    00000020     rf_multiMode_cc26x2.a : RFCC26X2_multiMode.c.cc26x2.ticlang.o (.text.RF_cmdAlloc)
                  00005234    00000020                           : RFCC26X2_multiMode.c.cc26x2.ticlang.o (.text.RF_invokeGlobalCallback)
                  00005254    00000020                           : RFCC26X2_multiMode.c.cc26x2.ticlang.o (.text.RF_ratIsRunning)
                  00005274    00000020     ti_sysbios_config.o (.text.SemaphoreP_constructBinary)
                  00005294    00000020     ti_sysbios_config.o (.text.ti_sysbios_family_arm_m3_Hwi_initStack)
                  000052b4    00000020     ti_sysbios_config.o (.text.ti_sysbios_knl_Task_delete)
                  000052d4    00000020     ti_sysbios_config.o (.text.ti_sysbios_knl_Task_destruct)
                  000052f4    0000001e     sysbios.a : Hwi_asm_switch_gnu.obj (.text.ti_sysbios_family_arm_m3_Hwi_switchAndRunFunc)
                  00005312    00000002     --HOLE-- [fill = 0]
                  00005314    0000001c     ti_sysbios_config.o (.text.BIOS_rtsLock)
                  00005330    0000001c     drivers_cc26x2.a : PowerCC26X2.c.obj (.text.Power_getTransitionLatency)
                  0000534c    0000001c     rf_multiMode_cc26x2.a : RFCC26X2_multiMode.c.cc26x2.ticlang.o (.text.RF_clkInactivityCallback)
                  00005368    0000001c                           : RFCC26X2_multiMode.c.cc26x2.ticlang.o (.text.RF_getPAOverrideOffsetAndValue)
                  00005384    0000001c                           : RFCC26X2_multiMode.c.cc26x2.ticlang.o (.text.RF_powerConstraintSet)
                  000053a0    0000001c                           : RFCC26X2_multiMode.c.cc26x2.ticlang.o (.text.RF_swiFsm)
                  000053bc    0000001c     ti_sysbios_config.o (.text.ti_sysbios_knl_Idle_run)
                  000053d8    0000001c     ti_sysbios_config.o (.text.ti_sysbios_knl_Queue_put)
                  000053f4    0000001c     ti_sysbios_config.o (.text.ti_sysbios_knl_Swi_construct)
                  00005410    00000018     ti_sysbios_config.o (.text.BIOS_exitFunc)
                  00005428    00000018     ti_sysbios_config.o (.text.BIOS_rtsUnlock)
                  00005440    00000018     drivers_cc26x2.a : PowerCC26X2.c.obj (.text.PowerCC26XX_calibrate)
                  00005458    00000018                      : PowerCC26X2.c.obj (.text.Power_idleFunc)
                  00005470    00000018     rf_multiMode_cc26x2.a : RFCC26X2_multiMode.c.cc26x2.ticlang.o (.text.RF_restartClockTimeout)
                  00005488    00000018     ti_sysbios_config.o (.text.ti_sysbios_knl_Clock_scheduleNextTick)
                  000054a0    00000018     ti_sysbios_config.o (.text.ti_sysbios_knl_Swi_construct2)
                  000054b8    00000018     ti_sysbios_config.o (.text.ti_sysbios_knl_Swi_or)
                  000054d0    00000018     sysbios.a : TaskSupport_asm_gnu.obj (.text.ti_sysbios_knl_TaskSupport_glue)
                  000054e8    00000018     ti_sysbios_config.o (.text.ti_sysbios_knl_Task_unblock)
                  00005500    00000016     ti_sysbios_config.o (.text.HwiP_setFunc)
                  00005516    00000016     drivers_cc26x2.a : List.c.obj (.text.List_clearList)
                  0000552c    00000016     ti_sysbios_config.o (.text.ti_sysbios_knl_Clock_start)
                  00005542    00000002     --HOLE-- [fill = 0]
                  00005544    00000014     rf_multiMode_cc26x2.a : RFCC26X2_multiMode.c.cc26x2.ticlang.o (.text.RF_dbellSyncOnAck)
                  00005558    00000014     ti_sysbios_config.o (.text.SwiP_disable)
                  0000556c    00000014     libc.a : args_main.c.obj (.text._args_main)
                  00005580    00000014     ti_sysbios_config.o (.text.ti_sysbios_family_arm_m3_Hwi_switchFromBootStack)
                  00005594    00000014     libclang_rt.builtins.a : aeabi_memset.S.obj (.text)
                  000055a8    00000014                            : aeabi_uldivmod.S.obj (.text)
                  000055bc    00000012     libc.a : memcpy_t2.S.obj (.text:TI_memcpy_small)
                  000055ce    00000010     ti_sysbios_config.o (.text.HwiP_Params_init)
                  000055de    00000002     --HOLE-- [fill = 0]
                  000055e0    00000010     ti_sysbios_config.o (.text.HwiP_post)
                  000055f0    00000010     rf_multiMode_cc26x2.a : rfc.c.cc26x2.ticlang.o (.text.NOROM_RFCCpeIntGetAndClear)
                  00005600    00000010                           : rfc.c.cc26x2.ticlang.o (.text.NOROM_RFCHwIntGetAndClear)
                  00005610    00000010     drivers_cc26x2.a : PowerCC26X2_helpers.c.obj (.text.PowerCC26X2_oscCtlClearXtal)
                  00005620    00000010                      : PowerCC26X2_helpers.c.obj (.text.PowerCC26X2_prcmEnableCacheRetention)
                  00005630    00000010                      : PowerCC26X2_calibrateRCOSC_helpers.c.obj (.text.PowerCC26X2_readCtrim)
                  00005640    00000010                      : PowerCC26X2_calibrateRCOSC_helpers.c.obj (.text.PowerCC26X2_readCtrimFract)
                  00005650    00000010                      : PowerCC26X2_calibrateRCOSC_helpers.c.obj (.text.PowerCC26X2_readRtrim)
                  00005660    00000010                      : PowerCC26X2_helpers.c.obj (.text.PowerCC26X2_switchToTCXO)
                  00005670    00000010     ti_sysbios_config.o (.text.SwiP_Params_init)
                  00005680    00000010     ti_sysbios_config.o (.text.ti_sysbios_family_arm_cc26xx_Timer_dynamicStub)
                  00005690    00000010     ti_sysbios_config.o (.text.ti_sysbios_family_arm_m3_Hwi_excHandler)
                  000056a0    00000010     libc.a : copy_zero_init.c.obj (.text:decompress:ZI)
                  000056b0    0000000e     drivers_cc26x2.a : PowerCC26X2.c.obj (.text.OUTLINED_FUNCTION_0)
                  000056be    0000000e     rf_multiMode_cc26x2.a : RFCC26X2_multiMode.c.cc26x2.ticlang.o (.text.OUTLINED_FUNCTION_0)
                  000056cc    0000000e                           : RFCC26X2_multiMode.c.cc26x2.ticlang.o (.text.OUTLINED_FUNCTION_3)
                  000056da    0000000e     drivers_cc26x2.a : PowerCC26X2.c.obj (.text.switchToTCXO)
                  000056e8    0000000e     ti_sysbios_config.o (.text.ti_sysbios_gates_GateMutex_leave)
                  000056f6    0000000e     libc.a : memset_t2.S.obj (.text:TI_memset_small)
                  00005704    0000000e            : copy_decompress_none.c.obj (.text:decompress:none)
                  00005712    00000002     --HOLE-- [fill = 0]
                  00005714    0000000c     ti_sysbios_config.o (.text.BIOS_linkedWithIncorrectBootLibrary)
                  00005720    0000000c     ti_sysbios_config.o (.text.BIOS_start)
                  0000572c    0000000c     ti_sysbios_config.o (.text.HwiP_disable)
                  00005738    0000000c     driverlib.lib : cpu.o (.text.NOROM_CPUcpsid)
                  00005744    0000000c                   : cpu.o (.text.NOROM_CPUcpsie)
                  00005750    0000000c     drivers_cc26x2.a : PowerCC26X2_helpers.c.obj (.text.PowerCC26X2_oscClockSourceGet)
                  0000575c    0000000c                      : PowerCC26X2_helpers.c.obj (.text.PowerCC26X2_setPeriphDeepSleepEnable)
                  00005768    0000000c                      : PowerCC26X2_helpers.c.obj (.text.PowerCC26X2_sysCtrlGetResetSource)
                  00005774    0000000c                      : PowerCC26X2_helpers.c.obj (.text.PowerCC26X2_sysCtrlVoltageConditionalControl)
                  00005780    0000000c                      : PowerCC26X2.c.obj (.text.Power_getConstraintMask)
                  0000578c    0000000c     rf_multiMode_cc26x2.a : RFCC26X2_multiMode.c.cc26x2.ticlang.o (.text.RF_Params_init)
                  00005798    0000000c     ti_sysbios_config.o (.text.SwiP_getTrigger)
                  000057a4    0000000c     libc.a : _lock.c.obj (.text._register_lock)
                  000057b0    0000000c            : _lock.c.obj (.text._register_unlock)
                  000057bc    0000000c     ti_sysbios_config.o (.text.ti_sysbios_heaps_HeapMem_init)
                  000057c8    0000000c     ti_sysbios_config.o (.text.ti_sysbios_knl_ClockSupport_setNextTick)
                  000057d4    0000000c     ti_sysbios_config.o (.text.ti_sysbios_knl_Clock_tick)
                  000057e0    0000000c     ti_sysbios_config.o (.text.ti_sysbios_knl_Task_Params_init)
                  000057ec    0000000a     ti_sysbios_config.o (.text.ClockP_Params_init)
                  000057f6    0000000a     rf_multiMode_cc26x2.a : RFCC26X2_multiMode.c.cc26x2.ticlang.o (.text.OUTLINED_FUNCTION_5)
                  00005800    0000000a     drivers_cc26x2.a : PowerCC26X2_helpers.c.obj (.text.PowerCC26X2_sysCtrlStandby)
                  0000580a    0000000a     ti_sysbios_config.o (.text.SemaphoreP_pend)
                  00005814    00000008     driverlib.lib : cpu.o (.text.NOROM_CPUdelay)
                  0000581c    00000008     rf_multiMode_cc26x2.a : RFCC26X2_multiMode.c.cc26x2.ticlang.o (.text.OUTLINED_FUNCTION_2)
                  00005824    00000008     drivers_cc26x2.a : PowerCC26X2_helpers.c.obj (.text.PowerCC26X2_oschfTrySwitchToXosc)
                  0000582c    00000008     ti_sysbios_config.o (.text.ti_sysbios_runtime_System_exit)
                  00005834    00000006     ti_sysbios_config.o (.text.ClockP_stop)
                  0000583a    00000006     ti_sysbios_config.o (.text.HwiP_restore)
                  00005840    00000006     rf_multiMode_cc26x2.a : RFCC26X2_multiMode.c.cc26x2.ticlang.o (.text.OUTLINED_FUNCTION_4)
                  00005846    00000006                           : RFCC26X2_multiMode.c.cc26x2.ticlang.o (.text.RF_clkReqAccess)
                  0000584c    00000006     ti_sysbios_config.o (.text.ti_sysbios_family_arm_m3_Hwi_doSwiRestore)
                  00005852    00000006     ti_sysbios_config.o (.text.ti_sysbios_family_arm_m3_Hwi_doTaskRestore)
                  00005858    00000006     ti_sysbios_config.o (.text.ti_sysbios_knl_Idle_loop)
                  0000585e    00000006     ti_sysbios_config.o (.text.ti_sysbios_knl_Swi_startup)
                  00005864    00000004     ti_sysbios_config.o (.text.ClockP_getSystemTickPeriod)
                  00005868    00000004     ti_sysbios_config.o (.text.ClockP_getTimeout)
                  0000586c    00000004     ti_sysbios_config.o (.text.ClockP_isActive)
                  00005870    00000004     ti_sysbios_config.o (.text.ClockP_setTimeout)
                  00005874    00000004     ti_sysbios_config.o (.text.ClockP_start)
                  00005878    00000004     ti_sysbios_config.o (.text.HwiP_enableInterrupt)
                  0000587c    00000004     rf_multiMode_cc26x2.a : rfc.c.cc26x2.ticlang.o (.text.NOROM_RFCOverrideUpdate)
                  00005880    00000004     drivers_cc26x2.a : PowerCC26X2_helpers.c.obj (.text.PowerCC26X2_oschfSwitchToRcosc)
                  00005884    00000004                      : PowerCC26X2_helpers.c.obj (.text.PowerCC26X2_sysCtrlIdle)
                  00005888    00000004                      : PowerCC26X2_helpers.c.obj (.text.PowerCC26X2_turnOnXosc)
                  0000588c    00000004     rf_multiMode_cc26x2.a : RFCC26X2_multiMode.c.cc26x2.ticlang.o (.text.RF_defaultExecutionPolicy)
                  00005890    00000004     ti_sysbios_config.o (.text.ResetISR)
                  00005894    00000004     ti_sysbios_config.o (.text.SemaphoreP_post)
                  00005898    00000004     ti_sysbios_config.o (.text.SwiP_or)
                  0000589c    00000004     ti_sysbios_config.o (.text.SwiP_restore)
                  000058a0    00000004     ti_sysbios_config.o (.text._system_post_cinit)
                  000058a4    00000004     ti_sysbios_config.o (.text._system_pre_init)
                  000058a8    00000004     drivers_cc26x2.a : PowerCC26X2.c.obj (.text.configureRFCoreClocks)
                  000058ac    00000004                      : PowerCC26X2.c.obj (.text.nopResourceHandler)
                  000058b0    00000004     ti_sysbios_config.o (.text.ti_sysbios_heaps_HeapMem_isBlocking)
                  000058b4    00000004     libclang_rt.builtins.a : aeabi_memcpy.S.obj (.text)

.rodata    0    000058b8    0000101c     
                  000058b8    000005d0     ti_sysbios_config.o (.rodata.str1.1)
                  00005e88    00000538     rf_multiMode_cc26x2.a : rf_patch_cpe_bt5.c.cc26x2.ticlang.o (.rodata.patchImageBt5)
                  000063c0    000001ac                           : rf_patch_cpe_ieee_802_15_4.c.cc26x2.ticlang.o (.rodata.patchImageIeee802154)
                  0000656c    0000008d     ti_sysbios_config.o (.rodata.ti_sysbios_heaps_HeapMem_alloc.err)
                  000065f9    00000089     ti_sysbios_config.o (.rodata.ti_sysbios_family_arm_m3_Hwi_Instance_init.err.1)
                  00006682    00000089     ti_sysbios_config.o (.rodata.ti_sysbios_runtime_Memory_alloc.err)
                  0000670b    00000086     ti_sysbios_config.o (.rodata.ti_sysbios_family_arm_m3_Hwi_Instance_init.err)
                  00006791    00000001     --HOLE-- [fill = 0]
                  00006792    00000054     drivers_cc26x2.a : PowerCC26X2.c.obj (.rodata.resourceDB)
                  000067e6    00000002     --HOLE-- [fill = 0]
                  000067e8    00000024     ti_sysbios_config.o (.rodata.ti_sysbios_knl_Task_Params_default)
                  0000680c    00000020     rf_multiMode_cc26x2.a : RFCC26X2_multiMode.c.cc26x2.ticlang.o (.rodata.cst32)
                  0000682c    0000001c     ti_sysbios_config.o (.rodata.ti_sysbios_family_arm_cc26xx_Timer_Params_default)
                  00006848    00000018     ti_sysbios_config.o (.rodata.ti_sysbios_family_arm_m3_Hwi_Params_default)
                  00006860    00000014     ti_drivers_config.o (.rodata.PowerCC26X2_config)
                  00006874    00000014     ti_sysbios_config.o (.rodata.ti_sysbios_knl_Swi_Params_default)
                  00006888    0000000c     ti_drivers_config.o (.rodata.RFCC26XX_hwAttrs)
                  00006894    0000000c     ti_sysbios_config.o (.rodata.ti_sysbios_heaps_HeapMem_Params_default)
                  000068a0    0000000c     ti_sysbios_config.o (.rodata.ti_sysbios_knl_Clock_Params_default)
                  000068ac    0000000c     ti_sysbios_config.o (.rodata.ti_sysbios_knl_Semaphore_Params_default)
                  000068b8    00000008     rf_multiMode_cc26x2.a : RFCC26X2_multiMode.c.cc26x2.ticlang.o (.rodata..L__const.RF_hwiCpe0Active.activeCmd)
                  000068c0    00000008     driverlib.lib : aux_sysif.o (.rodata.cst4)
                  000068c8    00000008     ti_sysbios_config.o (.rodata.ti_sysbios_knl_Idle_funcList)
                  000068d0    00000004     ti_sysbios_config.o (.rodata.ti_sysbios_family_arm_m3_Hwi_swiTaskKeyAddress)

.args      0    000068d4    00000008     
                  000068d4    00000008     --HOLE-- [fill = 0]

MODULE SUMMARY

       Module                                          code    ro data   rw data
       ------                                          ----    -------   -------
    .\
       radio_api.o                                     276     0         0      
       main_tirtos.o                                   68      0         36     
    +--+-----------------------------------------------+-------+---------+---------+
       Total:                                          344     0         36     
                                                                                
    .\syscfg\
       ti_sysbios_config.o                             7394    2253      1792   
       ti_radio_config.o                               0       0         428    
       ti_devices_config.o                             0       88        0      
       ti_drivers_config.o                             0       32        0      
    +--+-----------------------------------------------+-------+---------+---------+
       Total:                                          7394    2373      2220   
                                                                                
    C:/ti/simplelink_cc13xx_cc26xx_sdk_6_30_01_03/kernel/tirtos7/packages/ti/sysbios/lib/ticlang/m4f/sysbios.a
       Hwi_asm_gnu.obj                                 324     0         0      
       Hwi_asm_switch_gnu.obj                          118     0         0      
       TaskSupport_asm_gnu.obj                         64      0         0      
       boot_cortex_m.obj                               52      0         0      
    +--+-----------------------------------------------+-------+---------+---------+
       Total:                                          558     0         0      
                                                                                
    C:/ti/simplelink_cc13xx_cc26xx_sdk_6_30_01_03/source/ti/devices/cc13x2_cc26x2/driverlib/bin/ticlang/driverlib.lib
       osc.o                                           538     0         32     
       sys_ctrl.o                                      432     0         0      
       setup.o                                         424     0         0      
       chipinfo.o                                      254     0         0      
       prcm.o                                          136     0         0      
       aux_sysif.o                                     72      8         0      
       cpu.o                                           32      0         0      
    +--+-----------------------------------------------+-------+---------+---------+
       Total:                                          1888    8         32     
                                                                                
    C:/ti/simplelink_cc13xx_cc26xx_sdk_6_30_01_03/source/ti/drivers/lib/ticlang/m4f/drivers_cc26x2.a
       PowerCC26X2.c.obj                               1786    84        372    
       PowerCC26X2_calibrateRCOSC.c.obj                836     0         0      
       PowerCC26X2_calibrateRCOSC_helpers.c.obj        432     0         0      
       PowerCC26X2_helpers.c.obj                       318     0         0      
       List.c.obj                                      208     0         0      
    +--+-----------------------------------------------+-------+---------+---------+
       Total:                                          3580    84        372    
                                                                                
    C:/ti/simplelink_cc13xx_cc26xx_sdk_6_30_01_03/source/ti/drivers/rf/lib/ticlang/m4f/rf_multiMode_cc26x2.a
       RFCC26X2_multiMode.c.cc26x2.ticlang.o           7906    40        1316   
       rf_patch_cpe_bt5.c.cc26x2.ticlang.o             132     1336      1      
       rf_patch_cpe_ieee_802_15_4.c.cc26x2.ticlang.o   72      428       1      
       rfc.c.cc26x2.ticlang.o                          268     0         0      
    +--+-----------------------------------------------+-------+---------+---------+
       Total:                                          8378    1804      1318   
                                                                                
    C:\ti\ccs1210\ccs\tools\compiler\ti-cgt-armllvm_2.1.2.LTS\lib\armv7em-ti-none-eabihf/c/libc.a
       copy_decompress_lzss.c.obj                      106     0         0      
       autoinit.c.obj                                  56      0         0      
       _lock.c.obj                                     26      0         8      
       args_main.c.obj                                 20      0         0      
       memcpy_t2.S.obj                                 18      0         0      
       copy_zero_init.c.obj                            16      0         0      
       copy_decompress_none.c.obj                      14      0         0      
       memset_t2.S.obj                                 14      0         0      
    +--+-----------------------------------------------+-------+---------+---------+
       Total:                                          270     0         8      
                                                                                
    C:\ti\ccs1210\ccs\tools\compiler\ti-cgt-armllvm_2.1.2.LTS\lib\clang/14.0.6/lib/armv7em-ti-none-eabihf/libclang_rt.builtins.a
       udivmoddi4.S.obj                                176     0         0      
       aeabi_memset.S.obj                              20      0         0      
       aeabi_uldivmod.S.obj                            20      0         0      
       aeabi_memcpy.S.obj                              4       0         0      
       aeabi_div0.c.obj                                2       0         0      
    +--+-----------------------------------------------+-------+---------+---------+
       Total:                                          222     0         0      
                                                                                
       Stack:                                          0       0         1536   
       Linker Generated:                               0       445       0      
    +--+-----------------------------------------------+-------+---------+---------+
       Grand Total:                                    22634   4714      5522   


LINKER GENERATED COPY TABLES

__TI_cinit_table @ 00006a8c records: 2, size/record: 8, table size: 16
	.data: load addr=000068dc, load size=00000199 bytes, run addr=20004998, run size=000005fe bytes, compression=lzss
	.bss: load addr=00006a84, load size=00000008 bytes, run addr=200040d8, run size=000008bc bytes, compression=zero_init


LINKER GENERATED HANDLER TABLE

__TI_handler_table @ 00006a78 records: 3, size/record: 4, table size: 12
	index: 0, handler: __TI_decompress_lzss
	index: 1, handler: __TI_decompress_none
	index: 2, handler: __TI_zero_init


GLOBAL SYMBOLS: SORTED ALPHABETICALLY BY Name 

address   name                                                               
-------   ----                                                               
20004b78  BIOS_Module_state                                                  
00003f69  BIOS_atExitFunc                                                    
00005411  BIOS_exitFunc                                                      
200048b4  BIOS_heapMemObject                                                 
00003c99  BIOS_init                                                          
00005715  BIOS_linkedWithIncorrectBootLibrary                                
00001ed7  BIOS_nullFunc                                                      
00004ce5  BIOS_registerRTSLock                                               
00004f11  BIOS_removeRTSLock                                                 
200048e0  BIOS_rtsGate                                                       
00005315  BIOS_rtsLock                                                       
00005429  BIOS_rtsUnlock                                                     
00005721  BIOS_start                                                         
00003ad1  BIOS_startFunc                                                     
000057ed  ClockP_Params_init                                                 
000048f9  ClockP_construct                                                   
00005865  ClockP_getSystemTickPeriod                                         
00005869  ClockP_getTimeout                                                  
0000586d  ClockP_isActive                                                    
00005871  ClockP_setTimeout                                                  
00005875  ClockP_start                                                       
00005835  ClockP_stop                                                        
00004000  HEAPSIZE                                                           
000055cf  HwiP_Params_init                                                   
00004351  HwiP_construct                                                     
0000572d  HwiP_disable                                                       
00005879  HwiP_enableInterrupt                                               
000055e1  HwiP_post                                                          
0000583b  HwiP_restore                                                       
00005501  HwiP_setFunc                                                       
UNDEFED   ITM_flush                                                          
UNDEFED   ITM_restore                                                        
00005517  List_clearList                                                     
00005151  List_get                                                           
00004e9d  List_insert                                                        
00004f35  List_put                                                           
00004ec3  List_putHead                                                       
00004d0d  List_remove                                                        
00003ce1  NOROM_AUXSYSIFOpModeChange                                         
00005739  NOROM_CPUcpsid                                                     
00005745  NOROM_CPUcpsie                                                     
00005815  NOROM_CPUdelay                                                     
00002b51  NOROM_ChipInfo_GetChipType                                         
0000393d  NOROM_ChipInfo_GetHwRevision                                       
0000204d  NOROM_OSCHF_AttemptToSwitchToXosc                                  
00002c4d  NOROM_OSCHF_SwitchToRcOscTurnOffXosc                               
00004c65  NOROM_OSCHF_TurnOnXosc                                             
00002cc5  NOROM_OSC_CapArrayAdjustWorkaround_Boot                            
00003b1d  NOROM_OSC_HPOSCRelativeFrequencyOffsetGet                          
00003fad  NOROM_PRCMPowerDomainsAllOff                                       
00003ff1  NOROM_PRCMPowerDomainsAllOn                                        
00003785  NOROM_RFCAnaDivTxOverride                                          
000055f1  NOROM_RFCCpeIntGetAndClear                                         
0000278b  NOROM_RFCCpePatchReset                                             
00005175  NOROM_RFCDoorbellSendTo                                            
00005601  NOROM_RFCHwIntGetAndClear                                          
00005195  NOROM_RFCOverrideSearch                                            
0000587d  NOROM_RFCOverrideUpdate                                            
00003d29  NOROM_RFCSynthPowerDown                                            
00001841  NOROM_SetupTrimDevice                                              
0000438d  NOROM_SysCtrlIdle                                                  
00002a51  NOROM_SysCtrlSetRechargeBeforePowerDown                            
0000174d  NOROM_SysCtrlStandby                                               
00004aa9  NOROM_ThisLibraryIsFor_CC13x2_CC26x2_HwRev20AndLater_HaltIfViolated
00004211  PowerCC26X2_RCOSC_clockFunc                                        
0000094d  PowerCC26X2_auxISR                                                 
0000143d  PowerCC26X2_calibrate                                              
00006860  PowerCC26X2_config                                                 
000051b5  PowerCC26X2_disableTCXOQual                                        
000051d5  PowerCC26X2_enableTCXOQual                                         
00004f59  PowerCC26X2_getOscHfSourceReady                                    
000032e5  PowerCC26X2_initiateCalibration                                    
20004998  PowerCC26X2_module                                                 
00005751  PowerCC26X2_oscClockSourceGet                                      
00005611  PowerCC26X2_oscCtlClearXtal                                        
000045a9  PowerCC26X2_oscDisableQualifiers                                   
00005881  PowerCC26X2_oschfSwitchToRcosc                                     
00005825  PowerCC26X2_oschfTrySwitchToXosc                                   
00005621  PowerCC26X2_prcmEnableCacheRetention                               
00005631  PowerCC26X2_readCtrim                                              
00005641  PowerCC26X2_readCtrimFract                                         
00005651  PowerCC26X2_readRtrim                                              
00004251  PowerCC26X2_setAclkRefSrc                                          
0000575d  PowerCC26X2_setPeriphDeepSleepEnable                               
00004f7d  PowerCC26X2_setSubSecIncToXoscLf                                   
000043c9  PowerCC26X2_setTdcClkSrc24M                                        
00005661  PowerCC26X2_switchToTCXO                                           
00005769  PowerCC26X2_sysCtrlGetResetSource                                  
00005885  PowerCC26X2_sysCtrlIdle                                            
00005801  PowerCC26X2_sysCtrlStandby                                         
00005775  PowerCC26X2_sysCtrlVoltageConditionalControl                       
00005889  PowerCC26X2_turnOnXosc                                             
00002e2d  PowerCC26X2_updateSubSecInc                                        
00004fa1  PowerCC26X2_writeCtrim                                             
00004fc5  PowerCC26X2_writeCtrimFract                                        
00004fe9  PowerCC26X2_writeCtrimFractEn                                      
0000500d  PowerCC26X2_writeRtrim                                             
00005441  PowerCC26XX_calibrate                                              
00004d35  PowerCC26XX_isStableXOSC_HF                                        
00004b05  PowerCC26XX_schedulerDisable                                       
000051f5  PowerCC26XX_schedulerRestore                                       
00002101  PowerCC26XX_standbyPolicy                                          
20004984  PowerCC26XX_swiKey                                                 
00003d71  PowerCC26XX_switchXOSC_HF                                          
20004988  PowerCC26XX_taskKey                                                
00005781  Power_getConstraintMask                                            
00005331  Power_getTransitionLatency                                         
00005459  Power_idleFunc                                                     
0000120d  Power_init                                                         
00005031  Power_registerNotify                                               
00004689  Power_releaseConstraint                                            
000021b5  Power_releaseDependency                                            
00004929  Power_setConstraint                                                
00002269  Power_setDependency                                                
00000ae1  Power_sleep                                                        
00006888  RFCC26XX_hwAttrs                                                   
20004f6c  RFCC26XX_schedulerPolicy                                           
20004e9c  RFCMD_bleFrequencySynthesizer                                      
20004e60  RFCMD_bleGenericRX                                                 
20004efc  RFCMD_bleGenericRXPar                                              
20004f24  RFCMD_bleModeObject                                                
20004e3c  RFCMD_bleRadioSetup                                                
20004eb4  RFCMD_ieeeFrequencySynthesizer                                     
20004f34  RFCMD_ieeeModeObject                                               
20004dc0  RFCMD_ieeeRX                                                       
20004ecc  RFCMD_ieeeRadioSetup                                               
0000578d  RF_Params_init                                                     
0000588d  RF_defaultExecutionPolicy                                          
0000265d  RF_defaultSubmitPolicy                                             
000038e9  RF_getCurrentTime                                                  
000004d5  RF_open                                                            
000023c9  RF_pendCmd                                                         
00001bb1  RF_postCmd                                                         
000046bd  RF_powerConstraintRelease                                          
00005385  RF_powerConstraintSet                                              
00004ee9  RF_runCmd                                                          
000046f1  Radio_beginRX                                                      
00003215  Radio_initRXCmd                                                    
00003b69  Radio_openRadioCore                                                
00004b5d  Radio_setFrequencySynthesizer                                      
00005891  ResetISR                                                           
00005275  SemaphoreP_constructBinary                                         
0000580b  SemaphoreP_pend                                                    
00005895  SemaphoreP_post                                                    
00005671  SwiP_Params_init                                                   
00004725  SwiP_construct                                                     
00005559  SwiP_disable                                                       
00005799  SwiP_getTrigger                                                    
00005899  SwiP_or                                                            
0000589d  SwiP_restore                                                       
000055bd  TI_memcpy_small                                                    
000056f7  TI_memset_small                                                    
20014000  __STACK_END                                                        
00000600  __STACK_SIZE                                                       
00006a8c  __TI_CINIT_Base                                                    
00006a9c  __TI_CINIT_Limit                                                   
00006a9c  __TI_CINIT_Warm                                                    
00006a78  __TI_Handler_Table_Base                                            
00006a84  __TI_Handler_Table_Limit                                           
00004651  __TI_auto_init_nobinit_nopinit                                     
00003141  __TI_decompress_lzss                                               
00005705  __TI_decompress_none                                               
ffffffff  __TI_pprof_out_hndl                                                
ffffffff  __TI_prof_data_size                                                
ffffffff  __TI_prof_data_start                                               
00000000  __TI_static_base__                                                 
000056a1  __TI_zero_init                                                     
00003213  __aeabi_ldiv0                                                      
000055a1  __aeabi_memclr                                                     
000055a1  __aeabi_memclr4                                                    
000055a1  __aeabi_memclr8                                                    
000058b5  __aeabi_memcpy                                                     
000058b5  __aeabi_memcpy4                                                    
000058b5  __aeabi_memcpy8                                                    
00005595  __aeabi_memset                                                     
00005595  __aeabi_memset4                                                    
00005595  __aeabi_memset8                                                    
000055a9  __aeabi_uldivmod                                                   
ffffffff  __binit__                                                          
000068d4  __c_args__                                                         
00057fa8  __ccfg                                                             
UNDEFED   __mpu_init                                                         
200040d8  __primary_heap_end__                                               
200000d8  __primary_heap_start__                                             
20013a00  __stack                                                            
20000000  __start___llvm_prf_bits                                            
20000000  __start___llvm_prf_cnts                                            
20000000  __stop___llvm_prf_bits                                             
20000000  __stop___llvm_prf_cnts                                             
00002319  __udivmoddi4                                                       
0000556d  _args_main                                                         
00004891  _c_int00                                                           
20004f44  _hposcCoeffs                                                       
20004f8c  _lock                                                              
00003663  _nop                                                               
00004759  _pthread_cleanupFxn                                                
000057a5  _register_lock                                                     
000057b1  _register_unlock                                                   
000058a1  _system_post_cinit                                                 
000058a5  _system_pre_init                                                   
20004f90  _unlock                                                            
ffffffff  binit                                                              
20004ee4  ble_pOverrides1Mbps                                                
20004e80  ble_pOverrides2Mbps                                                
20004f10  ble_pOverridesCoded                                                
20004d6c  ble_pOverridesCommon                                               
20004f54  ieee_pOverrides                                                    
000040bd  main                                                               
00006792  resourceDB                                                         
000045e1  rf_patch_cpe_bt5                                                   
00003db9  rf_patch_cpe_ieee_802_15_4                                         
20004930  testParams                                                         
20004c08  ti_sysbios_family_arm_cc26xx_Timer_Module_state                    
00000fd1  ti_sysbios_family_arm_cc26xx_Timer_construct                       
00005681  ti_sysbios_family_arm_cc26xx_Timer_dynamicStub                     
00004405  ti_sysbios_family_arm_cc26xx_Timer_periodicStub                    
00004c8f  ti_sysbios_family_arm_cc26xx_Timer_setNextTick                     
00004441  ti_sysbios_family_arm_cc26xx_Timer_setThreshold                    
00003e01  ti_sysbios_family_arm_cc26xx_Timer_start                           
2000498c  ti_sysbios_family_arm_cc26xx_TimestampProvider_Module_state        
00002f89  ti_sysbios_family_arm_m3_Hwi_Instance_init                         
20004ba4  ti_sysbios_family_arm_m3_Hwi_Module_state                          
000050e5  ti_sysbios_family_arm_m3_Hwi_construct                             
00004101  ti_sysbios_family_arm_m3_Hwi_construct2                            
00004145  ti_sysbios_family_arm_m3_Hwi_disableInterrupt                      
000010f1  ti_sysbios_family_arm_m3_Hwi_dispatch                              
000030d5  ti_sysbios_family_arm_m3_Hwi_dispatchC                             
20004598  ti_sysbios_family_arm_m3_Hwi_dispatchTable                         
0000584d  ti_sysbios_family_arm_m3_Hwi_doSwiRestore                          
00005853  ti_sysbios_family_arm_m3_Hwi_doTaskRestore                         
00004189  ti_sysbios_family_arm_m3_Hwi_enableInterrupt                       
00001a09  ti_sysbios_family_arm_m3_Hwi_excFillContext                        
00005691  ti_sysbios_family_arm_m3_Hwi_excHandler                            
00004d85  ti_sysbios_family_arm_m3_Hwi_excHandlerAsm                         
000049b9  ti_sysbios_family_arm_m3_Hwi_excHandlerMin                         
0000478d  ti_sysbios_family_arm_m3_Hwi_getStackInfo                          
000047c1  ti_sysbios_family_arm_m3_Hwi_init                                  
00002ad1  ti_sysbios_family_arm_m3_Hwi_initNVIC                              
00005295  ti_sysbios_family_arm_m3_Hwi_initStack                             
0000383d  ti_sysbios_family_arm_m3_Hwi_initStacks                            
000011c8  ti_sysbios_family_arm_m3_Hwi_interruptsAreDisabledButShouldNotBe   
000011cd  ti_sysbios_family_arm_m3_Hwi_pendSV                                
00002bd1  ti_sysbios_family_arm_m3_Hwi_postInit                              
20000000  ti_sysbios_family_arm_m3_Hwi_ramVectors                            
00000000  ti_sysbios_family_arm_m3_Hwi_resetVectors                          
000011f0  ti_sysbios_family_arm_m3_Hwi_return                                
000068d0  ti_sysbios_family_arm_m3_Hwi_swiTaskKeyAddress                     
000052f5  ti_sysbios_family_arm_m3_Hwi_switchAndRunFunc                      
00005581  ti_sysbios_family_arm_m3_Hwi_switchFromBootStack                   
00004dad  ti_sysbios_gates_GateMutex_Instance_init                           
20004f74  ti_sysbios_gates_GateMutex_Module_state                            
00004bb5  ti_sysbios_gates_GateMutex_enter                                   
000056e9  ti_sysbios_gates_GateMutex_leave                                   
00003e49  ti_sysbios_heaps_HeapMem_Instance_init                             
20004f7c  ti_sysbios_heaps_HeapMem_Module_state                              
00003e91  ti_sysbios_heaps_HeapMem_alloc                                     
00003603  ti_sysbios_heaps_HeapMem_allocUnprotected                          
0000447d  ti_sysbios_heaps_HeapMem_construct                                 
000049e9  ti_sysbios_heaps_HeapMem_free                                      
00003a81  ti_sysbios_heaps_HeapMem_freeUnprotected                           
20004908  ti_sysbios_heaps_HeapMem_gate                                      
00004291  ti_sysbios_heaps_HeapMem_getStats                                  
000057bd  ti_sysbios_heaps_HeapMem_init                                      
000058b1  ti_sysbios_heaps_HeapMem_isBlocking                                
000044b9  ti_sysbios_knl_ClockSupport_init                                   
000057c9  ti_sysbios_knl_ClockSupport_setNextTick                            
200046d8  ti_sysbios_knl_ClockSupport_timerStruct                            
000047f5  ti_sysbios_knl_Clock_Instance_init                                 
20004c48  ti_sysbios_knl_Clock_Module_state                                  
00004be1  ti_sysbios_knl_Clock_getTicks                                      
000042d1  ti_sysbios_knl_Clock_getTicksUntilInterrupt                        
00004c0d  ti_sysbios_knl_Clock_getTimeout                                    
000028b5  ti_sysbios_knl_Clock_init                                          
00005489  ti_sysbios_knl_Clock_scheduleNextTick                              
0000552d  ti_sysbios_knl_Clock_start                                         
00002821  ti_sysbios_knl_Clock_startI                                        
000057d5  ti_sysbios_knl_Clock_tick                                          
00003665  ti_sysbios_knl_Clock_walkQueueDynamic                              
00001c7d  ti_sysbios_knl_Clock_workFuncDynamic                               
000068c8  ti_sysbios_knl_Idle_funcList                                       
000034d9  ti_sysbios_knl_Idle_init                                           
20004be3  ti_sysbios_knl_Idle_initDone                                       
00005859  ti_sysbios_knl_Idle_loop                                           
000053bd  ti_sysbios_knl_Idle_run                                            
20004398  ti_sysbios_knl_Idle_taskStack                                      
20004738  ti_sysbios_knl_Idle_taskStruct                                     
000053d9  ti_sysbios_knl_Queue_put                                           
00004dd5  ti_sysbios_knl_Semaphore_Instance_init                             
20004f84  ti_sysbios_knl_Semaphore_Module_state                              
00005109  ti_sysbios_knl_Semaphore_destruct                                  
00001925  ti_sysbios_knl_Semaphore_pend                                      
000048c5  ti_sysbios_knl_Semaphore_pendTimeout                               
000036c5  ti_sysbios_knl_Semaphore_post                                      
00003c4d  ti_sysbios_knl_Swi_Instance_init                                   
20004c20  ti_sysbios_knl_Swi_Module_state                                    
000053f5  ti_sysbios_knl_Swi_construct                                       
000054a1  ti_sysbios_knl_Swi_construct2                                      
00004dfd  ti_sysbios_knl_Swi_init                                            
000054b9  ti_sysbios_knl_Swi_or                                              
000039e1  ti_sysbios_knl_Swi_post                                            
20004854  ti_sysbios_knl_Swi_readyQs                                         
000041cd  ti_sysbios_knl_Swi_restore                                         
00002f15  ti_sysbios_knl_Swi_restoreHwi                                      
0000327d  ti_sysbios_knl_Swi_run                                             
00003a31  ti_sysbios_knl_Swi_runLoop                                         
00003725  ti_sysbios_knl_Swi_schedule                                        
0000585f  ti_sysbios_knl_Swi_startup                                         
0000353d  ti_sysbios_knl_TaskSupport_buildTaskStack                          
000054d1  ti_sysbios_knl_TaskSupport_glue                                    
00004a19  ti_sysbios_knl_TaskSupport_start                                   
00004e25  ti_sysbios_knl_TaskSupport_swap                                    
00004e30  ti_sysbios_knl_TaskSupport_swapReturn                              
00001f95  ti_sysbios_knl_Task_Instance_finalize                              
00002519  ti_sysbios_knl_Task_Instance_init                                  
20004e00  ti_sysbios_knl_Task_Module_state                                   
000057e1  ti_sysbios_knl_Task_Params_init                                    
00004cb9  ti_sysbios_knl_Task_allBlockedFunction                             
000044f5  ti_sysbios_knl_Task_blockI                                         
00004e4d  ti_sysbios_knl_Task_construct                                      
20004990  ti_sysbios_knl_Task_defaultStackHeap                               
000052b5  ti_sysbios_knl_Task_delete                                         
[...]
000042d1  ti_sysbios_knl_Clock_getTicksUntilInterrupt                        
00004311  ti_sysbios_knl_Task_exit                                           
00004351  HwiP_construct                                                     
0000438d  NOROM_SysCtrlIdle                                                  
000043c9  PowerCC26X2_setTdcClkSrc24M                                        
00004405  ti_sysbios_family_arm_cc26xx_Timer_periodicStub                    
00004441  ti_sysbios_family_arm_cc26xx_Timer_setThreshold                    
0000447d  ti_sysbios_heaps_HeapMem_construct                                 
000044b9  ti_sysbios_knl_ClockSupport_init                                   
000044f5  ti_sysbios_knl_Task_blockI                                         
00004531  ti_sysbios_knl_Task_restore                                        
0000456d  ti_sysbios_runtime_Memory_alloc                                    
000045a9  PowerCC26X2_oscDisableQualifiers                                   
000045e1  rf_patch_cpe_bt5                                                   
00004619  ti_sysbios_knl_Task_processVitalTaskFlag                           
00004651  __TI_auto_init_nobinit_nopinit                                     
00004689  Power_releaseConstraint                                            
000046bd  RF_powerConstraintRelease                                          
000046f1  Radio_beginRX                                                      
00004725  SwiP_construct                                                     
00004759  _pthread_cleanupFxn                                                
0000478d  ti_sysbios_family_arm_m3_Hwi_getStackInfo                          
000047c1  ti_sysbios_family_arm_m3_Hwi_init                                  
000047f5  ti_sysbios_knl_Clock_Instance_init                                 
00004829  ti_sysbios_knl_Task_unblockI                                       
0000485d  ti_sysbios_runtime_Error_raiseX                                    
00004891  _c_int00                                                           
000048c5  ti_sysbios_knl_Semaphore_pendTimeout                               
000048f9  ClockP_construct                                                   
00004929  Power_setConstraint                                                
000049b9  ti_sysbios_family_arm_m3_Hwi_excHandlerMin                         
000049e9  ti_sysbios_heaps_HeapMem_free                                      
00004a19  ti_sysbios_knl_TaskSupport_start                                   
00004a49  ti_sysbios_runtime_System_atexit                                   
00004a79  ti_sysbios_runtime_System_processAtExit                            
00004aa9  NOROM_ThisLibraryIsFor_CC13x2_CC26x2_HwRev20AndLater_HaltIfViolated
00004b05  PowerCC26XX_schedulerDisable                                       
00004b5d  Radio_setFrequencySynthesizer                                      
00004bb5  ti_sysbios_gates_GateMutex_enter                                   
00004be1  ti_sysbios_knl_Clock_getTicks                                      
00004c0d  ti_sysbios_knl_Clock_getTimeout                                    
00004c39  ti_sysbios_knl_Task_restoreHwi                                     
00004c65  NOROM_OSCHF_TurnOnXosc                                             
00004c8f  ti_sysbios_family_arm_cc26xx_Timer_setNextTick                     
00004cb9  ti_sysbios_knl_Task_allBlockedFunction                             
00004ce5  BIOS_registerRTSLock                                               
00004d0d  List_remove                                                        
00004d35  PowerCC26XX_isStableXOSC_HF                                        
00004d85  ti_sysbios_family_arm_m3_Hwi_excHandlerAsm                         
00004dad  ti_sysbios_gates_GateMutex_Instance_init                           
00004dd5  ti_sysbios_knl_Semaphore_Instance_init                             
00004dfd  ti_sysbios_knl_Swi_init                                            
00004e25  ti_sysbios_knl_TaskSupport_swap                                    
00004e30  ti_sysbios_knl_TaskSupport_swapReturn                              
00004e4d  ti_sysbios_knl_Task_construct                                      
00004e75  ti_sysbios_knl_Task_init                                           
00004e9d  List_insert                                                        
00004ec3  List_putHead                                                       
00004ee9  RF_runCmd                                                          
00004f11  BIOS_removeRTSLock                                                 
00004f35  List_put                                                           
00004f59  PowerCC26X2_getOscHfSourceReady                                    
00004f7d  PowerCC26X2_setSubSecIncToXoscLf                                   
00004fa1  PowerCC26X2_writeCtrim                                             
00004fc5  PowerCC26X2_writeCtrimFract                                        
00004fe9  PowerCC26X2_writeCtrimFractEn                                      
0000500d  PowerCC26X2_writeRtrim                                             
00005031  Power_registerNotify                                               
000050e5  ti_sysbios_family_arm_m3_Hwi_construct                             
00005109  ti_sysbios_knl_Semaphore_destruct                                  
0000512d  ti_sysbios_knl_Task_enter                                          
00005151  List_get                                                           
00005175  NOROM_RFCDoorbellSendTo                                            
00005195  NOROM_RFCOverrideSearch                                            
000051b5  PowerCC26X2_disableTCXOQual                                        
000051d5  PowerCC26X2_enableTCXOQual                                         
000051f5  PowerCC26XX_schedulerRestore                                       
00005275  SemaphoreP_constructBinary                                         
00005295  ti_sysbios_family_arm_m3_Hwi_initStack                             
000052b5  ti_sysbios_knl_Task_delete                                         
000052d5  ti_sysbios_knl_Task_destruct                                       
000052f5  ti_sysbios_family_arm_m3_Hwi_switchAndRunFunc                      
00005315  BIOS_rtsLock                                                       
00005331  Power_getTransitionLatency                                         
00005385  RF_powerConstraintSet                                              
000053bd  ti_sysbios_knl_Idle_run                                            
000053d9  ti_sysbios_knl_Queue_put                                           
000053f5  ti_sysbios_knl_Swi_construct                                       
00005411  BIOS_exitFunc                                                      
00005429  BIOS_rtsUnlock                                                     
00005441  PowerCC26XX_calibrate                                              
00005459  Power_idleFunc                                                     
00005489  ti_sysbios_knl_Clock_scheduleNextTick                              
000054a1  ti_sysbios_knl_Swi_construct2                                      
000054b9  ti_sysbios_knl_Swi_or                                              
000054d1  ti_sysbios_knl_TaskSupport_glue                                    
000054e9  ti_sysbios_knl_Task_unblock                                        
00005501  HwiP_setFunc                                                       
00005517  List_clearList                                                     
0000552d  ti_sysbios_knl_Clock_start                                         
00005559  SwiP_disable                                                       
0000556d  _args_main                                                         
00005581  ti_sysbios_family_arm_m3_Hwi_switchFromBootStack                   
00005595  __aeabi_memset                                                     
00005595  __aeabi_memset4                                                    
00005595  __aeabi_memset8                                                    
000055a1  __aeabi_memclr                                                     
000055a1  __aeabi_memclr4                                                    
000055a1  __aeabi_memclr8                                                    
000055a9  __aeabi_uldivmod                                                   
000055bd  TI_memcpy_small                                                    
000055cf  HwiP_Params_init                                                   
000055e1  HwiP_post                                                          
000055f1  NOROM_RFCCpeIntGetAndClear                                         
00005601  NOROM_RFCHwIntGetAndClear                                          
00005611  PowerCC26X2_oscCtlClearXtal                                        
00005621  PowerCC26X2_prcmEnableCacheRetention                               
00005631  PowerCC26X2_readCtrim                                              
00005641  PowerCC26X2_readCtrimFract                                         
00005651  PowerCC26X2_readRtrim                                              
00005661  PowerCC26X2_switchToTCXO                                           
00005671  SwiP_Params_init                                                   
00005681  ti_sysbios_family_arm_cc26xx_Timer_dynamicStub                     
00005691  ti_sysbios_family_arm_m3_Hwi_excHandler                            
000056a1  __TI_zero_init                                                     
000056e9  ti_sysbios_gates_GateMutex_leave                                   
000056f7  TI_memset_small                                                    
00005705  __TI_decompress_none                                               
00005715  BIOS_linkedWithIncorrectBootLibrary                                
00005721  BIOS_start                                                         
0000572d  HwiP_disable                                                       
00005739  NOROM_CPUcpsid                                                     
00005745  NOROM_CPUcpsie                                                     
00005751  PowerCC26X2_oscClockSourceGet                                      
0000575d  PowerCC26X2_setPeriphDeepSleepEnable                               
00005769  PowerCC26X2_sysCtrlGetResetSource                                  
00005775  PowerCC26X2_sysCtrlVoltageConditionalControl                       
00005781  Power_getConstraintMask                                            
0000578d  RF_Params_init                                                     
00005799  SwiP_getTrigger                                                    
000057a5  _register_lock                                                     
000057b1  _register_unlock                                                   
000057bd  ti_sysbios_heaps_HeapMem_init                                      
000057c9  ti_sysbios_knl_ClockSupport_setNextTick                            
000057d5  ti_sysbios_knl_Clock_tick                                          
000057e1  ti_sysbios_knl_Task_Params_init                                    
000057ed  ClockP_Params_init                                                 
00005801  PowerCC26X2_sysCtrlStandby                                         
0000580b  SemaphoreP_pend                                                    
00005815  NOROM_CPUdelay                                                     
00005825  PowerCC26X2_oschfTrySwitchToXosc                                   
0000582d  ti_sysbios_runtime_System_exit                                     
00005835  ClockP_stop                                                        
0000583b  HwiP_restore                                                       
0000584d  ti_sysbios_family_arm_m3_Hwi_doSwiRestore                          
00005853  ti_sysbios_family_arm_m3_Hwi_doTaskRestore                         
00005859  ti_sysbios_knl_Idle_loop                                           
0000585f  ti_sysbios_knl_Swi_startup                                         
00005865  ClockP_getSystemTickPeriod                                         
00005869  ClockP_getTimeout                                                  
0000586d  ClockP_isActive                                                    
00005871  ClockP_setTimeout                                                  
00005875  ClockP_start                                                       
00005879  HwiP_enableInterrupt                                               
0000587d  NOROM_RFCOverrideUpdate                                            
00005881  PowerCC26X2_oschfSwitchToRcosc                                     
00005885  PowerCC26X2_sysCtrlIdle                                            
00005889  PowerCC26X2_turnOnXosc                                             
0000588d  RF_defaultExecutionPolicy                                          
00005891  ResetISR                                                           
00005895  SemaphoreP_post                                                    
00005899  SwiP_or                                                            
0000589d  SwiP_restore                                                       
000058a1  _system_post_cinit                                                 
000058a5  _system_pre_init                                                   
000058b1  ti_sysbios_heaps_HeapMem_isBlocking                                
000058b5  __aeabi_memcpy                                                     
000058b5  __aeabi_memcpy4                                                    
000058b5  __aeabi_memcpy8                                                    
00006792  resourceDB                                                         
00006860  PowerCC26X2_config                                                 
00006888  RFCC26XX_hwAttrs                                                   
000068c8  ti_sysbios_knl_Idle_funcList                                       
000068d0  ti_sysbios_family_arm_m3_Hwi_swiTaskKeyAddress                     
000068d4  __c_args__                                                         
00006a78  __TI_Handler_Table_Base                                            
00006a84  __TI_Handler_Table_Limit                                           
00006a8c  __TI_CINIT_Base                                                    
00006a9c  __TI_CINIT_Limit                                                   
00006a9c  __TI_CINIT_Warm                                                    
00057fa8  __ccfg                                                             
20000000  __start___llvm_prf_bits                                            
20000000  __start___llvm_prf_cnts                                            
20000000  __stop___llvm_prf_bits                                             
20000000  __stop___llvm_prf_cnts                                             
20000000  ti_sysbios_family_arm_m3_Hwi_ramVectors                            
200000d8  __primary_heap_start__                                             
200040d8  __primary_heap_end__                                               
20004398  ti_sysbios_knl_Idle_taskStack                                      
20004598  ti_sysbios_family_arm_m3_Hwi_dispatchTable                         
200046d8  ti_sysbios_knl_ClockSupport_timerStruct                            
20004738  ti_sysbios_knl_Idle_taskStruct                                     
20004854  ti_sysbios_knl_Swi_readyQs                                         
20004884  ti_sysbios_knl_Task_readyQs                                        
200048b4  BIOS_heapMemObject                                                 
200048e0  BIOS_rtsGate                                                       
20004908  ti_sysbios_heaps_HeapMem_gate                                      
20004930  testParams                                                         
20004954  ti_sysbios_runtime_System_atexitHandlers                           
20004984  PowerCC26XX_swiKey                                                 
20004988  PowerCC26XX_taskKey                                                
2000498c  ti_sysbios_family_arm_cc26xx_TimestampProvider_Module_state        
20004990  ti_sysbios_knl_Task_defaultStackHeap                               
20004998  PowerCC26X2_module                                                 
20004b78  BIOS_Module_state                                                  
20004ba4  ti_sysbios_family_arm_m3_Hwi_Module_state                          
20004be0  ti_sysbios_runtime_Startup_done                                    
20004be3  ti_sysbios_knl_Idle_initDone                                       
20004be4  ti_sysbios_runtime_Memory_defaultHeapInstance                      
20004bfc  ti_sysbios_runtime_Error_ignore                                    
20004c08  ti_sysbios_family_arm_cc26xx_Timer_Module_state                    
20004c14  ti_sysbios_runtime_System_Module_state                             
20004c20  ti_sysbios_knl_Swi_Module_state                                    
20004c48  ti_sysbios_knl_Clock_Module_state                                  
20004d6c  ble_pOverridesCommon                                               
20004dc0  RFCMD_ieeeRX                                                       
20004e00  ti_sysbios_knl_Task_Module_state                                   
20004e3c  RFCMD_bleRadioSetup                                                
20004e60  RFCMD_bleGenericRX                                                 
20004e80  ble_pOverrides2Mbps                                                
20004e9c  RFCMD_bleFrequencySynthesizer                                      
20004eb4  RFCMD_ieeeFrequencySynthesizer                                     
20004ecc  RFCMD_ieeeRadioSetup                                               
20004ee4  ble_pOverrides1Mbps                                                
20004efc  RFCMD_bleGenericRXPar                                              
20004f10  ble_pOverridesCoded                                                
20004f24  RFCMD_bleModeObject                                                
20004f34  RFCMD_ieeeModeObject                                               
20004f44  _hposcCoeffs                                                       
20004f54  ieee_pOverrides                                                    
20004f6c  RFCC26XX_schedulerPolicy                                           
20004f74  ti_sysbios_gates_GateMutex_Module_state                            
20004f7c  ti_sysbios_heaps_HeapMem_Module_state                              
20004f84  ti_sysbios_knl_Semaphore_Module_state                              
20004f8c  _lock                                                              
20004f90  _unlock                                                            
20013a00  __stack                                                            
20014000  __STACK_END                                                        
ffffffff  __TI_pprof_out_hndl                                                
ffffffff  __TI_prof_data_size                                                
ffffffff  __TI_prof_data_start                                               
ffffffff  __binit__                                                          
ffffffff  binit                                                              
UNDEFED   ITM_flush                                                          
UNDEFED   ITM_restore                                                        
UNDEFED   __mpu_init                                                         

[346 symbols]
