<?xml version="1.0" encoding="ISO-8859-1" ?>
<link_info>
   <banner>TI ARM Clang Linker PC v2.1.2.LTS</banner>
   <copyright>Copyright (c) 1996-2018 Texas Instruments Incorporated</copyright>
   <link_time>0x6561bf14</link_time>
   <link_errors>0x0</link_errors>
   <output_file>multiSniff_LP_CC2652RB_tirtos7_ticlang2.out</output_file>
   <entry_point>
      <name>ResetISR</name>
      <address>0x5fab</address>
   </entry_point>
   <input_file_list>
      <input_file id="fl-1">
         <path>.\</path>
         <kind>object</kind>
         <file>main_tirtos.o</file>
         <name>main_tirtos.o</name>
      </input_file>
      <input_file id="fl-2">
         <path>.\syscfg\</path>
         <kind>object</kind>
         <file>ti_devices_config.o</file>
         <name>ti_devices_config.o</name>
      </input_file>
      <input_file id="fl-3">
         <path>.\syscfg\</path>
         <kind>object</kind>
         <file>ti_radio_config.o</file>
         <name>ti_radio_config.o</name>
      </input_file>
      <input_file id="fl-4">
         <path>.\syscfg\</path>
         <kind>object</kind>
         <file>ti_drivers_config.o</file>
         <name>ti_drivers_config.o</name>
      </input_file>
      <input_file id="fl-5">
         <path>.\syscfg\</path>
         <kind>object</kind>
         <file>ti_sysbios_config.o</file>
         <name>ti_sysbios_config.o</name>
      </input_file>
      <input_file id="fl-6">
         <path>.\source\driverlib\ssd1306\</path>
         <kind>object</kind>
         <file>ssd1306.o</file>
         <name>ssd1306.o</name>
      </input_file>
      <input_file id="fl-7">
         <path>.\source\log\</path>
         <kind>object</kind>
         <file>log.o</file>
         <name>log.o</name>
      </input_file>
      <input_file id="fl-8">
         <path>.\source\oled_gui\</path>
         <kind>object</kind>
         <file>gui.o</file>
         <name>gui.o</name>
      </input_file>
      <input_file id="fl-9">
         <path>.\source\queue\</path>
         <kind>object</kind>
         <file>radio_queue.o</file>
         <name>radio_queue.o</name>
      </input_file>
      <input_file id="fl-a">
         <path>.\source\radio_api\</path>
         <kind>object</kind>
         <file>radio_api.o</file>
         <name>radio_api.o</name>
      </input_file>
      <input_file id="fl-1e">
         <kind>object</kind>
         <file>&lt;internal&gt;</file>
         <name>&lt;internal&gt;</name>
      </input_file>
      <input_file id="fl-1f">
         <path>C:\ti\simplelink_cc13xx_cc26xx_sdk_6_30_01_03\source\ti\drivers\lib\ticlang\m4f\</path>
         <kind>archive</kind>
         <file>drivers_cc26x2.a</file>
         <name>GPIO.c.obj</name>
      </input_file>
      <input_file id="fl-20">
         <path>C:\ti\simplelink_cc13xx_cc26xx_sdk_6_30_01_03\source\ti\drivers\lib\ticlang\m4f\</path>
         <kind>archive</kind>
         <file>drivers_cc26x2.a</file>
         <name>GPIOCC26XX.c.obj</name>
      </input_file>
      <input_file id="fl-21">
         <path>C:\ti\simplelink_cc13xx_cc26xx_sdk_6_30_01_03\source\ti\drivers\lib\ticlang\m4f\</path>
         <kind>archive</kind>
         <file>drivers_cc26x2.a</file>
         <name>I2C.c.obj</name>
      </input_file>
      <input_file id="fl-22">
         <path>C:\ti\simplelink_cc13xx_cc26xx_sdk_6_30_01_03\source\ti\drivers\lib\ticlang\m4f\</path>
         <kind>archive</kind>
         <file>drivers_cc26x2.a</file>
         <name>I2CCC26XX.c.obj</name>
      </input_file>
      <input_file id="fl-23">
         <path>C:\ti\simplelink_cc13xx_cc26xx_sdk_6_30_01_03\source\ti\drivers\lib\ticlang\m4f\</path>
         <kind>archive</kind>
         <file>drivers_cc26x2.a</file>
         <name>PowerCC26X2.c.obj</name>
      </input_file>
      <input_file id="fl-24">
         <path>C:\ti\simplelink_cc13xx_cc26xx_sdk_6_30_01_03\source\ti\drivers\lib\ticlang\m4f\</path>
         <kind>archive</kind>
         <file>drivers_cc26x2.a</file>
         <name>PowerCC26X2_calibrateRCOSC.c.obj</name>
      </input_file>
      <input_file id="fl-25">
         <path>C:\ti\simplelink_cc13xx_cc26xx_sdk_6_30_01_03\source\ti\drivers\lib\ticlang\m4f\</path>
         <kind>archive</kind>
         <file>drivers_cc26x2.a</file>
         <name>TemperatureCC26X2.c.obj</name>
      </input_file>
      <input_file id="fl-26">
         <path>C:\ti\simplelink_cc13xx_cc26xx_sdk_6_30_01_03\source\ti\drivers\lib\ticlang\m4f\</path>
         <kind>archive</kind>
         <file>drivers_cc26x2.a</file>
         <name>GPIOCC26X2.c.obj</name>
      </input_file>
      <input_file id="fl-27">
         <path>C:\ti\simplelink_cc13xx_cc26xx_sdk_6_30_01_03\source\ti\drivers\lib\ticlang\m4f\</path>
         <kind>archive</kind>
         <file>drivers_cc26x2.a</file>
         <name>PowerCC26X2_calibrateRCOSC_helpers.c.obj</name>
      </input_file>
      <input_file id="fl-28">
         <path>C:\ti\simplelink_cc13xx_cc26xx_sdk_6_30_01_03\source\ti\drivers\lib\ticlang\m4f\</path>
         <kind>archive</kind>
         <file>drivers_cc26x2.a</file>
         <name>PowerCC26X2_helpers.c.obj</name>
      </input_file>
      <input_file id="fl-29">
         <path>C:\ti\simplelink_cc13xx_cc26xx_sdk_6_30_01_03\source\ti\drivers\lib\ticlang\m4f\</path>
         <kind>archive</kind>
         <file>drivers_cc26x2.a</file>
         <name>List.c.obj</name>
      </input_file>
      <input_file id="fl-2a">
         <path>C:\ti\simplelink_cc13xx_cc26xx_sdk_6_30_01_03\source\ti\drivers\rf\lib\ticlang\m4f\</path>
         <kind>archive</kind>
         <file>rf_multiMode_cc26x2.a</file>
         <name>RFCC26X2_multiMode.c.cc26x2.ticlang.o</name>
      </input_file>
      <input_file id="fl-2b">
         <path>C:\ti\simplelink_cc13xx_cc26xx_sdk_6_30_01_03\source\ti\drivers\rf\lib\ticlang\m4f\</path>
         <kind>archive</kind>
         <file>rf_multiMode_cc26x2.a</file>
         <name>rfc.c.cc26x2.ticlang.o</name>
      </input_file>
      <input_file id="fl-2c">
         <path>C:\ti\simplelink_cc13xx_cc26xx_sdk_6_30_01_03\source\ti\drivers\rf\lib\ticlang\m4f\</path>
         <kind>archive</kind>
         <file>rf_multiMode_cc26x2.a</file>
         <name>rf_patch_cpe_ieee_802_15_4.c.cc26x2.ticlang.o</name>
      </input_file>
      <input_file id="fl-2d">
         <path>C:\ti\simplelink_cc13xx_cc26xx_sdk_6_30_01_03\source\ti\drivers\rf\lib\ticlang\m4f\</path>
         <kind>archive</kind>
         <file>rf_multiMode_cc26x2.a</file>
         <name>rf_patch_cpe_bt5.c.cc26x2.ticlang.o</name>
      </input_file>
      <input_file id="fl-2e">
         <path>C:\ti\simplelink_cc13xx_cc26xx_sdk_6_30_01_03\kernel\tirtos7\packages\ti\sysbios\lib\ticlang\m4f\</path>
         <kind>archive</kind>
         <file>sysbios.a</file>
         <name>TaskSupport_asm_gnu.obj</name>
      </input_file>
      <input_file id="fl-2f">
         <path>C:\ti\simplelink_cc13xx_cc26xx_sdk_6_30_01_03\kernel\tirtos7\packages\ti\sysbios\lib\ticlang\m4f\</path>
         <kind>archive</kind>
         <file>sysbios.a</file>
         <name>Hwi_asm_gnu.obj</name>
      </input_file>
      <input_file id="fl-30">
         <path>C:\ti\simplelink_cc13xx_cc26xx_sdk_6_30_01_03\kernel\tirtos7\packages\ti\sysbios\lib\ticlang\m4f\</path>
         <kind>archive</kind>
         <file>sysbios.a</file>
         <name>Hwi_asm_switch_gnu.obj</name>
      </input_file>
      <input_file id="fl-31">
         <path>C:\ti\simplelink_cc13xx_cc26xx_sdk_6_30_01_03\kernel\tirtos7\packages\ti\sysbios\lib\ticlang\m4f\</path>
         <kind>archive</kind>
         <file>sysbios.a</file>
         <name>boot_cortex_m.obj</name>
      </input_file>
      <input_file id="fl-32">
         <path>C:\ti\simplelink_cc13xx_cc26xx_sdk_6_30_01_03\source\ti\devices\cc13x2_cc26x2\driverlib\bin\ticlang\</path>
         <kind>archive</kind>
         <file>driverlib.lib</file>
         <name>chipinfo.o</name>
      </input_file>
      <input_file id="fl-33">
         <path>C:\ti\simplelink_cc13xx_cc26xx_sdk_6_30_01_03\source\ti\devices\cc13x2_cc26x2\driverlib\bin\ticlang\</path>
         <kind>archive</kind>
         <file>driverlib.lib</file>
         <name>setup.o</name>
      </input_file>
      <input_file id="fl-34">
         <path>C:\ti\simplelink_cc13xx_cc26xx_sdk_6_30_01_03\source\ti\devices\cc13x2_cc26x2\driverlib\bin\ticlang\</path>
         <kind>archive</kind>
         <file>driverlib.lib</file>
         <name>aux_sysif.o</name>
      </input_file>
      <input_file id="fl-35">
         <path>C:\ti\simplelink_cc13xx_cc26xx_sdk_6_30_01_03\source\ti\devices\cc13x2_cc26x2\driverlib\bin\ticlang\</path>
         <kind>archive</kind>
         <file>driverlib.lib</file>
         <name>sys_ctrl.o</name>
      </input_file>
      <input_file id="fl-36">
         <path>C:\ti\simplelink_cc13xx_cc26xx_sdk_6_30_01_03\source\ti\devices\cc13x2_cc26x2\driverlib\bin\ticlang\</path>
         <kind>archive</kind>
         <file>driverlib.lib</file>
         <name>cpu.o</name>
      </input_file>
      <input_file id="fl-37">
         <path>C:\ti\simplelink_cc13xx_cc26xx_sdk_6_30_01_03\source\ti\devices\cc13x2_cc26x2\driverlib\bin\ticlang\</path>
         <kind>archive</kind>
         <file>driverlib.lib</file>
         <name>osc.o</name>
      </input_file>
      <input_file id="fl-38">
         <path>C:\ti\simplelink_cc13xx_cc26xx_sdk_6_30_01_03\source\ti\devices\cc13x2_cc26x2\driverlib\bin\ticlang\</path>
         <kind>archive</kind>
         <file>driverlib.lib</file>
         <name>prcm.o</name>
      </input_file>
      <input_file id="fl-44">
         <path>C:\ti\ccs1210\ccs\tools\compiler\ti-cgt-armllvm_2.1.2.LTS\lib\armv7em-ti-none-eabihf\c\</path>
         <kind>archive</kind>
         <file>libc.a</file>
         <name>aeabi_portable.c.obj</name>
      </input_file>
      <input_file id="fl-45">
         <path>C:\ti\ccs1210\ccs\tools\compiler\ti-cgt-armllvm_2.1.2.LTS\lib\armv7em-ti-none-eabihf\c\</path>
         <kind>archive</kind>
         <file>libc.a</file>
         <name>exit.c.obj</name>
      </input_file>
      <input_file id="fl-46">
         <path>C:\ti\ccs1210\ccs\tools\compiler\ti-cgt-armllvm_2.1.2.LTS\lib\armv7em-ti-none-eabihf\c\</path>
         <kind>archive</kind>
         <file>libc.a</file>
         <name>_lock.c.obj</name>
      </input_file>
      <input_file id="fl-47">
         <path>C:\ti\ccs1210\ccs\tools\compiler\ti-cgt-armllvm_2.1.2.LTS\lib\armv7em-ti-none-eabihf\c\</path>
         <kind>archive</kind>
         <file>libc.a</file>
         <name>args_main.c.obj</name>
      </input_file>
      <input_file id="fl-48">
         <path>C:\ti\ccs1210\ccs\tools\compiler\ti-cgt-armllvm_2.1.2.LTS\lib\armv7em-ti-none-eabihf\c\</path>
         <kind>archive</kind>
         <file>libc.a</file>
         <name>assert.c.obj</name>
      </input_file>
      <input_file id="fl-49">
         <path>C:\ti\ccs1210\ccs\tools\compiler\ti-cgt-armllvm_2.1.2.LTS\lib\armv7em-ti-none-eabihf\c\</path>
         <kind>archive</kind>
         <file>libc.a</file>
         <name>defs.c.obj</name>
      </input_file>
      <input_file id="fl-4a">
         <path>C:\ti\ccs1210\ccs\tools\compiler\ti-cgt-armllvm_2.1.2.LTS\lib\armv7em-ti-none-eabihf\c\</path>
         <kind>archive</kind>
         <file>libc.a</file>
         <name>strcmp.c.obj</name>
      </input_file>
      <input_file id="fl-4b">
         <path>C:\ti\ccs1210\ccs\tools\compiler\ti-cgt-armllvm_2.1.2.LTS\lib\armv7em-ti-none-eabihf\c\</path>
         <kind>archive</kind>
         <file>libc.a</file>
         <name>strcpy.c.obj</name>
      </input_file>
      <input_file id="fl-4c">
         <path>C:\ti\ccs1210\ccs\tools\compiler\ti-cgt-armllvm_2.1.2.LTS\lib\armv7em-ti-none-eabihf\c\</path>
         <kind>archive</kind>
         <file>libc.a</file>
         <name>strlen.c.obj</name>
      </input_file>
      <input_file id="fl-4d">
         <path>C:\ti\ccs1210\ccs\tools\compiler\ti-cgt-armllvm_2.1.2.LTS\lib\armv7em-ti-none-eabihf\c\</path>
         <kind>archive</kind>
         <file>libc.a</file>
         <name>autoinit.c.obj</name>
      </input_file>
      <input_file id="fl-4e">
         <path>C:\ti\ccs1210\ccs\tools\compiler\ti-cgt-armllvm_2.1.2.LTS\lib\armv7em-ti-none-eabihf\c\</path>
         <kind>archive</kind>
         <file>libc.a</file>
         <name>cpy_tbl.c.obj</name>
      </input_file>
      <input_file id="fl-4f">
         <path>C:\ti\ccs1210\ccs\tools\compiler\ti-cgt-armllvm_2.1.2.LTS\lib\armv7em-ti-none-eabihf\c\</path>
         <kind>archive</kind>
         <file>libc.a</file>
         <name>copy_zero_init.c.obj</name>
      </input_file>
      <input_file id="fl-50">
         <path>C:\ti\ccs1210\ccs\tools\compiler\ti-cgt-armllvm_2.1.2.LTS\lib\armv7em-ti-none-eabihf\c\</path>
         <kind>archive</kind>
         <file>libc.a</file>
         <name>copy_decompress_none.c.obj</name>
      </input_file>
      <input_file id="fl-51">
         <path>C:\ti\ccs1210\ccs\tools\compiler\ti-cgt-armllvm_2.1.2.LTS\lib\armv7em-ti-none-eabihf\c\</path>
         <kind>archive</kind>
         <file>libc.a</file>
         <name>copy_decompress_lzss.c.obj</name>
      </input_file>
      <input_file id="fl-52">
         <path>C:\ti\ccs1210\ccs\tools\compiler\ti-cgt-armllvm_2.1.2.LTS\lib\armv7em-ti-none-eabihf\c\</path>
         <kind>archive</kind>
         <file>libc.a</file>
         <name>sprintf.c.obj</name>
      </input_file>
      <input_file id="fl-53">
         <path>C:\ti\ccs1210\ccs\tools\compiler\ti-cgt-armllvm_2.1.2.LTS\lib\armv7em-ti-none-eabihf\c\</path>
         <kind>archive</kind>
         <file>libc.a</file>
         <name>fflush.c.obj</name>
      </input_file>
      <input_file id="fl-54">
         <path>C:\ti\ccs1210\ccs\tools\compiler\ti-cgt-armllvm_2.1.2.LTS\lib\armv7em-ti-none-eabihf\c\</path>
         <kind>archive</kind>
         <file>libc.a</file>
         <name>fputs.c.obj</name>
      </input_file>
      <input_file id="fl-55">
         <path>C:\ti\ccs1210\ccs\tools\compiler\ti-cgt-armllvm_2.1.2.LTS\lib\armv7em-ti-none-eabihf\c\</path>
         <kind>archive</kind>
         <file>libc.a</file>
         <name>_io_perm.c.obj</name>
      </input_file>
      <input_file id="fl-56">
         <path>C:\ti\ccs1210\ccs\tools\compiler\ti-cgt-armllvm_2.1.2.LTS\lib\armv7em-ti-none-eabihf\c\</path>
         <kind>archive</kind>
         <file>libc.a</file>
         <name>setvbuf.c.obj</name>
      </input_file>
      <input_file id="fl-57">
         <path>C:\ti\ccs1210\ccs\tools\compiler\ti-cgt-armllvm_2.1.2.LTS\lib\armv7em-ti-none-eabihf\c\</path>
         <kind>archive</kind>
         <file>libc.a</file>
         <name>_printfi.c.obj</name>
      </input_file>
      <input_file id="fl-58">
         <path>C:\ti\ccs1210\ccs\tools\compiler\ti-cgt-armllvm_2.1.2.LTS\lib\armv7em-ti-none-eabihf\c\</path>
         <kind>archive</kind>
         <file>libc.a</file>
         <name>fopen.c.obj</name>
      </input_file>
      <input_file id="fl-59">
         <path>C:\ti\ccs1210\ccs\tools\compiler\ti-cgt-armllvm_2.1.2.LTS\lib\armv7em-ti-none-eabihf\c\</path>
         <kind>archive</kind>
         <file>libc.a</file>
         <name>fseek.c.obj</name>
      </input_file>
      <input_file id="fl-5a">
         <path>C:\ti\ccs1210\ccs\tools\compiler\ti-cgt-armllvm_2.1.2.LTS\lib\armv7em-ti-none-eabihf\c\</path>
         <kind>archive</kind>
         <file>libc.a</file>
         <name>wcslen.c.obj</name>
      </input_file>
      <input_file id="fl-5b">
         <path>C:\ti\ccs1210\ccs\tools\compiler\ti-cgt-armllvm_2.1.2.LTS\lib\armv7em-ti-none-eabihf\c\</path>
         <kind>archive</kind>
         <file>libc.a</file>
         <name>_ltoa.c.obj</name>
      </input_file>
      <input_file id="fl-5c">
         <path>C:\ti\ccs1210\ccs\tools\compiler\ti-cgt-armllvm_2.1.2.LTS\lib\armv7em-ti-none-eabihf\c\</path>
         <kind>archive</kind>
         <file>libc.a</file>
         <name>atoi.c.obj</name>
      </input_file>
      <input_file id="fl-5d">
         <path>C:\ti\ccs1210\ccs\tools\compiler\ti-cgt-armllvm_2.1.2.LTS\lib\armv7em-ti-none-eabihf\c\</path>
         <kind>archive</kind>
         <file>libc.a</file>
         <name>memccpy.c.obj</name>
      </input_file>
      <input_file id="fl-5e">
         <path>C:\ti\ccs1210\ccs\tools\compiler\ti-cgt-armllvm_2.1.2.LTS\lib\armv7em-ti-none-eabihf\c\</path>
         <kind>archive</kind>
         <file>libc.a</file>
         <name>s_frexp.c.obj</name>
      </input_file>
      <input_file id="fl-5f">
         <path>C:\ti\ccs1210\ccs\tools\compiler\ti-cgt-armllvm_2.1.2.LTS\lib\armv7em-ti-none-eabihf\c\</path>
         <kind>archive</kind>
         <file>libc.a</file>
         <name>s_scalbn.c.obj</name>
      </input_file>
      <input_file id="fl-60">
         <path>C:\ti\ccs1210\ccs\tools\compiler\ti-cgt-armllvm_2.1.2.LTS\lib\armv7em-ti-none-eabihf\c\</path>
         <kind>archive</kind>
         <file>libc.a</file>
         <name>fclose.c.obj</name>
      </input_file>
      <input_file id="fl-61">
         <path>C:\ti\ccs1210\ccs\tools\compiler\ti-cgt-armllvm_2.1.2.LTS\lib\armv7em-ti-none-eabihf\c\</path>
         <kind>archive</kind>
         <file>libc.a</file>
         <name>aeabi_ctype.S.obj</name>
      </input_file>
      <input_file id="fl-9a">
         <path>C:\ti\ccs1210\ccs\tools\compiler\ti-cgt-armllvm_2.1.2.LTS\lib\armv7em-ti-none-eabihf\c\</path>
         <kind>archive</kind>
         <file>libsysbm.a</file>
         <name>write.c.obj</name>
      </input_file>
      <input_file id="fl-9b">
         <path>C:\ti\ccs1210\ccs\tools\compiler\ti-cgt-armllvm_2.1.2.LTS\lib\armv7em-ti-none-eabihf\c\</path>
         <kind>archive</kind>
         <file>libsysbm.a</file>
         <name>hostwrite.c.obj</name>
      </input_file>
      <input_file id="fl-9c">
         <path>C:\ti\ccs1210\ccs\tools\compiler\ti-cgt-armllvm_2.1.2.LTS\lib\armv7em-ti-none-eabihf\c\</path>
         <kind>archive</kind>
         <file>libsysbm.a</file>
         <name>host_device.c.obj</name>
      </input_file>
      <input_file id="fl-9d">
         <path>C:\ti\ccs1210\ccs\tools\compiler\ti-cgt-armllvm_2.1.2.LTS\lib\armv7em-ti-none-eabihf\c\</path>
         <kind>archive</kind>
         <file>libsysbm.a</file>
         <name>trgmsg.c.obj</name>
      </input_file>
      <input_file id="fl-9e">
         <path>C:\ti\ccs1210\ccs\tools\compiler\ti-cgt-armllvm_2.1.2.LTS\lib\armv7em-ti-none-eabihf\c\</path>
         <kind>archive</kind>
         <file>libsysbm.a</file>
         <name>remove.c.obj</name>
      </input_file>
      <input_file id="fl-9f">
         <path>C:\ti\ccs1210\ccs\tools\compiler\ti-cgt-armllvm_2.1.2.LTS\lib\armv7em-ti-none-eabihf\c\</path>
         <kind>archive</kind>
         <file>libsysbm.a</file>
         <name>open.c.obj</name>
      </input_file>
      <input_file id="fl-a0">
         <path>C:\ti\ccs1210\ccs\tools\compiler\ti-cgt-armllvm_2.1.2.LTS\lib\armv7em-ti-none-eabihf\c\</path>
         <kind>archive</kind>
         <file>libsysbm.a</file>
         <name>lseek.c.obj</name>
      </input_file>
      <input_file id="fl-a1">
         <path>C:\ti\ccs1210\ccs\tools\compiler\ti-cgt-armllvm_2.1.2.LTS\lib\armv7em-ti-none-eabihf\c\</path>
         <kind>archive</kind>
         <file>libsysbm.a</file>
         <name>close.c.obj</name>
      </input_file>
      <input_file id="fl-a2">
         <path>C:\ti\ccs1210\ccs\tools\compiler\ti-cgt-armllvm_2.1.2.LTS\lib\armv7em-ti-none-eabihf\c\</path>
         <kind>archive</kind>
         <file>libsysbm.a</file>
         <name>unlink.c.obj</name>
      </input_file>
      <input_file id="fl-a3">
         <path>C:\ti\ccs1210\ccs\tools\compiler\ti-cgt-armllvm_2.1.2.LTS\lib\armv7em-ti-none-eabihf\c\</path>
         <kind>archive</kind>
         <file>libsysbm.a</file>
         <name>hostclose.c.obj</name>
      </input_file>
      <input_file id="fl-a4">
         <path>C:\ti\ccs1210\ccs\tools\compiler\ti-cgt-armllvm_2.1.2.LTS\lib\armv7em-ti-none-eabihf\c\</path>
         <kind>archive</kind>
         <file>libsysbm.a</file>
         <name>hostlseek.c.obj</name>
      </input_file>
      <input_file id="fl-a5">
         <path>C:\ti\ccs1210\ccs\tools\compiler\ti-cgt-armllvm_2.1.2.LTS\lib\armv7em-ti-none-eabihf\c\</path>
         <kind>archive</kind>
         <file>libsysbm.a</file>
         <name>hostopen.c.obj</name>
      </input_file>
      <input_file id="fl-a6">
         <path>C:\ti\ccs1210\ccs\tools\compiler\ti-cgt-armllvm_2.1.2.LTS\lib\armv7em-ti-none-eabihf\c\</path>
         <kind>archive</kind>
         <file>libsysbm.a</file>
         <name>hostread.c.obj</name>
      </input_file>
      <input_file id="fl-a7">
         <path>C:\ti\ccs1210\ccs\tools\compiler\ti-cgt-armllvm_2.1.2.LTS\lib\armv7em-ti-none-eabihf\c\</path>
         <kind>archive</kind>
         <file>libsysbm.a</file>
         <name>hostrename.c.obj</name>
      </input_file>
      <input_file id="fl-a8">
         <path>C:\ti\ccs1210\ccs\tools\compiler\ti-cgt-armllvm_2.1.2.LTS\lib\armv7em-ti-none-eabihf\c\</path>
         <kind>archive</kind>
         <file>libsysbm.a</file>
         <name>hostunlink.c.obj</name>
      </input_file>
      <input_file id="fl-a9">
         <path>C:\ti\ccs1210\ccs\tools\compiler\ti-cgt-armllvm_2.1.2.LTS\lib\clang\14.0.6\lib\armv7em-ti-none-eabihf\</path>
         <kind>archive</kind>
         <file>libclang_rt.builtins.a</file>
         <name>adddf3.S.obj</name>
      </input_file>
      <input_file id="fl-aa">
         <path>C:\ti\ccs1210\ccs\tools\compiler\ti-cgt-armllvm_2.1.2.LTS\lib\clang\14.0.6\lib\armv7em-ti-none-eabihf\</path>
         <kind>archive</kind>
         <file>libclang_rt.builtins.a</file>
         <name>muldf3.S.obj</name>
      </input_file>
      <input_file id="fl-ab">
         <path>C:\ti\ccs1210\ccs\tools\compiler\ti-cgt-armllvm_2.1.2.LTS\lib\clang\14.0.6\lib\armv7em-ti-none-eabihf\</path>
         <kind>archive</kind>
         <file>libclang_rt.builtins.a</file>
         <name>divdf3.S.obj</name>
      </input_file>
      <input_file id="fl-ac">
         <path>C:\ti\ccs1210\ccs\tools\compiler\ti-cgt-armllvm_2.1.2.LTS\lib\clang\14.0.6\lib\armv7em-ti-none-eabihf\</path>
         <kind>archive</kind>
         <file>libclang_rt.builtins.a</file>
         <name>extendsfdf2.S.obj</name>
      </input_file>
      <input_file id="fl-ad">
         <path>C:\ti\ccs1210\ccs\tools\compiler\ti-cgt-armllvm_2.1.2.LTS\lib\clang\14.0.6\lib\armv7em-ti-none-eabihf\</path>
         <kind>archive</kind>
         <file>libclang_rt.builtins.a</file>
         <name>fixdfsi.S.obj</name>
      </input_file>
      <input_file id="fl-ae">
         <path>C:\ti\ccs1210\ccs\tools\compiler\ti-cgt-armllvm_2.1.2.LTS\lib\clang\14.0.6\lib\armv7em-ti-none-eabihf\</path>
         <kind>archive</kind>
         <file>libclang_rt.builtins.a</file>
         <name>fixunsdfsi.S.obj</name>
      </input_file>
      <input_file id="fl-af">
         <path>C:\ti\ccs1210\ccs\tools\compiler\ti-cgt-armllvm_2.1.2.LTS\lib\clang\14.0.6\lib\armv7em-ti-none-eabihf\</path>
         <kind>archive</kind>
         <file>libclang_rt.builtins.a</file>
         <name>floatsidf.S.obj</name>
      </input_file>
      <input_file id="fl-b0">
         <path>C:\ti\ccs1210\ccs\tools\compiler\ti-cgt-armllvm_2.1.2.LTS\lib\clang\14.0.6\lib\armv7em-ti-none-eabihf\</path>
         <kind>archive</kind>
         <file>libclang_rt.builtins.a</file>
         <name>aeabi_dcmp.S.obj</name>
      </input_file>
      <input_file id="fl-b1">
         <path>C:\ti\ccs1210\ccs\tools\compiler\ti-cgt-armllvm_2.1.2.LTS\lib\clang\14.0.6\lib\armv7em-ti-none-eabihf\</path>
         <kind>archive</kind>
         <file>libclang_rt.builtins.a</file>
         <name>aeabi_ldivmod.S.obj</name>
      </input_file>
      <input_file id="fl-b2">
         <path>C:\ti\ccs1210\ccs\tools\compiler\ti-cgt-armllvm_2.1.2.LTS\lib\clang\14.0.6\lib\armv7em-ti-none-eabihf\</path>
         <kind>archive</kind>
         <file>libclang_rt.builtins.a</file>
         <name>aeabi_memcpy.S.obj</name>
      </input_file>
      <input_file id="fl-b3">
         <path>C:\ti\ccs1210\ccs\tools\compiler\ti-cgt-armllvm_2.1.2.LTS\lib\clang\14.0.6\lib\armv7em-ti-none-eabihf\</path>
         <kind>archive</kind>
         <file>libclang_rt.builtins.a</file>
         <name>aeabi_memset.S.obj</name>
      </input_file>
      <input_file id="fl-b4">
         <path>C:\ti\ccs1210\ccs\tools\compiler\ti-cgt-armllvm_2.1.2.LTS\lib\clang\14.0.6\lib\armv7em-ti-none-eabihf\</path>
         <kind>archive</kind>
         <file>libclang_rt.builtins.a</file>
         <name>aeabi_uldivmod.S.obj</name>
      </input_file>
      <input_file id="fl-b5">
         <path>C:\ti\ccs1210\ccs\tools\compiler\ti-cgt-armllvm_2.1.2.LTS\lib\clang\14.0.6\lib\armv7em-ti-none-eabihf\</path>
         <kind>archive</kind>
         <file>libclang_rt.builtins.a</file>
         <name>udivmoddi4.S.obj</name>
      </input_file>
      <input_file id="fl-b6">
         <path>C:\ti\ccs1210\ccs\tools\compiler\ti-cgt-armllvm_2.1.2.LTS\lib\clang\14.0.6\lib\armv7em-ti-none-eabihf\</path>
         <kind>archive</kind>
         <file>libclang_rt.builtins.a</file>
         <name>comparedf2.c.obj</name>
      </input_file>
      <input_file id="fl-b7">
         <path>C:\ti\ccs1210\ccs\tools\compiler\ti-cgt-armllvm_2.1.2.LTS\lib\clang\14.0.6\lib\armv7em-ti-none-eabihf\</path>
         <kind>archive</kind>
         <file>libclang_rt.builtins.a</file>
         <name>divmoddi4.c.obj</name>
      </input_file>
      <input_file id="fl-b8">
         <path>C:\ti\ccs1210\ccs\tools\compiler\ti-cgt-armllvm_2.1.2.LTS\lib\clang\14.0.6\lib\armv7em-ti-none-eabihf\</path>
         <kind>archive</kind>
         <file>libclang_rt.builtins.a</file>
         <name>aeabi_div0.c.obj</name>
      </input_file>
      <input_file id="fl-b9">
         <path>C:\ti\ccs1210\ccs\tools\compiler\ti-cgt-armllvm_2.1.2.LTS\lib\armv7em-ti-none-eabihf\c\</path>
         <kind>archive</kind>
         <file>libc.a</file>
         <name>getdevice.c.obj</name>
      </input_file>
      <input_file id="fl-ba">
         <path>C:\ti\ccs1210\ccs\tools\compiler\ti-cgt-armllvm_2.1.2.LTS\lib\armv7em-ti-none-eabihf\c\</path>
         <kind>archive</kind>
         <file>libc.a</file>
         <name>memcpy_t2.S.obj</name>
      </input_file>
      <input_file id="fl-bb">
         <path>C:\ti\ccs1210\ccs\tools\compiler\ti-cgt-armllvm_2.1.2.LTS\lib\armv7em-ti-none-eabihf\c\</path>
         <kind>archive</kind>
         <file>libc.a</file>
         <name>memset_t2.S.obj</name>
      </input_file>
   </input_file_list>
   <object_component_list>
      <object_component id="oc-cc">
         <name>.text.ti_sysbios_family_arm_m3_Hwi_excFillContext</name>
         <load_address>0x3c</load_address>
         <run_address>0x3c</run_address>
         <size>0x1fa</size>
         <input_file_ref idref="fl-5"/>
      </object_component>
      <object_component id="oc-237">
         <name>.text.ti_sysbios_knl_TaskSupport_buildTaskStack</name>
         <load_address>0x236</load_address>
         <run_address>0x236</run_address>
         <size>0x1aa</size>
         <input_file_ref idref="fl-5"/>
      </object_component>
      <object_component id="oc-f5">
         <name>.text.SSD1306_DrawLine</name>
         <load_address>0x3e0</load_address>
         <run_address>0x3e0</run_address>
         <size>0x19a</size>
         <input_file_ref idref="fl-6"/>
      </object_component>
      <object_component id="oc-183">
         <name>.text.ti_sysbios_family_arm_cc26xx_Timer_construct</name>
         <load_address>0x57a</load_address>
         <run_address>0x57a</run_address>
         <size>0x198</size>
         <input_file_ref idref="fl-5"/>
      </object_component>
      <object_component id="oc-1c8">
         <name>.text.BIOS_nullFunc</name>
         <load_address>0x712</load_address>
         <run_address>0x712</run_address>
         <size>0x2</size>
         <input_file_ref idref="fl-5"/>
      </object_component>
      <object_component id="oc-20a">
         <name>.text.PowerCC26X2_auxISR</name>
         <load_address>0x714</load_address>
         <run_address>0x714</run_address>
         <size>0x194</size>
         <input_file_ref idref="fl-24"/>
      </object_component>
      <object_component id="oc-fd">
         <name>.text.ti_sysbios_knl_Task_Instance_init</name>
         <load_address>0x8a8</load_address>
         <run_address>0x8a8</run_address>
         <size>0x18e</size>
         <input_file_ref idref="fl-5"/>
      </object_component>
      <object_component id="oc-13b">
         <name>.text.I2C_init</name>
         <load_address>0xa36</load_address>
         <run_address>0xa36</run_address>
         <size>0x2</size>
         <input_file_ref idref="fl-21"/>
      </object_component>
      <object_component id="oc-2ba">
         <name>.text.Power_sleep</name>
         <load_address>0xa38</load_address>
         <run_address>0xa38</run_address>
         <size>0x158</size>
         <input_file_ref idref="fl-23"/>
      </object_component>
      <object_component id="oc-268">
         <name>.text.PowerCC26XX_standbyPolicy</name>
         <load_address>0xb90</load_address>
         <run_address>0xb90</run_address>
         <size>0x13e</size>
         <input_file_ref idref="fl-5"/>
      </object_component>
      <object_component id="oc-1da">
         <name>.text.ti_sysbios_heaps_HeapMem_allocUnprotected</name>
         <load_address>0xcce</load_address>
         <run_address>0xcce</run_address>
         <size>0x13e</size>
         <input_file_ref idref="fl-5"/>
      </object_component>
      <object_component id="oc-142">
         <name>.text.I2C_open</name>
         <load_address>0xe0c</load_address>
         <run_address>0xe0c</run_address>
         <size>0x13c</size>
         <input_file_ref idref="fl-22"/>
      </object_component>
      <object_component id="oc-12a">
         <name>.text.ti_sysbios_knl_Clock_workFuncDynamic</name>
         <load_address>0xf48</load_address>
         <run_address>0xf48</run_address>
         <size>0x13c</size>
         <input_file_ref idref="fl-5"/>
      </object_component>
      <object_component id="oc-233">
         <name>.text.I2C_transferTimeout</name>
         <load_address>0x1084</load_address>
         <run_address>0x1084</run_address>
         <size>0x126</size>
         <input_file_ref idref="fl-21"/>
      </object_component>
      <object_component id="oc-29a">
         <name>.text.__aeabi_ldiv0</name>
         <load_address>0x11aa</load_address>
         <run_address>0x11aa</run_address>
         <size>0x2</size>
         <input_file_ref idref="fl-b8"/>
      </object_component>
      <object_component id="oc-5f">
         <name>.text.ti_sysbios_family_arm_m3_Hwi_dispatch</name>
         <load_address>0x11ac</load_address>
         <run_address>0x11ac</run_address>
         <size>0x11c</size>
         <input_file_ref idref="fl-2f"/>
      </object_component>
      <object_component id="oc-188">
         <name>.text.Power_init</name>
         <load_address>0x12c8</load_address>
         <run_address>0x12c8</run_address>
         <size>0x118</size>
         <input_file_ref idref="fl-23"/>
      </object_component>
      <object_component id="oc-24a">
         <name>.text.ti_sysbios_knl_Semaphore_pend</name>
         <load_address>0x13e0</load_address>
         <run_address>0x13e0</run_address>
         <size>0x10e</size>
         <input_file_ref idref="fl-5"/>
      </object_component>
      <object_component id="oc-1bb">
         <name>.text._nop</name>
         <load_address>0x14ee</load_address>
         <run_address>0x14ee</run_address>
         <size>0x2</size>
         <input_file_ref idref="fl-46"/>
      </object_component>
      <object_component id="oc-27e">
         <name>.text.PowerCC26X2_calibrate</name>
         <load_address>0x14f0</load_address>
         <run_address>0x14f0</run_address>
         <size>0x10c</size>
         <input_file_ref idref="fl-24"/>
      </object_component>
      <object_component id="oc-14e">
         <name>.text.SSD1306_DrawChar</name>
         <load_address>0x15fc</load_address>
         <run_address>0x15fc</run_address>
         <size>0x10a</size>
         <input_file_ref idref="fl-6"/>
      </object_component>
      <object_component id="oc-fe">
         <name>.text.ti_sysbios_knl_Task_Instance_finalize</name>
         <load_address>0x1706</load_address>
         <run_address>0x1706</run_address>
         <size>0x10a</size>
         <input_file_ref idref="fl-5"/>
      </object_component>
      <object_component id="oc-135">
         <name>.text.GPIO_init</name>
         <load_address>0x1810</load_address>
         <run_address>0x1810</run_address>
         <size>0x104</size>
         <input_file_ref idref="fl-26"/>
      </object_component>
      <object_component id="oc-257">
         <name>.text.ti_sysbios_family_arm_m3_Hwi_Instance_init</name>
         <load_address>0x1914</load_address>
         <run_address>0x1914</run_address>
         <size>0xfe</size>
         <input_file_ref idref="fl-5"/>
      </object_component>
      <object_component id="oc-202">
         <name>.text.emptyClockFunc</name>
         <load_address>0x1a12</load_address>
         <run_address>0x1a12</run_address>
         <size>0x2</size>
         <input_file_ref idref="fl-23"/>
      </object_component>
      <object_component id="oc-2e7">
         <name>.text.NOROM_SysCtrlStandby</name>
         <load_address>0x1a14</load_address>
         <run_address>0x1a14</run_address>
         <size>0xf4</size>
         <input_file_ref idref="fl-35"/>
      </object_component>
      <object_component id="oc-298">
         <name>.text.ti_sysbios_knl_Clock_startI</name>
         <load_address>0x1b08</load_address>
         <run_address>0x1b08</run_address>
         <size>0xee</size>
         <input_file_ref idref="fl-5"/>
      </object_component>
      <object_component id="oc-17e">
         <name>.text.ti_sysbios_family_arm_cc26xx_Timer_startup</name>
         <load_address>0x1bf6</load_address>
         <run_address>0x1bf6</run_address>
         <size>0x2</size>
         <input_file_ref idref="fl-5"/>
      </object_component>
      <object_component id="oc-1ad">
         <name>.text.I2CCC26XX_hwiFxn</name>
         <load_address>0x1bf8</load_address>
         <run_address>0x1bf8</run_address>
         <size>0xe8</size>
         <input_file_ref idref="fl-22"/>
      </object_component>
      <object_component id="oc-b0">
         <name>.text.NOROM_SetupTrimDevice</name>
         <load_address>0x1ce0</load_address>
         <run_address>0x1ce0</run_address>
         <size>0xe4</size>
         <input_file_ref idref="fl-33"/>
      </object_component>
      <object_component id="oc-e2">
         <name>.text.ti_sysbios_family_arm_m3_Hwi_initNVIC</name>
         <load_address>0x1dc4</load_address>
         <run_address>0x1dc4</run_address>
         <size>0xe4</size>
         <input_file_ref idref="fl-5"/>
      </object_component>
      <object_component id="oc-1dd">
         <name>.text.ti_sysbios_heaps_HeapMem_freeUnprotected</name>
         <load_address>0x1ea8</load_address>
         <run_address>0x1ea8</run_address>
         <size>0xda</size>
         <input_file_ref idref="fl-5"/>
      </object_component>
      <object_component id="oc-12e">
         <name>.text.ti_sysbios_knl_TaskSupport_init</name>
         <load_address>0x1f82</load_address>
         <run_address>0x1f82</run_address>
         <size>0x2</size>
         <input_file_ref idref="fl-5"/>
      </object_component>
      <object_component id="oc-266">
         <name>.text.configureXOSCHF</name>
         <load_address>0x1f84</load_address>
         <run_address>0x1f84</run_address>
         <size>0xd0</size>
         <input_file_ref idref="fl-23"/>
      </object_component>
      <object_component id="oc-df">
         <name>.text.TrimAfterColdResetWakeupFromShutDown</name>
         <load_address>0x2054</load_address>
         <run_address>0x2054</run_address>
         <size>0xc4</size>
         <input_file_ref idref="fl-33"/>
      </object_component>
      <object_component id="oc-17a">
         <name>.text.ti_sysbios_knl_Clock_walkQueueDynamic</name>
         <load_address>0x2118</load_address>
         <run_address>0x2118</run_address>
         <size>0xc0</size>
         <input_file_ref idref="fl-5"/>
      </object_component>
      <object_component id="oc-a7">
         <name>.text.ti_sysbios_knl_Swi_restoreHwi</name>
         <load_address>0x21d8</load_address>
         <run_address>0x21d8</run_address>
         <size>0xc0</size>
         <input_file_ref idref="fl-5"/>
      </object_component>
      <object_component id="oc-bb">
         <name>.text.GUI_Init</name>
         <load_address>0x2298</load_address>
         <run_address>0x2298</run_address>
         <size>0xbe</size>
         <input_file_ref idref="fl-8"/>
      </object_component>
      <object_component id="oc-154">
         <name>.text.ti_sysbios_knl_Task_postInit</name>
         <load_address>0x2356</load_address>
         <run_address>0x2356</run_address>
         <size>0xbc</size>
         <input_file_ref idref="fl-5"/>
      </object_component>
      <object_component id="oc-17c">
         <name>.text.ti_sysbios_knl_Swi_Instance_init</name>
         <load_address>0x2412</load_address>
         <run_address>0x2412</run_address>
         <size>0xb8</size>
         <input_file_ref idref="fl-5"/>
      </object_component>
      <object_component id="oc-2df">
         <name>.text.NOROM_OSCHF_AttemptToSwitchToXosc</name>
         <load_address>0x24ca</load_address>
         <run_address>0x24ca</run_address>
         <size>0xb4</size>
         <input_file_ref idref="fl-37"/>
      </object_component>
      <object_component id="oc-2c6">
         <name>.text.Power_releaseDependency</name>
         <load_address>0x2580</load_address>
         <run_address>0x2580</run_address>
         <size>0xb4</size>
         <input_file_ref idref="fl-23"/>
      </object_component>
      <object_component id="oc-18e">
         <name>.text.Power_setDependency</name>
         <load_address>0x2634</load_address>
         <run_address>0x2634</run_address>
         <size>0xb0</size>
         <input_file_ref idref="fl-23"/>
      </object_component>
      <object_component id="oc-24f">
         <name>.text</name>
         <load_address>0x26e4</load_address>
         <run_address>0x26e4</run_address>
         <size>0xb0</size>
         <input_file_ref idref="fl-b5"/>
      </object_component>
      <object_component id="oc-1b8">
         <name>.text.ti_sysbios_knl_TaskSupport_start</name>
         <load_address>0x2794</load_address>
         <run_address>0x2794</run_address>
         <size>0xa2</size>
         <input_file_ref idref="fl-5"/>
      </object_component>
      <object_component id="oc-1ae">
         <name>.text.I2CCC26XX_swiFxn</name>
         <load_address>0x2836</load_address>
         <run_address>0x2836</run_address>
         <size>0xa0</size>
         <input_file_ref idref="fl-22"/>
      </object_component>
      <object_component id="oc-ed">
         <name>.text.SSD1306_Init</name>
         <load_address>0x28d6</load_address>
         <run_address>0x28d6</run_address>
         <size>0x9a</size>
         <input_file_ref idref="fl-6"/>
      </object_component>
      <object_component id="oc-d7">
         <name>.text.ti_sysbios_knl_Task_schedule</name>
         <load_address>0x2970</load_address>
         <run_address>0x2970</run_address>
         <size>0x9a</size>
         <input_file_ref idref="fl-5"/>
      </object_component>
      <object_component id="oc-172">
         <name>.text.ti_sysbios_heaps_HeapMem_Instance_init</name>
         <load_address>0x2a0a</load_address>
         <run_address>0x2a0a</run_address>
         <size>0x94</size>
         <input_file_ref idref="fl-5"/>
      </object_component>
      <object_component id="oc-14f">
         <name>.text.SSD1306_DrawPixel</name>
         <load_address>0x2a9e</load_address>
         <run_address>0x2a9e</run_address>
         <size>0x8e</size>
         <input_file_ref idref="fl-6"/>
      </object_component>
      <object_component id="oc-a2">
         <name>.text.ti_sysbios_family_arm_m3_Hwi_excHandlerMin</name>
         <load_address>0x2b2c</load_address>
         <run_address>0x2b2c</run_address>
         <size>0x8e</size>
         <input_file_ref idref="fl-5"/>
      </object_component>
      <object_component id="oc-292">
         <name>.text.ti_sysbios_knl_Swi_runLoop</name>
         <load_address>0x2bba</load_address>
         <run_address>0x2bba</run_address>
         <size>0x8e</size>
         <input_file_ref idref="fl-5"/>
      </object_component>
      <object_component id="oc-1a2">
         <name>.text.GPIO_setConfig</name>
         <load_address>0x2c48</load_address>
         <run_address>0x2c48</run_address>
         <size>0x8c</size>
         <input_file_ref idref="fl-20"/>
      </object_component>
      <object_component id="oc-214">
         <name>.text.ti_sysbios_family_arm_m3_Hwi_construct2</name>
         <load_address>0x2cd4</load_address>
         <run_address>0x2cd4</run_address>
         <size>0x8c</size>
         <input_file_ref idref="fl-5"/>
      </object_component>
      <object_component id="oc-24b">
         <name>.text.ti_sysbios_knl_Semaphore_post</name>
         <load_address>0x2d60</load_address>
         <run_address>0x2d60</run_address>
         <size>0x8a</size>
         <input_file_ref idref="fl-5"/>
      </object_component>
      <object_component id="oc-2a6">
         <name>.text.ti_sysbios_family_arm_m3_Hwi_postInit</name>
         <load_address>0x2dea</load_address>
         <run_address>0x2dea</run_address>
         <size>0x88</size>
         <input_file_ref idref="fl-5"/>
      </object_component>
      <object_component id="oc-c5">
         <name>.text.ti_sysbios_runtime_Memory_alloc</name>
         <load_address>0x2e72</load_address>
         <run_address>0x2e72</run_address>
         <size>0x86</size>
         <input_file_ref idref="fl-5"/>
      </object_component>
      <object_component id="oc-11f">
         <name>.text.ti_sysbios_family_arm_m3_Hwi_getStackInfo</name>
         <load_address>0x2ef8</load_address>
         <run_address>0x2ef8</run_address>
         <size>0x82</size>
         <input_file_ref idref="fl-5"/>
      </object_component>
      <object_component id="oc-2ee">
         <name>.text.NOROM_SysCtrlSetRechargeBeforePowerDown</name>
         <load_address>0x2f7a</load_address>
         <run_address>0x2f7a</run_address>
         <size>0x80</size>
         <input_file_ref idref="fl-35"/>
      </object_component>
      <object_component id="oc-1b3">
         <name>.text.SSD1306_UpdatePosition</name>
         <load_address>0x2ffa</load_address>
         <run_address>0x2ffa</run_address>
         <size>0x7e</size>
         <input_file_ref idref="fl-6"/>
      </object_component>
      <object_component id="oc-1a6">
         <name>.text.SwiP_construct</name>
         <load_address>0x3078</load_address>
         <run_address>0x3078</run_address>
         <size>0x7c</size>
         <input_file_ref idref="fl-5"/>
      </object_component>
      <object_component id="oc-1ed">
         <name>.text.ti_sysbios_family_arm_cc26xx_Timer_periodicStub</name>
         <load_address>0x30f4</load_address>
         <run_address>0x30f4</run_address>
         <size>0x7c</size>
         <input_file_ref idref="fl-5"/>
      </object_component>
      <object_component id="oc-23d">
         <name>.text.ti_sysbios_knl_Swi_schedule</name>
         <load_address>0x3170</load_address>
         <run_address>0x3170</run_address>
         <size>0x7c</size>
         <input_file_ref idref="fl-5"/>
      </object_component>
      <object_component id="oc-82">
         <name>.text.ti_sysbios_family_arm_m3_Hwi_dispatchC</name>
         <load_address>0x31ec</load_address>
         <run_address>0x31ec</run_address>
         <size>0x7a</size>
         <input_file_ref idref="fl-5"/>
      </object_component>
      <object_component id="oc-ea">
         <name>.text.ti_sysbios_knl_Idle_init</name>
         <load_address>0x3266</load_address>
         <run_address>0x3266</run_address>
         <size>0x7a</size>
         <input_file_ref idref="fl-5"/>
      </object_component>
      <object_component id="oc-2d2">
         <name>.text.NOROM_OSCHF_SwitchToRcOscTurnOffXosc</name>
         <load_address>0x32e0</load_address>
         <run_address>0x32e0</run_address>
         <size>0x78</size>
         <input_file_ref idref="fl-37"/>
      </object_component>
      <object_component id="oc-115">
         <name>.text.NOROM_OSC_CapArrayAdjustWorkaround_Boot</name>
         <load_address>0x3358</load_address>
         <run_address>0x3358</run_address>
         <size>0x78</size>
         <input_file_ref idref="fl-37"/>
      </object_component>
      <object_component id="oc-2a5">
         <name>.text.ti_sysbios_family_arm_m3_Hwi_disableInterrupt</name>
         <load_address>0x33d0</load_address>
         <run_address>0x33d0</run_address>
         <size>0x78</size>
         <input_file_ref idref="fl-5"/>
      </object_component>
      <object_component id="oc-d5">
         <name>.text.ti_sysbios_knl_Swi_run</name>
         <load_address>0x3448</load_address>
         <run_address>0x3448</run_address>
         <size>0x78</size>
         <input_file_ref idref="fl-5"/>
      </object_component>
      <object_component id="oc-234">
         <name>.text.ti_sysbios_knl_Task_blockI</name>
         <load_address>0x34c0</load_address>
         <run_address>0x34c0</run_address>
         <size>0x78</size>
         <input_file_ref idref="fl-5"/>
      </object_component>
      <object_component id="oc-162">
         <name>.text.ti_sysbios_knl_Task_startup</name>
         <load_address>0x3538</load_address>
         <run_address>0x3538</run_address>
         <size>0x78</size>
         <input_file_ref idref="fl-5"/>
      </object_component>
      <object_component id="oc-271">
         <name>.text.PowerCC26X2_updateSubSecInc</name>
         <load_address>0x35b0</load_address>
         <run_address>0x35b0</run_address>
         <size>0x74</size>
         <input_file_ref idref="fl-27"/>
      </object_component>
      <object_component id="oc-176">
         <name>.text.ti_sysbios_heaps_HeapMem_getStats</name>
         <load_address>0x3624</load_address>
         <run_address>0x3624</run_address>
         <size>0x74</size>
         <input_file_ref idref="fl-5"/>
      </object_component>
      <object_component id="oc-256">
         <name>.text.ti_sysbios_family_arm_cc26xx_Timer_setThreshold</name>
         <load_address>0x3698</load_address>
         <run_address>0x3698</run_address>
         <size>0x72</size>
         <input_file_ref idref="fl-5"/>
      </object_component>
      <object_component id="oc-2ca">
         <name>.text.ti_sysbios_family_arm_m3_Hwi_enableInterrupt</name>
         <load_address>0x370a</load_address>
         <run_address>0x370a</run_address>
         <size>0x70</size>
         <input_file_ref idref="fl-5"/>
      </object_component>
      <object_component id="oc-e4">
         <name>.text.BIOS_init</name>
         <load_address>0x377a</load_address>
         <run_address>0x377a</run_address>
         <size>0x6e</size>
         <input_file_ref idref="fl-5"/>
      </object_component>
      <object_component id="oc-e7">
         <name>.text.ti_sysbios_knl_Clock_init</name>
         <load_address>0x37e8</load_address>
         <run_address>0x37e8</run_address>
         <size>0x6e</size>
         <input_file_ref idref="fl-5"/>
      </object_component>
      <object_component id="oc-230">
         <name>.text.I2CSupport_primeTransfer</name>
         <load_address>0x3856</load_address>
         <run_address>0x3856</run_address>
         <size>0x6a</size>
         <input_file_ref idref="fl-22"/>
      </object_component>
      <object_component id="oc-2c">
         <name>.text:decompress:lzss</name>
         <load_address>0x38c0</load_address>
         <run_address>0x38c0</run_address>
         <size>0x6a</size>
         <input_file_ref idref="fl-51"/>
      </object_component>
      <object_component id="oc-1f1">
         <name>.text.ti_sysbios_family_arm_cc26xx_Timer_start</name>
         <load_address>0x392a</load_address>
         <run_address>0x392a</run_address>
         <size>0x66</size>
         <input_file_ref idref="fl-5"/>
      </object_component>
      <object_component id="oc-258">
         <name>.text.ti_sysbios_family_arm_m3_Hwi_Instance_finalize</name>
         <load_address>0x3990</load_address>
         <run_address>0x3990</run_address>
         <size>0x66</size>
         <input_file_ref idref="fl-5"/>
      </object_component>
      <object_component id="oc-2be">
         <name>.text.PowerCC26X2_initiateCalibration</name>
         <load_address>0x39f8</load_address>
         <run_address>0x39f8</run_address>
         <size>0x64</size>
         <input_file_ref idref="fl-24"/>
      </object_component>
      <object_component id="oc-f4">
         <name>.text.SSD1306_DrawString</name>
         <load_address>0x3a5c</load_address>
         <run_address>0x3a5c</run_address>
         <size>0x64</size>
         <input_file_ref idref="fl-6"/>
      </object_component>
      <object_component id="oc-209">
         <name>.text.oscillatorISR</name>
         <load_address>0x3ac0</load_address>
         <run_address>0x3ac0</run_address>
         <size>0x64</size>
         <input_file_ref idref="fl-23"/>
      </object_component>
      <object_component id="oc-12c">
         <name>.text.ti_sysbios_knl_ClockSupport_init</name>
         <load_address>0x3b24</load_address>
         <run_address>0x3b24</run_address>
         <size>0x60</size>
         <input_file_ref idref="fl-5"/>
      </object_component>
      <object_component id="oc-1e6">
         <name>.text.ti_sysbios_knl_Swi_post</name>
         <load_address>0x3b84</load_address>
         <run_address>0x3b84</run_address>
         <size>0x5e</size>
         <input_file_ref idref="fl-5"/>
      </object_component>
      <object_component id="oc-1f9">
         <name>.text.ClockP_construct</name>
         <load_address>0x3be2</load_address>
         <run_address>0x3be2</run_address>
         <size>0x5c</size>
         <input_file_ref idref="fl-5"/>
      </object_component>
      <object_component id="oc-c3">
         <name>.text.GUI_ChangeProto</name>
         <load_address>0x3c3e</load_address>
         <run_address>0x3c3e</run_address>
         <size>0x5c</size>
         <input_file_ref idref="fl-8"/>
      </object_component>
      <object_component id="oc-173">
         <name>.text.ti_sysbios_heaps_HeapMem_alloc</name>
         <load_address>0x3c9a</load_address>
         <run_address>0x3c9a</run_address>
         <size>0x5c</size>
         <input_file_ref idref="fl-5"/>
      </object_component>
      <object_component id="oc-e9">
         <name>.text.ti_sysbios_knl_Task_init</name>
         <load_address>0x3cf6</load_address>
         <run_address>0x3cf6</run_address>
         <size>0x5c</size>
         <input_file_ref idref="fl-5"/>
      </object_component>
      <object_component id="oc-255">
         <name>.text.AONRTCEventClear</name>
         <load_address>0x3d52</load_address>
         <run_address>0x3d52</run_address>
         <size>0x58</size>
         <input_file_ref idref="fl-5"/>
      </object_component>
      <object_component id="oc-190">
         <name>.text.HwiP_construct</name>
         <load_address>0x3daa</load_address>
         <run_address>0x3daa</run_address>
         <size>0x58</size>
         <input_file_ref idref="fl-5"/>
      </object_component>
      <object_component id="oc-1ee">
         <name>.text.ti_sysbios_family_arm_m3_Hwi_construct</name>
         <load_address>0x3e02</load_address>
         <run_address>0x3e02</run_address>
         <size>0x58</size>
         <input_file_ref idref="fl-5"/>
      </object_component>
      <object_component id="oc-23e">
         <name>.text.ti_sysbios_family_arm_m3_Hwi_initStacks</name>
         <load_address>0x3e5c</load_address>
         <run_address>0x3e5c</run_address>
         <size>0x58</size>
         <input_file_ref idref="fl-30"/>
      </object_component>
      <object_component id="oc-123">
         <name>.text.ti_sysbios_heaps_HeapMem_construct</name>
         <load_address>0x3eb4</load_address>
         <run_address>0x3eb4</run_address>
         <size>0x58</size>
         <input_file_ref idref="fl-5"/>
      </object_component>
      <object_component id="oc-e8">
         <name>.text.ti_sysbios_knl_Swi_init</name>
         <load_address>0x3f0c</load_address>
         <run_address>0x3f0c</run_address>
         <size>0x58</size>
         <input_file_ref idref="fl-5"/>
      </object_component>
      <object_component id="oc-25b">
         <name>.text.AONRTCCompareValueSet</name>
         <load_address>0x3f64</load_address>
         <run_address>0x3f64</run_address>
         <size>0x56</size>
         <input_file_ref idref="fl-5"/>
      </object_component>
      <object_component id="oc-1df">
         <name>.text.ti_sysbios_family_arm_cc26xx_Timer_getCurrentTick</name>
         <load_address>0x3fba</load_address>
         <run_address>0x3fba</run_address>
         <size>0x56</size>
         <input_file_ref idref="fl-5"/>
      </object_component>
      <object_component id="oc-2ab">
         <name>.text.ti_sysbios_knl_Clock_Instance_init</name>
         <load_address>0x4010</load_address>
         <run_address>0x4010</run_address>
         <size>0x56</size>
         <input_file_ref idref="fl-5"/>
      </object_component>
      <object_component id="oc-ca">
         <name>.text.ti_sysbios_runtime_SystemSupport_flush</name>
         <load_address>0x4066</load_address>
         <run_address>0x4066</run_address>
         <size>0x56</size>
         <input_file_ref idref="fl-5"/>
      </object_component>
      <object_component id="oc-15c">
         <name>.text.ti_sysbios_runtime_System_atexit</name>
         <load_address>0x40bc</load_address>
         <run_address>0x40bc</run_address>
         <size>0x56</size>
         <input_file_ref idref="fl-5"/>
      </object_component>
      <object_component id="oc-25c">
         <name>.text.AONRTCChannelEnable</name>
         <load_address>0x4112</load_address>
         <run_address>0x4112</run_address>
         <size>0x54</size>
         <input_file_ref idref="fl-5"/>
      </object_component>
      <object_component id="oc-ff">
         <name>.text.BIOS_startFunc</name>
         <load_address>0x4166</load_address>
         <run_address>0x4166</run_address>
         <size>0x54</size>
         <input_file_ref idref="fl-5"/>
      </object_component>
      <object_component id="oc-165">
         <name>.text.HOSTwrite</name>
         <load_address>0x41bc</load_address>
         <run_address>0x41bc</run_address>
         <size>0x54</size>
         <input_file_ref idref="fl-9b"/>
      </object_component>
      <object_component id="oc-1a8">
         <name>.text.I2CCC26XX_initHw</name>
         <load_address>0x4210</load_address>
         <run_address>0x4210</run_address>
         <size>0x54</size>
         <input_file_ref idref="fl-22"/>
      </object_component>
      <object_component id="oc-112">
         <name>.text.NOROM_ChipInfo_GetHwRevision</name>
         <load_address>0x4264</load_address>
         <run_address>0x4264</run_address>
         <size>0x52</size>
         <input_file_ref idref="fl-32"/>
      </object_component>
      <object_component id="oc-24d">
         <name>.text.ti_sysbios_family_arm_cc26xx_Timer_setNextTick</name>
         <load_address>0x42b6</load_address>
         <run_address>0x42b6</run_address>
         <size>0x50</size>
         <input_file_ref idref="fl-5"/>
      </object_component>
      <object_component id="oc-1c6">
         <name>.text.ti_sysbios_knl_Swi_restore</name>
         <load_address>0x4306</load_address>
         <run_address>0x4306</run_address>
         <size>0x4e</size>
         <input_file_ref idref="fl-5"/>
      </object_component>
      <object_component id="oc-2c1">
         <name>.text.NOROM_OSC_HPOSCRelativeFrequencyOffsetGet</name>
         <load_address>0x4354</load_address>
         <run_address>0x4354</run_address>
         <size>0x4c</size>
         <input_file_ref idref="fl-37"/>
      </object_component>
      <object_component id="oc-26b">
         <name>.text.switchXOSCHF</name>
         <load_address>0x43a0</load_address>
         <run_address>0x43a0</run_address>
         <size>0x4c</size>
         <input_file_ref idref="fl-23"/>
      </object_component>
      <object_component id="oc-99">
         <name>.text.ti_sysbios_knl_Task_create</name>
         <load_address>0x43ec</load_address>
         <run_address>0x43ec</run_address>
         <size>0x4c</size>
         <input_file_ref idref="fl-5"/>
      </object_component>
      <object_component id="oc-7e">
         <name>.text.ti_sysbios_runtime_System_processAtExit</name>
         <load_address>0x4438</load_address>
         <run_address>0x4438</run_address>
         <size>0x4c</size>
         <input_file_ref idref="fl-5"/>
      </object_component>
      <object_component id="oc-c6">
         <name>.text.ti_sysbios_knl_Task_construct</name>
         <load_address>0x4484</load_address>
         <run_address>0x4484</run_address>
         <size>0x4a</size>
         <input_file_ref idref="fl-5"/>
      </object_component>
      <object_component id="oc-11b">
         <name>.text.NOROM_AUXSYSIFOpModeChange</name>
         <load_address>0x44d0</load_address>
         <run_address>0x44d0</run_address>
         <size>0x48</size>
         <input_file_ref idref="fl-34"/>
      </object_component>
      <object_component id="oc-eb">
         <name>.text.ti_sysbios_family_arm_m3_Hwi_init</name>
         <load_address>0x4518</load_address>
         <run_address>0x4518</run_address>
         <size>0x48</size>
         <input_file_ref idref="fl-5"/>
      </object_component>
      <object_component id="oc-14a">
         <name>.text.SSD1306_SendCommand</name>
         <load_address>0x4560</load_address>
         <run_address>0x4560</run_address>
         <size>0x46</size>
         <input_file_ref idref="fl-6"/>
      </object_component>
      <object_component id="oc-282">
         <name>.text.ti_sysbios_knl_Semaphore_Instance_init</name>
         <load_address>0x45a6</load_address>
         <run_address>0x45a6</run_address>
         <size>0x46</size>
         <input_file_ref idref="fl-5"/>
      </object_component>
      <object_component id="oc-12b">
         <name>.text.ti_sysbios_knl_Swi_construct</name>
         <load_address>0x45ec</load_address>
         <run_address>0x45ec</run_address>
         <size>0x46</size>
         <input_file_ref idref="fl-5"/>
      </object_component>
      <object_component id="oc-158">
         <name>.text.ti_sysbios_knl_Task_processVitalTaskFlag</name>
         <load_address>0x4632</load_address>
         <run_address>0x4632</run_address>
         <size>0x46</size>
         <input_file_ref idref="fl-5"/>
      </object_component>
      <object_component id="oc-238">
         <name>.text.ti_sysbios_knl_Task_unblockI</name>
         <load_address>0x4678</load_address>
         <run_address>0x4678</run_address>
         <size>0x46</size>
         <input_file_ref idref="fl-5"/>
      </object_component>
      <object_component id="oc-102">
         <name>.text.ti_sysbios_runtime_SysMin_output</name>
         <load_address>0x46be</load_address>
         <run_address>0x46be</run_address>
         <size>0x46</size>
         <input_file_ref idref="fl-5"/>
      </object_component>
      <object_component id="oc-1c4">
         <name>.text.BIOS_rtsLock</name>
         <load_address>0x4704</load_address>
         <run_address>0x4704</run_address>
         <size>0x44</size>
         <input_file_ref idref="fl-5"/>
      </object_component>
      <object_component id="oc-198">
         <name>.text.GPIO_hwiIntFxn</name>
         <load_address>0x4748</load_address>
         <run_address>0x4748</run_address>
         <size>0x44</size>
         <input_file_ref idref="fl-26"/>
      </object_component>
      <object_component id="oc-2e1">
         <name>.text.NOROM_PRCMPowerDomainsAllOff</name>
         <load_address>0x478c</load_address>
         <run_address>0x478c</run_address>
         <size>0x44</size>
         <input_file_ref idref="fl-38"/>
      </object_component>
      <object_component id="oc-20d">
         <name>.text.NOROM_PRCMPowerDomainsAllOn</name>
         <load_address>0x47d0</load_address>
         <run_address>0x47d0</run_address>
         <size>0x44</size>
         <input_file_ref idref="fl-38"/>
      </object_component>
      <object_component id="oc-25d">
         <name>.text._pthread_cleanupFxn</name>
         <load_address>0x4814</load_address>
         <run_address>0x4814</run_address>
         <size>0x44</size>
         <input_file_ref idref="fl-5"/>
      </object_component>
      <object_component id="oc-159">
         <name>.text.ti_sysbios_knl_Task_restore</name>
         <load_address>0x4858</load_address>
         <run_address>0x4858</run_address>
         <size>0x44</size>
         <input_file_ref idref="fl-5"/>
      </object_component>
      <object_component id="oc-ce">
         <name>.text.ti_sysbios_runtime_Error_raiseX</name>
         <load_address>0x489c</load_address>
         <run_address>0x489c</run_address>
         <size>0x44</size>
         <input_file_ref idref="fl-5"/>
      </object_component>
      <object_component id="oc-f8">
         <name>.text.SSD1306_UpdateScreen</name>
         <load_address>0x48e0</load_address>
         <run_address>0x48e0</run_address>
         <size>0x42</size>
         <input_file_ref idref="fl-6"/>
      </object_component>
      <object_component id="oc-76">
         <name>.text.main</name>
         <load_address>0x4922</load_address>
         <run_address>0x4922</run_address>
         <size>0x42</size>
         <input_file_ref idref="fl-1"/>
      </object_component>
      <object_component id="oc-203">
         <name>.text.PowerCC26X2_RCOSC_clockFunc</name>
         <load_address>0x4964</load_address>
         <run_address>0x4964</run_address>
         <size>0x40</size>
         <input_file_ref idref="fl-24"/>
      </object_component>
      <object_component id="oc-2c5">
         <name>.text.PowerCC26X2_setAclkRefSrc</name>
         <load_address>0x49a4</load_address>
         <run_address>0x49a4</run_address>
         <size>0x40</size>
         <input_file_ref idref="fl-27"/>
      </object_component>
      <object_component id="oc-1d9">
         <name>.text.ti_sysbios_gates_GateMutex_enter</name>
         <load_address>0x49e4</load_address>
         <run_address>0x49e4</run_address>
         <size>0x40</size>
         <input_file_ref idref="fl-5"/>
      </object_component>
      <object_component id="oc-295">
         <name>.text.ti_sysbios_knl_Semaphore_pendTimeout</name>
         <load_address>0x4a24</load_address>
         <run_address>0x4a24</run_address>
         <size>0x40</size>
         <input_file_ref idref="fl-5"/>
      </object_component>
      <object_component id="oc-1b7">
         <name>.text.ti_sysbios_knl_Task_exit</name>
         <load_address>0x4a64</load_address>
         <run_address>0x4a64</run_address>
         <size>0x40</size>
         <input_file_ref idref="fl-5"/>
      </object_component>
      <object_component id="oc-2b6">
         <name>.text.ti_sysbios_knl_Clock_getTicksUntilInterrupt</name>
         <load_address>0x4aa4</load_address>
         <run_address>0x4aa4</run_address>
         <size>0x3e</size>
         <input_file_ref idref="fl-5"/>
      </object_component>
      <object_component id="oc-15b">
         <name>.text.BIOS_atExitFunc</name>
         <load_address>0x4ae2</load_address>
         <run_address>0x4ae2</run_address>
         <size>0x3c</size>
         <input_file_ref idref="fl-5"/>
      </object_component>
      <object_component id="oc-c4">
         <name>.text.GUI_ChangeRx</name>
         <load_address>0x4b1e</load_address>
         <run_address>0x4b1e</run_address>
         <size>0x3c</size>
         <input_file_ref idref="fl-8"/>
      </object_component>
      <object_component id="oc-2d8">
         <name>.text.NOROM_SysCtrlIdle</name>
         <load_address>0x4b5a</load_address>
         <run_address>0x4b5a</run_address>
         <size>0x3c</size>
         <input_file_ref idref="fl-35"/>
      </object_component>
      <object_component id="oc-2c4">
         <name>.text.PowerCC26X2_setTdcClkSrc24M</name>
         <load_address>0x4b98</load_address>
         <run_address>0x4b98</run_address>
         <size>0x3c</size>
         <input_file_ref idref="fl-27"/>
      </object_component>
      <object_component id="oc-2cf">
         <name>.text.ti_sysbios_family_arm_m3_Hwi_setPriority</name>
         <load_address>0x4bd4</load_address>
         <run_address>0x4bd4</run_address>
         <size>0x3c</size>
         <input_file_ref idref="fl-5"/>
      </object_component>
      <object_component id="oc-a8">
         <name>.text.ti_sysbios_knl_Task_restoreHwi</name>
         <load_address>0x4c10</load_address>
         <run_address>0x4c10</run_address>
         <size>0x3c</size>
         <input_file_ref idref="fl-5"/>
      </object_component>
      <object_component id="oc-150">
         <name>.text.sendData</name>
         <load_address>0x4c4c</load_address>
         <run_address>0x4c4c</run_address>
         <size>0x3a</size>
         <input_file_ref idref="fl-6"/>
      </object_component>
      <object_component id="oc-1fe">
         <name>.text.PowerCC26X2_oscDisableQualifiers</name>
         <load_address>0x4c88</load_address>
         <run_address>0x4c88</run_address>
         <size>0x38</size>
         <input_file_ref idref="fl-28"/>
      </object_component>
      <object_component id="oc-b6">
         <name>.text.ti_sysbios_runtime_Startup_exec</name>
         <load_address>0x4cc0</load_address>
         <run_address>0x4cc0</run_address>
         <size>0x38</size>
         <input_file_ref idref="fl-5"/>
      </object_component>
      <object_component id="oc-69">
         <name>.text:__TI_auto_init_nobinit_nopinit</name>
         <load_address>0x4cf8</load_address>
         <run_address>0x4cf8</run_address>
         <size>0x38</size>
         <input_file_ref idref="fl-4d"/>
      </object_component>
      <object_component id="oc-1c5">
         <name>.text.BIOS_rtsUnlock</name>
         <load_address>0x4d30</load_address>
         <run_address>0x4d30</run_address>
         <size>0x36</size>
         <input_file_ref idref="fl-5"/>
      </object_component>
      <object_component id="oc-28b">
         <name>.text.SemaphoreP_pend</name>
         <load_address>0x4d66</load_address>
         <run_address>0x4d66</run_address>
         <size>0x36</size>
         <input_file_ref idref="fl-5"/>
      </object_component>
      <object_component id="oc-98">
         <name>.text.displayTask</name>
         <load_address>0x4d9c</load_address>
         <run_address>0x4d9c</run_address>
         <size>0x36</size>
         <input_file_ref idref="fl-1"/>
      </object_component>
      <object_component id="oc-21e">
         <name>.text.ti_sysbios_knl_Swi_construct2</name>
         <load_address>0x4dd2</load_address>
         <run_address>0x4dd2</run_address>
         <size>0x36</size>
         <input_file_ref idref="fl-5"/>
      </object_component>
      <object_component id="oc-22e">
         <name>.text.Power_releaseConstraint</name>
         <load_address>0x4e08</load_address>
         <run_address>0x4e08</run_address>
         <size>0x34</size>
         <input_file_ref idref="fl-23"/>
      </object_component>
      <object_component id="oc-1c9">
         <name>.text.__TI_writemsg</name>
         <load_address>0x4e3c</load_address>
         <run_address>0x4e3c</run_address>
         <size>0x34</size>
         <input_file_ref idref="fl-9d"/>
      </object_component>
      <object_component id="oc-184">
         <name>.text.ti_sysbios_family_arm_cc26xx_Timer_getMaxTicks</name>
         <load_address>0x4e70</load_address>
         <run_address>0x4e70</run_address>
         <size>0x34</size>
         <input_file_ref idref="fl-5"/>
      </object_component>
      <object_component id="oc-155">
         <name>.text.ti_sysbios_knl_Queue_put</name>
         <load_address>0x4ea4</load_address>
         <run_address>0x4ea4</run_address>
         <size>0x34</size>
         <input_file_ref idref="fl-5"/>
      </object_component>
      <object_component id="oc-35">
         <name>.text:_c_int00</name>
         <load_address>0x4ed8</load_address>
         <run_address>0x4ed8</run_address>
         <size>0x34</size>
         <input_file_ref idref="fl-31"/>
      </object_component>
      <object_component id="oc-1fd">
         <name>.text.Power_setConstraint</name>
         <load_address>0x4f0c</load_address>
         <run_address>0x4f0c</run_address>
         <size>0x30</size>
         <input_file_ref idref="fl-23"/>
      </object_component>
      <object_component id="oc-1cf">
         <name>.text.__TI_readmsg</name>
         <load_address>0x4f3c</load_address>
         <run_address>0x4f3c</run_address>
         <size>0x30</size>
         <input_file_ref idref="fl-9d"/>
      </object_component>
      <object_component id="oc-270">
         <name>.text.notify</name>
         <load_address>0x4f6c</load_address>
         <run_address>0x4f6c</run_address>
         <size>0x30</size>
         <input_file_ref idref="fl-23"/>
      </object_component>
      <object_component id="oc-2a7">
         <name>.text.ti_sysbios_family_arm_m3_Hwi_plug</name>
         <load_address>0x4f9c</load_address>
         <run_address>0x4f9c</run_address>
         <size>0x30</size>
         <input_file_ref idref="fl-5"/>
      </object_component>
      <object_component id="oc-174">
         <name>.text.ti_sysbios_heaps_HeapMem_free</name>
         <load_address>0x4fcc</load_address>
         <run_address>0x4fcc</run_address>
         <size>0x30</size>
         <input_file_ref idref="fl-5"/>
      </object_component>
      <object_component id="oc-262">
         <name>.text.ti_sysbios_knl_Clock_construct</name>
         <load_address>0x4ffc</load_address>
         <run_address>0x4ffc</run_address>
         <size>0x30</size>
         <input_file_ref idref="fl-5"/>
      </object_component>
      <object_component id="oc-185">
         <name>.text.ti_sysbios_knl_Idle_run</name>
         <load_address>0x502c</load_address>
         <run_address>0x502c</run_address>
         <size>0x30</size>
         <input_file_ref idref="fl-5"/>
      </object_component>
      <object_component id="oc-d9">
         <name>.text.NOROM_ThisLibraryIsFor_CC13x2_CC26x2_HwRev20AndLater_HaltIfViolated</name>
         <load_address>0x505c</load_address>
         <run_address>0x505c</run_address>
         <size>0x2e</size>
         <input_file_ref idref="fl-32"/>
      </object_component>
      <object_component id="oc-2a9">
         <name>.text._pthread_delete</name>
         <load_address>0x508a</load_address>
         <run_address>0x508a</run_address>
         <size>0x2e</size>
         <input_file_ref idref="fl-5"/>
      </object_component>
      <object_component id="oc-e3">
         <name>.text.ti_sysbios_family_arm_m3_Hwi_initStack</name>
         <load_address>0x50b8</load_address>
         <run_address>0x50b8</run_address>
         <size>0x2e</size>
         <input_file_ref idref="fl-5"/>
      </object_component>
      <object_component id="oc-1c3">
         <name>.text.ti_sysbios_gates_GateMutex_Instance_init</name>
         <load_address>0x50e6</load_address>
         <run_address>0x50e6</run_address>
         <size>0x2e</size>
         <input_file_ref idref="fl-5"/>
      </object_component>
      <object_component id="oc-15f">
         <name>.text.BIOS_registerRTSLock</name>
         <load_address>0x5114</load_address>
         <run_address>0x5114</run_address>
         <size>0x2c</size>
         <input_file_ref idref="fl-5"/>
      </object_component>
      <object_component id="oc-163">
         <name>.text.BIOS_removeRTSLock</name>
         <load_address>0x5140</load_address>
         <run_address>0x5140</run_address>
         <size>0x2c</size>
         <input_file_ref idref="fl-5"/>
      </object_component>
      <object_component id="oc-221">
         <name>.text.ti_sysbios_knl_Semaphore_construct</name>
         <load_address>0x516c</load_address>
         <run_address>0x516c</run_address>
         <size>0x2c</size>
         <input_file_ref idref="fl-5"/>
      </object_component>
      <object_component id="oc-c7">
         <name>.text.ti_sysbios_runtime_Memory_free</name>
         <load_address>0x5198</load_address>
         <run_address>0x5198</run_address>
         <size>0x2c</size>
         <input_file_ref idref="fl-5"/>
      </object_component>
      <object_component id="oc-2bf">
         <name>.text.NOROM_OSCHF_TurnOnXosc</name>
         <load_address>0x51c4</load_address>
         <run_address>0x51c4</run_address>
         <size>0x2a</size>
         <input_file_ref idref="fl-37"/>
      </object_component>
      <object_component id="oc-1a7">
         <name>.text.SemaphoreP_constructBinary</name>
         <load_address>0x51ee</load_address>
         <run_address>0x51ee</run_address>
         <size>0x2a</size>
         <input_file_ref idref="fl-5"/>
      </object_component>
      <object_component id="oc-296">
         <name>.text.ti_sysbios_knl_Clock_initI</name>
         <load_address>0x5218</load_address>
         <run_address>0x5218</run_address>
         <size>0x2a</size>
         <input_file_ref idref="fl-5"/>
      </object_component>
      <object_component id="oc-1b6">
         <name>.text.ti_sysbios_knl_Task_enter</name>
         <load_address>0x5242</load_address>
         <run_address>0x5242</run_address>
         <size>0x2a</size>
         <input_file_ref idref="fl-5"/>
      </object_component>
      <object_component id="oc-290">
         <name>.text.I2C_cancel</name>
         <load_address>0x526c</load_address>
         <run_address>0x526c</run_address>
         <size>0x28</size>
         <input_file_ref idref="fl-21"/>
      </object_component>
      <object_component id="oc-5a">
         <name>.text.ti_sysbios_family_arm_m3_Hwi_excHandlerAsm</name>
         <load_address>0x5294</load_address>
         <run_address>0x5294</run_address>
         <size>0x28</size>
         <input_file_ref idref="fl-2f"/>
      </object_component>
      <object_component id="oc-15e">
         <name>.text.ti_sysbios_gates_GateMutex_construct</name>
         <load_address>0x52bc</load_address>
         <run_address>0x52bc</run_address>
         <size>0x28</size>
         <input_file_ref idref="fl-5"/>
      </object_component>
      <object_component id="oc-24e">
         <name>.text.ti_sysbios_knl_Queue_enqueue</name>
         <load_address>0x52e4</load_address>
         <run_address>0x52e4</run_address>
         <size>0x28</size>
         <input_file_ref idref="fl-5"/>
      </object_component>
      <object_component id="oc-10d">
         <name>.text.ti_sysbios_knl_TaskSupport_swap</name>
         <load_address>0x530c</load_address>
         <run_address>0x530c</run_address>
         <size>0x28</size>
         <input_file_ref idref="fl-2e"/>
      </object_component>
      <object_component id="oc-e6">
         <name>.text.ti_sysbios_runtime_System_init</name>
         <load_address>0x5334</load_address>
         <run_address>0x5334</run_address>
         <size>0x28</size>
         <input_file_ref idref="fl-5"/>
      </object_component>
      <object_component id="oc-107">
         <name>.text.ti_sysbios_family_arm_m3_Hwi_getHandle</name>
         <load_address>0x535c</load_address>
         <run_address>0x535c</run_address>
         <size>0x26</size>
         <input_file_ref idref="fl-5"/>
      </object_component>
      <object_component id="oc-10b">
         <name>.text.ti_sysbios_knl_Task_allBlockedFunction</name>
         <load_address>0x5382</load_address>
         <run_address>0x5382</run_address>
         <size>0x26</size>
         <input_file_ref idref="fl-5"/>
      </object_component>
      <object_component id="oc-2d1">
         <name>.text.ti_sysbios_knl_Task_delete</name>
         <load_address>0x53a8</load_address>
         <run_address>0x53a8</run_address>
         <size>0x26</size>
         <input_file_ref idref="fl-5"/>
      </object_component>
      <object_component id="oc-2e3">
         <name>.text.ti_sysbios_knl_Task_destruct</name>
         <load_address>0x53ce</load_address>
         <run_address>0x53ce</run_address>
         <size>0x26</size>
         <input_file_ref idref="fl-5"/>
      </object_component>
      <object_component id="oc-224">
         <name>.text.List_put</name>
         <load_address>0x53f4</load_address>
         <run_address>0x53f4</run_address>
         <size>0x24</size>
         <input_file_ref idref="fl-29"/>
      </object_component>
      <object_component id="oc-26e">
         <name>.text.PowerCC26X2_setSubSecIncToXoscLf</name>
         <load_address>0x5418</load_address>
         <run_address>0x5418</run_address>
         <size>0x24</size>
         <input_file_ref idref="fl-28"/>
      </object_component>
      <object_component id="oc-277">
         <name>.text.PowerCC26X2_writeCtrim</name>
         <load_address>0x543c</load_address>
         <run_address>0x543c</run_address>
         <size>0x24</size>
         <input_file_ref idref="fl-27"/>
      </object_component>
      <object_component id="oc-278">
         <name>.text.PowerCC26X2_writeCtrimFract</name>
         <load_address>0x5460</load_address>
         <run_address>0x5460</run_address>
         <size>0x24</size>
         <input_file_ref idref="fl-27"/>
      </object_component>
      <object_component id="oc-27d">
         <name>.text.PowerCC26X2_writeCtrimFractEn</name>
         <load_address>0x5484</load_address>
         <run_address>0x5484</run_address>
         <size>0x24</size>
         <input_file_ref idref="fl-27"/>
      </object_component>
      <object_component id="oc-279">
         <name>.text.PowerCC26X2_writeRtrim</name>
         <load_address>0x54a8</load_address>
         <run_address>0x54a8</run_address>
         <size>0x24</size>
         <input_file_ref idref="fl-27"/>
      </object_component>
      <object_component id="oc-1a9">
         <name>.text.Power_registerNotify</name>
         <load_address>0x54cc</load_address>
         <run_address>0x54cc</run_address>
         <size>0x24</size>
         <input_file_ref idref="fl-23"/>
      </object_component>
      <object_component id="oc-f2">
         <name>.text.SSD1306_SetPosition</name>
         <load_address>0x54f0</load_address>
         <run_address>0x54f0</run_address>
         <size>0x24</size>
         <input_file_ref idref="fl-6"/>
      </object_component>
      <object_component id="oc-17f">
         <name>.text.ti_sysbios_family_arm_cc26xx_Timer_Params_init</name>
         <load_address>0x5514</load_address>
         <run_address>0x5514</run_address>
         <size>0x24</size>
         <input_file_ref idref="fl-5"/>
      </object_component>
      <object_component id="oc-97">
         <name>.text.ti_sysbios_knl_Task_Params_init</name>
         <load_address>0x5538</load_address>
         <run_address>0x5538</run_address>
         <size>0x24</size>
         <input_file_ref idref="fl-5"/>
      </object_component>
      <object_component id="oc-a5">
         <name>.text.BIOS_setThreadType</name>
         <load_address>0x555c</load_address>
         <run_address>0x555c</run_address>
         <size>0x22</size>
         <input_file_ref idref="fl-5"/>
      </object_component>
      <object_component id="oc-1db">
         <name>.text.ti_sysbios_gates_GateMutex_leave</name>
[...]
      <symbol id="sm-3e9">
         <name>I2C_cancel</name>
         <value>0x526d</value>
         <object_component_ref idref="oc-290"/>
      </symbol>
      <symbol id="sm-3ea">
         <name>I2C_init</name>
         <value>0xa37</value>
         <object_component_ref idref="oc-13b"/>
      </symbol>
      <symbol id="sm-3eb">
         <name>I2C_Params_init</name>
         <value>0x5e5b</value>
         <object_component_ref idref="oc-141"/>
      </symbol>
      <symbol id="sm-3ec">
         <name>I2C_transfer</name>
         <value>0x5b39</value>
         <object_component_ref idref="oc-1b5"/>
      </symbol>
      <symbol id="sm-3ed">
         <name>I2C_transferTimeout</name>
         <value>0x1085</value>
         <object_component_ref idref="oc-233"/>
      </symbol>
      <symbol id="sm-41c">
         <name>I2C_open</name>
         <value>0xe0d</value>
         <object_component_ref idref="oc-142"/>
      </symbol>
      <symbol id="sm-41d">
         <name>I2CSupport_primeTransfer</name>
         <value>0x3857</value>
         <object_component_ref idref="oc-230"/>
      </symbol>
      <symbol id="sm-41e">
         <name>I2CSupport_masterFinish</name>
         <value>0x5f93</value>
         <object_component_ref idref="oc-2cb"/>
      </symbol>
      <symbol id="sm-41f">
         <name>I2CSupport_powerRelConstraint</name>
         <value>0x5fdb</value>
         <object_component_ref idref="oc-28f"/>
      </symbol>
      <symbol id="sm-420">
         <name>I2CSupport_powerSetConstraint</name>
         <value>0x5fe1</value>
         <object_component_ref idref="oc-28c"/>
      </symbol>
      <symbol id="sm-466">
         <name>Power_releaseConstraint</name>
         <value>0x4e09</value>
         <object_component_ref idref="oc-22e"/>
      </symbol>
      <symbol id="sm-467">
         <name>Power_setConstraint</name>
         <value>0x4f0d</value>
         <object_component_ref idref="oc-1fd"/>
      </symbol>
      <symbol id="sm-468">
         <name>PowerCC26X2_module</name>
         <value>0x20005140</value>
         <object_component_ref idref="oc-1ff"/>
      </symbol>
      <symbol id="sm-469">
         <name>Power_getConstraintMask</name>
         <value>0x5ebd</value>
         <object_component_ref idref="oc-2b4"/>
      </symbol>
      <symbol id="sm-46a">
         <name>Power_getTransitionLatency</name>
         <value>0x581d</value>
         <object_component_ref idref="oc-2b7"/>
      </symbol>
      <symbol id="sm-46b">
         <name>Power_idleFunc</name>
         <value>0x59b1</value>
         <object_component_ref idref="oc-25e"/>
      </symbol>
      <symbol id="sm-46c">
         <name>Power_init</name>
         <value>0x12c9</value>
         <object_component_ref idref="oc-188"/>
      </symbol>
      <symbol id="sm-46d">
         <name>Power_registerNotify</name>
         <value>0x54cd</value>
         <object_component_ref idref="oc-1a9"/>
      </symbol>
      <symbol id="sm-46e">
         <name>Power_releaseDependency</name>
         <value>0x2581</value>
         <object_component_ref idref="oc-2c6"/>
      </symbol>
      <symbol id="sm-46f">
         <name>resourceDB</name>
         <value>0x6b02</value>
         <object_component_ref idref="oc-213"/>
      </symbol>
      <symbol id="sm-470">
         <name>Power_setDependency</name>
         <value>0x2635</value>
         <object_component_ref idref="oc-18e"/>
      </symbol>
      <symbol id="sm-471">
         <name>Power_sleep</name>
         <value>0xa39</value>
         <object_component_ref idref="oc-2ba"/>
      </symbol>
      <symbol id="sm-472">
         <name>PowerCC26XX_calibrate</name>
         <value>0x5999</value>
         <object_component_ref idref="oc-269"/>
      </symbol>
      <symbol id="sm-488">
         <name>PowerCC26X2_initiateCalibration</name>
         <value>0x39f9</value>
         <object_component_ref idref="oc-2be"/>
      </symbol>
      <symbol id="sm-489">
         <name>PowerCC26X2_auxISR</name>
         <value>0x715</value>
         <object_component_ref idref="oc-20a"/>
      </symbol>
      <symbol id="sm-48a">
         <name>PowerCC26X2_calibrate</name>
         <value>0x14f1</value>
         <object_component_ref idref="oc-27e"/>
      </symbol>
      <symbol id="sm-48b">
         <name>PowerCC26X2_RCOSC_clockFunc</name>
         <value>0x4965</value>
         <object_component_ref idref="oc-203"/>
      </symbol>
      <symbol id="sm-49e">
         <name>GPIO_hwiIntFxn</name>
         <value>0x4749</value>
         <object_component_ref idref="oc-198"/>
      </symbol>
      <symbol id="sm-49f">
         <name>GPIO_init</name>
         <value>0x1811</value>
         <object_component_ref idref="oc-135"/>
      </symbol>
      <symbol id="sm-4c5">
         <name>PowerCC26X2_updateSubSecInc</name>
         <value>0x35b1</value>
         <object_component_ref idref="oc-271"/>
      </symbol>
      <symbol id="sm-4c6">
         <name>PowerCC26X2_readCtrim</name>
         <value>0x5c9d</value>
         <object_component_ref idref="oc-27a"/>
      </symbol>
      <symbol id="sm-4c7">
         <name>PowerCC26X2_readCtrimFract</name>
         <value>0x5cad</value>
         <object_component_ref idref="oc-27b"/>
      </symbol>
      <symbol id="sm-4c8">
         <name>PowerCC26X2_readRtrim</name>
         <value>0x5cbd</value>
         <object_component_ref idref="oc-27c"/>
      </symbol>
      <symbol id="sm-4c9">
         <name>PowerCC26X2_writeCtrim</name>
         <value>0x543d</value>
         <object_component_ref idref="oc-277"/>
      </symbol>
      <symbol id="sm-4ca">
         <name>PowerCC26X2_writeCtrimFract</name>
         <value>0x5461</value>
         <object_component_ref idref="oc-278"/>
      </symbol>
      <symbol id="sm-4cb">
         <name>PowerCC26X2_writeCtrimFractEn</name>
         <value>0x5485</value>
         <object_component_ref idref="oc-27d"/>
      </symbol>
      <symbol id="sm-4cc">
         <name>PowerCC26X2_writeRtrim</name>
         <value>0x54a9</value>
         <object_component_ref idref="oc-279"/>
      </symbol>
      <symbol id="sm-4cd">
         <name>PowerCC26X2_setTdcClkSrc24M</name>
         <value>0x4b99</value>
         <object_component_ref idref="oc-2c4"/>
      </symbol>
      <symbol id="sm-4ce">
         <name>PowerCC26X2_setAclkRefSrc</name>
         <value>0x49a5</value>
         <object_component_ref idref="oc-2c5"/>
      </symbol>
      <symbol id="sm-501">
         <name>PowerCC26X2_oscCtlClearXtal</name>
         <value>0x5c7d</value>
         <object_component_ref idref="oc-1fa"/>
      </symbol>
      <symbol id="sm-502">
         <name>PowerCC26X2_prcmEnableCacheRetention</name>
         <value>0x5c8d</value>
         <object_component_ref idref="oc-2d6"/>
      </symbol>
      <symbol id="sm-503">
         <name>PowerCC26X2_oschfSwitchToRcosc</name>
         <value>0x5feb</value>
         <object_component_ref idref="oc-2ae"/>
      </symbol>
      <symbol id="sm-504">
         <name>PowerCC26X2_oscClockSourceGet</name>
         <value>0x5e8d</value>
         <object_component_ref idref="oc-26f"/>
      </symbol>
      <symbol id="sm-505">
         <name>PowerCC26X2_oscDisableQualifiers</name>
         <value>0x4c89</value>
         <object_component_ref idref="oc-1fe"/>
      </symbol>
      <symbol id="sm-506">
         <name>PowerCC26X2_oschfTrySwitchToXosc</name>
         <value>0x5fa3</value>
         <object_component_ref idref="oc-2c0"/>
      </symbol>
      <symbol id="sm-507">
         <name>PowerCC26X2_enableTCXOQual</name>
         <value>0x56ad</value>
         <object_component_ref idref="oc-2ac"/>
      </symbol>
      <symbol id="sm-508">
         <name>PowerCC26X2_disableTCXOQual</name>
         <value>0x568d</value>
         <object_component_ref idref="oc-2b0"/>
      </symbol>
      <symbol id="sm-509">
         <name>PowerCC26X2_turnOnXosc</name>
         <value>0x5ff3</value>
         <object_component_ref idref="oc-2b1"/>
      </symbol>
      <symbol id="sm-50a">
         <name>PowerCC26X2_switchToTCXO</name>
         <value>0x5ccd</value>
         <object_component_ref idref="oc-26a"/>
      </symbol>
      <symbol id="sm-50b">
         <name>PowerCC26X2_sysCtrlStandby</name>
         <value>0x5f33</value>
         <object_component_ref idref="oc-2d5"/>
      </symbol>
      <symbol id="sm-50c">
         <name>PowerCC26X2_sysCtrlVoltageConditionalControl</name>
         <value>0x5eb1</value>
         <object_component_ref idref="oc-2b3"/>
      </symbol>
      <symbol id="sm-50d">
         <name>PowerCC26X2_sysCtrlIdle</name>
         <value>0x5fef</value>
         <object_component_ref idref="oc-2bb"/>
      </symbol>
      <symbol id="sm-50e">
         <name>PowerCC26X2_setPeriphDeepSleepEnable</name>
         <value>0x5e99</value>
         <object_component_ref idref="oc-2d7"/>
      </symbol>
      <symbol id="sm-50f">
         <name>PowerCC26X2_sysCtrlGetResetSource</name>
         <value>0x5ea5</value>
         <object_component_ref idref="oc-1f3"/>
      </symbol>
      <symbol id="sm-510">
         <name>PowerCC26X2_setSubSecIncToXoscLf</name>
         <value>0x5419</value>
         <object_component_ref idref="oc-26e"/>
      </symbol>
      <symbol id="sm-51a">
         <name>List_put</name>
         <value>0x53f5</value>
         <object_component_ref idref="oc-224"/>
      </symbol>
      <symbol id="sm-527">
         <name>ti_sysbios_knl_TaskSupport_swap</name>
         <value>0x530d</value>
         <object_component_ref idref="oc-10d"/>
      </symbol>
      <symbol id="sm-528">
         <name>ti_sysbios_knl_TaskSupport_glue</name>
         <value>0x59f9</value>
         <object_component_ref idref="oc-291"/>
      </symbol>
      <symbol id="sm-529">
         <name>ti_sysbios_knl_TaskSupport_swapReturn</name>
         <value>0x5318</value>
         <object_component_ref idref="oc-10d"/>
      </symbol>
      <symbol id="sm-53e">
         <name>ti_sysbios_family_arm_m3_Hwi_dispatch</name>
         <value>0x11ad</value>
         <object_component_ref idref="oc-5f"/>
      </symbol>
      <symbol id="sm-53f">
         <name>ti_sysbios_family_arm_m3_Hwi_pendSV</name>
         <value>0x1289</value>
         <object_component_ref idref="oc-5f"/>
      </symbol>
      <symbol id="sm-540">
         <name>ti_sysbios_family_arm_m3_Hwi_excHandlerAsm</name>
         <value>0x5295</value>
         <object_component_ref idref="oc-5a"/>
      </symbol>
      <symbol id="sm-541">
         <name>ti_sysbios_family_arm_m3_Hwi_return</name>
         <value>0x12ac</value>
         <object_component_ref idref="oc-5f"/>
      </symbol>
      <symbol id="sm-542">
         <name>ti_sysbios_family_arm_m3_Hwi_interruptsAreDisabledButShouldNotBe</name>
         <value>0x1284</value>
         <object_component_ref idref="oc-5f"/>
      </symbol>
      <symbol id="sm-54f">
         <name>ti_sysbios_family_arm_m3_Hwi_switchAndRunFunc</name>
         <value>0x578b</value>
         <object_component_ref idref="oc-293"/>
      </symbol>
      <symbol id="sm-550">
         <name>ti_sysbios_family_arm_m3_Hwi_initStacks</name>
         <value>0x3e5d</value>
         <object_component_ref idref="oc-23e"/>
      </symbol>
      <symbol id="sm-555">
         <name>_c_int00</name>
         <value>0x4ed9</value>
         <object_component_ref idref="oc-35"/>
      </symbol>
      <symbol id="sm-556">
         <name>__stack</name>
         <value>0x20013a00</value>
         <object_component_ref idref="oc-3b"/>
      </symbol>
      <symbol id="sm-562">
         <name>NOROM_ChipInfo_GetHwRevision</name>
         <value>0x4265</value>
         <object_component_ref idref="oc-112"/>
      </symbol>
      <symbol id="sm-563">
         <name>NOROM_ThisLibraryIsFor_CC13x2_CC26x2_HwRev20AndLater_HaltIfViolated</name>
         <value>0x505d</value>
         <object_component_ref idref="oc-d9"/>
      </symbol>
      <symbol id="sm-570">
         <name>NOROM_SetupTrimDevice</name>
         <value>0x1ce1</value>
         <object_component_ref idref="oc-b0"/>
      </symbol>
      <symbol id="sm-57c">
         <name>NOROM_AUXSYSIFOpModeChange</name>
         <value>0x44d1</value>
         <object_component_ref idref="oc-11b"/>
      </symbol>
      <symbol id="sm-58a">
         <name>NOROM_SysCtrlIdle</name>
         <value>0x4b5b</value>
         <object_component_ref idref="oc-2d8"/>
      </symbol>
      <symbol id="sm-58b">
         <name>NOROM_SysCtrlStandby</name>
         <value>0x1a15</value>
         <object_component_ref idref="oc-2e7"/>
      </symbol>
      <symbol id="sm-58c">
         <name>NOROM_SysCtrlSetRechargeBeforePowerDown</name>
         <value>0x2f7b</value>
         <object_component_ref idref="oc-2ee"/>
      </symbol>
      <symbol id="sm-59a">
         <name>NOROM_CPUcpsid</name>
         <value>0x5e67</value>
         <object_component_ref idref="oc-2b2"/>
      </symbol>
      <symbol id="sm-59b">
         <name>NOROM_CPUcpsie</name>
         <value>0x5e73</value>
         <object_component_ref idref="oc-2bd"/>
      </symbol>
      <symbol id="sm-59c">
         <name>NOROM_CPUdelay</name>
         <value>0x5f9b</value>
         <object_component_ref idref="oc-286"/>
      </symbol>
      <symbol id="sm-5b6">
         <name>NOROM_OSCHF_TurnOnXosc</name>
         <value>0x51c5</value>
         <object_component_ref idref="oc-2bf"/>
      </symbol>
      <symbol id="sm-5b7">
         <name>NOROM_OSCHF_AttemptToSwitchToXosc</name>
         <value>0x24cb</value>
         <object_component_ref idref="oc-2df"/>
      </symbol>
      <symbol id="sm-5b8">
         <name>NOROM_OSCHF_SwitchToRcOscTurnOffXosc</name>
         <value>0x32e1</value>
         <object_component_ref idref="oc-2d2"/>
      </symbol>
      <symbol id="sm-5b9">
         <name>NOROM_OSC_CapArrayAdjustWorkaround_Boot</name>
         <value>0x3359</value>
         <object_component_ref idref="oc-115"/>
      </symbol>
      <symbol id="sm-5ba">
         <name>_hposcCoeffs</name>
         <value>0x20005464</value>
         <object_component_ref idref="oc-2e0"/>
      </symbol>
      <symbol id="sm-5bb">
         <name>NOROM_OSC_HPOSCRelativeFrequencyOffsetGet</name>
         <value>0x4355</value>
         <object_component_ref idref="oc-2c1"/>
      </symbol>
      <symbol id="sm-5c7">
         <name>NOROM_PRCMPowerDomainsAllOff</name>
         <value>0x478d</value>
         <object_component_ref idref="oc-2e1"/>
      </symbol>
      <symbol id="sm-5c8">
         <name>NOROM_PRCMPowerDomainsAllOn</name>
         <value>0x47d1</value>
         <object_component_ref idref="oc-20d"/>
      </symbol>
      <symbol id="sm-5d9">
         <name>_nop</name>
         <value>0x14ef</value>
         <object_component_ref idref="oc-1bb"/>
      </symbol>
      <symbol id="sm-5da">
         <name>_register_lock</name>
         <value>0x5ec9</value>
         <object_component_ref idref="oc-1c0"/>
      </symbol>
      <symbol id="sm-5db">
         <name>_lock</name>
         <value>0x200054c0</value>
         <object_component_ref idref="oc-1d0"/>
      </symbol>
      <symbol id="sm-5dc">
         <name>_register_unlock</name>
         <value>0x5ed5</value>
         <object_component_ref idref="oc-1c1"/>
      </symbol>
      <symbol id="sm-5dd">
         <name>_unlock</name>
         <value>0x200054c4</value>
         <object_component_ref idref="oc-1d3"/>
      </symbol>
      <symbol id="sm-5e7">
         <name>_args_main</name>
         <value>0x5ac1</value>
         <object_component_ref idref="oc-55"/>
      </symbol>
      <symbol id="sm-5f7">
         <name>__TI_auto_init_nobinit_nopinit</name>
         <value>0x4cf9</value>
         <object_component_ref idref="oc-69"/>
      </symbol>
      <symbol id="sm-602">
         <name>__TI_zero_init</name>
         <value>0x5d8d</value>
         <object_component_ref idref="oc-52"/>
      </symbol>
      <symbol id="sm-60b">
         <name>__TI_decompress_none</name>
         <value>0x5e29</value>
         <object_component_ref idref="oc-30"/>
      </symbol>
      <symbol id="sm-615">
         <name>__TI_decompress_lzss</name>
         <value>0x38c1</value>
         <object_component_ref idref="oc-2c"/>
      </symbol>
      <symbol id="sm-62f">
         <name>HOSTwrite</name>
         <value>0x41bd</value>
         <object_component_ref idref="oc-165"/>
      </symbol>
      <symbol id="sm-63e">
         <name>C$$IO$$</name>
         <value>0x4e67</value>
         <object_component_ref idref="oc-1c9"/>
      </symbol>
      <symbol id="sm-63f">
         <name>__TI_writemsg</name>
         <value>0x4e3d</value>
         <object_component_ref idref="oc-1c9"/>
      </symbol>
      <symbol id="sm-640">
         <name>__CIOBUF_</name>
         <value>0x20004c20</value>
         <object_component_ref idref="oc-243"/>
      </symbol>
      <symbol id="sm-641">
         <name>__TI_readmsg</name>
         <value>0x4f3d</value>
         <object_component_ref idref="oc-1cf"/>
      </symbol>
      <symbol id="sm-642">
         <name>_CIOBUF_</name>
         <value>0x20004c20</value>
         <object_component_ref idref="oc-243"/>
      </symbol>
      <symbol id="sm-64f">
         <name>parmbuf</name>
         <value>0x20005114</value>
      </symbol>
      <symbol id="sm-658">
         <name>__aeabi_memcpy</name>
         <value>0x600d</value>
         <object_component_ref idref="oc-45"/>
      </symbol>
      <symbol id="sm-659">
         <name>__aeabi_memcpy4</name>
         <value>0x600d</value>
         <object_component_ref idref="oc-45"/>
      </symbol>
      <symbol id="sm-65a">
         <name>__aeabi_memcpy8</name>
         <value>0x600d</value>
         <object_component_ref idref="oc-45"/>
      </symbol>
      <symbol id="sm-660">
         <name>__aeabi_memset</name>
         <value>0x5b11</value>
         <object_component_ref idref="oc-64"/>
      </symbol>
      <symbol id="sm-661">
         <name>__aeabi_memset4</name>
         <value>0x5b11</value>
         <object_component_ref idref="oc-64"/>
      </symbol>
      <symbol id="sm-662">
         <name>__aeabi_memset8</name>
         <value>0x5b11</value>
         <object_component_ref idref="oc-64"/>
      </symbol>
      <symbol id="sm-663">
         <name>__aeabi_memclr</name>
         <value>0x5b1d</value>
         <object_component_ref idref="oc-64"/>
      </symbol>
      <symbol id="sm-664">
         <name>__aeabi_memclr4</name>
         <value>0x5b1d</value>
         <object_component_ref idref="oc-64"/>
      </symbol>
      <symbol id="sm-665">
         <name>__aeabi_memclr8</name>
         <value>0x5b1d</value>
         <object_component_ref idref="oc-64"/>
      </symbol>
      <symbol id="sm-66b">
         <name>__aeabi_uldivmod</name>
         <value>0x5b25</value>
         <object_component_ref idref="oc-1e8"/>
      </symbol>
      <symbol id="sm-671">
         <name>__udivmoddi4</name>
         <value>0x26e5</value>
         <object_component_ref idref="oc-24f"/>
      </symbol>
      <symbol id="sm-67d">
         <name>__aeabi_ldiv0</name>
         <value>0x11ab</value>
         <object_component_ref idref="oc-29a"/>
      </symbol>
      <symbol id="sm-686">
         <name>TI_memcpy_small</name>
         <value>0x5bdb</value>
         <object_component_ref idref="oc-86"/>
      </symbol>
      <symbol id="sm-68e">
         <name>TI_memset_small</name>
         <value>0x5e1b</value>
         <object_component_ref idref="oc-aa"/>
      </symbol>
      <symbol id="sm-68f">
         <name>__TI_static_base__</name>
         <value>0x0</value>
      </symbol>
      <symbol id="sm-692">
         <name>ITM_flush</name>
         <value>0x0</value>
      </symbol>
      <symbol id="sm-693">
         <name>ITM_restore</name>
         <value>0x0</value>
      </symbol>
      <symbol id="sm-694">
         <name>__mpu_init</name>
         <value>0x0</value>
      </symbol>
   </symbol_table>
   <title>Link successful</title>
</link_info>
