******************************************************************************
            TI ARM Clang Linker PC v2.1.2                      
******************************************************************************
>> Linked Mon Feb 19 21:23:22 2024

OUTPUT FILE NAME:   <multiSniff_LP_CC2652RB_tirtos7_ticlang2.out>
ENTRY POINT SYMBOL: "ResetISR"  address: 0000eef9


MEMORY CONFIGURATION

         name            origin    length      used     unused   attr    fill
----------------------  --------  ---------  --------  --------  ----  --------
  FLASH                 00000000   00050000  00010a99  0003f567  R  X
  STV_R                 00050000   00000020  00000000  00000020  R   
  HTML                  00051000   00003000  00000000  00003000  R   
  GPRAM                 11000000   00002000  00000000  00002000  RW X
  SRAM                  20000000   00012000  00008037  00009fc9  RW X
  MTU_BUFFER            20012000   00001500  00000000  00001500  RW  
  STV_W                 20013500   00000020  00000000  00000020   W  
  LOG_DATA              90000000   00040000  00000000  00040000  R   


SEGMENT ALLOCATION MAP

run origin  load origin   length   init length attrs members
----------  ----------- ---------- ----------- ----- -------
00000000    00000000    00010809   00010809    r-x
  00000000    00000000    0000003c   0000003c    r-- .resetVecs
  00000040    00000040    0000ef44   0000ef44    r-x .text
  0000ef88    0000ef88    00001881   00001881    r-- .rodata
0001080c    0001080c    00000008   00000008    rw-
  0001080c    0001080c    00000008   00000008    rw- .args
00010814    00010814    00000238   00000238    r--
  00010814    00010814    00000238   00000238    r-- .cinit
0004ffa8    0004ffa8    00000058   00000058    r--
  0004ffa8    0004ffa8    00000058   00000058    r-- .ccfg
200000d8    200000d8    000006a3   00000000    rw-
  200000d8    200000d8    000006a3   00000000    rw- .data
20001830    20001830    00000010   00000000    rw-
  20001830    20001830    00000010   00000000    rw- .TI.bound:dmaSpi0RxControlTableEntry
20001840    20001840    00000010   00000000    rw-
  20001840    20001840    00000010   00000000    rw- .TI.bound:dmaSpi0TxControlTableEntry
20001a30    20001a30    00000010   00000000    rw-
  20001a30    20001a30    00000010   00000000    rw- .TI.bound:dmaSpi0RxAltControlTableEntry
20001a40    20001a40    00000010   00000000    rw-
  20001a40    20001a40    00000010   00000000    rw- .TI.bound:dmaSpi0TxAltControlTableEntry
20001a50    20001a50    00004000   00000000    r--
  20001a50    20001a50    00004000   00000000    r-- .priheap
20005a50    20005a50    0000327c   00000000    rw-
  20005a50    20005a50    0000327c   00000000    rw- .bss
20011a00    20011a00    00000600   00000000    rw-
  20011a00    20011a00    00000600   00000000    rw- .stack


SECTION ALLOCATION MAP

 output                                  attributes/
section   page    origin      length       input sections
--------  ----  ----------  ----------   ----------------
.binit     0    00000000    00000000     

.cinit     0    00010814    00000238     
                  00010814    000001d4     (.cinit..data.load) [load image, compression = lzss]
                  000109e8    0000000c     (__TI_handler_table)
                  000109f4    00000008     (.cinit..TI.bound:dmaSpi0RxAltControlTableEntry.load) [load image, compression = zero_init]
                  000109fc    00000008     (.cinit..TI.bound:dmaSpi0RxControlTableEntry.load) [load image, compression = zero_init]
                  00010a04    00000008     (.cinit..TI.bound:dmaSpi0TxAltControlTableEntry.load) [load image, compression = zero_init]
                  00010a0c    00000008     (.cinit..TI.bound:dmaSpi0TxControlTableEntry.load) [load image, compression = zero_init]
                  00010a14    00000008     (.cinit..bss.load) [load image, compression = zero_init]
                  00010a1c    00000030     (__TI_cinit_table)

.init_array 
*          0    00000000    00000000     UNINITIALIZED

.ccfg      0    0004ffa8    00000058     
                  0004ffa8    00000058     ti_devices_config.o (.ccfg)

.data      0    200000d8    000006a3     UNINITIALIZED
                  200000d8    00000174     drivers_cc26x2.a : PowerCC26X2.c.obj (.data.PowerCC26X2_module)
                  2000024c    0000007c     ti_drivers_config.o (.data.gpioPinConfigs)
                  200002c8    00000068     rf_multiMode_cc26x2.a : RFCC26X2_multiMode.c.cc26x2.ticlang.o (.data..L_MergedGlobals.1)
                  20000330    00000068     ti_sysbios_config.o (.data.ti_sysbios_knl_Clock_Module_state)
                  20000398    00000064     rf_multiMode_cc26x2.a : RFCC26X2_multiMode.c.cc26x2.ticlang.o (.data..L_MergedGlobals.3)
                  200003fc    00000058                           : RFCC26X2_multiMode.c.cc26x2.ticlang.o (.data..L_MergedGlobals.2)
                  20000454    00000054     ti_radio_config.o (.data.ble_pOverridesCommon)
                  200004a8    00000040     ti_radio_config.o (.data.RFCMD_ieeeRX)
                  200004e8    0000003c     ti_sysbios_config.o (.data.ti_sysbios_family_arm_m3_Hwi_Module_state)
                  20000524    0000003c     ti_sysbios_config.o (.data.ti_sysbios_knl_Task_Module_state)
                  20000560    0000002c     ti_sysbios_config.o (.data.BIOS_Module_state)
                  2000058c    00000028     ti_sysbios_config.o (.data.ti_sysbios_knl_Swi_Module_state)
                  200005b4    00000024     ti_radio_config.o (.data.RFCMD_bleRadioSetup)
                  200005d8    00000020     ti_radio_config.o (.data.RFCMD_bleGenericRX)
                  200005f8    0000001c     ti_radio_config.o (.data.ble_pOverrides2Mbps)
                  20000614    00000018     ti_radio_config.o (.data.RFCMD_bleFrequencySynthesizer)
                  2000062c    00000018     ti_radio_config.o (.data.RFCMD_ieeeFrequencySynthesizer)
                  20000644    00000018     ti_radio_config.o (.data.RFCMD_ieeeRadioSetup)
                  2000065c    00000018     ti_radio_config.o (.data.ble_pOverrides1Mbps)
                  20000674    00000014     ti_radio_config.o (.data.RFCMD_bleGenericRXPar)
                  20000688    00000014     ti_radio_config.o (.data.ble_pOverridesCoded)
                  2000069c    00000010     Ethernet.o (.data.Ethernet_server_port)
                  200006ac    00000010     ti_radio_config.o (.data.RFCMD_bleModeObject)
                  200006bc    00000010     ti_radio_config.o (.data.RFCMD_ieeeModeObject)
                  200006cc    00000010     driverlib.lib : osc.o (.data._hposcCoeffs)
                  200006dc    00000010     ti_radio_config.o (.data.ieee_pOverrides)
                  200006ec    00000010     ti_sysbios_config.o (.data.ti_sysbios_runtime_SysMin_Module_state)
                  200006fc    0000000c     ti_sysbios_config.o (.data.ti_sysbios_family_arm_cc26xx_Timer_Module_state)
                  20000708    0000000c     ti_sysbios_config.o (.data.ti_sysbios_runtime_Error_ignore)
                  20000714    0000000c     ti_sysbios_config.o (.data.ti_sysbios_runtime_System_Module_state)
                  20000720    00000008     rf_multiMode_cc26x2.a : RFCC26X2_multiMode.c.cc26x2.ticlang.o (.data..L_MergedGlobals)
                  20000728    00000008                           : RFCC26X2_multiMode.c.cc26x2.ticlang.o (.data.RFCC26XX_schedulerPolicy)
                  20000730    00000008     ti_sysbios_config.o (.data.prefixStrings)
                  20000738    00000008     ti_sysbios_config.o (.data.ti_sysbios_gates_GateMutex_Module_state)
                  20000740    00000008     ti_sysbios_config.o (.data.ti_sysbios_heaps_HeapMem_Module_state)
                  20000748    00000008     ti_sysbios_config.o (.data.ti_sysbios_knl_Semaphore_Module_state)
                  20000750    00000004     drivers_cc26x2.a : TemperatureCC26X2.c.obj (.data..L_MergedGlobals)
                  20000754    00000004     EthernetClient.o (.data.EthernetClientPrintMethods)
                  20000758    00000004     EthernetUdp.o (.data.EthernetUDPPrintMethods)
                  2000075c    00000004     rf_multiMode_cc26x2.a : RFCC26X2_multiMode.c.cc26x2.ticlang.o (.data.RF_fsmActiveState.lfClockSourceLast)
                  20000760    00000004     libc.a : aeabi_portable.c.obj (.data.__aeabi_errno)
                  20000764    00000004            : _lock.c.obj (.data._lock)
                  20000768    00000004            : _lock.c.obj (.data._unlock)
                  2000076c    00000004     ti_sysbios_config.o (.data.terminatedList)
                  20000770    00000004     ti_sysbios_config.o (.data.ti_sysbios_runtime_Memory_defaultHeapInstance)
                  20000774    00000001     rf_multiMode_cc26x2.a : rf_patch_cpe_bt5.c.cc26x2.ticlang.o (.data.bBt5PatchEntered)
                  20000775    00000001                           : rf_patch_cpe_ieee_802_15_4.c.cc26x2.ticlang.o (.data.bIeee802154PatchEntered)
                  20000776    00000001     drivers_cc26x2.a : GPIOCC26X2.c.obj (.data.initCalled)
                  20000777    00000001                      : SPI.c.obj (.data.isInitialized)
                  20000778    00000001                      : TemperatureCC26X2.c.obj (.data.isInitialized)
                  20000779    00000001     ti_sysbios_config.o (.data.ti_sysbios_knl_Idle_initDone)
                  2000077a    00000001     ti_sysbios_config.o (.data.ti_sysbios_runtime_Startup_done)

.bss       0    20005a50    0000327c     UNINITIALIZED
                  20005a50    0000183c     radio_queue.o (.bss.RadioQueue_RXbuffer)
                  2000728c    00000401     ssd1306.o (.bss.SSD1306_LcdBufferInclStreamByte)
                  2000768d    00000002     ssd1306.o (.bss.SSD1306_SendCommand.buffer)
                  2000768f    00000001     dashboard_task.o (.bss.Dashboard_Main.readDestination)
                  20007690    00000400     (.common:ti_sysbios_knl_Idle_taskStack)
                  20007a90    00000400     (.common:ti_sysbios_runtime_SysMin_outbuf)
                  20007e90    000002c0     rf_multiMode_cc26x2.a : RFCC26X2_multiMode.c.cc26x2.ticlang.o (.bss.RF_cmdPool)
                  20008150    000001ba     html.o (.bss.valueBuffer)
                  2000830a    00000002     socket.o (.bss.local_port)
                  2000830c    00000140     (.common:i2cCC26xxObjects)
                  2000844c    00000120     libsysbm.a : trgmsg.c.obj (.bss:_CIOBUF_)
                  2000856c    00000100     (.common:spiCC26X2DMAObjects)
                  2000866c    000000d8     (.common:ti_sysbios_family_arm_m3_Hwi_dispatchTable)
                  20008744    0000007c     (.common:gpioCallbackFunctions)
                  200087c0    0000007c     (.common:gpioUserArgs)
                  2000883c    00000004     radio_queue.o (.bss.RadioQueue_ReadEntry)
                  20008840    00000068     rf_multiMode_cc26x2.a : RFCC26X2_multiMode.c.cc26x2.ticlang.o (.bss.RF_ratModule)
                  200088a8    00000060     (.common:ti_sysbios_knl_ClockSupport_timerStruct)
                  20008908    00000058     (.common:ti_sysbios_knl_Idle_taskStruct)
                  20008960    00000044                           : RFCC26X2_multiMode.c.cc26x2.ticlang.o (.bss.RF_clkInactivityObj)
                  200089a4    00000044                           : RFCC26X2_multiMode.c.cc26x2.ticlang.o (.bss.RF_clkPowerUpObj)
                  200089e8    0000003c                           : RFCC26X2_multiMode.c.cc26x2.ticlang.o (.bss.RF_swiHwObj)
                  20008a24    00000030     (.common:ti_sysbios_knl_Swi_readyQs)
                  20008a54    00000030     (.common:ti_sysbios_knl_Task_readyQs)
                  20008a84    0000002c     (.common:BIOS_heapMemObject)
                  20008ab0    00000028     (.common:BIOS_rtsGate)
                  20008ad8    00000028     (.common:ti_sysbios_heaps_HeapMem_gate)
                  20008b00    00000024     (.common:dashboardTaskParams)
                  20008b24    00000024     (.common:initTaskParams)
                  20008b48    00000024     (.common:sniffingTaskParams)
                  20008b6c    00000020     (.common:Ethernet)
                  20008b8c    00000020     (.common:ti_sysbios_runtime_System_atexitHandlers)
                  20008bac    00000020     (.common:udmaCC26XXObject)
                  20008bcc    0000001c     drivers_cc26x2.a : TemperatureCC26X2.c.obj (.bss.batmonHwi)
                  20008be8    0000001c                      : GPIOCC26X2.c.obj (.bss.gpioHwi)
                  20008c04    00000014     (.common:ti_sysbios_hal_Seconds_Module_state)
                  20008c18    00000010     ssd1306.o (.bss._i2cParams)
                  20008c28    00000010     (.common:ethernetUdp)
                  20008c38    00000010     (.common:ieeeStats)
                  20008c48    0000000c     (.common:Dashboard_SemaphoreParams)
                  20008c54    0000000c     (.common:Init_SemaphoreParams)
                  20008c60    0000000c     (.common:bleStats)
                  20008c6c    00000008     radio_queue.o (.bss.RadioQueue_object)
                  20008c74    00000008     drivers_cc26x2.a : TemperatureCC26X2.c.obj (.bss.notificationList)
                  20008c7c    00000008     (.common:parmbuf)
                  20008c84    00000004     dashboard_task.o (.bss.StrTok.p)
                  20008c88    00000004     ssd1306.o (.bss._i2c)
                  20008c8c    00000004     driverlib.lib : osc.o (.bss.oscHfGlobals.0)
                  20008c90    00000004                   : osc.o (.bss.oscHfGlobals.2)
                  20008c94    00000004                   : osc.o (.bss.oscHfGlobals.3)
                  20008c98    00000004                   : osc.o (.bss.oscHfGlobals.4)
                  20008c9c    00000004     (.common:Dashboard_SemaphoreHandle)
                  20008ca0    00000004     (.common:Init_SemaphoreHandle)
                  20008ca4    00000004     (.common:PowerCC26XX_swiKey)
                  20008ca8    00000004     (.common:PowerCC26XX_taskKey)
                  20008cac    00000004     (.common:dashboardTaskHandle)
                  20008cb0    00000004     (.common:initTaskHandle)
                  20008cb4    00000004     (.common:rfHnd)
                  20008cb8    00000004     (.common:sniffingTaskHandle)
                  20008cbc    00000004     (.common:spi)
                  20008cc0    00000004     (.common:ti_sysbios_family_arm_cc26xx_TimestampProvider_Module_state)
                  20008cc4    00000004     (.common:ti_sysbios_knl_Task_defaultStackHeap)
                  20008cc8    00000002     (.common:_counter)
                  20008cca    00000002     (.common:ethernetServer)

.stack     0    20011a00    00000600     UNINITIALIZED
                  20011a00    00000004     sysbios.a : boot_cortex_m.obj (.stack)
                  20011a04    000005fc     --HOLE--

.priheap   0    20001a50    00004000     UNINITIALIZED
                  20001a50    00004000     --HOLE--

.log_data 
*          0    90000000    00000000     COPY SECTION

.resetVecs 
*          0    00000000    0000003c     
                  00000000    0000003c     ti_sysbios_config.o (.resetVecs)

.vecs      0    20000000    000000d8     NOLOAD SECTION
                  20000000    000000d8     ti_sysbios_config.o (.vecs)

.text      0    00000040    0000ef44     
                  00000040    000005f0     ti_sysbios_config.o (.text.ti_sysbios_runtime_System_doPrint)
                  00000630    000005ea     driverlib.lib : osc.o (.text.findHposcCoefficients)
                  00000c1a    00000002     ti_sysbios_config.o (.text.BIOS_nullFunc)
                  00000c1c    00000498     rf_multiMode_cc26x2.a : RFCC26X2_multiMode.c.cc26x2.ticlang.o (.text.RF_fsmActiveState)
                  000010b4    00000372     Dhcp.o (.text.DHCP_parseDHCPResponse)
                  00001426    00000002     ti_drivers_config.o (.text.Board_initHook)
                  00001428    000002de     log.o (.text.Log_print)
                  00001706    00000002     drivers_cc26x2.a : I2C.c.obj (.text.I2C_init)
                  00001708    000002c8                      : SPICC26X2DMA.c.obj (.text.SPICC26X2DMA_transfer)
                  000019d0    0000029c     rf_multiMode_cc26x2.a : RFCC26X2_multiMode.c.cc26x2.ticlang.o (.text.RF_open)
                  00001c6c    00000268     libc.a : _printfi.c.obj (.text:__TI_printfi_minimal)
                  00001ed4    0000025c     Dhcp.o (.text.DHCP_send_DHCP_MESSAGE)
                  00002130    0000023a     Dhcp.o (.text.DHCP_request_DHCP_lease)
                  0000236a    00000006     drivers_cc26x2.a : I2CCC26XX.c.obj (.text.I2CSupport_powerRelConstraint)
                  00002370    00000200     ti_sysbios_config.o (.text.ti_sysbios_runtime_System_printfExtend)
                  00002570    000001fa     ti_sysbios_config.o (.text.ti_sysbios_family_arm_m3_Hwi_excFillContext)
                  0000276a    00000002     rf_multiMode_cc26x2.a : rfc.c.cc26x2.ticlang.o (.text.NOROM_RFCCpePatchReset)
                  0000276c    000001dc                           : RFCC26X2_multiMode.c.cc26x2.ticlang.o (.text.RF_dispatchNextCmd)
                  00002948    000001b6     libclang_rt.builtins.a : adddf3.S.obj (.text)
                  00002afe    000001ae     drivers_cc26x2.a : SPICC26X2DMA.c.obj (.text.SPICC26X2DMA_hwiFxn)
                  00002cac    000001aa     ti_sysbios_config.o (.text.ti_sysbios_knl_TaskSupport_buildTaskStack)
                  00002e56    000001a4     init_task.o (.text.Init_Main)
                  00002ffa    000001a0     dashboard_task.o (.text.UpdateDashboardInfo)
                  0000319a    0000019a     ssd1306.o (.text.SSD1306_DrawLine)
                  00003334    00000198     ti_sysbios_config.o (.text.ti_sysbios_family_arm_cc26xx_Timer_construct)
                  000034cc    00000194     drivers_cc26x2.a : PowerCC26X2_calibrateRCOSC.c.obj (.text.PowerCC26X2_auxISR)
                  00003660    0000018e     ti_sysbios_config.o (.text.ti_sysbios_knl_Task_Instance_init)
                  000037ee    00000002     rf_multiMode_cc26x2.a : RFCC26X2_multiMode.c.cc26x2.ticlang.o (.text.RF_defaultCallback)
                  000037f0    00000188     drivers_cc26x2.a : SPICC26X2DMA.c.obj (.text.SPICC26X2DMA_open)
                  00003978    00000160                      : SPICC26X2DMA.c.obj (.text.configNextTransfer)
                  00003ad8    00000158                      : PowerCC26X2.c.obj (.text.Power_sleep)
                  00003c30    00000148     rf_multiMode_cc26x2.a : RFCC26X2_multiMode.c.cc26x2.ticlang.o (.text.RF_radioOpDoneCb)
                  00003d78    0000013e     ti_sysbios_config.o (.text.PowerCC26XX_standbyPolicy)
                  00003eb6    0000013e     ti_sysbios_config.o (.text.ti_sysbios_heaps_HeapMem_allocUnprotected)
                  00003ff4    0000013c     drivers_cc26x2.a : I2CCC26XX.c.obj (.text.I2C_open)
                  00004130    0000013c     ti_sysbios_config.o (.text.ti_sysbios_knl_Clock_workFuncDynamic)
                  0000426c    00000136     IPAddress.o (.text.IPAddress_toString)
                  000043a2    00000002     libclang_rt.builtins.a : aeabi_div0.c.obj (.text.__aeabi_ldiv0)
                  000043a4    00000136                            : divdf3.S.obj (.text)
                  000044da    00000002     libc.a : _lock.c.obj (.text._nop)
                  000044dc    00000134     driverlib.lib : osc.o (.text.findHposcPc)
                  00004610    00000130     Dhcp.o (.text.DHCP_checkLease)
                  00004740    0000012c     rf_multiMode_cc26x2.a : RFCC26X2_multiMode.c.cc26x2.ticlang.o (.text.RF_close)
                  0000486c    0000012c                           : RFCC26X2_multiMode.c.cc26x2.ticlang.o (.text.RF_fsmSetupState)
                  00004998    00000126     drivers_cc26x2.a : I2C.c.obj (.text.I2C_transferTimeout)
                  00004abe    00000002                      : PowerCC26X2.c.obj (.text.emptyClockFunc)
                  00004ac0    00000124     rf_multiMode_cc26x2.a : RFCC26X2_multiMode.c.cc26x2.ticlang.o (.text.RF_abortCmd)
                  00004be4    00000122     drivers_cc26x2.a : SPICC26X2DMA.c.obj (.text.SPICC26X2DMA_transferCancel)
                  00004d06    00000002     ti_sysbios_config.o (.text.ti_sysbios_family_arm_cc26xx_Timer_startup)
                  00004d08    00000122     dashboard_task.o (.text.SetStatusProperty)
                  00004e2a    00000002     ti_sysbios_config.o (.text.ti_sysbios_knl_TaskSupport_init)
                  00004e2c    0000011c     sysbios.a : Hwi_asm_gnu.obj (.text.ti_sysbios_family_arm_m3_Hwi_dispatch)
                  00004f48    00000118     drivers_cc26x2.a : PowerCC26X2.c.obj (.text.Power_init)
                  00005060    00000118     rf_multiMode_cc26x2.a : RFCC26X2_multiMode.c.cc26x2.ticlang.o (.text.RF_decodeOverridePointers)
                  00005178    0000010e     ti_sysbios_config.o (.text.ti_sysbios_knl_Semaphore_pend)
                  00005286    00000002     --HOLE-- [fill = 0]
                  00005288    0000010c     drivers_cc26x2.a : PowerCC26X2_calibrateRCOSC.c.obj (.text.PowerCC26X2_calibrate)
                  00005394    0000010a     ssd1306.o (.text.SSD1306_DrawChar)
                  0000549e    0000010a     ti_sysbios_config.o (.text.ti_sysbios_knl_Task_Instance_finalize)
                  000055a8    00000108     rf_multiMode_cc26x2.a : RFCC26X2_multiMode.c.cc26x2.ticlang.o (.text.RF_fsmPowerUpState)
                  000056b0    00000104     drivers_cc26x2.a : GPIOCC26X2.c.obj (.text.GPIO_init)
                  000057b4    00000102     dashboard_task.o (.text.Dashboard_Main)
                  000058b6    000000fe     ti_sysbios_config.o (.text.ti_sysbios_family_arm_m3_Hwi_Instance_init)
                  000059b4    000000fc     rf_multiMode_cc26x2.a : RFCC26X2_multiMode.c.cc26x2.ticlang.o (.text.RF_hwiCpe0Active)
                  00005ab0    000000fc     libclang_rt.builtins.a : muldf3.S.obj (.text)
                  00005bac    000000f4     driverlib.lib : sys_ctrl.o (.text.NOROM_SysCtrlStandby)
                  00005ca0    000000f4     dashboard_task.o (.text.StrTok)
                  00005d94    000000f2     radio_queue.o (.text.RadioQueue_create)
                  00005e86    000000ee     ti_sysbios_config.o (.text.ti_sysbios_knl_Clock_startI)
                  00005f74    000000e8     drivers_cc26x2.a : I2CCC26XX.c.obj (.text.I2CCC26XX_hwiFxn)
                  0000605c    000000e8     socket.o (.text.send)
                  00006144    000000e4     driverlib.lib : setup.o (.text.NOROM_SetupTrimDevice)
                  00006228    000000e4     sniffing_task.o (.text.Sniffing_Main)
                  0000630c    000000e4     ti_sysbios_config.o (.text.ti_sysbios_family_arm_m3_Hwi_initNVIC)
                  000063f0    000000da     ti_sysbios_config.o (.text.ti_sysbios_heaps_HeapMem_freeUnprotected)
                  000064ca    00000002     --HOLE-- [fill = 0]
                  000064cc    000000d8     drivers_cc26x2.a : SPICC26X2DMA.c.obj (.text.SPICC26X2DMA_control)
                  000065a4    000000d0                      : PowerCC26X2.c.obj (.text.configureXOSCHF)
                  00006674    000000cc     rf_multiMode_cc26x2.a : RFCC26X2_multiMode.c.cc26x2.ticlang.o (.text.RF_postCmd)
                  00006740    000000ca                           : RFCC26X2_multiMode.c.cc26x2.ticlang.o (.text.RF_updatePaConfiguration)
                  0000680a    000000c8     IPAddress.o (.text.IPAddress_fromString)
                  000068d2    000000c4     driverlib.lib : setup.o (.text.TrimAfterColdResetWakeupFromShutDown)
                  00006996    000000c0     ti_sysbios_config.o (.text.ti_sysbios_knl_Clock_walkQueueDynamic)
                  00006a56    000000c0     ti_sysbios_config.o (.text.ti_sysbios_knl_Swi_restoreHwi)
                  00006b16    000000c0     ti_sysbios_config.o (.text.ti_sysbios_runtime_System_formatNum)
                  00006bd6    000000be     gui.o (.text.GUI_Init)
                  00006c94    000000bc     rf_multiMode_cc26x2.a : RFCC26X2_multiMode.c.cc26x2.ticlang.o (.text.RF_swiHw)
                  00006d50    000000bc     ti_sysbios_config.o (.text.ti_sysbios_knl_Task_postInit)
                  00006e0c    000000b8     ti_sysbios_config.o (.text.ti_sysbios_knl_Swi_Instance_init)
                  00006ec4    000000b6     driverlib.lib : osc.o (.text.NOROM_OSC_HPOSCInitializeFrequencyOffsetParameters)
                  00006f7a    000000b6     radio_api.o (.text.Radio_initRXCmd)
                  00007030    000000b4     driverlib.lib : osc.o (.text.NOROM_OSCHF_AttemptToSwitchToXosc)
                  000070e4    000000b4     drivers_cc26x2.a : PowerCC26X2.c.obj (.text.Power_releaseDependency)
                  00007198    000000b4     socket.o (.text.socket)
                  0000724c    000000b2     html.o (.text.Html_CopyHtmlToMtuBuffer)
                  000072fe    000000b0     dashboard_task.o (.text.HandleRestApi)
                  000073ae    00000002     --HOLE-- [fill = 0]
                  000073b0    000000b0     drivers_cc26x2.a : PowerCC26X2.c.obj (.text.Power_setDependency)
                  00007460    000000b0     libclang_rt.builtins.a : udivmoddi4.S.obj (.text)
                  00007510    000000ac     rf_multiMode_cc26x2.a : RFCC26X2_multiMode.c.cc26x2.ticlang.o (.text.RF_pendCmd)
                  000075bc    000000a8     drivers_cc26x2.a : TemperatureCC26X2.c.obj (.text.temperatureHwiFxn)
                  00007664    000000a6     socket.o (.text.recv)
                  0000770a    00000002     --HOLE-- [fill = 0]
                  0000770c    000000a4     rf_multiMode_cc26x2.a : RFCC26X2_multiMode.c.cc26x2.ticlang.o (.text.RF_initRadioSetup)
                  000077b0    000000a2     ti_sysbios_config.o (.text.ti_sysbios_knl_TaskSupport_start)
                  00007852    000000a0     drivers_cc26x2.a : I2CCC26XX.c.obj (.text.I2CCC26XX_swiFxn)
                  000078f2    00000002     --HOLE-- [fill = 0]
                  000078f4    000000a0     rf_multiMode_cc26x2.a : RFCC26X2_multiMode.c.cc26x2.ticlang.o (.text.RF_calculateDispatchTime)
                  00007994    0000009c     EthernetUdp.o (.text.EthernetUDP_begin)
                  00007a30    0000009a     Ethernet.o (.text.Ethernet_begin_mac)
                  00007aca    0000009a     ssd1306.o (.text.SSD1306_Init)
                  00007b64    0000009a     ti_sysbios_config.o (.text.ti_sysbios_knl_Task_schedule)
                  00007bfe    00000098     rf_multiMode_cc26x2.a : RFCC26X2_multiMode.c.cc26x2.ticlang.o (.text.RF_defaultSubmitPolicy)
                  00007c96    00000098     ti_sysbios_config.o (.text.ti_sysbios_hal_Seconds_getTime)
                  00007d2e    00000096     rf_multiMode_cc26x2.a : RFCC26X2_multiMode.c.cc26x2.ticlang.o (.text.RF_verifyGap)
                  00007dc4    00000094     Ethernet.o (.text.Ethernet_maintain)
                  00007e58    00000094     rf_multiMode_cc26x2.a : RFCC26X2_multiMode.c.cc26x2.ticlang.o (.text.RF_hposcRfCompensateFxn)
                  00007eec    00000094                           : RFCC26X2_multiMode.c.cc26x2.ticlang.o (.text.RF_ratRestartChannels)
                  00007f80    00000094     ti_sysbios_config.o (.text.ti_sysbios_heaps_HeapMem_Instance_init)
                  00008014    00000090     ti_sysbios_config.o (.text.ti_sysbios_knl_Task_sleep)
                  000080a4    0000008e     ssd1306.o (.text.SSD1306_DrawPixel)
                  00008132    0000008e     ti_sysbios_config.o (.text.ti_sysbios_family_arm_m3_Hwi_excHandlerMin)
                  000081c0    0000008e     ti_sysbios_config.o (.text.ti_sysbios_knl_Swi_runLoop)
                  0000824e    00000002     --HOLE-- [fill = 0]
                  00008250    0000008c     drivers_cc26x2.a : GPIOCC26XX.c.obj (.text.GPIO_setConfig)
                  000082dc    0000008c     ti_sysbios_config.o (.text.ti_sysbios_family_arm_m3_Hwi_construct2)
                  00008368    0000008a     EthernetClient.o (.text.EthernetClient_stop)
                  000083f2    0000008a     EthernetServer.o (.text.EthernetServer_accept)
                  0000847c    0000008a     EthernetServer.o (.text.EthernetServer_available)
                  00008506    0000008a     ti_sysbios_config.o (.text.ti_sysbios_knl_Semaphore_post)
                  00008590    00000088     rf_multiMode_cc26x2.a : RFCC26X2_multiMode.c.cc26x2.ticlang.o (.text.RF_cmdDispatchTime)
                  00008618    00000088                           : RFCC26X2_multiMode.c.cc26x2.ticlang.o (.text.RF_discardPendCmd)
                  000086a0    00000088     ti_sysbios_config.o (.text.ti_sysbios_family_arm_m3_Hwi_postInit)
                  00008728    00000086     sniffing_task.o (.text.HandleIncomingRfPacket)
                  000087ae    00000086     ti_sysbios_config.o (.text.ti_sysbios_runtime_Memory_alloc)
                  00008834    00000084     EthernetUdp.o (.text.EthernetUDP_parsePacket)
                  000088b8    00000082     EthernetClient.o (.text.EthernetClient_connected)
                  0000893a    00000082     ti_sysbios_config.o (.text.ti_sysbios_family_arm_m3_Hwi_getStackInfo)
                  000089bc    00000080     driverlib.lib : sys_ctrl.o (.text.NOROM_SysCtrlSetRechargeBeforePowerDown)
                  00008a3c    0000007e     ti_drivers_config.o (.text.Board_sendExtFlashByte)
                  00008aba    0000007e     driverlib.lib : chipinfo.o (.text.NOROM_ChipInfo_GetChipType)
                  00008b38    0000007e     ssd1306.o (.text.SSD1306_UpdatePosition)
                  00008bb6    0000007c     ti_sysbios_config.o (.text.SwiP_construct)
                  00008c32    0000007c     ti_sysbios_config.o (.text.ti_sysbios_family_arm_cc26xx_Timer_periodicStub)
                  00008cae    0000007c     ti_sysbios_config.o (.text.ti_sysbios_knl_Swi_schedule)
                  00008d2a    0000007a     ti_sysbios_config.o (.text.ti_sysbios_family_arm_m3_Hwi_dispatchC)
                  00008da4    0000007a     ti_sysbios_config.o (.text.ti_sysbios_knl_Idle_init)
                  00008e1e    00000078     driverlib.lib : osc.o (.text.NOROM_OSCHF_SwitchToRcOscTurnOffXosc)
                  00008e96    00000078                   : osc.o (.text.NOROM_OSC_CapArrayAdjustWorkaround_Boot)
                  00008f0e    00000002     --HOLE-- [fill = 0]
                  00008f10    00000078     rf_multiMode_cc26x2.a : RFCC26X2_multiMode.c.cc26x2.ticlang.o (.text.RF_ratFreeChannel)
                  00008f88    00000078     drivers_cc26x2.a : SPICC26X2DMA.c.obj (.text.SPICC26X2DMA_close)
                  00009000    00000078     ti_sysbios_config.o (.text.ti_sysbios_family_arm_m3_Hwi_disableInterrupt)
                  00009078    00000078     ti_sysbios_config.o (.text.ti_sysbios_knl_Swi_run)
                  000090f0    00000078     ti_sysbios_config.o (.text.ti_sysbios_knl_Task_blockI)
                  00009168    00000078     ti_sysbios_config.o (.text.ti_sysbios_knl_Task_startup)
                  000091e0    00000076     gui.o (.text.GUI_ChangeProto)
                  00009256    00000002     --HOLE-- [fill = 0]
                  00009258    00000074     drivers_cc26x2.a : PowerCC26X2_calibrateRCOSC_helpers.c.obj (.text.PowerCC26X2_updateSubSecInc)
                  000092cc    00000074     rf_multiMode_cc26x2.a : RFCC26X2_multiMode.c.cc26x2.ticlang.o (.text.RF_hwiHw)
                  00009340    00000074     drivers_cc26x2.a : TemperatureCC26X2.c.obj (.text.Temperature_init)
                  000093b4    00000074     ti_sysbios_config.o (.text.ti_sysbios_heaps_HeapMem_getStats)
                  00009428    00000072     ti_sysbios_config.o (.text.ti_sysbios_family_arm_cc26xx_Timer_setThreshold)
                  0000949a    00000070     EthernetServer.o (.text.EthernetServer_begin)
                  0000950a    00000006     drivers_cc26x2.a : I2CCC26XX.c.obj (.text.I2CSupport_powerSetConstraint)
                  00009510    00000070     ArduinoCompatibility.o (.text.millis)
                  00009580    00000070     ti_sysbios_config.o (.text.ti_sysbios_family_arm_m3_Hwi_enableInterrupt)
                  000095f0    0000006e     ti_sysbios_config.o (.text.BIOS_init)
                  0000965e    0000006e     ti_drivers_config.o (.text.Board_shutDownExtFlash)
                  000096cc    0000006e     libclang_rt.builtins.a : comparedf2.c.obj (.text.__gedf2)
                  0000973a    00000002     --HOLE-- [fill = 0]
                  0000973c    0000006e                            : comparedf2.c.obj (.text.__ledf2)
                  000097aa    0000006e     init_task.o (.text.byte2hex)
                  00009818    0000006e     ti_sysbios_config.o (.text.ti_sysbios_knl_Clock_init)
                  00009886    0000006c     Dhcp.o (.text.DHCP_printByte)
                  000098f2    0000006c     EthernetUdp.o (.text.EthernetUDP_read_buf)
                  0000995e    00000002     --HOLE-- [fill = 0]
                  00009960    0000006c     rf_multiMode_cc26x2.a : RFCC26X2_multiMode.c.cc26x2.ticlang.o (.text.RF_issueRadioFreeCb)
                  000099cc    0000006c     w5500.o (.text.W5500_read_buf)
                  00009a38    0000006a     html.o (.text.Html_strcpy)
                  00009aa2    0000006a     drivers_cc26x2.a : I2CCC26XX.c.obj (.text.I2CSupport_primeTransfer)
                  00009b0c    0000006a     radio_queue.o (.text.RadioQueue_takePacket)
                  00009b76    0000006a     w5500.o (.text.W5500_write_buf)
                  00009be0    0000006a     main.o (.text.main)
                  00009c4a    0000006a     libc.a : copy_decompress_lzss.c.obj (.text:decompress:lzss)
                  00009cb4    00000068     rf_multiMode_cc26x2.a : RFCC26X2_multiMode.c.cc26x2.ticlang.o (.text.RF_detachOverrides)
                  00009d1c    00000068     w5500.o (.text.W5500_send_data_processing_offset)
                  00009d84    00000066     EthernetClient.o (.text.EthernetClient_readBytesUntil)
                  00009dea    00000066     radio_api.o (.text.Radio_stopRX)
                  00009e50    00000066     ti_sysbios_config.o (.text.ti_sysbios_family_arm_cc26xx_Timer_start)
                  00009eb6    00000066     ti_sysbios_config.o (.text.ti_sysbios_family_arm_m3_Hwi_Instance_finalize)
                  00009f1c    00000064     drivers_cc26x2.a : PowerCC26X2_calibrateRCOSC.c.obj (.text.PowerCC26X2_initiateCalibration)
                  00009f80    00000064     rf_multiMode_cc26x2.a : RFCC26X2_multiMode.c.cc26x2.ticlang.o (.text.RF_attachOverrides)
                  00009fe4    00000064                           : RFCC26X2_multiMode.c.cc26x2.ticlang.o (.text.RF_dispatchNextEvent)
                  0000a048    00000064                           : RFCC26X2_multiMode.c.cc26x2.ticlang.o (.text.RF_hwiCpe0PowerFsm)
                  0000a0ac    00000064     SPIfg.o (.text.SPI_transf)
                  0000a110    00000064     ssd1306.o (.text.SSD1306_DrawString)
                  0000a174    00000064     drivers_cc26x2.a : UDMACC26XX.c.obj (.text.UDMACC26XX_open)
                  0000a1d8    00000064                      : PowerCC26X2.c.obj (.text.oscillatorISR)
                  0000a23c    00000062     rf_multiMode_cc26x2.a : RFCC26X2_multiMode.c.cc26x2.ticlang.o (.text.RF_syncCb)
                  0000a29e    00000062     socket.o (.text.bufferData)
                  0000a300    00000062     libclang_rt.builtins.a : aeabi_dcmp.S.obj (.text)
                  0000a362    00000060     Dhcp.o (.text.DHCP_beginWithDHCP)
                  0000a3c2    00000060     drivers_cc26x2.a : SPICC26X2DMA.c.obj (.text.csnCallback)
                  0000a422    00000060     ti_sysbios_config.o (.text.ti_sysbios_knl_ClockSupport_init)
                  0000a482    00000002     --HOLE-- [fill = 0]
                  0000a484    0000005e     rf_multiMode_cc26x2.a : rfc.c.cc26x2.ticlang.o (.text.NOROM_RFCAnaDivTxOverride)
                  0000a4e2    0000005e     socket.o (.text.startUDP)
                  0000a540    0000005e     ti_sysbios_config.o (.text.ti_sysbios_knl_Swi_post)
                  0000a59e    0000005e     ti_sysbios_config.o (.text.ti_sysbios_runtime_Error_raiseX)
                  0000a5fc    0000005c     ti_sysbios_config.o (.text.ClockP_construct)
                  0000a658    0000005c     radio_api.o (.text.Radio_beginRX)
                  0000a6b4    0000005c     libclang_rt.builtins.a : divmoddi4.c.obj (.text.__divmoddi4)
                  0000a710    0000005c     ti_sysbios_config.o (.text.ti_sysbios_heaps_HeapMem_alloc)
                  0000a76c    0000005c     ti_sysbios_config.o (.text.ti_sysbios_knl_Task_init)
                  0000a7c8    0000005a     init_task.o (.text.mac2string)
                  0000a822    00000058     ti_sysbios_config.o (.text.AONRTCEventClear)
                  0000a87a    00000058     ti_sysbios_config.o (.text.HwiP_construct)
                  0000a8d2    00000002     --HOLE-- [fill = 0]
                  0000a8d4    00000058     rf_multiMode_cc26x2.a : RFCC26X2_multiMode.c.cc26x2.ticlang.o (.text.RF_applyRfCorePatch)
                  0000a92c    00000058     radio_queue.o (.text.RadioQueue_reset)
                  0000a984    00000058     w5500.o (.text.W5500_recv_data_processing)
                  0000a9dc    00000058     ti_sysbios_config.o (.text.ti_sysbios_family_arm_m3_Hwi_construct)
                  0000aa34    00000058     sysbios.a : Hwi_asm_switch_gnu.obj (.text.ti_sysbios_family_arm_m3_Hwi_initStacks)
                  0000aa8c    00000058     ti_sysbios_config.o (.text.ti_sysbios_heaps_HeapMem_construct)
                  0000aae4    00000058     ti_sysbios_config.o (.text.ti_sysbios_knl_Swi_init)
                  0000ab3c    00000056     ti_sysbios_config.o (.text.AONRTCCompareValueSet)
                  0000ab92    00000056     gui.o (.text.GUI_ChangeRx)
                  0000abe8    00000056     SPIfg.o (.text.SPI_begin)
                  0000ac3e    00000056     ti_sysbios_config.o (.text.getTime)
                  0000ac94    00000056     ti_sysbios_config.o (.text.ti_sysbios_family_arm_cc26xx_Timer_getCurrentTick)
                  0000acea    00000056     ti_sysbios_config.o (.text.ti_sysbios_knl_Clock_Instance_init)
                  0000ad40    00000056     ti_sysbios_config.o (.text.ti_sysbios_runtime_SystemSupport_flush)
                  0000ad96    00000056     ti_sysbios_config.o (.text.ti_sysbios_runtime_System_atexit)
                  0000adec    00000056     ti_sysbios_config.o (.text.ti_sysbios_runtime_System_putchar)
                  0000ae42    00000054     ti_sysbios_config.o (.text.AONRTCChannelEnable)
                  0000ae96    00000054     ti_sysbios_config.o (.text.BIOS_startFunc)
                  0000aeea    00000002     --HOLE-- [fill = 0]
                  0000aeec    00000054     libsysbm.a : hostwrite.c.obj (.text.HOSTwrite)
                  0000af40    00000054     drivers_cc26x2.a : I2CCC26XX.c.obj (.text.I2CCC26XX_initHw)
                  0000af94    00000054     rf_multiMode_cc26x2.a : RFCC26X2_multiMode.c.cc26x2.ticlang.o (.text.RF_fsmXOSCState)
                  0000afe8    00000054                           : RFCC26X2_multiMode.c.cc26x2.ticlang.o (.text.RF_getCurrentTime)
                  0000b03c    00000052     driverlib.lib : chipinfo.o (.text.NOROM_ChipInfo_GetHwRevision)
                  0000b08e    00000052     radio_api.o (.text.Radio_setFrequencySynthesizer)
                  0000b0e0    00000052     ti_sysbios_config.o (.text.usleep)
                  0000b132    00000002     --HOLE-- [fill = 0]
                  0000b134    00000050     rf_multiMode_cc26x2.a : RFCC26X2_multiMode.c.cc26x2.ticlang.o (.text.RF_enableHPOSCTemperatureCompensation)
                  0000b184    00000050                           : RFCC26X2_multiMode.c.cc26x2.ticlang.o (.text.RF_wakeupNotification)
                  0000b1d4    00000050     ti_sysbios_config.o (.text.ti_sysbios_family_arm_cc26xx_Timer_setNextTick)
                  0000b224    0000004e     w5500.o (.text.W5500_getRXReceivedSize)
                  0000b272    0000004e     w5500.o (.text.W5500_getTXFreeSize)
                  0000b2c0    0000004e     ti_sysbios_config.o (.text.ti_sysbios_knl_Swi_restore)
                  0000b30e    0000004c     driverlib.lib : osc.o (.text.NOROM_OSC_HPOSCRelativeFrequencyOffsetGet)
                  0000b35a    00000002     --HOLE-- [fill = 0]
                  0000b35c    0000004c     rf_multiMode_cc26x2.a : rf_patch_cpe_bt5.c.cc26x2.ticlang.o (.text.configureBt5Patch)
                  0000b3a8    0000004c     drivers_cc26x2.a : SPICC26X2DMA.c.obj (.text.initHw)
                  0000b3f4    0000004c     SPIfg.o (.text.initSS)
                  0000b440    0000004c     drivers_cc26x2.a : PowerCC26X2.c.obj (.text.switchXOSCHF)
                  0000b48c    0000004c     ti_sysbios_config.o (.text.ti_sysbios_knl_Clock_getTimeout)
                  0000b4d8    0000004c     ti_sysbios_config.o (.text.ti_sysbios_knl_Task_create)
                  0000b524    0000004c     ti_sysbios_config.o (.text.ti_sysbios_runtime_SystemSupport_putch)
                  0000b570    0000004c     ti_sysbios_config.o (.text.ti_sysbios_runtime_System_processAtExit)
                  0000b5bc    0000004a     ti_sysbios_config.o (.text.ti_sysbios_knl_Task_construct)
                  0000b606    0000004a     ti_sysbios_config.o (.text.ti_sysbios_runtime_Error_print)
                  0000b650    00000048     EthernetClient.o (.text.EthernetClient_timedRead)
                  0000b698    00000048     html.o (.text.Html_SetKeyValueInBuffer)
                  0000b6e0    00000048     driverlib.lib : aux_sysif.o (.text.NOROM_AUXSYSIFOpModeChange)
                  0000b728    00000048     rf_multiMode_cc26x2.a : rfc.c.cc26x2.ticlang.o (.text.NOROM_RFCSynthPowerDown)
                  0000b770    00000048     drivers_cc26x2.a : PowerCC26X2.c.obj (.text.PowerCC26XX_switchXOSC_HF)
                  0000b7b8    00000048     radio_api.o (.text.Radio_GetCurrentProtocol)
                  0000b800    00000048     ssd1306.o (.text.SSD1306_SendCommand)
                  0000b848    00000048     drivers_cc26x2.a : TemperatureCC26X2.c.obj (.text.Temperature_registerNotifyRange)
                  0000b890    00000048     w5500.o (.text.W5500_init)
                  0000b8d8    00000048     rf_multiMode_cc26x2.a : rf_patch_cpe_ieee_802_15_4.c.cc26x2.ticlang.o (.text.rf_patch_cpe_ieee_802_15_4)
                  0000b920    00000048     ti_sysbios_config.o (.text.ti_sysbios_family_arm_m3_Hwi_init)
                  0000b968    00000048     libclang_rt.builtins.a : fixdfsi.S.obj (.text)
                  0000b9b0    00000046     ti_sysbios_config.o (.text.ti_sysbios_knl_Semaphore_Instance_init)
                  0000b9f6    00000046     ti_sysbios_config.o (.text.ti_sysbios_knl_Swi_construct)
                  0000ba3c    00000046     ti_sysbios_config.o (.text.ti_sysbios_knl_Task_processVitalTaskFlag)
                  0000ba82    00000046     ti_sysbios_config.o (.text.ti_sysbios_knl_Task_unblockI)
                  0000bac8    00000046     ti_sysbios_config.o (.text.ti_sysbios_runtime_SysMin_output)
                  0000bb0e    00000044     ti_sysbios_config.o (.text.BIOS_rtsLock)
                  0000bb52    00000002     --HOLE-- [fill = 0]
                  0000bb54    00000044     drivers_cc26x2.a : GPIOCC26X2.c.obj (.text.GPIO_hwiIntFxn)
                  0000bb98    00000044     gui.o (.text.GUI_ChangeDeviceIp)
                  0000bbdc    00000044     gui.o (.text.GUI_ChangeTargetIp)
                  0000bc20    00000044     driverlib.lib : prcm.o (.text.NOROM_PRCMPowerDomainsAllOff)
                  0000bc64    00000044                   : prcm.o (.text.NOROM_PRCMPowerDomainsAllOn)
                  0000bca8    00000044     rf_multiMode_cc26x2.a : RFCC26X2_multiMode.c.cc26x2.ticlang.o (.text.RF_cmdGet)
                  0000bcec    00000044                           : RFCC26X2_multiMode.c.cc26x2.ticlang.o (.text.RF_updatePowerupDuration)
                  0000bd30    00000044     drivers_cc26x2.a : SPI.c.obj (.text.SPI_init)
                  0000bd74    00000044     ti_sysbios_config.o (.text._pthread_cleanupFxn)
                  0000bdb8    00000044     drivers_cc26x2.a : TemperatureCC26X2.c.obj (.text.degreesToCode)
                  0000bdfc    00000044                      : TemperatureCC26X2.c.obj (.text.setNextThresholds)
                  0000be40    00000044     ti_sysbios_config.o (.text.ti_sysbios_knl_Task_restore)
                  0000be84    00000044     libclang_rt.builtins.a : fixunsdfsi.S.obj (.text)
                  0000bec8    00000044     restart.o (.text)
                  0000bf0c    00000042     EthernetClient.o (.text.EthernetClient_write)
                  0000bf4e    00000042     EthernetUdp.o (.text.EthernetUDP_read)
                  0000bf90    00000042     ssd1306.o (.text.SSD1306_UpdateScreen)
                  0000bfd2    00000042     stv.o (.text.STV_WriteStringAtAddress)
                  0000c014    00000040     Ethernet.o (.text.Ethernet_begin_mac_ip_dns_gateway_subnet)
                  0000c054    00000040     main.o (.text.Main_CreateDashboardTask)
                  0000c094    00000040     main.o (.text.Main_CreateInitTask)
                  0000c0d4    00000040     main.o (.text.Main_CreateSniffingTask)
                  0000c114    00000040     drivers_cc26x2.a : PowerCC26X2_calibrateRCOSC.c.obj (.text.PowerCC26X2_RCOSC_clockFunc)
                  0000c154    00000040                      : PowerCC26X2_calibrateRCOSC_helpers.c.obj (.text.PowerCC26X2_setAclkRefSrc)
                  0000c194    00000040     rf_multiMode_cc26x2.a : RFCC26X2_multiMode.c.cc26x2.ticlang.o (.text.RF_updateHpOscOverride)
                  0000c1d4    00000040     drivers_cc26x2.a : SPI.c.obj (.text.SPI_open)
                  0000c214    00000040     ti_sysbios_config.o (.text.ti_sysbios_gates_GateMutex_enter)
                  0000c254    00000040     ti_sysbios_config.o (.text.ti_sysbios_knl_Semaphore_pendTimeout)
                  0000c294    00000040     ti_sysbios_config.o (.text.ti_sysbios_knl_Task_exit)
                  0000c2d4    0000003e     dashboard_task.o (.text.SendHtmlToClient)
                  0000c312    0000003e     w5500.o (.text.W5500_read)
                  0000c350    0000003e     w5500.o (.text.W5500_write)
                  0000c38e    0000003e     ti_sysbios_config.o (.text.ti_sysbios_knl_Clock_getTicksUntilInterrupt)
                  0000c3cc    0000003c     ti_sysbios_config.o (.text.BIOS_atExitFunc)
                  0000c408    0000003c     drivers_cc26x2.a : GPIO.c.obj (.text.GPIO_resetConfig)
                  0000c444    0000003c     driverlib.lib : sys_ctrl.o (.text.NOROM_SysCtrlIdle)
                  0000c480    0000003c     drivers_cc26x2.a : PowerCC26X2_calibrateRCOSC_helpers.c.obj (.text.PowerCC26X2_setTdcClkSrc24M)
                  0000c4bc    0000003c     radio_api.o (.text.Radio_openRadioCore)
                  0000c4f8    0000003c     radio_api.o (.text.getFSCmdByProto)
                  0000c534    0000003c     radio_api.o (.text.getRFModeByProto)
                  0000c570    0000003c     radio_api.o (.text.getRSCmdByProto)
                  0000c5ac    0000003c     radio_api.o (.text.getRXCmdByProto)
                  0000c5e8    0000003c     ti_sysbios_config.o (.text.ti_sysbios_family_arm_m3_Hwi_setPriority)
                  0000c624    0000003c     ti_sysbios_config.o (.text.ti_sysbios_knl_Task_restoreHwi)
                  0000c660    0000003c     drivers_cc26x2.a : TemperatureCC26X2.c.obj (.text.updateThresholds)
                  0000c69c    0000003c     Printfg.o (.text.write_string)
                  0000c6d8    0000003a     stv.o (.text.STV_CopyStvFromFlashIfNotYet)
                  0000c712    0000003a     ssd1306.o (.text.sendData)
                  0000c74c    0000003a     ti_sysbios_config.o (.text.ti_sysbios_family_arm_m3_Hwi_clearInterrupt)
                  0000c786    00000038     ti_drivers_config.o (.text.Board_wakeUpExtFlash)
                  0000c7be    00000038     EthernetUdp.o (.text.EthernetUDP_stop)
                  0000c7f6    00000002     --HOLE-- [fill = 0]
                  0000c7f8    00000038     drivers_cc26x2.a : PowerCC26X2_helpers.c.obj (.text.PowerCC26X2_oscDisableQualifiers)
                  0000c830    00000038                      : UDMACC26XX.c.obj (.text.UDMACC26XX_close)
                  0000c868    00000038     w5500.o (.text.W5500_readSnRX_RD)
                  0000c8a0    00000038     w5500.o (.text.W5500_readSnRX_RSR)
                  0000c8d8    00000038     w5500.o (.text.W5500_readSnTX_FSR)
                  0000c910    00000038     w5500.o (.text.W5500_readSnTX_WR)
                  0000c948    00000038     socket.o (.text.listen)
                  0000c980    00000038     rf_multiMode_cc26x2.a : rf_patch_cpe_bt5.c.cc26x2.ticlang.o (.text.rf_patch_cpe_bt5)
                  0000c9b8    00000038     libc.a : sprintf.c.obj (.text.sprintf)
                  0000c9f0    00000038     ti_sysbios_config.o (.text.ti_sysbios_runtime_Startup_exec)
                  0000ca28    00000038     libc.a : autoinit.c.obj (.text:__TI_auto_init_nobinit_nopinit)
                  0000ca60    00000038     libclang_rt.builtins.a : extendsfdf2.S.obj (.text)
                  0000ca98    00000036     ti_sysbios_config.o (.text.BIOS_rtsUnlock)
                  0000cace    00000036     ti_sysbios_config.o (.text.SemaphoreP_pend)
                  0000cb04    00000036     ti_sysbios_config.o (.text.ti_sysbios_knl_Swi_construct2)
                  0000cb3a    00000034     html.o (.text.Html_strset)
                  0000cb6e    00000002     --HOLE-- [fill = 0]
                  0000cb70    00000034     drivers_cc26x2.a : PowerCC26X2.c.obj (.text.Power_releaseConstraint)
                  0000cba4    00000034     rf_multiMode_cc26x2.a : RFCC26X2_multiMode.c.cc26x2.ticlang.o (.text.RF_powerConstraintRelease)
                  0000cbd8    00000034                           : RFCC26X2_multiMode.c.cc26x2.ticlang.o (.text.RF_runDirectImmediateCmd)
                  0000cc0c    00000034     w5500.o (.text.W5500_read_data)
                  0000cc40    00000034     w5500.o (.text.W5500_writeSn_buf)
                  0000cc74    00000034     libsysbm.a : trgmsg.c.obj (.text.__TI_writemsg)
                  0000cca8    00000034     ti_sysbios_config.o (.text.ti_sysbios_family_arm_cc26xx_Timer_getMaxTicks)
                  0000ccdc    00000034     ti_sysbios_config.o (.text.ti_sysbios_knl_Queue_put)
                  0000cd10    00000034     ti_sysbios_config.o (.text.ti_sysbios_runtime_System_vprintf)
                  0000cd44    00000034     sysbios.a : boot_cortex_m.obj (.text:_c_int00)
                  0000cd78    00000032     ti_drivers_config.o (.text.Board_init)
                  0000cdaa    00000032     EthernetUdp.o (.text.EthernetUDP_write)
                  0000cddc    00000032     ti_sysbios_config.o (.text.ti_sysbios_knl_Semaphore_create)
                  0000ce0e    00000030     EthernetClient.o (.text.EthernetClient_read)
                  0000ce3e    00000002     --HOLE-- [fill = 0]
                  0000ce40    00000030     drivers_cc26x2.a : GPIOCC26XX.c.obj (.text.GPIO_setInterruptConfig)
                  0000ce70    00000030                      : PowerCC26X2.c.obj (.text.Power_setConstraint)
                  0000cea0    00000030     rf_multiMode_cc26x2.a : RFCC26X2_multiMode.c.cc26x2.ticlang.o (.text.RF_checkCmdFsError)
                  0000ced0    00000030     radio_api.o (.text.Radio_HandleQueueOverflow)
                  0000cf00    00000030     w5500.o (.text.W5500_writeSn)
                  0000cf30    00000030     libsysbm.a : trgmsg.c.obj (.text.__TI_readmsg)
                  0000cf60    00000030     radio_queue.o (.text.get16bitValue)
                  0000cf90    00000030     drivers_cc26x2.a : PowerCC26X2.c.obj (.text.notify)
                  0000cfc0    00000030     ti_sysbios_config.o (.text.ti_sysbios_family_arm_m3_Hwi_plug)
                  0000cff0    00000030     ti_sysbios_config.o (.text.ti_sysbios_heaps_HeapMem_free)
                  0000d020    00000030     ti_sysbios_config.o (.text.ti_sysbios_knl_Clock_construct)
                  0000d050    00000030     ti_sysbios_config.o (.text.ti_sysbios_knl_Idle_run)
                  0000d080    0000002e     EthernetClient.o (.text.EthernetClient_status)
                  0000d0ae    0000002e     EthernetUdp.o (.text.EthernetUDP_beginPacket_ip)
                  0000d0dc    0000002e     driverlib.lib : chipinfo.o (.text.NOROM_ThisLibraryIsFor_CC13x2_CC26x2_HwRev20AndLater_HaltIfViolated)
                  0000d10a    0000002e     rf_multiMode_cc26x2.a : RFCC26X2_multiMode.c.cc26x2.ticlang.o (.text.RF_calculateDeltaTimeUs)
                  0000d138    0000002e     ti_sysbios_config.o (.text._pthread_delete)
                  0000d166    0000002e     ti_sysbios_config.o (.text.ti_sysbios_family_arm_m3_Hwi_initStack)
                  0000d194    0000002e     ti_sysbios_config.o (.text.ti_sysbios_gates_GateMutex_Instance_init)
                  0000d1c2    00000002     --HOLE-- [fill = 0]
                  0000d1c4    0000002e     libclang_rt.builtins.a : floatsidf.S.obj (.text)
                  0000d1f2    0000002c     ti_sysbios_config.o (.text.BIOS_registerRTSLock)
                  0000d21e    0000002c     ti_sysbios_config.o (.text.BIOS_removeRTSLock)
                  0000d24a    00000002     --HOLE-- [fill = 0]
                  0000d24c    0000002c     rf_multiMode_cc26x2.a : RFCC26X2_multiMode.c.cc26x2.ticlang.o (.text.RF_executeDirectImmediateCmd)
                  0000d278    0000002c     drivers_cc26x2.a : TemperatureCC26X2.c.obj (.text.Temperature_unregisterNotify)
                  0000d2a4    0000002c     w5500.o (.text.W5500_execCmdSn)
                  0000d2d0    0000002c     w5500.o (.text.W5500_writeSnDPORT)
                  0000d2fc    0000002c     w5500.o (.text.W5500_writeSnPORT)
                  0000d328    0000002c     w5500.o (.text.W5500_writeSnRX_RD)
                  0000d354    0000002c     w5500.o (.text.W5500_writeSnTX_WR)
                  0000d380    0000002c     ti_sysbios_config.o (.text.ti_sysbios_knl_Semaphore_construct)
                  0000d3ac    0000002c     ti_sysbios_config.o (.text.ti_sysbios_runtime_Memory_free)
                  0000d3d8    0000002a     IPAddress.o (.text.IPAddress_Init_str)
                  0000d402    0000002a     driverlib.lib : osc.o (.text.NOROM_OSCHF_TurnOnXosc)
                  0000d42c    0000002a     radio_queue.o (.text.RadioQueue_init)
                  0000d456    0000002a     drivers_cc26x2.a : SPICC26X2DMA.c.obj (.text.SPICC26X2DMA_swiFxn)
                  0000d480    0000002a     ti_sysbios_config.o (.text.SemaphoreP_constructBinary)
                  0000d4aa    0000002a     ti_sysbios_config.o (.text.ti_sysbios_knl_Clock_initI)
                  0000d4d4    0000002a     ti_sysbios_config.o (.text.ti_sysbios_knl_Task_enter)
                  0000d4fe    00000028     EthernetClient.o (.text.EthernetClient_available)
                  0000d526    00000028     drivers_cc26x2.a : I2C.c.obj (.text.I2C_cancel)
                  0000d54e    00000028                      : List.c.obj (.text.List_remove)
                  0000d576    00000002     --HOLE-- [fill = 0]
                  0000d578    00000028                      : PowerCC26X2.c.obj (.text.PowerCC26XX_isStableXOSC_HF)
                  0000d5a0    00000028     rf_multiMode_cc26x2.a : RFCC26X2_multiMode.c.cc26x2.ticlang.o (.text.RF_cmdStoreEvents)
                  0000d5c8    00000028     w5500.o (.text.W5500_readSn)
                  0000d5f0    00000028     sysbios.a : Hwi_asm_gnu.obj (.text.ti_sysbios_family_arm_m3_Hwi_excHandlerAsm)
                  0000d618    00000028     ti_sysbios_config.o (.text.ti_sysbios_gates_GateMutex_construct)
                  0000d640    00000028     ti_sysbios_config.o (.text.ti_sysbios_knl_Queue_enqueue)
                  0000d668    00000028     ti_sysbios_config.o (.text.ti_sysbios_knl_Swi_or)
                  0000d690    00000028     sysbios.a : TaskSupport_asm_gnu.obj (.text.ti_sysbios_knl_TaskSupport_swap)
                  0000d6b8    00000028     ti_sysbios_config.o (.text.ti_sysbios_knl_Task_sleepTimeout)
                  0000d6e0    00000028     ti_sysbios_config.o (.text.ti_sysbios_runtime_System_init)
                  0000d708    00000028     ti_sysbios_config.o (.text.ti_sysbios_runtime_System_printf)
                  0000d730    00000026     drivers_cc26x2.a : List.c.obj (.text.List_insert)
                  0000d756    00000026                      : List.c.obj (.text.List_putHead)
                  0000d77c    00000026     rf_multiMode_cc26x2.a : RFCC26X2_multiMode.c.cc26x2.ticlang.o (.text.RF_runCmd)
                  0000d7a2    00000026     drivers_cc26x2.a : SPICC26X2DMA.c.obj (.text.flushFifos)
                  0000d7c8    00000026     ti_sysbios_config.o (.text.ti_sysbios_family_arm_m3_Hwi_getHandle)
                  0000d7ee    00000026     ti_sysbios_config.o (.text.ti_sysbios_knl_Swi_destruct)
                  0000d814    00000026     ti_sysbios_config.o (.text.ti_sysbios_knl_Task_allBlockedFunction)
                  0000d83a    00000026     ti_sysbios_config.o (.text.ti_sysbios_knl_Task_delete)
                  0000d860    00000026     ti_sysbios_config.o (.text.ti_sysbios_knl_Task_destruct)
                  0000d886    00000024     ti_sysbios_config.o (.text.HwiP_setFunc)
                  0000d8aa    00000024     drivers_cc26x2.a : List.c.obj (.text.List_put)
                  0000d8ce    00000002     --HOLE-- [fill = 0]
                  0000d8d0    00000024                      : PowerCC26X2_helpers.c.obj (.text.PowerCC26X2_getOscHfSourceReady)
                  0000d8f4    00000024                      : PowerCC26X2_helpers.c.obj (.text.PowerCC26X2_setSubSecIncToXoscLf)
                  0000d918    00000024                      : PowerCC26X2_calibrateRCOSC_helpers.c.obj (.text.PowerCC26X2_writeCtrim)
                  0000d93c    00000024                      : PowerCC26X2_calibrateRCOSC_helpers.c.obj (.text.PowerCC26X2_writeCtrimFract)
                  0000d960    00000024                      : PowerCC26X2_calibrateRCOSC_helpers.c.obj (.text.PowerCC26X2_writeCtrimFractEn)
                  0000d984    00000024                      : PowerCC26X2_calibrateRCOSC_helpers.c.obj (.text.PowerCC26X2_writeRtrim)
                  0000d9a8    00000024                      : PowerCC26X2.c.obj (.text.Power_registerNotify)
                  0000d9cc    00000024     rf_multiMode_cc26x2.a : RFCC26X2_multiMode.c.cc26x2.ticlang.o (.text.RF_clkPowerUp)
                  0000d9f0    00000024                           : RFCC26X2_multiMode.c.cc26x2.ticlang.o (.text.RF_hwiCpe0ChangePhy)
                  0000da14    00000024                           : RFCC26X2_multiMode.c.cc26x2.ticlang.o (.text.RF_isStateTransitionAllowed)
                  0000da38    00000024                           : RFCC26X2_multiMode.c.cc26x2.ticlang.o (.text.RF_searchAndReplacePAOverride)
                  0000da5c    00000024     ssd1306.o (.text.SSD1306_SetPosition)
                  0000da80    00000024     drivers_cc26x2.a : SPICC26X2DMA.c.obj (.text.releaseConstraint)
                  0000daa4    00000024     ti_sysbios_config.o (.text.ti_sysbios_family_arm_cc26xx_Timer_Params_init)
                  0000dac8    00000024     ti_sysbios_config.o (.text.ti_sysbios_knl_Task_Params_init)
                  0000daec    00000022     ti_sysbios_config.o (.text.BIOS_setThreadType)
                  0000db0e    00000022     drivers_cc26x2.a : List.c.obj (.text.List_get)
                  0000db30    00000022     rf_multiMode_cc26x2.a : RFCC26X2_multiMode.c.cc26x2.ticlang.o (.text.RF_queueEnd)
                  0000db52    00000022     w5500.o (.text.W5500_send_data_processing)
                  0000db74    00000022     libc.a : memcmp.c.obj (.text.memcmp)
                  0000db96    00000022     socket.o (.text.sendUDP)
                  0000dbb8    00000022     ti_sysbios_config.o (.text.ti_sysbios_gates_GateMutex_leave)
                  0000dbda    00000022     ti_sysbios_config.o (.text.ti_sysbios_heaps_HeapMem_restore)
                  0000dbfc    00000022     ti_sysbios_config.o (.text.ti_sysbios_knl_Clock_getTicks)
                  0000dc1e    00000022     ti_sysbios_config.o (.text.ti_sysbios_knl_Clock_scheduleNextTick)
                  0000dc40    00000022     ti_sysbios_config.o (.text.ti_sysbios_knl_Queue_dequeue)
                  0000dc62    00000022     ti_sysbios_config.o (.text.ti_sysbios_knl_Semaphore_destruct)
                  0000dc84    00000020     Dhcp.o (.text.DHCP_reset_DHCP_lease)
                  0000dca4    00000020     EthernetUdp.o (.text.EthernetUDP_write_byte)
                  0000dcc4    00000020     rf_multiMode_cc26x2.a : rfc.c.cc26x2.ticlang.o (.text.NOROM_RFCDoorbellSendTo)
                  0000dce4    00000020                           : rfc.c.cc26x2.ticlang.o (.text.NOROM_RFCOverrideSearch)
                  0000dd04    00000020     drivers_cc26x2.a : PowerCC26X2_helpers.c.obj (.text.PowerCC26X2_disableTCXOQual)
                  0000dd24    00000020                      : PowerCC26X2_helpers.c.obj (.text.PowerCC26X2_enableTCXOQual)
                  0000dd44    00000020     ti_sysbios_config.o (.text.PowerCC26XX_schedulerDisable)
                  0000dd64    00000020     ti_sysbios_config.o (.text.PowerCC26XX_schedulerRestore)
                  0000dd84    00000020     drivers_cc26x2.a : PowerCC26X2.c.obj (.text.Power_unregisterNotify)
                  0000dda4    00000020     rf_multiMode_cc26x2.a : RFCC26X2_multiMode.c.cc26x2.ticlang.o (.text.RF_cmdAlloc)
                  0000ddc4    00000020                           : RFCC26X2_multiMode.c.cc26x2.ticlang.o (.text.RF_invokeGlobalCallback)
                  0000dde4    00000020                           : RFCC26X2_multiMode.c.cc26x2.ticlang.o (.text.RF_ratIsRunning)
                  0000de04    00000020     socket.o (.text.close)
                  0000de24    00000020     ti_sysbios_config.o (.text.ti_sysbios_family_arm_cc26xx_Timer_postInit)
                  0000de44    00000020     ti_sysbios_config.o (.text.ti_sysbios_family_arm_m3_Hwi_excHandler)
                  0000de64    00000020     ti_sysbios_config.o (.text.ti_sysbios_family_arm_m3_Hwi_post)
                  0000de84    00000020     ti_sysbios_config.o (.text.ti_sysbios_knl_ClockSupport_getCurrentTick)
                  0000dea4    00000020     libclang_rt.builtins.a : floatunsidf.S.obj (.text)
                  0000dec4    0000001e     ti_sysbios_config.o (.text.SwiP_Params_init)
                  0000dee2    0000001e     w5500.o (.text.W5500_writeSnCR)
                  0000df00    0000001e     w5500.o (.text.W5500_writeSnIR)
                  0000df1e    0000001e     w5500.o (.text.W5500_writeSnMR)
                  0000df3c    0000001e     libc.a : memccpy.c.obj (.text.memccpy)
                  0000df5a    0000001e     sysbios.a : Hwi_asm_switch_gnu.obj (.text.ti_sysbios_family_arm_m3_Hwi_switchAndRunFunc)
                  0000df78    0000001e     ti_sysbios_config.o (.text.ti_sysbios_family_arm_m3_Hwi_switchFromBootStack)
                  0000df96    0000001e     ti_sysbios_config.o (.text.ti_sysbios_knl_Task_unblock)
                  0000dfb4    0000001e     Printfg.o (.text.write_byte)
                  0000dfd2    0000001c     EthernetClient.o (.text.EthernetClient_begin)
                  0000dfee    0000001c     EthernetClient.o (.text.EthernetClient_print)
                  0000e00a    0000001c     EthernetUdp.o (.text.EthernetUDP_flush)
                  0000e026    00000002     --HOLE-- [fill = 0]
                  0000e028    0000001c     drivers_cc26x2.a : GPIO.c.obj (.text.GPIO_setCallback)
                  0000e044    0000001c                      : GPIOCC26XX.c.obj (.text.GPIO_setMux)
                  0000e060    0000001c     ti_sysbios_config.o (.text.HwiP_Params_init)
                  0000e07c    0000001c     drivers_cc26x2.a : PowerCC26X2.c.obj (.text.Power_getTransitionLatency)
                  0000e098    0000001c     rf_multiMode_cc26x2.a : RFCC26X2_multiMode.c.cc26x2.ticlang.o (.text.RF_clkInactivityCallback)
                  0000e0b4    0000001c                           : RFCC26X2_multiMode.c.cc26x2.ticlang.o (.text.RF_getPAOverrideOffsetAndValue)
                  0000e0d0    0000001c                           : RFCC26X2_multiMode.c.cc26x2.ticlang.o (.text.RF_powerConstraintSet)
                  0000e0ec    0000001c                           : RFCC26X2_multiMode.c.cc26x2.ticlang.o (.text.RF_swiFsm)
                  0000e108    0000001c     w5500.o (.text.W5500_writeSnDIPR)
                  0000e124    0000001c     drivers_cc26x2.a : TemperatureCC26X2.c.obj (.text.setTempLowerLimit)
                  0000e140    0000001c                      : TemperatureCC26X2.c.obj (.text.setTempUpperLimit)
                  0000e15c    0000001c     ti_sysbios_config.o (.text.ti_sysbios_family_arm_cc26xx_Timer_dynamicStub)
                  0000e178    0000001c     ti_sysbios_config.o (.text.ti_sysbios_family_arm_m3_Hwi_Params_init)
                  0000e194    0000001c     ti_sysbios_config.o (.text.ti_sysbios_knl_Clock_Instance_finalize)
                  0000e1b0    0000001c     ti_sysbios_config.o (.text.ti_sysbios_knl_Clock_enqueueI)
                  0000e1cc    0000001c     ti_sysbios_config.o (.text.ti_sysbios_knl_Clock_start)
                  0000e1e8    0000001c     ti_sysbios_config.o (.text.ti_sysbios_knl_Queue_remove)
                  0000e204    0000001c     ti_sysbios_config.o (.text.ti_sysbios_knl_Swi_Params_init)
                  0000e220    0000001c     ti_sysbios_config.o (.text.ti_sysbios_knl_Swi_disable)
                  0000e23c    0000001c     ti_sysbios_config.o (.text.ti_sysbios_knl_Task_disable)
                  0000e258    0000001a     ti_sysbios_config.o (.text.BIOS_exitFunc)
                  0000e272    0000001a     ti_sysbios_config.o (.text.BIOS_getCpuFreq)
                  0000e28c    0000001a     drivers_cc26x2.a : I2CCC26XX.c.obj (.text.I2CCC26XX_completeTransfer)
                  0000e2a6    0000001a     ti_sysbios_config.o (.text.ti_sysbios_knl_Semaphore_Instance_finalize)
                  0000e2c0    00000018     ti_sysbios_config.o (.text.BIOS_exit)
                  0000e2d8    00000018     Dhcp.o (.text.DHCP_getDnsServerIp)
                  0000e2f0    00000018     Dhcp.o (.text.DHCP_getGatewayIp)
                  0000e308    00000018     Dhcp.o (.text.DHCP_getLocalIp)
                  0000e320    00000018     Dhcp.o (.text.DHCP_getSubnetMask)
                  0000e338    00000018     drivers_cc26x2.a : GPIOCC26XX.c.obj (.text.GPIO_disableInt)
                  0000e350    00000018                      : PowerCC26X2.c.obj (.text.PowerCC26XX_calibrate)
                  0000e368    00000018                      : PowerCC26X2.c.obj (.text.Power_idleFunc)
                  0000e380    00000018     rf_multiMode_cc26x2.a : RFCC26X2_multiMode.c.cc26x2.ticlang.o (.text.RF_restartClockTimeout)
                  0000e398    00000018     stv.o (.text.STV_WriteAtAddress)
                  0000e3b0    00000018     libc.a : sprintf.c.obj (.text._outs)
                  0000e3c8    00000018     Printfg.o (.text.print)
                  0000e3e0    00000018     ti_sysbios_config.o (.text.ti_sysbios_family_arm_cc26xx_Timer_getCount64)
                  0000e3f8    00000018     ti_sysbios_config.o (.text.ti_sysbios_family_arm_m3_Hwi_setFunc)
                  0000e410    00000018     ti_sysbios_config.o (.text.ti_sysbios_knl_ClockSupport_setNextTick)
                  0000e428    00000018     sysbios.a : TaskSupport_asm_gnu.obj (.text.ti_sysbios_knl_TaskSupport_glue)
                  0000e440    00000016     ti_sysbios_config.o (.text.ClockP_Params_init)
                  0000e456    00000016     drivers_cc26x2.a : List.c.obj (.text.List_clearList)
                  0000e46c    00000016     radio_queue.o (.text.RadioQueue_hasPacket)
                  0000e482    00000016     radio_queue.o (.text.RadioQueue_nextEntry)
                  0000e498    00000016     w5500.o (.text.W5500_readGAR)
                  0000e4ae    00000016     w5500.o (.text.W5500_readSIPR)
                  0000e4c4    00000016     w5500.o (.text.W5500_readSUBR)
                  0000e4da    00000016     w5500.o (.text.W5500_readSnCR)
                  0000e4f0    00000016     w5500.o (.text.W5500_readSnIR)
                  0000e506    00000016     w5500.o (.text.W5500_readSnSR)
                  0000e51c    00000016     w5500.o (.text.W5500_writeGAR)
                  0000e532    00000016     w5500.o (.text.W5500_writeSHAR)
                  0000e548    00000016     w5500.o (.text.W5500_writeSIPR)
                  0000e55e    00000016     w5500.o (.text.W5500_writeSUBR)
                  0000e574    00000016     ArduinoCompatibility.o (.text.delay)
                  0000e58a    00000016     socket.o (.text.disconnect)
                  0000e5a0    00000016     ti_sysbios_config.o (.text.ti_sysbios_family_arm_m3_Hwi_enable)
                  0000e5b6    00000016     ti_sysbios_config.o (.text.ti_sysbios_knl_Intrinsics_maxbit)
                  0000e5cc    00000016     ti_sysbios_config.o (.text.ti_sysbios_knl_Queue_construct)
                  0000e5e2    00000016     ti_sysbios_config.o (.text.ti_sysbios_knl_Queue_empty)
                  0000e5f8    00000016     ti_sysbios_config.o (.text.ti_sysbios_runtime_SystemSupport_init)
                  0000e60e    00000016     ti_sysbios_config.o (.text.ti_sysbios_runtime_System_exit)
                  0000e624    00000014     ti_sysbios_config.o (.text.ClockP_setTimeout)
                  0000e638    00000014     drivers_cc26x2.a : GPIOCC26XX.c.obj (.text.GPIO_read)
                  0000e64c    00000014                      : GPIO.c.obj (.text.GPIO_setUserArg)
                  0000e660    00000014                      : I2CCC26XX.c.obj (.text.I2CCC26XX_postNotify)
                  0000e674    00000014                      : SPICC26X2DMA.c.obj (.text.OUTLINED_FUNCTION_0)
                  0000e688    00000014     rf_multiMode_cc26x2.a : RFCC26X2_multiMode.c.cc26x2.ticlang.o (.text.RF_dbellSyncOnAck)
                  0000e69c    00000014                           : RFCC26X2_multiMode.c.cc26x2.ticlang.o (.text.RF_flushCmd)
                  0000e6b0    00000014     ti_sysbios_config.o (.text.SwiP_or)
                  0000e6c4    00000014     drivers_cc26x2.a : TemperatureCC26X2.c.obj (.text.Temperature_getTemperature)
                  0000e6d8    00000014     libc.a : args_main.c.obj (.text._args_main)
                  0000e6ec    00000014     ti_sysbios_config.o (.text.ti_sysbios_family_arm_cc26xx_TimestampProvider_init)
                  0000e700    00000014     ti_sysbios_config.o (.text.ti_sysbios_family_arm_m3_Hwi_disable)
                  0000e714    00000014     ti_sysbios_config.o (.text.ti_sysbios_knl_Swi_Instance_finalize)
                  0000e728    00000014     ti_sysbios_config.o (.text.ti_sysbios_runtime_System_printf_va)
                  0000e73c    00000014     libclang_rt.builtins.a : aeabi_ldivmod.S.obj (.text)
                  0000e750    00000014                            : aeabi_memset.S.obj (.text)
                  0000e764    00000014                            : aeabi_uldivmod.S.obj (.text)
                  0000e778    00000012     EthernetUdp.o (.text.EthernetUDP_endPacket)
                  0000e78a    00000012     drivers_cc26x2.a : I2C.c.obj (.text.I2C_transfer)
                  0000e79c    00000012     ti_sysbios_config.o (.text.ti_sysbios_family_arm_m3_Hwi_destruct)
                  0000e7ae    00000012     ti_sysbios_config.o (.text.ti_sysbios_family_arm_m3_Hwi_doSwiRestore)
                  0000e7c0    00000012     ti_sysbios_config.o (.text.ti_sysbios_family_arm_m3_Hwi_doTaskRestore)
                  0000e7d2    00000012     ti_sysbios_config.o (.text.ti_sysbios_heaps_HeapMem_Params_init)
                  0000e7e4    00000012     ti_sysbios_config.o (.text.ti_sysbios_heaps_HeapMem_init)
                  0000e7f6    00000012     ti_sysbios_config.o (.text.ti_sysbios_knl_Clock_Params_init)
                  0000e808    00000012     ti_sysbios_config.o (.text.ti_sysbios_knl_Clock_tick)
                  0000e81a    00000012     ti_sysbios_config.o (.text.ti_sysbios_knl_Queue_Instance_init)
                  0000e82c    00000012     ti_sysbios_config.o (.text.ti_sysbios_knl_Semaphore_Params_init)
                  0000e83e    00000012     libc.a : memcpy_t2.S.obj (.text:TI_memcpy_small)
                  0000e850    00000010     ti_sysbios_config.o (.text.BIOS_start)
                  0000e860    00000010     ti_sysbios_config.o (.text.ClockP_destruct)
                  0000e870    00000010     ti_sysbios_config.o (.text.ClockP_getCpuFreq)
                  0000e880    00000010     ti_sysbios_config.o (.text.ClockP_getTimeout)
                  0000e890    00000010     ti_sysbios_config.o (.text.ClockP_isActive)
                  0000e8a0    00000010     ti_sysbios_config.o (.text.ClockP_start)
                  0000e8b0    00000010     ti_sysbios_config.o (.text.ClockP_stop)
                  0000e8c0    00000010     Ethernet.o (.text.Ethernet_gatewayIP)
                  0000e8d0    00000010     Ethernet.o (.text.Ethernet_localIP)
                  0000e8e0    00000010     Ethernet.o (.text.Ethernet_subnetMask)
                  0000e8f0    00000010     drivers_cc26x2.a : GPIO.c.obj (.text.GPIO_getUserArg)
                  0000e900    00000010                      : GPIOCC26XX.c.obj (.text.GPIO_write)
                  0000e910    00000010     ti_sysbios_config.o (.text.HwiP_clearInterrupt)
                  0000e920    00000010     ti_sysbios_config.o (.text.HwiP_destruct)
                  0000e930    00000010     ti_sysbios_config.o (.text.HwiP_disable)
                  0000e940    00000010     ti_sysbios_config.o (.text.HwiP_disableInterrupt)
                  0000e950    00000010     ti_sysbios_config.o (.text.HwiP_enableInterrupt)
                  0000e960    00000010     ti_sysbios_config.o (.text.HwiP_post)
                  0000e970    00000010     ti_sysbios_config.o (.text.HwiP_restore)
                  0000e980    00000010     rf_multiMode_cc26x2.a : rfc.c.cc26x2.ticlang.o (.text.NOROM_RFCCpeIntGetAndClear)
                  0000e990    00000010                           : rfc.c.cc26x2.ticlang.o (.text.NOROM_RFCHwIntGetAndClear)
                  0000e9a0    00000010     drivers_cc26x2.a : PowerCC26X2_helpers.c.obj (.text.PowerCC26X2_oscCtlClearXtal)
                  0000e9b0    00000010                      : PowerCC26X2_helpers.c.obj (.text.PowerCC26X2_prcmEnableCacheRetention)
                  0000e9c0    00000010                      : PowerCC26X2_calibrateRCOSC_helpers.c.obj (.text.PowerCC26X2_readCtrim)
                  0000e9d0    00000010                      : PowerCC26X2_calibrateRCOSC_helpers.c.obj (.text.PowerCC26X2_readCtrimFract)
                  0000e9e0    00000010                      : PowerCC26X2_calibrateRCOSC_helpers.c.obj (.text.PowerCC26X2_readRtrim)
                  0000e9f0    00000010                      : PowerCC26X2_helpers.c.obj (.text.PowerCC26X2_switchToTCXO)
                  0000ea00    00000010                      : PowerCC26X2.c.obj (.text.Power_getDependencyCount)
                  0000ea10    00000010     ti_sysbios_config.o (.text.SemaphoreP_destruct)
                  0000ea20    00000010     ti_sysbios_config.o (.text.SemaphoreP_post)
                  0000ea30    00000010     ti_sysbios_config.o (.text.SwiP_destruct)
                  0000ea40    00000010     ti_sysbios_config.o (.text.SwiP_disable)
                  0000ea50    00000010     ti_sysbios_config.o (.text.SwiP_getTrigger)
                  0000ea60    00000010     ti_sysbios_config.o (.text.SwiP_post)
                  0000ea70    00000010     ti_sysbios_config.o (.text.SwiP_restore)
                  0000ea80    00000010     ti_sysbios_config.o (.text.SysCtrlAonUpdate)
                  0000ea90    00000010     w5500.o (.text.W5500_getGatewayIp)
                  0000eaa0    00000010     w5500.o (.text.W5500_getIPAddress)
                  0000eab0    00000010     w5500.o (.text.W5500_getSubnetMask)
                  0000eac0    00000010     w5500.o (.text.W5500_setGatewayIp)
                  0000ead0    00000010     w5500.o (.text.W5500_setIPAddress)
                  0000eae0    00000010     w5500.o (.text.W5500_setMACAddress)
                  0000eaf0    00000010     w5500.o (.text.W5500_setSubnetMask)
                  0000eb00    00000010     ti_sysbios_config.o (.text.ti_sysbios_family_arm_cc26xx_Timer_setPeriod)
                  0000eb10    00000010     ti_sysbios_config.o (.text.ti_sysbios_knl_ClockSupport_getMaxTicks)
                  0000eb20    00000010     ti_sysbios_config.o (.text.ti_sysbios_knl_Clock_destruct)
                  0000eb30    00000010     ti_sysbios_config.o (.text.ti_sysbios_knl_Clock_isActive)
                  0000eb40    00000010     ti_sysbios_config.o (.text.ti_sysbios_knl_Clock_removeI)
                  0000eb50    00000010     ti_sysbios_config.o (.text.ti_sysbios_knl_Clock_setTimeout)
                  0000eb60    00000010     ti_sysbios_config.o (.text.ti_sysbios_knl_Idle_loop)
                  0000eb70    00000010     ti_sysbios_config.o (.text.ti_sysbios_knl_Queue_destruct)
                  0000eb80    00000010     ti_sysbios_config.o (.text.ti_sysbios_knl_Queue_elemClear)
                  0000eb90    00000010     ti_sysbios_config.o (.text.ti_sysbios_knl_Swi_enabled)
                  0000eba0    00000010     ti_sysbios_config.o (.text.ti_sysbios_runtime_Types_argToFloat)
                  0000ebb0    00000010     libc.a : copy_zero_init.c.obj (.text:decompress:ZI)
                  0000ebc0    0000000e     ti_sysbios_config.o (.text.BIOS_linkedWithIncorrectBootLibrary)
                  0000ebce    0000000e     EthernetUdp.o (.text.EthernetUDP_begin_init)
                  0000ebdc    0000000e     ti_sysbios_config.o (.text.IntMasterDisable)
                  0000ebea    0000000e     ti_sysbios_config.o (.text.IntMasterEnable)
                  0000ebf8    0000000e     drivers_cc26x2.a : PowerCC26X2.c.obj (.text.OUTLINED_FUNCTION_0)
                  0000ec06    0000000e     rf_multiMode_cc26x2.a : RFCC26X2_multiMode.c.cc26x2.ticlang.o (.text.OUTLINED_FUNCTION_0)
                  0000ec14    0000000e                           : RFCC26X2_multiMode.c.cc26x2.ticlang.o (.text.OUTLINED_FUNCTION_3)
                  0000ec22    0000000e     libc.a : strcpy.c.obj (.text.strcpy)
                  0000ec30    0000000e            : _printfi.c.obj (.text.strlen)
                  0000ec3e    0000000e            : strlen.c.obj (.text.strlen)
                  0000ec4c    0000000e     drivers_cc26x2.a : PowerCC26X2.c.obj (.text.switchToTCXO)
                  0000ec5a    0000000e     ti_sysbios_config.o (.text.ti_sysbios_family_arm_m3_Hwi_restore)
                  0000ec68    0000000e     ti_sysbios_config.o (.text.ti_sysbios_heaps_HeapMem_isBlocking)
                  0000ec76    0000000e     ti_sysbios_config.o (.text.ti_sysbios_knl_Clock_stop)
[...]
0000e7f7  ti_sysbios_knl_Clock_Params_init                                   
0000e809  ti_sysbios_knl_Clock_tick                                          
0000e81b  ti_sysbios_knl_Queue_Instance_init                                 
0000e82d  ti_sysbios_knl_Semaphore_Params_init                               
0000e83f  TI_memcpy_small                                                    
0000e851  BIOS_start                                                         
0000e861  ClockP_destruct                                                    
0000e871  ClockP_getCpuFreq                                                  
0000e881  ClockP_getTimeout                                                  
0000e891  ClockP_isActive                                                    
0000e8a1  ClockP_start                                                       
0000e8b1  ClockP_stop                                                        
0000e8c1  Ethernet_gatewayIP                                                 
0000e8d1  Ethernet_localIP                                                   
0000e8e1  Ethernet_subnetMask                                                
0000e8f1  GPIO_getUserArg                                                    
0000e901  GPIO_write                                                         
0000e911  HwiP_clearInterrupt                                                
0000e921  HwiP_destruct                                                      
0000e931  HwiP_disable                                                       
0000e941  HwiP_disableInterrupt                                              
0000e951  HwiP_enableInterrupt                                               
0000e961  HwiP_post                                                          
0000e971  HwiP_restore                                                       
0000e981  NOROM_RFCCpeIntGetAndClear                                         
0000e991  NOROM_RFCHwIntGetAndClear                                          
0000e9a1  PowerCC26X2_oscCtlClearXtal                                        
0000e9b1  PowerCC26X2_prcmEnableCacheRetention                               
0000e9c1  PowerCC26X2_readCtrim                                              
0000e9d1  PowerCC26X2_readCtrimFract                                         
0000e9e1  PowerCC26X2_readRtrim                                              
0000e9f1  PowerCC26X2_switchToTCXO                                           
0000ea01  Power_getDependencyCount                                           
0000ea11  SemaphoreP_destruct                                                
0000ea21  SemaphoreP_post                                                    
0000ea31  SwiP_destruct                                                      
0000ea41  SwiP_disable                                                       
0000ea51  SwiP_getTrigger                                                    
0000ea61  SwiP_post                                                          
0000ea71  SwiP_restore                                                       
0000ea91  W5500_getGatewayIp                                                 
0000eaa1  W5500_getIPAddress                                                 
0000eab1  W5500_getSubnetMask                                                
0000eac1  W5500_setGatewayIp                                                 
0000ead1  W5500_setIPAddress                                                 
0000eae1  W5500_setMACAddress                                                
0000eaf1  W5500_setSubnetMask                                                
0000eb01  ti_sysbios_family_arm_cc26xx_Timer_setPeriod                       
0000eb11  ti_sysbios_knl_ClockSupport_getMaxTicks                            
0000eb21  ti_sysbios_knl_Clock_destruct                                      
0000eb31  ti_sysbios_knl_Clock_isActive                                      
0000eb41  ti_sysbios_knl_Clock_removeI                                       
0000eb51  ti_sysbios_knl_Clock_setTimeout                                    
0000eb61  ti_sysbios_knl_Idle_loop                                           
0000eb71  ti_sysbios_knl_Queue_destruct                                      
0000eb81  ti_sysbios_knl_Queue_elemClear                                     
0000eb91  ti_sysbios_knl_Swi_enabled                                         
0000ebb1  __TI_zero_init                                                     
0000ebc1  BIOS_linkedWithIncorrectBootLibrary                                
0000ebcf  EthernetUDP_begin_init                                             
0000ec23  strcpy                                                             
0000ec3f  strlen                                                             
0000ec69  ti_sysbios_heaps_HeapMem_isBlocking                                
0000ec77  ti_sysbios_knl_Clock_stop                                          
0000ec85  ti_sysbios_runtime_SystemSupport_exit                              
0000ec93  TI_memset_small                                                    
0000eca1  __TI_decompress_none                                               
0000ecbb  BIOS_getThreadType                                                 
0000ecc7  ClockP_getSystemTickPeriod                                         
0000ecd3  EthernetUDP_available                                              
0000ecdf  EthernetUDP_rawIPAddress                                           
0000eceb  EthernetUDP_remotePort                                             
0000ecf7  I2C_Params_init                                                    
0000ed03  NOROM_CPUcpsid                                                     
0000ed0f  NOROM_CPUcpsie                                                     
0000ed29  PowerCC26X2_oscClockSourceGet                                      
0000ed35  PowerCC26X2_setPeriphDeepSleepEnable                               
0000ed41  PowerCC26X2_sysCtrlGetResetSource                                  
0000ed4d  PowerCC26X2_sysCtrlVoltageConditionalControl                       
0000ed59  Power_getConstraintMask                                            
0000ed65  RF_Params_init                                                     
0000ed71  SPI_Params_init                                                    
0000ed7d  STV_ReadFromAddress                                                
0000ed89  _register_lock                                                     
0000ed95  _register_unlock                                                   
0000eda1  resetSS                                                            
0000edad  setSS                                                              
0000edc5  ti_sysbios_knl_Queue_head                                          
0000edd1  ti_sysbios_knl_Queue_next                                          
0000eddd  ti_sysbios_knl_Queue_prev                                          
0000ede9  ti_sysbios_knl_Swi_getTrigger                                      
0000edf5  ti_sysbios_knl_Swi_postInit                                        
0000ee01  ti_sysbios_knl_Swi_self                                            
0000ee0d  ti_sysbios_knl_Task_self                                           
0000ee37  PowerCC26X2_sysCtrlStandby                                         
0000ee41  RadioQueue_getDQpointer                                            
0000ee4b  SPICC26X2DMA_init                                                  
0000ee55  UDMACC26XX_hwiIntFxn                                               
0000ee91  ti_sysbios_knl_Swi_startup                                         
0000ee9b  ti_sysbios_runtime_Error_check                                     
0000eeb9  Boot_trimDevice                                                    
0000eec1  DHCP_presend_DHCP                                                  
0000eed1  I2CSupport_masterFinish                                            
0000eed9  NOROM_CPUdelay                                                     
0000eef1  PowerCC26X2_oschfTrySwitchToXosc                                   
0000eef9  ResetISR                                                           
0000ef01  __aeabi_errno_addr                                                 
0000ef09  _system_post_cinit                                                 
0000ef11  _system_pre_init                                                   
0000ef21  ti_sysbios_family_arm_m3_Hwi_startup                               
0000ef29  ti_sysbios_runtime_Startup_reset                                   
0000ef31  ti_sysbios_runtime_System_exitSpin                                 
0000ef45  SPI_transfer                                                       
0000ef4b  random                                                             
0000ef51  NOROM_RFCOverrideUpdate                                            
0000ef59  PowerCC26X2_oschfSwitchToRcosc                                     
0000ef5d  PowerCC26X2_sysCtrlIdle                                            
0000ef61  PowerCC26X2_turnOnXosc                                             
0000ef65  RF_defaultExecutionPolicy                                          
0000ef71  ti_sysbios_gates_GateMutex_canBlock                                
0000ef75  ti_sysbios_knl_TaskSupport_getStackAlignment                       
0000ef79  ti_sysbios_runtime_Memory_getMaxDefaultTypeAlign                   
0000ef7d  ti_sysbios_runtime_SystemSupport_ready                             
0000ef81  __aeabi_memcpy                                                     
0000ef81  __aeabi_memcpy4                                                    
0000ef81  __aeabi_memcpy8                                                    
0000f577  GPIO_pinLowerBound                                                 
000103c2  GPIO_pinUpperBound                                                 
000103c3  I2C_count                                                          
000103c4  ti_sysbios_family_arm_m3_Hwi_swiTaskKeyAddress                     
0001055c  resourceDB                                                         
000105b0  spiCC26X2DMAHWAttrs                                                
00010636  SPI_count                                                          
00010637  TemperatureCC26X2_config                                           
00010638  SPI_defaultParams                                                  
00010658  SSD1306_InitSequence                                               
000106b4  SPICC26X2DMA_fxnTable                                              
000106fc  i2cCC26xxHWAttrs                                                   
0001072c  PowerCC26X2_config                                                 
00010767  ti_sysbios_knl_Clock_tickMode                                      
00010768  GPIO_config                                                        
00010788  RFCC26XX_hwAttrs                                                   
00010794  SPI_config                                                         
000107cc  I2C_config                                                         
000107d4  UDMACC26XX_config                                                  
000107e4  ti_sysbios_knl_Idle_funcList                                       
000107ec  udmaCC26XXHWAttrs                                                  
000107fb  ti_sysbios_knl_Task_checkStackFlag                                 
00010800  ti_sysbios_knl_Clock_tickPeriod                                    
00010804  ti_sysbios_knl_Swi_numPriorities                                   
00010808  ti_sysbios_knl_Task_initStackFlag                                  
0001080c  __c_args__                                                         
000109e8  __TI_Handler_Table_Base                                            
000109f4  __TI_Handler_Table_Limit                                           
00010a1c  __TI_CINIT_Base                                                    
00010a4c  __TI_CINIT_Limit                                                   
00010a4c  __TI_CINIT_Warm                                                    
0004ffa8  __ccfg                                                             
20000000  __start___llvm_prf_bits                                            
20000000  __start___llvm_prf_cnts                                            
20000000  __stop___llvm_prf_bits                                             
20000000  __stop___llvm_prf_cnts                                             
20000000  ti_sysbios_family_arm_m3_Hwi_ramVectors                            
200000d8  PowerCC26X2_module                                                 
2000024c  gpioPinConfigs                                                     
20000330  ti_sysbios_knl_Clock_Module_state                                  
20000454  ble_pOverridesCommon                                               
200004a8  RFCMD_ieeeRX                                                       
200004e8  ti_sysbios_family_arm_m3_Hwi_Module_state                          
20000524  ti_sysbios_knl_Task_Module_state                                   
20000560  BIOS_Module_state                                                  
2000058c  ti_sysbios_knl_Swi_Module_state                                    
200005b4  RFCMD_bleRadioSetup                                                
200005d8  RFCMD_bleGenericRX                                                 
200005f8  ble_pOverrides2Mbps                                                
20000614  RFCMD_bleFrequencySynthesizer                                      
2000062c  RFCMD_ieeeFrequencySynthesizer                                     
20000644  RFCMD_ieeeRadioSetup                                               
2000065c  ble_pOverrides1Mbps                                                
20000674  RFCMD_bleGenericRXPar                                              
20000688  ble_pOverridesCoded                                                
2000069c  Ethernet_server_port                                               
200006ac  RFCMD_bleModeObject                                                
200006bc  RFCMD_ieeeModeObject                                               
200006cc  _hposcCoeffs                                                       
200006dc  ieee_pOverrides                                                    
200006ec  ti_sysbios_runtime_SysMin_Module_state                             
200006fc  ti_sysbios_family_arm_cc26xx_Timer_Module_state                    
20000708  ti_sysbios_runtime_Error_ignore                                    
20000714  ti_sysbios_runtime_System_Module_state                             
20000728  RFCC26XX_schedulerPolicy                                           
20000738  ti_sysbios_gates_GateMutex_Module_state                            
20000740  ti_sysbios_heaps_HeapMem_Module_state                              
20000748  ti_sysbios_knl_Semaphore_Module_state                              
20000754  EthernetClientPrintMethods                                         
20000758  EthernetUDPPrintMethods                                            
20000760  __aeabi_errno                                                      
20000764  _lock                                                              
20000768  _unlock                                                            
20000770  ti_sysbios_runtime_Memory_defaultHeapInstance                      
20000779  ti_sysbios_knl_Idle_initDone                                       
2000077a  ti_sysbios_runtime_Startup_done                                    
20001a50  __primary_heap_start__                                             
20005a50  __primary_heap_end__                                               
20007690  ti_sysbios_knl_Idle_taskStack                                      
20007a90  ti_sysbios_runtime_SysMin_outbuf                                   
2000830c  i2cCC26xxObjects                                                   
2000844c  _CIOBUF_                                                           
2000844c  __CIOBUF_                                                          
2000856c  spiCC26X2DMAObjects                                                
2000866c  ti_sysbios_family_arm_m3_Hwi_dispatchTable                         
20008744  gpioCallbackFunctions                                              
200087c0  gpioUserArgs                                                       
200088a8  ti_sysbios_knl_ClockSupport_timerStruct                            
20008908  ti_sysbios_knl_Idle_taskStruct                                     
20008a24  ti_sysbios_knl_Swi_readyQs                                         
20008a54  ti_sysbios_knl_Task_readyQs                                        
20008a84  BIOS_heapMemObject                                                 
20008ab0  BIOS_rtsGate                                                       
20008ad8  ti_sysbios_heaps_HeapMem_gate                                      
20008b00  dashboardTaskParams                                                
20008b24  initTaskParams                                                     
20008b48  sniffingTaskParams                                                 
20008b6c  Ethernet                                                           
20008b8c  ti_sysbios_runtime_System_atexitHandlers                           
20008bac  udmaCC26XXObject                                                   
20008c04  ti_sysbios_hal_Seconds_Module_state                                
20008c28  ethernetUdp                                                        
20008c38  ieeeStats                                                          
20008c48  Dashboard_SemaphoreParams                                          
20008c54  Init_SemaphoreParams                                               
20008c60  bleStats                                                           
20008c7c  parmbuf                                                            
20008c9c  Dashboard_SemaphoreHandle                                          
20008ca0  Init_SemaphoreHandle                                               
20008ca4  PowerCC26XX_swiKey                                                 
20008ca8  PowerCC26XX_taskKey                                                
20008cac  dashboardTaskHandle                                                
20008cb0  initTaskHandle                                                     
20008cb4  rfHnd                                                              
20008cb8  sniffingTaskHandle                                                 
20008cbc  spi                                                                
20008cc0  ti_sysbios_family_arm_cc26xx_TimestampProvider_Module_state        
20008cc4  ti_sysbios_knl_Task_defaultStackHeap                               
20008cc8  _counter                                                           
20008cca  ethernetServer                                                     
20011a00  __stack                                                            
20012000  __STACK_END                                                        
ffffffff  __TI_pprof_out_hndl                                                
ffffffff  __TI_prof_data_size                                                
ffffffff  __TI_prof_data_start                                               
ffffffff  __binit__                                                          
ffffffff  binit                                                              
UNDEFED   ITM_flush                                                          
UNDEFED   ITM_restore                                                        
UNDEFED   __mpu_init                                                         

[753 symbols]
