******************************************************************************
            TI ARM Clang Linker PC v2.1.2                      
******************************************************************************
>> Linked Sat Feb 17 17:36:13 2024

OUTPUT FILE NAME:   <multiSniff_LP_CC2652RB_tirtos7_ticlang2.out>
ENTRY POINT SYMBOL: "ResetISR"  address: 0000e92b


MEMORY CONFIGURATION

         name            origin    length      used     unused   attr    fill
----------------------  --------  ---------  --------  --------  ----  --------
  FLASH                 00000000   00050000  000104c4  0003fb3c  R  X
  STV_R                 00050000   00000020  00000000  00000020  R   
  HTML                  00051000   00003000  00000000  00003000  R   
  GPRAM                 11000000   00002000  00000000  00002000  RW X
  SRAM                  20000000   00012000  00008017  00009fe9  RW X
  MTU_BUFFER            20012000   00001500  00000000  00001500  RW  
  STV_W                 20013500   00000020  00000000  00000020   W  
  LOG_DATA              90000000   00040000  00000000  00040000  R   


SEGMENT ALLOCATION MAP

run origin  load origin   length   init length attrs members
----------  ----------- ---------- ----------- ----- -------
00000000    00000000    00010230   00010230    r-x
  00000000    00000000    0000003c   0000003c    r-- .resetVecs
  00000040    00000040    0000e984   0000e984    r-x .text
  0000e9c8    0000e9c8    00001868   00001868    r-- .rodata
00010230    00010230    00000008   00000008    rw-
  00010230    00010230    00000008   00000008    rw- .args
00010238    00010238    0000023c   0000023c    r--
  00010238    00010238    0000023c   0000023c    r-- .cinit
0004ffa8    0004ffa8    00000058   00000058    r--
  0004ffa8    0004ffa8    00000058   00000058    r-- .ccfg
200000d8    200000d8    000006a3   00000000    rw-
  200000d8    200000d8    000006a3   00000000    rw- .data
20001830    20001830    00000010   00000000    rw-
  20001830    20001830    00000010   00000000    rw- .TI.bound:dmaSpi0RxControlTableEntry
20001840    20001840    00000010   00000000    rw-
  20001840    20001840    00000010   00000000    rw- .TI.bound:dmaSpi0TxControlTableEntry
20001a30    20001a30    00000010   00000000    rw-
  20001a30    20001a30    00000010   00000000    rw- .TI.bound:dmaSpi0RxAltControlTableEntry
20001a40    20001a40    00000010   00000000    rw-
  20001a40    20001a40    00000010   00000000    rw- .TI.bound:dmaSpi0TxAltControlTableEntry
20001a50    20001a50    00004000   00000000    r--
  20001a50    20001a50    00004000   00000000    r-- .priheap
20005a50    20005a50    0000325c   00000000    rw-
  20005a50    20005a50    0000325c   00000000    rw- .bss
20011a00    20011a00    00000600   00000000    rw-
  20011a00    20011a00    00000600   00000000    rw- .stack


SECTION ALLOCATION MAP

 output                                  attributes/
section   page    origin      length       input sections
--------  ----  ----------  ----------   ----------------
.binit     0    00000000    00000000     

.cinit     0    00010238    0000023c     
                  00010238    000001d5     (.cinit..data.load) [load image, compression = lzss]
                  0001040d    00000003     --HOLE-- [fill = 0]
                  00010410    0000000c     (__TI_handler_table)
                  0001041c    00000008     (.cinit..TI.bound:dmaSpi0RxAltControlTableEntry.load) [load image, compression = zero_init]
                  00010424    00000008     (.cinit..TI.bound:dmaSpi0RxControlTableEntry.load) [load image, compression = zero_init]
                  0001042c    00000008     (.cinit..TI.bound:dmaSpi0TxAltControlTableEntry.load) [load image, compression = zero_init]
                  00010434    00000008     (.cinit..TI.bound:dmaSpi0TxControlTableEntry.load) [load image, compression = zero_init]
                  0001043c    00000008     (.cinit..bss.load) [load image, compression = zero_init]
                  00010444    00000030     (__TI_cinit_table)

.init_array 
*          0    00000000    00000000     UNINITIALIZED

.ccfg      0    0004ffa8    00000058     
                  0004ffa8    00000058     ti_devices_config.o (.ccfg)

.data      0    200000d8    000006a3     UNINITIALIZED
                  200000d8    00000174     drivers_cc26x2.a : PowerCC26X2.c.obj (.data.PowerCC26X2_module)
                  2000024c    0000007c     ti_drivers_config.o (.data.gpioPinConfigs)
                  200002c8    00000068     rf_multiMode_cc26x2.a : RFCC26X2_multiMode.c.cc26x2.ticlang.o (.data..L_MergedGlobals.1)
                  20000330    00000068     ti_sysbios_config.o (.data.ti_sysbios_knl_Clock_Module_state)
                  20000398    00000064     rf_multiMode_cc26x2.a : RFCC26X2_multiMode.c.cc26x2.ticlang.o (.data..L_MergedGlobals.3)
                  200003fc    00000058                           : RFCC26X2_multiMode.c.cc26x2.ticlang.o (.data..L_MergedGlobals.2)
                  20000454    00000054     ti_radio_config.o (.data.ble_pOverridesCommon)
                  200004a8    00000040     ti_radio_config.o (.data.RFCMD_ieeeRX)
                  200004e8    0000003c     ti_sysbios_config.o (.data.ti_sysbios_family_arm_m3_Hwi_Module_state)
                  20000524    0000003c     ti_sysbios_config.o (.data.ti_sysbios_knl_Task_Module_state)
                  20000560    0000002c     ti_sysbios_config.o (.data.BIOS_Module_state)
                  2000058c    00000028     ti_sysbios_config.o (.data.ti_sysbios_knl_Swi_Module_state)
                  200005b4    00000024     ti_radio_config.o (.data.RFCMD_bleRadioSetup)
                  200005d8    00000020     ti_radio_config.o (.data.RFCMD_bleGenericRX)
                  200005f8    0000001c     ti_radio_config.o (.data.ble_pOverrides2Mbps)
                  20000614    00000018     ti_radio_config.o (.data.RFCMD_bleFrequencySynthesizer)
                  2000062c    00000018     ti_radio_config.o (.data.RFCMD_ieeeFrequencySynthesizer)
                  20000644    00000018     ti_radio_config.o (.data.RFCMD_ieeeRadioSetup)
                  2000065c    00000018     ti_radio_config.o (.data.ble_pOverrides1Mbps)
                  20000674    00000014     ti_radio_config.o (.data.RFCMD_bleGenericRXPar)
                  20000688    00000014     ti_radio_config.o (.data.ble_pOverridesCoded)
                  2000069c    00000010     Ethernet.o (.data.Ethernet_server_port)
                  200006ac    00000010     ti_radio_config.o (.data.RFCMD_bleModeObject)
                  200006bc    00000010     ti_radio_config.o (.data.RFCMD_ieeeModeObject)
                  200006cc    00000010     driverlib.lib : osc.o (.data._hposcCoeffs)
                  200006dc    00000010     ti_radio_config.o (.data.ieee_pOverrides)
                  200006ec    00000010     ti_sysbios_config.o (.data.ti_sysbios_runtime_SysMin_Module_state)
                  200006fc    0000000c     ti_sysbios_config.o (.data.ti_sysbios_family_arm_cc26xx_Timer_Module_state)
                  20000708    0000000c     ti_sysbios_config.o (.data.ti_sysbios_runtime_Error_ignore)
                  20000714    0000000c     ti_sysbios_config.o (.data.ti_sysbios_runtime_System_Module_state)
                  20000720    00000008     rf_multiMode_cc26x2.a : RFCC26X2_multiMode.c.cc26x2.ticlang.o (.data..L_MergedGlobals)
                  20000728    00000008                           : RFCC26X2_multiMode.c.cc26x2.ticlang.o (.data.RFCC26XX_schedulerPolicy)
                  20000730    00000008     ti_sysbios_config.o (.data.prefixStrings)
                  20000738    00000008     ti_sysbios_config.o (.data.ti_sysbios_gates_GateMutex_Module_state)
                  20000740    00000008     ti_sysbios_config.o (.data.ti_sysbios_heaps_HeapMem_Module_state)
                  20000748    00000008     ti_sysbios_config.o (.data.ti_sysbios_knl_Semaphore_Module_state)
                  20000750    00000004     drivers_cc26x2.a : TemperatureCC26X2.c.obj (.data..L_MergedGlobals)
                  20000754    00000004     EthernetClient.o (.data.EthernetClientPrintMethods)
                  20000758    00000004     EthernetUdp.o (.data.EthernetUDPPrintMethods)
                  2000075c    00000004     rf_multiMode_cc26x2.a : RFCC26X2_multiMode.c.cc26x2.ticlang.o (.data.RF_fsmActiveState.lfClockSourceLast)
                  20000760    00000004     libc.a : aeabi_portable.c.obj (.data.__aeabi_errno)
                  20000764    00000004            : _lock.c.obj (.data._lock)
                  20000768    00000004            : _lock.c.obj (.data._unlock)
                  2000076c    00000004     ti_sysbios_config.o (.data.terminatedList)
                  20000770    00000004     ti_sysbios_config.o (.data.ti_sysbios_runtime_Memory_defaultHeapInstance)
                  20000774    00000001     rf_multiMode_cc26x2.a : rf_patch_cpe_bt5.c.cc26x2.ticlang.o (.data.bBt5PatchEntered)
                  20000775    00000001                           : rf_patch_cpe_ieee_802_15_4.c.cc26x2.ticlang.o (.data.bIeee802154PatchEntered)
                  20000776    00000001     drivers_cc26x2.a : GPIOCC26X2.c.obj (.data.initCalled)
                  20000777    00000001                      : SPI.c.obj (.data.isInitialized)
                  20000778    00000001                      : TemperatureCC26X2.c.obj (.data.isInitialized)
                  20000779    00000001     ti_sysbios_config.o (.data.ti_sysbios_knl_Idle_initDone)
                  2000077a    00000001     ti_sysbios_config.o (.data.ti_sysbios_runtime_Startup_done)

.bss       0    20005a50    0000325c     UNINITIALIZED
                  20005a50    0000183c     radio_queue.o (.bss.RadioQueue_RXbuffer)
                  2000728c    00000401     ssd1306.o (.bss.SSD1306_LcdBufferInclStreamByte)
                  2000768d    00000002     ssd1306.o (.bss.SSD1306_SendCommand.buffer)
                  2000768f    00000001     dashboard_task.o (.bss.Dashboard_Main.readDestination)
                  20007690    00000400     (.common:ti_sysbios_knl_Idle_taskStack)
                  20007a90    00000400     (.common:ti_sysbios_runtime_SysMin_outbuf)
                  20007e90    000002c0     rf_multiMode_cc26x2.a : RFCC26X2_multiMode.c.cc26x2.ticlang.o (.bss.RF_cmdPool)
                  20008150    000001ba     html.o (.bss.valueBuffer)
                  2000830a    00000002     socket.o (.bss.local_port)
                  2000830c    00000140     (.common:i2cCC26xxObjects)
                  2000844c    00000120     libsysbm.a : trgmsg.c.obj (.bss:_CIOBUF_)
                  2000856c    00000100     (.common:spiCC26X2DMAObjects)
                  2000866c    000000d8     (.common:ti_sysbios_family_arm_m3_Hwi_dispatchTable)
                  20008744    0000007c     (.common:gpioCallbackFunctions)
                  200087c0    0000007c     (.common:gpioUserArgs)
                  2000883c    00000004     radio_queue.o (.bss.RadioQueue_ReadEntry)
                  20008840    00000068     rf_multiMode_cc26x2.a : RFCC26X2_multiMode.c.cc26x2.ticlang.o (.bss.RF_ratModule)
                  200088a8    00000060     (.common:ti_sysbios_knl_ClockSupport_timerStruct)
                  20008908    00000058     (.common:ti_sysbios_knl_Idle_taskStruct)
                  20008960    00000044                           : RFCC26X2_multiMode.c.cc26x2.ticlang.o (.bss.RF_clkInactivityObj)
                  200089a4    00000044                           : RFCC26X2_multiMode.c.cc26x2.ticlang.o (.bss.RF_clkPowerUpObj)
                  200089e8    0000003c                           : RFCC26X2_multiMode.c.cc26x2.ticlang.o (.bss.RF_swiHwObj)
                  20008a24    00000030     (.common:ti_sysbios_knl_Swi_readyQs)
                  20008a54    00000030     (.common:ti_sysbios_knl_Task_readyQs)
                  20008a84    0000002c     (.common:BIOS_heapMemObject)
                  20008ab0    00000028     (.common:BIOS_rtsGate)
                  20008ad8    00000028     (.common:ti_sysbios_heaps_HeapMem_gate)
                  20008b00    00000024     (.common:dashboardTaskParams)
                  20008b24    00000024     (.common:initTaskParams)
                  20008b48    00000024     (.common:sniffingTaskParams)
                  20008b6c    00000020     (.common:Ethernet)
                  20008b8c    00000020     (.common:ti_sysbios_runtime_System_atexitHandlers)
                  20008bac    00000020     (.common:udmaCC26XXObject)
                  20008bcc    0000001c     drivers_cc26x2.a : TemperatureCC26X2.c.obj (.bss.batmonHwi)
                  20008be8    0000001c                      : GPIOCC26X2.c.obj (.bss.gpioHwi)
                  20008c04    00000014     (.common:ti_sysbios_hal_Seconds_Module_state)
                  20008c18    00000010     ssd1306.o (.bss._i2cParams)
                  20008c28    00000010     (.common:ethernetUdp)
                  20008c38    0000000c     (.common:Dashboard_SemaphoreParams)
                  20008c44    0000000c     (.common:Init_SemaphoreParams)
                  20008c50    00000008     radio_queue.o (.bss.RadioQueue_object)
                  20008c58    00000008     drivers_cc26x2.a : TemperatureCC26X2.c.obj (.bss.notificationList)
                  20008c60    00000008     (.common:parmbuf)
                  20008c68    00000004     dashboard_task.o (.bss.StrTok.p)
                  20008c6c    00000004     ssd1306.o (.bss._i2c)
                  20008c70    00000004     driverlib.lib : osc.o (.bss.oscHfGlobals.0)
                  20008c74    00000004                   : osc.o (.bss.oscHfGlobals.2)
                  20008c78    00000004                   : osc.o (.bss.oscHfGlobals.3)
                  20008c7c    00000004                   : osc.o (.bss.oscHfGlobals.4)
                  20008c80    00000004     (.common:Dashboard_SemaphoreHandle)
                  20008c84    00000004     (.common:Init_SemaphoreHandle)
                  20008c88    00000004     (.common:PowerCC26XX_swiKey)
                  20008c8c    00000004     (.common:PowerCC26XX_taskKey)
                  20008c90    00000004     (.common:dashboardTaskHandle)
                  20008c94    00000004     (.common:initTaskHandle)
                  20008c98    00000004     (.common:sniffingTaskHandle)
                  20008c9c    00000004     (.common:spi)
                  20008ca0    00000004     (.common:ti_sysbios_family_arm_cc26xx_TimestampProvider_Module_state)
                  20008ca4    00000004     (.common:ti_sysbios_knl_Task_defaultStackHeap)
                  20008ca8    00000002     (.common:_counter)
                  20008caa    00000002     (.common:ethernetServer)

.stack     0    20011a00    00000600     UNINITIALIZED
                  20011a00    00000004     sysbios.a : boot_cortex_m.obj (.stack)
                  20011a04    000005fc     --HOLE--

.priheap   0    20001a50    00004000     UNINITIALIZED
                  20001a50    00004000     --HOLE--

.log_data 
*          0    90000000    00000000     COPY SECTION

.resetVecs 
*          0    00000000    0000003c     
                  00000000    0000003c     ti_sysbios_config.o (.resetVecs)

.vecs      0    20000000    000000d8     NOLOAD SECTION
                  20000000    000000d8     ti_sysbios_config.o (.vecs)

.text      0    00000040    0000e984     
                  00000040    000005f0     ti_sysbios_config.o (.text.ti_sysbios_runtime_System_doPrint)
                  00000630    000005ea     driverlib.lib : osc.o (.text.findHposcCoefficients)
                  00000c1a    00000002     ti_sysbios_config.o (.text.BIOS_nullFunc)
                  00000c1c    00000498     rf_multiMode_cc26x2.a : RFCC26X2_multiMode.c.cc26x2.ticlang.o (.text.RF_fsmActiveState)
                  000010b4    00000372     Dhcp.o (.text.DHCP_parseDHCPResponse)
                  00001426    00000002     ti_drivers_config.o (.text.Board_initHook)
                  00001428    000002de     log.o (.text.Log_print)
                  00001706    00000002     drivers_cc26x2.a : I2C.c.obj (.text.I2C_init)
                  00001708    000002c8                      : SPICC26X2DMA.c.obj (.text.SPICC26X2DMA_transfer)
                  000019d0    0000029c     rf_multiMode_cc26x2.a : RFCC26X2_multiMode.c.cc26x2.ticlang.o (.text.RF_open)
                  00001c6c    0000025c     Dhcp.o (.text.DHCP_send_DHCP_MESSAGE)
                  00001ec8    00000236     Dhcp.o (.text.DHCP_request_DHCP_lease)
                  000020fe    00000002     rf_multiMode_cc26x2.a : rfc.c.cc26x2.ticlang.o (.text.NOROM_RFCCpePatchReset)
                  00002100    00000200     ti_sysbios_config.o (.text.ti_sysbios_runtime_System_printfExtend)
                  00002300    000001fa     ti_sysbios_config.o (.text.ti_sysbios_family_arm_m3_Hwi_excFillContext)
                  000024fa    00000002     rf_multiMode_cc26x2.a : RFCC26X2_multiMode.c.cc26x2.ticlang.o (.text.RF_defaultCallback)
                  000024fc    000001dc                           : RFCC26X2_multiMode.c.cc26x2.ticlang.o (.text.RF_dispatchNextCmd)
                  000026d8    000001b6     libclang_rt.builtins.a : adddf3.S.obj (.text)
                  0000288e    000001ae     drivers_cc26x2.a : SPICC26X2DMA.c.obj (.text.SPICC26X2DMA_hwiFxn)
                  00002a3c    000001aa     ti_sysbios_config.o (.text.ti_sysbios_knl_TaskSupport_buildTaskStack)
                  00002be6    000001a4     init_task.o (.text.Init_Main)
                  00002d8a    0000019a     ssd1306.o (.text.SSD1306_DrawLine)
                  00002f24    00000198     ti_sysbios_config.o (.text.ti_sysbios_family_arm_cc26xx_Timer_construct)
                  000030bc    00000194     drivers_cc26x2.a : PowerCC26X2_calibrateRCOSC.c.obj (.text.PowerCC26X2_auxISR)
                  00003250    0000018e     ti_sysbios_config.o (.text.ti_sysbios_knl_Task_Instance_init)
                  000033de    00000002     libclang_rt.builtins.a : aeabi_div0.c.obj (.text.__aeabi_ldiv0)
                  000033e0    00000188     drivers_cc26x2.a : SPICC26X2DMA.c.obj (.text.SPICC26X2DMA_open)
                  00003568    00000160                      : SPICC26X2DMA.c.obj (.text.configNextTransfer)
                  000036c8    00000158                      : PowerCC26X2.c.obj (.text.Power_sleep)
                  00003820    00000148     rf_multiMode_cc26x2.a : RFCC26X2_multiMode.c.cc26x2.ticlang.o (.text.RF_radioOpDoneCb)
                  00003968    0000013e     ti_sysbios_config.o (.text.PowerCC26XX_standbyPolicy)
                  00003aa6    0000013e     ti_sysbios_config.o (.text.ti_sysbios_heaps_HeapMem_allocUnprotected)
                  00003be4    0000013c     drivers_cc26x2.a : I2CCC26XX.c.obj (.text.I2C_open)
                  00003d20    0000013c     ti_sysbios_config.o (.text.ti_sysbios_knl_Clock_workFuncDynamic)
                  00003e5c    00000136     IPAddress.o (.text.IPAddress_toString)
                  00003f92    00000002     libc.a : _lock.c.obj (.text._nop)
                  00003f94    00000136     libclang_rt.builtins.a : divdf3.S.obj (.text)
                  000040ca    00000002     drivers_cc26x2.a : PowerCC26X2.c.obj (.text.emptyClockFunc)
                  000040cc    00000134     driverlib.lib : osc.o (.text.findHposcPc)
                  00004200    00000130     Dhcp.o (.text.DHCP_checkLease)
                  00004330    0000012c     rf_multiMode_cc26x2.a : RFCC26X2_multiMode.c.cc26x2.ticlang.o (.text.RF_fsmSetupState)
                  0000445c    00000126     drivers_cc26x2.a : I2C.c.obj (.text.I2C_transferTimeout)
                  00004582    00000002     ti_sysbios_config.o (.text.ti_sysbios_family_arm_cc26xx_Timer_startup)
                  00004584    00000124     rf_multiMode_cc26x2.a : RFCC26X2_multiMode.c.cc26x2.ticlang.o (.text.RF_abortCmd)
                  000046a8    00000122     drivers_cc26x2.a : SPICC26X2DMA.c.obj (.text.SPICC26X2DMA_transferCancel)
                  000047ca    00000002     ti_sysbios_config.o (.text.ti_sysbios_knl_TaskSupport_init)
                  000047cc    0000011c     sysbios.a : Hwi_asm_gnu.obj (.text.ti_sysbios_family_arm_m3_Hwi_dispatch)
                  000048e8    00000118     drivers_cc26x2.a : PowerCC26X2.c.obj (.text.Power_init)
                  00004a00    00000118     rf_multiMode_cc26x2.a : RFCC26X2_multiMode.c.cc26x2.ticlang.o (.text.RF_decodeOverridePointers)
                  00004b18    0000010e     ti_sysbios_config.o (.text.ti_sysbios_knl_Semaphore_pend)
                  00004c26    00000002     --HOLE-- [fill = 0]
                  00004c28    0000010c     drivers_cc26x2.a : PowerCC26X2_calibrateRCOSC.c.obj (.text.PowerCC26X2_calibrate)
                  00004d34    0000010a     ssd1306.o (.text.SSD1306_DrawChar)
                  00004e3e    0000010a     ti_sysbios_config.o (.text.ti_sysbios_knl_Task_Instance_finalize)
                  00004f48    00000108     rf_multiMode_cc26x2.a : RFCC26X2_multiMode.c.cc26x2.ticlang.o (.text.RF_fsmPowerUpState)
                  00005050    00000108     dashboard_task.o (.text.UpdateDashboardInfo)
                  00005158    00000104     drivers_cc26x2.a : GPIOCC26X2.c.obj (.text.GPIO_init)
                  0000525c    00000102     dashboard_task.o (.text.Dashboard_Main)
                  0000535e    000000fe     ti_sysbios_config.o (.text.ti_sysbios_family_arm_m3_Hwi_Instance_init)
                  0000545c    000000fc     rf_multiMode_cc26x2.a : RFCC26X2_multiMode.c.cc26x2.ticlang.o (.text.RF_hwiCpe0Active)
                  00005558    000000fc     libclang_rt.builtins.a : muldf3.S.obj (.text)
                  00005654    000000fa     dashboard_task.o (.text.SetStatusProperty)
                  0000574e    00000002     --HOLE-- [fill = 0]
                  00005750    000000f4     driverlib.lib : sys_ctrl.o (.text.NOROM_SysCtrlStandby)
                  00005844    000000f4     dashboard_task.o (.text.StrTok)
                  00005938    000000f2     radio_queue.o (.text.RadioQueue_create)
                  00005a2a    000000ee     ti_sysbios_config.o (.text.ti_sysbios_knl_Clock_startI)
                  00005b18    000000e8     drivers_cc26x2.a : I2CCC26XX.c.obj (.text.I2CCC26XX_hwiFxn)
                  00005c00    000000e8     socket.o (.text.send)
                  00005ce8    000000e4     driverlib.lib : setup.o (.text.NOROM_SetupTrimDevice)
                  00005dcc    000000e4     ti_sysbios_config.o (.text.ti_sysbios_family_arm_m3_Hwi_initNVIC)
                  00005eb0    000000da     ti_sysbios_config.o (.text.ti_sysbios_heaps_HeapMem_freeUnprotected)
                  00005f8a    00000002     --HOLE-- [fill = 0]
                  00005f8c    000000d8     drivers_cc26x2.a : SPICC26X2DMA.c.obj (.text.SPICC26X2DMA_control)
                  00006064    000000d0                      : PowerCC26X2.c.obj (.text.configureXOSCHF)
                  00006134    000000ce     radio_api.o (.text.Radio_initRXCmd)
                  00006202    00000002     --HOLE-- [fill = 0]
                  00006204    000000cc     rf_multiMode_cc26x2.a : RFCC26X2_multiMode.c.cc26x2.ticlang.o (.text.RF_postCmd)
                  000062d0    000000ca                           : RFCC26X2_multiMode.c.cc26x2.ticlang.o (.text.RF_updatePaConfiguration)
                  0000639a    000000c8     IPAddress.o (.text.IPAddress_fromString)
                  00006462    000000c4     driverlib.lib : setup.o (.text.TrimAfterColdResetWakeupFromShutDown)
                  00006526    000000c0     ti_sysbios_config.o (.text.ti_sysbios_knl_Clock_walkQueueDynamic)
                  000065e6    000000c0     ti_sysbios_config.o (.text.ti_sysbios_knl_Swi_restoreHwi)
                  000066a6    000000c0     ti_sysbios_config.o (.text.ti_sysbios_runtime_System_formatNum)
                  00006766    000000be     gui.o (.text.GUI_Init)
                  00006824    000000bc     rf_multiMode_cc26x2.a : RFCC26X2_multiMode.c.cc26x2.ticlang.o (.text.RF_swiHw)
                  000068e0    000000bc     sniffing_task.o (.text.Sniffing_Main)
                  0000699c    000000bc     ti_sysbios_config.o (.text.ti_sysbios_knl_Task_postInit)
                  00006a58    000000b8     ti_sysbios_config.o (.text.ti_sysbios_knl_Swi_Instance_init)
                  00006b10    000000b6     driverlib.lib : osc.o (.text.NOROM_OSC_HPOSCInitializeFrequencyOffsetParameters)
                  00006bc6    000000b4                   : osc.o (.text.NOROM_OSCHF_AttemptToSwitchToXosc)
                  00006c7a    00000002     --HOLE-- [fill = 0]
                  00006c7c    000000b4     drivers_cc26x2.a : PowerCC26X2.c.obj (.text.Power_releaseDependency)
                  00006d30    000000b4     socket.o (.text.socket)
                  00006de4    000000b2     html.o (.text.Html_CopyHtmlToMtuBuffer)
                  00006e96    000000b0     dashboard_task.o (.text.HandleRestApi)
                  00006f46    00000002     --HOLE-- [fill = 0]
                  00006f48    000000b0     drivers_cc26x2.a : PowerCC26X2.c.obj (.text.Power_setDependency)
                  00006ff8    000000b0     libclang_rt.builtins.a : udivmoddi4.S.obj (.text)
                  000070a8    000000ac     rf_multiMode_cc26x2.a : RFCC26X2_multiMode.c.cc26x2.ticlang.o (.text.RF_pendCmd)
                  00007154    000000a8     drivers_cc26x2.a : TemperatureCC26X2.c.obj (.text.temperatureHwiFxn)
                  000071fc    000000a6     socket.o (.text.recv)
                  000072a2    00000002     --HOLE-- [fill = 0]
                  000072a4    000000a4     rf_multiMode_cc26x2.a : RFCC26X2_multiMode.c.cc26x2.ticlang.o (.text.RF_initRadioSetup)
                  00007348    000000a2     ti_sysbios_config.o (.text.ti_sysbios_knl_TaskSupport_start)
                  000073ea    000000a0     drivers_cc26x2.a : I2CCC26XX.c.obj (.text.I2CCC26XX_swiFxn)
                  0000748a    00000002     --HOLE-- [fill = 0]
                  0000748c    000000a0     rf_multiMode_cc26x2.a : RFCC26X2_multiMode.c.cc26x2.ticlang.o (.text.RF_calculateDispatchTime)
                  0000752c    0000009a     Ethernet.o (.text.Ethernet_begin_mac)
                  000075c6    0000009a     ssd1306.o (.text.SSD1306_Init)
                  00007660    0000009a     ti_sysbios_config.o (.text.ti_sysbios_knl_Task_schedule)
                  000076fa    00000098     rf_multiMode_cc26x2.a : RFCC26X2_multiMode.c.cc26x2.ticlang.o (.text.RF_defaultSubmitPolicy)
                  00007792    00000098     ti_sysbios_config.o (.text.ti_sysbios_hal_Seconds_getTime)
                  0000782a    00000096     EthernetUdp.o (.text.EthernetUDP_begin)
                  000078c0    00000096     rf_multiMode_cc26x2.a : RFCC26X2_multiMode.c.cc26x2.ticlang.o (.text.RF_verifyGap)
                  00007956    00000094     Ethernet.o (.text.Ethernet_maintain)
                  000079ea    00000002     --HOLE-- [fill = 0]
                  000079ec    00000094     rf_multiMode_cc26x2.a : RFCC26X2_multiMode.c.cc26x2.ticlang.o (.text.RF_hposcRfCompensateFxn)
                  00007a80    00000094                           : RFCC26X2_multiMode.c.cc26x2.ticlang.o (.text.RF_ratRestartChannels)
                  00007b14    00000094     ti_sysbios_config.o (.text.ti_sysbios_heaps_HeapMem_Instance_init)
                  00007ba8    00000090     ti_sysbios_config.o (.text.ti_sysbios_knl_Task_sleep)
                  00007c38    0000008e     ssd1306.o (.text.SSD1306_DrawPixel)
                  00007cc6    0000008e     ti_sysbios_config.o (.text.ti_sysbios_family_arm_m3_Hwi_excHandlerMin)
                  00007d54    0000008e     ti_sysbios_config.o (.text.ti_sysbios_knl_Swi_runLoop)
                  00007de2    00000002     --HOLE-- [fill = 0]
                  00007de4    0000008c     drivers_cc26x2.a : GPIOCC26XX.c.obj (.text.GPIO_setConfig)
                  00007e70    0000008c     ti_sysbios_config.o (.text.ti_sysbios_family_arm_m3_Hwi_construct2)
                  00007efc    0000008a     EthernetClient.o (.text.EthernetClient_stop)
                  00007f86    0000008a     EthernetServer.o (.text.EthernetServer_accept)
                  00008010    0000008a     EthernetServer.o (.text.EthernetServer_available)
                  0000809a    0000008a     ti_sysbios_config.o (.text.ti_sysbios_knl_Semaphore_post)
                  00008124    00000088     rf_multiMode_cc26x2.a : RFCC26X2_multiMode.c.cc26x2.ticlang.o (.text.RF_cmdDispatchTime)
                  000081ac    00000088                           : RFCC26X2_multiMode.c.cc26x2.ticlang.o (.text.RF_discardPendCmd)
                  00008234    00000088     ti_sysbios_config.o (.text.ti_sysbios_family_arm_m3_Hwi_postInit)
                  000082bc    00000086     sniffing_task.o (.text.HandleIncomingRfPacket)
                  00008342    00000086     ti_sysbios_config.o (.text.ti_sysbios_runtime_Memory_alloc)
                  000083c8    00000084     EthernetUdp.o (.text.EthernetUDP_parsePacket)
                  0000844c    00000082     EthernetClient.o (.text.EthernetClient_connected)
                  000084ce    00000082     ti_sysbios_config.o (.text.ti_sysbios_family_arm_m3_Hwi_getStackInfo)
                  00008550    00000080     driverlib.lib : sys_ctrl.o (.text.NOROM_SysCtrlSetRechargeBeforePowerDown)
                  000085d0    0000007e     ti_drivers_config.o (.text.Board_sendExtFlashByte)
                  0000864e    0000007e     driverlib.lib : chipinfo.o (.text.NOROM_ChipInfo_GetChipType)
                  000086cc    0000007e     ssd1306.o (.text.SSD1306_UpdatePosition)
                  0000874a    0000007c     ti_sysbios_config.o (.text.SwiP_construct)
                  000087c6    0000007c     ti_sysbios_config.o (.text.ti_sysbios_family_arm_cc26xx_Timer_periodicStub)
                  00008842    0000007c     ti_sysbios_config.o (.text.ti_sysbios_knl_Swi_schedule)
                  000088be    0000007a     ti_sysbios_config.o (.text.ti_sysbios_family_arm_m3_Hwi_dispatchC)
                  00008938    0000007a     ti_sysbios_config.o (.text.ti_sysbios_knl_Idle_init)
                  000089b2    00000078     driverlib.lib : osc.o (.text.NOROM_OSCHF_SwitchToRcOscTurnOffXosc)
                  00008a2a    00000078                   : osc.o (.text.NOROM_OSC_CapArrayAdjustWorkaround_Boot)
                  00008aa2    00000002     --HOLE-- [fill = 0]
                  00008aa4    00000078     rf_multiMode_cc26x2.a : RFCC26X2_multiMode.c.cc26x2.ticlang.o (.text.RF_ratFreeChannel)
                  00008b1c    00000078     drivers_cc26x2.a : SPICC26X2DMA.c.obj (.text.SPICC26X2DMA_close)
                  00008b94    00000078     ti_sysbios_config.o (.text.ti_sysbios_family_arm_m3_Hwi_disableInterrupt)
                  00008c0c    00000078     ti_sysbios_config.o (.text.ti_sysbios_knl_Swi_run)
                  00008c84    00000078     ti_sysbios_config.o (.text.ti_sysbios_knl_Task_blockI)
                  00008cfc    00000078     ti_sysbios_config.o (.text.ti_sysbios_knl_Task_startup)
                  00008d74    00000076     gui.o (.text.GUI_ChangeProto)
                  00008dea    00000002     --HOLE-- [fill = 0]
                  00008dec    00000074     drivers_cc26x2.a : PowerCC26X2_calibrateRCOSC_helpers.c.obj (.text.PowerCC26X2_updateSubSecInc)
                  00008e60    00000074     rf_multiMode_cc26x2.a : RFCC26X2_multiMode.c.cc26x2.ticlang.o (.text.RF_hwiHw)
                  00008ed4    00000074     drivers_cc26x2.a : TemperatureCC26X2.c.obj (.text.Temperature_init)
                  00008f48    00000074     ti_sysbios_config.o (.text.ti_sysbios_heaps_HeapMem_getStats)
                  00008fbc    00000072     ti_sysbios_config.o (.text.ti_sysbios_family_arm_cc26xx_Timer_setThreshold)
                  0000902e    00000070     EthernetServer.o (.text.EthernetServer_begin)
                  0000909e    00000002     --HOLE-- [fill = 0]
                  000090a0    00000070     ArduinoCompatibility.o (.text.millis)
                  00009110    00000070     ti_sysbios_config.o (.text.ti_sysbios_family_arm_m3_Hwi_enableInterrupt)
                  00009180    0000006e     ti_sysbios_config.o (.text.BIOS_init)
                  000091ee    0000006e     ti_drivers_config.o (.text.Board_shutDownExtFlash)
                  0000925c    0000006e     libclang_rt.builtins.a : comparedf2.c.obj (.text.__gedf2)
                  000092ca    00000002     --HOLE-- [fill = 0]
                  000092cc    0000006e                            : comparedf2.c.obj (.text.__ledf2)
                  0000933a    0000006e     init_task.o (.text.byte2hex)
                  000093a8    0000006e     ti_sysbios_config.o (.text.ti_sysbios_knl_Clock_init)
                  00009416    0000006c     Dhcp.o (.text.DHCP_printByte)
                  00009482    0000006c     EthernetUdp.o (.text.EthernetUDP_read_buf)
                  000094ee    00000002     --HOLE-- [fill = 0]
                  000094f0    0000006c     rf_multiMode_cc26x2.a : RFCC26X2_multiMode.c.cc26x2.ticlang.o (.text.RF_issueRadioFreeCb)
                  0000955c    0000006c     w5500.o (.text.W5500_read_buf)
                  000095c8    0000006a     html.o (.text.Html_strcpy)
                  00009632    0000006a     drivers_cc26x2.a : I2CCC26XX.c.obj (.text.I2CSupport_primeTransfer)
                  0000969c    0000006a     radio_queue.o (.text.RadioQueue_takePacket)
                  00009706    0000006a     w5500.o (.text.W5500_write_buf)
                  00009770    0000006a     main.o (.text.main)
                  000097da    0000006a     libc.a : copy_decompress_lzss.c.obj (.text:decompress:lzss)
                  00009844    00000068     rf_multiMode_cc26x2.a : RFCC26X2_multiMode.c.cc26x2.ticlang.o (.text.RF_detachOverrides)
                  000098ac    00000068     w5500.o (.text.W5500_send_data_processing_offset)
                  00009914    00000066     EthernetClient.o (.text.EthernetClient_readBytesUntil)
                  0000997a    00000066     ti_sysbios_config.o (.text.ti_sysbios_family_arm_cc26xx_Timer_start)
                  000099e0    00000066     ti_sysbios_config.o (.text.ti_sysbios_family_arm_m3_Hwi_Instance_finalize)
                  00009a46    00000002     --HOLE-- [fill = 0]
                  00009a48    00000064     drivers_cc26x2.a : PowerCC26X2_calibrateRCOSC.c.obj (.text.PowerCC26X2_initiateCalibration)
                  00009aac    00000064     rf_multiMode_cc26x2.a : RFCC26X2_multiMode.c.cc26x2.ticlang.o (.text.RF_attachOverrides)
                  00009b10    00000064                           : RFCC26X2_multiMode.c.cc26x2.ticlang.o (.text.RF_dispatchNextEvent)
                  00009b74    00000064                           : RFCC26X2_multiMode.c.cc26x2.ticlang.o (.text.RF_hwiCpe0PowerFsm)
                  00009bd8    00000064     SPIfg.o (.text.SPI_transf)
                  00009c3c    00000064     ssd1306.o (.text.SSD1306_DrawString)
                  00009ca0    00000064     drivers_cc26x2.a : UDMACC26XX.c.obj (.text.UDMACC26XX_open)
                  00009d04    00000064                      : PowerCC26X2.c.obj (.text.oscillatorISR)
                  00009d68    00000062     rf_multiMode_cc26x2.a : RFCC26X2_multiMode.c.cc26x2.ticlang.o (.text.RF_syncCb)
                  00009dca    00000062     socket.o (.text.bufferData)
                  00009e2c    00000062     libclang_rt.builtins.a : aeabi_dcmp.S.obj (.text)
                  00009e8e    00000060     Dhcp.o (.text.DHCP_beginWithDHCP)
                  00009eee    00000060     drivers_cc26x2.a : SPICC26X2DMA.c.obj (.text.csnCallback)
                  00009f4e    00000060     ti_sysbios_config.o (.text.ti_sysbios_knl_ClockSupport_init)
                  00009fae    00000002     --HOLE-- [fill = 0]
                  00009fb0    0000005e     rf_multiMode_cc26x2.a : rfc.c.cc26x2.ticlang.o (.text.NOROM_RFCAnaDivTxOverride)
                  0000a00e    0000005e     socket.o (.text.startUDP)
                  0000a06c    0000005e     ti_sysbios_config.o (.text.ti_sysbios_knl_Swi_post)
                  0000a0ca    0000005e     ti_sysbios_config.o (.text.ti_sysbios_runtime_Error_raiseX)
                  0000a128    0000005c     ti_sysbios_config.o (.text.ClockP_construct)
                  0000a184    0000005c     radio_api.o (.text.Radio_beginRX)
                  0000a1e0    0000005c     libclang_rt.builtins.a : divmoddi4.c.obj (.text.__divmoddi4)
                  0000a23c    0000005c     ti_sysbios_config.o (.text.ti_sysbios_heaps_HeapMem_alloc)
                  0000a298    0000005c     ti_sysbios_config.o (.text.ti_sysbios_knl_Task_init)
                  0000a2f4    0000005a     init_task.o (.text.mac2string)
                  0000a34e    00000058     ti_sysbios_config.o (.text.AONRTCEventClear)
                  0000a3a6    00000058     ti_sysbios_config.o (.text.HwiP_construct)
                  0000a3fe    00000002     --HOLE-- [fill = 0]
                  0000a400    00000058     rf_multiMode_cc26x2.a : RFCC26X2_multiMode.c.cc26x2.ticlang.o (.text.RF_applyRfCorePatch)
                  0000a458    00000058     radio_queue.o (.text.RadioQueue_reset)
                  0000a4b0    00000058     w5500.o (.text.W5500_recv_data_processing)
                  0000a508    00000058     ti_sysbios_config.o (.text.ti_sysbios_family_arm_m3_Hwi_construct)
                  0000a560    00000058     sysbios.a : Hwi_asm_switch_gnu.obj (.text.ti_sysbios_family_arm_m3_Hwi_initStacks)
                  0000a5b8    00000058     ti_sysbios_config.o (.text.ti_sysbios_heaps_HeapMem_construct)
                  0000a610    00000058     ti_sysbios_config.o (.text.ti_sysbios_knl_Swi_init)
                  0000a668    00000056     ti_sysbios_config.o (.text.AONRTCCompareValueSet)
                  0000a6be    00000056     gui.o (.text.GUI_ChangeRx)
                  0000a714    00000056     SPIfg.o (.text.SPI_begin)
                  0000a76a    00000056     ti_sysbios_config.o (.text.getTime)
                  0000a7c0    00000056     ti_sysbios_config.o (.text.ti_sysbios_family_arm_cc26xx_Timer_getCurrentTick)
                  0000a816    00000056     ti_sysbios_config.o (.text.ti_sysbios_knl_Clock_Instance_init)
                  0000a86c    00000056     ti_sysbios_config.o (.text.ti_sysbios_runtime_SystemSupport_flush)
                  0000a8c2    00000056     ti_sysbios_config.o (.text.ti_sysbios_runtime_System_atexit)
                  0000a918    00000056     ti_sysbios_config.o (.text.ti_sysbios_runtime_System_putchar)
                  0000a96e    00000054     ti_sysbios_config.o (.text.AONRTCChannelEnable)
                  0000a9c2    00000054     ti_sysbios_config.o (.text.BIOS_startFunc)
                  0000aa16    00000002     --HOLE-- [fill = 0]
                  0000aa18    00000054     libsysbm.a : hostwrite.c.obj (.text.HOSTwrite)
                  0000aa6c    00000054     drivers_cc26x2.a : I2CCC26XX.c.obj (.text.I2CCC26XX_initHw)
                  0000aac0    00000054     rf_multiMode_cc26x2.a : RFCC26X2_multiMode.c.cc26x2.ticlang.o (.text.RF_fsmXOSCState)
                  0000ab14    00000054                           : RFCC26X2_multiMode.c.cc26x2.ticlang.o (.text.RF_getCurrentTime)
                  0000ab68    00000052     driverlib.lib : chipinfo.o (.text.NOROM_ChipInfo_GetHwRevision)
                  0000abba    00000052     radio_api.o (.text.Radio_setFrequencySynthesizer)
                  0000ac0c    00000052     ti_sysbios_config.o (.text.usleep)
                  0000ac5e    00000002     --HOLE-- [fill = 0]
                  0000ac60    00000050     rf_multiMode_cc26x2.a : RFCC26X2_multiMode.c.cc26x2.ticlang.o (.text.RF_enableHPOSCTemperatureCompensation)
                  0000acb0    00000050                           : RFCC26X2_multiMode.c.cc26x2.ticlang.o (.text.RF_wakeupNotification)
                  0000ad00    00000050     ti_sysbios_config.o (.text.ti_sysbios_family_arm_cc26xx_Timer_setNextTick)
                  0000ad50    0000004e     w5500.o (.text.W5500_getRXReceivedSize)
                  0000ad9e    0000004e     w5500.o (.text.W5500_getTXFreeSize)
                  0000adec    0000004e     ti_sysbios_config.o (.text.ti_sysbios_knl_Swi_restore)
                  0000ae3a    0000004c     driverlib.lib : osc.o (.text.NOROM_OSC_HPOSCRelativeFrequencyOffsetGet)
                  0000ae86    00000002     --HOLE-- [fill = 0]
                  0000ae88    0000004c     rf_multiMode_cc26x2.a : rf_patch_cpe_bt5.c.cc26x2.ticlang.o (.text.configureBt5Patch)
                  0000aed4    0000004c     drivers_cc26x2.a : SPICC26X2DMA.c.obj (.text.initHw)
                  0000af20    0000004c     SPIfg.o (.text.initSS)
                  0000af6c    0000004c     drivers_cc26x2.a : PowerCC26X2.c.obj (.text.switchXOSCHF)
                  0000afb8    0000004c     ti_sysbios_config.o (.text.ti_sysbios_knl_Clock_getTimeout)
                  0000b004    0000004c     ti_sysbios_config.o (.text.ti_sysbios_knl_Task_create)
                  0000b050    0000004c     ti_sysbios_config.o (.text.ti_sysbios_runtime_SystemSupport_putch)
                  0000b09c    0000004c     ti_sysbios_config.o (.text.ti_sysbios_runtime_System_processAtExit)
                  0000b0e8    0000004a     ti_sysbios_config.o (.text.ti_sysbios_knl_Task_construct)
                  0000b132    0000004a     ti_sysbios_config.o (.text.ti_sysbios_runtime_Error_print)
                  0000b17c    00000048     EthernetClient.o (.text.EthernetClient_timedRead)
                  0000b1c4    00000048     html.o (.text.Html_SetKeyValueInBuffer)
                  0000b20c    00000048     driverlib.lib : aux_sysif.o (.text.NOROM_AUXSYSIFOpModeChange)
                  0000b254    00000048     rf_multiMode_cc26x2.a : rfc.c.cc26x2.ticlang.o (.text.NOROM_RFCSynthPowerDown)
                  0000b29c    00000048     drivers_cc26x2.a : PowerCC26X2.c.obj (.text.PowerCC26XX_switchXOSC_HF)
                  0000b2e4    00000048     radio_api.o (.text.Radio_GetCurrentProtocol)
                  0000b32c    00000048     ssd1306.o (.text.SSD1306_SendCommand)
                  0000b374    00000048     drivers_cc26x2.a : TemperatureCC26X2.c.obj (.text.Temperature_registerNotifyRange)
                  0000b3bc    00000048     w5500.o (.text.W5500_init)
                  0000b404    00000048     rf_multiMode_cc26x2.a : rf_patch_cpe_ieee_802_15_4.c.cc26x2.ticlang.o (.text.rf_patch_cpe_ieee_802_15_4)
                  0000b44c    00000048     ti_sysbios_config.o (.text.ti_sysbios_family_arm_m3_Hwi_init)
                  0000b494    00000048     libclang_rt.builtins.a : fixdfsi.S.obj (.text)
                  0000b4dc    00000046     ti_sysbios_config.o (.text.ti_sysbios_knl_Semaphore_Instance_init)
                  0000b522    00000046     ti_sysbios_config.o (.text.ti_sysbios_knl_Swi_construct)
                  0000b568    00000046     ti_sysbios_config.o (.text.ti_sysbios_knl_Task_processVitalTaskFlag)
                  0000b5ae    00000046     ti_sysbios_config.o (.text.ti_sysbios_knl_Task_unblockI)
                  0000b5f4    00000046     ti_sysbios_config.o (.text.ti_sysbios_runtime_SysMin_output)
                  0000b63a    00000044     ti_sysbios_config.o (.text.BIOS_rtsLock)
                  0000b67e    00000002     --HOLE-- [fill = 0]
                  0000b680    00000044     drivers_cc26x2.a : GPIOCC26X2.c.obj (.text.GPIO_hwiIntFxn)
                  0000b6c4    00000044     gui.o (.text.GUI_ChangeDeviceIp)
                  0000b708    00000044     gui.o (.text.GUI_ChangeTargetIp)
                  0000b74c    00000044     driverlib.lib : prcm.o (.text.NOROM_PRCMPowerDomainsAllOff)
                  0000b790    00000044                   : prcm.o (.text.NOROM_PRCMPowerDomainsAllOn)
                  0000b7d4    00000044     rf_multiMode_cc26x2.a : RFCC26X2_multiMode.c.cc26x2.ticlang.o (.text.RF_cmdGet)
                  0000b818    00000044                           : RFCC26X2_multiMode.c.cc26x2.ticlang.o (.text.RF_updatePowerupDuration)
                  0000b85c    00000044     drivers_cc26x2.a : SPI.c.obj (.text.SPI_init)
                  0000b8a0    00000044     ti_sysbios_config.o (.text._pthread_cleanupFxn)
                  0000b8e4    00000044     drivers_cc26x2.a : TemperatureCC26X2.c.obj (.text.degreesToCode)
                  0000b928    00000044                      : TemperatureCC26X2.c.obj (.text.setNextThresholds)
                  0000b96c    00000044     ti_sysbios_config.o (.text.ti_sysbios_knl_Task_restore)
                  0000b9b0    00000044     libclang_rt.builtins.a : fixunsdfsi.S.obj (.text)
                  0000b9f4    00000044     restart.o (.text)
                  0000ba38    00000042     EthernetClient.o (.text.EthernetClient_write)
                  0000ba7a    00000042     EthernetUdp.o (.text.EthernetUDP_read)
                  0000babc    00000042     ssd1306.o (.text.SSD1306_UpdateScreen)
                  0000bafe    00000042     stv.o (.text.STV_WriteStringAtAddress)
                  0000bb40    00000040     Ethernet.o (.text.Ethernet_begin_mac_ip_dns_gateway_subnet)
                  0000bb80    00000040     main.o (.text.Main_CreateDashboardTask)
                  0000bbc0    00000040     main.o (.text.Main_CreateInitTask)
                  0000bc00    00000040     main.o (.text.Main_CreateSniffingTask)
                  0000bc40    00000040     drivers_cc26x2.a : PowerCC26X2_calibrateRCOSC.c.obj (.text.PowerCC26X2_RCOSC_clockFunc)
                  0000bc80    00000040                      : PowerCC26X2_calibrateRCOSC_helpers.c.obj (.text.PowerCC26X2_setAclkRefSrc)
                  0000bcc0    00000040     rf_multiMode_cc26x2.a : RFCC26X2_multiMode.c.cc26x2.ticlang.o (.text.RF_updateHpOscOverride)
                  0000bd00    00000040     drivers_cc26x2.a : SPI.c.obj (.text.SPI_open)
                  0000bd40    00000040     ti_sysbios_config.o (.text.ti_sysbios_gates_GateMutex_enter)
                  0000bd80    00000040     ti_sysbios_config.o (.text.ti_sysbios_knl_Semaphore_pendTimeout)
                  0000bdc0    00000040     ti_sysbios_config.o (.text.ti_sysbios_knl_Task_exit)
                  0000be00    0000003e     dashboard_task.o (.text.SendHtmlToClient)
                  0000be3e    0000003e     w5500.o (.text.W5500_read)
                  0000be7c    0000003e     w5500.o (.text.W5500_write)
                  0000beba    0000003e     ti_sysbios_config.o (.text.ti_sysbios_knl_Clock_getTicksUntilInterrupt)
                  0000bef8    0000003c     ti_sysbios_config.o (.text.BIOS_atExitFunc)
                  0000bf34    0000003c     drivers_cc26x2.a : GPIO.c.obj (.text.GPIO_resetConfig)
                  0000bf70    0000003c     driverlib.lib : sys_ctrl.o (.text.NOROM_SysCtrlIdle)
                  0000bfac    0000003c     drivers_cc26x2.a : PowerCC26X2_calibrateRCOSC_helpers.c.obj (.text.PowerCC26X2_setTdcClkSrc24M)
                  0000bfe8    0000003c     radio_api.o (.text.Radio_openRadioCore)
                  0000c024    0000003c     radio_api.o (.text.getFSCmdByProto)
                  0000c060    0000003c     radio_api.o (.text.getRFModeByProto)
                  0000c09c    0000003c     radio_api.o (.text.getRSCmdByProto)
                  0000c0d8    0000003c     radio_api.o (.text.getRXCmdByProto)
                  0000c114    0000003c     ti_sysbios_config.o (.text.ti_sysbios_family_arm_m3_Hwi_setPriority)
                  0000c150    0000003c     ti_sysbios_config.o (.text.ti_sysbios_knl_Task_restoreHwi)
                  0000c18c    0000003c     drivers_cc26x2.a : TemperatureCC26X2.c.obj (.text.updateThresholds)
                  0000c1c8    0000003c     Printfg.o (.text.write_string)
                  0000c204    0000003a     stv.o (.text.STV_CopyStvFromFlashIfNotYet)
                  0000c23e    0000003a     ssd1306.o (.text.sendData)
                  0000c278    0000003a     ti_sysbios_config.o (.text.ti_sysbios_family_arm_m3_Hwi_clearInterrupt)
                  0000c2b2    00000038     ti_drivers_config.o (.text.Board_wakeUpExtFlash)
                  0000c2ea    00000038     EthernetUdp.o (.text.EthernetUDP_stop)
                  0000c322    00000002     --HOLE-- [fill = 0]
                  0000c324    00000038     drivers_cc26x2.a : PowerCC26X2_helpers.c.obj (.text.PowerCC26X2_oscDisableQualifiers)
                  0000c35c    00000038                      : UDMACC26XX.c.obj (.text.UDMACC26XX_close)
                  0000c394    00000038     w5500.o (.text.W5500_readSnRX_RD)
                  0000c3cc    00000038     w5500.o (.text.W5500_readSnRX_RSR)
                  0000c404    00000038     w5500.o (.text.W5500_readSnTX_FSR)
                  0000c43c    00000038     w5500.o (.text.W5500_readSnTX_WR)
                  0000c474    00000038     socket.o (.text.listen)
                  0000c4ac    00000038     rf_multiMode_cc26x2.a : rf_patch_cpe_bt5.c.cc26x2.ticlang.o (.text.rf_patch_cpe_bt5)
                  0000c4e4    00000038     ti_sysbios_config.o (.text.ti_sysbios_runtime_Startup_exec)
                  0000c51c    00000038     libc.a : autoinit.c.obj (.text:__TI_auto_init_nobinit_nopinit)
                  0000c554    00000038     libclang_rt.builtins.a : extendsfdf2.S.obj (.text)
                  0000c58c    00000036     ti_sysbios_config.o (.text.BIOS_rtsUnlock)
                  0000c5c2    00000036     ti_sysbios_config.o (.text.SemaphoreP_pend)
                  0000c5f8    00000036     ti_sysbios_config.o (.text.ti_sysbios_knl_Swi_construct2)
                  0000c62e    00000034     html.o (.text.Html_strset)
                  0000c662    00000002     --HOLE-- [fill = 0]
                  0000c664    00000034     drivers_cc26x2.a : PowerCC26X2.c.obj (.text.Power_releaseConstraint)
                  0000c698    00000034     rf_multiMode_cc26x2.a : RFCC26X2_multiMode.c.cc26x2.ticlang.o (.text.RF_powerConstraintRelease)
                  0000c6cc    00000034                           : RFCC26X2_multiMode.c.cc26x2.ticlang.o (.text.RF_runDirectImmediateCmd)
                  0000c700    00000034     w5500.o (.text.W5500_read_data)
                  0000c734    00000034     w5500.o (.text.W5500_writeSn_buf)
                  0000c768    00000034     libsysbm.a : trgmsg.c.obj (.text.__TI_writemsg)
                  0000c79c    00000034     ti_sysbios_config.o (.text.ti_sysbios_family_arm_cc26xx_Timer_getMaxTicks)
                  0000c7d0    00000034     ti_sysbios_config.o (.text.ti_sysbios_knl_Queue_put)
                  0000c804    00000034     ti_sysbios_config.o (.text.ti_sysbios_runtime_System_vprintf)
                  0000c838    00000034     sysbios.a : boot_cortex_m.obj (.text:_c_int00)
                  0000c86c    00000032     ti_drivers_config.o (.text.Board_init)
                  0000c89e    00000032     EthernetUdp.o (.text.EthernetUDP_write)
                  0000c8d0    00000032     ti_sysbios_config.o (.text.ti_sysbios_knl_Semaphore_create)
                  0000c902    00000030     EthernetClient.o (.text.EthernetClient_read)
                  0000c932    00000002     --HOLE-- [fill = 0]
                  0000c934    00000030     drivers_cc26x2.a : GPIOCC26XX.c.obj (.text.GPIO_setInterruptConfig)
                  0000c964    00000030                      : PowerCC26X2.c.obj (.text.Power_setConstraint)
                  0000c994    00000030     rf_multiMode_cc26x2.a : RFCC26X2_multiMode.c.cc26x2.ticlang.o (.text.RF_checkCmdFsError)
                  0000c9c4    00000030     radio_api.o (.text.Radio_HandleQueueOverflow)
                  0000c9f4    00000030     w5500.o (.text.W5500_writeSn)
                  0000ca24    00000030     libsysbm.a : trgmsg.c.obj (.text.__TI_readmsg)
                  0000ca54    00000030     radio_queue.o (.text.get16bitValue)
                  0000ca84    00000030     drivers_cc26x2.a : PowerCC26X2.c.obj (.text.notify)
                  0000cab4    00000030     ti_sysbios_config.o (.text.ti_sysbios_family_arm_m3_Hwi_plug)
                  0000cae4    00000030     ti_sysbios_config.o (.text.ti_sysbios_heaps_HeapMem_free)
                  0000cb14    00000030     ti_sysbios_config.o (.text.ti_sysbios_knl_Clock_construct)
                  0000cb44    00000030     ti_sysbios_config.o (.text.ti_sysbios_knl_Idle_run)
                  0000cb74    0000002e     EthernetClient.o (.text.EthernetClient_status)
                  0000cba2    0000002e     EthernetUdp.o (.text.EthernetUDP_beginPacket_ip)
                  0000cbd0    0000002e     driverlib.lib : chipinfo.o (.text.NOROM_ThisLibraryIsFor_CC13x2_CC26x2_HwRev20AndLater_HaltIfViolated)
                  0000cbfe    0000002e     rf_multiMode_cc26x2.a : RFCC26X2_multiMode.c.cc26x2.ticlang.o (.text.RF_calculateDeltaTimeUs)
                  0000cc2c    0000002e     ti_sysbios_config.o (.text._pthread_delete)
                  0000cc5a    0000002e     ti_sysbios_config.o (.text.ti_sysbios_family_arm_m3_Hwi_initStack)
                  0000cc88    0000002e     ti_sysbios_config.o (.text.ti_sysbios_gates_GateMutex_Instance_init)
                  0000ccb6    00000002     --HOLE-- [fill = 0]
                  0000ccb8    0000002e     libclang_rt.builtins.a : floatsidf.S.obj (.text)
                  0000cce6    0000002c     ti_sysbios_config.o (.text.BIOS_registerRTSLock)
                  0000cd12    0000002c     ti_sysbios_config.o (.text.BIOS_removeRTSLock)
                  0000cd3e    00000002     --HOLE-- [fill = 0]
                  0000cd40    0000002c     rf_multiMode_cc26x2.a : RFCC26X2_multiMode.c.cc26x2.ticlang.o (.text.RF_executeDirectImmediateCmd)
                  0000cd6c    0000002c     drivers_cc26x2.a : TemperatureCC26X2.c.obj (.text.Temperature_unregisterNotify)
                  0000cd98    0000002c     w5500.o (.text.W5500_execCmdSn)
                  0000cdc4    0000002c     w5500.o (.text.W5500_writeSnDPORT)
                  0000cdf0    0000002c     w5500.o (.text.W5500_writeSnPORT)
                  0000ce1c    0000002c     w5500.o (.text.W5500_writeSnRX_RD)
                  0000ce48    0000002c     w5500.o (.text.W5500_writeSnTX_WR)
                  0000ce74    0000002c     ti_sysbios_config.o (.text.ti_sysbios_knl_Semaphore_construct)
                  0000cea0    0000002c     ti_sysbios_config.o (.text.ti_sysbios_runtime_Memory_free)
                  0000cecc    0000002a     IPAddress.o (.text.IPAddress_Init_str)
                  0000cef6    0000002a     driverlib.lib : osc.o (.text.NOROM_OSCHF_TurnOnXosc)
                  0000cf20    0000002a     radio_queue.o (.text.RadioQueue_init)
                  0000cf4a    0000002a     drivers_cc26x2.a : SPICC26X2DMA.c.obj (.text.SPICC26X2DMA_swiFxn)
                  0000cf74    0000002a     ti_sysbios_config.o (.text.SemaphoreP_constructBinary)
                  0000cf9e    0000002a     ti_sysbios_config.o (.text.ti_sysbios_knl_Clock_initI)
                  0000cfc8    0000002a     ti_sysbios_config.o (.text.ti_sysbios_knl_Task_enter)
                  0000cff2    00000028     EthernetClient.o (.text.EthernetClient_available)
                  0000d01a    00000028     drivers_cc26x2.a : I2C.c.obj (.text.I2C_cancel)
                  0000d042    00000028                      : List.c.obj (.text.List_remove)
                  0000d06a    00000002     --HOLE-- [fill = 0]
                  0000d06c    00000028                      : PowerCC26X2.c.obj (.text.PowerCC26XX_isStableXOSC_HF)
                  0000d094    00000028     rf_multiMode_cc26x2.a : RFCC26X2_multiMode.c.cc26x2.ticlang.o (.text.RF_cmdStoreEvents)
                  0000d0bc    00000028     w5500.o (.text.W5500_readSn)
                  0000d0e4    00000028     sysbios.a : Hwi_asm_gnu.obj (.text.ti_sysbios_family_arm_m3_Hwi_excHandlerAsm)
                  0000d10c    00000028     ti_sysbios_config.o (.text.ti_sysbios_gates_GateMutex_construct)
                  0000d134    00000028     ti_sysbios_config.o (.text.ti_sysbios_knl_Queue_enqueue)
                  0000d15c    00000028     ti_sysbios_config.o (.text.ti_sysbios_knl_Swi_or)
                  0000d184    00000028     sysbios.a : TaskSupport_asm_gnu.obj (.text.ti_sysbios_knl_TaskSupport_swap)
                  0000d1ac    00000028     ti_sysbios_config.o (.text.ti_sysbios_knl_Task_sleepTimeout)
                  0000d1d4    00000028     ti_sysbios_config.o (.text.ti_sysbios_runtime_System_init)
                  0000d1fc    00000028     ti_sysbios_config.o (.text.ti_sysbios_runtime_System_printf)
                  0000d224    00000026     drivers_cc26x2.a : List.c.obj (.text.List_insert)
                  0000d24a    00000026                      : List.c.obj (.text.List_putHead)
                  0000d270    00000026     rf_multiMode_cc26x2.a : RFCC26X2_multiMode.c.cc26x2.ticlang.o (.text.RF_runCmd)
                  0000d296    00000026     drivers_cc26x2.a : SPICC26X2DMA.c.obj (.text.flushFifos)
                  0000d2bc    00000026     ti_sysbios_config.o (.text.ti_sysbios_family_arm_m3_Hwi_getHandle)
                  0000d2e2    00000026     ti_sysbios_config.o (.text.ti_sysbios_knl_Swi_destruct)
                  0000d308    00000026     ti_sysbios_config.o (.text.ti_sysbios_knl_Task_allBlockedFunction)
                  0000d32e    00000026     ti_sysbios_config.o (.text.ti_sysbios_knl_Task_delete)
                  0000d354    00000026     ti_sysbios_config.o (.text.ti_sysbios_knl_Task_destruct)
                  0000d37a    00000024     ti_sysbios_config.o (.text.HwiP_setFunc)
                  0000d39e    00000024     drivers_cc26x2.a : List.c.obj (.text.List_put)
                  0000d3c2    00000002     --HOLE-- [fill = 0]
                  0000d3c4    00000024                      : PowerCC26X2_helpers.c.obj (.text.PowerCC26X2_getOscHfSourceReady)
                  0000d3e8    00000024                      : PowerCC26X2_helpers.c.obj (.text.PowerCC26X2_setSubSecIncToXoscLf)
                  0000d40c    00000024                      : PowerCC26X2_calibrateRCOSC_helpers.c.obj (.text.PowerCC26X2_writeCtrim)
                  0000d430    00000024                      : PowerCC26X2_calibrateRCOSC_helpers.c.obj (.text.PowerCC26X2_writeCtrimFract)
                  0000d454    00000024                      : PowerCC26X2_calibrateRCOSC_helpers.c.obj (.text.PowerCC26X2_writeCtrimFractEn)
                  0000d478    00000024                      : PowerCC26X2_calibrateRCOSC_helpers.c.obj (.text.PowerCC26X2_writeRtrim)
                  0000d49c    00000024                      : PowerCC26X2.c.obj (.text.Power_registerNotify)
                  0000d4c0    00000024     rf_multiMode_cc26x2.a : RFCC26X2_multiMode.c.cc26x2.ticlang.o (.text.RF_clkPowerUp)
                  0000d4e4    00000024                           : RFCC26X2_multiMode.c.cc26x2.ticlang.o (.text.RF_hwiCpe0ChangePhy)
                  0000d508    00000024                           : RFCC26X2_multiMode.c.cc26x2.ticlang.o (.text.RF_isStateTransitionAllowed)
                  0000d52c    00000024                           : RFCC26X2_multiMode.c.cc26x2.ticlang.o (.text.RF_searchAndReplacePAOverride)
                  0000d550    00000024     ssd1306.o (.text.SSD1306_SetPosition)
                  0000d574    00000024     drivers_cc26x2.a : SPICC26X2DMA.c.obj (.text.releaseConstraint)
                  0000d598    00000024     ti_sysbios_config.o (.text.ti_sysbios_family_arm_cc26xx_Timer_Params_init)
                  0000d5bc    00000024     ti_sysbios_config.o (.text.ti_sysbios_knl_Task_Params_init)
                  0000d5e0    00000022     ti_sysbios_config.o (.text.BIOS_setThreadType)
                  0000d602    00000022     drivers_cc26x2.a : List.c.obj (.text.List_get)
                  0000d624    00000022     w5500.o (.text.W5500_send_data_processing)
                  0000d646    00000022     libc.a : memcmp.c.obj (.text.memcmp)
                  0000d668    00000022     socket.o (.text.sendUDP)
                  0000d68a    00000022     ti_sysbios_config.o (.text.ti_sysbios_gates_GateMutex_leave)
                  0000d6ac    00000022     ti_sysbios_config.o (.text.ti_sysbios_heaps_HeapMem_restore)
                  0000d6ce    00000022     ti_sysbios_config.o (.text.ti_sysbios_knl_Clock_getTicks)
                  0000d6f0    00000022     ti_sysbios_config.o (.text.ti_sysbios_knl_Clock_scheduleNextTick)
                  0000d712    00000022     ti_sysbios_config.o (.text.ti_sysbios_knl_Queue_dequeue)
                  0000d734    00000022     ti_sysbios_config.o (.text.ti_sysbios_knl_Semaphore_destruct)
                  0000d756    00000020     Dhcp.o (.text.DHCP_reset_DHCP_lease)
                  0000d776    00000020     EthernetUdp.o (.text.EthernetUDP_write_byte)
                  0000d796    00000002     --HOLE-- [fill = 0]
                  0000d798    00000020     rf_multiMode_cc26x2.a : rfc.c.cc26x2.ticlang.o (.text.NOROM_RFCDoorbellSendTo)
                  0000d7b8    00000020                           : rfc.c.cc26x2.ticlang.o (.text.NOROM_RFCOverrideSearch)
                  0000d7d8    00000020     drivers_cc26x2.a : PowerCC26X2_helpers.c.obj (.text.PowerCC26X2_disableTCXOQual)
                  0000d7f8    00000020                      : PowerCC26X2_helpers.c.obj (.text.PowerCC26X2_enableTCXOQual)
                  0000d818    00000020     ti_sysbios_config.o (.text.PowerCC26XX_schedulerDisable)
                  0000d838    00000020     ti_sysbios_config.o (.text.PowerCC26XX_schedulerRestore)
                  0000d858    00000020     drivers_cc26x2.a : PowerCC26X2.c.obj (.text.Power_unregisterNotify)
                  0000d878    00000020     rf_multiMode_cc26x2.a : RFCC26X2_multiMode.c.cc26x2.ticlang.o (.text.RF_cmdAlloc)
                  0000d898    00000020                           : RFCC26X2_multiMode.c.cc26x2.ticlang.o (.text.RF_invokeGlobalCallback)
                  0000d8b8    00000020                           : RFCC26X2_multiMode.c.cc26x2.ticlang.o (.text.RF_ratIsRunning)
                  0000d8d8    00000020     socket.o (.text.close)
                  0000d8f8    00000020     ti_sysbios_config.o (.text.ti_sysbios_family_arm_cc26xx_Timer_postInit)
                  0000d918    00000020     ti_sysbios_config.o (.text.ti_sysbios_family_arm_m3_Hwi_excHandler)
                  0000d938    00000020     ti_sysbios_config.o (.text.ti_sysbios_family_arm_m3_Hwi_post)
                  0000d958    00000020     ti_sysbios_config.o (.text.ti_sysbios_knl_ClockSupport_getCurrentTick)
                  0000d978    00000020     libclang_rt.builtins.a : floatunsidf.S.obj (.text)
                  0000d998    0000001e     ti_sysbios_config.o (.text.SwiP_Params_init)
                  0000d9b6    0000001e     w5500.o (.text.W5500_writeSnCR)
                  0000d9d4    0000001e     w5500.o (.text.W5500_writeSnIR)
                  0000d9f2    0000001e     w5500.o (.text.W5500_writeSnMR)
                  0000da10    0000001e     sysbios.a : Hwi_asm_switch_gnu.obj (.text.ti_sysbios_family_arm_m3_Hwi_switchAndRunFunc)
                  0000da2e    0000001e     ti_sysbios_config.o (.text.ti_sysbios_family_arm_m3_Hwi_switchFromBootStack)
                  0000da4c    0000001e     ti_sysbios_config.o (.text.ti_sysbios_knl_Task_unblock)
                  0000da6a    0000001e     Printfg.o (.text.write_byte)
                  0000da88    0000001c     EthernetClient.o (.text.EthernetClient_begin)
                  0000daa4    0000001c     EthernetClient.o (.text.EthernetClient_print)
                  0000dac0    0000001c     EthernetUdp.o (.text.EthernetUDP_flush)
                  0000dadc    0000001c     drivers_cc26x2.a : GPIO.c.obj (.text.GPIO_setCallback)
                  0000daf8    0000001c                      : GPIOCC26XX.c.obj (.text.GPIO_setMux)
                  0000db14    0000001c     ti_sysbios_config.o (.text.HwiP_Params_init)
                  0000db30    0000001c     drivers_cc26x2.a : PowerCC26X2.c.obj (.text.Power_getTransitionLatency)
                  0000db4c    0000001c     rf_multiMode_cc26x2.a : RFCC26X2_multiMode.c.cc26x2.ticlang.o (.text.RF_clkInactivityCallback)
                  0000db68    0000001c                           : RFCC26X2_multiMode.c.cc26x2.ticlang.o (.text.RF_getPAOverrideOffsetAndValue)
                  0000db84    0000001c                           : RFCC26X2_multiMode.c.cc26x2.ticlang.o (.text.RF_powerConstraintSet)
                  0000dba0    0000001c                           : RFCC26X2_multiMode.c.cc26x2.ticlang.o (.text.RF_swiFsm)
                  0000dbbc    0000001c     w5500.o (.text.W5500_writeSnDIPR)
                  0000dbd8    0000001c     drivers_cc26x2.a : TemperatureCC26X2.c.obj (.text.setTempLowerLimit)
                  0000dbf4    0000001c                      : TemperatureCC26X2.c.obj (.text.setTempUpperLimit)
                  0000dc10    0000001c     ti_sysbios_config.o (.text.ti_sysbios_family_arm_cc26xx_Timer_dynamicStub)
                  0000dc2c    0000001c     ti_sysbios_config.o (.text.ti_sysbios_family_arm_m3_Hwi_Params_init)
                  0000dc48    0000001c     ti_sysbios_config.o (.text.ti_sysbios_knl_Clock_enqueueI)
                  0000dc64    0000001c     ti_sysbios_config.o (.text.ti_sysbios_knl_Clock_start)
                  0000dc80    0000001c     ti_sysbios_config.o (.text.ti_sysbios_knl_Queue_remove)
                  0000dc9c    0000001c     ti_sysbios_config.o (.text.ti_sysbios_knl_Swi_Params_init)
                  0000dcb8    0000001c     ti_sysbios_config.o (.text.ti_sysbios_knl_Swi_disable)
                  0000dcd4    0000001c     ti_sysbios_config.o (.text.ti_sysbios_knl_Task_disable)
                  0000dcf0    0000001a     ti_sysbios_config.o (.text.BIOS_exitFunc)
                  0000dd0a    0000001a     ti_sysbios_config.o (.text.BIOS_getCpuFreq)
                  0000dd24    0000001a     drivers_cc26x2.a : I2CCC26XX.c.obj (.text.I2CCC26XX_completeTransfer)
                  0000dd3e    0000001a     ti_sysbios_config.o (.text.ti_sysbios_knl_Semaphore_Instance_finalize)
                  0000dd58    00000018     ti_sysbios_config.o (.text.BIOS_exit)
                  0000dd70    00000018     Dhcp.o (.text.DHCP_getDnsServerIp)
                  0000dd88    00000018     Dhcp.o (.text.DHCP_getGatewayIp)
                  0000dda0    00000018     Dhcp.o (.text.DHCP_getLocalIp)
                  0000ddb8    00000018     Dhcp.o (.text.DHCP_getSubnetMask)
                  0000ddd0    00000018     drivers_cc26x2.a : GPIOCC26XX.c.obj (.text.GPIO_disableInt)
                  0000dde8    00000018                      : PowerCC26X2.c.obj (.text.PowerCC26XX_calibrate)
                  0000de00    00000018                      : PowerCC26X2.c.obj (.text.Power_idleFunc)
                  0000de18    00000018     rf_multiMode_cc26x2.a : RFCC26X2_multiMode.c.cc26x2.ticlang.o (.text.RF_restartClockTimeout)
                  0000de30    00000018     stv.o (.text.STV_WriteAtAddress)
                  0000de48    00000018     Printfg.o (.text.print)
                  0000de60    00000018     ti_sysbios_config.o (.text.ti_sysbios_family_arm_cc26xx_Timer_getCount64)
                  0000de78    00000018     ti_sysbios_config.o (.text.ti_sysbios_family_arm_m3_Hwi_setFunc)
                  0000de90    00000018     ti_sysbios_config.o (.text.ti_sysbios_knl_ClockSupport_setNextTick)
                  0000dea8    00000018     sysbios.a : TaskSupport_asm_gnu.obj (.text.ti_sysbios_knl_TaskSupport_glue)
                  0000dec0    00000016     ti_sysbios_config.o (.text.ClockP_Params_init)
                  0000ded6    00000016     drivers_cc26x2.a : List.c.obj (.text.List_clearList)
                  0000deec    00000016     radio_queue.o (.text.RadioQueue_hasPacket)
                  0000df02    00000016     radio_queue.o (.text.RadioQueue_nextEntry)
                  0000df18    00000016     w5500.o (.text.W5500_readGAR)
                  0000df2e    00000016     w5500.o (.text.W5500_readSIPR)
                  0000df44    00000016     w5500.o (.text.W5500_readSUBR)
                  0000df5a    00000016     w5500.o (.text.W5500_readSnCR)
                  0000df70    00000016     w5500.o (.text.W5500_readSnIR)
                  0000df86    00000016     w5500.o (.text.W5500_readSnSR)
                  0000df9c    00000016     w5500.o (.text.W5500_writeGAR)
                  0000dfb2    00000016     w5500.o (.text.W5500_writeSHAR)
                  0000dfc8    00000016     w5500.o (.text.W5500_writeSIPR)
                  0000dfde    00000016     w5500.o (.text.W5500_writeSUBR)
                  0000dff4    00000016     ArduinoCompatibility.o (.text.delay)
                  0000e00a    00000016     socket.o (.text.disconnect)
                  0000e020    00000016     ti_sysbios_config.o (.text.ti_sysbios_family_arm_m3_Hwi_enable)
                  0000e036    00000016     ti_sysbios_config.o (.text.ti_sysbios_knl_Intrinsics_maxbit)
                  0000e04c    00000016     ti_sysbios_config.o (.text.ti_sysbios_knl_Queue_construct)
                  0000e062    00000016     ti_sysbios_config.o (.text.ti_sysbios_knl_Queue_empty)
                  0000e078    00000016     ti_sysbios_config.o (.text.ti_sysbios_runtime_SystemSupport_init)
                  0000e08e    00000016     ti_sysbios_config.o (.text.ti_sysbios_runtime_System_exit)
                  0000e0a4    00000014     ti_sysbios_config.o (.text.ClockP_setTimeout)
                  0000e0b8    00000014     drivers_cc26x2.a : GPIOCC26XX.c.obj (.text.GPIO_read)
                  0000e0cc    00000014                      : GPIO.c.obj (.text.GPIO_setUserArg)
                  0000e0e0    00000014                      : I2CCC26XX.c.obj (.text.I2CCC26XX_postNotify)
                  0000e0f4    00000014                      : SPICC26X2DMA.c.obj (.text.OUTLINED_FUNCTION_0)
                  0000e108    00000014     rf_multiMode_cc26x2.a : RFCC26X2_multiMode.c.cc26x2.ticlang.o (.text.RF_dbellSyncOnAck)
                  0000e11c    00000014     ti_sysbios_config.o (.text.SwiP_or)
                  0000e130    00000014     drivers_cc26x2.a : TemperatureCC26X2.c.obj (.text.Temperature_getTemperature)
                  0000e144    00000014     libc.a : args_main.c.obj (.text._args_main)
                  0000e158    00000014     ti_sysbios_config.o (.text.ti_sysbios_family_arm_cc26xx_TimestampProvider_init)
                  0000e16c    00000014     ti_sysbios_config.o (.text.ti_sysbios_family_arm_m3_Hwi_disable)
                  0000e180    00000014     ti_sysbios_config.o (.text.ti_sysbios_knl_Swi_Instance_finalize)
                  0000e194    00000014     ti_sysbios_config.o (.text.ti_sysbios_runtime_System_printf_va)
                  0000e1a8    00000014     libclang_rt.builtins.a : aeabi_ldivmod.S.obj (.text)
                  0000e1bc    00000014                            : aeabi_memset.S.obj (.text)
                  0000e1d0    00000014                            : aeabi_uldivmod.S.obj (.text)
                  0000e1e4    00000012     EthernetUdp.o (.text.EthernetUDP_endPacket)
                  0000e1f6    00000012     drivers_cc26x2.a : I2C.c.obj (.text.I2C_transfer)
                  0000e208    00000012     ti_sysbios_config.o (.text.ti_sysbios_family_arm_m3_Hwi_destruct)
                  0000e21a    00000012     ti_sysbios_config.o (.text.ti_sysbios_family_arm_m3_Hwi_doSwiRestore)
                  0000e22c    00000012     ti_sysbios_config.o (.text.ti_sysbios_family_arm_m3_Hwi_doTaskRestore)
                  0000e23e    00000012     ti_sysbios_config.o (.text.ti_sysbios_heaps_HeapMem_Params_init)
                  0000e250    00000012     ti_sysbios_config.o (.text.ti_sysbios_heaps_HeapMem_init)
                  0000e262    00000012     ti_sysbios_config.o (.text.ti_sysbios_knl_Clock_Params_init)
                  0000e274    00000012     ti_sysbios_config.o (.text.ti_sysbios_knl_Clock_tick)
                  0000e286    00000012     ti_sysbios_config.o (.text.ti_sysbios_knl_Queue_Instance_init)
                  0000e298    00000012     ti_sysbios_config.o (.text.ti_sysbios_knl_Semaphore_Params_init)
                  0000e2aa    00000012     libc.a : memcpy_t2.S.obj (.text:TI_memcpy_small)
                  0000e2bc    00000010     ti_sysbios_config.o (.text.BIOS_start)
                  0000e2cc    00000010     ti_sysbios_config.o (.text.ClockP_getCpuFreq)
                  0000e2dc    00000010     ti_sysbios_config.o (.text.ClockP_getTimeout)
                  0000e2ec    00000010     ti_sysbios_config.o (.text.ClockP_isActive)
                  0000e2fc    00000010     ti_sysbios_config.o (.text.ClockP_start)
                  0000e30c    00000010     ti_sysbios_config.o (.text.ClockP_stop)
                  0000e31c    00000010     Ethernet.o (.text.Ethernet_gatewayIP)
                  0000e32c    00000010     Ethernet.o (.text.Ethernet_localIP)
                  0000e33c    00000010     Ethernet.o (.text.Ethernet_subnetMask)
                  0000e34c    00000010     drivers_cc26x2.a : GPIO.c.obj (.text.GPIO_getUserArg)
                  0000e35c    00000010                      : GPIOCC26XX.c.obj (.text.GPIO_write)
                  0000e36c    00000010     ti_sysbios_config.o (.text.HwiP_clearInterrupt)
                  0000e37c    00000010     ti_sysbios_config.o (.text.HwiP_destruct)
                  0000e38c    00000010     ti_sysbios_config.o (.text.HwiP_disable)
                  0000e39c    00000010     ti_sysbios_config.o (.text.HwiP_disableInterrupt)
                  0000e3ac    00000010     ti_sysbios_config.o (.text.HwiP_enableInterrupt)
                  0000e3bc    00000010     ti_sysbios_config.o (.text.HwiP_post)
                  0000e3cc    00000010     ti_sysbios_config.o (.text.HwiP_restore)
                  0000e3dc    00000010     rf_multiMode_cc26x2.a : rfc.c.cc26x2.ticlang.o (.text.NOROM_RFCCpeIntGetAndClear)
                  0000e3ec    00000010                           : rfc.c.cc26x2.ticlang.o (.text.NOROM_RFCHwIntGetAndClear)
                  0000e3fc    00000010     drivers_cc26x2.a : PowerCC26X2_helpers.c.obj (.text.PowerCC26X2_oscCtlClearXtal)
                  0000e40c    00000010                      : PowerCC26X2_helpers.c.obj (.text.PowerCC26X2_prcmEnableCacheRetention)
                  0000e41c    00000010                      : PowerCC26X2_calibrateRCOSC_helpers.c.obj (.text.PowerCC26X2_readCtrim)
                  0000e42c    00000010                      : PowerCC26X2_calibrateRCOSC_helpers.c.obj (.text.PowerCC26X2_readCtrimFract)
                  0000e43c    00000010                      : PowerCC26X2_calibrateRCOSC_helpers.c.obj (.text.PowerCC26X2_readRtrim)
                  0000e44c    00000010                      : PowerCC26X2_helpers.c.obj (.text.PowerCC26X2_switchToTCXO)
                  0000e45c    00000010                      : PowerCC26X2.c.obj (.text.Power_getDependencyCount)
                  0000e46c    00000010     ti_sysbios_config.o (.text.SemaphoreP_destruct)
                  0000e47c    00000010     ti_sysbios_config.o (.text.SemaphoreP_post)
                  0000e48c    00000010     ti_sysbios_config.o (.text.SwiP_destruct)
                  0000e49c    00000010     ti_sysbios_config.o (.text.SwiP_disable)
                  0000e4ac    00000010     ti_sysbios_config.o (.text.SwiP_getTrigger)
                  0000e4bc    00000010     ti_sysbios_config.o (.text.SwiP_post)
                  0000e4cc    00000010     ti_sysbios_config.o (.text.SwiP_restore)
                  0000e4dc    00000010     ti_sysbios_config.o (.text.SysCtrlAonUpdate)
                  0000e4ec    00000010     w5500.o (.text.W5500_getGatewayIp)
                  0000e4fc    00000010     w5500.o (.text.W5500_getIPAddress)
                  0000e50c    00000010     w5500.o (.text.W5500_getSubnetMask)
                  0000e51c    00000010     w5500.o (.text.W5500_setGatewayIp)
                  0000e52c    00000010     w5500.o (.text.W5500_setIPAddress)
                  0000e53c    00000010     w5500.o (.text.W5500_setMACAddress)
                  0000e54c    00000010     w5500.o (.text.W5500_setSubnetMask)
                  0000e55c    00000010     ti_sysbios_config.o (.text.ti_sysbios_family_arm_cc26xx_Timer_setPeriod)
                  0000e56c    00000010     ti_sysbios_config.o (.text.ti_sysbios_knl_ClockSupport_getMaxTicks)
                  0000e57c    00000010     ti_sysbios_config.o (.text.ti_sysbios_knl_Clock_isActive)
                  0000e58c    00000010     ti_sysbios_config.o (.text.ti_sysbios_knl_Clock_removeI)
                  0000e59c    00000010     ti_sysbios_config.o (.text.ti_sysbios_knl_Clock_setTimeout)
                  0000e5ac    00000010     ti_sysbios_config.o (.text.ti_sysbios_knl_Idle_loop)
                  0000e5bc    00000010     ti_sysbios_config.o (.text.ti_sysbios_knl_Queue_destruct)
                  0000e5cc    00000010     ti_sysbios_config.o (.text.ti_sysbios_knl_Queue_elemClear)
                  0000e5dc    00000010     ti_sysbios_config.o (.text.ti_sysbios_knl_Swi_enabled)
                  0000e5ec    00000010     ti_sysbios_config.o (.text.ti_sysbios_runtime_Types_argToFloat)
                  0000e5fc    00000010     libc.a : copy_zero_init.c.obj (.text:decompress:ZI)
                  0000e60c    0000000e     ti_sysbios_config.o (.text.BIOS_linkedWithIncorrectBootLibrary)
                  0000e61a    0000000e     EthernetUdp.o (.text.EthernetUDP_begin_init)
                  0000e628    0000000e     ti_sysbios_config.o (.text.IntMasterDisable)
                  0000e636    0000000e     ti_sysbios_config.o (.text.IntMasterEnable)
                  0000e644    0000000e     drivers_cc26x2.a : PowerCC26X2.c.obj (.text.OUTLINED_FUNCTION_0)
                  0000e652    0000000e     rf_multiMode_cc26x2.a : RFCC26X2_multiMode.c.cc26x2.ticlang.o (.text.OUTLINED_FUNCTION_0)
                  0000e660    0000000e                           : RFCC26X2_multiMode.c.cc26x2.ticlang.o (.text.OUTLINED_FUNCTION_3)
                  0000e66e    0000000e     libc.a : strcpy.c.obj (.text.strcpy)
                  0000e67c    0000000e            : strlen.c.obj (.text.strlen)
                  0000e68a    0000000e     drivers_cc26x2.a : PowerCC26X2.c.obj (.text.switchToTCXO)
                  0000e698    0000000e     ti_sysbios_config.o (.text.ti_sysbios_family_arm_m3_Hwi_restore)
                  0000e6a6    0000000e     ti_sysbios_config.o (.text.ti_sysbios_heaps_HeapMem_isBlocking)
                  0000e6b4    0000000e     ti_sysbios_config.o (.text.ti_sysbios_knl_Clock_stop)
                  0000e6c2    0000000e     ti_sysbios_config.o (.text.ti_sysbios_runtime_SystemSupport_exit)
                  0000e6d0    0000000e     libc.a : memset_t2.S.obj (.text:TI_memset_small)
                  0000e6de    0000000e            : copy_decompress_none.c.obj (.text:decompress:none)
                  0000e6ec    0000000c     ti_sysbios_config.o (.text.AONRTCCurrentCompareValueGet)
                  0000e6f8    0000000c     ti_sysbios_config.o (.text.BIOS_getThreadType)
                  0000e704    0000000c     ti_sysbios_config.o (.text.ClockP_getSystemTickPeriod)
                  0000e710    0000000c     EthernetUdp.o (.text.EthernetUDP_available)
                  0000e71c    0000000c     EthernetUdp.o (.text.EthernetUDP_rawIPAddress)
                  0000e728    0000000c     EthernetUdp.o (.text.EthernetUDP_remotePort)
                  0000e734    0000000c     drivers_cc26x2.a : I2C.c.obj (.text.I2C_Params_init)
                  0000e740    0000000c     driverlib.lib : cpu.o (.text.NOROM_CPUcpsid)
                  0000e74c    0000000c                   : cpu.o (.text.NOROM_CPUcpsie)
[...]
0000e22d  ti_sysbios_family_arm_m3_Hwi_doTaskRestore                         
0000e23f  ti_sysbios_heaps_HeapMem_Params_init                               
0000e251  ti_sysbios_heaps_HeapMem_init                                      
0000e263  ti_sysbios_knl_Clock_Params_init                                   
0000e275  ti_sysbios_knl_Clock_tick                                          
0000e287  ti_sysbios_knl_Queue_Instance_init                                 
0000e299  ti_sysbios_knl_Semaphore_Params_init                               
0000e2ab  TI_memcpy_small                                                    
0000e2bd  BIOS_start                                                         
0000e2cd  ClockP_getCpuFreq                                                  
0000e2dd  ClockP_getTimeout                                                  
0000e2ed  ClockP_isActive                                                    
0000e2fd  ClockP_start                                                       
0000e30d  ClockP_stop                                                        
0000e31d  Ethernet_gatewayIP                                                 
0000e32d  Ethernet_localIP                                                   
0000e33d  Ethernet_subnetMask                                                
0000e34d  GPIO_getUserArg                                                    
0000e35d  GPIO_write                                                         
0000e36d  HwiP_clearInterrupt                                                
0000e37d  HwiP_destruct                                                      
0000e38d  HwiP_disable                                                       
0000e39d  HwiP_disableInterrupt                                              
0000e3ad  HwiP_enableInterrupt                                               
0000e3bd  HwiP_post                                                          
0000e3cd  HwiP_restore                                                       
0000e3dd  NOROM_RFCCpeIntGetAndClear                                         
0000e3ed  NOROM_RFCHwIntGetAndClear                                          
0000e3fd  PowerCC26X2_oscCtlClearXtal                                        
0000e40d  PowerCC26X2_prcmEnableCacheRetention                               
0000e41d  PowerCC26X2_readCtrim                                              
0000e42d  PowerCC26X2_readCtrimFract                                         
0000e43d  PowerCC26X2_readRtrim                                              
0000e44d  PowerCC26X2_switchToTCXO                                           
0000e45d  Power_getDependencyCount                                           
0000e46d  SemaphoreP_destruct                                                
0000e47d  SemaphoreP_post                                                    
0000e48d  SwiP_destruct                                                      
0000e49d  SwiP_disable                                                       
0000e4ad  SwiP_getTrigger                                                    
0000e4bd  SwiP_post                                                          
0000e4cd  SwiP_restore                                                       
0000e4ed  W5500_getGatewayIp                                                 
0000e4fd  W5500_getIPAddress                                                 
0000e50d  W5500_getSubnetMask                                                
0000e51d  W5500_setGatewayIp                                                 
0000e52d  W5500_setIPAddress                                                 
0000e53d  W5500_setMACAddress                                                
0000e54d  W5500_setSubnetMask                                                
0000e55d  ti_sysbios_family_arm_cc26xx_Timer_setPeriod                       
0000e56d  ti_sysbios_knl_ClockSupport_getMaxTicks                            
0000e57d  ti_sysbios_knl_Clock_isActive                                      
0000e58d  ti_sysbios_knl_Clock_removeI                                       
0000e59d  ti_sysbios_knl_Clock_setTimeout                                    
0000e5ad  ti_sysbios_knl_Idle_loop                                           
0000e5bd  ti_sysbios_knl_Queue_destruct                                      
0000e5cd  ti_sysbios_knl_Queue_elemClear                                     
0000e5dd  ti_sysbios_knl_Swi_enabled                                         
0000e5fd  __TI_zero_init                                                     
0000e60d  BIOS_linkedWithIncorrectBootLibrary                                
0000e61b  EthernetUDP_begin_init                                             
0000e66f  strcpy                                                             
0000e67d  strlen                                                             
0000e6a7  ti_sysbios_heaps_HeapMem_isBlocking                                
0000e6b5  ti_sysbios_knl_Clock_stop                                          
0000e6c3  ti_sysbios_runtime_SystemSupport_exit                              
0000e6d1  TI_memset_small                                                    
0000e6df  __TI_decompress_none                                               
0000e6f9  BIOS_getThreadType                                                 
0000e705  ClockP_getSystemTickPeriod                                         
0000e711  EthernetUDP_available                                              
0000e71d  EthernetUDP_rawIPAddress                                           
0000e729  EthernetUDP_remotePort                                             
0000e735  I2C_Params_init                                                    
0000e741  NOROM_CPUcpsid                                                     
0000e74d  NOROM_CPUcpsie                                                     
0000e765  PowerCC26X2_oscClockSourceGet                                      
0000e771  PowerCC26X2_setPeriphDeepSleepEnable                               
0000e77d  PowerCC26X2_sysCtrlGetResetSource                                  
0000e789  PowerCC26X2_sysCtrlVoltageConditionalControl                       
0000e795  Power_getConstraintMask                                            
0000e7a1  RF_Params_init                                                     
0000e7ad  SPI_Params_init                                                    
0000e7b9  STV_ReadFromAddress                                                
0000e7c5  _register_lock                                                     
0000e7d1  _register_unlock                                                   
0000e7dd  resetSS                                                            
0000e7e9  setSS                                                              
0000e801  ti_sysbios_knl_Queue_head                                          
0000e80d  ti_sysbios_knl_Queue_next                                          
0000e819  ti_sysbios_knl_Queue_prev                                          
0000e825  ti_sysbios_knl_Swi_getTrigger                                      
0000e831  ti_sysbios_knl_Swi_postInit                                        
0000e83d  ti_sysbios_knl_Swi_self                                            
0000e849  ti_sysbios_knl_Task_self                                           
0000e873  PowerCC26X2_sysCtrlStandby                                         
0000e87d  RadioQueue_getDQpointer                                            
0000e887  SPICC26X2DMA_init                                                  
0000e891  UDMACC26XX_hwiIntFxn                                               
0000e8c3  ti_sysbios_knl_Swi_startup                                         
0000e8cd  ti_sysbios_runtime_Error_check                                     
0000e8eb  Boot_trimDevice                                                    
0000e8f3  DHCP_presend_DHCP                                                  
0000e903  I2CSupport_masterFinish                                            
0000e90b  NOROM_CPUdelay                                                     
0000e923  PowerCC26X2_oschfTrySwitchToXosc                                   
0000e92b  ResetISR                                                           
0000e935  __aeabi_errno_addr                                                 
0000e93d  _system_post_cinit                                                 
0000e945  _system_pre_init                                                   
0000e955  ti_sysbios_family_arm_m3_Hwi_startup                               
0000e95d  ti_sysbios_runtime_Startup_reset                                   
0000e965  ti_sysbios_runtime_System_exitSpin                                 
0000e96d  I2CSupport_powerRelConstraint                                      
0000e973  I2CSupport_powerSetConstraint                                      
0000e985  SPI_transfer                                                       
0000e98b  random                                                             
0000e991  NOROM_RFCOverrideUpdate                                            
0000e999  PowerCC26X2_oschfSwitchToRcosc                                     
0000e99d  PowerCC26X2_sysCtrlIdle                                            
0000e9a1  PowerCC26X2_turnOnXosc                                             
0000e9a5  RF_defaultExecutionPolicy                                          
0000e9b1  ti_sysbios_gates_GateMutex_canBlock                                
0000e9b5  ti_sysbios_knl_TaskSupport_getStackAlignment                       
0000e9b9  ti_sysbios_runtime_Memory_getMaxDefaultTypeAlign                   
0000e9bd  ti_sysbios_runtime_SystemSupport_ready                             
0000e9c1  __aeabi_memcpy                                                     
0000e9c1  __aeabi_memcpy4                                                    
0000e9c1  __aeabi_memcpy8                                                    
0000efb7  GPIO_pinLowerBound                                                 
0000fe02  GPIO_pinUpperBound                                                 
0000fe03  I2C_count                                                          
0000fe04  ti_sysbios_family_arm_m3_Hwi_swiTaskKeyAddress                     
0000ff9c  resourceDB                                                         
0000fff0  spiCC26X2DMAHWAttrs                                                
00010054  SPI_defaultParams                                                  
00010074  SSD1306_InitSequence                                               
000100ec  SPICC26X2DMA_fxnTable                                              
00010134  i2cCC26xxHWAttrs                                                   
00010164  PowerCC26X2_config                                                 
0001018c  GPIO_config                                                        
000101ac  RFCC26XX_hwAttrs                                                   
000101b8  SPI_config                                                         
000101f0  I2C_config                                                         
000101f8  UDMACC26XX_config                                                  
00010208  ti_sysbios_knl_Idle_funcList                                       
00010210  udmaCC26XXHWAttrs                                                  
0001021f  SPI_count                                                          
00010224  ti_sysbios_knl_Clock_tickPeriod                                    
00010228  ti_sysbios_knl_Swi_numPriorities                                   
0001022c  TemperatureCC26X2_config                                           
0001022d  ti_sysbios_knl_Clock_tickMode                                      
0001022e  ti_sysbios_knl_Task_checkStackFlag                                 
0001022f  ti_sysbios_knl_Task_initStackFlag                                  
00010230  __c_args__                                                         
00010410  __TI_Handler_Table_Base                                            
0001041c  __TI_Handler_Table_Limit                                           
00010444  __TI_CINIT_Base                                                    
00010474  __TI_CINIT_Limit                                                   
00010474  __TI_CINIT_Warm                                                    
0004ffa8  __ccfg                                                             
20000000  __start___llvm_prf_bits                                            
20000000  __start___llvm_prf_cnts                                            
20000000  __stop___llvm_prf_bits                                             
20000000  __stop___llvm_prf_cnts                                             
20000000  ti_sysbios_family_arm_m3_Hwi_ramVectors                            
200000d8  PowerCC26X2_module                                                 
2000024c  gpioPinConfigs                                                     
20000330  ti_sysbios_knl_Clock_Module_state                                  
20000454  ble_pOverridesCommon                                               
200004a8  RFCMD_ieeeRX                                                       
200004e8  ti_sysbios_family_arm_m3_Hwi_Module_state                          
20000524  ti_sysbios_knl_Task_Module_state                                   
20000560  BIOS_Module_state                                                  
2000058c  ti_sysbios_knl_Swi_Module_state                                    
200005b4  RFCMD_bleRadioSetup                                                
200005d8  RFCMD_bleGenericRX                                                 
200005f8  ble_pOverrides2Mbps                                                
20000614  RFCMD_bleFrequencySynthesizer                                      
2000062c  RFCMD_ieeeFrequencySynthesizer                                     
20000644  RFCMD_ieeeRadioSetup                                               
2000065c  ble_pOverrides1Mbps                                                
20000674  RFCMD_bleGenericRXPar                                              
20000688  ble_pOverridesCoded                                                
2000069c  Ethernet_server_port                                               
200006ac  RFCMD_bleModeObject                                                
200006bc  RFCMD_ieeeModeObject                                               
200006cc  _hposcCoeffs                                                       
200006dc  ieee_pOverrides                                                    
200006ec  ti_sysbios_runtime_SysMin_Module_state                             
200006fc  ti_sysbios_family_arm_cc26xx_Timer_Module_state                    
20000708  ti_sysbios_runtime_Error_ignore                                    
20000714  ti_sysbios_runtime_System_Module_state                             
20000728  RFCC26XX_schedulerPolicy                                           
20000738  ti_sysbios_gates_GateMutex_Module_state                            
20000740  ti_sysbios_heaps_HeapMem_Module_state                              
20000748  ti_sysbios_knl_Semaphore_Module_state                              
20000754  EthernetClientPrintMethods                                         
20000758  EthernetUDPPrintMethods                                            
20000760  __aeabi_errno                                                      
20000764  _lock                                                              
20000768  _unlock                                                            
20000770  ti_sysbios_runtime_Memory_defaultHeapInstance                      
20000779  ti_sysbios_knl_Idle_initDone                                       
2000077a  ti_sysbios_runtime_Startup_done                                    
20001a50  __primary_heap_start__                                             
20005a50  __primary_heap_end__                                               
20007690  ti_sysbios_knl_Idle_taskStack                                      
20007a90  ti_sysbios_runtime_SysMin_outbuf                                   
2000830c  i2cCC26xxObjects                                                   
2000844c  _CIOBUF_                                                           
2000844c  __CIOBUF_                                                          
2000856c  spiCC26X2DMAObjects                                                
2000866c  ti_sysbios_family_arm_m3_Hwi_dispatchTable                         
20008744  gpioCallbackFunctions                                              
200087c0  gpioUserArgs                                                       
200088a8  ti_sysbios_knl_ClockSupport_timerStruct                            
20008908  ti_sysbios_knl_Idle_taskStruct                                     
20008a24  ti_sysbios_knl_Swi_readyQs                                         
20008a54  ti_sysbios_knl_Task_readyQs                                        
20008a84  BIOS_heapMemObject                                                 
20008ab0  BIOS_rtsGate                                                       
20008ad8  ti_sysbios_heaps_HeapMem_gate                                      
20008b00  dashboardTaskParams                                                
20008b24  initTaskParams                                                     
20008b48  sniffingTaskParams                                                 
20008b6c  Ethernet                                                           
20008b8c  ti_sysbios_runtime_System_atexitHandlers                           
20008bac  udmaCC26XXObject                                                   
20008c04  ti_sysbios_hal_Seconds_Module_state                                
20008c28  ethernetUdp                                                        
20008c38  Dashboard_SemaphoreParams                                          
20008c44  Init_SemaphoreParams                                               
20008c60  parmbuf                                                            
20008c80  Dashboard_SemaphoreHandle                                          
20008c84  Init_SemaphoreHandle                                               
20008c88  PowerCC26XX_swiKey                                                 
20008c8c  PowerCC26XX_taskKey                                                
20008c90  dashboardTaskHandle                                                
20008c94  initTaskHandle                                                     
20008c98  sniffingTaskHandle                                                 
20008c9c  spi                                                                
20008ca0  ti_sysbios_family_arm_cc26xx_TimestampProvider_Module_state        
20008ca4  ti_sysbios_knl_Task_defaultStackHeap                               
20008ca8  _counter                                                           
20008caa  ethernetServer                                                     
20011a00  __stack                                                            
20012000  __STACK_END                                                        
ffffffff  __TI_pprof_out_hndl                                                
ffffffff  __TI_prof_data_size                                                
ffffffff  __TI_prof_data_start                                               
ffffffff  __binit__                                                          
ffffffff  binit                                                              
UNDEFED   ITM_flush                                                          
UNDEFED   ITM_restore                                                        
UNDEFED   __mpu_init                                                         

[741 symbols]
