******************************************************************************
            TI ARM Clang Linker PC v2.1.2                      
******************************************************************************
>> Linked Fri Jan  5 22:06:34 2024

OUTPUT FILE NAME:   <multiSniff_LP_CC2652RB_tirtos7_ticlang2.out>
ENTRY POINT SYMBOL: "ResetISR"  address: 00007279


MEMORY CONFIGURATION

         name            origin    length      used     unused   attr    fill
----------------------  --------  ---------  --------  --------  ----  --------
  FLASH                 00000000   00050000  0000814c  00047eb4  R  X
  STV                   00050000   00000010  00000000  00000010  RW  
  GPRAM                 11000000   00002000  00000000  00002000  RW X
  SRAM                  20000000   00010000  00006263  00009d9d  RW X
  HTML                  20010000   00004000  00000000  00004000  RW  
  LOG_DATA              90000000   00040000  00000000  00040000  R   


SEGMENT ALLOCATION MAP

run origin  load origin   length   init length attrs members
----------  ----------- ---------- ----------- ----- -------
00000000    00000000    00007fcc   00007fcc    r-x
  00000000    00000000    0000003c   0000003c    r-- .resetVecs
  00000040    00000040    0000727c   0000727c    r-x .text
  000072c0    000072c0    00000d0c   00000d0c    r-- .rodata
00007fcc    00007fcc    00000008   00000008    rw-
  00007fcc    00007fcc    00000008   00000008    rw- .args
00007fd4    00007fd4    00000128   00000128    r--
  00007fd4    00007fd4    00000128   00000128    r-- .cinit
0004ffa8    0004ffa8    00000058   00000058    r--
  0004ffa8    0004ffa8    00000058   00000058    r-- .ccfg
200000d8    200000d8    0000164c   00000000    rw-
  200000d8    200000d8    0000164c   00000000    rw- .bss
20001830    20001830    00000010   00000000    rw-
  20001830    20001830    00000010   00000000    rw- .TI.bound:dmaSpi0RxControlTableEntry
20001840    20001840    00000010   00000000    rw-
  20001840    20001840    00000010   00000000    rw- .TI.bound:dmaSpi0TxControlTableEntry
20001a30    20001a30    00000010   00000000    rw-
  20001a30    20001a30    00000010   00000000    rw- .TI.bound:dmaSpi0RxAltControlTableEntry
20001a40    20001a40    00000010   00000000    rw-
  20001a40    20001a40    00000010   00000000    rw- .TI.bound:dmaSpi0TxAltControlTableEntry
20001a50    20001a50    00004000   00000000    r--
  20001a50    20001a50    00004000   00000000    r-- .priheap
20005a50    20005a50    000004ff   00000000    rw-
  20005a50    20005a50    000004ff   00000000    rw- .data
2000fa00    2000fa00    00000600   00000000    rw-
  2000fa00    2000fa00    00000600   00000000    rw- .stack


SECTION ALLOCATION MAP

 output                                  attributes/
section   page    origin      length       input sections
--------  ----  ----------  ----------   ----------------
.binit     0    00000000    00000000     

.cinit     0    00007fd4    00000128     
                  00007fd4    000000c4     (.cinit..data.load) [load image, compression = lzss]
                  00008098    0000000c     (__TI_handler_table)
                  000080a4    00000008     (.cinit..TI.bound:dmaSpi0RxAltControlTableEntry.load) [load image, compression = zero_init]
                  000080ac    00000008     (.cinit..TI.bound:dmaSpi0RxControlTableEntry.load) [load image, compression = zero_init]
                  000080b4    00000008     (.cinit..TI.bound:dmaSpi0TxAltControlTableEntry.load) [load image, compression = zero_init]
                  000080bc    00000008     (.cinit..TI.bound:dmaSpi0TxControlTableEntry.load) [load image, compression = zero_init]
                  000080c4    00000008     (.cinit..bss.load) [load image, compression = zero_init]
                  000080cc    00000030     (__TI_cinit_table)

.init_array 
*          0    00000000    00000000     UNINITIALIZED

.ccfg      0    0004ffa8    00000058     
                  0004ffa8    00000058     ti_devices_config.o (.ccfg)

.text      0    00000040    0000727c     
                  00000040    000005ea     driverlib.lib : osc.o (.text.findHposcCoefficients)
                  0000062a    00000002     ti_sysbios_config.o (.text.BIOS_nullFunc)
                  0000062c    000002c8     drivers_cc26x2.a : SPICC26X2DMA.c.obj (.text.SPICC26X2DMA_transfer)
                  000008f4    000001f0     Dhcp.o (.text.DHCP_parseDHCPResponse)
                  00000ae4    000001b6     libclang_rt.builtins.a : adddf3.S.obj (.text)
                  00000c9a    000001ae     drivers_cc26x2.a : SPICC26X2DMA.c.obj (.text.SPICC26X2DMA_hwiFxn)
                  00000e48    00000194                      : PowerCC26X2_calibrateRCOSC.c.obj (.text.PowerCC26X2_auxISR)
                  00000fdc    00000188                      : SPICC26X2DMA.c.obj (.text.SPICC26X2DMA_open)
                  00001164    00000174     Dhcp.o (.text.DHCP_send_DHCP_MESSAGE)
                  000012d8    00000160     drivers_cc26x2.a : SPICC26X2DMA.c.obj (.text.configNextTransfer)
                  00001438    00000158                      : PowerCC26X2.c.obj (.text.Power_sleep)
                  00001590    0000013c                      : I2CCC26XX.c.obj (.text.I2C_open)
                  000016cc    00000136     libclang_rt.builtins.a : divdf3.S.obj (.text)
                  00001802    00000002     ti_drivers_config.o (.text.Board_initHook)
                  00001804    00000134     driverlib.lib : osc.o (.text.findHposcPc)
                  00001938    00000126     drivers_cc26x2.a : I2C.c.obj (.text.I2C_transferTimeout)
                  00001a5e    00000002                      : I2C.c.obj (.text.I2C_init)
                  00001a60    00000124     rf_multiMode_cc26x2.a : RFCC26X2_multiMode.c.cc26x2.ticlang.o (.text.RF_abortCmd)
                  00001b84    00000122     drivers_cc26x2.a : SPICC26X2DMA.c.obj (.text.SPICC26X2DMA_transferCancel)
                  00001ca6    00000002     libclang_rt.builtins.a : aeabi_div0.c.obj (.text.__aeabi_ldiv0)
                  00001ca8    00000120     ti_sysbios_config.o (.text.ti_sysbios_family_arm_cc26xx_Timer_construct)
                  00001dc8    0000011c     sysbios.a : Hwi_asm_gnu.obj (.text.ti_sysbios_family_arm_m3_Hwi_dispatch)
                  00001ee4    00000118     drivers_cc26x2.a : PowerCC26X2.c.obj (.text.Power_init)
                  00001ffc    00000110     Dhcp.o (.text.DHCP_request_DHCP_lease)
                  0000210c    0000010c     drivers_cc26x2.a : PowerCC26X2_calibrateRCOSC.c.obj (.text.PowerCC26X2_calibrate)
                  00002218    00000104                      : GPIOCC26X2.c.obj (.text.GPIO_init)
                  0000231c    000000f4     driverlib.lib : sys_ctrl.o (.text.NOROM_SysCtrlStandby)
                  00002410    000000e8     drivers_cc26x2.a : I2CCC26XX.c.obj (.text.I2CCC26XX_hwiFxn)
                  000024f8    000000e4     driverlib.lib : setup.o (.text.NOROM_SetupTrimDevice)
                  000025dc    000000e4     ti_sysbios_config.o (.text.ti_sysbios_knl_Semaphore_pend)
                  000026c0    000000d8     drivers_cc26x2.a : SPICC26X2DMA.c.obj (.text.SPICC26X2DMA_control)
                  00002798    000000d8     ti_sysbios_config.o (.text.ti_sysbios_family_arm_m3_Hwi_excFillContext)
                  00002870    000000d0     drivers_cc26x2.a : PowerCC26X2.c.obj (.text.configureXOSCHF)
                  00002940    000000cc     ssd1306.o (.text.SSD1306_DrawLine)
                  00002a0c    000000cc     ti_sysbios_config.o (.text.ti_sysbios_knl_Clock_workFuncDynamic)
                  00002ad8    000000c4     driverlib.lib : setup.o (.text.TrimAfterColdResetWakeupFromShutDown)
                  00002b9c    000000b8     ti_sysbios_config.o (.text.ti_sysbios_knl_Task_Instance_finalize)
                  00002c54    000000b6     driverlib.lib : osc.o (.text.NOROM_OSC_HPOSCInitializeFrequencyOffsetParameters)
                  00002d0a    000000b4                   : osc.o (.text.NOROM_OSCHF_AttemptToSwitchToXosc)
                  00002dbe    00000002     libc.a : _lock.c.obj (.text._nop)
                  00002dc0    000000b4     ti_sysbios_config.o (.text.PowerCC26XX_standbyPolicy)
                  00002e74    000000b4     drivers_cc26x2.a : PowerCC26X2.c.obj (.text.Power_releaseDependency)
                  00002f28    000000b0                      : PowerCC26X2.c.obj (.text.Power_setDependency)
                  00002fd8    000000b0     libclang_rt.builtins.a : udivmoddi4.S.obj (.text)
                  00003088    000000a8     drivers_cc26x2.a : TemperatureCC26X2.c.obj (.text.temperatureHwiFxn)
                  00003130    000000a4     ti_sysbios_config.o (.text.ti_sysbios_knl_Task_Instance_init)
                  000031d4    000000a0     drivers_cc26x2.a : I2CCC26XX.c.obj (.text.I2CCC26XX_swiFxn)
                  00003274    000000a0     main.o (.text.InitTask)
                  00003314    0000009c     gui.o (.text.GUI_Init)
                  000033b0    00000094     rf_multiMode_cc26x2.a : RFCC26X2_multiMode.c.cc26x2.ticlang.o (.text.RF_hposcRfCompensateFxn)
                  00003444    00000094     ti_sysbios_config.o (.text.ti_sysbios_knl_Clock_startI)
                  000034d8    00000094     ti_sysbios_config.o (.text.ti_sysbios_knl_Task_sleep)
                  0000356c    0000008c     drivers_cc26x2.a : GPIOCC26XX.c.obj (.text.GPIO_setConfig)
                  000035f8    0000008c     ti_sysbios_config.o (.text.ti_sysbios_knl_Clock_init)
                  00003684    00000088     rf_multiMode_cc26x2.a : RFCC26X2_multiMode.c.cc26x2.ticlang.o (.text.RF_discardPendCmd)
                  0000370c    00000084     IPAddress.o (.text.IPAddress_toString)
                  00003790    00000080     driverlib.lib : sys_ctrl.o (.text.NOROM_SysCtrlSetRechargeBeforePowerDown)
                  00003810    00000080     ti_sysbios_config.o (.text.ti_sysbios_family_arm_m3_Hwi_initNVIC)
                  00003890    0000007c     ti_sysbios_config.o (.text.ti_sysbios_family_arm_m3_Hwi_postInit)
                  0000390c    00000078     driverlib.lib : osc.o (.text.NOROM_OSCHF_SwitchToRcOscTurnOffXosc)
                  00003984    00000078                   : osc.o (.text.NOROM_OSC_CapArrayAdjustWorkaround_Boot)
                  000039fc    00000078     drivers_cc26x2.a : SPICC26X2DMA.c.obj (.text.SPICC26X2DMA_close)
                  00003a74    00000078     ti_sysbios_config.o (.text.ti_sysbios_knl_Task_postInit)
                  00003aec    00000074     drivers_cc26x2.a : PowerCC26X2_calibrateRCOSC_helpers.c.obj (.text.PowerCC26X2_updateSubSecInc)
                  00003b60    00000074                      : TemperatureCC26X2.c.obj (.text.Temperature_init)
                  00003bd4    00000074     ti_sysbios_config.o (.text.ti_sysbios_knl_Swi_restoreHwi)
                  00003c48    00000070     ti_sysbios_config.o (.text.ti_sysbios_family_arm_m3_Hwi_Instance_init)
                  00003cb8    00000070     ti_sysbios_config.o (.text.ti_sysbios_knl_Task_startup)
                  00003d28    0000006c     Ethernet.o (.text.Ethernet_begin_mac)
                  00003d94    0000006c     ti_sysbios_config.o (.text.ti_sysbios_family_arm_m3_Hwi_dispatchC)
                  00003e00    0000006c     ti_sysbios_config.o (.text.ti_sysbios_hal_Seconds_getTime)
                  00003e6c    0000006a     drivers_cc26x2.a : I2CCC26XX.c.obj (.text.I2CSupport_primeTransfer)
                  00003ed6    0000006a     libc.a : copy_decompress_lzss.c.obj (.text:decompress:lzss)
                  00003f40    00000068     ti_sysbios_config.o (.text.ti_sysbios_knl_Swi_run)
                  00003fa8    00000064     drivers_cc26x2.a : PowerCC26X2_calibrateRCOSC.c.obj (.text.PowerCC26X2_initiateCalibration)
                  0000400c    00000064                      : UDMACC26XX.c.obj (.text.UDMACC26XX_open)
                  00004070    00000064                      : PowerCC26X2.c.obj (.text.oscillatorISR)
                  000040d4    00000064     ti_sysbios_config.o (.text.ti_sysbios_knl_Idle_init)
                  00004138    00000064     ti_sysbios_config.o (.text.ti_sysbios_knl_TaskSupport_buildTaskStack)
                  0000419c    00000060     ssd1306.o (.text.SSD1306_DrawChar)
                  000041fc    00000060     drivers_cc26x2.a : SPICC26X2DMA.c.obj (.text.csnCallback)
                  0000425c    00000060     ti_sysbios_config.o (.text.ti_sysbios_heaps_HeapMem_allocUnprotected)
                  000042bc    00000060     ti_sysbios_config.o (.text.ti_sysbios_knl_Clock_walkQueueDynamic)
                  0000431c    00000060     ti_sysbios_config.o (.text.ti_sysbios_knl_Semaphore_post)
                  0000437c    00000060     ti_sysbios_config.o (.text.ti_sysbios_knl_Swi_schedule)
                  000043dc    0000005c     libclang_rt.builtins.a : divmoddi4.c.obj (.text.__divmoddi4)
                  00004438    00000058     socket.o (.text.recv)
                  00004490    00000058     sysbios.a : Hwi_asm_switch_gnu.obj (.text.ti_sysbios_family_arm_m3_Hwi_initStacks)
                  000044e8    00000054     libsysbm.a : hostwrite.c.obj (.text.HOSTwrite)
                  0000453c    00000054     drivers_cc26x2.a : I2CCC26XX.c.obj (.text.I2CCC26XX_initHw)
                  00004590    00000054     ssd1306.o (.text.SSD1306_Init)
                  000045e4    00000054     ti_sysbios_config.o (.text.ti_sysbios_runtime_Startup_exec)
                  00004638    00000052     driverlib.lib : chipinfo.o (.text.NOROM_ChipInfo_GetHwRevision)
                  0000468a    00000002     drivers_cc26x2.a : PowerCC26X2.c.obj (.text.emptyClockFunc)
                  0000468c    00000050     ti_drivers_config.o (.text.Board_shutDownExtFlash)
                  000046dc    00000050     rf_multiMode_cc26x2.a : RFCC26X2_multiMode.c.cc26x2.ticlang.o (.text.RF_enableHPOSCTemperatureCompensation)
                  0000472c    00000050     ti_sysbios_config.o (.text.ti_sysbios_knl_Swi_post)
                  0000477c    00000050     ti_sysbios_config.o (.text.ti_sysbios_knl_Swi_runLoop)
                  000047cc    0000004e     ti_drivers_config.o (.text.Board_sendExtFlashByte)
                  0000481a    0000004e     ti_sysbios_config.o (.text.ti_sysbios_heaps_HeapMem_freeUnprotected)
                  00004868    0000004c     ti_sysbios_config.o (.text.BIOS_startFunc)
                  000048b4    0000004c     driverlib.lib : osc.o (.text.NOROM_OSC_HPOSCRelativeFrequencyOffsetGet)
                  00004900    0000004c     SPIfg.o (.text.SPI_begin)
                  0000494c    0000004c     drivers_cc26x2.a : SPICC26X2DMA.c.obj (.text.initHw)
                  00004998    0000004c     socket.o (.text.socket)
                  000049e4    0000004c     drivers_cc26x2.a : PowerCC26X2.c.obj (.text.switchXOSCHF)
                  00004a30    0000004c     ti_sysbios_config.o (.text.ti_sysbios_knl_Swi_Instance_init)
                  00004a7c    00000048     ti_sysbios_config.o (.text.BIOS_init)
                  00004ac4    00000048     EthernetUdp.o (.text.EthernetUDP_begin)
                  00004b0c    00000048     driverlib.lib : aux_sysif.o (.text.NOROM_AUXSYSIFOpModeChange)
                  00004b54    00000048     drivers_cc26x2.a : TemperatureCC26X2.c.obj (.text.Temperature_registerNotifyRange)
                  00004b9c    00000004     ti_sysbios_config.o (.text.ClockP_getSystemTickPeriod)
                  00004ba0    00000048     ArduinoCompatibility.o (.text.millis)
                  00004be8    00000048     ti_sysbios_config.o (.text.ti_sysbios_family_arm_cc26xx_Timer_start)
                  00004c30    00000048     ti_sysbios_config.o (.text.ti_sysbios_heaps_HeapMem_Instance_init)
                  00004c78    00000048     ti_sysbios_config.o (.text.ti_sysbios_heaps_HeapMem_alloc)
                  00004cc0    00000048     ti_sysbios_config.o (.text.ti_sysbios_knl_Task_schedule)
                  00004d08    00000044     ti_sysbios_config.o (.text.BIOS_atExitFunc)
                  00004d4c    00000044     Dhcp.o (.text.DHCP_beginWithDHCP)
                  00004d90    00000044     drivers_cc26x2.a : GPIOCC26X2.c.obj (.text.GPIO_hwiIntFxn)
                  00004dd4    00000044     driverlib.lib : prcm.o (.text.NOROM_PRCMPowerDomainsAllOff)
                  00004e18    00000044                   : prcm.o (.text.NOROM_PRCMPowerDomainsAllOn)
                  00004e5c    00000044     rf_multiMode_cc26x2.a : RFCC26X2_multiMode.c.cc26x2.ticlang.o (.text.RF_cmdGet)
                  00004ea0    00000044     drivers_cc26x2.a : SPI.c.obj (.text.SPI_init)
                  00004ee4    00000044                      : TemperatureCC26X2.c.obj (.text.degreesToCode)
                  00004f28    00000044                      : TemperatureCC26X2.c.obj (.text.setNextThresholds)
                  00004f6c    00000044     ti_sysbios_config.o (.text.ti_sysbios_family_arm_m3_Hwi_Instance_finalize)
                  00004fb0    00000044     ti_sysbios_config.o (.text.ti_sysbios_family_arm_m3_Hwi_construct2)
                  00004ff4    00000044     ti_sysbios_config.o (.text.ti_sysbios_family_arm_m3_Hwi_disableInterrupt)
                  00005038    00000044     ti_sysbios_config.o (.text.ti_sysbios_family_arm_m3_Hwi_enableInterrupt)
                  0000507c    00000044     ti_sysbios_config.o (.text.ti_sysbios_knl_Swi_restore)
                  000050c0    00000044     libclang_rt.builtins.a : fixunsdfsi.S.obj (.text)
                  00005104    00000040     EthernetUdp.o (.text.EthernetUDP_parsePacket)
                  00005144    00000040     drivers_cc26x2.a : PowerCC26X2_calibrateRCOSC.c.obj (.text.PowerCC26X2_RCOSC_clockFunc)
                  00005184    00000040                      : PowerCC26X2_calibrateRCOSC_helpers.c.obj (.text.PowerCC26X2_setAclkRefSrc)
                  000051c4    00000040     rf_multiMode_cc26x2.a : RFCC26X2_multiMode.c.cc26x2.ticlang.o (.text.RF_updateHpOscOverride)
                  00005204    00000040     drivers_cc26x2.a : SPI.c.obj (.text.SPI_open)
                  00005244    00000040     SPIfg.o (.text.SPI_transf)
                  00005284    00000040     ssd1306.o (.text.SSD1306_DrawPixel)
                  000052c4    00000040     w5500.o (.text.W5500_read_buf)
                  00005304    00000040     ti_sysbios_config.o (.text.ti_sysbios_heaps_HeapMem_getStats)
                  00005344    00000040     ti_sysbios_config.o (.text.ti_sysbios_knl_Clock_getTicksUntilInterrupt)
                  00005384    00000040     ti_sysbios_config.o (.text.ti_sysbios_knl_Task_exit)
                  000053c4    0000003c     drivers_cc26x2.a : GPIO.c.obj (.text.GPIO_resetConfig)
                  00005400    0000003c     gui.o (.text.GUI_ChangeDeviceIp)
                  0000543c    0000003c     gui.o (.text.GUI_ChangeTargetIp)
                  00005478    0000003c     ti_sysbios_config.o (.text.HwiP_construct)
                  000054b4    0000003c     driverlib.lib : sys_ctrl.o (.text.NOROM_SysCtrlIdle)
                  000054f0    0000003c     drivers_cc26x2.a : PowerCC26X2_calibrateRCOSC_helpers.c.obj (.text.PowerCC26X2_setTdcClkSrc24M)
                  0000552c    0000003c     w5500.o (.text.W5500_write_buf)
                  00005568    0000003c     main.o (.text.main)
                  000055a4    0000003c     ti_sysbios_config.o (.text.ti_sysbios_family_arm_cc26xx_Timer_periodicStub)
                  000055e0    0000003c     ti_sysbios_config.o (.text.ti_sysbios_family_arm_cc26xx_Timer_setThreshold)
                  0000561c    0000003c     ti_sysbios_config.o (.text.ti_sysbios_heaps_HeapMem_construct)
                  00005658    0000003c     ti_sysbios_config.o (.text.ti_sysbios_knl_ClockSupport_init)
                  00005694    0000003c     ti_sysbios_config.o (.text.ti_sysbios_knl_Task_blockI)
                  000056d0    0000003c     ti_sysbios_config.o (.text.ti_sysbios_knl_Task_create)
                  0000570c    0000003c     ti_sysbios_config.o (.text.ti_sysbios_knl_Task_restore)
                  00005748    0000003c     ti_sysbios_config.o (.text.ti_sysbios_runtime_Memory_alloc)
                  00005784    0000003c     ti_sysbios_config.o (.text.ti_sysbios_runtime_SystemSupport_flush)
                  000057c0    0000003c     drivers_cc26x2.a : TemperatureCC26X2.c.obj (.text.updateThresholds)
                  000057fc    0000003a     w5500.o (.text.W5500_getRXReceivedSize)
                  00005836    00000002     ti_sysbios_config.o (.text.ti_sysbios_runtime_System_exitSpin)
                  00005838    00000038     html.o (.text.Html_UpdateHtml)
                  00005870    00000038     drivers_cc26x2.a : PowerCC26X2_helpers.c.obj (.text.PowerCC26X2_oscDisableQualifiers)
                  000058a8    00000038                      : UDMACC26XX.c.obj (.text.UDMACC26XX_close)
                  000058e0    00000038     ti_sysbios_config.o (.text.getTime)
                  00005918    00000038     ti_sysbios_config.o (.text.ti_sysbios_knl_Task_processVitalTaskFlag)
                  00005950    00000038     libc.a : autoinit.c.obj (.text:__TI_auto_init_nobinit_nopinit)
                  00005988    00000036     w5500.o (.text.W5500_recv_data_processing)
                  000059be    00000002     --HOLE-- [fill = 0]
                  000059c0    00000034     Ethernet.o (.text.Ethernet_begin_mac_ip_dns_gateway_subnet)
                  000059f4    00000034     drivers_cc26x2.a : PowerCC26X2.c.obj (.text.Power_releaseConstraint)
                  00005a28    00000034     rf_multiMode_cc26x2.a : RFCC26X2_multiMode.c.cc26x2.ticlang.o (.text.RF_runDirectImmediateCmd)
                  00005a5c    00000034     ti_sysbios_config.o (.text.SwiP_construct)
                  00005a90    00000034     libsysbm.a : trgmsg.c.obj (.text.__TI_writemsg)
                  00005ac4    00000034     ti_sysbios_config.o (.text._pthread_cleanupFxn)
                  00005af8    00000034     ti_sysbios_config.o (.text.ti_sysbios_family_arm_m3_Hwi_getStackInfo)
                  00005b2c    00000034     ti_sysbios_config.o (.text.ti_sysbios_family_arm_m3_Hwi_init)
                  00005b60    00000034     ti_sysbios_config.o (.text.ti_sysbios_knl_Clock_Instance_init)
                  00005b94    00000034     ti_sysbios_config.o (.text.ti_sysbios_knl_Task_unblockI)
                  00005bc8    00000034     ti_sysbios_config.o (.text.ti_sysbios_runtime_Error_raiseX)
                  00005bfc    00000034     ti_sysbios_config.o (.text.ti_sysbios_runtime_System_processAtExit)
                  00005c30    00000034     sysbios.a : boot_cortex_m.obj (.text:_c_int00)
                  00005c64    00000032     ti_sysbios_config.o (.text.ti_sysbios_knl_Semaphore_pendTimeout)
                  00005c96    00000002     --HOLE-- [fill = 0]
                  00005c98    00000030     ti_drivers_config.o (.text.Board_wakeUpExtFlash)
                  00005cc8    00000030     ti_sysbios_config.o (.text.ClockP_construct)
                  00005cf8    00000030     drivers_cc26x2.a : GPIOCC26XX.c.obj (.text.GPIO_setInterruptConfig)
                  00005d28    00000030                      : PowerCC26X2.c.obj (.text.Power_setConstraint)
                  00005d58    00000030     ssd1306.o (.text.SSD1306_UpdatePosition)
                  00005d88    00000030     libsysbm.a : trgmsg.c.obj (.text.__TI_readmsg)
                  00005db8    00000030     drivers_cc26x2.a : PowerCC26X2.c.obj (.text.notify)
                  00005de8    00000030     ti_sysbios_config.o (.text.ti_sysbios_family_arm_m3_Hwi_excHandlerMin)
                  00005e18    00000030     ti_sysbios_config.o (.text.ti_sysbios_heaps_HeapMem_free)
                  00005e48    00000030     ti_sysbios_config.o (.text.ti_sysbios_knl_TaskSupport_start)
                  00005e78    00000030     ti_sysbios_config.o (.text.ti_sysbios_runtime_System_atexit)
                  00005ea8    0000002e     driverlib.lib : chipinfo.o (.text.NOROM_ThisLibraryIsFor_CC13x2_CC26x2_HwRev20AndLater_HaltIfViolated)
                  00005ed6    0000002e     w5500.o (.text.W5500_send_data_processing_offset)
                  00005f04    0000002e     socket.o (.text.startUDP)
                  00005f32    00000002     --HOLE-- [fill = 0]
                  00005f34    0000002c     ti_sysbios_config.o (.text.PowerCC26XX_schedulerDisable)
                  00005f60    0000002c     rf_multiMode_cc26x2.a : RFCC26X2_multiMode.c.cc26x2.ticlang.o (.text.RF_executeDirectImmediateCmd)
                  00005f8c    0000002c     drivers_cc26x2.a : TemperatureCC26X2.c.obj (.text.Temperature_unregisterNotify)
                  00005fb8    0000002c     w5500.o (.text.W5500_init)
                  00005fe4    0000002c     w5500.o (.text.W5500_read)
                  00006010    0000002c     w5500.o (.text.W5500_write)
                  0000603c    0000002c     ti_sysbios_config.o (.text._pthread_delete)
                  00006068    0000002c     SPIfg.o (.text.initSS)
                  00006094    0000002c     ti_sysbios_config.o (.text.ti_sysbios_gates_GateMutex_enter)
                  000060c0    0000002c     ti_sysbios_config.o (.text.ti_sysbios_knl_Clock_getTicks)
                  000060ec    0000002c     ti_sysbios_config.o (.text.ti_sysbios_knl_Task_restoreHwi)
                  00006118    0000002c     ti_sysbios_config.o (.text.usleep)
                  00006144    0000002a     EthernetUdp.o (.text.EthernetUDP_read)
                  0000616e    0000002a     EthernetUdp.o (.text.EthernetUDP_read_buf)
                  00006198    0000002a     driverlib.lib : osc.o (.text.NOROM_OSCHF_TurnOnXosc)
                  000061c2    0000002a     drivers_cc26x2.a : SPICC26X2DMA.c.obj (.text.SPICC26X2DMA_swiFxn)
                  000061ec    0000002a     socket.o (.text.bufferData)
                  00006216    0000002a     ti_sysbios_config.o (.text.ti_sysbios_family_arm_cc26xx_Timer_setNextTick)
                  00006240    0000002a     ti_sysbios_config.o (.text.ti_sysbios_knl_Task_allBlockedFunction)
                  0000626a    00000002     --HOLE-- [fill = 0]
                  0000626c    00000028     ti_sysbios_config.o (.text.BIOS_registerRTSLock)
                  00006294    00000028     drivers_cc26x2.a : I2C.c.obj (.text.I2C_cancel)
                  000062bc    00000028                      : List.c.obj (.text.List_remove)
                  000062e4    00000028     rf_multiMode_cc26x2.a : RFCC26X2_multiMode.c.cc26x2.ticlang.o (.text.RF_cmdStoreEvents)
                  0000630c    00000028     sysbios.a : Hwi_asm_gnu.obj (.text.ti_sysbios_family_arm_m3_Hwi_excHandlerAsm)
                  00006334    00000028     ti_sysbios_config.o (.text.ti_sysbios_gates_GateMutex_Instance_init)
                  0000635c    00000028     ti_sysbios_config.o (.text.ti_sysbios_knl_Semaphore_Instance_init)
                  00006384    00000028     ti_sysbios_config.o (.text.ti_sysbios_knl_Swi_init)
                  000063ac    00000028     sysbios.a : TaskSupport_asm_gnu.obj (.text.ti_sysbios_knl_TaskSupport_swap)
                  000063d4    00000028     ti_sysbios_config.o (.text.ti_sysbios_knl_Task_construct)
                  000063fc    00000028     ti_sysbios_config.o (.text.ti_sysbios_knl_Task_init)
                  00006424    00000026     drivers_cc26x2.a : SPICC26X2DMA.c.obj (.text.flushFifos)
                  0000644a    00000002     --HOLE-- [fill = 0]
                  0000644c    00000024     ti_sysbios_config.o (.text.BIOS_removeRTSLock)
                  00006470    00000024     ti_drivers_config.o (.text.Board_init)
                  00006494    00000024     EthernetUdp.o (.text.EthernetUDP_stop)
                  000064b8    00000024     drivers_cc26x2.a : List.c.obj (.text.List_put)
                  000064dc    00000024                      : PowerCC26X2_helpers.c.obj (.text.PowerCC26X2_setSubSecIncToXoscLf)
                  00006500    00000024                      : PowerCC26X2_calibrateRCOSC_helpers.c.obj (.text.PowerCC26X2_writeCtrim)
                  00006524    00000024                      : PowerCC26X2_calibrateRCOSC_helpers.c.obj (.text.PowerCC26X2_writeCtrimFract)
                  00006548    00000024                      : PowerCC26X2_calibrateRCOSC_helpers.c.obj (.text.PowerCC26X2_writeCtrimFractEn)
                  0000656c    00000024                      : PowerCC26X2_calibrateRCOSC_helpers.c.obj (.text.PowerCC26X2_writeRtrim)
                  00006590    00000024                      : PowerCC26X2.c.obj (.text.Power_registerNotify)
                  000065b4    00000024                      : SPICC26X2DMA.c.obj (.text.releaseConstraint)
                  000065d8    00000024     ssd1306.o (.text.sendData)
                  000065fc    00000024     socket.o (.text.sendUDP)
                  00006620    00000024     ti_sysbios_config.o (.text.ti_sysbios_family_arm_m3_Hwi_construct)
                  00006644    00000024     ti_sysbios_config.o (.text.ti_sysbios_knl_Semaphore_destruct)
                  00006668    00000024     ti_sysbios_config.o (.text.ti_sysbios_knl_Task_enter)
                  0000668c    00000022     ssd1306.o (.text.SSD1306_DrawString)
                  000066ae    00000022     w5500.o (.text.W5500_getTXFreeSize)
                  000066d0    00000022     ti_sysbios_config.o (.text.ti_sysbios_runtime_SysMin_output)
                  000066f2    00000020     Dhcp.o (.text.DHCP_printByte)
                  00006712    00000002     --HOLE-- [fill = 0]
                  00006714    00000020     ti_sysbios_config.o (.text.HwiP_clearInterrupt)
                  00006734    00000020     rf_multiMode_cc26x2.a : rfc.c.cc26x2.ticlang.o (.text.NOROM_RFCDoorbellSendTo)
                  00006754    00000020                           : rfc.c.cc26x2.ticlang.o (.text.NOROM_RFCOverrideSearch)
                  00006774    00000020     drivers_cc26x2.a : PowerCC26X2_helpers.c.obj (.text.PowerCC26X2_disableTCXOQual)
                  00006794    00000020                      : PowerCC26X2_helpers.c.obj (.text.PowerCC26X2_enableTCXOQual)
                  000067b4    00000020     ti_sysbios_config.o (.text.PowerCC26XX_schedulerRestore)
                  000067d4    00000020     drivers_cc26x2.a : PowerCC26X2.c.obj (.text.Power_unregisterNotify)
                  000067f4    00000020     rf_multiMode_cc26x2.a : RFCC26X2_multiMode.c.cc26x2.ticlang.o (.text.RF_invokeGlobalCallback)
                  00006814    00000020     ssd1306.o (.text.SSD1306_SendCommand)
                  00006834    00000020     ti_sysbios_config.o (.text.SemaphoreP_constructBinary)
                  00006854    00000020     ti_sysbios_config.o (.text.ti_sysbios_family_arm_m3_Hwi_initStack)
                  00006874    00000020     ti_sysbios_config.o (.text.ti_sysbios_knl_Task_delete)
                  00006894    00000020     ti_sysbios_config.o (.text.ti_sysbios_knl_Task_destruct)
                  000068b4    00000020     libclang_rt.builtins.a : floatunsidf.S.obj (.text)
                  000068d4    0000001e     sysbios.a : Hwi_asm_switch_gnu.obj (.text.ti_sysbios_family_arm_m3_Hwi_switchAndRunFunc)
                  000068f2    00000002     --HOLE-- [fill = 0]
                  000068f4    0000001c     ti_sysbios_config.o (.text.BIOS_rtsLock)
                  00006910    0000001c     drivers_cc26x2.a : GPIO.c.obj (.text.GPIO_setCallback)
                  0000692c    0000001c                      : GPIOCC26XX.c.obj (.text.GPIO_setMux)
                  00006948    0000001c                      : PowerCC26X2.c.obj (.text.Power_getTransitionLatency)
                  00006964    0000001c     ssd1306.o (.text.SSD1306_UpdateScreen)
                  00006980    0000001c     w5500.o (.text.W5500_writeSnDPORT)
                  0000699c    0000001c     w5500.o (.text.W5500_writeSnPORT)
                  000069b8    0000001c     w5500.o (.text.W5500_writeSnRX_RD)
                  000069d4    0000001c     w5500.o (.text.W5500_writeSnTX_WR)
                  000069f0    0000001c     drivers_cc26x2.a : TemperatureCC26X2.c.obj (.text.setTempLowerLimit)
                  00006a0c    0000001c                      : TemperatureCC26X2.c.obj (.text.setTempUpperLimit)
                  00006a28    0000001c     ti_sysbios_config.o (.text.ti_sysbios_knl_Idle_run)
                  00006a44    0000001c     ti_sysbios_config.o (.text.ti_sysbios_knl_Queue_put)
                  00006a60    0000001c     ti_sysbios_config.o (.text.ti_sysbios_knl_Swi_construct)
                  00006a7c    0000001c     ti_sysbios_config.o (.text.ti_sysbios_knl_Swi_destruct)
                  00006a98    0000001a     EthernetUdp.o (.text.EthernetUDP_write)
                  00006ab2    0000001a     drivers_cc26x2.a : I2CCC26XX.c.obj (.text.I2CCC26XX_completeTransfer)
                  00006acc    0000001a     w5500.o (.text.W5500_readSnRX_RD)
                  00006ae6    0000001a     w5500.o (.text.W5500_readSnRX_RSR)
                  00006b00    0000001a     w5500.o (.text.W5500_readSnTX_FSR)
                  00006b1a    0000001a     w5500.o (.text.W5500_readSnTX_WR)
                  00006b34    0000001a     ti_sysbios_config.o (.text.ti_sysbios_knl_Task_sleepTimeout)
                  00006b4e    00000002     --HOLE-- [fill = 0]
                  00006b50    00000018     ti_sysbios_config.o (.text.BIOS_exitFunc)
                  00006b68    00000018     ti_sysbios_config.o (.text.BIOS_rtsUnlock)
                  00006b80    00000018     drivers_cc26x2.a : GPIOCC26XX.c.obj (.text.GPIO_disableInt)
                  00006b98    00000018     html.o (.text.Html_AddKeyValueToBuffer)
                  00006bb0    00000018     drivers_cc26x2.a : PowerCC26X2.c.obj (.text.PowerCC26XX_calibrate)
                  00006bc8    00000018                      : PowerCC26X2.c.obj (.text.Power_idleFunc)
                  00006be0    00000018     ti_sysbios_config.o (.text.ti_sysbios_knl_Clock_scheduleNextTick)
                  00006bf8    00000018     ti_sysbios_config.o (.text.ti_sysbios_knl_Swi_construct2)
                  00006c10    00000018     ti_sysbios_config.o (.text.ti_sysbios_knl_Swi_or)
                  00006c28    00000018     sysbios.a : TaskSupport_asm_gnu.obj (.text.ti_sysbios_knl_TaskSupport_glue)
                  00006c40    00000018     ti_sysbios_config.o (.text.ti_sysbios_knl_Task_unblock)
                  00006c58    00000016     html.o (.text.Html_memcpy)
                  00006c6e    00000016     w5500.o (.text.W5500_read_data)
                  00006c84    00000016     socket.o (.text.close)
                  00006c9a    00000016     ti_sysbios_config.o (.text.ti_sysbios_knl_Clock_start)
                  00006cb0    00000014     drivers_cc26x2.a : GPIOCC26XX.c.obj (.text.GPIO_read)
                  00006cc4    00000014                      : GPIO.c.obj (.text.GPIO_setUserArg)
                  00006cd8    00000014                      : I2CCC26XX.c.obj (.text.I2CCC26XX_postNotify)
                  00006cec    00000014                      : SPICC26X2DMA.c.obj (.text.OUTLINED_FUNCTION_0)
                  00006d00    00000014                      : TemperatureCC26X2.c.obj (.text.Temperature_getTemperature)
                  00006d14    00000014     w5500.o (.text.W5500_execCmdSn)
                  00006d28    00000014     w5500.o (.text.W5500_writeSn)
                  00006d3c    00000014     w5500.o (.text.W5500_writeSn_buf)
                  00006d50    00000014     libc.a : args_main.c.obj (.text._args_main)
                  00006d64    00000014     ti_sysbios_config.o (.text.ti_sysbios_family_arm_m3_Hwi_switchFromBootStack)
                  00006d78    00000014     libclang_rt.builtins.a : aeabi_ldivmod.S.obj (.text)
                  00006d8c    00000014                            : aeabi_memset.S.obj (.text)
                  00006da0    00000014                            : aeabi_uldivmod.S.obj (.text)
                  00006db4    00000012     EthernetUdp.o (.text.EthernetUDP_beginPacket_ip)
                  00006dc6    00000012     EthernetUdp.o (.text.EthernetUDP_flush)
                  00006dd8    00000012     Ethernet.o (.text.Ethernet_begin_mac_ip_dns)
                  00006dea    00000012     drivers_cc26x2.a : I2C.c.obj (.text.I2C_transfer)
                  00006dfc    00000012     IPAddress.o (.text.IPAddress_Init_str)
                  00006e0e    00000012     libc.a : memcpy_t2.S.obj (.text:TI_memcpy_small)
                  00006e20    00000010     ti_sysbios_config.o (.text.ClockP_getCpuFreq)
                  00006e30    00000010     Dhcp.o (.text.DHCP_getDnsServerIp)
                  00006e40    00000010     Dhcp.o (.text.DHCP_getGatewayIp)
                  00006e50    00000010     Dhcp.o (.text.DHCP_getLocalIp)
                  00006e60    00000010     Dhcp.o (.text.DHCP_getSubnetMask)
                  00006e70    00000010     drivers_cc26x2.a : GPIO.c.obj (.text.GPIO_getUserArg)
                  00006e80    00000010                      : GPIOCC26XX.c.obj (.text.GPIO_write)
                  00006e90    00000010     ti_sysbios_config.o (.text.HwiP_Params_init)
                  00006ea0    00000010     drivers_cc26x2.a : PowerCC26X2_helpers.c.obj (.text.PowerCC26X2_oscCtlClearXtal)
                  00006eb0    00000010                      : PowerCC26X2_helpers.c.obj (.text.PowerCC26X2_prcmEnableCacheRetention)
                  00006ec0    00000010                      : PowerCC26X2_calibrateRCOSC_helpers.c.obj (.text.PowerCC26X2_readCtrim)
                  00006ed0    00000010                      : PowerCC26X2_calibrateRCOSC_helpers.c.obj (.text.PowerCC26X2_readCtrimFract)
                  00006ee0    00000010                      : PowerCC26X2_calibrateRCOSC_helpers.c.obj (.text.PowerCC26X2_readRtrim)
                  00006ef0    00000010                      : PowerCC26X2_helpers.c.obj (.text.PowerCC26X2_switchToTCXO)
                  00006f00    00000010                      : PowerCC26X2.c.obj (.text.Power_getDependencyCount)
                  00006f10    00000010     ssd1306.o (.text.SSD1306_SetPosition)
                  00006f20    00000010     ti_sysbios_config.o (.text.SwiP_Params_init)
                  00006f30    00000010     ti_sysbios_config.o (.text.ti_sysbios_family_arm_cc26xx_Timer_dynamicStub)
                  00006f40    00000010     ti_sysbios_config.o (.text.ti_sysbios_family_arm_m3_Hwi_excHandler)
                  00006f50    00000010     libc.a : copy_zero_init.c.obj (.text:decompress:ZI)
                  00006f60    0000000e     Ethernet.o (.text.Ethernet_begin_mac_ip_dns_gateway)
                  00006f6e    0000000e     drivers_cc26x2.a : PowerCC26X2.c.obj (.text.OUTLINED_FUNCTION_0)
                  00006f7c    0000000e     w5500.o (.text.W5500_readSn)
                  00006f8a    0000000e     drivers_cc26x2.a : PowerCC26X2.c.obj (.text.switchToTCXO)
                  00006f98    0000000e     ti_sysbios_config.o (.text.ti_sysbios_gates_GateMutex_leave)
                  00006fa6    0000000e     libc.a : memset_t2.S.obj (.text:TI_memset_small)
                  00006fb4    0000000e            : copy_decompress_none.c.obj (.text:decompress:none)
                  00006fc2    00000002     --HOLE-- [fill = 0]
                  00006fc4    0000000c     ti_sysbios_config.o (.text.BIOS_linkedWithIncorrectBootLibrary)
                  00006fd0    0000000c     ti_sysbios_config.o (.text.BIOS_start)
                  00006fdc    0000000c     Ethernet.o (.text.Ethernet_begin_mac_ip)
                  00006fe8    0000000c     Ethernet.o (.text.Ethernet_localIP)
                  00006ff4    0000000c     ti_sysbios_config.o (.text.HwiP_disable)
                  00007000    0000000c     drivers_cc26x2.a : I2C.c.obj (.text.I2C_Params_init)
                  0000700c    0000000c     driverlib.lib : cpu.o (.text.NOROM_CPUcpsid)
                  00007018    0000000c                   : cpu.o (.text.NOROM_CPUcpsie)
                  00007024    0000000c     drivers_cc26x2.a : I2CCC26XX.c.obj (.text.OUTLINED_FUNCTION_0)
                  00007030    0000000c     Dhcp.o (.text.OUTLINED_FUNCTION_2)
                  0000703c    0000000c     drivers_cc26x2.a : PowerCC26X2_helpers.c.obj (.text.PowerCC26X2_oscClockSourceGet)
                  00007048    0000000c                      : PowerCC26X2_helpers.c.obj (.text.PowerCC26X2_setPeriphDeepSleepEnable)
                  00007054    0000000c                      : PowerCC26X2_helpers.c.obj (.text.PowerCC26X2_sysCtrlGetResetSource)
                  00007060    0000000c                      : PowerCC26X2_helpers.c.obj (.text.PowerCC26X2_sysCtrlVoltageConditionalControl)
                  0000706c    0000000c                      : PowerCC26X2.c.obj (.text.Power_getConstraintMask)
                  00007078    0000000c                      : SPI.c.obj (.text.SPI_Params_init)
                  00007084    0000000c     w5500.o (.text.W5500_readSIPR)
                  00007090    0000000c     w5500.o (.text.W5500_writeGAR)
                  0000709c    0000000c     w5500.o (.text.W5500_writeSHAR)
                  000070a8    0000000c     w5500.o (.text.W5500_writeSIPR)
                  000070b4    0000000c     w5500.o (.text.W5500_writeSUBR)
                  000070c0    0000000c     libc.a : _lock.c.obj (.text._register_lock)
                  000070cc    0000000c            : _lock.c.obj (.text._register_unlock)
                  000070d8    0000000c     drivers_cc26x2.a : SPICC26X2DMA.c.obj (.text.spiPostNotify)
                  000070e4    0000000c     ti_sysbios_config.o (.text.ti_sysbios_heaps_HeapMem_init)
                  000070f0    0000000c     ti_sysbios_config.o (.text.ti_sysbios_knl_ClockSupport_setNextTick)
                  000070fc    0000000c     ti_sysbios_config.o (.text.ti_sysbios_knl_Clock_tick)
                  00007108    0000000c     ti_sysbios_config.o (.text.ti_sysbios_knl_Task_Params_init)
                  00007114    0000000a     ti_sysbios_config.o (.text.ClockP_Params_init)
                  0000711e    0000000a     drivers_cc26x2.a : I2CCC26XX.c.obj (.text.I2CMasterControl)
                  00007128    0000000a                      : SPICC26X2DMA.c.obj (.text.OUTLINED_FUNCTION_2)
                  00007132    0000000a     rf_multiMode_cc26x2.a : RFCC26X2_multiMode.c.cc26x2.ticlang.o (.text.OUTLINED_FUNCTION_5)
                  0000713c    0000000a     drivers_cc26x2.a : PowerCC26X2_helpers.c.obj (.text.PowerCC26X2_sysCtrlStandby)
                  00007146    0000000a                      : SPICC26X2DMA.c.obj (.text.SPICC26X2DMA_init)
                  00007150    0000000a     ti_sysbios_config.o (.text.SemaphoreP_pend)
                  0000715a    0000000a     drivers_cc26x2.a : UDMACC26XX.c.obj (.text.UDMACC26XX_hwiIntFxn)
                  00007164    0000000a     w5500.o (.text.W5500_writeSnDIPR)
                  0000716e    0000000a     ArduinoCompatibility.o (.text.delay)
                  00007178    00000008     drivers_cc26x2.a : I2CCC26XX.c.obj (.text.I2CCC26XX_blockingCallback)
                  00007180    00000008                      : I2CCC26XX.c.obj (.text.I2CSupport_masterFinish)
                  00007188    00000008     driverlib.lib : cpu.o (.text.NOROM_CPUdelay)
                  00007190    00000008     Dhcp.o (.text.OUTLINED_FUNCTION_1)
                  00007198    00000008     drivers_cc26x2.a : SPICC26X2DMA.c.obj (.text.OUTLINED_FUNCTION_1)
                  000071a0    00000008                      : PowerCC26X2_helpers.c.obj (.text.PowerCC26X2_oschfTrySwitchToXosc)
                  000071a8    00000008     w5500.o (.text.W5500_writeSnCR)
                  000071b0    00000008     w5500.o (.text.W5500_writeSnIR)
                  000071b8    00000008     w5500.o (.text.W5500_writeSnMR)
                  000071c0    00000008     libc.a : aeabi_portable.c.obj (.text.__aeabi_errno_addr)
                  000071c8    00000008     drivers_cc26x2.a : SPICC26X2DMA.c.obj (.text.blockingTransferCallback)
                  000071d0    00000008     SPIfg.o (.text.resetSS)
                  000071d8    00000008     SPIfg.o (.text.setSS)
                  000071e0    00000008     ti_sysbios_config.o (.text.ti_sysbios_runtime_System_exit)
                  000071e8    00000006     ti_sysbios_config.o (.text.ClockP_stop)
                  000071ee    00000006     EthernetUdp.o (.text.EthernetUDP_begin_init)
                  000071f4    00000006     EthernetUdp.o (.text.EthernetUDP_endPacket)
                  000071fa    00000006     ti_sysbios_config.o (.text.HwiP_restore)
                  00007200    00000006     drivers_cc26x2.a : I2CCC26XX.c.obj (.text.I2CSupport_powerRelConstraint)
                  00007206    00000006                      : I2CCC26XX.c.obj (.text.I2CSupport_powerSetConstraint)
                  0000720c    00000006     Dhcp.o (.text.OUTLINED_FUNCTION_0)
                  00007212    00000006     Dhcp.o (.text.OUTLINED_FUNCTION_3)
                  00007218    00000006     drivers_cc26x2.a : SPI.c.obj (.text.SPI_transfer)
                  0000721e    00000006     w5500.o (.text.W5500_readSnCR)
                  00007224    00000006     w5500.o (.text.W5500_readSnIR)
                  0000722a    00000006     w5500.o (.text.W5500_readSnSR)
                  00007230    00000006     ArduinoCompatibility.o (.text.random)
                  00007236    00000006     ti_sysbios_config.o (.text.ti_sysbios_family_arm_m3_Hwi_destruct)
                  0000723c    00000006     ti_sysbios_config.o (.text.ti_sysbios_family_arm_m3_Hwi_doSwiRestore)
                  00007242    00000006     ti_sysbios_config.o (.text.ti_sysbios_family_arm_m3_Hwi_doTaskRestore)
                  00007248    00000006     ti_sysbios_config.o (.text.ti_sysbios_knl_Idle_loop)
                  0000724e    00000006     ti_sysbios_config.o (.text.ti_sysbios_knl_Swi_startup)
                  00007254    00000004     ti_sysbios_config.o (.text.ClockP_start)
                  00007258    00000004     EthernetUdp.o (.text.EthernetUDP_available)
                  0000725c    00000004     EthernetUdp.o (.text.EthernetUDP_remotePort)
                  00007260    00000004     ti_sysbios_config.o (.text.HwiP_destruct)
                  00007264    00000004     ti_sysbios_config.o (.text.HwiP_disableInterrupt)
                  00007268    00000004     ti_sysbios_config.o (.text.HwiP_enableInterrupt)
                  0000726c    00000004     drivers_cc26x2.a : PowerCC26X2_helpers.c.obj (.text.PowerCC26X2_oschfSwitchToRcosc)
                  00007270    00000004                      : PowerCC26X2_helpers.c.obj (.text.PowerCC26X2_sysCtrlIdle)
                  00007274    00000004                      : PowerCC26X2_helpers.c.obj (.text.PowerCC26X2_turnOnXosc)
                  00007278    00000004     ti_sysbios_config.o (.text.ResetISR)
                  0000727c    00000004     ti_sysbios_config.o (.text.SemaphoreP_destruct)
                  00007280    00000004     ti_sysbios_config.o (.text.SemaphoreP_post)
                  00007284    00000004     ti_sysbios_config.o (.text.SwiP_destruct)
                  00007288    00000004     ti_sysbios_config.o (.text.SwiP_or)
                  0000728c    00000004     ti_sysbios_config.o (.text.SwiP_post)
                  00007290    00000004     w5500.o (.text.W5500_getIPAddress)
                  00007294    00000004     w5500.o (.text.W5500_setGatewayIp)
                  00007298    00000004     w5500.o (.text.W5500_setIPAddress)
                  0000729c    00000004     w5500.o (.text.W5500_setMACAddress)
                  000072a0    00000004     w5500.o (.text.W5500_setSubnetMask)
                  000072a4    00000004     ti_sysbios_config.o (.text._system_post_cinit)
                  000072a8    00000004     ti_sysbios_config.o (.text._system_pre_init)
                  000072ac    00000004     drivers_cc26x2.a : PowerCC26X2.c.obj (.text.configureRFCoreClocks)
                  000072b0    00000004                      : PowerCC26X2.c.obj (.text.nopResourceHandler)
                  000072b4    00000004     ti_sysbios_config.o (.text.ti_sysbios_heaps_HeapMem_isBlocking)
                  000072b8    00000004     libclang_rt.builtins.a : aeabi_memcpy.S.obj (.text)

.rodata    0    000072c0    00000d0c     
                  000072c0    000005d0     ti_sysbios_config.o (.rodata.str1.1)
                  00007890    000001e0     ssd1306.o (.rodata.FONTS)
                  00007a70    0000008d     ti_sysbios_config.o (.rodata.ti_sysbios_heaps_HeapMem_alloc.err)
                  00007afd    00000089     ti_sysbios_config.o (.rodata.ti_sysbios_family_arm_m3_Hwi_Instance_init.err.1)
                  00007b86    00000089     ti_sysbios_config.o (.rodata.ti_sysbios_runtime_Memory_alloc.err)
                  00007c0f    00000086     ti_sysbios_config.o (.rodata.ti_sysbios_family_arm_m3_Hwi_Instance_init.err)
                  00007c95    00000001     ti_drivers_config.o (.rodata.GPIO_pinLowerBound)
                  00007c96    00000001     ti_drivers_config.o (.rodata.GPIO_pinUpperBound)
                  00007c97    00000001     ti_drivers_config.o (.rodata.I2C_count)
                  00007c98    00000070     driverlib.lib : osc.o (.rodata..L__const.NOROM_OSC_HPOSC_Debug_InitFreqOffsetParams.hposcParm)
                  00007d08    0000006b     gui.o (.rodata.str1.1)
                  00007d73    00000001     ti_drivers_config.o (.rodata.SPI_count)
                  00007d74    00000054     drivers_cc26x2.a : PowerCC26X2.c.obj (.rodata.resourceDB)
                  00007dc8    00000040     ti_drivers_config.o (.rodata.spiCC26X2DMAHWAttrs)
                  00007e08    00000024     ti_sysbios_config.o (.rodata.ti_sysbios_knl_Task_Params_default)
                  00007e2c    00000020     drivers_cc26x2.a : SPI.c.obj (.rodata.SPI_defaultParams)
                  00007e4c    00000020     ssd1306.o (.rodata.SSD1306_InitSequence)
                  00007e6c    0000001c     ti_sysbios_config.o (.rodata.ti_sysbios_family_arm_cc26xx_Timer_Params_default)
                  00007e88    0000001a     main.o (.rodata.str1.1)
                  00007ea2    00000001     ti_drivers_config.o (.rodata.TemperatureCC26X2_config)
                  00007ea3    00000001     --HOLE-- [fill = 0]
                  00007ea4    00000018     drivers_cc26x2.a : SPICC26X2DMA.c.obj (.rodata.SPICC26X2DMA_fxnTable)
                  00007ebc    00000018                      : SPICC26X2DMA.c.obj (.rodata.cst8)
                  00007ed4    00000018                      : SPICC26X2DMA.c.obj (.rodata.frameFormat)
                  00007eec    00000018     ti_drivers_config.o (.rodata.i2cCC26xxHWAttrs)
                  00007f04    00000018     ti_sysbios_config.o (.rodata.ti_sysbios_family_arm_m3_Hwi_Params_default)
                  00007f1c    00000014     ti_drivers_config.o (.rodata.PowerCC26X2_config)
                  00007f30    00000014     ti_sysbios_config.o (.rodata.ti_sysbios_knl_Swi_Params_default)
                  00007f44    00000010     ti_drivers_config.o (.rodata.GPIO_config)
                  00007f54    00000010     drivers_cc26x2.a : I2CCC26XX.c.obj (.rodata.cst16)
                  00007f64    0000000c     ti_drivers_config.o (.rodata.RFCC26XX_hwAttrs)
                  00007f70    0000000c     ti_drivers_config.o (.rodata.SPI_config)
                  00007f7c    0000000c     ti_sysbios_config.o (.rodata.ti_sysbios_heaps_HeapMem_Params_default)
                  00007f88    0000000c     ti_sysbios_config.o (.rodata.ti_sysbios_knl_Clock_Params_default)
                  00007f94    0000000c     ti_sysbios_config.o (.rodata.ti_sysbios_knl_Semaphore_Params_default)
                  00007fa0    00000008     ti_drivers_config.o (.rodata.I2C_config)
                  00007fa8    00000008     ti_drivers_config.o (.rodata.UDMACC26XX_config)
                  00007fb0    00000008     driverlib.lib : aux_sysif.o (.rodata.cst4)
                  00007fb8    00000008     ti_sysbios_config.o (.rodata.ti_sysbios_knl_Idle_funcList)
                  00007fc0    00000008     ti_drivers_config.o (.rodata.udmaCC26XXHWAttrs)
                  00007fc8    00000004     ti_sysbios_config.o (.rodata.ti_sysbios_family_arm_m3_Hwi_swiTaskKeyAddress)

.bss       0    200000d8    0000164c     UNINITIALIZED
                  200000d8    00000401     ssd1306.o (.bss.SSD1306_LcdBufferInclStreamByte)
                  200004d9    00000400     (.common:ti_sysbios_runtime_SysMin_outbuf)
                  200008d9    00000001     --HOLE--
                  200008da    00000002     socket.o (.bss.local_port)
                  200008dc    00000004     driverlib.lib : osc.o (.bss.oscHfGlobals.0)
                  200008e0    000002c0     rf_multiMode_cc26x2.a : RFCC26X2_multiMode.c.cc26x2.ticlang.o (.bss.RF_cmdPool)
                  20000ba0    00000200     (.common:ti_sysbios_knl_Idle_taskStack)
                  20000da0    000001ba     html.o (.bss.valueBuffer)
                  20000f5a    00000002     (.common:_counter)
                  20000f5c    00000140     (.common:i2cCC26xxObjects)
                  2000109c    00000120     libsysbm.a : trgmsg.c.obj (.bss:_CIOBUF_)
                  200011bc    00000100     (.common:spiCC26X2DMAObjects)
                  200012bc    000000d8     (.common:ti_sysbios_family_arm_m3_Hwi_dispatchTable)
                  20001394    0000007c     (.common:gpioCallbackFunctions)
                  20001410    0000007c     (.common:gpioUserArgs)
                  2000148c    00000004     driverlib.lib : osc.o (.bss.oscHfGlobals.2)
                  20001490    00000060     (.common:ti_sysbios_knl_ClockSupport_timerStruct)
                  200014f0    00000058     (.common:ti_sysbios_knl_Idle_taskStruct)
                  20001548    00000030     (.common:ti_sysbios_knl_Swi_readyQs)
                  20001578    00000030     (.common:ti_sysbios_knl_Task_readyQs)
                  200015a8    0000002c     (.common:BIOS_heapMemObject)
                  200015d4    00000028     (.common:BIOS_rtsGate)
                  200015fc    00000028     (.common:ti_sysbios_heaps_HeapMem_gate)
                  20001624    00000024     (.common:initTaskParams)
                  20001648    00000020     (.common:Ethernet)
                  20001668    00000020     (.common:ti_sysbios_runtime_System_atexitHandlers)
                  20001688    00000020     (.common:udmaCC26XXObject)
                  200016a8    0000001c     drivers_cc26x2.a : TemperatureCC26X2.c.obj (.bss.batmonHwi)
                  200016c4    0000001c                      : GPIOCC26X2.c.obj (.bss.gpioHwi)
                  200016e0    00000014     (.common:ti_sysbios_hal_Seconds_Module_state)
                  200016f4    00000008                      : TemperatureCC26X2.c.obj (.bss.notificationList)
                  200016fc    00000008     (.common:parmbuf)
                  20001704    00000004     driverlib.lib : osc.o (.bss.oscHfGlobals.3)
                  20001708    00000004                   : osc.o (.bss.oscHfGlobals.4)
                  2000170c    00000004     (.common:PowerCC26XX_swiKey)
                  20001710    00000004     (.common:PowerCC26XX_taskKey)
                  20001714    00000004     (.common:initTaskHandle)
                  20001718    00000004     (.common:spi)
                  2000171c    00000004     (.common:ti_sysbios_family_arm_cc26xx_TimestampProvider_Module_state)
                  20001720    00000004     (.common:ti_sysbios_knl_Task_defaultStackHeap)

.data      0    20005a50    000004ff     UNINITIALIZED
                  20005a50    00000174     drivers_cc26x2.a : PowerCC26X2.c.obj (.data.PowerCC26X2_module)
                  20005bc4    0000007c     ti_drivers_config.o (.data.gpioPinConfigs)
                  20005c40    00000078     ti_sysbios_config.o (.data..L_MergedGlobals)
                  20005cb8    00000068     rf_multiMode_cc26x2.a : RFCC26X2_multiMode.c.cc26x2.ticlang.o (.data..L_MergedGlobals.1)
                  20005d20    00000068     ti_sysbios_config.o (.data..L_MergedGlobals.70)
                  20005d88    00000068     ti_sysbios_config.o (.data.ti_sysbios_knl_Clock_Module_state)
                  20005df0    00000064     rf_multiMode_cc26x2.a : RFCC26X2_multiMode.c.cc26x2.ticlang.o (.data..L_MergedGlobals.3)
                  20005e54    00000058                           : RFCC26X2_multiMode.c.cc26x2.ticlang.o (.data..L_MergedGlobals.2)
                  20005eac    0000003c     ti_sysbios_config.o (.data.ti_sysbios_knl_Task_Module_state)
                  20005ee8    00000014     ssd1306.o (.data..L_MergedGlobals)
                  20005efc    00000010     Ethernet.o (.data.Ethernet_server_port)
                  20005f0c    00000010     driverlib.lib : osc.o (.data._hposcCoeffs)
                  20005f1c    00000008     rf_multiMode_cc26x2.a : RFCC26X2_multiMode.c.cc26x2.ticlang.o (.data..L_MergedGlobals)
                  20005f24    00000008     ti_sysbios_config.o (.data.ti_sysbios_gates_GateMutex_Module_state)
                  20005f2c    00000008     ti_sysbios_config.o (.data.ti_sysbios_heaps_HeapMem_Module_state)
                  20005f34    00000008     ti_sysbios_config.o (.data.ti_sysbios_knl_Semaphore_Module_state)
                  20005f3c    00000004     drivers_cc26x2.a : TemperatureCC26X2.c.obj (.data..L_MergedGlobals)
                  20005f40    00000004     libc.a : aeabi_portable.c.obj (.data.__aeabi_errno)
                  20005f44    00000004            : _lock.c.obj (.data._lock)
                  20005f48    00000004            : _lock.c.obj (.data._unlock)
                  20005f4c    00000001     drivers_cc26x2.a : GPIOCC26X2.c.obj (.data.initCalled)
                  20005f4d    00000001                      : SPI.c.obj (.data.isInitialized)
                  20005f4e    00000001                      : TemperatureCC26X2.c.obj (.data.isInitialized)

.stack     0    2000fa00    00000600     UNINITIALIZED
                  2000fa00    00000004     sysbios.a : boot_cortex_m.obj (.stack)
                  2000fa04    000005fc     --HOLE--

.priheap   0    20001a50    00004000     UNINITIALIZED
                  20001a50    00004000     --HOLE--

.log_data 
*          0    90000000    00000000     COPY SECTION

.resetVecs 
*          0    00000000    0000003c     
                  00000000    0000003c     ti_sysbios_config.o (.resetVecs)

.vecs      0    20000000    000000d8     NOLOAD SECTION
                  20000000    000000d8     ti_sysbios_config.o (.vecs)

__llvm_prf_cnts 
*          0    20000000    00000000     UNINITIALIZED

__llvm_prf_bits 
*          0    20000000    00000000     UNINITIALIZED

.TI.bound:dmaSpi0RxControlTableEntry 
*          0    20001830    00000010     UNINITIALIZED
                  20001830    00000010     ti_drivers_config.o (.TI.bound:dmaSpi0RxControlTableEntry)

.TI.bound:dmaSpi0TxControlTableEntry 
*          0    20001840    00000010     UNINITIALIZED
                  20001840    00000010     ti_drivers_config.o (.TI.bound:dmaSpi0TxControlTableEntry)

.TI.bound:dmaSpi0RxAltControlTableEntry 
*          0    20001a30    00000010     UNINITIALIZED
                  20001a30    00000010     ti_drivers_config.o (.TI.bound:dmaSpi0RxAltControlTableEntry)

.TI.bound:dmaSpi0TxAltControlTableEntry 
*          0    20001a40    00000010     UNINITIALIZED
                  20001a40    00000010     ti_drivers_config.o (.TI.bound:dmaSpi0TxAltControlTableEntry)

.args      0    00007fcc    00000008     
                  00007fcc    00000008     --HOLE-- [fill = 0]

MODULE SUMMARY

       Module                                     code    ro data   rw data
       ------                                     ----    -------   -------
    .\
       main.o                                     220     26        40     
       main_tirtos.o                              0       0         2      
    +--+------------------------------------------+-------+---------+---------+
       Total:                                     220     26        42     
                                                                           
    .\source\driverlib\ssd1306\
       ssd1306.o                                  642     512       1045   
    +--+------------------------------------------+-------+---------+---------+
       Total:                                     642     512       1045   
                                                                           
    .\source\driverlib\w5500\
       w5500.o                                    892     0         0      
    +--+------------------------------------------+-------+---------+---------+
       Total:                                     892     0         0      
                                                                           
    .\source\ethernet\
       Dhcp.o                                     1336    0         0      
       EthernetUdp.o                              338     0         0      
       socket.o                                   310     0         2      
       Ethernet.o                                 216     0         48     
       SPIfg.o                                    200     0         4      
       IPAddress.o                                150     0         0      
       ArduinoCompatibility.o                     88      0         0      
    +--+------------------------------------------+-------+---------+---------+
       Total:                                     2638    0         54     
                                                                           
    .\source\html\
       html.o                                     102     0         442    
    +--+------------------------------------------+-------+---------+---------+
       Total:                                     102     0         442    
                                                                           
    .\source\oled_gui\
       gui.o                                      276     107       0      
    +--+------------------------------------------+-------+---------+---------+
       Total:                                     276     107       0      
                                                                           
    .\syscfg\
       ti_sysbios_config.o                        7986    2253      2852   
       ti_drivers_config.o                        244     177       1044   
       ti_devices_config.o                        0       88        0      
    +--+------------------------------------------+-------+---------+---------+
       Total:                                     8230    2518      3896   
                                                                           
    C:/ti/simplelink_cc13xx_cc26xx_sdk_6_30_01_03/kernel/tirtos7/packages/ti/sysbios/lib/ticlang/m4f/sysbios.a
       Hwi_asm_gnu.obj                            324     0         0      
       Hwi_asm_switch_gnu.obj                     118     0         0      
       TaskSupport_asm_gnu.obj                    64      0         0      
       boot_cortex_m.obj                          52      0         0      
    +--+------------------------------------------+-------+---------+---------+
       Total:                                     558     0         0      
                                                                           
    C:/ti/simplelink_cc13xx_cc26xx_sdk_6_30_01_03/source/ti/devices/cc13x2_cc26x2/driverlib/bin/ticlang/driverlib.lib
       osc.o                                      2542    112       32     
       sys_ctrl.o                                 432     0         0      
       setup.o                                    424     0         0      
       prcm.o                                     136     0         0      
       chipinfo.o                                 128     0         0      
       aux_sysif.o                                72      8         0      
       cpu.o                                      32      0         0      
    +--+------------------------------------------+-------+---------+---------+
       Total:                                     3766    120       32     
                                                                           
    C:/ti/simplelink_cc13xx_cc26xx_sdk_6_30_01_03/source/ti/drivers/lib/ticlang/m4f/drivers_cc26x2.a
       SPICC26X2DMA.c.obj                         2868    72        0      
       PowerCC26X2.c.obj                          1722    84        372    
       I2CCC26XX.c.obj                            994     16        0      
       PowerCC26X2_calibrateRCOSC.c.obj           836     0         0      
       TemperatureCC26X2.c.obj                    672     0         41     
       PowerCC26X2_calibrateRCOSC_helpers.c.obj   432     0         0      
       I2C.c.obj                                  366     0         0      
       GPIOCC26X2.c.obj                           328     0         29     
       PowerCC26X2_helpers.c.obj                  282     0         0      
       GPIOCC26XX.c.obj                           276     0         0      
       SPI.c.obj                                  150     32        1      
       UDMACC26XX.c.obj                           166     0         0      
       GPIO.c.obj                                 124     0         0      
       List.c.obj                                 76      0         0      
    +--+------------------------------------------+-------+---------+---------+
       Total:                                     9292    204       443    
                                                                           
    C:/ti/simplelink_cc13xx_cc26xx_sdk_6_30_01_03/source/ti/drivers/rf/lib/ticlang/m4f/rf_multiMode_cc26x2.a
       RFCC26X2_multiMode.c.cc26x2.ticlang.o      966     0         1004   
       rfc.c.cc26x2.ticlang.o                     64      0         0      
    +--+------------------------------------------+-------+---------+---------+
       Total:                                     1030    0         1004   
                                                                           
    C:\ti\ccs1210\ccs\tools\compiler\ti-cgt-armllvm_2.1.2.LTS\lib\armv7em-ti-none-eabihf/c/libc.a
       copy_decompress_lzss.c.obj                 106     0         0      
       autoinit.c.obj                             56      0         0      
       _lock.c.obj                                26      0         8      
       args_main.c.obj                            20      0         0      
       memcpy_t2.S.obj                            18      0         0      
       copy_zero_init.c.obj                       16      0         0      
       copy_decompress_none.c.obj                 14      0         0      
       memset_t2.S.obj                            14      0         0      
       aeabi_portable.c.obj                       8       0         4      
    +--+------------------------------------------+-------+---------+---------+
       Total:                                     278     0         12     
                                                                           
    C:\ti\ccs1210\ccs\tools\compiler\ti-cgt-armllvm_2.1.2.LTS\lib\armv7em-ti-none-eabihf/c/libsysbm.a
       trgmsg.c.obj                               100     0         288    
       hostwrite.c.obj                            84      0         0      
       hostopen.c.obj                             0       0         8      
    +--+------------------------------------------+-------+---------+---------+
       Total:                                     184     0         296    
                                                                           
    C:\ti\ccs1210\ccs\tools\compiler\ti-cgt-armllvm_2.1.2.LTS\lib\clang/14.0.6/lib/armv7em-ti-none-eabihf/libclang_rt.builtins.a
       adddf3.S.obj                               438     0         0      
       divdf3.S.obj                               310     0         0      
       udivmoddi4.S.obj                           176     0         0      
       divmoddi4.c.obj                            92      0         0      
       fixunsdfsi.S.obj                           68      0         0      
       floatunsidf.S.obj                          32      0         0      
       aeabi_ldivmod.S.obj                        20      0         0      
       aeabi_memset.S.obj                         20      0         0      
       aeabi_uldivmod.S.obj                       20      0         0      
       aeabi_memcpy.S.obj                         4       0         0      
       aeabi_div0.c.obj                           2       0         0      
    +--+------------------------------------------+-------+---------+---------+
       Total:                                     1182    0         0      
                                                                           
       Stack:                                     0       0         1536   
       Linker Generated:                          0       296       0      
    +--+------------------------------------------+-------+---------+---------+
       Grand Total:                               29290   3783      8802   


LINKER GENERATED COPY TABLES

__TI_cinit_table @ 000080cc records: 6, size/record: 8, table size: 48
	.data: load addr=00007fd4, load size=000000c4 bytes, run addr=20005a50, run size=000004ff bytes, compression=lzss
	.TI.bound:dmaSpi0RxAltControlTableEntry: load addr=000080a4, load size=00000008 bytes, run addr=20001a30, run size=00000010 bytes, compression=zero_init
	.TI.bound:dmaSpi0RxControlTableEntry: load addr=000080ac, load size=00000008 bytes, run addr=20001830, run size=00000010 bytes, compression=zero_init
	.TI.bound:dmaSpi0TxAltControlTableEntry: load addr=000080b4, load size=00000008 bytes, run addr=20001a40, run size=00000010 bytes, compression=zero_init
	.TI.bound:dmaSpi0TxControlTableEntry: load addr=000080bc, load size=00000008 bytes, run addr=20001840, run size=00000010 bytes, compression=zero_init
	.bss: load addr=000080c4, load size=00000008 bytes, run addr=200000d8, run size=0000164c bytes, compression=zero_init


LINKER GENERATED HANDLER TABLE

__TI_handler_table @ 00008098 records: 3, size/record: 4, table size: 12
	index: 0, handler: __TI_decompress_lzss
	index: 1, handler: __TI_decompress_none
	index: 2, handler: __TI_zero_init


GLOBAL SYMBOLS: SORTED ALPHABETICALLY BY Name 

address   name                                                               
-------   ----                                                               
20005d20  BIOS_Module_state                                                  
00004d09  BIOS_atExitFunc                                                    
00006b51  BIOS_exitFunc                                                      
200015a8  BIOS_heapMemObject                                                 
00004a7d  BIOS_init                                                          
00006fc5  BIOS_linkedWithIncorrectBootLibrary                                
0000062b  BIOS_nullFunc                                                      
0000626d  BIOS_registerRTSLock                                               
0000644d  BIOS_removeRTSLock                                                 
200015d4  BIOS_rtsGate                                                       
000068f5  BIOS_rtsLock                                                       
00006b69  BIOS_rtsUnlock                                                     
00006fd1  BIOS_start                                                         
00004869  BIOS_startFunc                                                     
00006471  Board_init                                                         
00001803  Board_initHook                                                     
000047cd  Board_sendExtFlashByte                                             
0000468d  Board_shutDownExtFlash                                             
00005c99  Board_wakeUpExtFlash                                               
00005abb  C$$IO$$                                                            
00007115  ClockP_Params_init                                                 
00005cc9  ClockP_construct                                                   
00006e21  ClockP_getCpuFreq                                                  
00004b9d  ClockP_getSystemTickPeriod                                         
00007255  ClockP_start                                                       
000071e9  ClockP_stop                                                        
00004d4d  DHCP_beginWithDHCP                                                 
00006e31  DHCP_getDnsServerIp                                                
00006e41  DHCP_getGatewayIp                                                  
00006e51  DHCP_getLocalIp                                                    
00006e61  DHCP_getSubnetMask                                                 
000008f5  DHCP_parseDHCPResponse                                             
000066f3  DHCP_printByte                                                     
00001ffd  DHCP_request_DHCP_lease                                            
00001165  DHCP_send_DHCP_MESSAGE                                             
20001648  Ethernet                                                           
00007259  EthernetUDP_available                                              
00004ac5  EthernetUDP_begin                                                  
00006db5  EthernetUDP_beginPacket_ip                                         
000071ef  EthernetUDP_begin_init                                             
000071f5  EthernetUDP_endPacket                                              
00006dc7  EthernetUDP_flush                                                  
00005105  EthernetUDP_parsePacket                                            
00006145  EthernetUDP_read                                                   
0000616f  EthernetUDP_read_buf                                               
0000725d  EthernetUDP_remotePort                                             
00006495  EthernetUDP_stop                                                   
00006a99  EthernetUDP_write                                                  
00003d29  Ethernet_begin_mac                                                 
00006fdd  Ethernet_begin_mac_ip                                              
00006dd9  Ethernet_begin_mac_ip_dns                                          
00006f61  Ethernet_begin_mac_ip_dns_gateway                                  
000059c1  Ethernet_begin_mac_ip_dns_gateway_subnet                           
00006fe9  Ethernet_localIP                                                   
20005efc  Ethernet_server_port                                               
00007f44  GPIO_config                                                        
00006b81  GPIO_disableInt                                                    
00006e71  GPIO_getUserArg                                                    
00004d91  GPIO_hwiIntFxn                                                     
00002219  GPIO_init                                                          
00007c95  GPIO_pinLowerBound                                                 
00007c96  GPIO_pinUpperBound                                                 
00006cb1  GPIO_read                                                          
000053c5  GPIO_resetConfig                                                   
00006911  GPIO_setCallback                                                   
0000356d  GPIO_setConfig                                                     
00005cf9  GPIO_setInterruptConfig                                            
0000692d  GPIO_setMux                                                        
00006cc5  GPIO_setUserArg                                                    
00006e81  GPIO_write                                                         
00005401  GUI_ChangeDeviceIp                                                 
0000543d  GUI_ChangeTargetIp                                                 
00003315  GUI_Init                                                           
00004000  HEAPSIZE                                                           
000044e9  HOSTwrite                                                          
00006b99  Html_AddKeyValueToBuffer                                           
00005839  Html_UpdateHtml                                                    
00006c59  Html_memcpy                                                        
00006e91  HwiP_Params_init                                                   
00006715  HwiP_clearInterrupt                                                
00005479  HwiP_construct                                                     
00007261  HwiP_destruct                                                      
00006ff5  HwiP_disable                                                       
00007265  HwiP_disableInterrupt                                              
00007269  HwiP_enableInterrupt                                               
000071fb  HwiP_restore                                                       
00007181  I2CSupport_masterFinish                                            
00007201  I2CSupport_powerRelConstraint                                      
00007207  I2CSupport_powerSetConstraint                                      
00003e6d  I2CSupport_primeTransfer                                           
00007001  I2C_Params_init                                                    
00006295  I2C_cancel                                                         
00007fa0  I2C_config                                                         
00007c97  I2C_count                                                          
00001a5f  I2C_init                                                           
00001591  I2C_open                                                           
00006deb  I2C_transfer                                                       
00001939  I2C_transferTimeout                                                
00006dfd  IPAddress_Init_str                                                 
0000370d  IPAddress_toString                                                 
UNDEFED   ITM_flush                                                          
UNDEFED   ITM_restore                                                        
00003275  InitTask                                                           
000064b9  List_put                                                           
000062bd  List_remove                                                        
00004b0d  NOROM_AUXSYSIFOpModeChange                                         
0000700d  NOROM_CPUcpsid                                                     
00007019  NOROM_CPUcpsie                                                     
00007189  NOROM_CPUdelay                                                     
00004639  NOROM_ChipInfo_GetHwRevision                                       
00002d0b  NOROM_OSCHF_AttemptToSwitchToXosc                                  
0000390d  NOROM_OSCHF_SwitchToRcOscTurnOffXosc                               
00006199  NOROM_OSCHF_TurnOnXosc                                             
00003985  NOROM_OSC_CapArrayAdjustWorkaround_Boot                            
00002c55  NOROM_OSC_HPOSCInitializeFrequencyOffsetParameters                 
000048b5  NOROM_OSC_HPOSCRelativeFrequencyOffsetGet                          
00004dd5  NOROM_PRCMPowerDomainsAllOff                                       
[...]
00006965  SSD1306_UpdateScreen                                               
00006981  W5500_writeSnDPORT                                                 
0000699d  W5500_writeSnPORT                                                  
000069b9  W5500_writeSnRX_RD                                                 
000069d5  W5500_writeSnTX_WR                                                 
00006a29  ti_sysbios_knl_Idle_run                                            
00006a45  ti_sysbios_knl_Queue_put                                           
00006a61  ti_sysbios_knl_Swi_construct                                       
00006a7d  ti_sysbios_knl_Swi_destruct                                        
00006a99  EthernetUDP_write                                                  
00006acd  W5500_readSnRX_RD                                                  
00006ae7  W5500_readSnRX_RSR                                                 
00006b01  W5500_readSnTX_FSR                                                 
00006b1b  W5500_readSnTX_WR                                                  
00006b35  ti_sysbios_knl_Task_sleepTimeout                                   
00006b51  BIOS_exitFunc                                                      
00006b69  BIOS_rtsUnlock                                                     
00006b81  GPIO_disableInt                                                    
00006b99  Html_AddKeyValueToBuffer                                           
00006bb1  PowerCC26XX_calibrate                                              
00006bc9  Power_idleFunc                                                     
00006be1  ti_sysbios_knl_Clock_scheduleNextTick                              
00006bf9  ti_sysbios_knl_Swi_construct2                                      
00006c11  ti_sysbios_knl_Swi_or                                              
00006c29  ti_sysbios_knl_TaskSupport_glue                                    
00006c41  ti_sysbios_knl_Task_unblock                                        
00006c59  Html_memcpy                                                        
00006c6f  W5500_read_data                                                    
00006c85  close                                                              
00006c9b  ti_sysbios_knl_Clock_start                                         
00006cb1  GPIO_read                                                          
00006cc5  GPIO_setUserArg                                                    
00006d01  Temperature_getTemperature                                         
00006d15  W5500_execCmdSn                                                    
00006d29  W5500_writeSn                                                      
00006d3d  W5500_writeSn_buf                                                  
00006d51  _args_main                                                         
00006d65  ti_sysbios_family_arm_m3_Hwi_switchFromBootStack                   
00006d79  __aeabi_ldivmod                                                    
00006d8d  __aeabi_memset                                                     
00006d8d  __aeabi_memset4                                                    
00006d8d  __aeabi_memset8                                                    
00006d99  __aeabi_memclr                                                     
00006d99  __aeabi_memclr4                                                    
00006d99  __aeabi_memclr8                                                    
00006da1  __aeabi_uldivmod                                                   
00006db5  EthernetUDP_beginPacket_ip                                         
00006dc7  EthernetUDP_flush                                                  
00006dd9  Ethernet_begin_mac_ip_dns                                          
00006deb  I2C_transfer                                                       
00006dfd  IPAddress_Init_str                                                 
00006e0f  TI_memcpy_small                                                    
00006e21  ClockP_getCpuFreq                                                  
00006e31  DHCP_getDnsServerIp                                                
00006e41  DHCP_getGatewayIp                                                  
00006e51  DHCP_getLocalIp                                                    
00006e61  DHCP_getSubnetMask                                                 
00006e71  GPIO_getUserArg                                                    
00006e81  GPIO_write                                                         
00006e91  HwiP_Params_init                                                   
00006ea1  PowerCC26X2_oscCtlClearXtal                                        
00006eb1  PowerCC26X2_prcmEnableCacheRetention                               
00006ec1  PowerCC26X2_readCtrim                                              
00006ed1  PowerCC26X2_readCtrimFract                                         
00006ee1  PowerCC26X2_readRtrim                                              
00006ef1  PowerCC26X2_switchToTCXO                                           
00006f01  Power_getDependencyCount                                           
00006f11  SSD1306_SetPosition                                                
00006f21  SwiP_Params_init                                                   
00006f31  ti_sysbios_family_arm_cc26xx_Timer_dynamicStub                     
00006f41  ti_sysbios_family_arm_m3_Hwi_excHandler                            
00006f51  __TI_zero_init                                                     
00006f61  Ethernet_begin_mac_ip_dns_gateway                                  
00006f7d  W5500_readSn                                                       
00006f99  ti_sysbios_gates_GateMutex_leave                                   
00006fa7  TI_memset_small                                                    
00006fb5  __TI_decompress_none                                               
00006fc5  BIOS_linkedWithIncorrectBootLibrary                                
00006fd1  BIOS_start                                                         
00006fdd  Ethernet_begin_mac_ip                                              
00006fe9  Ethernet_localIP                                                   
00006ff5  HwiP_disable                                                       
00007001  I2C_Params_init                                                    
0000700d  NOROM_CPUcpsid                                                     
00007019  NOROM_CPUcpsie                                                     
0000703d  PowerCC26X2_oscClockSourceGet                                      
00007049  PowerCC26X2_setPeriphDeepSleepEnable                               
00007055  PowerCC26X2_sysCtrlGetResetSource                                  
00007061  PowerCC26X2_sysCtrlVoltageConditionalControl                       
0000706d  Power_getConstraintMask                                            
00007079  SPI_Params_init                                                    
00007085  W5500_readSIPR                                                     
00007091  W5500_writeGAR                                                     
0000709d  W5500_writeSHAR                                                    
000070a9  W5500_writeSIPR                                                    
000070b5  W5500_writeSUBR                                                    
000070c1  _register_lock                                                     
000070cd  _register_unlock                                                   
000070e5  ti_sysbios_heaps_HeapMem_init                                      
000070f1  ti_sysbios_knl_ClockSupport_setNextTick                            
000070fd  ti_sysbios_knl_Clock_tick                                          
00007109  ti_sysbios_knl_Task_Params_init                                    
00007115  ClockP_Params_init                                                 
0000713d  PowerCC26X2_sysCtrlStandby                                         
00007147  SPICC26X2DMA_init                                                  
00007151  SemaphoreP_pend                                                    
0000715b  UDMACC26XX_hwiIntFxn                                               
00007165  W5500_writeSnDIPR                                                  
0000716f  delay                                                              
00007181  I2CSupport_masterFinish                                            
00007189  NOROM_CPUdelay                                                     
000071a1  PowerCC26X2_oschfTrySwitchToXosc                                   
000071a9  W5500_writeSnCR                                                    
000071b1  W5500_writeSnIR                                                    
000071b9  W5500_writeSnMR                                                    
000071c1  __aeabi_errno_addr                                                 
000071d1  resetSS                                                            
000071d9  setSS                                                              
000071e1  ti_sysbios_runtime_System_exit                                     
000071e9  ClockP_stop                                                        
000071ef  EthernetUDP_begin_init                                             
000071f5  EthernetUDP_endPacket                                              
000071fb  HwiP_restore                                                       
00007201  I2CSupport_powerRelConstraint                                      
00007207  I2CSupport_powerSetConstraint                                      
00007219  SPI_transfer                                                       
0000721f  W5500_readSnCR                                                     
00007225  W5500_readSnIR                                                     
0000722b  W5500_readSnSR                                                     
00007231  random                                                             
00007237  ti_sysbios_family_arm_m3_Hwi_destruct                              
0000723d  ti_sysbios_family_arm_m3_Hwi_doSwiRestore                          
00007243  ti_sysbios_family_arm_m3_Hwi_doTaskRestore                         
00007249  ti_sysbios_knl_Idle_loop                                           
0000724f  ti_sysbios_knl_Swi_startup                                         
00007255  ClockP_start                                                       
00007259  EthernetUDP_available                                              
0000725d  EthernetUDP_remotePort                                             
00007261  HwiP_destruct                                                      
00007265  HwiP_disableInterrupt                                              
00007269  HwiP_enableInterrupt                                               
0000726d  PowerCC26X2_oschfSwitchToRcosc                                     
00007271  PowerCC26X2_sysCtrlIdle                                            
00007275  PowerCC26X2_turnOnXosc                                             
00007279  ResetISR                                                           
0000727d  SemaphoreP_destruct                                                
00007281  SemaphoreP_post                                                    
00007285  SwiP_destruct                                                      
00007289  SwiP_or                                                            
0000728d  SwiP_post                                                          
00007291  W5500_getIPAddress                                                 
00007295  W5500_setGatewayIp                                                 
00007299  W5500_setIPAddress                                                 
0000729d  W5500_setMACAddress                                                
000072a1  W5500_setSubnetMask                                                
000072a5  _system_post_cinit                                                 
000072a9  _system_pre_init                                                   
000072b5  ti_sysbios_heaps_HeapMem_isBlocking                                
000072b9  __aeabi_memcpy                                                     
000072b9  __aeabi_memcpy4                                                    
000072b9  __aeabi_memcpy8                                                    
00007c95  GPIO_pinLowerBound                                                 
00007c96  GPIO_pinUpperBound                                                 
00007c97  I2C_count                                                          
00007d73  SPI_count                                                          
00007d74  resourceDB                                                         
00007dc8  spiCC26X2DMAHWAttrs                                                
00007e2c  SPI_defaultParams                                                  
00007e4c  SSD1306_InitSequence                                               
00007ea2  TemperatureCC26X2_config                                           
00007ea4  SPICC26X2DMA_fxnTable                                              
00007eec  i2cCC26xxHWAttrs                                                   
00007f1c  PowerCC26X2_config                                                 
00007f44  GPIO_config                                                        
00007f64  RFCC26XX_hwAttrs                                                   
00007f70  SPI_config                                                         
00007fa0  I2C_config                                                         
00007fa8  UDMACC26XX_config                                                  
00007fb8  ti_sysbios_knl_Idle_funcList                                       
00007fc0  udmaCC26XXHWAttrs                                                  
00007fc8  ti_sysbios_family_arm_m3_Hwi_swiTaskKeyAddress                     
00007fcc  __c_args__                                                         
00008098  __TI_Handler_Table_Base                                            
000080a4  __TI_Handler_Table_Limit                                           
000080cc  __TI_CINIT_Base                                                    
000080fc  __TI_CINIT_Limit                                                   
000080fc  __TI_CINIT_Warm                                                    
0004ffa8  __ccfg                                                             
20000000  __start___llvm_prf_bits                                            
20000000  __start___llvm_prf_cnts                                            
20000000  __stop___llvm_prf_bits                                             
20000000  __stop___llvm_prf_cnts                                             
20000000  ti_sysbios_family_arm_m3_Hwi_ramVectors                            
200004d9  ti_sysbios_runtime_SysMin_outbuf                                   
20000ba0  ti_sysbios_knl_Idle_taskStack                                      
20000f5a  _counter                                                           
20000f5c  i2cCC26xxObjects                                                   
2000109c  _CIOBUF_                                                           
2000109c  __CIOBUF_                                                          
200011bc  spiCC26X2DMAObjects                                                
200012bc  ti_sysbios_family_arm_m3_Hwi_dispatchTable                         
20001394  gpioCallbackFunctions                                              
20001410  gpioUserArgs                                                       
20001490  ti_sysbios_knl_ClockSupport_timerStruct                            
200014f0  ti_sysbios_knl_Idle_taskStruct                                     
20001548  ti_sysbios_knl_Swi_readyQs                                         
20001578  ti_sysbios_knl_Task_readyQs                                        
200015a8  BIOS_heapMemObject                                                 
200015d4  BIOS_rtsGate                                                       
200015fc  ti_sysbios_heaps_HeapMem_gate                                      
20001624  initTaskParams                                                     
20001648  Ethernet                                                           
20001668  ti_sysbios_runtime_System_atexitHandlers                           
20001688  udmaCC26XXObject                                                   
200016e0  ti_sysbios_hal_Seconds_Module_state                                
200016fc  parmbuf                                                            
2000170c  PowerCC26XX_swiKey                                                 
20001710  PowerCC26XX_taskKey                                                
20001714  initTaskHandle                                                     
20001718  spi                                                                
2000171c  ti_sysbios_family_arm_cc26xx_TimestampProvider_Module_state        
20001720  ti_sysbios_knl_Task_defaultStackHeap                               
20001a50  __primary_heap_start__                                             
20005a50  PowerCC26X2_module                                                 
20005a50  __primary_heap_end__                                               
20005bc4  gpioPinConfigs                                                     
20005c40  ti_sysbios_runtime_Startup_done                                    
20005c43  ti_sysbios_knl_Idle_initDone                                       
20005c44  ti_sysbios_runtime_Memory_defaultHeapInstance                      
20005c5c  ti_sysbios_runtime_Error_ignore                                    
20005c68  ti_sysbios_family_arm_cc26xx_Timer_Module_state                    
20005c74  ti_sysbios_runtime_System_Module_state                             
20005c80  ti_sysbios_runtime_SysMin_Module_state                             
20005c90  ti_sysbios_knl_Swi_Module_state                                    
20005d20  BIOS_Module_state                                                  
20005d4c  ti_sysbios_family_arm_m3_Hwi_Module_state                          
20005d88  ti_sysbios_knl_Clock_Module_state                                  
20005eac  ti_sysbios_knl_Task_Module_state                                   
20005efc  Ethernet_server_port                                               
20005f0c  _hposcCoeffs                                                       
20005f24  ti_sysbios_gates_GateMutex_Module_state                            
20005f2c  ti_sysbios_heaps_HeapMem_Module_state                              
20005f34  ti_sysbios_knl_Semaphore_Module_state                              
20005f40  __aeabi_errno                                                      
20005f44  _lock                                                              
20005f48  _unlock                                                            
2000fa00  __stack                                                            
20010000  __STACK_END                                                        
ffffffff  __TI_pprof_out_hndl                                                
ffffffff  __TI_prof_data_size                                                
ffffffff  __TI_prof_data_start                                               
ffffffff  __binit__                                                          
ffffffff  binit                                                              
UNDEFED   ITM_flush                                                          
UNDEFED   ITM_restore                                                        
UNDEFED   __mpu_init                                                         

[506 symbols]
