******************************************************************************
            TI ARM Clang Linker PC v2.1.2                      
******************************************************************************
>> Linked Fri Jan  5 22:48:05 2024

OUTPUT FILE NAME:   <multiSniff_LP_CC2652RB_tirtos7_ticlang2.out>
ENTRY POINT SYMBOL: "ResetISR"  address: 000072dd


MEMORY CONFIGURATION

         name            origin    length      used     unused   attr    fill
----------------------  --------  ---------  --------  --------  ----  --------
  FLASH                 00000000   00050000  000081c4  00047e3c  R  X
  STV                   00050000   00000010  00000000  00000010  RW  
  GPRAM                 11000000   00002000  00000000  00002000  RW X
  SRAM                  20000000   00010000  00006381  00009c7f  RW X
  HTML                  20010000   00004000  00000000  00004000  RW  
  LOG_DATA              90000000   00040000  00000000  00040000  R   


SEGMENT ALLOCATION MAP

run origin  load origin   length   init length attrs members
----------  ----------- ---------- ----------- ----- -------
00000000    00000000    00008040   00008040    r-x
  00000000    00000000    0000003c   0000003c    r-- .resetVecs
  00000040    00000040    000072e0   000072e0    r-x .text
  00007320    00007320    00000d20   00000d20    r-- .rodata
00008040    00008040    00000008   00000008    rw-
  00008040    00008040    00000008   00000008    rw- .args
00008048    00008048    00000128   00000128    r--
  00008048    00008048    00000128   00000128    r-- .cinit
0004ffa8    0004ffa8    00000058   00000058    r--
  0004ffa8    0004ffa8    00000058   00000058    r-- .ccfg
200000d8    200000d8    000004ff   00000000    rw-
  200000d8    200000d8    000004ff   00000000    rw- .data
20001830    20001830    00000010   00000000    rw-
  20001830    20001830    00000010   00000000    rw- .TI.bound:dmaSpi0RxControlTableEntry
20001840    20001840    00000010   00000000    rw-
  20001840    20001840    00000010   00000000    rw- .TI.bound:dmaSpi0TxControlTableEntry
20001a30    20001a30    00000010   00000000    rw-
  20001a30    20001a30    00000010   00000000    rw- .TI.bound:dmaSpi0RxAltControlTableEntry
20001a40    20001a40    00000010   00000000    rw-
  20001a40    20001a40    00000010   00000000    rw- .TI.bound:dmaSpi0TxAltControlTableEntry
20001a50    20001a50    00004000   00000000    r--
  20001a50    20001a50    00004000   00000000    r-- .priheap
20005a50    20005a50    0000176a   00000000    rw-
  20005a50    20005a50    0000176a   00000000    rw- .bss
2000fa00    2000fa00    00000600   00000000    rw-
  2000fa00    2000fa00    00000600   00000000    rw- .stack


SECTION ALLOCATION MAP

 output                                  attributes/
section   page    origin      length       input sections
--------  ----  ----------  ----------   ----------------
.binit     0    00000000    00000000     

.cinit     0    00008048    00000128     
                  00008048    000000c4     (.cinit..data.load) [load image, compression = lzss]
                  0000810c    0000000c     (__TI_handler_table)
                  00008118    00000008     (.cinit..TI.bound:dmaSpi0RxAltControlTableEntry.load) [load image, compression = zero_init]
                  00008120    00000008     (.cinit..TI.bound:dmaSpi0RxControlTableEntry.load) [load image, compression = zero_init]
                  00008128    00000008     (.cinit..TI.bound:dmaSpi0TxAltControlTableEntry.load) [load image, compression = zero_init]
                  00008130    00000008     (.cinit..TI.bound:dmaSpi0TxControlTableEntry.load) [load image, compression = zero_init]
                  00008138    00000008     (.cinit..bss.load) [load image, compression = zero_init]
                  00008140    00000030     (__TI_cinit_table)

.init_array 
*          0    00000000    00000000     UNINITIALIZED

.ccfg      0    0004ffa8    00000058     
                  0004ffa8    00000058     ti_devices_config.o (.ccfg)

.text      0    00000040    000072e0     
                  00000040    000005ea     driverlib.lib : osc.o (.text.findHposcCoefficients)
                  0000062a    00000002     ti_sysbios_config.o (.text.BIOS_nullFunc)
                  0000062c    000002c8     drivers_cc26x2.a : SPICC26X2DMA.c.obj (.text.SPICC26X2DMA_transfer)
                  000008f4    000001f0     Dhcp.o (.text.DHCP_parseDHCPResponse)
                  00000ae4    000001b6     libclang_rt.builtins.a : adddf3.S.obj (.text)
                  00000c9a    000001ae     drivers_cc26x2.a : SPICC26X2DMA.c.obj (.text.SPICC26X2DMA_hwiFxn)
                  00000e48    00000194                      : PowerCC26X2_calibrateRCOSC.c.obj (.text.PowerCC26X2_auxISR)
                  00000fdc    00000188                      : SPICC26X2DMA.c.obj (.text.SPICC26X2DMA_open)
                  00001164    00000174     Dhcp.o (.text.DHCP_send_DHCP_MESSAGE)
                  000012d8    00000160     drivers_cc26x2.a : SPICC26X2DMA.c.obj (.text.configNextTransfer)
                  00001438    00000158                      : PowerCC26X2.c.obj (.text.Power_sleep)
                  00001590    0000013c                      : I2CCC26XX.c.obj (.text.I2C_open)
                  000016cc    00000136     libclang_rt.builtins.a : divdf3.S.obj (.text)
                  00001802    00000002     ti_drivers_config.o (.text.Board_initHook)
                  00001804    00000134     driverlib.lib : osc.o (.text.findHposcPc)
                  00001938    00000126     drivers_cc26x2.a : I2C.c.obj (.text.I2C_transferTimeout)
                  00001a5e    00000002                      : I2C.c.obj (.text.I2C_init)
                  00001a60    00000124     rf_multiMode_cc26x2.a : RFCC26X2_multiMode.c.cc26x2.ticlang.o (.text.RF_abortCmd)
                  00001b84    00000122     drivers_cc26x2.a : SPICC26X2DMA.c.obj (.text.SPICC26X2DMA_transferCancel)
                  00001ca6    00000002     libclang_rt.builtins.a : aeabi_div0.c.obj (.text.__aeabi_ldiv0)
                  00001ca8    00000120     ti_sysbios_config.o (.text.ti_sysbios_family_arm_cc26xx_Timer_construct)
                  00001dc8    0000011c     sysbios.a : Hwi_asm_gnu.obj (.text.ti_sysbios_family_arm_m3_Hwi_dispatch)
                  00001ee4    00000118     drivers_cc26x2.a : PowerCC26X2.c.obj (.text.Power_init)
                  00001ffc    00000110     Dhcp.o (.text.DHCP_request_DHCP_lease)
                  0000210c    0000010c     drivers_cc26x2.a : PowerCC26X2_calibrateRCOSC.c.obj (.text.PowerCC26X2_calibrate)
                  00002218    00000104                      : GPIOCC26X2.c.obj (.text.GPIO_init)
                  0000231c    000000f4     driverlib.lib : sys_ctrl.o (.text.NOROM_SysCtrlStandby)
                  00002410    000000e8     drivers_cc26x2.a : I2CCC26XX.c.obj (.text.I2CCC26XX_hwiFxn)
                  000024f8    000000e4     driverlib.lib : setup.o (.text.NOROM_SetupTrimDevice)
                  000025dc    000000e4     ti_sysbios_config.o (.text.ti_sysbios_knl_Semaphore_pend)
                  000026c0    000000d8     drivers_cc26x2.a : SPICC26X2DMA.c.obj (.text.SPICC26X2DMA_control)
                  00002798    000000d8     ti_sysbios_config.o (.text.ti_sysbios_family_arm_m3_Hwi_excFillContext)
                  00002870    000000d0     drivers_cc26x2.a : PowerCC26X2.c.obj (.text.configureXOSCHF)
                  00002940    000000cc     ssd1306.o (.text.SSD1306_DrawLine)
                  00002a0c    000000cc     ti_sysbios_config.o (.text.ti_sysbios_knl_Clock_workFuncDynamic)
                  00002ad8    000000c4     driverlib.lib : setup.o (.text.TrimAfterColdResetWakeupFromShutDown)
                  00002b9c    000000b8     ti_sysbios_config.o (.text.ti_sysbios_knl_Task_Instance_finalize)
                  00002c54    000000b6     driverlib.lib : osc.o (.text.NOROM_OSC_HPOSCInitializeFrequencyOffsetParameters)
                  00002d0a    000000b4                   : osc.o (.text.NOROM_OSCHF_AttemptToSwitchToXosc)
                  00002dbe    00000002     libc.a : _lock.c.obj (.text._nop)
                  00002dc0    000000b4     ti_sysbios_config.o (.text.PowerCC26XX_standbyPolicy)
                  00002e74    000000b4     drivers_cc26x2.a : PowerCC26X2.c.obj (.text.Power_releaseDependency)
                  00002f28    000000b0                      : PowerCC26X2.c.obj (.text.Power_setDependency)
                  00002fd8    000000b0     libclang_rt.builtins.a : udivmoddi4.S.obj (.text)
                  00003088    000000a8     main.o (.text.InitTask)
                  00003130    000000a8     drivers_cc26x2.a : TemperatureCC26X2.c.obj (.text.temperatureHwiFxn)
                  000031d8    000000a4     ti_sysbios_config.o (.text.ti_sysbios_knl_Task_Instance_init)
                  0000327c    000000a0     drivers_cc26x2.a : I2CCC26XX.c.obj (.text.I2CCC26XX_swiFxn)
                  0000331c    0000009c     gui.o (.text.GUI_Init)
                  000033b8    00000094     rf_multiMode_cc26x2.a : RFCC26X2_multiMode.c.cc26x2.ticlang.o (.text.RF_hposcRfCompensateFxn)
                  0000344c    00000094     ti_sysbios_config.o (.text.ti_sysbios_knl_Clock_startI)
                  000034e0    00000094     ti_sysbios_config.o (.text.ti_sysbios_knl_Task_sleep)
                  00003574    0000008c     drivers_cc26x2.a : GPIOCC26XX.c.obj (.text.GPIO_setConfig)
                  00003600    0000008c     ti_sysbios_config.o (.text.ti_sysbios_knl_Clock_init)
                  0000368c    00000088     rf_multiMode_cc26x2.a : RFCC26X2_multiMode.c.cc26x2.ticlang.o (.text.RF_discardPendCmd)
                  00003714    00000084     IPAddress.o (.text.IPAddress_toString)
                  00003798    00000080     driverlib.lib : sys_ctrl.o (.text.NOROM_SysCtrlSetRechargeBeforePowerDown)
                  00003818    00000080     ti_sysbios_config.o (.text.ti_sysbios_family_arm_m3_Hwi_initNVIC)
                  00003898    0000007c     ti_sysbios_config.o (.text.ti_sysbios_family_arm_m3_Hwi_postInit)
                  00003914    00000078     driverlib.lib : osc.o (.text.NOROM_OSCHF_SwitchToRcOscTurnOffXosc)
                  0000398c    00000078                   : osc.o (.text.NOROM_OSC_CapArrayAdjustWorkaround_Boot)
                  00003a04    00000078     drivers_cc26x2.a : SPICC26X2DMA.c.obj (.text.SPICC26X2DMA_close)
                  00003a7c    00000078     ti_sysbios_config.o (.text.ti_sysbios_knl_Task_postInit)
                  00003af4    00000074     drivers_cc26x2.a : PowerCC26X2_calibrateRCOSC_helpers.c.obj (.text.PowerCC26X2_updateSubSecInc)
                  00003b68    00000074                      : TemperatureCC26X2.c.obj (.text.Temperature_init)
                  00003bdc    00000074     ti_sysbios_config.o (.text.ti_sysbios_knl_Swi_restoreHwi)
                  00003c50    00000070     ti_sysbios_config.o (.text.ti_sysbios_family_arm_m3_Hwi_Instance_init)
                  00003cc0    00000070     ti_sysbios_config.o (.text.ti_sysbios_knl_Task_startup)
                  00003d30    0000006c     Ethernet.o (.text.Ethernet_begin_mac)
                  00003d9c    0000006c     ti_sysbios_config.o (.text.ti_sysbios_family_arm_m3_Hwi_dispatchC)
                  00003e08    0000006c     ti_sysbios_config.o (.text.ti_sysbios_hal_Seconds_getTime)
                  00003e74    0000006a     drivers_cc26x2.a : I2CCC26XX.c.obj (.text.I2CSupport_primeTransfer)
                  00003ede    0000006a     libc.a : copy_decompress_lzss.c.obj (.text:decompress:lzss)
                  00003f48    00000068     ti_sysbios_config.o (.text.ti_sysbios_knl_Swi_run)
                  00003fb0    00000064     drivers_cc26x2.a : PowerCC26X2_calibrateRCOSC.c.obj (.text.PowerCC26X2_initiateCalibration)
                  00004014    00000064                      : UDMACC26XX.c.obj (.text.UDMACC26XX_open)
                  00004078    00000064                      : PowerCC26X2.c.obj (.text.oscillatorISR)
                  000040dc    00000064     ti_sysbios_config.o (.text.ti_sysbios_knl_Idle_init)
                  00004140    00000064     ti_sysbios_config.o (.text.ti_sysbios_knl_TaskSupport_buildTaskStack)
                  000041a4    00000060     ssd1306.o (.text.SSD1306_DrawChar)
                  00004204    00000060     drivers_cc26x2.a : SPICC26X2DMA.c.obj (.text.csnCallback)
                  00004264    00000060     ti_sysbios_config.o (.text.ti_sysbios_heaps_HeapMem_allocUnprotected)
                  000042c4    00000060     ti_sysbios_config.o (.text.ti_sysbios_knl_Clock_walkQueueDynamic)
                  00004324    00000060     ti_sysbios_config.o (.text.ti_sysbios_knl_Semaphore_post)
                  00004384    00000060     ti_sysbios_config.o (.text.ti_sysbios_knl_Swi_schedule)
                  000043e4    0000005c     libclang_rt.builtins.a : divmoddi4.c.obj (.text.__divmoddi4)
                  00004440    00000058     socket.o (.text.recv)
                  00004498    00000058     sysbios.a : Hwi_asm_switch_gnu.obj (.text.ti_sysbios_family_arm_m3_Hwi_initStacks)
                  000044f0    00000054     libsysbm.a : hostwrite.c.obj (.text.HOSTwrite)
                  00004544    00000054     drivers_cc26x2.a : I2CCC26XX.c.obj (.text.I2CCC26XX_initHw)
                  00004598    00000054     ssd1306.o (.text.SSD1306_Init)
                  000045ec    00000054     ti_sysbios_config.o (.text.ti_sysbios_runtime_Startup_exec)
                  00004640    00000052     driverlib.lib : chipinfo.o (.text.NOROM_ChipInfo_GetHwRevision)
                  00004692    00000002     drivers_cc26x2.a : PowerCC26X2.c.obj (.text.emptyClockFunc)
                  00004694    00000050     ti_drivers_config.o (.text.Board_shutDownExtFlash)
                  000046e4    00000050     rf_multiMode_cc26x2.a : RFCC26X2_multiMode.c.cc26x2.ticlang.o (.text.RF_enableHPOSCTemperatureCompensation)
                  00004734    00000050     ti_sysbios_config.o (.text.ti_sysbios_knl_Swi_post)
                  00004784    00000050     ti_sysbios_config.o (.text.ti_sysbios_knl_Swi_runLoop)
                  000047d4    0000004e     ti_drivers_config.o (.text.Board_sendExtFlashByte)
                  00004822    0000004e     ti_sysbios_config.o (.text.ti_sysbios_heaps_HeapMem_freeUnprotected)
                  00004870    0000004c     ti_sysbios_config.o (.text.BIOS_startFunc)
                  000048bc    0000004c     driverlib.lib : osc.o (.text.NOROM_OSC_HPOSCRelativeFrequencyOffsetGet)
                  00004908    0000004c     SPIfg.o (.text.SPI_begin)
                  00004954    0000004c     drivers_cc26x2.a : SPICC26X2DMA.c.obj (.text.initHw)
                  000049a0    0000004c     socket.o (.text.socket)
                  000049ec    0000004c     drivers_cc26x2.a : PowerCC26X2.c.obj (.text.switchXOSCHF)
                  00004a38    0000004c     ti_sysbios_config.o (.text.ti_sysbios_knl_Swi_Instance_init)
                  00004a84    00000048     ti_sysbios_config.o (.text.BIOS_init)
                  00004acc    00000048     EthernetUdp.o (.text.EthernetUDP_begin)
                  00004b14    00000048     driverlib.lib : aux_sysif.o (.text.NOROM_AUXSYSIFOpModeChange)
                  00004b5c    00000048     drivers_cc26x2.a : TemperatureCC26X2.c.obj (.text.Temperature_registerNotifyRange)
                  00004ba4    00000004     ti_sysbios_config.o (.text.ClockP_getSystemTickPeriod)
                  00004ba8    00000048     ArduinoCompatibility.o (.text.millis)
                  00004bf0    00000048     ti_sysbios_config.o (.text.ti_sysbios_family_arm_cc26xx_Timer_start)
                  00004c38    00000048     ti_sysbios_config.o (.text.ti_sysbios_heaps_HeapMem_Instance_init)
                  00004c80    00000048     ti_sysbios_config.o (.text.ti_sysbios_heaps_HeapMem_alloc)
                  00004cc8    00000048     ti_sysbios_config.o (.text.ti_sysbios_knl_Task_schedule)
                  00004d10    00000044     ti_sysbios_config.o (.text.BIOS_atExitFunc)
                  00004d54    00000044     Dhcp.o (.text.DHCP_beginWithDHCP)
                  00004d98    00000044     drivers_cc26x2.a : GPIOCC26X2.c.obj (.text.GPIO_hwiIntFxn)
                  00004ddc    00000044     driverlib.lib : prcm.o (.text.NOROM_PRCMPowerDomainsAllOff)
                  00004e20    00000044                   : prcm.o (.text.NOROM_PRCMPowerDomainsAllOn)
                  00004e64    00000044     rf_multiMode_cc26x2.a : RFCC26X2_multiMode.c.cc26x2.ticlang.o (.text.RF_cmdGet)
                  00004ea8    00000044     drivers_cc26x2.a : SPI.c.obj (.text.SPI_init)
                  00004eec    00000044                      : TemperatureCC26X2.c.obj (.text.degreesToCode)
                  00004f30    00000044                      : TemperatureCC26X2.c.obj (.text.setNextThresholds)
                  00004f74    00000044     ti_sysbios_config.o (.text.ti_sysbios_family_arm_m3_Hwi_Instance_finalize)
                  00004fb8    00000044     ti_sysbios_config.o (.text.ti_sysbios_family_arm_m3_Hwi_construct2)
                  00004ffc    00000044     ti_sysbios_config.o (.text.ti_sysbios_family_arm_m3_Hwi_disableInterrupt)
                  00005040    00000044     ti_sysbios_config.o (.text.ti_sysbios_family_arm_m3_Hwi_enableInterrupt)
                  00005084    00000044     ti_sysbios_config.o (.text.ti_sysbios_knl_Swi_restore)
                  000050c8    00000044     libclang_rt.builtins.a : fixunsdfsi.S.obj (.text)
                  0000510c    00000040     EthernetUdp.o (.text.EthernetUDP_parsePacket)
                  0000514c    00000040     html.o (.text.Html_UpdateHtml)
                  0000518c    00000040     drivers_cc26x2.a : PowerCC26X2_calibrateRCOSC.c.obj (.text.PowerCC26X2_RCOSC_clockFunc)
                  000051cc    00000040                      : PowerCC26X2_calibrateRCOSC_helpers.c.obj (.text.PowerCC26X2_setAclkRefSrc)
                  0000520c    00000040     rf_multiMode_cc26x2.a : RFCC26X2_multiMode.c.cc26x2.ticlang.o (.text.RF_updateHpOscOverride)
                  0000524c    00000040     drivers_cc26x2.a : SPI.c.obj (.text.SPI_open)
                  0000528c    00000040     SPIfg.o (.text.SPI_transf)
                  000052cc    00000040     ssd1306.o (.text.SSD1306_DrawPixel)
                  0000530c    00000040     w5500.o (.text.W5500_read_buf)
                  0000534c    00000040     ti_sysbios_config.o (.text.ti_sysbios_heaps_HeapMem_getStats)
                  0000538c    00000040     ti_sysbios_config.o (.text.ti_sysbios_knl_Clock_getTicksUntilInterrupt)
                  000053cc    00000040     ti_sysbios_config.o (.text.ti_sysbios_knl_Task_exit)
                  0000540c    0000003c     drivers_cc26x2.a : GPIO.c.obj (.text.GPIO_resetConfig)
                  00005448    0000003c     gui.o (.text.GUI_ChangeDeviceIp)
                  00005484    0000003c     gui.o (.text.GUI_ChangeTargetIp)
                  000054c0    0000003c     ti_sysbios_config.o (.text.HwiP_construct)
                  000054fc    0000003c     driverlib.lib : sys_ctrl.o (.text.NOROM_SysCtrlIdle)
                  00005538    0000003c     drivers_cc26x2.a : PowerCC26X2_calibrateRCOSC_helpers.c.obj (.text.PowerCC26X2_setTdcClkSrc24M)
                  00005574    0000003c     w5500.o (.text.W5500_write_buf)
                  000055b0    0000003c     main.o (.text.main)
                  000055ec    0000003c     ti_sysbios_config.o (.text.ti_sysbios_family_arm_cc26xx_Timer_periodicStub)
                  00005628    0000003c     ti_sysbios_config.o (.text.ti_sysbios_family_arm_cc26xx_Timer_setThreshold)
                  00005664    0000003c     ti_sysbios_config.o (.text.ti_sysbios_heaps_HeapMem_construct)
                  000056a0    0000003c     ti_sysbios_config.o (.text.ti_sysbios_knl_ClockSupport_init)
                  000056dc    0000003c     ti_sysbios_config.o (.text.ti_sysbios_knl_Task_blockI)
                  00005718    0000003c     ti_sysbios_config.o (.text.ti_sysbios_knl_Task_create)
                  00005754    0000003c     ti_sysbios_config.o (.text.ti_sysbios_knl_Task_restore)
                  00005790    0000003c     ti_sysbios_config.o (.text.ti_sysbios_runtime_Memory_alloc)
                  000057cc    0000003c     ti_sysbios_config.o (.text.ti_sysbios_runtime_SystemSupport_flush)
                  00005808    0000003c     drivers_cc26x2.a : TemperatureCC26X2.c.obj (.text.updateThresholds)
                  00005844    0000003a     w5500.o (.text.W5500_getRXReceivedSize)
                  0000587e    00000002     ti_sysbios_config.o (.text.ti_sysbios_runtime_System_exitSpin)
                  00005880    00000038     drivers_cc26x2.a : PowerCC26X2_helpers.c.obj (.text.PowerCC26X2_oscDisableQualifiers)
                  000058b8    00000038                      : UDMACC26XX.c.obj (.text.UDMACC26XX_close)
                  000058f0    00000038     ti_sysbios_config.o (.text.getTime)
                  00005928    00000038     ti_sysbios_config.o (.text.ti_sysbios_knl_Task_processVitalTaskFlag)
                  00005960    00000038     libc.a : autoinit.c.obj (.text:__TI_auto_init_nobinit_nopinit)
                  00005998    00000036     w5500.o (.text.W5500_recv_data_processing)
                  000059ce    00000002     --HOLE-- [fill = 0]
                  000059d0    00000034     Ethernet.o (.text.Ethernet_begin_mac_ip_dns_gateway_subnet)
                  00005a04    00000034     drivers_cc26x2.a : PowerCC26X2.c.obj (.text.Power_releaseConstraint)
                  00005a38    00000034     rf_multiMode_cc26x2.a : RFCC26X2_multiMode.c.cc26x2.ticlang.o (.text.RF_runDirectImmediateCmd)
                  00005a6c    00000034     ti_sysbios_config.o (.text.SwiP_construct)
                  00005aa0    00000034     libsysbm.a : trgmsg.c.obj (.text.__TI_writemsg)
                  00005ad4    00000034     ti_sysbios_config.o (.text._pthread_cleanupFxn)
                  00005b08    00000034     ti_sysbios_config.o (.text.ti_sysbios_family_arm_m3_Hwi_getStackInfo)
                  00005b3c    00000034     ti_sysbios_config.o (.text.ti_sysbios_family_arm_m3_Hwi_init)
                  00005b70    00000034     ti_sysbios_config.o (.text.ti_sysbios_knl_Clock_Instance_init)
                  00005ba4    00000034     ti_sysbios_config.o (.text.ti_sysbios_knl_Task_unblockI)
                  00005bd8    00000034     ti_sysbios_config.o (.text.ti_sysbios_runtime_Error_raiseX)
                  00005c0c    00000034     ti_sysbios_config.o (.text.ti_sysbios_runtime_System_processAtExit)
                  00005c40    00000034     sysbios.a : boot_cortex_m.obj (.text:_c_int00)
                  00005c74    00000032     ti_sysbios_config.o (.text.ti_sysbios_knl_Semaphore_pendTimeout)
                  00005ca6    00000002     --HOLE-- [fill = 0]
                  00005ca8    00000030     ti_drivers_config.o (.text.Board_wakeUpExtFlash)
                  00005cd8    00000030     ti_sysbios_config.o (.text.ClockP_construct)
                  00005d08    00000030     drivers_cc26x2.a : GPIOCC26XX.c.obj (.text.GPIO_setInterruptConfig)
                  00005d38    00000030                      : PowerCC26X2.c.obj (.text.Power_setConstraint)
                  00005d68    00000030     ssd1306.o (.text.SSD1306_UpdatePosition)
                  00005d98    00000030     libsysbm.a : trgmsg.c.obj (.text.__TI_readmsg)
                  00005dc8    00000030     drivers_cc26x2.a : PowerCC26X2.c.obj (.text.notify)
                  00005df8    00000030     ti_sysbios_config.o (.text.ti_sysbios_family_arm_m3_Hwi_excHandlerMin)
                  00005e28    00000030     ti_sysbios_config.o (.text.ti_sysbios_heaps_HeapMem_free)
                  00005e58    00000030     ti_sysbios_config.o (.text.ti_sysbios_knl_TaskSupport_start)
                  00005e88    00000030     ti_sysbios_config.o (.text.ti_sysbios_runtime_System_atexit)
                  00005eb8    0000002e     driverlib.lib : chipinfo.o (.text.NOROM_ThisLibraryIsFor_CC13x2_CC26x2_HwRev20AndLater_HaltIfViolated)
                  00005ee6    0000002e     w5500.o (.text.W5500_send_data_processing_offset)
                  00005f14    0000002e     socket.o (.text.startUDP)
                  00005f42    00000002     --HOLE-- [fill = 0]
                  00005f44    0000002c     html.o (.text.Html_ScanAndRegisterTokens)
                  00005f70    0000002c     ti_sysbios_config.o (.text.PowerCC26XX_schedulerDisable)
                  00005f9c    0000002c     rf_multiMode_cc26x2.a : RFCC26X2_multiMode.c.cc26x2.ticlang.o (.text.RF_executeDirectImmediateCmd)
                  00005fc8    0000002c     drivers_cc26x2.a : TemperatureCC26X2.c.obj (.text.Temperature_unregisterNotify)
                  00005ff4    0000002c     w5500.o (.text.W5500_init)
                  00006020    0000002c     w5500.o (.text.W5500_read)
                  0000604c    0000002c     w5500.o (.text.W5500_write)
                  00006078    0000002c     ti_sysbios_config.o (.text._pthread_delete)
                  000060a4    0000002c     SPIfg.o (.text.initSS)
                  000060d0    0000002c     ti_sysbios_config.o (.text.ti_sysbios_gates_GateMutex_enter)
                  000060fc    0000002c     ti_sysbios_config.o (.text.ti_sysbios_knl_Clock_getTicks)
                  00006128    0000002c     ti_sysbios_config.o (.text.ti_sysbios_knl_Task_restoreHwi)
                  00006154    0000002c     ti_sysbios_config.o (.text.usleep)
                  00006180    0000002a     EthernetUdp.o (.text.EthernetUDP_read)
                  000061aa    0000002a     EthernetUdp.o (.text.EthernetUDP_read_buf)
                  000061d4    0000002a     driverlib.lib : osc.o (.text.NOROM_OSCHF_TurnOnXosc)
                  000061fe    0000002a     drivers_cc26x2.a : SPICC26X2DMA.c.obj (.text.SPICC26X2DMA_swiFxn)
                  00006228    0000002a     socket.o (.text.bufferData)
                  00006252    0000002a     ti_sysbios_config.o (.text.ti_sysbios_family_arm_cc26xx_Timer_setNextTick)
                  0000627c    0000002a     ti_sysbios_config.o (.text.ti_sysbios_knl_Task_allBlockedFunction)
                  000062a6    00000002     --HOLE-- [fill = 0]
                  000062a8    00000028     ti_sysbios_config.o (.text.BIOS_registerRTSLock)
                  000062d0    00000028     drivers_cc26x2.a : I2C.c.obj (.text.I2C_cancel)
                  000062f8    00000028                      : List.c.obj (.text.List_remove)
                  00006320    00000028     rf_multiMode_cc26x2.a : RFCC26X2_multiMode.c.cc26x2.ticlang.o (.text.RF_cmdStoreEvents)
                  00006348    00000028     sysbios.a : Hwi_asm_gnu.obj (.text.ti_sysbios_family_arm_m3_Hwi_excHandlerAsm)
                  00006370    00000028     ti_sysbios_config.o (.text.ti_sysbios_gates_GateMutex_Instance_init)
                  00006398    00000028     ti_sysbios_config.o (.text.ti_sysbios_knl_Semaphore_Instance_init)
                  000063c0    00000028     ti_sysbios_config.o (.text.ti_sysbios_knl_Swi_init)
                  000063e8    00000028     sysbios.a : TaskSupport_asm_gnu.obj (.text.ti_sysbios_knl_TaskSupport_swap)
                  00006410    00000028     ti_sysbios_config.o (.text.ti_sysbios_knl_Task_construct)
                  00006438    00000028     ti_sysbios_config.o (.text.ti_sysbios_knl_Task_init)
                  00006460    00000026     drivers_cc26x2.a : SPICC26X2DMA.c.obj (.text.flushFifos)
                  00006486    00000002     --HOLE-- [fill = 0]
                  00006488    00000024     ti_sysbios_config.o (.text.BIOS_removeRTSLock)
                  000064ac    00000024     ti_drivers_config.o (.text.Board_init)
                  000064d0    00000024     EthernetUdp.o (.text.EthernetUDP_stop)
                  000064f4    00000024     drivers_cc26x2.a : List.c.obj (.text.List_put)
                  00006518    00000024                      : PowerCC26X2_helpers.c.obj (.text.PowerCC26X2_setSubSecIncToXoscLf)
                  0000653c    00000024                      : PowerCC26X2_calibrateRCOSC_helpers.c.obj (.text.PowerCC26X2_writeCtrim)
                  00006560    00000024                      : PowerCC26X2_calibrateRCOSC_helpers.c.obj (.text.PowerCC26X2_writeCtrimFract)
                  00006584    00000024                      : PowerCC26X2_calibrateRCOSC_helpers.c.obj (.text.PowerCC26X2_writeCtrimFractEn)
                  000065a8    00000024                      : PowerCC26X2_calibrateRCOSC_helpers.c.obj (.text.PowerCC26X2_writeRtrim)
                  000065cc    00000024                      : PowerCC26X2.c.obj (.text.Power_registerNotify)
                  000065f0    00000024                      : SPICC26X2DMA.c.obj (.text.releaseConstraint)
                  00006614    00000024     ssd1306.o (.text.sendData)
                  00006638    00000024     socket.o (.text.sendUDP)
                  0000665c    00000024     ti_sysbios_config.o (.text.ti_sysbios_family_arm_m3_Hwi_construct)
                  00006680    00000024     ti_sysbios_config.o (.text.ti_sysbios_knl_Semaphore_destruct)
                  000066a4    00000024     ti_sysbios_config.o (.text.ti_sysbios_knl_Task_enter)
                  000066c8    00000022     ssd1306.o (.text.SSD1306_DrawString)
                  000066ea    00000022     w5500.o (.text.W5500_getTXFreeSize)
                  0000670c    00000022     ti_sysbios_config.o (.text.ti_sysbios_runtime_SysMin_output)
                  0000672e    00000020     Dhcp.o (.text.DHCP_printByte)
                  0000674e    00000002     --HOLE-- [fill = 0]
                  00006750    00000020     html.o (.text.Html_AddKeyValueToBuffer)
                  00006770    00000020     html.o (.text.Html_Init)
                  00006790    00000020     ti_sysbios_config.o (.text.HwiP_clearInterrupt)
                  000067b0    00000020     rf_multiMode_cc26x2.a : rfc.c.cc26x2.ticlang.o (.text.NOROM_RFCDoorbellSendTo)
                  000067d0    00000020                           : rfc.c.cc26x2.ticlang.o (.text.NOROM_RFCOverrideSearch)
                  000067f0    00000020     drivers_cc26x2.a : PowerCC26X2_helpers.c.obj (.text.PowerCC26X2_disableTCXOQual)
                  00006810    00000020                      : PowerCC26X2_helpers.c.obj (.text.PowerCC26X2_enableTCXOQual)
                  00006830    00000020     ti_sysbios_config.o (.text.PowerCC26XX_schedulerRestore)
                  00006850    00000020     drivers_cc26x2.a : PowerCC26X2.c.obj (.text.Power_unregisterNotify)
                  00006870    00000020     rf_multiMode_cc26x2.a : RFCC26X2_multiMode.c.cc26x2.ticlang.o (.text.RF_invokeGlobalCallback)
                  00006890    00000020     ssd1306.o (.text.SSD1306_SendCommand)
                  000068b0    00000020     ti_sysbios_config.o (.text.SemaphoreP_constructBinary)
                  000068d0    00000020     ti_sysbios_config.o (.text.ti_sysbios_family_arm_m3_Hwi_initStack)
                  000068f0    00000020     ti_sysbios_config.o (.text.ti_sysbios_knl_Task_delete)
                  00006910    00000020     ti_sysbios_config.o (.text.ti_sysbios_knl_Task_destruct)
                  00006930    00000020     libclang_rt.builtins.a : floatunsidf.S.obj (.text)
                  00006950    0000001e     sysbios.a : Hwi_asm_switch_gnu.obj (.text.ti_sysbios_family_arm_m3_Hwi_switchAndRunFunc)
                  0000696e    00000002     --HOLE-- [fill = 0]
                  00006970    0000001c     ti_sysbios_config.o (.text.BIOS_rtsLock)
                  0000698c    0000001c     drivers_cc26x2.a : GPIO.c.obj (.text.GPIO_setCallback)
                  000069a8    0000001c                      : GPIOCC26XX.c.obj (.text.GPIO_setMux)
                  000069c4    0000001c                      : PowerCC26X2.c.obj (.text.Power_getTransitionLatency)
                  000069e0    0000001c     ssd1306.o (.text.SSD1306_UpdateScreen)
                  000069fc    0000001c     w5500.o (.text.W5500_writeSnDPORT)
                  00006a18    0000001c     w5500.o (.text.W5500_writeSnPORT)
                  00006a34    0000001c     w5500.o (.text.W5500_writeSnRX_RD)
                  00006a50    0000001c     w5500.o (.text.W5500_writeSnTX_WR)
                  00006a6c    0000001c     drivers_cc26x2.a : TemperatureCC26X2.c.obj (.text.setTempLowerLimit)
                  00006a88    0000001c                      : TemperatureCC26X2.c.obj (.text.setTempUpperLimit)
                  00006aa4    0000001c     ti_sysbios_config.o (.text.ti_sysbios_knl_Idle_run)
                  00006ac0    0000001c     ti_sysbios_config.o (.text.ti_sysbios_knl_Queue_put)
                  00006adc    0000001c     ti_sysbios_config.o (.text.ti_sysbios_knl_Swi_construct)
                  00006af8    0000001c     ti_sysbios_config.o (.text.ti_sysbios_knl_Swi_destruct)
                  00006b14    0000001a     EthernetUdp.o (.text.EthernetUDP_write)
                  00006b2e    0000001a     drivers_cc26x2.a : I2CCC26XX.c.obj (.text.I2CCC26XX_completeTransfer)
                  00006b48    0000001a     w5500.o (.text.W5500_readSnRX_RD)
                  00006b62    0000001a     w5500.o (.text.W5500_readSnRX_RSR)
                  00006b7c    0000001a     w5500.o (.text.W5500_readSnTX_FSR)
                  00006b96    0000001a     w5500.o (.text.W5500_readSnTX_WR)
                  00006bb0    0000001a     ti_sysbios_config.o (.text.ti_sysbios_knl_Task_sleepTimeout)
                  00006bca    00000002     --HOLE-- [fill = 0]
                  00006bcc    00000018     ti_sysbios_config.o (.text.BIOS_exitFunc)
                  00006be4    00000018     ti_sysbios_config.o (.text.BIOS_rtsUnlock)
                  00006bfc    00000018     drivers_cc26x2.a : GPIOCC26XX.c.obj (.text.GPIO_disableInt)
                  00006c14    00000018                      : PowerCC26X2.c.obj (.text.PowerCC26XX_calibrate)
                  00006c2c    00000018                      : PowerCC26X2.c.obj (.text.Power_idleFunc)
                  00006c44    00000018     ti_sysbios_config.o (.text.ti_sysbios_knl_Clock_scheduleNextTick)
                  00006c5c    00000018     ti_sysbios_config.o (.text.ti_sysbios_knl_Swi_construct2)
                  00006c74    00000018     ti_sysbios_config.o (.text.ti_sysbios_knl_Swi_or)
                  00006c8c    00000018     sysbios.a : TaskSupport_asm_gnu.obj (.text.ti_sysbios_knl_TaskSupport_glue)
                  00006ca4    00000018     ti_sysbios_config.o (.text.ti_sysbios_knl_Task_unblock)
                  00006cbc    00000016     html.o (.text.Html_memcpy)
                  00006cd2    00000016     w5500.o (.text.W5500_read_data)
                  00006ce8    00000016     socket.o (.text.close)
                  00006cfe    00000016     ti_sysbios_config.o (.text.ti_sysbios_knl_Clock_start)
                  00006d14    00000014     drivers_cc26x2.a : GPIOCC26XX.c.obj (.text.GPIO_read)
                  00006d28    00000014                      : GPIO.c.obj (.text.GPIO_setUserArg)
                  00006d3c    00000014                      : I2CCC26XX.c.obj (.text.I2CCC26XX_postNotify)
                  00006d50    00000014                      : SPICC26X2DMA.c.obj (.text.OUTLINED_FUNCTION_0)
                  00006d64    00000014                      : TemperatureCC26X2.c.obj (.text.Temperature_getTemperature)
                  00006d78    00000014     w5500.o (.text.W5500_execCmdSn)
                  00006d8c    00000014     w5500.o (.text.W5500_writeSn)
                  00006da0    00000014     w5500.o (.text.W5500_writeSn_buf)
                  00006db4    00000014     libc.a : args_main.c.obj (.text._args_main)
                  00006dc8    00000014     ti_sysbios_config.o (.text.ti_sysbios_family_arm_m3_Hwi_switchFromBootStack)
                  00006ddc    00000014     libclang_rt.builtins.a : aeabi_ldivmod.S.obj (.text)
                  00006df0    00000014                            : aeabi_memset.S.obj (.text)
                  00006e04    00000014                            : aeabi_uldivmod.S.obj (.text)
                  00006e18    00000012     EthernetUdp.o (.text.EthernetUDP_beginPacket_ip)
                  00006e2a    00000012     EthernetUdp.o (.text.EthernetUDP_flush)
                  00006e3c    00000012     Ethernet.o (.text.Ethernet_begin_mac_ip_dns)
                  00006e4e    00000012     drivers_cc26x2.a : I2C.c.obj (.text.I2C_transfer)
                  00006e60    00000012     IPAddress.o (.text.IPAddress_Init_str)
                  00006e72    00000012     libc.a : memcpy_t2.S.obj (.text:TI_memcpy_small)
                  00006e84    00000010     ti_sysbios_config.o (.text.ClockP_getCpuFreq)
                  00006e94    00000010     Dhcp.o (.text.DHCP_getDnsServerIp)
                  00006ea4    00000010     Dhcp.o (.text.DHCP_getGatewayIp)
                  00006eb4    00000010     Dhcp.o (.text.DHCP_getLocalIp)
                  00006ec4    00000010     Dhcp.o (.text.DHCP_getSubnetMask)
                  00006ed4    00000010     drivers_cc26x2.a : GPIO.c.obj (.text.GPIO_getUserArg)
                  00006ee4    00000010                      : GPIOCC26XX.c.obj (.text.GPIO_write)
                  00006ef4    00000010     ti_sysbios_config.o (.text.HwiP_Params_init)
                  00006f04    00000010     drivers_cc26x2.a : PowerCC26X2_helpers.c.obj (.text.PowerCC26X2_oscCtlClearXtal)
                  00006f14    00000010                      : PowerCC26X2_helpers.c.obj (.text.PowerCC26X2_prcmEnableCacheRetention)
                  00006f24    00000010                      : PowerCC26X2_calibrateRCOSC_helpers.c.obj (.text.PowerCC26X2_readCtrim)
                  00006f34    00000010                      : PowerCC26X2_calibrateRCOSC_helpers.c.obj (.text.PowerCC26X2_readCtrimFract)
                  00006f44    00000010                      : PowerCC26X2_calibrateRCOSC_helpers.c.obj (.text.PowerCC26X2_readRtrim)
                  00006f54    00000010                      : PowerCC26X2_helpers.c.obj (.text.PowerCC26X2_switchToTCXO)
                  00006f64    00000010                      : PowerCC26X2.c.obj (.text.Power_getDependencyCount)
                  00006f74    00000010     ssd1306.o (.text.SSD1306_SetPosition)
                  00006f84    00000010     ti_sysbios_config.o (.text.SwiP_Params_init)
                  00006f94    00000010     ti_sysbios_config.o (.text.ti_sysbios_family_arm_cc26xx_Timer_dynamicStub)
                  00006fa4    00000010     ti_sysbios_config.o (.text.ti_sysbios_family_arm_m3_Hwi_excHandler)
                  00006fb4    00000010     libc.a : copy_zero_init.c.obj (.text:decompress:ZI)
                  00006fc4    0000000e     Ethernet.o (.text.Ethernet_begin_mac_ip_dns_gateway)
                  00006fd2    0000000e     drivers_cc26x2.a : PowerCC26X2.c.obj (.text.OUTLINED_FUNCTION_0)
                  00006fe0    0000000e     w5500.o (.text.W5500_readSn)
                  00006fee    0000000e     drivers_cc26x2.a : PowerCC26X2.c.obj (.text.switchToTCXO)
                  00006ffc    0000000e     ti_sysbios_config.o (.text.ti_sysbios_gates_GateMutex_leave)
                  0000700a    0000000e     libc.a : memset_t2.S.obj (.text:TI_memset_small)
                  00007018    0000000e            : copy_decompress_none.c.obj (.text:decompress:none)
                  00007026    00000002     --HOLE-- [fill = 0]
                  00007028    0000000c     ti_sysbios_config.o (.text.BIOS_linkedWithIncorrectBootLibrary)
                  00007034    0000000c     ti_sysbios_config.o (.text.BIOS_start)
                  00007040    0000000c     Ethernet.o (.text.Ethernet_begin_mac_ip)
                  0000704c    0000000c     Ethernet.o (.text.Ethernet_localIP)
                  00007058    0000000c     ti_sysbios_config.o (.text.HwiP_disable)
                  00007064    0000000c     drivers_cc26x2.a : I2C.c.obj (.text.I2C_Params_init)
                  00007070    0000000c     driverlib.lib : cpu.o (.text.NOROM_CPUcpsid)
                  0000707c    0000000c                   : cpu.o (.text.NOROM_CPUcpsie)
                  00007088    0000000c     drivers_cc26x2.a : I2CCC26XX.c.obj (.text.OUTLINED_FUNCTION_0)
                  00007094    0000000c     Dhcp.o (.text.OUTLINED_FUNCTION_2)
                  000070a0    0000000c     drivers_cc26x2.a : PowerCC26X2_helpers.c.obj (.text.PowerCC26X2_oscClockSourceGet)
                  000070ac    0000000c                      : PowerCC26X2_helpers.c.obj (.text.PowerCC26X2_setPeriphDeepSleepEnable)
                  000070b8    0000000c                      : PowerCC26X2_helpers.c.obj (.text.PowerCC26X2_sysCtrlGetResetSource)
                  000070c4    0000000c                      : PowerCC26X2_helpers.c.obj (.text.PowerCC26X2_sysCtrlVoltageConditionalControl)
                  000070d0    0000000c                      : PowerCC26X2.c.obj (.text.Power_getConstraintMask)
                  000070dc    0000000c                      : SPI.c.obj (.text.SPI_Params_init)
                  000070e8    0000000c     w5500.o (.text.W5500_readSIPR)
                  000070f4    0000000c     w5500.o (.text.W5500_writeGAR)
                  00007100    0000000c     w5500.o (.text.W5500_writeSHAR)
                  0000710c    0000000c     w5500.o (.text.W5500_writeSIPR)
                  00007118    0000000c     w5500.o (.text.W5500_writeSUBR)
                  00007124    0000000c     libc.a : _lock.c.obj (.text._register_lock)
                  00007130    0000000c            : _lock.c.obj (.text._register_unlock)
                  0000713c    0000000c     drivers_cc26x2.a : SPICC26X2DMA.c.obj (.text.spiPostNotify)
                  00007148    0000000c     ti_sysbios_config.o (.text.ti_sysbios_heaps_HeapMem_init)
                  00007154    0000000c     ti_sysbios_config.o (.text.ti_sysbios_knl_ClockSupport_setNextTick)
                  00007160    0000000c     ti_sysbios_config.o (.text.ti_sysbios_knl_Clock_tick)
                  0000716c    0000000c     ti_sysbios_config.o (.text.ti_sysbios_knl_Task_Params_init)
                  00007178    0000000a     ti_sysbios_config.o (.text.ClockP_Params_init)
                  00007182    0000000a     drivers_cc26x2.a : I2CCC26XX.c.obj (.text.I2CMasterControl)
                  0000718c    0000000a                      : SPICC26X2DMA.c.obj (.text.OUTLINED_FUNCTION_2)
                  00007196    0000000a     rf_multiMode_cc26x2.a : RFCC26X2_multiMode.c.cc26x2.ticlang.o (.text.OUTLINED_FUNCTION_5)
                  000071a0    0000000a     drivers_cc26x2.a : PowerCC26X2_helpers.c.obj (.text.PowerCC26X2_sysCtrlStandby)
                  000071aa    0000000a                      : SPICC26X2DMA.c.obj (.text.SPICC26X2DMA_init)
                  000071b4    0000000a     ti_sysbios_config.o (.text.SemaphoreP_pend)
                  000071be    0000000a     drivers_cc26x2.a : UDMACC26XX.c.obj (.text.UDMACC26XX_hwiIntFxn)
                  000071c8    0000000a     w5500.o (.text.W5500_writeSnDIPR)
                  000071d2    0000000a     ArduinoCompatibility.o (.text.delay)
                  000071dc    00000008     drivers_cc26x2.a : I2CCC26XX.c.obj (.text.I2CCC26XX_blockingCallback)
                  000071e4    00000008                      : I2CCC26XX.c.obj (.text.I2CSupport_masterFinish)
                  000071ec    00000008     driverlib.lib : cpu.o (.text.NOROM_CPUdelay)
                  000071f4    00000008     Dhcp.o (.text.OUTLINED_FUNCTION_1)
                  000071fc    00000008     drivers_cc26x2.a : SPICC26X2DMA.c.obj (.text.OUTLINED_FUNCTION_1)
                  00007204    00000008                      : PowerCC26X2_helpers.c.obj (.text.PowerCC26X2_oschfTrySwitchToXosc)
                  0000720c    00000008     w5500.o (.text.W5500_writeSnCR)
                  00007214    00000008     w5500.o (.text.W5500_writeSnIR)
                  0000721c    00000008     w5500.o (.text.W5500_writeSnMR)
                  00007224    00000008     libc.a : aeabi_portable.c.obj (.text.__aeabi_errno_addr)
                  0000722c    00000008     drivers_cc26x2.a : SPICC26X2DMA.c.obj (.text.blockingTransferCallback)
                  00007234    00000008     SPIfg.o (.text.resetSS)
                  0000723c    00000008     SPIfg.o (.text.setSS)
                  00007244    00000008     ti_sysbios_config.o (.text.ti_sysbios_runtime_System_exit)
                  0000724c    00000006     ti_sysbios_config.o (.text.ClockP_stop)
                  00007252    00000006     EthernetUdp.o (.text.EthernetUDP_begin_init)
                  00007258    00000006     EthernetUdp.o (.text.EthernetUDP_endPacket)
                  0000725e    00000006     ti_sysbios_config.o (.text.HwiP_restore)
                  00007264    00000006     drivers_cc26x2.a : I2CCC26XX.c.obj (.text.I2CSupport_powerRelConstraint)
                  0000726a    00000006                      : I2CCC26XX.c.obj (.text.I2CSupport_powerSetConstraint)
                  00007270    00000006     Dhcp.o (.text.OUTLINED_FUNCTION_0)
                  00007276    00000006     Dhcp.o (.text.OUTLINED_FUNCTION_3)
                  0000727c    00000006     drivers_cc26x2.a : SPI.c.obj (.text.SPI_transfer)
                  00007282    00000006     w5500.o (.text.W5500_readSnCR)
                  00007288    00000006     w5500.o (.text.W5500_readSnIR)
                  0000728e    00000006     w5500.o (.text.W5500_readSnSR)
                  00007294    00000006     ArduinoCompatibility.o (.text.random)
                  0000729a    00000006     ti_sysbios_config.o (.text.ti_sysbios_family_arm_m3_Hwi_destruct)
                  000072a0    00000006     ti_sysbios_config.o (.text.ti_sysbios_family_arm_m3_Hwi_doSwiRestore)
                  000072a6    00000006     ti_sysbios_config.o (.text.ti_sysbios_family_arm_m3_Hwi_doTaskRestore)
                  000072ac    00000006     ti_sysbios_config.o (.text.ti_sysbios_knl_Idle_loop)
                  000072b2    00000006     ti_sysbios_config.o (.text.ti_sysbios_knl_Swi_startup)
                  000072b8    00000004     ti_sysbios_config.o (.text.ClockP_start)
                  000072bc    00000004     EthernetUdp.o (.text.EthernetUDP_available)
                  000072c0    00000004     EthernetUdp.o (.text.EthernetUDP_remotePort)
                  000072c4    00000004     ti_sysbios_config.o (.text.HwiP_destruct)
                  000072c8    00000004     ti_sysbios_config.o (.text.HwiP_disableInterrupt)
                  000072cc    00000004     ti_sysbios_config.o (.text.HwiP_enableInterrupt)
                  000072d0    00000004     drivers_cc26x2.a : PowerCC26X2_helpers.c.obj (.text.PowerCC26X2_oschfSwitchToRcosc)
                  000072d4    00000004                      : PowerCC26X2_helpers.c.obj (.text.PowerCC26X2_sysCtrlIdle)
                  000072d8    00000004                      : PowerCC26X2_helpers.c.obj (.text.PowerCC26X2_turnOnXosc)
                  000072dc    00000004     ti_sysbios_config.o (.text.ResetISR)
                  000072e0    00000004     ti_sysbios_config.o (.text.SemaphoreP_destruct)
                  000072e4    00000004     ti_sysbios_config.o (.text.SemaphoreP_post)
                  000072e8    00000004     ti_sysbios_config.o (.text.SwiP_destruct)
                  000072ec    00000004     ti_sysbios_config.o (.text.SwiP_or)
                  000072f0    00000004     ti_sysbios_config.o (.text.SwiP_post)
                  000072f4    00000004     w5500.o (.text.W5500_getIPAddress)
                  000072f8    00000004     w5500.o (.text.W5500_setGatewayIp)
                  000072fc    00000004     w5500.o (.text.W5500_setIPAddress)
                  00007300    00000004     w5500.o (.text.W5500_setMACAddress)
                  00007304    00000004     w5500.o (.text.W5500_setSubnetMask)
                  00007308    00000004     ti_sysbios_config.o (.text._system_post_cinit)
                  0000730c    00000004     ti_sysbios_config.o (.text._system_pre_init)
                  00007310    00000004     drivers_cc26x2.a : PowerCC26X2.c.obj (.text.configureRFCoreClocks)
                  00007314    00000004                      : PowerCC26X2.c.obj (.text.nopResourceHandler)
                  00007318    00000004     ti_sysbios_config.o (.text.ti_sysbios_heaps_HeapMem_isBlocking)
                  0000731c    00000004     libclang_rt.builtins.a : aeabi_memcpy.S.obj (.text)

.rodata    0    00007320    00000d20     
                  00007320    000005d0     ti_sysbios_config.o (.rodata.str1.1)
                  000078f0    000001e0     ssd1306.o (.rodata.FONTS)
                  00007ad0    0000008d     ti_sysbios_config.o (.rodata.ti_sysbios_heaps_HeapMem_alloc.err)
                  00007b5d    00000089     ti_sysbios_config.o (.rodata.ti_sysbios_family_arm_m3_Hwi_Instance_init.err.1)
                  00007be6    00000089     ti_sysbios_config.o (.rodata.ti_sysbios_runtime_Memory_alloc.err)
                  00007c6f    00000086     ti_sysbios_config.o (.rodata.ti_sysbios_family_arm_m3_Hwi_Instance_init.err)
                  00007cf5    00000001     ti_drivers_config.o (.rodata.GPIO_pinLowerBound)
                  00007cf6    00000001     ti_drivers_config.o (.rodata.GPIO_pinUpperBound)
                  00007cf7    00000001     ti_drivers_config.o (.rodata.I2C_count)
                  00007cf8    00000070     driverlib.lib : osc.o (.rodata..L__const.NOROM_OSC_HPOSC_Debug_InitFreqOffsetParams.hposcParm)
                  00007d68    0000006b     gui.o (.rodata.str1.1)
                  00007dd3    00000001     ti_drivers_config.o (.rodata.SPI_count)
                  00007dd4    00000054     drivers_cc26x2.a : PowerCC26X2.c.obj (.rodata.resourceDB)
                  00007e28    00000040     ti_drivers_config.o (.rodata.spiCC26X2DMAHWAttrs)
                  00007e68    00000024     ti_sysbios_config.o (.rodata.ti_sysbios_knl_Task_Params_default)
                  00007e8c    00000020     drivers_cc26x2.a : SPI.c.obj (.rodata.SPI_defaultParams)
                  00007eac    00000020     ssd1306.o (.rodata.SSD1306_InitSequence)
                  00007ecc    0000001c     ti_sysbios_config.o (.rodata.ti_sysbios_family_arm_cc26xx_Timer_Params_default)
                  00007ee8    0000001a     main.o (.rodata.str1.1)
                  00007f02    00000001     ti_drivers_config.o (.rodata.TemperatureCC26X2_config)
                  00007f03    00000001     --HOLE-- [fill = 0]
                  00007f04    00000018     drivers_cc26x2.a : SPICC26X2DMA.c.obj (.rodata.SPICC26X2DMA_fxnTable)
                  00007f1c    00000018                      : SPICC26X2DMA.c.obj (.rodata.cst8)
                  00007f34    00000018                      : SPICC26X2DMA.c.obj (.rodata.frameFormat)
                  00007f4c    00000018     ti_drivers_config.o (.rodata.i2cCC26xxHWAttrs)
                  00007f64    00000018     ti_sysbios_config.o (.rodata.ti_sysbios_family_arm_m3_Hwi_Params_default)
                  00007f7c    00000014     ti_drivers_config.o (.rodata.PowerCC26X2_config)
                  00007f90    00000014     ti_sysbios_config.o (.rodata.ti_sysbios_knl_Swi_Params_default)
                  00007fa4    00000012     html.o (.rodata.eraseSequence)
                  00007fb6    00000002     --HOLE-- [fill = 0]
                  00007fb8    00000010     ti_drivers_config.o (.rodata.GPIO_config)
                  00007fc8    00000010     drivers_cc26x2.a : I2CCC26XX.c.obj (.rodata.cst16)
                  00007fd8    0000000c     ti_drivers_config.o (.rodata.RFCC26XX_hwAttrs)
                  00007fe4    0000000c     ti_drivers_config.o (.rodata.SPI_config)
                  00007ff0    0000000c     ti_sysbios_config.o (.rodata.ti_sysbios_heaps_HeapMem_Params_default)
                  00007ffc    0000000c     ti_sysbios_config.o (.rodata.ti_sysbios_knl_Clock_Params_default)
                  00008008    0000000c     ti_sysbios_config.o (.rodata.ti_sysbios_knl_Semaphore_Params_default)
                  00008014    00000008     ti_drivers_config.o (.rodata.I2C_config)
                  0000801c    00000008     ti_drivers_config.o (.rodata.UDMACC26XX_config)
                  00008024    00000008     driverlib.lib : aux_sysif.o (.rodata.cst4)
                  0000802c    00000008     ti_sysbios_config.o (.rodata.ti_sysbios_knl_Idle_funcList)
                  00008034    00000008     ti_drivers_config.o (.rodata.udmaCC26XXHWAttrs)
                  0000803c    00000004     ti_sysbios_config.o (.rodata.ti_sysbios_family_arm_m3_Hwi_swiTaskKeyAddress)

.data      0    200000d8    000004ff     UNINITIALIZED
                  200000d8    00000174     drivers_cc26x2.a : PowerCC26X2.c.obj (.data.PowerCC26X2_module)
                  2000024c    0000007c     ti_drivers_config.o (.data.gpioPinConfigs)
                  200002c8    00000078     ti_sysbios_config.o (.data..L_MergedGlobals)
                  20000340    00000068     rf_multiMode_cc26x2.a : RFCC26X2_multiMode.c.cc26x2.ticlang.o (.data..L_MergedGlobals.1)
                  200003a8    00000068     ti_sysbios_config.o (.data..L_MergedGlobals.70)
                  20000410    00000068     ti_sysbios_config.o (.data.ti_sysbios_knl_Clock_Module_state)
                  20000478    00000064     rf_multiMode_cc26x2.a : RFCC26X2_multiMode.c.cc26x2.ticlang.o (.data..L_MergedGlobals.3)
                  200004dc    00000058                           : RFCC26X2_multiMode.c.cc26x2.ticlang.o (.data..L_MergedGlobals.2)
                  20000534    0000003c     ti_sysbios_config.o (.data.ti_sysbios_knl_Task_Module_state)
                  20000570    00000014     ssd1306.o (.data..L_MergedGlobals)
                  20000584    00000010     Ethernet.o (.data.Ethernet_server_port)
                  20000594    00000010     driverlib.lib : osc.o (.data._hposcCoeffs)
                  200005a4    00000008     rf_multiMode_cc26x2.a : RFCC26X2_multiMode.c.cc26x2.ticlang.o (.data..L_MergedGlobals)
                  200005ac    00000008     ti_sysbios_config.o (.data.ti_sysbios_gates_GateMutex_Module_state)
                  200005b4    00000008     ti_sysbios_config.o (.data.ti_sysbios_heaps_HeapMem_Module_state)
                  200005bc    00000008     ti_sysbios_config.o (.data.ti_sysbios_knl_Semaphore_Module_state)
                  200005c4    00000004     drivers_cc26x2.a : TemperatureCC26X2.c.obj (.data..L_MergedGlobals)
                  200005c8    00000004     libc.a : aeabi_portable.c.obj (.data.__aeabi_errno)
                  200005cc    00000004            : _lock.c.obj (.data._lock)
                  200005d0    00000004            : _lock.c.obj (.data._unlock)
                  200005d4    00000001     drivers_cc26x2.a : GPIOCC26X2.c.obj (.data.initCalled)
                  200005d5    00000001                      : SPI.c.obj (.data.isInitialized)
                  200005d6    00000001                      : TemperatureCC26X2.c.obj (.data.isInitialized)

.bss       0    20005a50    0000176a     UNINITIALIZED
                  20005a50    00000401     ssd1306.o (.bss.SSD1306_LcdBufferInclStreamByte)
                  20005e51    00000400     (.common:ti_sysbios_runtime_SysMin_outbuf)
                  20006251    00000001     --HOLE--
                  20006252    00000002     socket.o (.bss.local_port)
                  20006254    000002d8     html.o (.bss.valueBuffer)
                  2000652c    00000004     driverlib.lib : osc.o (.bss.oscHfGlobals.0)
                  20006530    000002c0     rf_multiMode_cc26x2.a : RFCC26X2_multiMode.c.cc26x2.ticlang.o (.bss.RF_cmdPool)
                  200067f0    00000200     (.common:ti_sysbios_knl_Idle_taskStack)
                  200069f0    00000140     (.common:i2cCC26xxObjects)
                  20006b30    00000120     libsysbm.a : trgmsg.c.obj (.bss:_CIOBUF_)
                  20006c50    00000100     (.common:spiCC26X2DMAObjects)
                  20006d50    000000d8     (.common:ti_sysbios_family_arm_m3_Hwi_dispatchTable)
                  20006e28    0000007c     (.common:gpioCallbackFunctions)
                  20006ea4    0000007c     (.common:gpioUserArgs)
                  20006f20    00000060     (.common:ti_sysbios_knl_ClockSupport_timerStruct)
                  20006f80    00000058     (.common:ti_sysbios_knl_Idle_taskStruct)
                  20006fd8    00000030     (.common:ti_sysbios_knl_Swi_readyQs)
                  20007008    00000030     (.common:ti_sysbios_knl_Task_readyQs)
                  20007038    0000002c     (.common:BIOS_heapMemObject)
                  20007064    00000028     (.common:BIOS_rtsGate)
                  2000708c    00000028     (.common:ti_sysbios_heaps_HeapMem_gate)
                  200070b4    00000024     (.common:initTaskParams)
                  200070d8    00000020     (.common:Ethernet)
                  200070f8    00000020     (.common:ti_sysbios_runtime_System_atexitHandlers)
                  20007118    00000020     (.common:udmaCC26XXObject)
                  20007138    0000001c     drivers_cc26x2.a : TemperatureCC26X2.c.obj (.bss.batmonHwi)
                  20007154    0000001c                      : GPIOCC26X2.c.obj (.bss.gpioHwi)
                  20007170    00000014     (.common:ti_sysbios_hal_Seconds_Module_state)
                  20007184    00000008                      : TemperatureCC26X2.c.obj (.bss.notificationList)
                  2000718c    00000008     (.common:parmbuf)
                  20007194    00000004     driverlib.lib : osc.o (.bss.oscHfGlobals.2)
                  20007198    00000004                   : osc.o (.bss.oscHfGlobals.3)
                  2000719c    00000004                   : osc.o (.bss.oscHfGlobals.4)
                  200071a0    00000004     (.common:PowerCC26XX_swiKey)
                  200071a4    00000004     (.common:PowerCC26XX_taskKey)
                  200071a8    00000004     (.common:initTaskHandle)
                  200071ac    00000004     (.common:spi)
                  200071b0    00000004     (.common:ti_sysbios_family_arm_cc26xx_TimestampProvider_Module_state)
                  200071b4    00000004     (.common:ti_sysbios_knl_Task_defaultStackHeap)
                  200071b8    00000002     (.common:_counter)

.stack     0    2000fa00    00000600     UNINITIALIZED
                  2000fa00    00000004     sysbios.a : boot_cortex_m.obj (.stack)
                  2000fa04    000005fc     --HOLE--

.priheap   0    20001a50    00004000     UNINITIALIZED
                  20001a50    00004000     --HOLE--

.log_data 
*          0    90000000    00000000     COPY SECTION

.resetVecs 
*          0    00000000    0000003c     
                  00000000    0000003c     ti_sysbios_config.o (.resetVecs)

.vecs      0    20000000    000000d8     NOLOAD SECTION
                  20000000    000000d8     ti_sysbios_config.o (.vecs)

__llvm_prf_cnts 
*          0    20000000    00000000     UNINITIALIZED

__llvm_prf_bits 
*          0    20000000    00000000     UNINITIALIZED

.TI.bound:dmaSpi0RxControlTableEntry 
*          0    20001830    00000010     UNINITIALIZED
                  20001830    00000010     ti_drivers_config.o (.TI.bound:dmaSpi0RxControlTableEntry)

.TI.bound:dmaSpi0TxControlTableEntry 
*          0    20001840    00000010     UNINITIALIZED
                  20001840    00000010     ti_drivers_config.o (.TI.bound:dmaSpi0TxControlTableEntry)

.TI.bound:dmaSpi0RxAltControlTableEntry 
*          0    20001a30    00000010     UNINITIALIZED
                  20001a30    00000010     ti_drivers_config.o (.TI.bound:dmaSpi0RxAltControlTableEntry)

.TI.bound:dmaSpi0TxAltControlTableEntry 
*          0    20001a40    00000010     UNINITIALIZED
                  20001a40    00000010     ti_drivers_config.o (.TI.bound:dmaSpi0TxAltControlTableEntry)

.args      0    00008040    00000008     
                  00008040    00000008     --HOLE-- [fill = 0]

MODULE SUMMARY

       Module                                     code    ro data   rw data
       ------                                     ----    -------   -------
    .\
       main.o                                     228     26        40     
       main_tirtos.o                              0       0         2      
    +--+------------------------------------------+-------+---------+---------+
       Total:                                     228     26        42     
                                                                           
    .\source\driverlib\ssd1306\
       ssd1306.o                                  642     512       1045   
    +--+------------------------------------------+-------+---------+---------+
       Total:                                     642     512       1045   
                                                                           
    .\source\driverlib\w5500\
       w5500.o                                    892     0         0      
    +--+------------------------------------------+-------+---------+---------+
       Total:                                     892     0         0      
                                                                           
    .\source\ethernet\
       Dhcp.o                                     1336    0         0      
       EthernetUdp.o                              338     0         0      
       socket.o                                   310     0         2      
       Ethernet.o                                 216     0         48     
       SPIfg.o                                    200     0         4      
       IPAddress.o                                150     0         0      
       ArduinoCompatibility.o                     88      0         0      
    +--+------------------------------------------+-------+---------+---------+
       Total:                                     2638    0         54     
                                                                           
    .\source\html\
       html.o                                     194     18        728    
    +--+------------------------------------------+-------+---------+---------+
       Total:                                     194     18        728    
                                                                           
    .\source\oled_gui\
       gui.o                                      276     107       0      
    +--+------------------------------------------+-------+---------+---------+
       Total:                                     276     107       0      
                                                                           
    .\syscfg\
       ti_sysbios_config.o                        7986    2253      2852   
       ti_drivers_config.o                        244     177       1044   
       ti_devices_config.o                        0       88        0      
    +--+------------------------------------------+-------+---------+---------+
       Total:                                     8230    2518      3896   
                                                                           
    C:/ti/simplelink_cc13xx_cc26xx_sdk_6_30_01_03/kernel/tirtos7/packages/ti/sysbios/lib/ticlang/m4f/sysbios.a
       Hwi_asm_gnu.obj                            324     0         0      
       Hwi_asm_switch_gnu.obj                     118     0         0      
       TaskSupport_asm_gnu.obj                    64      0         0      
       boot_cortex_m.obj                          52      0         0      
    +--+------------------------------------------+-------+---------+---------+
       Total:                                     558     0         0      
                                                                           
    C:/ti/simplelink_cc13xx_cc26xx_sdk_6_30_01_03/source/ti/devices/cc13x2_cc26x2/driverlib/bin/ticlang/driverlib.lib
       osc.o                                      2542    112       32     
       sys_ctrl.o                                 432     0         0      
       setup.o                                    424     0         0      
       prcm.o                                     136     0         0      
       chipinfo.o                                 128     0         0      
       aux_sysif.o                                72      8         0      
       cpu.o                                      32      0         0      
    +--+------------------------------------------+-------+---------+---------+
       Total:                                     3766    120       32     
                                                                           
    C:/ti/simplelink_cc13xx_cc26xx_sdk_6_30_01_03/source/ti/drivers/lib/ticlang/m4f/drivers_cc26x2.a
       SPICC26X2DMA.c.obj                         2868    72        0      
       PowerCC26X2.c.obj                          1722    84        372    
       I2CCC26XX.c.obj                            994     16        0      
       PowerCC26X2_calibrateRCOSC.c.obj           836     0         0      
       TemperatureCC26X2.c.obj                    672     0         41     
       PowerCC26X2_calibrateRCOSC_helpers.c.obj   432     0         0      
       I2C.c.obj                                  366     0         0      
       GPIOCC26X2.c.obj                           328     0         29     
       PowerCC26X2_helpers.c.obj                  282     0         0      
       GPIOCC26XX.c.obj                           276     0         0      
       SPI.c.obj                                  150     32        1      
       UDMACC26XX.c.obj                           166     0         0      
       GPIO.c.obj                                 124     0         0      
       List.c.obj                                 76      0         0      
    +--+------------------------------------------+-------+---------+---------+
       Total:                                     9292    204       443    
                                                                           
    C:/ti/simplelink_cc13xx_cc26xx_sdk_6_30_01_03/source/ti/drivers/rf/lib/ticlang/m4f/rf_multiMode_cc26x2.a
       RFCC26X2_multiMode.c.cc26x2.ticlang.o      966     0         1004   
       rfc.c.cc26x2.ticlang.o                     64      0         0      
    +--+------------------------------------------+-------+---------+---------+
       Total:                                     1030    0         1004   
                                                                           
    C:\ti\ccs1210\ccs\tools\compiler\ti-cgt-armllvm_2.1.2.LTS\lib\armv7em-ti-none-eabihf/c/libc.a
       copy_decompress_lzss.c.obj                 106     0         0      
       autoinit.c.obj                             56      0         0      
       _lock.c.obj                                26      0         8      
       args_main.c.obj                            20      0         0      
       memcpy_t2.S.obj                            18      0         0      
       copy_zero_init.c.obj                       16      0         0      
       copy_decompress_none.c.obj                 14      0         0      
       memset_t2.S.obj                            14      0         0      
       aeabi_portable.c.obj                       8       0         4      
    +--+------------------------------------------+-------+---------+---------+
       Total:                                     278     0         12     
                                                                           
    C:\ti\ccs1210\ccs\tools\compiler\ti-cgt-armllvm_2.1.2.LTS\lib\armv7em-ti-none-eabihf/c/libsysbm.a
       trgmsg.c.obj                               100     0         288    
       hostwrite.c.obj                            84      0         0      
       hostopen.c.obj                             0       0         8      
    +--+------------------------------------------+-------+---------+---------+
       Total:                                     184     0         296    
                                                                           
    C:\ti\ccs1210\ccs\tools\compiler\ti-cgt-armllvm_2.1.2.LTS\lib\clang/14.0.6/lib/armv7em-ti-none-eabihf/libclang_rt.builtins.a
       adddf3.S.obj                               438     0         0      
       divdf3.S.obj                               310     0         0      
       udivmoddi4.S.obj                           176     0         0      
       divmoddi4.c.obj                            92      0         0      
       fixunsdfsi.S.obj                           68      0         0      
       floatunsidf.S.obj                          32      0         0      
       aeabi_ldivmod.S.obj                        20      0         0      
       aeabi_memset.S.obj                         20      0         0      
       aeabi_uldivmod.S.obj                       20      0         0      
       aeabi_memcpy.S.obj                         4       0         0      
       aeabi_div0.c.obj                           2       0         0      
    +--+------------------------------------------+-------+---------+---------+
       Total:                                     1182    0         0      
                                                                           
       Stack:                                     0       0         1536   
       Linker Generated:                          0       296       0      
    +--+------------------------------------------+-------+---------+---------+
       Grand Total:                               29390   3801      9088   


LINKER GENERATED COPY TABLES

__TI_cinit_table @ 00008140 records: 6, size/record: 8, table size: 48
	.data: load addr=00008048, load size=000000c4 bytes, run addr=200000d8, run size=000004ff bytes, compression=lzss
	.TI.bound:dmaSpi0RxAltControlTableEntry: load addr=00008118, load size=00000008 bytes, run addr=20001a30, run size=00000010 bytes, compression=zero_init
	.TI.bound:dmaSpi0RxControlTableEntry: load addr=00008120, load size=00000008 bytes, run addr=20001830, run size=00000010 bytes, compression=zero_init
	.TI.bound:dmaSpi0TxAltControlTableEntry: load addr=00008128, load size=00000008 bytes, run addr=20001a40, run size=00000010 bytes, compression=zero_init
	.TI.bound:dmaSpi0TxControlTableEntry: load addr=00008130, load size=00000008 bytes, run addr=20001840, run size=00000010 bytes, compression=zero_init
	.bss: load addr=00008138, load size=00000008 bytes, run addr=20005a50, run size=0000176a bytes, compression=zero_init


LINKER GENERATED HANDLER TABLE

__TI_handler_table @ 0000810c records: 3, size/record: 4, table size: 12
	index: 0, handler: __TI_decompress_lzss
	index: 1, handler: __TI_decompress_none
	index: 2, handler: __TI_zero_init


GLOBAL SYMBOLS: SORTED ALPHABETICALLY BY Name 

address   name                                                               
-------   ----                                                               
200003a8  BIOS_Module_state                                                  
00004d11  BIOS_atExitFunc                                                    
00006bcd  BIOS_exitFunc                                                      
20007038  BIOS_heapMemObject                                                 
00004a85  BIOS_init                                                          
00007029  BIOS_linkedWithIncorrectBootLibrary                                
0000062b  BIOS_nullFunc                                                      
000062a9  BIOS_registerRTSLock                                               
00006489  BIOS_removeRTSLock                                                 
20007064  BIOS_rtsGate                                                       
00006971  BIOS_rtsLock                                                       
00006be5  BIOS_rtsUnlock                                                     
00007035  BIOS_start                                                         
00004871  BIOS_startFunc                                                     
000064ad  Board_init                                                         
00001803  Board_initHook                                                     
000047d5  Board_sendExtFlashByte                                             
00004695  Board_shutDownExtFlash                                             
00005ca9  Board_wakeUpExtFlash                                               
00005acb  C$$IO$$                                                            
00007179  ClockP_Params_init                                                 
00005cd9  ClockP_construct                                                   
00006e85  ClockP_getCpuFreq                                                  
00004ba5  ClockP_getSystemTickPeriod                                         
000072b9  ClockP_start                                                       
0000724d  ClockP_stop                                                        
00004d55  DHCP_beginWithDHCP                                                 
00006e95  DHCP_getDnsServerIp                                                
00006ea5  DHCP_getGatewayIp                                                  
00006eb5  DHCP_getLocalIp                                                    
00006ec5  DHCP_getSubnetMask                                                 
000008f5  DHCP_parseDHCPResponse                                             
0000672f  DHCP_printByte                                                     
00001ffd  DHCP_request_DHCP_lease                                            
00001165  DHCP_send_DHCP_MESSAGE                                             
200070d8  Ethernet                                                           
000072bd  EthernetUDP_available                                              
00004acd  EthernetUDP_begin                                                  
00006e19  EthernetUDP_beginPacket_ip                                         
00007253  EthernetUDP_begin_init                                             
00007259  EthernetUDP_endPacket                                              
00006e2b  EthernetUDP_flush                                                  
0000510d  EthernetUDP_parsePacket                                            
00006181  EthernetUDP_read                                                   
000061ab  EthernetUDP_read_buf                                               
000072c1  EthernetUDP_remotePort                                             
000064d1  EthernetUDP_stop                                                   
00006b15  EthernetUDP_write                                                  
00003d31  Ethernet_begin_mac                                                 
00007041  Ethernet_begin_mac_ip                                              
00006e3d  Ethernet_begin_mac_ip_dns                                          
00006fc5  Ethernet_begin_mac_ip_dns_gateway                                  
000059d1  Ethernet_begin_mac_ip_dns_gateway_subnet                           
0000704d  Ethernet_localIP                                                   
20000584  Ethernet_server_port                                               
00007fb8  GPIO_config                                                        
00006bfd  GPIO_disableInt                                                    
00006ed5  GPIO_getUserArg                                                    
00004d99  GPIO_hwiIntFxn                                                     
00002219  GPIO_init                                                          
00007cf5  GPIO_pinLowerBound                                                 
00007cf6  GPIO_pinUpperBound                                                 
00006d15  GPIO_read                                                          
0000540d  GPIO_resetConfig                                                   
0000698d  GPIO_setCallback                                                   
00003575  GPIO_setConfig                                                     
00005d09  GPIO_setInterruptConfig                                            
000069a9  GPIO_setMux                                                        
00006d29  GPIO_setUserArg                                                    
00006ee5  GPIO_write                                                         
00005449  GUI_ChangeDeviceIp                                                 
00005485  GUI_ChangeTargetIp                                                 
0000331d  GUI_Init                                                           
00004000  HEAPSIZE                                                           
000044f1  HOSTwrite                                                          
00006751  Html_AddKeyValueToBuffer                                           
00006771  Html_Init                                                          
00005f45  Html_ScanAndRegisterTokens                                         
0000514d  Html_UpdateHtml                                                    
00006cbd  Html_memcpy                                                        
00006ef5  HwiP_Params_init                                                   
00006791  HwiP_clearInterrupt                                                
000054c1  HwiP_construct                                                     
000072c5  HwiP_destruct                                                      
00007059  HwiP_disable                                                       
000072c9  HwiP_disableInterrupt                                              
000072cd  HwiP_enableInterrupt                                               
0000725f  HwiP_restore                                                       
000071e5  I2CSupport_masterFinish                                            
00007265  I2CSupport_powerRelConstraint                                      
0000726b  I2CSupport_powerSetConstraint                                      
00003e75  I2CSupport_primeTransfer                                           
00007065  I2C_Params_init                                                    
000062d1  I2C_cancel                                                         
00008014  I2C_config                                                         
00007cf7  I2C_count                                                          
00001a5f  I2C_init                                                           
00001591  I2C_open                                                           
00006e4f  I2C_transfer                                                       
00001939  I2C_transferTimeout                                                
00006e61  IPAddress_Init_str                                                 
00003715  IPAddress_toString                                                 
UNDEFED   ITM_flush                                                          
UNDEFED   ITM_restore                                                        
00003089  InitTask                                                           
000064f5  List_put                                                           
000062f9  List_remove                                                        
00004b15  NOROM_AUXSYSIFOpModeChange                                         
00007071  NOROM_CPUcpsid                                                     
0000707d  NOROM_CPUcpsie                                                     
000071ed  NOROM_CPUdelay                                                     
00004641  NOROM_ChipInfo_GetHwRevision                                       
00002d0b  NOROM_OSCHF_AttemptToSwitchToXosc                                  
[...]
000069e1  SSD1306_UpdateScreen                                               
000069fd  W5500_writeSnDPORT                                                 
00006a19  W5500_writeSnPORT                                                  
00006a35  W5500_writeSnRX_RD                                                 
00006a51  W5500_writeSnTX_WR                                                 
00006aa5  ti_sysbios_knl_Idle_run                                            
00006ac1  ti_sysbios_knl_Queue_put                                           
00006add  ti_sysbios_knl_Swi_construct                                       
00006af9  ti_sysbios_knl_Swi_destruct                                        
00006b15  EthernetUDP_write                                                  
00006b49  W5500_readSnRX_RD                                                  
00006b63  W5500_readSnRX_RSR                                                 
00006b7d  W5500_readSnTX_FSR                                                 
00006b97  W5500_readSnTX_WR                                                  
00006bb1  ti_sysbios_knl_Task_sleepTimeout                                   
00006bcd  BIOS_exitFunc                                                      
00006be5  BIOS_rtsUnlock                                                     
00006bfd  GPIO_disableInt                                                    
00006c15  PowerCC26XX_calibrate                                              
00006c2d  Power_idleFunc                                                     
00006c45  ti_sysbios_knl_Clock_scheduleNextTick                              
00006c5d  ti_sysbios_knl_Swi_construct2                                      
00006c75  ti_sysbios_knl_Swi_or                                              
00006c8d  ti_sysbios_knl_TaskSupport_glue                                    
00006ca5  ti_sysbios_knl_Task_unblock                                        
00006cbd  Html_memcpy                                                        
00006cd3  W5500_read_data                                                    
00006ce9  close                                                              
00006cff  ti_sysbios_knl_Clock_start                                         
00006d15  GPIO_read                                                          
00006d29  GPIO_setUserArg                                                    
00006d65  Temperature_getTemperature                                         
00006d79  W5500_execCmdSn                                                    
00006d8d  W5500_writeSn                                                      
00006da1  W5500_writeSn_buf                                                  
00006db5  _args_main                                                         
00006dc9  ti_sysbios_family_arm_m3_Hwi_switchFromBootStack                   
00006ddd  __aeabi_ldivmod                                                    
00006df1  __aeabi_memset                                                     
00006df1  __aeabi_memset4                                                    
00006df1  __aeabi_memset8                                                    
00006dfd  __aeabi_memclr                                                     
00006dfd  __aeabi_memclr4                                                    
00006dfd  __aeabi_memclr8                                                    
00006e05  __aeabi_uldivmod                                                   
00006e19  EthernetUDP_beginPacket_ip                                         
00006e2b  EthernetUDP_flush                                                  
00006e3d  Ethernet_begin_mac_ip_dns                                          
00006e4f  I2C_transfer                                                       
00006e61  IPAddress_Init_str                                                 
00006e73  TI_memcpy_small                                                    
00006e85  ClockP_getCpuFreq                                                  
00006e95  DHCP_getDnsServerIp                                                
00006ea5  DHCP_getGatewayIp                                                  
00006eb5  DHCP_getLocalIp                                                    
00006ec5  DHCP_getSubnetMask                                                 
00006ed5  GPIO_getUserArg                                                    
00006ee5  GPIO_write                                                         
00006ef5  HwiP_Params_init                                                   
00006f05  PowerCC26X2_oscCtlClearXtal                                        
00006f15  PowerCC26X2_prcmEnableCacheRetention                               
00006f25  PowerCC26X2_readCtrim                                              
00006f35  PowerCC26X2_readCtrimFract                                         
00006f45  PowerCC26X2_readRtrim                                              
00006f55  PowerCC26X2_switchToTCXO                                           
00006f65  Power_getDependencyCount                                           
00006f75  SSD1306_SetPosition                                                
00006f85  SwiP_Params_init                                                   
00006f95  ti_sysbios_family_arm_cc26xx_Timer_dynamicStub                     
00006fa5  ti_sysbios_family_arm_m3_Hwi_excHandler                            
00006fb5  __TI_zero_init                                                     
00006fc5  Ethernet_begin_mac_ip_dns_gateway                                  
00006fe1  W5500_readSn                                                       
00006ffd  ti_sysbios_gates_GateMutex_leave                                   
0000700b  TI_memset_small                                                    
00007019  __TI_decompress_none                                               
00007029  BIOS_linkedWithIncorrectBootLibrary                                
00007035  BIOS_start                                                         
00007041  Ethernet_begin_mac_ip                                              
0000704d  Ethernet_localIP                                                   
00007059  HwiP_disable                                                       
00007065  I2C_Params_init                                                    
00007071  NOROM_CPUcpsid                                                     
0000707d  NOROM_CPUcpsie                                                     
000070a1  PowerCC26X2_oscClockSourceGet                                      
000070ad  PowerCC26X2_setPeriphDeepSleepEnable                               
000070b9  PowerCC26X2_sysCtrlGetResetSource                                  
000070c5  PowerCC26X2_sysCtrlVoltageConditionalControl                       
000070d1  Power_getConstraintMask                                            
000070dd  SPI_Params_init                                                    
000070e9  W5500_readSIPR                                                     
000070f5  W5500_writeGAR                                                     
00007101  W5500_writeSHAR                                                    
0000710d  W5500_writeSIPR                                                    
00007119  W5500_writeSUBR                                                    
00007125  _register_lock                                                     
00007131  _register_unlock                                                   
00007149  ti_sysbios_heaps_HeapMem_init                                      
00007155  ti_sysbios_knl_ClockSupport_setNextTick                            
00007161  ti_sysbios_knl_Clock_tick                                          
0000716d  ti_sysbios_knl_Task_Params_init                                    
00007179  ClockP_Params_init                                                 
000071a1  PowerCC26X2_sysCtrlStandby                                         
000071ab  SPICC26X2DMA_init                                                  
000071b5  SemaphoreP_pend                                                    
000071bf  UDMACC26XX_hwiIntFxn                                               
000071c9  W5500_writeSnDIPR                                                  
000071d3  delay                                                              
000071e5  I2CSupport_masterFinish                                            
000071ed  NOROM_CPUdelay                                                     
00007205  PowerCC26X2_oschfTrySwitchToXosc                                   
0000720d  W5500_writeSnCR                                                    
00007215  W5500_writeSnIR                                                    
0000721d  W5500_writeSnMR                                                    
00007225  __aeabi_errno_addr                                                 
00007235  resetSS                                                            
0000723d  setSS                                                              
00007245  ti_sysbios_runtime_System_exit                                     
0000724d  ClockP_stop                                                        
00007253  EthernetUDP_begin_init                                             
00007259  EthernetUDP_endPacket                                              
0000725f  HwiP_restore                                                       
00007265  I2CSupport_powerRelConstraint                                      
0000726b  I2CSupport_powerSetConstraint                                      
0000727d  SPI_transfer                                                       
00007283  W5500_readSnCR                                                     
00007289  W5500_readSnIR                                                     
0000728f  W5500_readSnSR                                                     
00007295  random                                                             
0000729b  ti_sysbios_family_arm_m3_Hwi_destruct                              
000072a1  ti_sysbios_family_arm_m3_Hwi_doSwiRestore                          
000072a7  ti_sysbios_family_arm_m3_Hwi_doTaskRestore                         
000072ad  ti_sysbios_knl_Idle_loop                                           
000072b3  ti_sysbios_knl_Swi_startup                                         
000072b9  ClockP_start                                                       
000072bd  EthernetUDP_available                                              
000072c1  EthernetUDP_remotePort                                             
000072c5  HwiP_destruct                                                      
000072c9  HwiP_disableInterrupt                                              
000072cd  HwiP_enableInterrupt                                               
000072d1  PowerCC26X2_oschfSwitchToRcosc                                     
000072d5  PowerCC26X2_sysCtrlIdle                                            
000072d9  PowerCC26X2_turnOnXosc                                             
000072dd  ResetISR                                                           
000072e1  SemaphoreP_destruct                                                
000072e5  SemaphoreP_post                                                    
000072e9  SwiP_destruct                                                      
000072ed  SwiP_or                                                            
000072f1  SwiP_post                                                          
000072f5  W5500_getIPAddress                                                 
000072f9  W5500_setGatewayIp                                                 
000072fd  W5500_setIPAddress                                                 
00007301  W5500_setMACAddress                                                
00007305  W5500_setSubnetMask                                                
00007309  _system_post_cinit                                                 
0000730d  _system_pre_init                                                   
00007319  ti_sysbios_heaps_HeapMem_isBlocking                                
0000731d  __aeabi_memcpy                                                     
0000731d  __aeabi_memcpy4                                                    
0000731d  __aeabi_memcpy8                                                    
00007cf5  GPIO_pinLowerBound                                                 
00007cf6  GPIO_pinUpperBound                                                 
00007cf7  I2C_count                                                          
00007dd3  SPI_count                                                          
00007dd4  resourceDB                                                         
00007e28  spiCC26X2DMAHWAttrs                                                
00007e8c  SPI_defaultParams                                                  
00007eac  SSD1306_InitSequence                                               
00007f02  TemperatureCC26X2_config                                           
00007f04  SPICC26X2DMA_fxnTable                                              
00007f4c  i2cCC26xxHWAttrs                                                   
00007f7c  PowerCC26X2_config                                                 
00007fa4  eraseSequence                                                      
00007fb8  GPIO_config                                                        
00007fd8  RFCC26XX_hwAttrs                                                   
00007fe4  SPI_config                                                         
00008014  I2C_config                                                         
0000801c  UDMACC26XX_config                                                  
0000802c  ti_sysbios_knl_Idle_funcList                                       
00008034  udmaCC26XXHWAttrs                                                  
0000803c  ti_sysbios_family_arm_m3_Hwi_swiTaskKeyAddress                     
00008040  __c_args__                                                         
0000810c  __TI_Handler_Table_Base                                            
00008118  __TI_Handler_Table_Limit                                           
00008140  __TI_CINIT_Base                                                    
00008170  __TI_CINIT_Limit                                                   
00008170  __TI_CINIT_Warm                                                    
0004ffa8  __ccfg                                                             
20000000  __start___llvm_prf_bits                                            
20000000  __start___llvm_prf_cnts                                            
20000000  __stop___llvm_prf_bits                                             
20000000  __stop___llvm_prf_cnts                                             
20000000  ti_sysbios_family_arm_m3_Hwi_ramVectors                            
200000d8  PowerCC26X2_module                                                 
2000024c  gpioPinConfigs                                                     
200002c8  ti_sysbios_runtime_Startup_done                                    
200002cb  ti_sysbios_knl_Idle_initDone                                       
200002cc  ti_sysbios_runtime_Memory_defaultHeapInstance                      
200002e4  ti_sysbios_runtime_Error_ignore                                    
200002f0  ti_sysbios_family_arm_cc26xx_Timer_Module_state                    
200002fc  ti_sysbios_runtime_System_Module_state                             
20000308  ti_sysbios_runtime_SysMin_Module_state                             
20000318  ti_sysbios_knl_Swi_Module_state                                    
200003a8  BIOS_Module_state                                                  
200003d4  ti_sysbios_family_arm_m3_Hwi_Module_state                          
20000410  ti_sysbios_knl_Clock_Module_state                                  
20000534  ti_sysbios_knl_Task_Module_state                                   
20000584  Ethernet_server_port                                               
20000594  _hposcCoeffs                                                       
200005ac  ti_sysbios_gates_GateMutex_Module_state                            
200005b4  ti_sysbios_heaps_HeapMem_Module_state                              
200005bc  ti_sysbios_knl_Semaphore_Module_state                              
200005c8  __aeabi_errno                                                      
200005cc  _lock                                                              
200005d0  _unlock                                                            
20001a50  __primary_heap_start__                                             
20005a50  __primary_heap_end__                                               
20005e51  ti_sysbios_runtime_SysMin_outbuf                                   
200067f0  ti_sysbios_knl_Idle_taskStack                                      
200069f0  i2cCC26xxObjects                                                   
20006b30  _CIOBUF_                                                           
20006b30  __CIOBUF_                                                          
20006c50  spiCC26X2DMAObjects                                                
20006d50  ti_sysbios_family_arm_m3_Hwi_dispatchTable                         
20006e28  gpioCallbackFunctions                                              
20006ea4  gpioUserArgs                                                       
20006f20  ti_sysbios_knl_ClockSupport_timerStruct                            
20006f80  ti_sysbios_knl_Idle_taskStruct                                     
20006fd8  ti_sysbios_knl_Swi_readyQs                                         
20007008  ti_sysbios_knl_Task_readyQs                                        
20007038  BIOS_heapMemObject                                                 
20007064  BIOS_rtsGate                                                       
2000708c  ti_sysbios_heaps_HeapMem_gate                                      
200070b4  initTaskParams                                                     
200070d8  Ethernet                                                           
200070f8  ti_sysbios_runtime_System_atexitHandlers                           
20007118  udmaCC26XXObject                                                   
20007170  ti_sysbios_hal_Seconds_Module_state                                
2000718c  parmbuf                                                            
200071a0  PowerCC26XX_swiKey                                                 
200071a4  PowerCC26XX_taskKey                                                
200071a8  initTaskHandle                                                     
200071ac  spi                                                                
200071b0  ti_sysbios_family_arm_cc26xx_TimestampProvider_Module_state        
200071b4  ti_sysbios_knl_Task_defaultStackHeap                               
200071b8  _counter                                                           
2000fa00  __stack                                                            
20010000  __STACK_END                                                        
ffffffff  __TI_pprof_out_hndl                                                
ffffffff  __TI_prof_data_size                                                
ffffffff  __TI_prof_data_start                                               
ffffffff  __binit__                                                          
ffffffff  binit                                                              
UNDEFED   ITM_flush                                                          
UNDEFED   ITM_restore                                                        
UNDEFED   __mpu_init                                                         

[509 symbols]
