******************************************************************************
            TI ARM Clang Linker PC v2.1.2                      
******************************************************************************
>> Linked Sat Jan 13 10:31:09 2024

OUTPUT FILE NAME:   <multiSniff_LP_CC2652RB_tirtos7_ticlang2.out>
ENTRY POINT SYMBOL: "ResetISR"  address: 0000b695


MEMORY CONFIGURATION

         name            origin    length      used     unused   attr    fill
----------------------  --------  ---------  --------  --------  ----  --------
  FLASH                 00000000   00050000  0000c930  000436d0  R  X
  STV                   00050000   00000010  00000000  00000010  RW  
  HTML                  00051000   00003000  00000000  00003000  R   
  GPRAM                 11000000   00002000  00000000  00002000  RW X
  SRAM                  20000000   00012000  000062cb  0000bd35  RW X
  MTU_BUFFER            20012000   00002000  00000000  00002000  RW  
  LOG_DATA              90000000   00040000  00000000  00040000  R   


SEGMENT ALLOCATION MAP

run origin  load origin   length   init length attrs members
----------  ----------- ---------- ----------- ----- -------
00000000    00000000    0000c7b0   0000c7b0    r-x
  00000000    00000000    0000003c   0000003c    r-- .resetVecs
  00000040    00000040    0000b6d4   0000b6d4    r-x .text
  0000b718    0000b718    00001098   00001098    r-- .rodata
0000c7b0    0000c7b0    00000008   00000008    rw-
  0000c7b0    0000c7b0    00000008   00000008    rw- .args
0000c7b8    0000c7b8    00000128   00000128    r--
  0000c7b8    0000c7b8    00000128   00000128    r-- .cinit
0004ffa8    0004ffa8    00000058   00000058    r--
  0004ffa8    0004ffa8    00000058   00000058    r-- .ccfg
200000d8    200000d8    000016ce   00000000    rw-
  200000d8    200000d8    000016ce   00000000    rw- .bss
20001830    20001830    00000010   00000000    rw-
  20001830    20001830    00000010   00000000    rw- .TI.bound:dmaSpi0RxControlTableEntry
20001840    20001840    00000010   00000000    rw-
  20001840    20001840    00000010   00000000    rw- .TI.bound:dmaSpi0TxControlTableEntry
20001a30    20001a30    00000010   00000000    rw-
  20001a30    20001a30    00000010   00000000    rw- .TI.bound:dmaSpi0RxAltControlTableEntry
20001a40    20001a40    00000010   00000000    rw-
  20001a40    20001a40    00000010   00000000    rw- .TI.bound:dmaSpi0TxAltControlTableEntry
20001a50    20001a50    00004000   00000000    r--
  20001a50    20001a50    00004000   00000000    r-- .priheap
20005a50    20005a50    000004e5   00000000    rw-
  20005a50    20005a50    000004e5   00000000    rw- .data
20011a00    20011a00    00000600   00000000    rw-
  20011a00    20011a00    00000600   00000000    rw- .stack


SECTION ALLOCATION MAP

 output                                  attributes/
section   page    origin      length       input sections
--------  ----  ----------  ----------   ----------------
.binit     0    00000000    00000000     

.cinit     0    0000c7b8    00000128     
                  0000c7b8    000000c3     (.cinit..data.load) [load image, compression = lzss]
                  0000c87b    00000001     --HOLE-- [fill = 0]
                  0000c87c    0000000c     (__TI_handler_table)
                  0000c888    00000008     (.cinit..TI.bound:dmaSpi0RxAltControlTableEntry.load) [load image, compression = zero_init]
                  0000c890    00000008     (.cinit..TI.bound:dmaSpi0RxControlTableEntry.load) [load image, compression = zero_init]
                  0000c898    00000008     (.cinit..TI.bound:dmaSpi0TxAltControlTableEntry.load) [load image, compression = zero_init]
                  0000c8a0    00000008     (.cinit..TI.bound:dmaSpi0TxControlTableEntry.load) [load image, compression = zero_init]
                  0000c8a8    00000008     (.cinit..bss.load) [load image, compression = zero_init]
                  0000c8b0    00000030     (__TI_cinit_table)

.init_array 
*          0    00000000    00000000     UNINITIALIZED

.ccfg      0    0004ffa8    00000058     
                  0004ffa8    00000058     ti_devices_config.o (.ccfg)

.text      0    00000040    0000b6d4     
                  00000040    000005f0     ti_sysbios_config.o (.text.ti_sysbios_runtime_System_doPrint)
                  00000630    000005ea     driverlib.lib : osc.o (.text.findHposcCoefficients)
                  00000c1a    00000372     Dhcp.o (.text.DHCP_parseDHCPResponse)
                  00000f8c    000002de     log.o (.text.Log_print)
                  0000126a    00000002     ti_sysbios_config.o (.text.BIOS_nullFunc)
                  0000126c    000002c8     drivers_cc26x2.a : SPICC26X2DMA.c.obj (.text.SPICC26X2DMA_transfer)
                  00001534    0000025c     Dhcp.o (.text.DHCP_send_DHCP_MESSAGE)
                  00001790    00000236     Dhcp.o (.text.DHCP_request_DHCP_lease)
                  000019c6    00000002     ti_drivers_config.o (.text.Board_initHook)
                  000019c8    00000200     ti_sysbios_config.o (.text.ti_sysbios_runtime_System_printfExtend)
                  00001bc8    000001fa     ti_sysbios_config.o (.text.ti_sysbios_family_arm_m3_Hwi_excFillContext)
                  00001dc2    00000002     drivers_cc26x2.a : I2C.c.obj (.text.I2C_init)
                  00001dc4    000001b6     libclang_rt.builtins.a : adddf3.S.obj (.text)
                  00001f7a    000001ae     drivers_cc26x2.a : SPICC26X2DMA.c.obj (.text.SPICC26X2DMA_hwiFxn)
                  00002128    000001aa     ti_sysbios_config.o (.text.ti_sysbios_knl_TaskSupport_buildTaskStack)
                  000022d2    0000019a     ssd1306.o (.text.SSD1306_DrawLine)
                  0000246c    00000198     ti_sysbios_config.o (.text.ti_sysbios_family_arm_cc26xx_Timer_construct)
                  00002604    00000194     drivers_cc26x2.a : PowerCC26X2_calibrateRCOSC.c.obj (.text.PowerCC26X2_auxISR)
                  00002798    0000018e     ti_sysbios_config.o (.text.ti_sysbios_knl_Task_Instance_init)
                  00002926    00000002     libclang_rt.builtins.a : aeabi_div0.c.obj (.text.__aeabi_ldiv0)
                  00002928    00000188     drivers_cc26x2.a : SPICC26X2DMA.c.obj (.text.SPICC26X2DMA_open)
                  00002ab0    00000160                      : SPICC26X2DMA.c.obj (.text.configNextTransfer)
                  00002c10    00000158                      : PowerCC26X2.c.obj (.text.Power_sleep)
                  00002d68    0000013e     ti_sysbios_config.o (.text.PowerCC26XX_standbyPolicy)
                  00002ea6    0000013e     ti_sysbios_config.o (.text.ti_sysbios_heaps_HeapMem_allocUnprotected)
                  00002fe4    0000013c     drivers_cc26x2.a : I2CCC26XX.c.obj (.text.I2C_open)
                  00003120    0000013c     ti_sysbios_config.o (.text.ti_sysbios_knl_Clock_workFuncDynamic)
                  0000325c    00000136     IPAddress.o (.text.IPAddress_toString)
                  00003392    00000002     libc.a : _lock.c.obj (.text._nop)
                  00003394    00000136     libclang_rt.builtins.a : divdf3.S.obj (.text)
                  000034ca    00000002     drivers_cc26x2.a : PowerCC26X2.c.obj (.text.emptyClockFunc)
                  000034cc    00000134     driverlib.lib : osc.o (.text.findHposcPc)
                  00003600    00000130     Dhcp.o (.text.DHCP_checkLease)
                  00003730    00000126     drivers_cc26x2.a : I2C.c.obj (.text.I2C_transferTimeout)
                  00003856    00000002     ti_sysbios_config.o (.text.ti_sysbios_family_arm_cc26xx_Timer_startup)
                  00003858    00000124     rf_multiMode_cc26x2.a : RFCC26X2_multiMode.c.cc26x2.ticlang.o (.text.RF_abortCmd)
                  0000397c    00000122     drivers_cc26x2.a : SPICC26X2DMA.c.obj (.text.SPICC26X2DMA_transferCancel)
                  00003a9e    00000002     ti_sysbios_config.o (.text.ti_sysbios_knl_TaskSupport_init)
                  00003aa0    0000011c     sysbios.a : Hwi_asm_gnu.obj (.text.ti_sysbios_family_arm_m3_Hwi_dispatch)
                  00003bbc    00000118     drivers_cc26x2.a : PowerCC26X2.c.obj (.text.Power_init)
                  00003cd4    0000010e     ti_sysbios_config.o (.text.ti_sysbios_knl_Semaphore_pend)
                  00003de2    00000002     --HOLE-- [fill = 0]
                  00003de4    0000010c     drivers_cc26x2.a : PowerCC26X2_calibrateRCOSC.c.obj (.text.PowerCC26X2_calibrate)
                  00003ef0    0000010a     ssd1306.o (.text.SSD1306_DrawChar)
                  00003ffa    0000010a     ti_sysbios_config.o (.text.ti_sysbios_knl_Task_Instance_finalize)
                  00004104    00000104     drivers_cc26x2.a : GPIOCC26X2.c.obj (.text.GPIO_init)
                  00004208    000000fe     dashboard_task.o (.text.Dashboard_Main)
                  00004306    000000fe     ti_sysbios_config.o (.text.ti_sysbios_family_arm_m3_Hwi_Instance_init)
                  00004404    000000fc     libclang_rt.builtins.a : muldf3.S.obj (.text)
                  00004500    000000f4     driverlib.lib : sys_ctrl.o (.text.NOROM_SysCtrlStandby)
                  000045f4    000000ee     ti_sysbios_config.o (.text.ti_sysbios_knl_Clock_startI)
                  000046e2    00000002     --HOLE-- [fill = 0]
                  000046e4    000000e8     drivers_cc26x2.a : I2CCC26XX.c.obj (.text.I2CCC26XX_hwiFxn)
                  000047cc    000000e8     socket.o (.text.send)
                  000048b4    000000e4     driverlib.lib : setup.o (.text.NOROM_SetupTrimDevice)
                  00004998    000000e4     ti_sysbios_config.o (.text.ti_sysbios_family_arm_m3_Hwi_initNVIC)
                  00004a7c    000000da     ti_sysbios_config.o (.text.ti_sysbios_heaps_HeapMem_freeUnprotected)
                  00004b56    00000002     --HOLE-- [fill = 0]
                  00004b58    000000d8     drivers_cc26x2.a : SPICC26X2DMA.c.obj (.text.SPICC26X2DMA_control)
                  00004c30    000000d0                      : PowerCC26X2.c.obj (.text.configureXOSCHF)
                  00004d00    000000c8     init_task.o (.text.Init_Main)
                  00004dc8    000000c4     driverlib.lib : setup.o (.text.TrimAfterColdResetWakeupFromShutDown)
                  00004e8c    000000c0     ti_sysbios_config.o (.text.ti_sysbios_knl_Clock_walkQueueDynamic)
                  00004f4c    000000c0     ti_sysbios_config.o (.text.ti_sysbios_knl_Swi_restoreHwi)
                  0000500c    000000c0     ti_sysbios_config.o (.text.ti_sysbios_runtime_System_formatNum)
                  000050cc    000000be     gui.o (.text.GUI_Init)
                  0000518a    000000bc     ti_sysbios_config.o (.text.ti_sysbios_knl_Task_postInit)
                  00005246    000000b8     ti_sysbios_config.o (.text.ti_sysbios_knl_Swi_Instance_init)
                  000052fe    000000b6     driverlib.lib : osc.o (.text.NOROM_OSC_HPOSCInitializeFrequencyOffsetParameters)
                  000053b4    000000b4                   : osc.o (.text.NOROM_OSCHF_AttemptToSwitchToXosc)
                  00005468    000000b4     drivers_cc26x2.a : PowerCC26X2.c.obj (.text.Power_releaseDependency)
                  0000551c    000000b4     socket.o (.text.socket)
                  000055d0    000000b0     drivers_cc26x2.a : PowerCC26X2.c.obj (.text.Power_setDependency)
                  00005680    000000b0     libclang_rt.builtins.a : udivmoddi4.S.obj (.text)
                  00005730    000000a8     drivers_cc26x2.a : TemperatureCC26X2.c.obj (.text.temperatureHwiFxn)
                  000057d8    000000a6     socket.o (.text.recv)
                  0000587e    000000a2     ti_sysbios_config.o (.text.ti_sysbios_knl_TaskSupport_start)
                  00005920    000000a0     drivers_cc26x2.a : I2CCC26XX.c.obj (.text.I2CCC26XX_swiFxn)
                  000059c0    0000009a     ssd1306.o (.text.SSD1306_Init)
                  00005a5a    0000009a     ti_sysbios_config.o (.text.ti_sysbios_knl_Task_schedule)
                  00005af4    00000098     ti_sysbios_config.o (.text.ti_sysbios_hal_Seconds_getTime)
                  00005b8c    00000096     EthernetUdp.o (.text.EthernetUDP_begin)
                  00005c22    00000094     Ethernet.o (.text.Ethernet_maintain)
                  00005cb6    00000002     --HOLE-- [fill = 0]
                  00005cb8    00000094     rf_multiMode_cc26x2.a : RFCC26X2_multiMode.c.cc26x2.ticlang.o (.text.RF_hposcRfCompensateFxn)
                  00005d4c    00000094     ti_sysbios_config.o (.text.ti_sysbios_heaps_HeapMem_Instance_init)
                  00005de0    00000090     ti_sysbios_config.o (.text.ti_sysbios_knl_Task_sleep)
                  00005e70    0000008e     ssd1306.o (.text.SSD1306_DrawPixel)
                  00005efe    0000008e     ti_sysbios_config.o (.text.ti_sysbios_family_arm_m3_Hwi_excHandlerMin)
                  00005f8c    0000008e     ti_sysbios_config.o (.text.ti_sysbios_knl_Swi_runLoop)
                  0000601a    00000002     --HOLE-- [fill = 0]
                  0000601c    0000008c     drivers_cc26x2.a : GPIOCC26XX.c.obj (.text.GPIO_setConfig)
                  000060a8    0000008c     ti_sysbios_config.o (.text.ti_sysbios_family_arm_m3_Hwi_construct2)
                  00006134    0000008a     EthernetClient.o (.text.EthernetClient_stop)
                  000061be    0000008a     EthernetServer.o (.text.EthernetServer_accept)
                  00006248    0000008a     EthernetServer.o (.text.EthernetServer_available)
                  000062d2    0000008a     ti_sysbios_config.o (.text.ti_sysbios_knl_Semaphore_post)
                  0000635c    00000088     rf_multiMode_cc26x2.a : RFCC26X2_multiMode.c.cc26x2.ticlang.o (.text.RF_discardPendCmd)
                  000063e4    00000088     ti_sysbios_config.o (.text.ti_sysbios_family_arm_m3_Hwi_postInit)
                  0000646c    00000086     ti_sysbios_config.o (.text.ti_sysbios_runtime_Memory_alloc)
                  000064f2    00000084     EthernetUdp.o (.text.EthernetUDP_parsePacket)
                  00006576    00000084     main.o (.text.main)
                  000065fa    00000082     EthernetClient.o (.text.EthernetClient_connected)
                  0000667c    00000082     ti_sysbios_config.o (.text.ti_sysbios_family_arm_m3_Hwi_getStackInfo)
                  000066fe    00000080     driverlib.lib : sys_ctrl.o (.text.NOROM_SysCtrlSetRechargeBeforePowerDown)
                  0000677e    0000007e     ti_drivers_config.o (.text.Board_sendExtFlashByte)
                  000067fc    0000007e     ssd1306.o (.text.SSD1306_UpdatePosition)
                  0000687a    0000007c     ti_sysbios_config.o (.text.SwiP_construct)
                  000068f6    0000007c     ti_sysbios_config.o (.text.ti_sysbios_family_arm_cc26xx_Timer_periodicStub)
                  00006972    0000007c     ti_sysbios_config.o (.text.ti_sysbios_knl_Swi_schedule)
                  000069ee    0000007a     ti_sysbios_config.o (.text.ti_sysbios_family_arm_m3_Hwi_dispatchC)
                  00006a68    0000007a     ti_sysbios_config.o (.text.ti_sysbios_knl_Idle_init)
                  00006ae2    00000078     driverlib.lib : osc.o (.text.NOROM_OSCHF_SwitchToRcOscTurnOffXosc)
                  00006b5a    00000078                   : osc.o (.text.NOROM_OSC_CapArrayAdjustWorkaround_Boot)
                  00006bd2    00000002     --HOLE-- [fill = 0]
                  00006bd4    00000078     drivers_cc26x2.a : SPICC26X2DMA.c.obj (.text.SPICC26X2DMA_close)
                  00006c4c    00000078     ti_sysbios_config.o (.text.ti_sysbios_family_arm_m3_Hwi_disableInterrupt)
                  00006cc4    00000078     ti_sysbios_config.o (.text.ti_sysbios_knl_Swi_run)
                  00006d3c    00000078     ti_sysbios_config.o (.text.ti_sysbios_knl_Task_blockI)
                  00006db4    00000078     ti_sysbios_config.o (.text.ti_sysbios_knl_Task_startup)
                  00006e2c    00000074     drivers_cc26x2.a : PowerCC26X2_calibrateRCOSC_helpers.c.obj (.text.PowerCC26X2_updateSubSecInc)
                  00006ea0    00000074                      : TemperatureCC26X2.c.obj (.text.Temperature_init)
                  00006f14    00000074     ti_sysbios_config.o (.text.ti_sysbios_heaps_HeapMem_getStats)
                  00006f88    00000072     ti_sysbios_config.o (.text.ti_sysbios_family_arm_cc26xx_Timer_setThreshold)
                  00006ffa    00000070     EthernetServer.o (.text.EthernetServer_begin)
                  0000706a    00000006     drivers_cc26x2.a : I2CCC26XX.c.obj (.text.I2CSupport_powerRelConstraint)
                  00007070    00000070     ArduinoCompatibility.o (.text.millis)
                  000070e0    00000070     ti_sysbios_config.o (.text.ti_sysbios_family_arm_m3_Hwi_enableInterrupt)
                  00007150    0000006e     ti_sysbios_config.o (.text.BIOS_init)
                  000071be    0000006e     ti_drivers_config.o (.text.Board_shutDownExtFlash)
                  0000722c    0000006e     libclang_rt.builtins.a : comparedf2.c.obj (.text.__gedf2)
                  0000729a    00000002     --HOLE-- [fill = 0]
                  0000729c    0000006e                            : comparedf2.c.obj (.text.__ledf2)
                  0000730a    0000006e     ti_sysbios_config.o (.text.ti_sysbios_knl_Clock_init)
                  00007378    0000006c     Dhcp.o (.text.DHCP_printByte)
                  000073e4    0000006c     EthernetUdp.o (.text.EthernetUDP_read_buf)
                  00007450    0000006c     w5500.o (.text.W5500_read_buf)
                  000074bc    0000006a     drivers_cc26x2.a : I2CCC26XX.c.obj (.text.I2CSupport_primeTransfer)
                  00007526    0000006a     w5500.o (.text.W5500_write_buf)
                  00007590    0000006a     libc.a : copy_decompress_lzss.c.obj (.text:decompress:lzss)
                  000075fa    00000068     w5500.o (.text.W5500_send_data_processing_offset)
                  00007662    00000066     EthernetClient.o (.text.EthernetClient_readBytesUntil)
                  000076c8    00000066     ti_sysbios_config.o (.text.ti_sysbios_family_arm_cc26xx_Timer_start)
                  0000772e    00000066     ti_sysbios_config.o (.text.ti_sysbios_family_arm_m3_Hwi_Instance_finalize)
                  00007794    00000064     drivers_cc26x2.a : PowerCC26X2_calibrateRCOSC.c.obj (.text.PowerCC26X2_initiateCalibration)
                  000077f8    00000064     SPIfg.o (.text.SPI_transf)
                  0000785c    00000064     ssd1306.o (.text.SSD1306_DrawString)
                  000078c0    00000064     drivers_cc26x2.a : UDMACC26XX.c.obj (.text.UDMACC26XX_open)
                  00007924    00000064                      : PowerCC26X2.c.obj (.text.oscillatorISR)
                  00007988    00000062     socket.o (.text.bufferData)
                  000079ea    00000002     --HOLE-- [fill = 0]
                  000079ec    00000062     libclang_rt.builtins.a : aeabi_dcmp.S.obj (.text)
                  00007a4e    00000060     drivers_cc26x2.a : SPICC26X2DMA.c.obj (.text.csnCallback)
                  00007aae    00000060     ti_sysbios_config.o (.text.ti_sysbios_knl_ClockSupport_init)
                  00007b0e    0000005e     socket.o (.text.startUDP)
                  00007b6c    0000005e     ti_sysbios_config.o (.text.ti_sysbios_knl_Swi_post)
                  00007bca    0000005e     ti_sysbios_config.o (.text.ti_sysbios_runtime_Error_raiseX)
                  00007c28    0000005c     ti_sysbios_config.o (.text.ClockP_construct)
                  00007c84    0000005c     libclang_rt.builtins.a : divmoddi4.c.obj (.text.__divmoddi4)
                  00007ce0    0000005c     ti_sysbios_config.o (.text.ti_sysbios_heaps_HeapMem_alloc)
                  00007d3c    0000005c     ti_sysbios_config.o (.text.ti_sysbios_knl_Task_init)
                  00007d98    00000058     ti_sysbios_config.o (.text.AONRTCEventClear)
                  00007df0    00000058     ti_sysbios_config.o (.text.HwiP_construct)
                  00007e48    00000058     w5500.o (.text.W5500_recv_data_processing)
                  00007ea0    00000058     ti_sysbios_config.o (.text.ti_sysbios_family_arm_m3_Hwi_construct)
                  00007ef8    00000058     sysbios.a : Hwi_asm_switch_gnu.obj (.text.ti_sysbios_family_arm_m3_Hwi_initStacks)
                  00007f50    00000058     ti_sysbios_config.o (.text.ti_sysbios_heaps_HeapMem_construct)
                  00007fa8    00000058     ti_sysbios_config.o (.text.ti_sysbios_knl_Swi_init)
                  00008000    00000056     ti_sysbios_config.o (.text.AONRTCCompareValueSet)
                  00008056    00000056     ti_sysbios_config.o (.text.getTime)
                  000080ac    00000056     ti_sysbios_config.o (.text.ti_sysbios_family_arm_cc26xx_Timer_getCurrentTick)
                  00008102    00000056     ti_sysbios_config.o (.text.ti_sysbios_knl_Clock_Instance_init)
                  00008158    00000056     ti_sysbios_config.o (.text.ti_sysbios_runtime_SystemSupport_flush)
                  000081ae    00000056     ti_sysbios_config.o (.text.ti_sysbios_runtime_System_atexit)
                  00008204    00000056     ti_sysbios_config.o (.text.ti_sysbios_runtime_System_putchar)
                  0000825a    00000054     ti_sysbios_config.o (.text.AONRTCChannelEnable)
                  000082ae    00000054     ti_sysbios_config.o (.text.BIOS_startFunc)
                  00008302    00000002     --HOLE-- [fill = 0]
                  00008304    00000054     libsysbm.a : hostwrite.c.obj (.text.HOSTwrite)
                  00008358    00000054     drivers_cc26x2.a : I2CCC26XX.c.obj (.text.I2CCC26XX_initHw)
                  000083ac    00000052     driverlib.lib : chipinfo.o (.text.NOROM_ChipInfo_GetHwRevision)
                  000083fe    00000052     ti_sysbios_config.o (.text.usleep)
                  00008450    00000050     rf_multiMode_cc26x2.a : RFCC26X2_multiMode.c.cc26x2.ticlang.o (.text.RF_enableHPOSCTemperatureCompensation)
                  000084a0    00000050     ti_sysbios_config.o (.text.ti_sysbios_family_arm_cc26xx_Timer_setNextTick)
                  000084f0    0000004e     w5500.o (.text.W5500_getRXReceivedSize)
                  0000853e    0000004e     w5500.o (.text.W5500_getTXFreeSize)
                  0000858c    0000004e     ti_sysbios_config.o (.text.ti_sysbios_knl_Swi_restore)
                  000085da    0000004c     driverlib.lib : osc.o (.text.NOROM_OSC_HPOSCRelativeFrequencyOffsetGet)
                  00008626    00000002     --HOLE-- [fill = 0]
                  00008628    0000004c     drivers_cc26x2.a : SPICC26X2DMA.c.obj (.text.initHw)
                  00008674    0000004c     SPIfg.o (.text.initSS)
                  000086c0    0000004c     drivers_cc26x2.a : PowerCC26X2.c.obj (.text.switchXOSCHF)
                  0000870c    0000004c     ti_sysbios_config.o (.text.ti_sysbios_knl_Task_create)
                  00008758    0000004c     ti_sysbios_config.o (.text.ti_sysbios_runtime_SystemSupport_putch)
                  000087a4    0000004c     ti_sysbios_config.o (.text.ti_sysbios_runtime_System_processAtExit)
                  000087f0    0000004a     SPIfg.o (.text.SPI_begin)
                  0000883a    0000004a     ti_sysbios_config.o (.text.ti_sysbios_knl_Task_construct)
                  00008884    0000004a     ti_sysbios_config.o (.text.ti_sysbios_runtime_Error_print)
                  000088ce    00000048     EthernetClient.o (.text.EthernetClient_timedRead)
                  00008916    00000002     --HOLE-- [fill = 0]
                  00008918    00000048     driverlib.lib : aux_sysif.o (.text.NOROM_AUXSYSIFOpModeChange)
                  00008960    00000048     ssd1306.o (.text.SSD1306_SendCommand)
                  000089a8    00000048     drivers_cc26x2.a : TemperatureCC26X2.c.obj (.text.Temperature_registerNotifyRange)
                  000089f0    00000048     w5500.o (.text.W5500_init)
                  00008a38    00000048     ti_sysbios_config.o (.text.ti_sysbios_family_arm_m3_Hwi_init)
                  00008a80    00000048     libclang_rt.builtins.a : fixdfsi.S.obj (.text)
                  00008ac8    00000046     ti_sysbios_config.o (.text.ti_sysbios_knl_Semaphore_Instance_init)
                  00008b0e    00000046     ti_sysbios_config.o (.text.ti_sysbios_knl_Swi_construct)
                  00008b54    00000046     ti_sysbios_config.o (.text.ti_sysbios_knl_Task_processVitalTaskFlag)
                  00008b9a    00000046     ti_sysbios_config.o (.text.ti_sysbios_knl_Task_unblockI)
                  00008be0    00000046     ti_sysbios_config.o (.text.ti_sysbios_runtime_SysMin_output)
                  00008c26    00000044     ti_sysbios_config.o (.text.BIOS_rtsLock)
                  00008c6a    00000002     --HOLE-- [fill = 0]
                  00008c6c    00000044     drivers_cc26x2.a : GPIOCC26X2.c.obj (.text.GPIO_hwiIntFxn)
                  00008cb0    00000044     gui.o (.text.GUI_ChangeDeviceIp)
                  00008cf4    00000044     gui.o (.text.GUI_ChangeTargetIp)
                  00008d38    00000044     driverlib.lib : prcm.o (.text.NOROM_PRCMPowerDomainsAllOff)
                  00008d7c    00000044                   : prcm.o (.text.NOROM_PRCMPowerDomainsAllOn)
                  00008dc0    00000044     rf_multiMode_cc26x2.a : RFCC26X2_multiMode.c.cc26x2.ticlang.o (.text.RF_cmdGet)
                  00008e04    00000044     drivers_cc26x2.a : SPI.c.obj (.text.SPI_init)
                  00008e48    00000044     ti_sysbios_config.o (.text._pthread_cleanupFxn)
                  00008e8c    00000044     drivers_cc26x2.a : TemperatureCC26X2.c.obj (.text.degreesToCode)
                  00008ed0    00000044                      : TemperatureCC26X2.c.obj (.text.setNextThresholds)
                  00008f14    00000044     ti_sysbios_config.o (.text.ti_sysbios_knl_Task_restore)
                  00008f58    00000044     libclang_rt.builtins.a : fixunsdfsi.S.obj (.text)
                  00008f9c    00000042     EthernetClient.o (.text.EthernetClient_write)
                  00008fde    00000042     EthernetUdp.o (.text.EthernetUDP_read)
                  00009020    00000042     ssd1306.o (.text.SSD1306_UpdateScreen)
                  00009062    00000040     Ethernet.o (.text.Ethernet_begin_mac_ip_dns_gateway_subnet)
                  000090a2    00000002     --HOLE-- [fill = 0]
                  000090a4    00000040     drivers_cc26x2.a : PowerCC26X2_calibrateRCOSC.c.obj (.text.PowerCC26X2_RCOSC_clockFunc)
                  000090e4    00000040                      : PowerCC26X2_calibrateRCOSC_helpers.c.obj (.text.PowerCC26X2_setAclkRefSrc)
                  00009124    00000040     rf_multiMode_cc26x2.a : RFCC26X2_multiMode.c.cc26x2.ticlang.o (.text.RF_updateHpOscOverride)
                  00009164    00000040     drivers_cc26x2.a : SPI.c.obj (.text.SPI_open)
                  000091a4    00000040     ti_sysbios_config.o (.text.ti_sysbios_gates_GateMutex_enter)
                  000091e4    00000040     ti_sysbios_config.o (.text.ti_sysbios_knl_Semaphore_pendTimeout)
                  00009224    00000040     ti_sysbios_config.o (.text.ti_sysbios_knl_Task_exit)
                  00009264    0000003e     w5500.o (.text.W5500_read)
                  000092a2    0000003e     w5500.o (.text.W5500_write)
                  000092e0    0000003e     socket.o (.text.sendUDP)
                  0000931e    0000003e     ti_sysbios_config.o (.text.ti_sysbios_knl_Clock_getTicksUntilInterrupt)
                  0000935c    0000003c     ti_sysbios_config.o (.text.BIOS_atExitFunc)
                  00009398    0000003c     drivers_cc26x2.a : GPIO.c.obj (.text.GPIO_resetConfig)
                  000093d4    0000003c     driverlib.lib : sys_ctrl.o (.text.NOROM_SysCtrlIdle)
                  00009410    0000003c     drivers_cc26x2.a : PowerCC26X2_calibrateRCOSC_helpers.c.obj (.text.PowerCC26X2_setTdcClkSrc24M)
                  0000944c    0000003c     ti_sysbios_config.o (.text.ti_sysbios_family_arm_m3_Hwi_setPriority)
                  00009488    0000003c     ti_sysbios_config.o (.text.ti_sysbios_knl_Task_restoreHwi)
                  000094c4    0000003c     drivers_cc26x2.a : TemperatureCC26X2.c.obj (.text.updateThresholds)
                  00009500    0000003c     Printfg.o (.text.write_string)
                  0000953c    0000003a     Ethernet.o (.text.Ethernet_begin_mac_ip_dns_gateway)
                  00009576    0000003a     ssd1306.o (.text.sendData)
                  000095b0    0000003a     ti_sysbios_config.o (.text.ti_sysbios_family_arm_m3_Hwi_clearInterrupt)
                  000095ea    00000038     ti_drivers_config.o (.text.Board_wakeUpExtFlash)
                  00009622    00000038     EthernetUdp.o (.text.EthernetUDP_stop)
                  0000965a    00000002     --HOLE-- [fill = 0]
                  0000965c    00000038     drivers_cc26x2.a : PowerCC26X2_helpers.c.obj (.text.PowerCC26X2_oscDisableQualifiers)
                  00009694    00000038                      : UDMACC26XX.c.obj (.text.UDMACC26XX_close)
                  000096cc    00000038     w5500.o (.text.W5500_readSnRX_RD)
                  00009704    00000038     w5500.o (.text.W5500_readSnRX_RSR)
                  0000973c    00000038     w5500.o (.text.W5500_readSnTX_FSR)
                  00009774    00000038     w5500.o (.text.W5500_readSnTX_WR)
                  000097ac    00000038     socket.o (.text.listen)
                  000097e4    00000038     ti_sysbios_config.o (.text.ti_sysbios_runtime_Startup_exec)
                  0000981c    00000038     libc.a : autoinit.c.obj (.text:__TI_auto_init_nobinit_nopinit)
                  00009854    00000038     libclang_rt.builtins.a : extendsfdf2.S.obj (.text)
                  0000988c    00000036     ti_sysbios_config.o (.text.BIOS_rtsUnlock)
                  000098c2    00000036     ti_sysbios_config.o (.text.SemaphoreP_pend)
                  000098f8    00000036     ti_sysbios_config.o (.text.ti_sysbios_knl_Swi_construct2)
                  0000992e    00000002     --HOLE-- [fill = 0]
                  00009930    00000034     drivers_cc26x2.a : PowerCC26X2.c.obj (.text.Power_releaseConstraint)
                  00009964    00000034     rf_multiMode_cc26x2.a : RFCC26X2_multiMode.c.cc26x2.ticlang.o (.text.RF_runDirectImmediateCmd)
                  00009998    00000034     w5500.o (.text.W5500_read_data)
                  000099cc    00000034     w5500.o (.text.W5500_writeSn_buf)
                  00009a00    00000034     libsysbm.a : trgmsg.c.obj (.text.__TI_writemsg)
                  00009a34    00000034     ti_sysbios_config.o (.text.ti_sysbios_family_arm_cc26xx_Timer_getMaxTicks)
                  00009a68    00000034     ti_sysbios_config.o (.text.ti_sysbios_knl_Queue_put)
                  00009a9c    00000034     ti_sysbios_config.o (.text.ti_sysbios_runtime_System_vprintf)
                  00009ad0    00000034     sysbios.a : boot_cortex_m.obj (.text:_c_int00)
                  00009b04    00000032     ti_drivers_config.o (.text.Board_init)
                  00009b36    00000032     EthernetUdp.o (.text.EthernetUDP_write)
                  00009b68    00000032     ti_sysbios_config.o (.text.ti_sysbios_knl_Semaphore_create)
                  00009b9a    00000030     EthernetClient.o (.text.EthernetClient_read)
                  00009bca    00000002     --HOLE-- [fill = 0]
                  00009bcc    00000030     drivers_cc26x2.a : GPIOCC26XX.c.obj (.text.GPIO_setInterruptConfig)
                  00009bfc    00000030                      : PowerCC26X2.c.obj (.text.Power_setConstraint)
                  00009c2c    00000030     w5500.o (.text.W5500_writeSn)
                  00009c5c    00000030     libsysbm.a : trgmsg.c.obj (.text.__TI_readmsg)
                  00009c8c    00000030     drivers_cc26x2.a : PowerCC26X2.c.obj (.text.notify)
                  00009cbc    00000030     ti_sysbios_config.o (.text.ti_sysbios_family_arm_m3_Hwi_plug)
                  00009cec    00000030     ti_sysbios_config.o (.text.ti_sysbios_heaps_HeapMem_free)
                  00009d1c    00000030     ti_sysbios_config.o (.text.ti_sysbios_knl_Clock_construct)
                  00009d4c    00000030     ti_sysbios_config.o (.text.ti_sysbios_knl_Idle_run)
                  00009d7c    0000002e     EthernetClient.o (.text.EthernetClient_status)
                  00009daa    0000002e     EthernetUdp.o (.text.EthernetUDP_beginPacket_ip)
                  00009dd8    0000002e     driverlib.lib : chipinfo.o (.text.NOROM_ThisLibraryIsFor_CC13x2_CC26x2_HwRev20AndLater_HaltIfViolated)
                  00009e06    0000002e     ti_sysbios_config.o (.text._pthread_delete)
                  00009e34    0000002e     ti_sysbios_config.o (.text.ti_sysbios_family_arm_m3_Hwi_initStack)
                  00009e62    0000002e     ti_sysbios_config.o (.text.ti_sysbios_gates_GateMutex_Instance_init)
                  00009e90    0000002e     libclang_rt.builtins.a : floatsidf.S.obj (.text)
                  00009ebe    0000002c     ti_sysbios_config.o (.text.BIOS_registerRTSLock)
                  00009eea    0000002c     ti_sysbios_config.o (.text.BIOS_removeRTSLock)
                  00009f16    00000002     --HOLE-- [fill = 0]
                  00009f18    0000002c     rf_multiMode_cc26x2.a : RFCC26X2_multiMode.c.cc26x2.ticlang.o (.text.RF_executeDirectImmediateCmd)
                  00009f44    0000002c     ti_sysbios_config.o (.text.SemaphoreP_createBinary)
                  00009f70    0000002c     drivers_cc26x2.a : TemperatureCC26X2.c.obj (.text.Temperature_unregisterNotify)
                  00009f9c    0000002c     w5500.o (.text.W5500_execCmdSn)
                  00009fc8    0000002c     w5500.o (.text.W5500_writeSnDPORT)
                  00009ff4    0000002c     w5500.o (.text.W5500_writeSnPORT)
                  0000a020    0000002c     w5500.o (.text.W5500_writeSnRX_RD)
                  0000a04c    0000002c     w5500.o (.text.W5500_writeSnTX_WR)
                  0000a078    0000002c     ti_sysbios_config.o (.text.ti_sysbios_knl_Semaphore_construct)
                  0000a0a4    0000002c     ti_sysbios_config.o (.text.ti_sysbios_runtime_Memory_free)
                  0000a0d0    0000002a     IPAddress.o (.text.IPAddress_Init_str)
                  0000a0fa    0000002a     driverlib.lib : osc.o (.text.NOROM_OSCHF_TurnOnXosc)
                  0000a124    0000002a     drivers_cc26x2.a : SPICC26X2DMA.c.obj (.text.SPICC26X2DMA_swiFxn)
                  0000a14e    0000002a     ti_sysbios_config.o (.text.SemaphoreP_constructBinary)
                  0000a178    0000002a     ti_sysbios_config.o (.text.ti_sysbios_knl_Clock_initI)
                  0000a1a2    0000002a     ti_sysbios_config.o (.text.ti_sysbios_knl_Task_enter)
                  0000a1cc    00000028     EthernetClient.o (.text.EthernetClient_available)
                  0000a1f4    00000028     drivers_cc26x2.a : I2C.c.obj (.text.I2C_cancel)
                  0000a21c    00000028                      : List.c.obj (.text.List_remove)
                  0000a244    00000028     rf_multiMode_cc26x2.a : RFCC26X2_multiMode.c.cc26x2.ticlang.o (.text.RF_cmdStoreEvents)
                  0000a26c    00000028     w5500.o (.text.W5500_readSn)
                  0000a294    00000028     sysbios.a : Hwi_asm_gnu.obj (.text.ti_sysbios_family_arm_m3_Hwi_excHandlerAsm)
                  0000a2bc    00000028     ti_sysbios_config.o (.text.ti_sysbios_gates_GateMutex_construct)
                  0000a2e4    00000028     ti_sysbios_config.o (.text.ti_sysbios_knl_Queue_enqueue)
                  0000a30c    00000028     ti_sysbios_config.o (.text.ti_sysbios_knl_Swi_or)
                  0000a334    00000028     sysbios.a : TaskSupport_asm_gnu.obj (.text.ti_sysbios_knl_TaskSupport_swap)
                  0000a35c    00000028     ti_sysbios_config.o (.text.ti_sysbios_knl_Task_sleepTimeout)
                  0000a384    00000028     ti_sysbios_config.o (.text.ti_sysbios_runtime_System_init)
                  0000a3ac    00000028     ti_sysbios_config.o (.text.ti_sysbios_runtime_System_printf)
                  0000a3d4    00000026     drivers_cc26x2.a : SPICC26X2DMA.c.obj (.text.flushFifos)
                  0000a3fa    00000026     ti_sysbios_config.o (.text.ti_sysbios_family_arm_m3_Hwi_getHandle)
                  0000a420    00000026     ti_sysbios_config.o (.text.ti_sysbios_knl_Swi_destruct)
                  0000a446    00000026     ti_sysbios_config.o (.text.ti_sysbios_knl_Task_allBlockedFunction)
                  0000a46c    00000026     ti_sysbios_config.o (.text.ti_sysbios_knl_Task_delete)
                  0000a492    00000026     ti_sysbios_config.o (.text.ti_sysbios_knl_Task_destruct)
                  0000a4b8    00000024     Ethernet.o (.text.Ethernet_begin_mac_ip_dns)
                  0000a4dc    00000024     drivers_cc26x2.a : List.c.obj (.text.List_put)
                  0000a500    00000024                      : PowerCC26X2_helpers.c.obj (.text.PowerCC26X2_setSubSecIncToXoscLf)
                  0000a524    00000024                      : PowerCC26X2_calibrateRCOSC_helpers.c.obj (.text.PowerCC26X2_writeCtrim)
                  0000a548    00000024                      : PowerCC26X2_calibrateRCOSC_helpers.c.obj (.text.PowerCC26X2_writeCtrimFract)
                  0000a56c    00000024                      : PowerCC26X2_calibrateRCOSC_helpers.c.obj (.text.PowerCC26X2_writeCtrimFractEn)
                  0000a590    00000024                      : PowerCC26X2_calibrateRCOSC_helpers.c.obj (.text.PowerCC26X2_writeRtrim)
                  0000a5b4    00000024                      : PowerCC26X2.c.obj (.text.Power_registerNotify)
                  0000a5d8    00000024     ssd1306.o (.text.SSD1306_SetPosition)
                  0000a5fc    00000024     drivers_cc26x2.a : SPICC26X2DMA.c.obj (.text.releaseConstraint)
                  0000a620    00000024     ti_sysbios_config.o (.text.ti_sysbios_family_arm_cc26xx_Timer_Params_init)
                  0000a644    00000024     ti_sysbios_config.o (.text.ti_sysbios_knl_Task_Params_init)
                  0000a668    00000022     ti_sysbios_config.o (.text.BIOS_setThreadType)
                  0000a68a    00000022     w5500.o (.text.W5500_send_data_processing)
                  0000a6ac    00000022     libc.a : memcmp.c.obj (.text.memcmp)
                  0000a6ce    00000022     ti_sysbios_config.o (.text.ti_sysbios_gates_GateMutex_leave)
                  0000a6f0    00000022     ti_sysbios_config.o (.text.ti_sysbios_heaps_HeapMem_restore)
                  0000a712    00000022     ti_sysbios_config.o (.text.ti_sysbios_knl_Clock_getTicks)
                  0000a734    00000022     ti_sysbios_config.o (.text.ti_sysbios_knl_Clock_scheduleNextTick)
                  0000a756    00000022     ti_sysbios_config.o (.text.ti_sysbios_knl_Queue_dequeue)
                  0000a778    00000022     ti_sysbios_config.o (.text.ti_sysbios_knl_Semaphore_destruct)
                  0000a79a    00000020     Dhcp.o (.text.DHCP_reset_DHCP_lease)
                  0000a7ba    00000020     Ethernet.o (.text.Ethernet_begin_mac_ip)
                  0000a7da    00000002     --HOLE-- [fill = 0]
                  0000a7dc    00000020     rf_multiMode_cc26x2.a : rfc.c.cc26x2.ticlang.o (.text.NOROM_RFCDoorbellSendTo)
                  0000a7fc    00000020                           : rfc.c.cc26x2.ticlang.o (.text.NOROM_RFCOverrideSearch)
                  0000a81c    00000020     drivers_cc26x2.a : PowerCC26X2_helpers.c.obj (.text.PowerCC26X2_disableTCXOQual)
                  0000a83c    00000020                      : PowerCC26X2_helpers.c.obj (.text.PowerCC26X2_enableTCXOQual)
                  0000a85c    00000020     ti_sysbios_config.o (.text.PowerCC26XX_schedulerDisable)
                  0000a87c    00000020     ti_sysbios_config.o (.text.PowerCC26XX_schedulerRestore)
                  0000a89c    00000020     drivers_cc26x2.a : PowerCC26X2.c.obj (.text.Power_unregisterNotify)
                  0000a8bc    00000020     rf_multiMode_cc26x2.a : RFCC26X2_multiMode.c.cc26x2.ticlang.o (.text.RF_invokeGlobalCallback)
                  0000a8dc    00000020     socket.o (.text.close)
                  0000a8fc    00000020     ti_sysbios_config.o (.text.ti_sysbios_family_arm_cc26xx_Timer_postInit)
                  0000a91c    00000020     ti_sysbios_config.o (.text.ti_sysbios_family_arm_m3_Hwi_excHandler)
                  0000a93c    00000020     ti_sysbios_config.o (.text.ti_sysbios_knl_ClockSupport_getCurrentTick)
                  0000a95c    00000020     libclang_rt.builtins.a : floatunsidf.S.obj (.text)
                  0000a97c    0000001e     ti_sysbios_config.o (.text.SwiP_Params_init)
                  0000a99a    0000001e     w5500.o (.text.W5500_writeSnCR)
                  0000a9b8    0000001e     w5500.o (.text.W5500_writeSnIR)
                  0000a9d6    0000001e     w5500.o (.text.W5500_writeSnMR)
                  0000a9f4    0000001e     sysbios.a : Hwi_asm_switch_gnu.obj (.text.ti_sysbios_family_arm_m3_Hwi_switchAndRunFunc)
                  0000aa12    0000001e     ti_sysbios_config.o (.text.ti_sysbios_family_arm_m3_Hwi_switchFromBootStack)
                  0000aa30    0000001e     ti_sysbios_config.o (.text.ti_sysbios_knl_Task_unblock)
                  0000aa4e    0000001c     EthernetClient.o (.text.EthernetClient_begin)
                  0000aa6a    0000001c     EthernetClient.o (.text.EthernetClient_print)
                  0000aa86    0000001c     EthernetUdp.o (.text.EthernetUDP_flush)
                  0000aaa2    00000002     --HOLE-- [fill = 0]
                  0000aaa4    0000001c     drivers_cc26x2.a : GPIO.c.obj (.text.GPIO_setCallback)
                  0000aac0    0000001c                      : GPIOCC26XX.c.obj (.text.GPIO_setMux)
                  0000aadc    0000001c     ti_sysbios_config.o (.text.HwiP_Params_init)
                  0000aaf8    0000001c     drivers_cc26x2.a : PowerCC26X2.c.obj (.text.Power_getTransitionLatency)
                  0000ab14    0000001c     w5500.o (.text.W5500_writeSnDIPR)
                  0000ab30    0000001c     drivers_cc26x2.a : TemperatureCC26X2.c.obj (.text.setTempLowerLimit)
                  0000ab4c    0000001c                      : TemperatureCC26X2.c.obj (.text.setTempUpperLimit)
                  0000ab68    0000001c     ti_sysbios_config.o (.text.ti_sysbios_family_arm_cc26xx_Timer_dynamicStub)
                  0000ab84    0000001c     ti_sysbios_config.o (.text.ti_sysbios_family_arm_m3_Hwi_Params_init)
                  0000aba0    0000001c     ti_sysbios_config.o (.text.ti_sysbios_knl_Clock_enqueueI)
                  0000abbc    0000001c     ti_sysbios_config.o (.text.ti_sysbios_knl_Clock_start)
                  0000abd8    0000001c     ti_sysbios_config.o (.text.ti_sysbios_knl_Queue_remove)
                  0000abf4    0000001c     ti_sysbios_config.o (.text.ti_sysbios_knl_Swi_Params_init)
                  0000ac10    0000001c     ti_sysbios_config.o (.text.ti_sysbios_knl_Swi_disable)
                  0000ac2c    0000001c     ti_sysbios_config.o (.text.ti_sysbios_knl_Task_disable)
                  0000ac48    0000001a     ti_sysbios_config.o (.text.BIOS_exitFunc)
                  0000ac62    0000001a     ti_sysbios_config.o (.text.BIOS_getCpuFreq)
                  0000ac7c    0000001a     dashboard_task.o (.text.Dashboard_SendHtml)
                  0000ac96    0000001a     drivers_cc26x2.a : I2CCC26XX.c.obj (.text.I2CCC26XX_completeTransfer)
                  0000acb0    0000001a     ti_sysbios_config.o (.text.ti_sysbios_knl_Semaphore_Instance_finalize)
                  0000acca    00000018     ti_sysbios_config.o (.text.BIOS_exit)
                  0000ace2    00000018     Dhcp.o (.text.DHCP_getDnsServerIp)
                  0000acfa    00000018     Dhcp.o (.text.DHCP_getGatewayIp)
                  0000ad12    00000018     Dhcp.o (.text.DHCP_getLocalIp)
                  0000ad2a    00000018     Dhcp.o (.text.DHCP_getSubnetMask)
                  0000ad42    00000002     --HOLE-- [fill = 0]
                  0000ad44    00000018     drivers_cc26x2.a : GPIOCC26XX.c.obj (.text.GPIO_disableInt)
                  0000ad5c    00000018                      : PowerCC26X2.c.obj (.text.PowerCC26XX_calibrate)
                  0000ad74    00000018                      : PowerCC26X2.c.obj (.text.Power_idleFunc)
                  0000ad8c    00000018     Printfg.o (.text.print)
                  0000ada4    00000018     ti_sysbios_config.o (.text.ti_sysbios_family_arm_cc26xx_Timer_getCount64)
                  0000adbc    00000018     ti_sysbios_config.o (.text.ti_sysbios_knl_ClockSupport_setNextTick)
                  0000add4    00000018     sysbios.a : TaskSupport_asm_gnu.obj (.text.ti_sysbios_knl_TaskSupport_glue)
                  0000adec    00000016     ti_sysbios_config.o (.text.ClockP_Params_init)
                  0000ae02    00000016     w5500.o (.text.W5500_readSIPR)
                  0000ae18    00000016     w5500.o (.text.W5500_readSnCR)
                  0000ae2e    00000016     w5500.o (.text.W5500_readSnIR)
                  0000ae44    00000016     w5500.o (.text.W5500_readSnSR)
                  0000ae5a    00000016     w5500.o (.text.W5500_writeGAR)
                  0000ae70    00000016     w5500.o (.text.W5500_writeSHAR)
                  0000ae86    00000016     w5500.o (.text.W5500_writeSIPR)
                  0000ae9c    00000016     w5500.o (.text.W5500_writeSUBR)
                  0000aeb2    00000016     ArduinoCompatibility.o (.text.delay)
                  0000aec8    00000016     socket.o (.text.disconnect)
                  0000aede    00000016     ti_sysbios_config.o (.text.ti_sysbios_family_arm_m3_Hwi_enable)
                  0000aef4    00000016     ti_sysbios_config.o (.text.ti_sysbios_knl_Intrinsics_maxbit)
                  0000af0a    00000016     ti_sysbios_config.o (.text.ti_sysbios_knl_Queue_construct)
                  0000af20    00000016     ti_sysbios_config.o (.text.ti_sysbios_knl_Queue_empty)
                  0000af36    00000016     ti_sysbios_config.o (.text.ti_sysbios_runtime_SystemSupport_init)
                  0000af4c    00000016     ti_sysbios_config.o (.text.ti_sysbios_runtime_System_exit)
                  0000af62    00000002     --HOLE-- [fill = 0]
                  0000af64    00000014     drivers_cc26x2.a : GPIOCC26XX.c.obj (.text.GPIO_read)
                  0000af78    00000014                      : GPIO.c.obj (.text.GPIO_setUserArg)
                  0000af8c    00000014                      : I2CCC26XX.c.obj (.text.I2CCC26XX_postNotify)
                  0000afa0    00000014                      : SPICC26X2DMA.c.obj (.text.OUTLINED_FUNCTION_0)
                  0000afb4    00000014     ti_sysbios_config.o (.text.SwiP_or)
                  0000afc8    00000014     drivers_cc26x2.a : TemperatureCC26X2.c.obj (.text.Temperature_getTemperature)
                  0000afdc    00000014     libc.a : args_main.c.obj (.text._args_main)
                  0000aff0    00000014     ti_sysbios_config.o (.text.ti_sysbios_family_arm_cc26xx_TimestampProvider_init)
                  0000b004    00000014     ti_sysbios_config.o (.text.ti_sysbios_family_arm_m3_Hwi_disable)
                  0000b018    00000014     ti_sysbios_config.o (.text.ti_sysbios_knl_Swi_Instance_finalize)
                  0000b02c    00000014     ti_sysbios_config.o (.text.ti_sysbios_runtime_System_printf_va)
                  0000b040    00000014     libclang_rt.builtins.a : aeabi_ldivmod.S.obj (.text)
                  0000b054    00000014                            : aeabi_memset.S.obj (.text)
                  0000b068    00000014                            : aeabi_uldivmod.S.obj (.text)
                  0000b07c    00000012     EthernetUdp.o (.text.EthernetUDP_endPacket)
                  0000b08e    00000012     drivers_cc26x2.a : I2C.c.obj (.text.I2C_transfer)
                  0000b0a0    00000012     ti_sysbios_config.o (.text.ti_sysbios_family_arm_m3_Hwi_destruct)
                  0000b0b2    00000012     ti_sysbios_config.o (.text.ti_sysbios_family_arm_m3_Hwi_doSwiRestore)
                  0000b0c4    00000012     ti_sysbios_config.o (.text.ti_sysbios_family_arm_m3_Hwi_doTaskRestore)
                  0000b0d6    00000012     ti_sysbios_config.o (.text.ti_sysbios_heaps_HeapMem_Params_init)
                  0000b0e8    00000012     ti_sysbios_config.o (.text.ti_sysbios_heaps_HeapMem_init)
                  0000b0fa    00000012     ti_sysbios_config.o (.text.ti_sysbios_knl_Clock_Params_init)
                  0000b10c    00000012     ti_sysbios_config.o (.text.ti_sysbios_knl_Clock_tick)
                  0000b11e    00000012     ti_sysbios_config.o (.text.ti_sysbios_knl_Queue_Instance_init)
                  0000b130    00000012     ti_sysbios_config.o (.text.ti_sysbios_knl_Semaphore_Params_init)
                  0000b142    00000012     libc.a : memcpy_t2.S.obj (.text:TI_memcpy_small)
                  0000b154    00000010     ti_sysbios_config.o (.text.BIOS_start)
                  0000b164    00000010     ti_sysbios_config.o (.text.ClockP_getCpuFreq)
                  0000b174    00000010     ti_sysbios_config.o (.text.ClockP_start)
                  0000b184    00000010     ti_sysbios_config.o (.text.ClockP_stop)
                  0000b194    00000010     Ethernet.o (.text.Ethernet_localIP)
                  0000b1a4    00000010     drivers_cc26x2.a : GPIO.c.obj (.text.GPIO_getUserArg)
                  0000b1b4    00000010                      : GPIOCC26XX.c.obj (.text.GPIO_write)
                  0000b1c4    00000010     ti_sysbios_config.o (.text.HwiP_clearInterrupt)
                  0000b1d4    00000010     ti_sysbios_config.o (.text.HwiP_destruct)
                  0000b1e4    00000010     ti_sysbios_config.o (.text.HwiP_disable)
                  0000b1f4    00000010     ti_sysbios_config.o (.text.HwiP_disableInterrupt)
                  0000b204    00000010     ti_sysbios_config.o (.text.HwiP_enableInterrupt)
                  0000b214    00000010     ti_sysbios_config.o (.text.HwiP_restore)
                  0000b224    00000010     drivers_cc26x2.a : PowerCC26X2_helpers.c.obj (.text.PowerCC26X2_oscCtlClearXtal)
                  0000b234    00000010                      : PowerCC26X2_helpers.c.obj (.text.PowerCC26X2_prcmEnableCacheRetention)
                  0000b244    00000010                      : PowerCC26X2_calibrateRCOSC_helpers.c.obj (.text.PowerCC26X2_readCtrim)
                  0000b254    00000010                      : PowerCC26X2_calibrateRCOSC_helpers.c.obj (.text.PowerCC26X2_readCtrimFract)
                  0000b264    00000010                      : PowerCC26X2_calibrateRCOSC_helpers.c.obj (.text.PowerCC26X2_readRtrim)
                  0000b274    00000010                      : PowerCC26X2_helpers.c.obj (.text.PowerCC26X2_switchToTCXO)
                  0000b284    00000010                      : PowerCC26X2.c.obj (.text.Power_getDependencyCount)
                  0000b294    00000010     ti_sysbios_config.o (.text.SemaphoreP_destruct)
                  0000b2a4    00000010     ti_sysbios_config.o (.text.SemaphoreP_post)
                  0000b2b4    00000010     ti_sysbios_config.o (.text.SwiP_destruct)
                  0000b2c4    00000010     ti_sysbios_config.o (.text.SwiP_post)
                  0000b2d4    00000010     ti_sysbios_config.o (.text.SysCtrlAonUpdate)
                  0000b2e4    00000010     w5500.o (.text.W5500_getIPAddress)
                  0000b2f4    00000010     w5500.o (.text.W5500_setGatewayIp)
                  0000b304    00000010     w5500.o (.text.W5500_setIPAddress)
                  0000b314    00000010     w5500.o (.text.W5500_setMACAddress)
                  0000b324    00000010     w5500.o (.text.W5500_setSubnetMask)
                  0000b334    00000010     ti_sysbios_config.o (.text.ti_sysbios_family_arm_cc26xx_Timer_setPeriod)
                  0000b344    00000010     ti_sysbios_config.o (.text.ti_sysbios_knl_ClockSupport_getMaxTicks)
                  0000b354    00000010     ti_sysbios_config.o (.text.ti_sysbios_knl_Clock_removeI)
                  0000b364    00000010     ti_sysbios_config.o (.text.ti_sysbios_knl_Clock_setTimeout)
                  0000b374    00000010     ti_sysbios_config.o (.text.ti_sysbios_knl_Idle_loop)
                  0000b384    00000010     ti_sysbios_config.o (.text.ti_sysbios_knl_Queue_destruct)
                  0000b394    00000010     ti_sysbios_config.o (.text.ti_sysbios_knl_Queue_elemClear)
                  0000b3a4    00000010     ti_sysbios_config.o (.text.ti_sysbios_knl_Swi_enabled)
                  0000b3b4    00000010     ti_sysbios_config.o (.text.ti_sysbios_runtime_Types_argToFloat)
                  0000b3c4    00000010     libc.a : copy_zero_init.c.obj (.text:decompress:ZI)
                  0000b3d4    0000000e     ti_sysbios_config.o (.text.BIOS_linkedWithIncorrectBootLibrary)
                  0000b3e2    0000000e     ti_sysbios_config.o (.text.IntMasterDisable)
                  0000b3f0    0000000e     ti_sysbios_config.o (.text.IntMasterEnable)
                  0000b3fe    0000000e     drivers_cc26x2.a : PowerCC26X2.c.obj (.text.OUTLINED_FUNCTION_0)
                  0000b40c    0000000e     libc.a : strcpy.c.obj (.text.strcpy)
                  0000b41a    0000000e            : strlen.c.obj (.text.strlen)
                  0000b428    0000000e     drivers_cc26x2.a : PowerCC26X2.c.obj (.text.switchToTCXO)
                  0000b436    0000000e     ti_sysbios_config.o (.text.ti_sysbios_family_arm_m3_Hwi_restore)
                  0000b444    0000000e     ti_sysbios_config.o (.text.ti_sysbios_heaps_HeapMem_isBlocking)
                  0000b452    0000000e     ti_sysbios_config.o (.text.ti_sysbios_knl_Clock_stop)
                  0000b460    0000000e     ti_sysbios_config.o (.text.ti_sysbios_runtime_SystemSupport_exit)
                  0000b46e    0000000e     libc.a : memset_t2.S.obj (.text:TI_memset_small)
                  0000b47c    0000000e            : copy_decompress_none.c.obj (.text:decompress:none)
                  0000b48a    0000000c     ti_sysbios_config.o (.text.AONRTCCurrentCompareValueGet)
                  0000b496    0000000c     ti_sysbios_config.o (.text.BIOS_getThreadType)
                  0000b4a2    0000000c     ti_sysbios_config.o (.text.ClockP_getSystemTickPeriod)
                  0000b4ae    0000000c     EthernetUdp.o (.text.EthernetUDP_available)
                  0000b4ba    0000000c     EthernetUdp.o (.text.EthernetUDP_rawIPAddress)
                  0000b4c6    0000000c     EthernetUdp.o (.text.EthernetUDP_remotePort)
                  0000b4d2    0000000c     drivers_cc26x2.a : I2C.c.obj (.text.I2C_Params_init)
                  0000b4de    0000000c     driverlib.lib : cpu.o (.text.NOROM_CPUcpsid)
                  0000b4ea    0000000c                   : cpu.o (.text.NOROM_CPUcpsie)
                  0000b4f6    0000000c     drivers_cc26x2.a : I2CCC26XX.c.obj (.text.OUTLINED_FUNCTION_0)
                  0000b502    00000002     --HOLE-- [fill = 0]
                  0000b504    0000000c                      : PowerCC26X2_helpers.c.obj (.text.PowerCC26X2_oscClockSourceGet)
                  0000b510    0000000c                      : PowerCC26X2_helpers.c.obj (.text.PowerCC26X2_setPeriphDeepSleepEnable)
                  0000b51c    0000000c                      : PowerCC26X2_helpers.c.obj (.text.PowerCC26X2_sysCtrlGetResetSource)
                  0000b528    0000000c                      : PowerCC26X2_helpers.c.obj (.text.PowerCC26X2_sysCtrlVoltageConditionalControl)
                  0000b534    0000000c                      : PowerCC26X2.c.obj (.text.Power_getConstraintMask)
                  0000b540    0000000c                      : SPI.c.obj (.text.SPI_Params_init)
                  0000b54c    0000000c     libc.a : _lock.c.obj (.text._register_lock)
                  0000b558    0000000c            : _lock.c.obj (.text._register_unlock)
                  0000b564    0000000c     SPIfg.o (.text.resetSS)
                  0000b570    0000000c     SPIfg.o (.text.setSS)
                  0000b57c    0000000c     drivers_cc26x2.a : SPICC26X2DMA.c.obj (.text.spiPostNotify)
                  0000b588    0000000c     ti_sysbios_config.o (.text.ti_sysbios_knl_Queue_head)
                  0000b594    0000000c     ti_sysbios_config.o (.text.ti_sysbios_knl_Queue_next)
                  0000b5a0    0000000c     ti_sysbios_config.o (.text.ti_sysbios_knl_Queue_prev)
                  0000b5ac    0000000c     ti_sysbios_config.o (.text.ti_sysbios_knl_Swi_postInit)
                  0000b5b8    0000000c     ti_sysbios_config.o (.text.ti_sysbios_knl_Swi_self)
                  0000b5c4    0000000c     ti_sysbios_config.o (.text.ti_sysbios_knl_Task_self)
                  0000b5d0    0000000a     drivers_cc26x2.a : I2CCC26XX.c.obj (.text.I2CMasterControl)
                  0000b5da    0000000a                      : SPICC26X2DMA.c.obj (.text.OUTLINED_FUNCTION_2)
                  0000b5e4    0000000a     rf_multiMode_cc26x2.a : RFCC26X2_multiMode.c.cc26x2.ticlang.o (.text.OUTLINED_FUNCTION_5)
                  0000b5ee    0000000a     drivers_cc26x2.a : PowerCC26X2_helpers.c.obj (.text.PowerCC26X2_sysCtrlStandby)
                  0000b5f8    0000000a                      : SPICC26X2DMA.c.obj (.text.SPICC26X2DMA_init)
                  0000b602    0000000a                      : UDMACC26XX.c.obj (.text.UDMACC26XX_hwiIntFxn)
                  0000b60c    0000000a     ti_sysbios_config.o (.text.ti_sysbios_gates_GateMutex_handle)
                  0000b616    0000000a     ti_sysbios_config.o (.text.ti_sysbios_knl_Clock_handle)
                  0000b620    0000000a     ti_sysbios_config.o (.text.ti_sysbios_knl_Queue_struct)
                  0000b62a    0000000a     ti_sysbios_config.o (.text.ti_sysbios_knl_Semaphore_handle)
                  0000b634    0000000a     ti_sysbios_config.o (.text.ti_sysbios_knl_Swi_startup)
                  0000b63e    0000000a     ti_sysbios_config.o (.text.ti_sysbios_runtime_Error_check)
                  0000b648    0000000a     ti_sysbios_config.o (.text.ti_sysbios_runtime_Types_iargToPtr)
                  0000b652    0000000a     ti_sysbios_config.o (.text.ti_sysbios_runtime_Types_uargToPtr)
                  0000b65c    00000008     ti_sysbios_config.o (.text.Boot_trimDevice)
                  0000b664    00000008     Dhcp.o (.text.DHCP_presend_DHCP)
                  0000b66c    00000008     drivers_cc26x2.a : I2CCC26XX.c.obj (.text.I2CCC26XX_blockingCallback)
                  0000b674    00000008                      : I2CCC26XX.c.obj (.text.I2CSupport_masterFinish)
                  0000b67c    00000008     driverlib.lib : cpu.o (.text.NOROM_CPUdelay)
                  0000b684    00000008     drivers_cc26x2.a : SPICC26X2DMA.c.obj (.text.OUTLINED_FUNCTION_1)
                  0000b68c    00000008                      : PowerCC26X2_helpers.c.obj (.text.PowerCC26X2_oschfTrySwitchToXosc)
                  0000b694    00000008     ti_sysbios_config.o (.text.ResetISR)
                  0000b69c    00000008     libc.a : aeabi_portable.c.obj (.text.__aeabi_errno_addr)
                  0000b6a4    00000008     ti_sysbios_config.o (.text._system_post_cinit)
                  0000b6ac    00000008     ti_sysbios_config.o (.text._system_pre_init)
                  0000b6b4    00000008     drivers_cc26x2.a : SPICC26X2DMA.c.obj (.text.blockingTransferCallback)
                  0000b6bc    00000008     ti_sysbios_config.o (.text.ti_sysbios_family_arm_m3_Hwi_startup)
                  0000b6c4    00000008     ti_sysbios_config.o (.text.ti_sysbios_runtime_Startup_reset)
                  0000b6cc    00000008     ti_sysbios_config.o (.text.ti_sysbios_runtime_System_exitSpin)
                  0000b6d4    00000006     drivers_cc26x2.a : I2CCC26XX.c.obj (.text.I2CSupport_powerSetConstraint)
                  0000b6da    00000006                      : SPI.c.obj (.text.SPI_transfer)
                  0000b6e0    00000006     ArduinoCompatibility.o (.text.random)
                  0000b6e6    00000004     ti_sysbios_config.o (.text.PRCMSleep)
                  0000b6ea    00000004     drivers_cc26x2.a : PowerCC26X2_helpers.c.obj (.text.PowerCC26X2_oschfSwitchToRcosc)
                  0000b6ee    00000004                      : PowerCC26X2_helpers.c.obj (.text.PowerCC26X2_sysCtrlIdle)
                  0000b6f2    00000004                      : PowerCC26X2_helpers.c.obj (.text.PowerCC26X2_turnOnXosc)
                  0000b6f6    00000004                      : PowerCC26X2.c.obj (.text.configureRFCoreClocks)
                  0000b6fa    00000004                      : PowerCC26X2.c.obj (.text.nopResourceHandler)
                  0000b6fe    00000004     ti_sysbios_config.o (.text.ti_sysbios_gates_GateMutex_canBlock)
                  0000b702    00000004     ti_sysbios_config.o (.text.ti_sysbios_knl_TaskSupport_getStackAlignment)
                  0000b706    00000004     ti_sysbios_config.o (.text.ti_sysbios_runtime_Memory_getMaxDefaultTypeAlign)
                  0000b70a    00000004     ti_sysbios_config.o (.text.ti_sysbios_runtime_SystemSupport_ready)
                  0000b70e    00000002     --HOLE-- [fill = 0]
                  0000b710    00000004     libclang_rt.builtins.a : aeabi_memcpy.S.obj (.text)

.rodata    0    0000b718    00001098     
                  0000b718    000005ef     ti_sysbios_config.o (.rodata.str1.1)
                  0000bd07    00000243     log.o (.rodata.str1.1)
                  0000bf4a    000001e0     ssd1306.o (.rodata.FONTS)
                  0000c12a    00000094     ti_sysbios_config.o (.rodata.ti_sysbios_family_arm_m3_Hwi_excHandlerMin.err)
                  0000c1be    0000008d     ti_sysbios_config.o (.rodata.ti_sysbios_heaps_HeapMem_alloc.err)
                  0000c24b    00000089     ti_sysbios_config.o (.rodata.ti_sysbios_family_arm_m3_Hwi_Instance_init.err.1)
                  0000c2d4    00000089     ti_sysbios_config.o (.rodata.ti_sysbios_family_arm_m3_Hwi_excHandlerMin.err.2)
                  0000c35d    00000089     ti_sysbios_config.o (.rodata.ti_sysbios_runtime_Memory_alloc.err)
                  0000c3e6    00000086     ti_sysbios_config.o (.rodata.ti_sysbios_family_arm_m3_Hwi_Instance_init.err)
                  0000c46c    00000004     ti_sysbios_config.o (.rodata.ti_sysbios_family_arm_m3_Hwi_swiTaskKeyAddress)
                  0000c470    00000070     driverlib.lib : osc.o (.rodata..L__const.NOROM_OSC_HPOSC_Debug_InitFreqOffsetParams.hposcParm)
                  0000c4e0    0000006b     gui.o (.rodata.str1.1)
                  0000c54b    00000001     ti_drivers_config.o (.rodata.GPIO_pinLowerBound)
                  0000c54c    00000054     drivers_cc26x2.a : PowerCC26X2.c.obj (.rodata.resourceDB)
                  0000c5a0    00000040     ti_drivers_config.o (.rodata.spiCC26X2DMAHWAttrs)
                  0000c5e0    00000024     ti_sysbios_config.o (.rodata.ti_sysbios_knl_Task_Params_default)
                  0000c604    00000020     drivers_cc26x2.a : SPI.c.obj (.rodata.SPI_defaultParams)
                  0000c624    00000020     ssd1306.o (.rodata.SSD1306_InitSequence)
                  0000c644    0000001c     ti_sysbios_config.o (.rodata.ti_sysbios_family_arm_cc26xx_Timer_Params_default)
                  0000c660    00000018     drivers_cc26x2.a : SPICC26X2DMA.c.obj (.rodata.SPICC26X2DMA_fxnTable)
                  0000c678    00000018                      : SPICC26X2DMA.c.obj (.rodata.cst8)
                  0000c690    00000018                      : SPICC26X2DMA.c.obj (.rodata.frameFormat)
                  0000c6a8    00000018     ti_drivers_config.o (.rodata.i2cCC26xxHWAttrs)
                  0000c6c0    00000018     ti_sysbios_config.o (.rodata.ti_sysbios_family_arm_m3_Hwi_Params_default)
                  0000c6d8    00000014     ti_drivers_config.o (.rodata.PowerCC26X2_config)
                  0000c6ec    00000014     ti_sysbios_config.o (.rodata.ti_sysbios_knl_Swi_Params_default)
                  0000c700    00000012     init_task.o (.rodata.str1.1)
                  0000c712    00000001     ti_drivers_config.o (.rodata.GPIO_pinUpperBound)
                  0000c713    00000001     ti_drivers_config.o (.rodata.I2C_count)
                  0000c714    00000010     ti_drivers_config.o (.rodata.GPIO_config)
                  0000c724    00000010     drivers_cc26x2.a : I2CCC26XX.c.obj (.rodata.cst16)
                  0000c734    0000000c     ti_drivers_config.o (.rodata.RFCC26XX_hwAttrs)
                  0000c740    0000000c     ti_drivers_config.o (.rodata.SPI_config)
                  0000c74c    0000000c     ti_sysbios_config.o (.rodata.ti_sysbios_heaps_HeapMem_Params_default)
                  0000c758    0000000c     ti_sysbios_config.o (.rodata.ti_sysbios_knl_Clock_Params_default)
                  0000c764    0000000c     ti_sysbios_config.o (.rodata.ti_sysbios_knl_Semaphore_Params_default)
                  0000c770    00000008     ti_drivers_config.o (.rodata.I2C_config)
                  0000c778    00000008     ti_drivers_config.o (.rodata.UDMACC26XX_config)
                  0000c780    00000008     driverlib.lib : aux_sysif.o (.rodata.cst4)
                  0000c788    00000008     ti_sysbios_config.o (.rodata.ti_sysbios_knl_Idle_funcList)
                  0000c790    00000008     ti_drivers_config.o (.rodata.udmaCC26XXHWAttrs)
                  0000c798    00000007     Dhcp.o (.rodata.str1.1)
                  0000c79f    00000001     ti_drivers_config.o (.rodata.SPI_count)
                  0000c7a0    00000004     ti_sysbios_config.o (.rodata.ti_sysbios_gates_GateMutex_Params_default)
                  0000c7a4    00000004     ti_sysbios_config.o (.rodata.ti_sysbios_knl_Clock_tickPeriod)
                  0000c7a8    00000004     ti_sysbios_config.o (.rodata.ti_sysbios_knl_Swi_numPriorities)
                  0000c7ac    00000001     ti_drivers_config.o (.rodata.TemperatureCC26X2_config)
                  0000c7ad    00000001     ti_sysbios_config.o (.rodata.ti_sysbios_knl_Clock_tickMode)
                  0000c7ae    00000001     ti_sysbios_config.o (.rodata.ti_sysbios_knl_Task_checkStackFlag)
                  0000c7af    00000001     ti_sysbios_config.o (.rodata.ti_sysbios_knl_Task_initStackFlag)

.bss       0    200000d8    000016ce     UNINITIALIZED
                  200000d8    00000401     ssd1306.o (.bss.SSD1306_LcdBufferInclStreamByte)
                  200004d9    00000002     ssd1306.o (.bss.SSD1306_SendCommand.buffer)
                  200004db    00000001     dashboard_task.o (.bss.Dashboard_Main.readDestination)
                  200004dc    00000004     ssd1306.o (.bss._i2c)
                  200004e0    00000400     (.common:ti_sysbios_knl_Idle_taskStack)
                  200008e0    00000400     (.common:ti_sysbios_runtime_SysMin_outbuf)
                  20000ce0    000002c0     rf_multiMode_cc26x2.a : RFCC26X2_multiMode.c.cc26x2.ticlang.o (.bss.RF_cmdPool)
                  20000fa0    00000140     (.common:i2cCC26xxObjects)
                  200010e0    00000120     libsysbm.a : trgmsg.c.obj (.bss:_CIOBUF_)
                  20001200    00000100     (.common:spiCC26X2DMAObjects)
                  20001300    000000d8     (.common:ti_sysbios_family_arm_m3_Hwi_dispatchTable)
                  200013d8    0000007c     (.common:gpioCallbackFunctions)
                  20001454    0000007c     (.common:gpioUserArgs)
                  200014d0    00000060     (.common:ti_sysbios_knl_ClockSupport_timerStruct)
                  20001530    00000058     (.common:ti_sysbios_knl_Idle_taskStruct)
                  20001588    00000030     (.common:ti_sysbios_knl_Swi_readyQs)
                  200015b8    00000030     (.common:ti_sysbios_knl_Task_readyQs)
                  200015e8    0000002c     (.common:BIOS_heapMemObject)
                  20001614    00000028     (.common:BIOS_rtsGate)
                  2000163c    00000028     (.common:ti_sysbios_heaps_HeapMem_gate)
                  20001664    00000024     (.common:dashboardTaskParams)
                  20001688    00000024     (.common:initTaskParams)
                  200016ac    00000020     (.common:Ethernet)
                  200016cc    00000020     (.common:ti_sysbios_runtime_System_atexitHandlers)
                  200016ec    00000020     (.common:udmaCC26XXObject)
                  2000170c    0000001c     drivers_cc26x2.a : TemperatureCC26X2.c.obj (.bss.batmonHwi)
                  20001728    0000001c                      : GPIOCC26X2.c.obj (.bss.gpioHwi)
                  20001744    00000014     (.common:ti_sysbios_hal_Seconds_Module_state)
                  20001758    00000010     ssd1306.o (.bss._i2cParams)
                  20001768    00000008     drivers_cc26x2.a : TemperatureCC26X2.c.obj (.bss.notificationList)
                  20001770    00000008     (.common:parmbuf)
                  20001778    00000004     driverlib.lib : osc.o (.bss.oscHfGlobals.0)
                  2000177c    00000004                   : osc.o (.bss.oscHfGlobals.2)
                  20001780    00000004                   : osc.o (.bss.oscHfGlobals.3)
                  20001784    00000004                   : osc.o (.bss.oscHfGlobals.4)
                  20001788    00000004     (.common:Init_SemaphoreHandle)
                  2000178c    00000004     (.common:PowerCC26XX_swiKey)
                  20001790    00000004     (.common:PowerCC26XX_taskKey)
                  20001794    00000004     (.common:spi)
                  20001798    00000004     (.common:ti_sysbios_family_arm_cc26xx_TimestampProvider_Module_state)
                  2000179c    00000004     (.common:ti_sysbios_knl_Task_defaultStackHeap)
                  200017a0    00000002     socket.o (.bss.local_port)
                  200017a2    00000002     (.common:_counter)
                  200017a4    00000002     (.common:ethernetServer)

.data      0    20005a50    000004e5     UNINITIALIZED
                  20005a50    00000174     drivers_cc26x2.a : PowerCC26X2.c.obj (.data.PowerCC26X2_module)
                  20005bc4    0000007c     ti_drivers_config.o (.data.gpioPinConfigs)
                  20005c40    00000068     rf_multiMode_cc26x2.a : RFCC26X2_multiMode.c.cc26x2.ticlang.o (.data..L_MergedGlobals.1)
                  20005ca8    00000068     ti_sysbios_config.o (.data.ti_sysbios_knl_Clock_Module_state)
                  20005d10    00000064     rf_multiMode_cc26x2.a : RFCC26X2_multiMode.c.cc26x2.ticlang.o (.data..L_MergedGlobals.3)
                  20005d74    00000058                           : RFCC26X2_multiMode.c.cc26x2.ticlang.o (.data..L_MergedGlobals.2)
                  20005dcc    0000003c     ti_sysbios_config.o (.data.ti_sysbios_family_arm_m3_Hwi_Module_state)
                  20005e08    0000003c     ti_sysbios_config.o (.data.ti_sysbios_knl_Task_Module_state)
                  20005e44    0000002c     ti_sysbios_config.o (.data.BIOS_Module_state)
                  20005e70    00000028     ti_sysbios_config.o (.data.ti_sysbios_knl_Swi_Module_state)
                  20005e98    00000010     Ethernet.o (.data.Ethernet_server_port)
                  20005ea8    00000010     driverlib.lib : osc.o (.data._hposcCoeffs)
                  20005eb8    00000010     ti_sysbios_config.o (.data.ti_sysbios_runtime_SysMin_Module_state)
                  20005ec8    0000000c     ti_sysbios_config.o (.data.ti_sysbios_family_arm_cc26xx_Timer_Module_state)
                  20005ed4    0000000c     ti_sysbios_config.o (.data.ti_sysbios_runtime_Error_ignore)
                  20005ee0    0000000c     ti_sysbios_config.o (.data.ti_sysbios_runtime_System_Module_state)
                  20005eec    00000008     rf_multiMode_cc26x2.a : RFCC26X2_multiMode.c.cc26x2.ticlang.o (.data..L_MergedGlobals)
                  20005ef4    00000008     ti_sysbios_config.o (.data.prefixStrings)
                  20005efc    00000008     ti_sysbios_config.o (.data.ti_sysbios_gates_GateMutex_Module_state)
                  20005f04    00000008     ti_sysbios_config.o (.data.ti_sysbios_heaps_HeapMem_Module_state)
                  20005f0c    00000008     ti_sysbios_config.o (.data.ti_sysbios_knl_Semaphore_Module_state)
                  20005f14    00000004     drivers_cc26x2.a : TemperatureCC26X2.c.obj (.data..L_MergedGlobals)
                  20005f18    00000004     EthernetClient.o (.data.EthernetClientPrintMethods)
                  20005f1c    00000004     libc.a : aeabi_portable.c.obj (.data.__aeabi_errno)
                  20005f20    00000004            : _lock.c.obj (.data._lock)
                  20005f24    00000004            : _lock.c.obj (.data._unlock)
                  20005f28    00000004     ti_sysbios_config.o (.data.terminatedList)
                  20005f2c    00000004     ti_sysbios_config.o (.data.ti_sysbios_runtime_Memory_defaultHeapInstance)
                  20005f30    00000001     drivers_cc26x2.a : GPIOCC26X2.c.obj (.data.initCalled)
                  20005f31    00000001                      : SPI.c.obj (.data.isInitialized)
                  20005f32    00000001                      : TemperatureCC26X2.c.obj (.data.isInitialized)
                  20005f33    00000001     ti_sysbios_config.o (.data.ti_sysbios_knl_Idle_initDone)
                  20005f34    00000001     ti_sysbios_config.o (.data.ti_sysbios_runtime_Startup_done)

.stack     0    20011a00    00000600     UNINITIALIZED
                  20011a00    00000004     sysbios.a : boot_cortex_m.obj (.stack)
                  20011a04    000005fc     --HOLE--

.priheap   0    20001a50    00004000     UNINITIALIZED
                  20001a50    00004000     --HOLE--

.log_data 
*          0    90000000    00000000     COPY SECTION

.resetVecs 
*          0    00000000    0000003c     
                  00000000    0000003c     ti_sysbios_config.o (.resetVecs)

.vecs      0    20000000    000000d8     NOLOAD SECTION
                  20000000    000000d8     ti_sysbios_config.o (.vecs)

__llvm_prf_cnts 
*          0    20000000    00000000     UNINITIALIZED

__llvm_prf_bits 
*          0    20000000    00000000     UNINITIALIZED

.TI.bound:dmaSpi0RxControlTableEntry 
*          0    20001830    00000010     UNINITIALIZED
                  20001830    00000010     ti_drivers_config.o (.TI.bound:dmaSpi0RxControlTableEntry)

.TI.bound:dmaSpi0TxControlTableEntry 
*          0    20001840    00000010     UNINITIALIZED
                  20001840    00000010     ti_drivers_config.o (.TI.bound:dmaSpi0TxControlTableEntry)

.TI.bound:dmaSpi0RxAltControlTableEntry 
*          0    20001a30    00000010     UNINITIALIZED
                  20001a30    00000010     ti_drivers_config.o (.TI.bound:dmaSpi0RxAltControlTableEntry)

.TI.bound:dmaSpi0TxAltControlTableEntry 
*          0    20001a40    00000010     UNINITIALIZED
                  20001a40    00000010     ti_drivers_config.o (.TI.bound:dmaSpi0TxAltControlTableEntry)

.args      0    0000c7b0    00000008     
                  0000c7b0    00000008     --HOLE-- [fill = 0]

MODULE SUMMARY

       Module                                     code    ro data   rw data
       ------                                     ----    -------   -------
    .\
       dashboard_task.o                           280     0         3      
       init_task.o                                200     18        0      
       main.o                                     132     0         76     
    +--+------------------------------------------+-------+---------+---------+
       Total:                                     612     18        79     
                                                                           
    .\source\driverlib\ssd1306\
       ssd1306.o                                  1430    512       1049   
    +--+------------------------------------------+-------+---------+---------+
       Total:                                     1430    512       1049   
                                                                           
    .\source\driverlib\w5500\
       w5500.o                                    1802    0         0      
    +--+------------------------------------------+-------+---------+---------+
       Total:                                     1802    0         0      
                                                                           
    .\source\ethernet\
       Dhcp.o                                     2600    7         0      
       socket.o                                   942     0         2      
       EthernetClient.o                           698     0         4      
       EthernetUdp.o                              690     0         0      
       Ethernet.o                                 354     0         48     
       EthernetServer.o                           388     0         0      
       IPAddress.o                                352     0         0      
       SPIfg.o                                    274     0         4      
       ArduinoCompatibility.o                     140     0         0      
       Printfg.o                                  84      0         0      
    +--+------------------------------------------+-------+---------+---------+
       Total:                                     6522    7         58     
                                                                           
    .\source\log\
       log.o                                      734     579       0      
    +--+------------------------------------------+-------+---------+---------+
       Total:                                     734     579       0      
                                                                           
    .\source\oled_gui\
       gui.o                                      326     107       0      
    +--+------------------------------------------+-------+---------+---------+
       Total:                                     326     107       0      
                                                                           
    .\syscfg\
       ti_sysbios_config.o                        17892   2584      3354   
       ti_drivers_config.o                        344     177       1044   
       ti_devices_config.o                        0       88        0      
    +--+------------------------------------------+-------+---------+---------+
       Total:                                     18236   2849      4398   
                                                                           
    C:/ti/simplelink_cc13xx_cc26xx_sdk_6_30_01_03/kernel/tirtos7/packages/ti/sysbios/lib/ticlang/m4f/sysbios.a
       Hwi_asm_gnu.obj                            324     0         0      
       Hwi_asm_switch_gnu.obj                     118     0         0      
       TaskSupport_asm_gnu.obj                    64      0         0      
       boot_cortex_m.obj                          52      0         0      
    +--+------------------------------------------+-------+---------+---------+
       Total:                                     558     0         0      
                                                                           
    C:/ti/simplelink_cc13xx_cc26xx_sdk_6_30_01_03/source/ti/devices/cc13x2_cc26x2/driverlib/bin/ticlang/driverlib.lib
       osc.o                                      2542    112       32     
       sys_ctrl.o                                 432     0         0      
       setup.o                                    424     0         0      
       prcm.o                                     136     0         0      
       chipinfo.o                                 128     0         0      
       aux_sysif.o                                72      8         0      
[...]
0000acfb  DHCP_getGatewayIp                                                  
0000ad13  DHCP_getLocalIp                                                    
0000ad2b  DHCP_getSubnetMask                                                 
0000ad45  GPIO_disableInt                                                    
0000ad5d  PowerCC26XX_calibrate                                              
0000ad75  Power_idleFunc                                                     
0000ad8d  print                                                              
0000ada5  ti_sysbios_family_arm_cc26xx_Timer_getCount64                      
0000adbd  ti_sysbios_knl_ClockSupport_setNextTick                            
0000add5  ti_sysbios_knl_TaskSupport_glue                                    
0000aded  ClockP_Params_init                                                 
0000ae03  W5500_readSIPR                                                     
0000ae19  W5500_readSnCR                                                     
0000ae2f  W5500_readSnIR                                                     
0000ae45  W5500_readSnSR                                                     
0000ae5b  W5500_writeGAR                                                     
0000ae71  W5500_writeSHAR                                                    
0000ae87  W5500_writeSIPR                                                    
0000ae9d  W5500_writeSUBR                                                    
0000aeb3  delay                                                              
0000aec9  disconnect                                                         
0000af0b  ti_sysbios_knl_Queue_construct                                     
0000af21  ti_sysbios_knl_Queue_empty                                         
0000af37  ti_sysbios_runtime_SystemSupport_init                              
0000af4d  ti_sysbios_runtime_System_exit                                     
0000af65  GPIO_read                                                          
0000af79  GPIO_setUserArg                                                    
0000afb5  SwiP_or                                                            
0000afc9  Temperature_getTemperature                                         
0000afdd  _args_main                                                         
0000aff1  ti_sysbios_family_arm_cc26xx_TimestampProvider_init                
0000b019  ti_sysbios_knl_Swi_Instance_finalize                               
0000b02d  ti_sysbios_runtime_System_printf_va                                
0000b041  __aeabi_ldivmod                                                    
0000b055  __aeabi_memset                                                     
0000b055  __aeabi_memset4                                                    
0000b055  __aeabi_memset8                                                    
0000b061  __aeabi_memclr                                                     
0000b061  __aeabi_memclr4                                                    
0000b061  __aeabi_memclr8                                                    
0000b069  __aeabi_uldivmod                                                   
0000b07d  EthernetUDP_endPacket                                              
0000b08f  I2C_transfer                                                       
0000b0a1  ti_sysbios_family_arm_m3_Hwi_destruct                              
0000b0b3  ti_sysbios_family_arm_m3_Hwi_doSwiRestore                          
0000b0c5  ti_sysbios_family_arm_m3_Hwi_doTaskRestore                         
0000b0d7  ti_sysbios_heaps_HeapMem_Params_init                               
0000b0e9  ti_sysbios_heaps_HeapMem_init                                      
0000b0fb  ti_sysbios_knl_Clock_Params_init                                   
0000b10d  ti_sysbios_knl_Clock_tick                                          
0000b11f  ti_sysbios_knl_Queue_Instance_init                                 
0000b131  ti_sysbios_knl_Semaphore_Params_init                               
0000b143  TI_memcpy_small                                                    
0000b155  BIOS_start                                                         
0000b165  ClockP_getCpuFreq                                                  
0000b175  ClockP_start                                                       
0000b185  ClockP_stop                                                        
0000b195  Ethernet_localIP                                                   
0000b1a5  GPIO_getUserArg                                                    
0000b1b5  GPIO_write                                                         
0000b1c5  HwiP_clearInterrupt                                                
0000b1d5  HwiP_destruct                                                      
0000b1e5  HwiP_disable                                                       
0000b1f5  HwiP_disableInterrupt                                              
0000b205  HwiP_enableInterrupt                                               
0000b215  HwiP_restore                                                       
0000b225  PowerCC26X2_oscCtlClearXtal                                        
0000b235  PowerCC26X2_prcmEnableCacheRetention                               
0000b245  PowerCC26X2_readCtrim                                              
0000b255  PowerCC26X2_readCtrimFract                                         
0000b265  PowerCC26X2_readRtrim                                              
0000b275  PowerCC26X2_switchToTCXO                                           
0000b285  Power_getDependencyCount                                           
0000b295  SemaphoreP_destruct                                                
0000b2a5  SemaphoreP_post                                                    
0000b2b5  SwiP_destruct                                                      
0000b2c5  SwiP_post                                                          
0000b2e5  W5500_getIPAddress                                                 
0000b2f5  W5500_setGatewayIp                                                 
0000b305  W5500_setIPAddress                                                 
0000b315  W5500_setMACAddress                                                
0000b325  W5500_setSubnetMask                                                
0000b335  ti_sysbios_family_arm_cc26xx_Timer_setPeriod                       
0000b345  ti_sysbios_knl_ClockSupport_getMaxTicks                            
0000b355  ti_sysbios_knl_Clock_removeI                                       
0000b365  ti_sysbios_knl_Clock_setTimeout                                    
0000b375  ti_sysbios_knl_Idle_loop                                           
0000b385  ti_sysbios_knl_Queue_destruct                                      
0000b395  ti_sysbios_knl_Queue_elemClear                                     
0000b3a5  ti_sysbios_knl_Swi_enabled                                         
0000b3c5  __TI_zero_init                                                     
0000b3d5  BIOS_linkedWithIncorrectBootLibrary                                
0000b40d  strcpy                                                             
0000b41b  strlen                                                             
0000b445  ti_sysbios_heaps_HeapMem_isBlocking                                
0000b453  ti_sysbios_knl_Clock_stop                                          
0000b461  ti_sysbios_runtime_SystemSupport_exit                              
0000b46f  TI_memset_small                                                    
0000b47d  __TI_decompress_none                                               
0000b497  BIOS_getThreadType                                                 
0000b4a3  ClockP_getSystemTickPeriod                                         
0000b4af  EthernetUDP_available                                              
0000b4bb  EthernetUDP_rawIPAddress                                           
0000b4c7  EthernetUDP_remotePort                                             
0000b4d3  I2C_Params_init                                                    
0000b4df  NOROM_CPUcpsid                                                     
0000b4eb  NOROM_CPUcpsie                                                     
0000b505  PowerCC26X2_oscClockSourceGet                                      
0000b511  PowerCC26X2_setPeriphDeepSleepEnable                               
0000b51d  PowerCC26X2_sysCtrlGetResetSource                                  
0000b529  PowerCC26X2_sysCtrlVoltageConditionalControl                       
0000b535  Power_getConstraintMask                                            
0000b541  SPI_Params_init                                                    
0000b54d  _register_lock                                                     
0000b559  _register_unlock                                                   
0000b565  resetSS                                                            
0000b571  setSS                                                              
0000b589  ti_sysbios_knl_Queue_head                                          
0000b595  ti_sysbios_knl_Queue_next                                          
0000b5a1  ti_sysbios_knl_Queue_prev                                          
0000b5ad  ti_sysbios_knl_Swi_postInit                                        
0000b5b9  ti_sysbios_knl_Swi_self                                            
0000b5c5  ti_sysbios_knl_Task_self                                           
0000b5ef  PowerCC26X2_sysCtrlStandby                                         
0000b5f9  SPICC26X2DMA_init                                                  
0000b603  UDMACC26XX_hwiIntFxn                                               
0000b635  ti_sysbios_knl_Swi_startup                                         
0000b63f  ti_sysbios_runtime_Error_check                                     
0000b65d  Boot_trimDevice                                                    
0000b665  DHCP_presend_DHCP                                                  
0000b675  I2CSupport_masterFinish                                            
0000b67d  NOROM_CPUdelay                                                     
0000b68d  PowerCC26X2_oschfTrySwitchToXosc                                   
0000b695  ResetISR                                                           
0000b69d  __aeabi_errno_addr                                                 
0000b6a5  _system_post_cinit                                                 
0000b6ad  _system_pre_init                                                   
0000b6bd  ti_sysbios_family_arm_m3_Hwi_startup                               
0000b6c5  ti_sysbios_runtime_Startup_reset                                   
0000b6cd  ti_sysbios_runtime_System_exitSpin                                 
0000b6d5  I2CSupport_powerSetConstraint                                      
0000b6db  SPI_transfer                                                       
0000b6e1  random                                                             
0000b6eb  PowerCC26X2_oschfSwitchToRcosc                                     
0000b6ef  PowerCC26X2_sysCtrlIdle                                            
0000b6f3  PowerCC26X2_turnOnXosc                                             
0000b6ff  ti_sysbios_gates_GateMutex_canBlock                                
0000b703  ti_sysbios_knl_TaskSupport_getStackAlignment                       
0000b707  ti_sysbios_runtime_Memory_getMaxDefaultTypeAlign                   
0000b70b  ti_sysbios_runtime_SystemSupport_ready                             
0000b711  __aeabi_memcpy                                                     
0000b711  __aeabi_memcpy4                                                    
0000b711  __aeabi_memcpy8                                                    
0000c46c  ti_sysbios_family_arm_m3_Hwi_swiTaskKeyAddress                     
0000c54b  GPIO_pinLowerBound                                                 
0000c54c  resourceDB                                                         
0000c5a0  spiCC26X2DMAHWAttrs                                                
0000c604  SPI_defaultParams                                                  
0000c624  SSD1306_InitSequence                                               
0000c660  SPICC26X2DMA_fxnTable                                              
0000c6a8  i2cCC26xxHWAttrs                                                   
0000c6d8  PowerCC26X2_config                                                 
0000c712  GPIO_pinUpperBound                                                 
0000c713  I2C_count                                                          
0000c714  GPIO_config                                                        
0000c734  RFCC26XX_hwAttrs                                                   
0000c740  SPI_config                                                         
0000c770  I2C_config                                                         
0000c778  UDMACC26XX_config                                                  
0000c788  ti_sysbios_knl_Idle_funcList                                       
0000c790  udmaCC26XXHWAttrs                                                  
0000c79f  SPI_count                                                          
0000c7a4  ti_sysbios_knl_Clock_tickPeriod                                    
0000c7a8  ti_sysbios_knl_Swi_numPriorities                                   
0000c7ac  TemperatureCC26X2_config                                           
0000c7ad  ti_sysbios_knl_Clock_tickMode                                      
0000c7ae  ti_sysbios_knl_Task_checkStackFlag                                 
0000c7af  ti_sysbios_knl_Task_initStackFlag                                  
0000c7b0  __c_args__                                                         
0000c87c  __TI_Handler_Table_Base                                            
0000c888  __TI_Handler_Table_Limit                                           
0000c8b0  __TI_CINIT_Base                                                    
0000c8e0  __TI_CINIT_Limit                                                   
0000c8e0  __TI_CINIT_Warm                                                    
0004ffa8  __ccfg                                                             
20000000  __start___llvm_prf_bits                                            
20000000  __start___llvm_prf_cnts                                            
20000000  __stop___llvm_prf_bits                                             
20000000  __stop___llvm_prf_cnts                                             
20000000  ti_sysbios_family_arm_m3_Hwi_ramVectors                            
200004e0  ti_sysbios_knl_Idle_taskStack                                      
200008e0  ti_sysbios_runtime_SysMin_outbuf                                   
20000fa0  i2cCC26xxObjects                                                   
200010e0  _CIOBUF_                                                           
200010e0  __CIOBUF_                                                          
20001200  spiCC26X2DMAObjects                                                
20001300  ti_sysbios_family_arm_m3_Hwi_dispatchTable                         
200013d8  gpioCallbackFunctions                                              
20001454  gpioUserArgs                                                       
200014d0  ti_sysbios_knl_ClockSupport_timerStruct                            
20001530  ti_sysbios_knl_Idle_taskStruct                                     
20001588  ti_sysbios_knl_Swi_readyQs                                         
200015b8  ti_sysbios_knl_Task_readyQs                                        
200015e8  BIOS_heapMemObject                                                 
20001614  BIOS_rtsGate                                                       
2000163c  ti_sysbios_heaps_HeapMem_gate                                      
20001664  dashboardTaskParams                                                
20001688  initTaskParams                                                     
200016ac  Ethernet                                                           
200016cc  ti_sysbios_runtime_System_atexitHandlers                           
200016ec  udmaCC26XXObject                                                   
20001744  ti_sysbios_hal_Seconds_Module_state                                
20001770  parmbuf                                                            
20001788  Init_SemaphoreHandle                                               
2000178c  PowerCC26XX_swiKey                                                 
20001790  PowerCC26XX_taskKey                                                
20001794  spi                                                                
20001798  ti_sysbios_family_arm_cc26xx_TimestampProvider_Module_state        
2000179c  ti_sysbios_knl_Task_defaultStackHeap                               
200017a2  _counter                                                           
200017a4  ethernetServer                                                     
20001a50  __primary_heap_start__                                             
20005a50  PowerCC26X2_module                                                 
20005a50  __primary_heap_end__                                               
20005bc4  gpioPinConfigs                                                     
20005ca8  ti_sysbios_knl_Clock_Module_state                                  
20005dcc  ti_sysbios_family_arm_m3_Hwi_Module_state                          
20005e08  ti_sysbios_knl_Task_Module_state                                   
20005e44  BIOS_Module_state                                                  
20005e70  ti_sysbios_knl_Swi_Module_state                                    
20005e98  Ethernet_server_port                                               
20005ea8  _hposcCoeffs                                                       
20005eb8  ti_sysbios_runtime_SysMin_Module_state                             
20005ec8  ti_sysbios_family_arm_cc26xx_Timer_Module_state                    
20005ed4  ti_sysbios_runtime_Error_ignore                                    
20005ee0  ti_sysbios_runtime_System_Module_state                             
20005efc  ti_sysbios_gates_GateMutex_Module_state                            
20005f04  ti_sysbios_heaps_HeapMem_Module_state                              
20005f0c  ti_sysbios_knl_Semaphore_Module_state                              
20005f18  EthernetClientPrintMethods                                         
20005f1c  __aeabi_errno                                                      
20005f20  _lock                                                              
20005f24  _unlock                                                            
20005f2c  ti_sysbios_runtime_Memory_defaultHeapInstance                      
20005f33  ti_sysbios_knl_Idle_initDone                                       
20005f34  ti_sysbios_runtime_Startup_done                                    
20011a00  __stack                                                            
20012000  __STACK_END                                                        
ffffffff  __TI_pprof_out_hndl                                                
ffffffff  __TI_prof_data_size                                                
ffffffff  __TI_prof_data_start                                               
ffffffff  __binit__                                                          
ffffffff  binit                                                              
UNDEFED   ITM_flush                                                          
UNDEFED   ITM_restore                                                        
UNDEFED   __mpu_init                                                         

[633 symbols]
