******************************************************************************
            TI ARM Clang Linker PC v2.1.2                      
******************************************************************************
>> Linked Mon Feb  5 21:23:07 2024

OUTPUT FILE NAME:   <multiSniff_LP_CC2652RB_tirtos7_ticlang2.out>
ENTRY POINT SYMBOL: "ResetISR"  address: 0000c0d1


MEMORY CONFIGURATION

         name            origin    length      used     unused   attr    fill
----------------------  --------  ---------  --------  --------  ----  --------
  FLASH                 00000000   00050000  0000d3d3  00042c2d  R  X
  STV_R                 00050000   00000020  00000000  00000020  R   
  HTML                  00051000   00003000  00000000  00003000  R   
  GPRAM                 11000000   00002000  00000000  00002000  RW X
  SRAM                  20000000   00012000  00006489  0000bb77  RW X
  MTU_BUFFER            20012000   00001500  00000000  00001500  RW  
  STV_W                 20013500   00000020  00000000  00000020   W  
  LOG_DATA              90000000   00040000  00000000  00040000  R   


SEGMENT ALLOCATION MAP

run origin  load origin   length   init length attrs members
----------  ----------- ---------- ----------- ----- -------
00000000    00000000    0000d24f   0000d24f    r-x
  00000000    00000000    0000003c   0000003c    r-- .resetVecs
  00000040    00000040    0000c110   0000c110    r-x .text
  0000c150    0000c150    000010ff   000010ff    r-- .rodata
0000d250    0000d250    00000008   00000008    rw-
  0000d250    0000d250    00000008   00000008    rw- .args
0000d258    0000d258    00000128   00000128    r--
  0000d258    0000d258    00000128   00000128    r-- .cinit
0004ffa8    0004ffa8    00000058   00000058    r--
  0004ffa8    0004ffa8    00000058   00000058    r-- .ccfg
200000d8    200000d8    000004e5   00000000    rw-
  200000d8    200000d8    000004e5   00000000    rw- .data
20001830    20001830    00000010   00000000    rw-
  20001830    20001830    00000010   00000000    rw- .TI.bound:dmaSpi0RxControlTableEntry
20001840    20001840    00000010   00000000    rw-
  20001840    20001840    00000010   00000000    rw- .TI.bound:dmaSpi0TxControlTableEntry
20001a30    20001a30    00000010   00000000    rw-
  20001a30    20001a30    00000010   00000000    rw- .TI.bound:dmaSpi0RxAltControlTableEntry
20001a40    20001a40    00000010   00000000    rw-
  20001a40    20001a40    00000010   00000000    rw- .TI.bound:dmaSpi0TxAltControlTableEntry
20001a50    20001a50    00004000   00000000    r--
  20001a50    20001a50    00004000   00000000    r-- .priheap
20005a50    20005a50    0000188c   00000000    rw-
  20005a50    20005a50    0000188c   00000000    rw- .bss
20011a00    20011a00    00000600   00000000    rw-
  20011a00    20011a00    00000600   00000000    rw- .stack


SECTION ALLOCATION MAP

 output                                  attributes/
section   page    origin      length       input sections
--------  ----  ----------  ----------   ----------------
.binit     0    00000000    00000000     

.cinit     0    0000d258    00000128     
                  0000d258    000000c2     (.cinit..data.load) [load image, compression = lzss]
                  0000d31a    00000002     --HOLE-- [fill = 0]
                  0000d31c    0000000c     (__TI_handler_table)
                  0000d328    00000008     (.cinit..TI.bound:dmaSpi0RxAltControlTableEntry.load) [load image, compression = zero_init]
                  0000d330    00000008     (.cinit..TI.bound:dmaSpi0RxControlTableEntry.load) [load image, compression = zero_init]
                  0000d338    00000008     (.cinit..TI.bound:dmaSpi0TxAltControlTableEntry.load) [load image, compression = zero_init]
                  0000d340    00000008     (.cinit..TI.bound:dmaSpi0TxControlTableEntry.load) [load image, compression = zero_init]
                  0000d348    00000008     (.cinit..bss.load) [load image, compression = zero_init]
                  0000d350    00000030     (__TI_cinit_table)

.init_array 
*          0    00000000    00000000     UNINITIALIZED

.ccfg      0    0004ffa8    00000058     
                  0004ffa8    00000058     ti_devices_config.o (.ccfg)

.data      0    200000d8    000004e5     UNINITIALIZED
                  200000d8    00000174     drivers_cc26x2.a : PowerCC26X2.c.obj (.data.PowerCC26X2_module)
                  2000024c    0000007c     ti_drivers_config.o (.data.gpioPinConfigs)
                  200002c8    00000068     rf_multiMode_cc26x2.a : RFCC26X2_multiMode.c.cc26x2.ticlang.o (.data..L_MergedGlobals.1)
                  20000330    00000068     ti_sysbios_config.o (.data.ti_sysbios_knl_Clock_Module_state)
                  20000398    00000064     rf_multiMode_cc26x2.a : RFCC26X2_multiMode.c.cc26x2.ticlang.o (.data..L_MergedGlobals.3)
                  200003fc    00000058                           : RFCC26X2_multiMode.c.cc26x2.ticlang.o (.data..L_MergedGlobals.2)
                  20000454    0000003c     ti_sysbios_config.o (.data.ti_sysbios_family_arm_m3_Hwi_Module_state)
                  20000490    0000003c     ti_sysbios_config.o (.data.ti_sysbios_knl_Task_Module_state)
                  200004cc    0000002c     ti_sysbios_config.o (.data.BIOS_Module_state)
                  200004f8    00000028     ti_sysbios_config.o (.data.ti_sysbios_knl_Swi_Module_state)
                  20000520    00000010     Ethernet.o (.data.Ethernet_server_port)
                  20000530    00000010     driverlib.lib : osc.o (.data._hposcCoeffs)
                  20000540    00000010     ti_sysbios_config.o (.data.ti_sysbios_runtime_SysMin_Module_state)
                  20000550    0000000c     ti_sysbios_config.o (.data.ti_sysbios_family_arm_cc26xx_Timer_Module_state)
                  2000055c    0000000c     ti_sysbios_config.o (.data.ti_sysbios_runtime_Error_ignore)
                  20000568    0000000c     ti_sysbios_config.o (.data.ti_sysbios_runtime_System_Module_state)
                  20000574    00000008     rf_multiMode_cc26x2.a : RFCC26X2_multiMode.c.cc26x2.ticlang.o (.data..L_MergedGlobals)
                  2000057c    00000008     ti_sysbios_config.o (.data.prefixStrings)
                  20000584    00000008     ti_sysbios_config.o (.data.ti_sysbios_gates_GateMutex_Module_state)
                  2000058c    00000008     ti_sysbios_config.o (.data.ti_sysbios_heaps_HeapMem_Module_state)
                  20000594    00000008     ti_sysbios_config.o (.data.ti_sysbios_knl_Semaphore_Module_state)
                  2000059c    00000004     drivers_cc26x2.a : TemperatureCC26X2.c.obj (.data..L_MergedGlobals)
                  200005a0    00000004     EthernetClient.o (.data.EthernetClientPrintMethods)
                  200005a4    00000004     libc.a : aeabi_portable.c.obj (.data.__aeabi_errno)
                  200005a8    00000004            : _lock.c.obj (.data._lock)
                  200005ac    00000004            : _lock.c.obj (.data._unlock)
                  200005b0    00000004     ti_sysbios_config.o (.data.terminatedList)
                  200005b4    00000004     ti_sysbios_config.o (.data.ti_sysbios_runtime_Memory_defaultHeapInstance)
                  200005b8    00000001     drivers_cc26x2.a : GPIOCC26X2.c.obj (.data.initCalled)
                  200005b9    00000001                      : SPI.c.obj (.data.isInitialized)
                  200005ba    00000001                      : TemperatureCC26X2.c.obj (.data.isInitialized)
                  200005bb    00000001     ti_sysbios_config.o (.data.ti_sysbios_knl_Idle_initDone)
                  200005bc    00000001     ti_sysbios_config.o (.data.ti_sysbios_runtime_Startup_done)

.bss       0    20005a50    0000188c     UNINITIALIZED
                  20005a50    00000401     ssd1306.o (.bss.SSD1306_LcdBufferInclStreamByte)
                  20005e51    00000002     ssd1306.o (.bss.SSD1306_SendCommand.buffer)
                  20005e53    00000001     dashboard_task.o (.bss.Dashboard_Main.readDestination)
                  20005e54    00000004     dashboard_task.o (.bss.StrTok.p)
                  20005e58    00000400     (.common:ti_sysbios_knl_Idle_taskStack)
                  20006258    00000400     (.common:ti_sysbios_runtime_SysMin_outbuf)
                  20006658    000002c0     rf_multiMode_cc26x2.a : RFCC26X2_multiMode.c.cc26x2.ticlang.o (.bss.RF_cmdPool)
                  20006918    000001ba     html.o (.bss.valueBuffer)
                  20006ad2    00000002     socket.o (.bss.local_port)
                  20006ad4    00000140     (.common:i2cCC26xxObjects)
                  20006c14    00000120     libsysbm.a : trgmsg.c.obj (.bss:_CIOBUF_)
                  20006d34    00000100     (.common:spiCC26X2DMAObjects)
                  20006e34    000000d8     (.common:ti_sysbios_family_arm_m3_Hwi_dispatchTable)
                  20006f0c    0000007c     (.common:gpioCallbackFunctions)
                  20006f88    0000007c     (.common:gpioUserArgs)
                  20007004    00000004     ssd1306.o (.bss._i2c)
                  20007008    00000060     (.common:ti_sysbios_knl_ClockSupport_timerStruct)
                  20007068    00000058     (.common:ti_sysbios_knl_Idle_taskStruct)
                  200070c0    00000030     (.common:ti_sysbios_knl_Swi_readyQs)
                  200070f0    00000030     (.common:ti_sysbios_knl_Task_readyQs)
                  20007120    0000002c     (.common:BIOS_heapMemObject)
                  2000714c    00000028     (.common:BIOS_rtsGate)
                  20007174    00000028     (.common:ti_sysbios_heaps_HeapMem_gate)
                  2000719c    00000024     (.common:dashboardTaskParams)
                  200071c0    00000024     (.common:initTaskParams)
                  200071e4    00000020     (.common:Ethernet)
                  20007204    00000020     (.common:ti_sysbios_runtime_System_atexitHandlers)
                  20007224    00000020     (.common:udmaCC26XXObject)
                  20007244    0000001c     drivers_cc26x2.a : TemperatureCC26X2.c.obj (.bss.batmonHwi)
                  20007260    0000001c                      : GPIOCC26X2.c.obj (.bss.gpioHwi)
                  2000727c    00000014     (.common:ti_sysbios_hal_Seconds_Module_state)
                  20007290    00000010     ssd1306.o (.bss._i2cParams)
                  200072a0    00000008     drivers_cc26x2.a : TemperatureCC26X2.c.obj (.bss.notificationList)
                  200072a8    00000008     (.common:parmbuf)
                  200072b0    00000004     driverlib.lib : osc.o (.bss.oscHfGlobals.0)
                  200072b4    00000004                   : osc.o (.bss.oscHfGlobals.2)
                  200072b8    00000004                   : osc.o (.bss.oscHfGlobals.3)
                  200072bc    00000004                   : osc.o (.bss.oscHfGlobals.4)
                  200072c0    00000004     (.common:Init_SemaphoreHandle)
                  200072c4    00000004     (.common:PowerCC26XX_swiKey)
                  200072c8    00000004     (.common:PowerCC26XX_taskKey)
                  200072cc    00000004     (.common:spi)
                  200072d0    00000004     (.common:ti_sysbios_family_arm_cc26xx_TimestampProvider_Module_state)
                  200072d4    00000004     (.common:ti_sysbios_knl_Task_defaultStackHeap)
                  200072d8    00000002     (.common:_counter)
                  200072da    00000002     (.common:ethernetServer)

.stack     0    20011a00    00000600     UNINITIALIZED
                  20011a00    00000004     sysbios.a : boot_cortex_m.obj (.stack)
                  20011a04    000005fc     --HOLE--

.priheap   0    20001a50    00004000     UNINITIALIZED
                  20001a50    00004000     --HOLE--

.log_data 
*          0    90000000    00000000     COPY SECTION

.resetVecs 
*          0    00000000    0000003c     
                  00000000    0000003c     ti_sysbios_config.o (.resetVecs)

.vecs      0    20000000    000000d8     NOLOAD SECTION
                  20000000    000000d8     ti_sysbios_config.o (.vecs)

.text      0    00000040    0000c110     
                  00000040    000005f0     ti_sysbios_config.o (.text.ti_sysbios_runtime_System_doPrint)
                  00000630    000005ea     driverlib.lib : osc.o (.text.findHposcCoefficients)
                  00000c1a    00000372     Dhcp.o (.text.DHCP_parseDHCPResponse)
                  00000f8c    000002de     log.o (.text.Log_print)
                  0000126a    00000002     ti_sysbios_config.o (.text.BIOS_nullFunc)
                  0000126c    000002c8     drivers_cc26x2.a : SPICC26X2DMA.c.obj (.text.SPICC26X2DMA_transfer)
                  00001534    0000025c     Dhcp.o (.text.DHCP_send_DHCP_MESSAGE)
                  00001790    00000236     Dhcp.o (.text.DHCP_request_DHCP_lease)
                  000019c6    00000002     ti_drivers_config.o (.text.Board_initHook)
                  000019c8    00000200     ti_sysbios_config.o (.text.ti_sysbios_runtime_System_printfExtend)
                  00001bc8    000001fa     ti_sysbios_config.o (.text.ti_sysbios_family_arm_m3_Hwi_excFillContext)
                  00001dc2    00000002     drivers_cc26x2.a : I2C.c.obj (.text.I2C_init)
                  00001dc4    000001b6     libclang_rt.builtins.a : adddf3.S.obj (.text)
                  00001f7a    000001ae     drivers_cc26x2.a : SPICC26X2DMA.c.obj (.text.SPICC26X2DMA_hwiFxn)
                  00002128    000001aa     ti_sysbios_config.o (.text.ti_sysbios_knl_TaskSupport_buildTaskStack)
                  000022d2    0000019c     init_task.o (.text.Init_Main)
                  0000246e    0000019a     ssd1306.o (.text.SSD1306_DrawLine)
                  00002608    00000198     ti_sysbios_config.o (.text.ti_sysbios_family_arm_cc26xx_Timer_construct)
                  000027a0    00000194     drivers_cc26x2.a : PowerCC26X2_calibrateRCOSC.c.obj (.text.PowerCC26X2_auxISR)
                  00002934    0000018e     ti_sysbios_config.o (.text.ti_sysbios_knl_Task_Instance_init)
                  00002ac2    00000002     libclang_rt.builtins.a : aeabi_div0.c.obj (.text.__aeabi_ldiv0)
                  00002ac4    00000188     drivers_cc26x2.a : SPICC26X2DMA.c.obj (.text.SPICC26X2DMA_open)
                  00002c4c    00000160                      : SPICC26X2DMA.c.obj (.text.configNextTransfer)
                  00002dac    00000158                      : PowerCC26X2.c.obj (.text.Power_sleep)
                  00002f04    0000013e     ti_sysbios_config.o (.text.PowerCC26XX_standbyPolicy)
                  00003042    0000013e     ti_sysbios_config.o (.text.ti_sysbios_heaps_HeapMem_allocUnprotected)
                  00003180    0000013c     drivers_cc26x2.a : I2CCC26XX.c.obj (.text.I2C_open)
                  000032bc    0000013c     ti_sysbios_config.o (.text.ti_sysbios_knl_Clock_workFuncDynamic)
                  000033f8    00000136     IPAddress.o (.text.IPAddress_toString)
                  0000352e    00000002     libc.a : _lock.c.obj (.text._nop)
                  00003530    00000136     libclang_rt.builtins.a : divdf3.S.obj (.text)
                  00003666    00000002     drivers_cc26x2.a : PowerCC26X2.c.obj (.text.emptyClockFunc)
                  00003668    00000134     driverlib.lib : osc.o (.text.findHposcPc)
                  0000379c    00000130     Dhcp.o (.text.DHCP_checkLease)
                  000038cc    00000126     drivers_cc26x2.a : I2C.c.obj (.text.I2C_transferTimeout)
                  000039f2    00000002     ti_sysbios_config.o (.text.ti_sysbios_family_arm_cc26xx_Timer_startup)
                  000039f4    00000124     rf_multiMode_cc26x2.a : RFCC26X2_multiMode.c.cc26x2.ticlang.o (.text.RF_abortCmd)
                  00003b18    00000122     drivers_cc26x2.a : SPICC26X2DMA.c.obj (.text.SPICC26X2DMA_transferCancel)
                  00003c3a    00000002     ti_sysbios_config.o (.text.ti_sysbios_knl_TaskSupport_init)
                  00003c3c    0000011c     sysbios.a : Hwi_asm_gnu.obj (.text.ti_sysbios_family_arm_m3_Hwi_dispatch)
                  00003d58    00000118     drivers_cc26x2.a : PowerCC26X2.c.obj (.text.Power_init)
                  00003e70    0000010e     ti_sysbios_config.o (.text.ti_sysbios_knl_Semaphore_pend)
                  00003f7e    00000002     --HOLE-- [fill = 0]
                  00003f80    0000010c     drivers_cc26x2.a : PowerCC26X2_calibrateRCOSC.c.obj (.text.PowerCC26X2_calibrate)
                  0000408c    0000010a     ssd1306.o (.text.SSD1306_DrawChar)
                  00004196    0000010a     ti_sysbios_config.o (.text.ti_sysbios_knl_Task_Instance_finalize)
                  000042a0    00000106     dashboard_task.o (.text.Dashboard_Main)
                  000043a6    00000002     --HOLE-- [fill = 0]
                  000043a8    00000104     drivers_cc26x2.a : GPIOCC26X2.c.obj (.text.GPIO_init)
                  000044ac    000000fe     ti_sysbios_config.o (.text.ti_sysbios_family_arm_m3_Hwi_Instance_init)
                  000045aa    00000002     --HOLE-- [fill = 0]
                  000045ac    000000fc     libclang_rt.builtins.a : muldf3.S.obj (.text)
                  000046a8    000000f4     driverlib.lib : sys_ctrl.o (.text.NOROM_SysCtrlStandby)
                  0000479c    000000f4     dashboard_task.o (.text.StrTok)
                  00004890    000000ee     dashboard_task.o (.text.Change)
                  0000497e    000000ee     ti_sysbios_config.o (.text.ti_sysbios_knl_Clock_startI)
                  00004a6c    000000e8     drivers_cc26x2.a : I2CCC26XX.c.obj (.text.I2CCC26XX_hwiFxn)
                  00004b54    000000e8     socket.o (.text.send)
                  00004c3c    000000e4     driverlib.lib : setup.o (.text.NOROM_SetupTrimDevice)
                  00004d20    000000e4     ti_sysbios_config.o (.text.ti_sysbios_family_arm_m3_Hwi_initNVIC)
                  00004e04    000000de     dashboard_task.o (.text.UpdateDashboardInfo)
                  00004ee2    000000da     ti_sysbios_config.o (.text.ti_sysbios_heaps_HeapMem_freeUnprotected)
                  00004fbc    000000d8     drivers_cc26x2.a : SPICC26X2DMA.c.obj (.text.SPICC26X2DMA_control)
                  00005094    000000d0                      : PowerCC26X2.c.obj (.text.configureXOSCHF)
                  00005164    000000c8     IPAddress.o (.text.IPAddress_fromString)
                  0000522c    000000c4     driverlib.lib : setup.o (.text.TrimAfterColdResetWakeupFromShutDown)
                  000052f0    000000c0     ti_sysbios_config.o (.text.ti_sysbios_knl_Clock_walkQueueDynamic)
                  000053b0    000000c0     ti_sysbios_config.o (.text.ti_sysbios_knl_Swi_restoreHwi)
                  00005470    000000c0     ti_sysbios_config.o (.text.ti_sysbios_runtime_System_formatNum)
                  00005530    000000be     gui.o (.text.GUI_Init)
                  000055ee    000000bc     ti_sysbios_config.o (.text.ti_sysbios_knl_Task_postInit)
                  000056aa    000000b8     ti_sysbios_config.o (.text.ti_sysbios_knl_Swi_Instance_init)
                  00005762    000000b6     driverlib.lib : osc.o (.text.NOROM_OSC_HPOSCInitializeFrequencyOffsetParameters)
                  00005818    000000b4                   : osc.o (.text.NOROM_OSCHF_AttemptToSwitchToXosc)
                  000058cc    000000b4     drivers_cc26x2.a : PowerCC26X2.c.obj (.text.Power_releaseDependency)
                  00005980    000000b4     socket.o (.text.socket)
                  00005a34    000000b2     html.o (.text.Html_CopyHtmlToMtuBuffer)
                  00005ae6    000000b0     dashboard_task.o (.text.HandleChanges)
                  00005b96    00000002     --HOLE-- [fill = 0]
                  00005b98    000000b0     drivers_cc26x2.a : PowerCC26X2.c.obj (.text.Power_setDependency)
                  00005c48    000000b0     libclang_rt.builtins.a : udivmoddi4.S.obj (.text)
                  00005cf8    000000a8     drivers_cc26x2.a : TemperatureCC26X2.c.obj (.text.temperatureHwiFxn)
                  00005da0    000000a6     socket.o (.text.recv)
                  00005e46    000000a2     ti_sysbios_config.o (.text.ti_sysbios_knl_TaskSupport_start)
                  00005ee8    000000a0     drivers_cc26x2.a : I2CCC26XX.c.obj (.text.I2CCC26XX_swiFxn)
                  00005f88    0000009a     Ethernet.o (.text.Ethernet_begin_mac)
                  00006022    0000009a     ssd1306.o (.text.SSD1306_Init)
                  000060bc    0000009a     ti_sysbios_config.o (.text.ti_sysbios_knl_Task_schedule)
                  00006156    00000098     ti_sysbios_config.o (.text.ti_sysbios_hal_Seconds_getTime)
                  000061ee    00000096     EthernetUdp.o (.text.EthernetUDP_begin)
                  00006284    00000094     Ethernet.o (.text.Ethernet_maintain)
                  00006318    00000094     rf_multiMode_cc26x2.a : RFCC26X2_multiMode.c.cc26x2.ticlang.o (.text.RF_hposcRfCompensateFxn)
                  000063ac    00000094     ti_sysbios_config.o (.text.ti_sysbios_heaps_HeapMem_Instance_init)
                  00006440    00000090     ti_sysbios_config.o (.text.ti_sysbios_knl_Task_sleep)
                  000064d0    0000008e     ssd1306.o (.text.SSD1306_DrawPixel)
                  0000655e    0000008e     ti_sysbios_config.o (.text.ti_sysbios_family_arm_m3_Hwi_excHandlerMin)
                  000065ec    0000008e     ti_sysbios_config.o (.text.ti_sysbios_knl_Swi_runLoop)
                  0000667a    00000002     --HOLE-- [fill = 0]
                  0000667c    0000008c     drivers_cc26x2.a : GPIOCC26XX.c.obj (.text.GPIO_setConfig)
                  00006708    0000008c     ti_sysbios_config.o (.text.ti_sysbios_family_arm_m3_Hwi_construct2)
                  00006794    0000008a     EthernetClient.o (.text.EthernetClient_stop)
                  0000681e    0000008a     EthernetServer.o (.text.EthernetServer_accept)
                  000068a8    0000008a     EthernetServer.o (.text.EthernetServer_available)
                  00006932    0000008a     ti_sysbios_config.o (.text.ti_sysbios_knl_Semaphore_post)
                  000069bc    00000088     rf_multiMode_cc26x2.a : RFCC26X2_multiMode.c.cc26x2.ticlang.o (.text.RF_discardPendCmd)
                  00006a44    00000088     ti_sysbios_config.o (.text.ti_sysbios_family_arm_m3_Hwi_postInit)
                  00006acc    00000086     ti_sysbios_config.o (.text.ti_sysbios_runtime_Memory_alloc)
                  00006b52    00000084     EthernetUdp.o (.text.EthernetUDP_parsePacket)
                  00006bd6    00000084     main.o (.text.main)
                  00006c5a    00000082     EthernetClient.o (.text.EthernetClient_connected)
                  00006cdc    00000082     ti_sysbios_config.o (.text.ti_sysbios_family_arm_m3_Hwi_getStackInfo)
                  00006d5e    00000080     driverlib.lib : sys_ctrl.o (.text.NOROM_SysCtrlSetRechargeBeforePowerDown)
                  00006dde    0000007e     ti_drivers_config.o (.text.Board_sendExtFlashByte)
                  00006e5c    0000007e     ssd1306.o (.text.SSD1306_UpdatePosition)
                  00006eda    0000007c     ti_sysbios_config.o (.text.SwiP_construct)
                  00006f56    0000007c     ti_sysbios_config.o (.text.ti_sysbios_family_arm_cc26xx_Timer_periodicStub)
                  00006fd2    0000007c     ti_sysbios_config.o (.text.ti_sysbios_knl_Swi_schedule)
                  0000704e    0000007a     ti_sysbios_config.o (.text.ti_sysbios_family_arm_m3_Hwi_dispatchC)
                  000070c8    0000007a     ti_sysbios_config.o (.text.ti_sysbios_knl_Idle_init)
                  00007142    00000078     driverlib.lib : osc.o (.text.NOROM_OSCHF_SwitchToRcOscTurnOffXosc)
                  000071ba    00000078                   : osc.o (.text.NOROM_OSC_CapArrayAdjustWorkaround_Boot)
                  00007232    00000002     --HOLE-- [fill = 0]
                  00007234    00000078     drivers_cc26x2.a : SPICC26X2DMA.c.obj (.text.SPICC26X2DMA_close)
                  000072ac    00000078     ti_sysbios_config.o (.text.ti_sysbios_family_arm_m3_Hwi_disableInterrupt)
                  00007324    00000078     ti_sysbios_config.o (.text.ti_sysbios_knl_Swi_run)
                  0000739c    00000078     ti_sysbios_config.o (.text.ti_sysbios_knl_Task_blockI)
                  00007414    00000078     ti_sysbios_config.o (.text.ti_sysbios_knl_Task_startup)
                  0000748c    00000076     gui.o (.text.GUI_ChangeProto)
                  00007502    00000002     --HOLE-- [fill = 0]
                  00007504    00000074     drivers_cc26x2.a : PowerCC26X2_calibrateRCOSC_helpers.c.obj (.text.PowerCC26X2_updateSubSecInc)
                  00007578    00000074                      : TemperatureCC26X2.c.obj (.text.Temperature_init)
                  000075ec    00000074     ti_sysbios_config.o (.text.ti_sysbios_heaps_HeapMem_getStats)
                  00007660    00000072     ti_sysbios_config.o (.text.ti_sysbios_family_arm_cc26xx_Timer_setThreshold)
                  000076d2    00000070     EthernetServer.o (.text.EthernetServer_begin)
                  00007742    00000006     drivers_cc26x2.a : I2CCC26XX.c.obj (.text.I2CSupport_powerRelConstraint)
                  00007748    00000070     ArduinoCompatibility.o (.text.millis)
                  000077b8    00000070     ti_sysbios_config.o (.text.ti_sysbios_family_arm_m3_Hwi_enableInterrupt)
                  00007828    0000006e     ti_sysbios_config.o (.text.BIOS_init)
                  00007896    0000006e     ti_drivers_config.o (.text.Board_shutDownExtFlash)
                  00007904    0000006e     libclang_rt.builtins.a : comparedf2.c.obj (.text.__gedf2)
                  00007972    00000002     --HOLE-- [fill = 0]
                  00007974    0000006e                            : comparedf2.c.obj (.text.__ledf2)
                  000079e2    0000006e     init_task.o (.text.byte2hex)
                  00007a50    0000006e     ti_sysbios_config.o (.text.ti_sysbios_knl_Clock_init)
                  00007abe    0000006c     Dhcp.o (.text.DHCP_printByte)
                  00007b2a    0000006c     EthernetUdp.o (.text.EthernetUDP_read_buf)
                  00007b96    0000006c     w5500.o (.text.W5500_read_buf)
                  00007c02    0000006a     html.o (.text.Html_strcpy)
                  00007c6c    0000006a     drivers_cc26x2.a : I2CCC26XX.c.obj (.text.I2CSupport_primeTransfer)
                  00007cd6    0000006a     w5500.o (.text.W5500_write_buf)
                  00007d40    0000006a     libc.a : copy_decompress_lzss.c.obj (.text:decompress:lzss)
                  00007daa    00000068     w5500.o (.text.W5500_send_data_processing_offset)
                  00007e12    00000066     EthernetClient.o (.text.EthernetClient_readBytesUntil)
                  00007e78    00000066     ti_sysbios_config.o (.text.ti_sysbios_family_arm_cc26xx_Timer_start)
                  00007ede    00000066     ti_sysbios_config.o (.text.ti_sysbios_family_arm_m3_Hwi_Instance_finalize)
                  00007f44    00000064     drivers_cc26x2.a : PowerCC26X2_calibrateRCOSC.c.obj (.text.PowerCC26X2_initiateCalibration)
                  00007fa8    00000064     SPIfg.o (.text.SPI_transf)
                  0000800c    00000064     ssd1306.o (.text.SSD1306_DrawString)
                  00008070    00000064     drivers_cc26x2.a : UDMACC26XX.c.obj (.text.UDMACC26XX_open)
                  000080d4    00000064                      : PowerCC26X2.c.obj (.text.oscillatorISR)
                  00008138    00000062     socket.o (.text.bufferData)
                  0000819a    00000002     --HOLE-- [fill = 0]
                  0000819c    00000062     libclang_rt.builtins.a : aeabi_dcmp.S.obj (.text)
                  000081fe    00000060     Dhcp.o (.text.DHCP_beginWithDHCP)
                  0000825e    00000060     drivers_cc26x2.a : SPICC26X2DMA.c.obj (.text.csnCallback)
                  000082be    00000060     ti_sysbios_config.o (.text.ti_sysbios_knl_ClockSupport_init)
                  0000831e    0000005e     socket.o (.text.startUDP)
                  0000837c    0000005e     ti_sysbios_config.o (.text.ti_sysbios_knl_Swi_post)
                  000083da    0000005e     ti_sysbios_config.o (.text.ti_sysbios_runtime_Error_raiseX)
                  00008438    0000005c     ti_sysbios_config.o (.text.ClockP_construct)
                  00008494    0000005c     libclang_rt.builtins.a : divmoddi4.c.obj (.text.__divmoddi4)
                  000084f0    0000005c     ti_sysbios_config.o (.text.ti_sysbios_heaps_HeapMem_alloc)
                  0000854c    0000005c     ti_sysbios_config.o (.text.ti_sysbios_knl_Task_init)
                  000085a8    0000005a     init_task.o (.text.mac2string)
                  00008602    00000058     ti_sysbios_config.o (.text.AONRTCEventClear)
                  0000865a    00000058     ti_sysbios_config.o (.text.HwiP_construct)
                  000086b2    00000058     w5500.o (.text.W5500_recv_data_processing)
                  0000870a    00000058     ti_sysbios_config.o (.text.ti_sysbios_family_arm_m3_Hwi_construct)
                  00008762    00000002     --HOLE-- [fill = 0]
                  00008764    00000058     sysbios.a : Hwi_asm_switch_gnu.obj (.text.ti_sysbios_family_arm_m3_Hwi_initStacks)
                  000087bc    00000058     ti_sysbios_config.o (.text.ti_sysbios_heaps_HeapMem_construct)
                  00008814    00000058     ti_sysbios_config.o (.text.ti_sysbios_knl_Swi_init)
                  0000886c    00000056     ti_sysbios_config.o (.text.AONRTCCompareValueSet)
                  000088c2    00000056     gui.o (.text.GUI_ChangeRx)
                  00008918    00000056     ti_sysbios_config.o (.text.getTime)
                  0000896e    00000056     ti_sysbios_config.o (.text.ti_sysbios_family_arm_cc26xx_Timer_getCurrentTick)
                  000089c4    00000056     ti_sysbios_config.o (.text.ti_sysbios_knl_Clock_Instance_init)
                  00008a1a    00000056     ti_sysbios_config.o (.text.ti_sysbios_runtime_SystemSupport_flush)
                  00008a70    00000056     ti_sysbios_config.o (.text.ti_sysbios_runtime_System_atexit)
                  00008ac6    00000056     ti_sysbios_config.o (.text.ti_sysbios_runtime_System_putchar)
                  00008b1c    00000054     ti_sysbios_config.o (.text.AONRTCChannelEnable)
                  00008b70    00000054     ti_sysbios_config.o (.text.BIOS_startFunc)
                  00008bc4    00000054     libsysbm.a : hostwrite.c.obj (.text.HOSTwrite)
                  00008c18    00000054     drivers_cc26x2.a : I2CCC26XX.c.obj (.text.I2CCC26XX_initHw)
                  00008c6c    00000052     driverlib.lib : chipinfo.o (.text.NOROM_ChipInfo_GetHwRevision)
                  00008cbe    00000052     ti_sysbios_config.o (.text.usleep)
                  00008d10    00000050     rf_multiMode_cc26x2.a : RFCC26X2_multiMode.c.cc26x2.ticlang.o (.text.RF_enableHPOSCTemperatureCompensation)
                  00008d60    00000050     ti_sysbios_config.o (.text.ti_sysbios_family_arm_cc26xx_Timer_setNextTick)
                  00008db0    0000004e     w5500.o (.text.W5500_getRXReceivedSize)
                  00008dfe    0000004e     w5500.o (.text.W5500_getTXFreeSize)
                  00008e4c    0000004e     ti_sysbios_config.o (.text.ti_sysbios_knl_Swi_restore)
                  00008e9a    0000004c     driverlib.lib : osc.o (.text.NOROM_OSC_HPOSCRelativeFrequencyOffsetGet)
                  00008ee6    00000002     --HOLE-- [fill = 0]
                  00008ee8    0000004c     drivers_cc26x2.a : SPICC26X2DMA.c.obj (.text.initHw)
                  00008f34    0000004c     SPIfg.o (.text.initSS)
                  00008f80    0000004c     drivers_cc26x2.a : PowerCC26X2.c.obj (.text.switchXOSCHF)
                  00008fcc    0000004c     ti_sysbios_config.o (.text.ti_sysbios_knl_Task_create)
                  00009018    0000004c     ti_sysbios_config.o (.text.ti_sysbios_runtime_SystemSupport_putch)
                  00009064    0000004c     ti_sysbios_config.o (.text.ti_sysbios_runtime_System_processAtExit)
                  000090b0    0000004a     SPIfg.o (.text.SPI_begin)
                  000090fa    0000004a     ti_sysbios_config.o (.text.ti_sysbios_knl_Task_construct)
                  00009144    0000004a     ti_sysbios_config.o (.text.ti_sysbios_runtime_Error_print)
                  0000918e    00000048     EthernetClient.o (.text.EthernetClient_timedRead)
                  000091d6    00000048     html.o (.text.Html_SetKeyValueInBuffer)
                  0000921e    00000002     --HOLE-- [fill = 0]
                  00009220    00000048     driverlib.lib : aux_sysif.o (.text.NOROM_AUXSYSIFOpModeChange)
                  00009268    00000048     ssd1306.o (.text.SSD1306_SendCommand)
                  000092b0    00000048     drivers_cc26x2.a : TemperatureCC26X2.c.obj (.text.Temperature_registerNotifyRange)
                  000092f8    00000048     w5500.o (.text.W5500_init)
                  00009340    00000048     ti_sysbios_config.o (.text.ti_sysbios_family_arm_m3_Hwi_init)
                  00009388    00000048     libclang_rt.builtins.a : fixdfsi.S.obj (.text)
                  000093d0    00000046     ti_sysbios_config.o (.text.ti_sysbios_knl_Semaphore_Instance_init)
                  00009416    00000046     ti_sysbios_config.o (.text.ti_sysbios_knl_Swi_construct)
                  0000945c    00000046     ti_sysbios_config.o (.text.ti_sysbios_knl_Task_processVitalTaskFlag)
                  000094a2    00000046     ti_sysbios_config.o (.text.ti_sysbios_knl_Task_unblockI)
                  000094e8    00000046     ti_sysbios_config.o (.text.ti_sysbios_runtime_SysMin_output)
                  0000952e    00000044     ti_sysbios_config.o (.text.BIOS_rtsLock)
                  00009572    00000002     --HOLE-- [fill = 0]
                  00009574    00000044     drivers_cc26x2.a : GPIOCC26X2.c.obj (.text.GPIO_hwiIntFxn)
                  000095b8    00000044     gui.o (.text.GUI_ChangeDeviceIp)
                  000095fc    00000044     gui.o (.text.GUI_ChangeTargetIp)
                  00009640    00000044     driverlib.lib : prcm.o (.text.NOROM_PRCMPowerDomainsAllOff)
                  00009684    00000044                   : prcm.o (.text.NOROM_PRCMPowerDomainsAllOn)
                  000096c8    00000044     rf_multiMode_cc26x2.a : RFCC26X2_multiMode.c.cc26x2.ticlang.o (.text.RF_cmdGet)
                  0000970c    00000044     drivers_cc26x2.a : SPI.c.obj (.text.SPI_init)
                  00009750    00000044     ti_sysbios_config.o (.text._pthread_cleanupFxn)
                  00009794    00000044     drivers_cc26x2.a : TemperatureCC26X2.c.obj (.text.degreesToCode)
                  000097d8    00000044                      : TemperatureCC26X2.c.obj (.text.setNextThresholds)
                  0000981c    00000044     ti_sysbios_config.o (.text.ti_sysbios_knl_Task_restore)
                  00009860    00000044     libclang_rt.builtins.a : fixunsdfsi.S.obj (.text)
                  000098a4    00000044     restart.o (.text)
                  000098e8    00000042     EthernetClient.o (.text.EthernetClient_write)
                  0000992a    00000042     EthernetUdp.o (.text.EthernetUDP_read)
                  0000996c    00000042     ssd1306.o (.text.SSD1306_UpdateScreen)
                  000099ae    00000042     stv.o (.text.STV_WriteStringAtAddress)
                  000099f0    00000040     Ethernet.o (.text.Ethernet_begin_mac_ip_dns_gateway_subnet)
                  00009a30    00000040     drivers_cc26x2.a : PowerCC26X2_calibrateRCOSC.c.obj (.text.PowerCC26X2_RCOSC_clockFunc)
                  00009a70    00000040                      : PowerCC26X2_calibrateRCOSC_helpers.c.obj (.text.PowerCC26X2_setAclkRefSrc)
                  00009ab0    00000040     rf_multiMode_cc26x2.a : RFCC26X2_multiMode.c.cc26x2.ticlang.o (.text.RF_updateHpOscOverride)
                  00009af0    00000040     drivers_cc26x2.a : SPI.c.obj (.text.SPI_open)
                  00009b30    00000040     ti_sysbios_config.o (.text.ti_sysbios_gates_GateMutex_enter)
                  00009b70    00000040     ti_sysbios_config.o (.text.ti_sysbios_knl_Semaphore_pendTimeout)
                  00009bb0    00000040     ti_sysbios_config.o (.text.ti_sysbios_knl_Task_exit)
                  00009bf0    0000003e     dashboard_task.o (.text.SendHtml)
                  00009c2e    0000003e     w5500.o (.text.W5500_read)
                  00009c6c    0000003e     w5500.o (.text.W5500_write)
                  00009caa    0000003e     socket.o (.text.sendUDP)
                  00009ce8    0000003e     ti_sysbios_config.o (.text.ti_sysbios_knl_Clock_getTicksUntilInterrupt)
                  00009d26    0000003c     ti_sysbios_config.o (.text.BIOS_atExitFunc)
                  00009d62    00000002     --HOLE-- [fill = 0]
                  00009d64    0000003c     drivers_cc26x2.a : GPIO.c.obj (.text.GPIO_resetConfig)
                  00009da0    0000003c     driverlib.lib : sys_ctrl.o (.text.NOROM_SysCtrlIdle)
                  00009ddc    0000003c     drivers_cc26x2.a : PowerCC26X2_calibrateRCOSC_helpers.c.obj (.text.PowerCC26X2_setTdcClkSrc24M)
                  00009e18    0000003c     ti_sysbios_config.o (.text.ti_sysbios_family_arm_m3_Hwi_setPriority)
                  00009e54    0000003c     ti_sysbios_config.o (.text.ti_sysbios_knl_Task_restoreHwi)
                  00009e90    0000003c     drivers_cc26x2.a : TemperatureCC26X2.c.obj (.text.updateThresholds)
                  00009ecc    0000003c     Printfg.o (.text.write_string)
                  00009f08    0000003a     stv.o (.text.STV_CopyStvFromFlashIfNotYet)
                  00009f42    0000003a     ssd1306.o (.text.sendData)
                  00009f7c    0000003a     ti_sysbios_config.o (.text.ti_sysbios_family_arm_m3_Hwi_clearInterrupt)
                  00009fb6    00000038     ti_drivers_config.o (.text.Board_wakeUpExtFlash)
                  00009fee    00000038     EthernetUdp.o (.text.EthernetUDP_stop)
                  0000a026    00000002     --HOLE-- [fill = 0]
                  0000a028    00000038     drivers_cc26x2.a : PowerCC26X2_helpers.c.obj (.text.PowerCC26X2_oscDisableQualifiers)
                  0000a060    00000038                      : UDMACC26XX.c.obj (.text.UDMACC26XX_close)
                  0000a098    00000038     w5500.o (.text.W5500_readSnRX_RD)
                  0000a0d0    00000038     w5500.o (.text.W5500_readSnRX_RSR)
                  0000a108    00000038     w5500.o (.text.W5500_readSnTX_FSR)
                  0000a140    00000038     w5500.o (.text.W5500_readSnTX_WR)
                  0000a178    00000038     socket.o (.text.listen)
                  0000a1b0    00000038     ti_sysbios_config.o (.text.ti_sysbios_runtime_Startup_exec)
                  0000a1e8    00000038     libc.a : autoinit.c.obj (.text:__TI_auto_init_nobinit_nopinit)
                  0000a220    00000038     libclang_rt.builtins.a : extendsfdf2.S.obj (.text)
                  0000a258    00000036     ti_sysbios_config.o (.text.BIOS_rtsUnlock)
                  0000a28e    00000036     ti_sysbios_config.o (.text.SemaphoreP_pend)
                  0000a2c4    00000036     ti_sysbios_config.o (.text.ti_sysbios_knl_Swi_construct2)
                  0000a2fa    00000034     html.o (.text.Html_strset)
                  0000a32e    00000002     --HOLE-- [fill = 0]
                  0000a330    00000034     drivers_cc26x2.a : PowerCC26X2.c.obj (.text.Power_releaseConstraint)
                  0000a364    00000034     rf_multiMode_cc26x2.a : RFCC26X2_multiMode.c.cc26x2.ticlang.o (.text.RF_runDirectImmediateCmd)
                  0000a398    00000034     w5500.o (.text.W5500_read_data)
                  0000a3cc    00000034     w5500.o (.text.W5500_writeSn_buf)
                  0000a400    00000034     libsysbm.a : trgmsg.c.obj (.text.__TI_writemsg)
                  0000a434    00000034     ti_sysbios_config.o (.text.ti_sysbios_family_arm_cc26xx_Timer_getMaxTicks)
                  0000a468    00000034     ti_sysbios_config.o (.text.ti_sysbios_knl_Queue_put)
                  0000a49c    00000034     ti_sysbios_config.o (.text.ti_sysbios_runtime_System_vprintf)
                  0000a4d0    00000034     sysbios.a : boot_cortex_m.obj (.text:_c_int00)
                  0000a504    00000032     ti_drivers_config.o (.text.Board_init)
                  0000a536    00000032     EthernetUdp.o (.text.EthernetUDP_write)
                  0000a568    00000032     ti_sysbios_config.o (.text.ti_sysbios_knl_Semaphore_create)
                  0000a59a    00000030     EthernetClient.o (.text.EthernetClient_read)
                  0000a5ca    00000002     --HOLE-- [fill = 0]
                  0000a5cc    00000030     drivers_cc26x2.a : GPIOCC26XX.c.obj (.text.GPIO_setInterruptConfig)
                  0000a5fc    00000030                      : PowerCC26X2.c.obj (.text.Power_setConstraint)
                  0000a62c    00000030     w5500.o (.text.W5500_writeSn)
                  0000a65c    00000030     libsysbm.a : trgmsg.c.obj (.text.__TI_readmsg)
                  0000a68c    00000030     drivers_cc26x2.a : PowerCC26X2.c.obj (.text.notify)
                  0000a6bc    00000030     ti_sysbios_config.o (.text.ti_sysbios_family_arm_m3_Hwi_plug)
                  0000a6ec    00000030     ti_sysbios_config.o (.text.ti_sysbios_heaps_HeapMem_free)
                  0000a71c    00000030     ti_sysbios_config.o (.text.ti_sysbios_knl_Clock_construct)
                  0000a74c    00000030     ti_sysbios_config.o (.text.ti_sysbios_knl_Idle_run)
                  0000a77c    0000002e     EthernetClient.o (.text.EthernetClient_status)
                  0000a7aa    0000002e     EthernetUdp.o (.text.EthernetUDP_beginPacket_ip)
                  0000a7d8    0000002e     driverlib.lib : chipinfo.o (.text.NOROM_ThisLibraryIsFor_CC13x2_CC26x2_HwRev20AndLater_HaltIfViolated)
                  0000a806    0000002e     ti_sysbios_config.o (.text._pthread_delete)
                  0000a834    0000002e     ti_sysbios_config.o (.text.ti_sysbios_family_arm_m3_Hwi_initStack)
                  0000a862    0000002e     ti_sysbios_config.o (.text.ti_sysbios_gates_GateMutex_Instance_init)
                  0000a890    0000002e     libclang_rt.builtins.a : floatsidf.S.obj (.text)
                  0000a8be    0000002c     ti_sysbios_config.o (.text.BIOS_registerRTSLock)
                  0000a8ea    0000002c     ti_sysbios_config.o (.text.BIOS_removeRTSLock)
                  0000a916    00000002     --HOLE-- [fill = 0]
                  0000a918    0000002c     rf_multiMode_cc26x2.a : RFCC26X2_multiMode.c.cc26x2.ticlang.o (.text.RF_executeDirectImmediateCmd)
                  0000a944    0000002c     ti_sysbios_config.o (.text.SemaphoreP_createBinary)
                  0000a970    0000002c     drivers_cc26x2.a : TemperatureCC26X2.c.obj (.text.Temperature_unregisterNotify)
                  0000a99c    0000002c     w5500.o (.text.W5500_execCmdSn)
                  0000a9c8    0000002c     w5500.o (.text.W5500_writeSnDPORT)
                  0000a9f4    0000002c     w5500.o (.text.W5500_writeSnPORT)
                  0000aa20    0000002c     w5500.o (.text.W5500_writeSnRX_RD)
                  0000aa4c    0000002c     w5500.o (.text.W5500_writeSnTX_WR)
                  0000aa78    0000002c     ti_sysbios_config.o (.text.ti_sysbios_knl_Semaphore_construct)
                  0000aaa4    0000002c     ti_sysbios_config.o (.text.ti_sysbios_runtime_Memory_free)
                  0000aad0    0000002a     IPAddress.o (.text.IPAddress_Init_str)
                  0000aafa    0000002a     driverlib.lib : osc.o (.text.NOROM_OSCHF_TurnOnXosc)
                  0000ab24    0000002a     drivers_cc26x2.a : SPICC26X2DMA.c.obj (.text.SPICC26X2DMA_swiFxn)
                  0000ab4e    0000002a     ti_sysbios_config.o (.text.SemaphoreP_constructBinary)
                  0000ab78    0000002a     ti_sysbios_config.o (.text.ti_sysbios_knl_Clock_initI)
                  0000aba2    0000002a     ti_sysbios_config.o (.text.ti_sysbios_knl_Task_enter)
                  0000abcc    00000028     EthernetClient.o (.text.EthernetClient_available)
                  0000abf4    00000028     drivers_cc26x2.a : I2C.c.obj (.text.I2C_cancel)
                  0000ac1c    00000028                      : List.c.obj (.text.List_remove)
                  0000ac44    00000028     rf_multiMode_cc26x2.a : RFCC26X2_multiMode.c.cc26x2.ticlang.o (.text.RF_cmdStoreEvents)
                  0000ac6c    00000028     w5500.o (.text.W5500_readSn)
                  0000ac94    00000028     sysbios.a : Hwi_asm_gnu.obj (.text.ti_sysbios_family_arm_m3_Hwi_excHandlerAsm)
                  0000acbc    00000028     ti_sysbios_config.o (.text.ti_sysbios_gates_GateMutex_construct)
                  0000ace4    00000028     ti_sysbios_config.o (.text.ti_sysbios_knl_Queue_enqueue)
                  0000ad0c    00000028     ti_sysbios_config.o (.text.ti_sysbios_knl_Swi_or)
                  0000ad34    00000028     sysbios.a : TaskSupport_asm_gnu.obj (.text.ti_sysbios_knl_TaskSupport_swap)
                  0000ad5c    00000028     ti_sysbios_config.o (.text.ti_sysbios_knl_Task_sleepTimeout)
                  0000ad84    00000028     ti_sysbios_config.o (.text.ti_sysbios_runtime_System_init)
                  0000adac    00000028     ti_sysbios_config.o (.text.ti_sysbios_runtime_System_printf)
                  0000add4    00000026     drivers_cc26x2.a : SPICC26X2DMA.c.obj (.text.flushFifos)
                  0000adfa    00000026     ti_sysbios_config.o (.text.ti_sysbios_family_arm_m3_Hwi_getHandle)
                  0000ae20    00000026     ti_sysbios_config.o (.text.ti_sysbios_knl_Swi_destruct)
                  0000ae46    00000026     ti_sysbios_config.o (.text.ti_sysbios_knl_Task_allBlockedFunction)
                  0000ae6c    00000026     ti_sysbios_config.o (.text.ti_sysbios_knl_Task_delete)
                  0000ae92    00000026     ti_sysbios_config.o (.text.ti_sysbios_knl_Task_destruct)
                  0000aeb8    00000024     drivers_cc26x2.a : List.c.obj (.text.List_put)
                  0000aedc    00000024                      : PowerCC26X2_helpers.c.obj (.text.PowerCC26X2_setSubSecIncToXoscLf)
                  0000af00    00000024                      : PowerCC26X2_calibrateRCOSC_helpers.c.obj (.text.PowerCC26X2_writeCtrim)
                  0000af24    00000024                      : PowerCC26X2_calibrateRCOSC_helpers.c.obj (.text.PowerCC26X2_writeCtrimFract)
                  0000af48    00000024                      : PowerCC26X2_calibrateRCOSC_helpers.c.obj (.text.PowerCC26X2_writeCtrimFractEn)
                  0000af6c    00000024                      : PowerCC26X2_calibrateRCOSC_helpers.c.obj (.text.PowerCC26X2_writeRtrim)
                  0000af90    00000024                      : PowerCC26X2.c.obj (.text.Power_registerNotify)
                  0000afb4    00000024     ssd1306.o (.text.SSD1306_SetPosition)
                  0000afd8    00000024     drivers_cc26x2.a : SPICC26X2DMA.c.obj (.text.releaseConstraint)
                  0000affc    00000024     ti_sysbios_config.o (.text.ti_sysbios_family_arm_cc26xx_Timer_Params_init)
                  0000b020    00000024     ti_sysbios_config.o (.text.ti_sysbios_knl_Task_Params_init)
                  0000b044    00000022     ti_sysbios_config.o (.text.BIOS_setThreadType)
                  0000b066    00000022     w5500.o (.text.W5500_send_data_processing)
                  0000b088    00000022     libc.a : memcmp.c.obj (.text.memcmp)
                  0000b0aa    00000022     ti_sysbios_config.o (.text.ti_sysbios_gates_GateMutex_leave)
                  0000b0cc    00000022     ti_sysbios_config.o (.text.ti_sysbios_heaps_HeapMem_restore)
                  0000b0ee    00000022     ti_sysbios_config.o (.text.ti_sysbios_knl_Clock_getTicks)
                  0000b110    00000022     ti_sysbios_config.o (.text.ti_sysbios_knl_Clock_scheduleNextTick)
                  0000b132    00000022     ti_sysbios_config.o (.text.ti_sysbios_knl_Queue_dequeue)
                  0000b154    00000022     ti_sysbios_config.o (.text.ti_sysbios_knl_Semaphore_destruct)
                  0000b176    00000020     Dhcp.o (.text.DHCP_reset_DHCP_lease)
                  0000b196    00000002     --HOLE-- [fill = 0]
                  0000b198    00000020     rf_multiMode_cc26x2.a : rfc.c.cc26x2.ticlang.o (.text.NOROM_RFCDoorbellSendTo)
                  0000b1b8    00000020                           : rfc.c.cc26x2.ticlang.o (.text.NOROM_RFCOverrideSearch)
                  0000b1d8    00000020     drivers_cc26x2.a : PowerCC26X2_helpers.c.obj (.text.PowerCC26X2_disableTCXOQual)
                  0000b1f8    00000020                      : PowerCC26X2_helpers.c.obj (.text.PowerCC26X2_enableTCXOQual)
                  0000b218    00000020     ti_sysbios_config.o (.text.PowerCC26XX_schedulerDisable)
                  0000b238    00000020     ti_sysbios_config.o (.text.PowerCC26XX_schedulerRestore)
                  0000b258    00000020     drivers_cc26x2.a : PowerCC26X2.c.obj (.text.Power_unregisterNotify)
                  0000b278    00000020     rf_multiMode_cc26x2.a : RFCC26X2_multiMode.c.cc26x2.ticlang.o (.text.RF_invokeGlobalCallback)
                  0000b298    00000020     socket.o (.text.close)
                  0000b2b8    00000020     ti_sysbios_config.o (.text.ti_sysbios_family_arm_cc26xx_Timer_postInit)
                  0000b2d8    00000020     ti_sysbios_config.o (.text.ti_sysbios_family_arm_m3_Hwi_excHandler)
                  0000b2f8    00000020     ti_sysbios_config.o (.text.ti_sysbios_knl_ClockSupport_getCurrentTick)
                  0000b318    00000020     libclang_rt.builtins.a : floatunsidf.S.obj (.text)
                  0000b338    0000001e     ti_sysbios_config.o (.text.SwiP_Params_init)
                  0000b356    0000001e     w5500.o (.text.W5500_writeSnCR)
                  0000b374    0000001e     w5500.o (.text.W5500_writeSnIR)
                  0000b392    0000001e     w5500.o (.text.W5500_writeSnMR)
                  0000b3b0    0000001e     sysbios.a : Hwi_asm_switch_gnu.obj (.text.ti_sysbios_family_arm_m3_Hwi_switchAndRunFunc)
                  0000b3ce    0000001e     ti_sysbios_config.o (.text.ti_sysbios_family_arm_m3_Hwi_switchFromBootStack)
                  0000b3ec    0000001e     ti_sysbios_config.o (.text.ti_sysbios_knl_Task_unblock)
                  0000b40a    0000001c     EthernetClient.o (.text.EthernetClient_begin)
                  0000b426    0000001c     EthernetClient.o (.text.EthernetClient_print)
                  0000b442    0000001c     EthernetUdp.o (.text.EthernetUDP_flush)
                  0000b45e    00000002     --HOLE-- [fill = 0]
                  0000b460    0000001c     drivers_cc26x2.a : GPIO.c.obj (.text.GPIO_setCallback)
                  0000b47c    0000001c                      : GPIOCC26XX.c.obj (.text.GPIO_setMux)
                  0000b498    0000001c     ti_sysbios_config.o (.text.HwiP_Params_init)
                  0000b4b4    0000001c     drivers_cc26x2.a : PowerCC26X2.c.obj (.text.Power_getTransitionLatency)
                  0000b4d0    0000001c     w5500.o (.text.W5500_writeSnDIPR)
                  0000b4ec    0000001c     drivers_cc26x2.a : TemperatureCC26X2.c.obj (.text.setTempLowerLimit)
                  0000b508    0000001c                      : TemperatureCC26X2.c.obj (.text.setTempUpperLimit)
                  0000b524    0000001c     ti_sysbios_config.o (.text.ti_sysbios_family_arm_cc26xx_Timer_dynamicStub)
                  0000b540    0000001c     ti_sysbios_config.o (.text.ti_sysbios_family_arm_m3_Hwi_Params_init)
                  0000b55c    0000001c     ti_sysbios_config.o (.text.ti_sysbios_knl_Clock_enqueueI)
                  0000b578    0000001c     ti_sysbios_config.o (.text.ti_sysbios_knl_Clock_start)
                  0000b594    0000001c     ti_sysbios_config.o (.text.ti_sysbios_knl_Queue_remove)
                  0000b5b0    0000001c     ti_sysbios_config.o (.text.ti_sysbios_knl_Swi_Params_init)
                  0000b5cc    0000001c     ti_sysbios_config.o (.text.ti_sysbios_knl_Swi_disable)
                  0000b5e8    0000001c     ti_sysbios_config.o (.text.ti_sysbios_knl_Task_disable)
                  0000b604    0000001a     ti_sysbios_config.o (.text.BIOS_exitFunc)
                  0000b61e    0000001a     ti_sysbios_config.o (.text.BIOS_getCpuFreq)
                  0000b638    0000001a     drivers_cc26x2.a : I2CCC26XX.c.obj (.text.I2CCC26XX_completeTransfer)
                  0000b652    0000001a     ti_sysbios_config.o (.text.ti_sysbios_knl_Semaphore_Instance_finalize)
                  0000b66c    00000018     ti_sysbios_config.o (.text.BIOS_exit)
                  0000b684    00000018     Dhcp.o (.text.DHCP_getDnsServerIp)
                  0000b69c    00000018     Dhcp.o (.text.DHCP_getGatewayIp)
                  0000b6b4    00000018     Dhcp.o (.text.DHCP_getLocalIp)
                  0000b6cc    00000018     Dhcp.o (.text.DHCP_getSubnetMask)
                  0000b6e4    00000018     drivers_cc26x2.a : GPIOCC26XX.c.obj (.text.GPIO_disableInt)
                  0000b6fc    00000018                      : PowerCC26X2.c.obj (.text.PowerCC26XX_calibrate)
                  0000b714    00000018                      : PowerCC26X2.c.obj (.text.Power_idleFunc)
                  0000b72c    00000018     stv.o (.text.STV_WriteAtAddress)
                  0000b744    00000018     Printfg.o (.text.print)
                  0000b75c    00000018     ti_sysbios_config.o (.text.ti_sysbios_family_arm_cc26xx_Timer_getCount64)
                  0000b774    00000018     ti_sysbios_config.o (.text.ti_sysbios_knl_ClockSupport_setNextTick)
                  0000b78c    00000018     sysbios.a : TaskSupport_asm_gnu.obj (.text.ti_sysbios_knl_TaskSupport_glue)
                  0000b7a4    00000016     ti_sysbios_config.o (.text.ClockP_Params_init)
                  0000b7ba    00000016     w5500.o (.text.W5500_readGAR)
                  0000b7d0    00000016     w5500.o (.text.W5500_readSIPR)
                  0000b7e6    00000016     w5500.o (.text.W5500_readSUBR)
                  0000b7fc    00000016     w5500.o (.text.W5500_readSnCR)
                  0000b812    00000016     w5500.o (.text.W5500_readSnIR)
                  0000b828    00000016     w5500.o (.text.W5500_readSnSR)
                  0000b83e    00000016     w5500.o (.text.W5500_writeGAR)
                  0000b854    00000016     w5500.o (.text.W5500_writeSHAR)
                  0000b86a    00000016     w5500.o (.text.W5500_writeSIPR)
                  0000b880    00000016     w5500.o (.text.W5500_writeSUBR)
                  0000b896    00000016     ArduinoCompatibility.o (.text.delay)
                  0000b8ac    00000016     socket.o (.text.disconnect)
                  0000b8c2    00000016     ti_sysbios_config.o (.text.ti_sysbios_family_arm_m3_Hwi_enable)
                  0000b8d8    00000016     ti_sysbios_config.o (.text.ti_sysbios_knl_Intrinsics_maxbit)
                  0000b8ee    00000016     ti_sysbios_config.o (.text.ti_sysbios_knl_Queue_construct)
                  0000b904    00000016     ti_sysbios_config.o (.text.ti_sysbios_knl_Queue_empty)
                  0000b91a    00000016     ti_sysbios_config.o (.text.ti_sysbios_runtime_SystemSupport_init)
                  0000b930    00000016     ti_sysbios_config.o (.text.ti_sysbios_runtime_System_exit)
                  0000b946    00000002     --HOLE-- [fill = 0]
                  0000b948    00000014     drivers_cc26x2.a : GPIOCC26XX.c.obj (.text.GPIO_read)
                  0000b95c    00000014                      : GPIO.c.obj (.text.GPIO_setUserArg)
                  0000b970    00000014                      : I2CCC26XX.c.obj (.text.I2CCC26XX_postNotify)
                  0000b984    00000014                      : SPICC26X2DMA.c.obj (.text.OUTLINED_FUNCTION_0)
                  0000b998    00000014     ti_sysbios_config.o (.text.SwiP_or)
                  0000b9ac    00000014     drivers_cc26x2.a : TemperatureCC26X2.c.obj (.text.Temperature_getTemperature)
                  0000b9c0    00000014     libc.a : args_main.c.obj (.text._args_main)
                  0000b9d4    00000014     ti_sysbios_config.o (.text.ti_sysbios_family_arm_cc26xx_TimestampProvider_init)
                  0000b9e8    00000014     ti_sysbios_config.o (.text.ti_sysbios_family_arm_m3_Hwi_disable)
                  0000b9fc    00000014     ti_sysbios_config.o (.text.ti_sysbios_knl_Swi_Instance_finalize)
                  0000ba10    00000014     ti_sysbios_config.o (.text.ti_sysbios_runtime_System_printf_va)
                  0000ba24    00000014     libclang_rt.builtins.a : aeabi_ldivmod.S.obj (.text)
                  0000ba38    00000014                            : aeabi_memset.S.obj (.text)
                  0000ba4c    00000014                            : aeabi_uldivmod.S.obj (.text)
                  0000ba60    00000012     EthernetUdp.o (.text.EthernetUDP_endPacket)
                  0000ba72    00000012     drivers_cc26x2.a : I2C.c.obj (.text.I2C_transfer)
                  0000ba84    00000012     ti_sysbios_config.o (.text.ti_sysbios_family_arm_m3_Hwi_destruct)
                  0000ba96    00000012     ti_sysbios_config.o (.text.ti_sysbios_family_arm_m3_Hwi_doSwiRestore)
                  0000baa8    00000012     ti_sysbios_config.o (.text.ti_sysbios_family_arm_m3_Hwi_doTaskRestore)
                  0000baba    00000012     ti_sysbios_config.o (.text.ti_sysbios_heaps_HeapMem_Params_init)
                  0000bacc    00000012     ti_sysbios_config.o (.text.ti_sysbios_heaps_HeapMem_init)
                  0000bade    00000012     ti_sysbios_config.o (.text.ti_sysbios_knl_Clock_Params_init)
                  0000baf0    00000012     ti_sysbios_config.o (.text.ti_sysbios_knl_Clock_tick)
                  0000bb02    00000012     ti_sysbios_config.o (.text.ti_sysbios_knl_Queue_Instance_init)
                  0000bb14    00000012     ti_sysbios_config.o (.text.ti_sysbios_knl_Semaphore_Params_init)
                  0000bb26    00000012     libc.a : memcpy_t2.S.obj (.text:TI_memcpy_small)
                  0000bb38    00000010     ti_sysbios_config.o (.text.BIOS_start)
                  0000bb48    00000010     ti_sysbios_config.o (.text.ClockP_getCpuFreq)
                  0000bb58    00000010     ti_sysbios_config.o (.text.ClockP_start)
                  0000bb68    00000010     ti_sysbios_config.o (.text.ClockP_stop)
                  0000bb78    00000010     Ethernet.o (.text.Ethernet_gatewayIP)
                  0000bb88    00000010     Ethernet.o (.text.Ethernet_localIP)
                  0000bb98    00000010     Ethernet.o (.text.Ethernet_subnetMask)
                  0000bba8    00000010     drivers_cc26x2.a : GPIO.c.obj (.text.GPIO_getUserArg)
                  0000bbb8    00000010                      : GPIOCC26XX.c.obj (.text.GPIO_write)
                  0000bbc8    00000010     ti_sysbios_config.o (.text.HwiP_clearInterrupt)
                  0000bbd8    00000010     ti_sysbios_config.o (.text.HwiP_destruct)
                  0000bbe8    00000010     ti_sysbios_config.o (.text.HwiP_disable)
                  0000bbf8    00000010     ti_sysbios_config.o (.text.HwiP_disableInterrupt)
                  0000bc08    00000010     ti_sysbios_config.o (.text.HwiP_enableInterrupt)
                  0000bc18    00000010     ti_sysbios_config.o (.text.HwiP_restore)
                  0000bc28    00000010     drivers_cc26x2.a : PowerCC26X2_helpers.c.obj (.text.PowerCC26X2_oscCtlClearXtal)
                  0000bc38    00000010                      : PowerCC26X2_helpers.c.obj (.text.PowerCC26X2_prcmEnableCacheRetention)
                  0000bc48    00000010                      : PowerCC26X2_calibrateRCOSC_helpers.c.obj (.text.PowerCC26X2_readCtrim)
                  0000bc58    00000010                      : PowerCC26X2_calibrateRCOSC_helpers.c.obj (.text.PowerCC26X2_readCtrimFract)
                  0000bc68    00000010                      : PowerCC26X2_calibrateRCOSC_helpers.c.obj (.text.PowerCC26X2_readRtrim)
                  0000bc78    00000010                      : PowerCC26X2_helpers.c.obj (.text.PowerCC26X2_switchToTCXO)
                  0000bc88    00000010                      : PowerCC26X2.c.obj (.text.Power_getDependencyCount)
                  0000bc98    00000010     ti_sysbios_config.o (.text.SemaphoreP_destruct)
                  0000bca8    00000010     ti_sysbios_config.o (.text.SemaphoreP_post)
                  0000bcb8    00000010     ti_sysbios_config.o (.text.SwiP_destruct)
                  0000bcc8    00000010     ti_sysbios_config.o (.text.SwiP_post)
                  0000bcd8    00000010     ti_sysbios_config.o (.text.SysCtrlAonUpdate)
                  0000bce8    00000010     w5500.o (.text.W5500_getGatewayIp)
                  0000bcf8    00000010     w5500.o (.text.W5500_getIPAddress)
                  0000bd08    00000010     w5500.o (.text.W5500_getSubnetMask)
                  0000bd18    00000010     w5500.o (.text.W5500_setGatewayIp)
                  0000bd28    00000010     w5500.o (.text.W5500_setIPAddress)
                  0000bd38    00000010     w5500.o (.text.W5500_setMACAddress)
                  0000bd48    00000010     w5500.o (.text.W5500_setSubnetMask)
                  0000bd58    00000010     ti_sysbios_config.o (.text.ti_sysbios_family_arm_cc26xx_Timer_setPeriod)
                  0000bd68    00000010     ti_sysbios_config.o (.text.ti_sysbios_knl_ClockSupport_getMaxTicks)
                  0000bd78    00000010     ti_sysbios_config.o (.text.ti_sysbios_knl_Clock_removeI)
                  0000bd88    00000010     ti_sysbios_config.o (.text.ti_sysbios_knl_Clock_setTimeout)
                  0000bd98    00000010     ti_sysbios_config.o (.text.ti_sysbios_knl_Idle_loop)
                  0000bda8    00000010     ti_sysbios_config.o (.text.ti_sysbios_knl_Queue_destruct)
                  0000bdb8    00000010     ti_sysbios_config.o (.text.ti_sysbios_knl_Queue_elemClear)
                  0000bdc8    00000010     ti_sysbios_config.o (.text.ti_sysbios_knl_Swi_enabled)
                  0000bdd8    00000010     ti_sysbios_config.o (.text.ti_sysbios_runtime_Types_argToFloat)
                  0000bde8    00000010     libc.a : copy_zero_init.c.obj (.text:decompress:ZI)
                  0000bdf8    0000000e     ti_sysbios_config.o (.text.BIOS_linkedWithIncorrectBootLibrary)
                  0000be06    0000000e     EthernetUdp.o (.text.EthernetUDP_begin_init)
                  0000be14    0000000e     ti_sysbios_config.o (.text.IntMasterDisable)
                  0000be22    0000000e     ti_sysbios_config.o (.text.IntMasterEnable)
                  0000be30    0000000e     drivers_cc26x2.a : PowerCC26X2.c.obj (.text.OUTLINED_FUNCTION_0)
                  0000be3e    0000000e     libc.a : strcpy.c.obj (.text.strcpy)
                  0000be4c    0000000e            : strlen.c.obj (.text.strlen)
                  0000be5a    0000000e     drivers_cc26x2.a : PowerCC26X2.c.obj (.text.switchToTCXO)
                  0000be68    0000000e     ti_sysbios_config.o (.text.ti_sysbios_family_arm_m3_Hwi_restore)
                  0000be76    0000000e     ti_sysbios_config.o (.text.ti_sysbios_heaps_HeapMem_isBlocking)
                  0000be84    0000000e     ti_sysbios_config.o (.text.ti_sysbios_knl_Clock_stop)
                  0000be92    0000000e     ti_sysbios_config.o (.text.ti_sysbios_runtime_SystemSupport_exit)
                  0000bea0    0000000e     libc.a : memset_t2.S.obj (.text:TI_memset_small)
                  0000beae    0000000e            : copy_decompress_none.c.obj (.text:decompress:none)
                  0000bebc    0000000c     ti_sysbios_config.o (.text.AONRTCCurrentCompareValueGet)
                  0000bec8    0000000c     ti_sysbios_config.o (.text.BIOS_getThreadType)
                  0000bed4    0000000c     ti_sysbios_config.o (.text.ClockP_getSystemTickPeriod)
                  0000bee0    0000000c     EthernetUdp.o (.text.EthernetUDP_available)
                  0000beec    0000000c     EthernetUdp.o (.text.EthernetUDP_rawIPAddress)
                  0000bef8    0000000c     EthernetUdp.o (.text.EthernetUDP_remotePort)
                  0000bf04    0000000c     drivers_cc26x2.a : I2C.c.obj (.text.I2C_Params_init)
                  0000bf10    0000000c     driverlib.lib : cpu.o (.text.NOROM_CPUcpsid)
                  0000bf1c    0000000c                   : cpu.o (.text.NOROM_CPUcpsie)
                  0000bf28    0000000c     drivers_cc26x2.a : I2CCC26XX.c.obj (.text.OUTLINED_FUNCTION_0)
                  0000bf34    0000000c                      : PowerCC26X2_helpers.c.obj (.text.PowerCC26X2_oscClockSourceGet)
                  0000bf40    0000000c                      : PowerCC26X2_helpers.c.obj (.text.PowerCC26X2_setPeriphDeepSleepEnable)
                  0000bf4c    0000000c                      : PowerCC26X2_helpers.c.obj (.text.PowerCC26X2_sysCtrlGetResetSource)
                  0000bf58    0000000c                      : PowerCC26X2_helpers.c.obj (.text.PowerCC26X2_sysCtrlVoltageConditionalControl)
                  0000bf64    0000000c                      : PowerCC26X2.c.obj (.text.Power_getConstraintMask)
                  0000bf70    0000000c                      : SPI.c.obj (.text.SPI_Params_init)
                  0000bf7c    0000000c     stv.o (.text.STV_ReadFromAddress)
                  0000bf88    0000000c     libc.a : _lock.c.obj (.text._register_lock)
                  0000bf94    0000000c            : _lock.c.obj (.text._register_unlock)
                  0000bfa0    0000000c     SPIfg.o (.text.resetSS)
                  0000bfac    0000000c     SPIfg.o (.text.setSS)
                  0000bfb8    0000000c     drivers_cc26x2.a : SPICC26X2DMA.c.obj (.text.spiPostNotify)
                  0000bfc4    0000000c     ti_sysbios_config.o (.text.ti_sysbios_knl_Queue_head)
                  0000bfd0    0000000c     ti_sysbios_config.o (.text.ti_sysbios_knl_Queue_next)
                  0000bfdc    0000000c     ti_sysbios_config.o (.text.ti_sysbios_knl_Queue_prev)
                  0000bfe8    0000000c     ti_sysbios_config.o (.text.ti_sysbios_knl_Swi_postInit)
                  0000bff4    0000000c     ti_sysbios_config.o (.text.ti_sysbios_knl_Swi_self)
                  0000c000    0000000c     ti_sysbios_config.o (.text.ti_sysbios_knl_Task_self)
                  0000c00c    0000000a     drivers_cc26x2.a : I2CCC26XX.c.obj (.text.I2CMasterControl)
                  0000c016    0000000a                      : SPICC26X2DMA.c.obj (.text.OUTLINED_FUNCTION_2)
                  0000c020    0000000a     rf_multiMode_cc26x2.a : RFCC26X2_multiMode.c.cc26x2.ticlang.o (.text.OUTLINED_FUNCTION_5)
                  0000c02a    0000000a     drivers_cc26x2.a : PowerCC26X2_helpers.c.obj (.text.PowerCC26X2_sysCtrlStandby)
                  0000c034    0000000a                      : SPICC26X2DMA.c.obj (.text.SPICC26X2DMA_init)
                  0000c03e    0000000a                      : UDMACC26XX.c.obj (.text.UDMACC26XX_hwiIntFxn)
                  0000c048    0000000a     ti_sysbios_config.o (.text.ti_sysbios_gates_GateMutex_handle)
                  0000c052    0000000a     ti_sysbios_config.o (.text.ti_sysbios_knl_Clock_handle)
                  0000c05c    0000000a     ti_sysbios_config.o (.text.ti_sysbios_knl_Queue_struct)
                  0000c066    0000000a     ti_sysbios_config.o (.text.ti_sysbios_knl_Semaphore_handle)
                  0000c070    0000000a     ti_sysbios_config.o (.text.ti_sysbios_knl_Swi_startup)
                  0000c07a    0000000a     ti_sysbios_config.o (.text.ti_sysbios_runtime_Error_check)
                  0000c084    0000000a     ti_sysbios_config.o (.text.ti_sysbios_runtime_Types_iargToPtr)
                  0000c08e    0000000a     ti_sysbios_config.o (.text.ti_sysbios_runtime_Types_uargToPtr)
                  0000c098    00000008     ti_sysbios_config.o (.text.Boot_trimDevice)
                  0000c0a0    00000008     Dhcp.o (.text.DHCP_presend_DHCP)
                  0000c0a8    00000008     drivers_cc26x2.a : I2CCC26XX.c.obj (.text.I2CCC26XX_blockingCallback)
                  0000c0b0    00000008                      : I2CCC26XX.c.obj (.text.I2CSupport_masterFinish)
                  0000c0b8    00000008     driverlib.lib : cpu.o (.text.NOROM_CPUdelay)
                  0000c0c0    00000008     drivers_cc26x2.a : SPICC26X2DMA.c.obj (.text.OUTLINED_FUNCTION_1)
                  0000c0c8    00000008                      : PowerCC26X2_helpers.c.obj (.text.PowerCC26X2_oschfTrySwitchToXosc)
                  0000c0d0    00000008     ti_sysbios_config.o (.text.ResetISR)
                  0000c0d8    00000008     libc.a : aeabi_portable.c.obj (.text.__aeabi_errno_addr)
                  0000c0e0    00000008     ti_sysbios_config.o (.text._system_post_cinit)
                  0000c0e8    00000008     ti_sysbios_config.o (.text._system_pre_init)
                  0000c0f0    00000008     drivers_cc26x2.a : SPICC26X2DMA.c.obj (.text.blockingTransferCallback)
                  0000c0f8    00000008     ti_sysbios_config.o (.text.ti_sysbios_family_arm_m3_Hwi_startup)
                  0000c100    00000008     ti_sysbios_config.o (.text.ti_sysbios_runtime_Startup_reset)
                  0000c108    00000008     ti_sysbios_config.o (.text.ti_sysbios_runtime_System_exitSpin)
                  0000c110    00000006     drivers_cc26x2.a : I2CCC26XX.c.obj (.text.I2CSupport_powerSetConstraint)
                  0000c116    00000006                      : SPI.c.obj (.text.SPI_transfer)
                  0000c11c    00000006     ArduinoCompatibility.o (.text.random)
                  0000c122    00000004     ti_sysbios_config.o (.text.PRCMSleep)
                  0000c126    00000004     drivers_cc26x2.a : PowerCC26X2_helpers.c.obj (.text.PowerCC26X2_oschfSwitchToRcosc)
                  0000c12a    00000004                      : PowerCC26X2_helpers.c.obj (.text.PowerCC26X2_sysCtrlIdle)
                  0000c12e    00000004                      : PowerCC26X2_helpers.c.obj (.text.PowerCC26X2_turnOnXosc)
                  0000c132    00000004                      : PowerCC26X2.c.obj (.text.configureRFCoreClocks)
                  0000c136    00000004                      : PowerCC26X2.c.obj (.text.nopResourceHandler)
                  0000c13a    00000004     ti_sysbios_config.o (.text.ti_sysbios_gates_GateMutex_canBlock)
                  0000c13e    00000004     ti_sysbios_config.o (.text.ti_sysbios_knl_TaskSupport_getStackAlignment)
                  0000c142    00000004     ti_sysbios_config.o (.text.ti_sysbios_runtime_Memory_getMaxDefaultTypeAlign)
                  0000c146    00000004     ti_sysbios_config.o (.text.ti_sysbios_runtime_SystemSupport_ready)
                  0000c14a    00000002     --HOLE-- [fill = 0]
                  0000c14c    00000004     libclang_rt.builtins.a : aeabi_memcpy.S.obj (.text)

.rodata    0    0000c150    000010ff     
                  0000c150    000005ef     ti_sysbios_config.o (.rodata.str1.1)
                  0000c73f    00000243     log.o (.rodata.str1.1)
                  0000c982    000001e0     ssd1306.o (.rodata.FONTS)
                  0000cb62    00000094     ti_sysbios_config.o (.rodata.ti_sysbios_family_arm_m3_Hwi_excHandlerMin.err)
                  0000cbf6    0000008d     ti_sysbios_config.o (.rodata.ti_sysbios_heaps_HeapMem_alloc.err)
                  0000cc83    00000089     ti_sysbios_config.o (.rodata.ti_sysbios_family_arm_m3_Hwi_Instance_init.err.1)
                  0000cd0c    00000089     ti_sysbios_config.o (.rodata.ti_sysbios_family_arm_m3_Hwi_excHandlerMin.err.2)
                  0000cd95    00000089     ti_sysbios_config.o (.rodata.ti_sysbios_runtime_Memory_alloc.err)
                  0000ce1e    00000086     ti_sysbios_config.o (.rodata.ti_sysbios_family_arm_m3_Hwi_Instance_init.err)
                  0000cea4    00000004     ti_sysbios_config.o (.rodata.ti_sysbios_family_arm_m3_Hwi_swiTaskKeyAddress)
                  0000cea8    00000070     driverlib.lib : osc.o (.rodata..L__const.NOROM_OSC_HPOSC_Debug_InitFreqOffsetParams.hposcParm)
                  0000cf18    0000006b     gui.o (.rodata.str1.1)
                  0000cf83    0000005d     init_task.o (.rodata.str1.1)
                  0000cfe0    00000054     drivers_cc26x2.a : PowerCC26X2.c.obj (.rodata.resourceDB)
                  0000d034    00000040     ti_drivers_config.o (.rodata.spiCC26X2DMAHWAttrs)
                  0000d074    00000024     ti_sysbios_config.o (.rodata.ti_sysbios_knl_Task_Params_default)
                  0000d098    00000020     drivers_cc26x2.a : SPI.c.obj (.rodata.SPI_defaultParams)
                  0000d0b8    00000020     ssd1306.o (.rodata.SSD1306_InitSequence)
                  0000d0d8    0000001c     dashboard_task.o (.rodata.str1.1)
                  0000d0f4    0000001c     ti_sysbios_config.o (.rodata.ti_sysbios_family_arm_cc26xx_Timer_Params_default)
                  0000d110    00000018     drivers_cc26x2.a : SPICC26X2DMA.c.obj (.rodata.SPICC26X2DMA_fxnTable)
                  0000d128    00000018                      : SPICC26X2DMA.c.obj (.rodata.cst8)
                  0000d140    00000018                      : SPICC26X2DMA.c.obj (.rodata.frameFormat)
                  0000d158    00000018     ti_drivers_config.o (.rodata.i2cCC26xxHWAttrs)
                  0000d170    00000018     ti_sysbios_config.o (.rodata.ti_sysbios_family_arm_m3_Hwi_Params_default)
                  0000d188    00000014     ti_drivers_config.o (.rodata.PowerCC26X2_config)
                  0000d19c    00000014     ti_sysbios_config.o (.rodata.ti_sysbios_knl_Swi_Params_default)
                  0000d1b0    00000010     ti_drivers_config.o (.rodata.GPIO_config)
                  0000d1c0    00000010     drivers_cc26x2.a : I2CCC26XX.c.obj (.rodata.cst16)
                  0000d1d0    0000000c     ti_drivers_config.o (.rodata.RFCC26XX_hwAttrs)
                  0000d1dc    0000000c     ti_drivers_config.o (.rodata.SPI_config)
                  0000d1e8    0000000c     ti_sysbios_config.o (.rodata.ti_sysbios_heaps_HeapMem_Params_default)
                  0000d1f4    0000000c     ti_sysbios_config.o (.rodata.ti_sysbios_knl_Clock_Params_default)
                  0000d200    0000000c     ti_sysbios_config.o (.rodata.ti_sysbios_knl_Semaphore_Params_default)
                  0000d20c    00000008     ti_drivers_config.o (.rodata.I2C_config)
                  0000d214    00000008     ti_drivers_config.o (.rodata.UDMACC26XX_config)
                  0000d21c    00000008     driverlib.lib : aux_sysif.o (.rodata.cst4)
                  0000d224    00000008     ti_sysbios_config.o (.rodata.ti_sysbios_knl_Idle_funcList)
                  0000d22c    00000008     ti_drivers_config.o (.rodata.udmaCC26XXHWAttrs)
                  0000d234    00000007     Dhcp.o (.rodata.str1.1)
                  0000d23b    00000001     ti_drivers_config.o (.rodata.GPIO_pinLowerBound)
                  0000d23c    00000004     ti_sysbios_config.o (.rodata.ti_sysbios_gates_GateMutex_Params_default)
                  0000d240    00000004     ti_sysbios_config.o (.rodata.ti_sysbios_knl_Clock_tickPeriod)
                  0000d244    00000004     ti_sysbios_config.o (.rodata.ti_sysbios_knl_Swi_numPriorities)
                  0000d248    00000001     ti_drivers_config.o (.rodata.GPIO_pinUpperBound)
                  0000d249    00000001     ti_drivers_config.o (.rodata.I2C_count)
                  0000d24a    00000001     ti_drivers_config.o (.rodata.SPI_count)
                  0000d24b    00000001     ti_drivers_config.o (.rodata.TemperatureCC26X2_config)
                  0000d24c    00000001     ti_sysbios_config.o (.rodata.ti_sysbios_knl_Clock_tickMode)
                  0000d24d    00000001     ti_sysbios_config.o (.rodata.ti_sysbios_knl_Task_checkStackFlag)
                  0000d24e    00000001     ti_sysbios_config.o (.rodata.ti_sysbios_knl_Task_initStackFlag)

__llvm_prf_cnts 
*          0    20000000    00000000     UNINITIALIZED

__llvm_prf_bits 
*          0    20000000    00000000     UNINITIALIZED

.TI.bound:dmaSpi0RxControlTableEntry 
*          0    20001830    00000010     UNINITIALIZED
                  20001830    00000010     ti_drivers_config.o (.TI.bound:dmaSpi0RxControlTableEntry)

.TI.bound:dmaSpi0TxControlTableEntry 
*          0    20001840    00000010     UNINITIALIZED
                  20001840    00000010     ti_drivers_config.o (.TI.bound:dmaSpi0TxControlTableEntry)

.TI.bound:dmaSpi0RxAltControlTableEntry 
*          0    20001a30    00000010     UNINITIALIZED
                  20001a30    00000010     ti_drivers_config.o (.TI.bound:dmaSpi0RxAltControlTableEntry)

.TI.bound:dmaSpi0TxAltControlTableEntry 
*          0    20001a40    00000010     UNINITIALIZED
                  20001a40    00000010     ti_drivers_config.o (.TI.bound:dmaSpi0TxAltControlTableEntry)

.args      0    0000d250    00000008     
                  0000d250    00000008     --HOLE-- [fill = 0]

MODULE SUMMARY

       Module                                     code    ro data   rw data
       ------                                     ----    -------   -------
    .\
       dashboard_task.o                           1204    28        7      
       init_task.o                                612     93        0      
       main.o                                     132     0         76     
    +--+------------------------------------------+-------+---------+---------+
       Total:                                     1948    121       83     
                                                                           
    .\source\driverlib\ssd1306\
       ssd1306.o                                  1430    512       1049   
    +--+------------------------------------------+-------+---------+---------+
       Total:                                     1430    512       1049   
                                                                           
    .\source\driverlib\w5500\
       w5500.o                                    1878    0         0      
    +--+------------------------------------------+-------+---------+---------+
       Total:                                     1878    0         0      
                                                                           
    .\source\ethernet\
       Dhcp.o                                     2696    7         0      
       socket.o                                   942     0         2      
       EthernetUdp.o                              704     0         0      
       EthernetClient.o                           698     0         4      
       IPAddress.o                                552     0         0      
       Ethernet.o                                 414     0         48     
       EthernetServer.o                           388     0         0      
       SPIfg.o                                    274     0         4      
       ArduinoCompatibility.o                     140     0         0      
       Printfg.o                                  84      0         0      
    +--+------------------------------------------+-------+---------+---------+
       Total:                                     6892    7         58     
                                                                           
    .\source\html\
       html.o                                     408     0         442    
    +--+------------------------------------------+-------+---------+---------+
       Total:                                     408     0         442    
[...]
0000b775  ti_sysbios_knl_ClockSupport_setNextTick                            
0000b78d  ti_sysbios_knl_TaskSupport_glue                                    
0000b7a5  ClockP_Params_init                                                 
0000b7bb  W5500_readGAR                                                      
0000b7d1  W5500_readSIPR                                                     
0000b7e7  W5500_readSUBR                                                     
0000b7fd  W5500_readSnCR                                                     
0000b813  W5500_readSnIR                                                     
0000b829  W5500_readSnSR                                                     
0000b83f  W5500_writeGAR                                                     
0000b855  W5500_writeSHAR                                                    
0000b86b  W5500_writeSIPR                                                    
0000b881  W5500_writeSUBR                                                    
0000b897  delay                                                              
0000b8ad  disconnect                                                         
0000b8ef  ti_sysbios_knl_Queue_construct                                     
0000b905  ti_sysbios_knl_Queue_empty                                         
0000b91b  ti_sysbios_runtime_SystemSupport_init                              
0000b931  ti_sysbios_runtime_System_exit                                     
0000b949  GPIO_read                                                          
0000b95d  GPIO_setUserArg                                                    
0000b999  SwiP_or                                                            
0000b9ad  Temperature_getTemperature                                         
0000b9c1  _args_main                                                         
0000b9d5  ti_sysbios_family_arm_cc26xx_TimestampProvider_init                
0000b9fd  ti_sysbios_knl_Swi_Instance_finalize                               
0000ba11  ti_sysbios_runtime_System_printf_va                                
0000ba25  __aeabi_ldivmod                                                    
0000ba39  __aeabi_memset                                                     
0000ba39  __aeabi_memset4                                                    
0000ba39  __aeabi_memset8                                                    
0000ba45  __aeabi_memclr                                                     
0000ba45  __aeabi_memclr4                                                    
0000ba45  __aeabi_memclr8                                                    
0000ba4d  __aeabi_uldivmod                                                   
0000ba61  EthernetUDP_endPacket                                              
0000ba73  I2C_transfer                                                       
0000ba85  ti_sysbios_family_arm_m3_Hwi_destruct                              
0000ba97  ti_sysbios_family_arm_m3_Hwi_doSwiRestore                          
0000baa9  ti_sysbios_family_arm_m3_Hwi_doTaskRestore                         
0000babb  ti_sysbios_heaps_HeapMem_Params_init                               
0000bacd  ti_sysbios_heaps_HeapMem_init                                      
0000badf  ti_sysbios_knl_Clock_Params_init                                   
0000baf1  ti_sysbios_knl_Clock_tick                                          
0000bb03  ti_sysbios_knl_Queue_Instance_init                                 
0000bb15  ti_sysbios_knl_Semaphore_Params_init                               
0000bb27  TI_memcpy_small                                                    
0000bb39  BIOS_start                                                         
0000bb49  ClockP_getCpuFreq                                                  
0000bb59  ClockP_start                                                       
0000bb69  ClockP_stop                                                        
0000bb79  Ethernet_gatewayIP                                                 
0000bb89  Ethernet_localIP                                                   
0000bb99  Ethernet_subnetMask                                                
0000bba9  GPIO_getUserArg                                                    
0000bbb9  GPIO_write                                                         
0000bbc9  HwiP_clearInterrupt                                                
0000bbd9  HwiP_destruct                                                      
0000bbe9  HwiP_disable                                                       
0000bbf9  HwiP_disableInterrupt                                              
0000bc09  HwiP_enableInterrupt                                               
0000bc19  HwiP_restore                                                       
0000bc29  PowerCC26X2_oscCtlClearXtal                                        
0000bc39  PowerCC26X2_prcmEnableCacheRetention                               
0000bc49  PowerCC26X2_readCtrim                                              
0000bc59  PowerCC26X2_readCtrimFract                                         
0000bc69  PowerCC26X2_readRtrim                                              
0000bc79  PowerCC26X2_switchToTCXO                                           
0000bc89  Power_getDependencyCount                                           
0000bc99  SemaphoreP_destruct                                                
0000bca9  SemaphoreP_post                                                    
0000bcb9  SwiP_destruct                                                      
0000bcc9  SwiP_post                                                          
0000bce9  W5500_getGatewayIp                                                 
0000bcf9  W5500_getIPAddress                                                 
0000bd09  W5500_getSubnetMask                                                
0000bd19  W5500_setGatewayIp                                                 
0000bd29  W5500_setIPAddress                                                 
0000bd39  W5500_setMACAddress                                                
0000bd49  W5500_setSubnetMask                                                
0000bd59  ti_sysbios_family_arm_cc26xx_Timer_setPeriod                       
0000bd69  ti_sysbios_knl_ClockSupport_getMaxTicks                            
0000bd79  ti_sysbios_knl_Clock_removeI                                       
0000bd89  ti_sysbios_knl_Clock_setTimeout                                    
0000bd99  ti_sysbios_knl_Idle_loop                                           
0000bda9  ti_sysbios_knl_Queue_destruct                                      
0000bdb9  ti_sysbios_knl_Queue_elemClear                                     
0000bdc9  ti_sysbios_knl_Swi_enabled                                         
0000bde9  __TI_zero_init                                                     
0000bdf9  BIOS_linkedWithIncorrectBootLibrary                                
0000be07  EthernetUDP_begin_init                                             
0000be3f  strcpy                                                             
0000be4d  strlen                                                             
0000be77  ti_sysbios_heaps_HeapMem_isBlocking                                
0000be85  ti_sysbios_knl_Clock_stop                                          
0000be93  ti_sysbios_runtime_SystemSupport_exit                              
0000bea1  TI_memset_small                                                    
0000beaf  __TI_decompress_none                                               
0000bec9  BIOS_getThreadType                                                 
0000bed5  ClockP_getSystemTickPeriod                                         
0000bee1  EthernetUDP_available                                              
0000beed  EthernetUDP_rawIPAddress                                           
0000bef9  EthernetUDP_remotePort                                             
0000bf05  I2C_Params_init                                                    
0000bf11  NOROM_CPUcpsid                                                     
0000bf1d  NOROM_CPUcpsie                                                     
0000bf35  PowerCC26X2_oscClockSourceGet                                      
0000bf41  PowerCC26X2_setPeriphDeepSleepEnable                               
0000bf4d  PowerCC26X2_sysCtrlGetResetSource                                  
0000bf59  PowerCC26X2_sysCtrlVoltageConditionalControl                       
0000bf65  Power_getConstraintMask                                            
0000bf71  SPI_Params_init                                                    
0000bf7d  STV_ReadFromAddress                                                
0000bf89  _register_lock                                                     
0000bf95  _register_unlock                                                   
0000bfa1  resetSS                                                            
0000bfad  setSS                                                              
0000bfc5  ti_sysbios_knl_Queue_head                                          
0000bfd1  ti_sysbios_knl_Queue_next                                          
0000bfdd  ti_sysbios_knl_Queue_prev                                          
0000bfe9  ti_sysbios_knl_Swi_postInit                                        
0000bff5  ti_sysbios_knl_Swi_self                                            
0000c001  ti_sysbios_knl_Task_self                                           
0000c02b  PowerCC26X2_sysCtrlStandby                                         
0000c035  SPICC26X2DMA_init                                                  
0000c03f  UDMACC26XX_hwiIntFxn                                               
0000c071  ti_sysbios_knl_Swi_startup                                         
0000c07b  ti_sysbios_runtime_Error_check                                     
0000c099  Boot_trimDevice                                                    
0000c0a1  DHCP_presend_DHCP                                                  
0000c0b1  I2CSupport_masterFinish                                            
0000c0b9  NOROM_CPUdelay                                                     
0000c0c9  PowerCC26X2_oschfTrySwitchToXosc                                   
0000c0d1  ResetISR                                                           
0000c0d9  __aeabi_errno_addr                                                 
0000c0e1  _system_post_cinit                                                 
0000c0e9  _system_pre_init                                                   
0000c0f9  ti_sysbios_family_arm_m3_Hwi_startup                               
0000c101  ti_sysbios_runtime_Startup_reset                                   
0000c109  ti_sysbios_runtime_System_exitSpin                                 
0000c111  I2CSupport_powerSetConstraint                                      
0000c117  SPI_transfer                                                       
0000c11d  random                                                             
0000c127  PowerCC26X2_oschfSwitchToRcosc                                     
0000c12b  PowerCC26X2_sysCtrlIdle                                            
0000c12f  PowerCC26X2_turnOnXosc                                             
0000c13b  ti_sysbios_gates_GateMutex_canBlock                                
0000c13f  ti_sysbios_knl_TaskSupport_getStackAlignment                       
0000c143  ti_sysbios_runtime_Memory_getMaxDefaultTypeAlign                   
0000c147  ti_sysbios_runtime_SystemSupport_ready                             
0000c14d  __aeabi_memcpy                                                     
0000c14d  __aeabi_memcpy4                                                    
0000c14d  __aeabi_memcpy8                                                    
0000cea4  ti_sysbios_family_arm_m3_Hwi_swiTaskKeyAddress                     
0000cfe0  resourceDB                                                         
0000d034  spiCC26X2DMAHWAttrs                                                
0000d098  SPI_defaultParams                                                  
0000d0b8  SSD1306_InitSequence                                               
0000d110  SPICC26X2DMA_fxnTable                                              
0000d158  i2cCC26xxHWAttrs                                                   
0000d188  PowerCC26X2_config                                                 
0000d1b0  GPIO_config                                                        
0000d1d0  RFCC26XX_hwAttrs                                                   
0000d1dc  SPI_config                                                         
0000d20c  I2C_config                                                         
0000d214  UDMACC26XX_config                                                  
0000d224  ti_sysbios_knl_Idle_funcList                                       
0000d22c  udmaCC26XXHWAttrs                                                  
0000d23b  GPIO_pinLowerBound                                                 
0000d240  ti_sysbios_knl_Clock_tickPeriod                                    
0000d244  ti_sysbios_knl_Swi_numPriorities                                   
0000d248  GPIO_pinUpperBound                                                 
0000d249  I2C_count                                                          
0000d24a  SPI_count                                                          
0000d24b  TemperatureCC26X2_config                                           
0000d24c  ti_sysbios_knl_Clock_tickMode                                      
0000d24d  ti_sysbios_knl_Task_checkStackFlag                                 
0000d24e  ti_sysbios_knl_Task_initStackFlag                                  
0000d250  __c_args__                                                         
0000d31c  __TI_Handler_Table_Base                                            
0000d328  __TI_Handler_Table_Limit                                           
0000d350  __TI_CINIT_Base                                                    
0000d380  __TI_CINIT_Limit                                                   
0000d380  __TI_CINIT_Warm                                                    
0004ffa8  __ccfg                                                             
20000000  __start___llvm_prf_bits                                            
20000000  __start___llvm_prf_cnts                                            
20000000  __stop___llvm_prf_bits                                             
20000000  __stop___llvm_prf_cnts                                             
20000000  ti_sysbios_family_arm_m3_Hwi_ramVectors                            
200000d8  PowerCC26X2_module                                                 
2000024c  gpioPinConfigs                                                     
20000330  ti_sysbios_knl_Clock_Module_state                                  
20000454  ti_sysbios_family_arm_m3_Hwi_Module_state                          
20000490  ti_sysbios_knl_Task_Module_state                                   
200004cc  BIOS_Module_state                                                  
200004f8  ti_sysbios_knl_Swi_Module_state                                    
20000520  Ethernet_server_port                                               
20000530  _hposcCoeffs                                                       
20000540  ti_sysbios_runtime_SysMin_Module_state                             
20000550  ti_sysbios_family_arm_cc26xx_Timer_Module_state                    
2000055c  ti_sysbios_runtime_Error_ignore                                    
20000568  ti_sysbios_runtime_System_Module_state                             
20000584  ti_sysbios_gates_GateMutex_Module_state                            
2000058c  ti_sysbios_heaps_HeapMem_Module_state                              
20000594  ti_sysbios_knl_Semaphore_Module_state                              
200005a0  EthernetClientPrintMethods                                         
200005a4  __aeabi_errno                                                      
200005a8  _lock                                                              
200005ac  _unlock                                                            
200005b4  ti_sysbios_runtime_Memory_defaultHeapInstance                      
200005bb  ti_sysbios_knl_Idle_initDone                                       
200005bc  ti_sysbios_runtime_Startup_done                                    
20001a50  __primary_heap_start__                                             
20005a50  __primary_heap_end__                                               
20005e58  ti_sysbios_knl_Idle_taskStack                                      
20006258  ti_sysbios_runtime_SysMin_outbuf                                   
20006ad4  i2cCC26xxObjects                                                   
20006c14  _CIOBUF_                                                           
20006c14  __CIOBUF_                                                          
20006d34  spiCC26X2DMAObjects                                                
20006e34  ti_sysbios_family_arm_m3_Hwi_dispatchTable                         
20006f0c  gpioCallbackFunctions                                              
20006f88  gpioUserArgs                                                       
20007008  ti_sysbios_knl_ClockSupport_timerStruct                            
20007068  ti_sysbios_knl_Idle_taskStruct                                     
200070c0  ti_sysbios_knl_Swi_readyQs                                         
200070f0  ti_sysbios_knl_Task_readyQs                                        
20007120  BIOS_heapMemObject                                                 
2000714c  BIOS_rtsGate                                                       
20007174  ti_sysbios_heaps_HeapMem_gate                                      
2000719c  dashboardTaskParams                                                
200071c0  initTaskParams                                                     
200071e4  Ethernet                                                           
20007204  ti_sysbios_runtime_System_atexitHandlers                           
20007224  udmaCC26XXObject                                                   
2000727c  ti_sysbios_hal_Seconds_Module_state                                
200072a8  parmbuf                                                            
200072c0  Init_SemaphoreHandle                                               
200072c4  PowerCC26XX_swiKey                                                 
200072c8  PowerCC26XX_taskKey                                                
200072cc  spi                                                                
200072d0  ti_sysbios_family_arm_cc26xx_TimestampProvider_Module_state        
200072d4  ti_sysbios_knl_Task_defaultStackHeap                               
200072d8  _counter                                                           
200072da  ethernetServer                                                     
20011a00  __stack                                                            
20012000  __STACK_END                                                        
ffffffff  __TI_pprof_out_hndl                                                
ffffffff  __TI_prof_data_size                                                
ffffffff  __TI_prof_data_start                                               
ffffffff  __binit__                                                          
ffffffff  binit                                                              
UNDEFED   ITM_flush                                                          
UNDEFED   ITM_restore                                                        
UNDEFED   __mpu_init                                                         

[655 symbols]
