******************************************************************************
            TI ARM Clang Linker PC v2.1.2                      
******************************************************************************
>> Linked Sun Jan 21 16:14:26 2024

OUTPUT FILE NAME:   <multiSniff_LP_CC2652RB_tirtos7_ticlang2.out>
ENTRY POINT SYMBOL: "ResetISR"  address: 0000b9a9


MEMORY CONFIGURATION

         name            origin    length      used     unused   attr    fill
----------------------  --------  ---------  --------  --------  ----  --------
  FLASH                 00000000   00050000  0000cc93  0004336d  R  X
  STV_R                 00050000   00000020  00000000  00000020  R   
  HTML                  00051000   00003000  00000000  00003000  R   
  GPRAM                 11000000   00002000  00000000  00002000  RW X
  SRAM                  20000000   00012000  000062cb  0000bd35  RW X
  MTU_BUFFER            20012000   00001500  00000000  00001500  RW  
  STV_W                 20013500   00000020  00000000  00000020   W  
  LOG_DATA              90000000   00040000  00000000  00040000  R   


SEGMENT ALLOCATION MAP

run origin  load origin   length   init length attrs members
----------  ----------- ---------- ----------- ----- -------
00000000    00000000    0000cb0b   0000cb0b    r-x
  00000000    00000000    0000003c   0000003c    r-- .resetVecs
  00000040    00000040    0000b9e8   0000b9e8    r-x .text
  0000ba28    0000ba28    000010e3   000010e3    r-- .rodata
0000cb0c    0000cb0c    00000008   00000008    rw-
  0000cb0c    0000cb0c    00000008   00000008    rw- .args
0000cb14    0000cb14    0000012c   0000012c    r--
  0000cb14    0000cb14    0000012c   0000012c    r-- .cinit
0004ffa8    0004ffa8    00000058   00000058    r--
  0004ffa8    0004ffa8    00000058   00000058    r-- .ccfg
200000d8    200000d8    000016ce   00000000    rw-
  200000d8    200000d8    000016ce   00000000    rw- .bss
20001830    20001830    00000010   00000000    rw-
  20001830    20001830    00000010   00000000    rw- .TI.bound:dmaSpi0RxControlTableEntry
20001840    20001840    00000010   00000000    rw-
  20001840    20001840    00000010   00000000    rw- .TI.bound:dmaSpi0TxControlTableEntry
20001a30    20001a30    00000010   00000000    rw-
  20001a30    20001a30    00000010   00000000    rw- .TI.bound:dmaSpi0RxAltControlTableEntry
20001a40    20001a40    00000010   00000000    rw-
  20001a40    20001a40    00000010   00000000    rw- .TI.bound:dmaSpi0TxAltControlTableEntry
20001a50    20001a50    00004000   00000000    r--
  20001a50    20001a50    00004000   00000000    r-- .priheap
20005a50    20005a50    000004e5   00000000    rw-
  20005a50    20005a50    000004e5   00000000    rw- .data
20011a00    20011a00    00000600   00000000    rw-
  20011a00    20011a00    00000600   00000000    rw- .stack


SECTION ALLOCATION MAP

 output                                  attributes/
section   page    origin      length       input sections
--------  ----  ----------  ----------   ----------------
.binit     0    00000000    00000000     

.cinit     0    0000cb14    0000012c     
                  0000cb14    000000c5     (.cinit..data.load) [load image, compression = lzss]
                  0000cbd9    00000003     --HOLE-- [fill = 0]
                  0000cbdc    0000000c     (__TI_handler_table)
                  0000cbe8    00000008     (.cinit..TI.bound:dmaSpi0RxAltControlTableEntry.load) [load image, compression = zero_init]
                  0000cbf0    00000008     (.cinit..TI.bound:dmaSpi0RxControlTableEntry.load) [load image, compression = zero_init]
                  0000cbf8    00000008     (.cinit..TI.bound:dmaSpi0TxAltControlTableEntry.load) [load image, compression = zero_init]
                  0000cc00    00000008     (.cinit..TI.bound:dmaSpi0TxControlTableEntry.load) [load image, compression = zero_init]
                  0000cc08    00000008     (.cinit..bss.load) [load image, compression = zero_init]
                  0000cc10    00000030     (__TI_cinit_table)

.init_array 
*          0    00000000    00000000     UNINITIALIZED

.ccfg      0    0004ffa8    00000058     
                  0004ffa8    00000058     ti_devices_config.o (.ccfg)

.bss       0    200000d8    000016ce     UNINITIALIZED
                  200000d8    00000401     ssd1306.o (.bss.SSD1306_LcdBufferInclStreamByte)
                  200004d9    00000002     ssd1306.o (.bss.SSD1306_SendCommand.buffer)
                  200004db    00000001     dashboard_task.o (.bss.Dashboard_Main.readDestination)
                  200004dc    00000004     ssd1306.o (.bss._i2c)
                  200004e0    00000400     (.common:ti_sysbios_knl_Idle_taskStack)
                  200008e0    00000400     (.common:ti_sysbios_runtime_SysMin_outbuf)
                  20000ce0    000002c0     rf_multiMode_cc26x2.a : RFCC26X2_multiMode.c.cc26x2.ticlang.o (.bss.RF_cmdPool)
                  20000fa0    00000140     (.common:i2cCC26xxObjects)
                  200010e0    00000120     libsysbm.a : trgmsg.c.obj (.bss:_CIOBUF_)
                  20001200    00000100     (.common:spiCC26X2DMAObjects)
                  20001300    000000d8     (.common:ti_sysbios_family_arm_m3_Hwi_dispatchTable)
                  200013d8    0000007c     (.common:gpioCallbackFunctions)
                  20001454    0000007c     (.common:gpioUserArgs)
                  200014d0    00000060     (.common:ti_sysbios_knl_ClockSupport_timerStruct)
                  20001530    00000058     (.common:ti_sysbios_knl_Idle_taskStruct)
                  20001588    00000030     (.common:ti_sysbios_knl_Swi_readyQs)
                  200015b8    00000030     (.common:ti_sysbios_knl_Task_readyQs)
                  200015e8    0000002c     (.common:BIOS_heapMemObject)
                  20001614    00000028     (.common:BIOS_rtsGate)
                  2000163c    00000028     (.common:ti_sysbios_heaps_HeapMem_gate)
                  20001664    00000024     (.common:dashboardTaskParams)
                  20001688    00000024     (.common:initTaskParams)
                  200016ac    00000020     (.common:Ethernet)
                  200016cc    00000020     (.common:ti_sysbios_runtime_System_atexitHandlers)
                  200016ec    00000020     (.common:udmaCC26XXObject)
                  2000170c    0000001c     drivers_cc26x2.a : TemperatureCC26X2.c.obj (.bss.batmonHwi)
                  20001728    0000001c                      : GPIOCC26X2.c.obj (.bss.gpioHwi)
                  20001744    00000014     (.common:ti_sysbios_hal_Seconds_Module_state)
                  20001758    00000010     ssd1306.o (.bss._i2cParams)
                  20001768    00000008     drivers_cc26x2.a : TemperatureCC26X2.c.obj (.bss.notificationList)
                  20001770    00000008     (.common:parmbuf)
                  20001778    00000004     driverlib.lib : osc.o (.bss.oscHfGlobals.0)
                  2000177c    00000004                   : osc.o (.bss.oscHfGlobals.2)
                  20001780    00000004                   : osc.o (.bss.oscHfGlobals.3)
                  20001784    00000004                   : osc.o (.bss.oscHfGlobals.4)
                  20001788    00000004     (.common:Init_SemaphoreHandle)
                  2000178c    00000004     (.common:PowerCC26XX_swiKey)
                  20001790    00000004     (.common:PowerCC26XX_taskKey)
                  20001794    00000004     (.common:spi)
                  20001798    00000004     (.common:ti_sysbios_family_arm_cc26xx_TimestampProvider_Module_state)
                  2000179c    00000004     (.common:ti_sysbios_knl_Task_defaultStackHeap)
                  200017a0    00000002     socket.o (.bss.local_port)
                  200017a2    00000002     (.common:_counter)
                  200017a4    00000002     (.common:ethernetServer)

.data      0    20005a50    000004e5     UNINITIALIZED
                  20005a50    00000174     drivers_cc26x2.a : PowerCC26X2.c.obj (.data.PowerCC26X2_module)
                  20005bc4    0000007c     ti_drivers_config.o (.data.gpioPinConfigs)
                  20005c40    00000068     rf_multiMode_cc26x2.a : RFCC26X2_multiMode.c.cc26x2.ticlang.o (.data..L_MergedGlobals.1)
                  20005ca8    00000068     ti_sysbios_config.o (.data.ti_sysbios_knl_Clock_Module_state)
                  20005d10    00000064     rf_multiMode_cc26x2.a : RFCC26X2_multiMode.c.cc26x2.ticlang.o (.data..L_MergedGlobals.3)
                  20005d74    00000058                           : RFCC26X2_multiMode.c.cc26x2.ticlang.o (.data..L_MergedGlobals.2)
                  20005dcc    0000003c     ti_sysbios_config.o (.data.ti_sysbios_family_arm_m3_Hwi_Module_state)
                  20005e08    0000003c     ti_sysbios_config.o (.data.ti_sysbios_knl_Task_Module_state)
                  20005e44    0000002c     ti_sysbios_config.o (.data.BIOS_Module_state)
                  20005e70    00000028     ti_sysbios_config.o (.data.ti_sysbios_knl_Swi_Module_state)
                  20005e98    00000010     Ethernet.o (.data.Ethernet_server_port)
                  20005ea8    00000010     driverlib.lib : osc.o (.data._hposcCoeffs)
                  20005eb8    00000010     ti_sysbios_config.o (.data.ti_sysbios_runtime_SysMin_Module_state)
                  20005ec8    0000000c     ti_sysbios_config.o (.data.ti_sysbios_family_arm_cc26xx_Timer_Module_state)
                  20005ed4    0000000c     ti_sysbios_config.o (.data.ti_sysbios_runtime_Error_ignore)
                  20005ee0    0000000c     ti_sysbios_config.o (.data.ti_sysbios_runtime_System_Module_state)
                  20005eec    00000008     rf_multiMode_cc26x2.a : RFCC26X2_multiMode.c.cc26x2.ticlang.o (.data..L_MergedGlobals)
                  20005ef4    00000008     ti_sysbios_config.o (.data.prefixStrings)
                  20005efc    00000008     ti_sysbios_config.o (.data.ti_sysbios_gates_GateMutex_Module_state)
                  20005f04    00000008     ti_sysbios_config.o (.data.ti_sysbios_heaps_HeapMem_Module_state)
                  20005f0c    00000008     ti_sysbios_config.o (.data.ti_sysbios_knl_Semaphore_Module_state)
                  20005f14    00000004     drivers_cc26x2.a : TemperatureCC26X2.c.obj (.data..L_MergedGlobals)
                  20005f18    00000004     EthernetClient.o (.data.EthernetClientPrintMethods)
                  20005f1c    00000004     libc.a : aeabi_portable.c.obj (.data.__aeabi_errno)
                  20005f20    00000004            : _lock.c.obj (.data._lock)
                  20005f24    00000004            : _lock.c.obj (.data._unlock)
                  20005f28    00000004     ti_sysbios_config.o (.data.terminatedList)
                  20005f2c    00000004     ti_sysbios_config.o (.data.ti_sysbios_runtime_Memory_defaultHeapInstance)
                  20005f30    00000001     drivers_cc26x2.a : GPIOCC26X2.c.obj (.data.initCalled)
                  20005f31    00000001                      : SPI.c.obj (.data.isInitialized)
                  20005f32    00000001                      : TemperatureCC26X2.c.obj (.data.isInitialized)
                  20005f33    00000001     ti_sysbios_config.o (.data.ti_sysbios_knl_Idle_initDone)
                  20005f34    00000001     ti_sysbios_config.o (.data.ti_sysbios_runtime_Startup_done)

.stack     0    20011a00    00000600     UNINITIALIZED
                  20011a00    00000004     sysbios.a : boot_cortex_m.obj (.stack)
                  20011a04    000005fc     --HOLE--

.priheap   0    20001a50    00004000     UNINITIALIZED
                  20001a50    00004000     --HOLE--

.log_data 
*          0    90000000    00000000     COPY SECTION

.resetVecs 
*          0    00000000    0000003c     
                  00000000    0000003c     ti_sysbios_config.o (.resetVecs)

.vecs      0    20000000    000000d8     NOLOAD SECTION
                  20000000    000000d8     ti_sysbios_config.o (.vecs)

.text      0    00000040    0000b9e8     
                  00000040    000005f0     ti_sysbios_config.o (.text.ti_sysbios_runtime_System_doPrint)
                  00000630    000005ea     driverlib.lib : osc.o (.text.findHposcCoefficients)
                  00000c1a    00000372     Dhcp.o (.text.DHCP_parseDHCPResponse)
                  00000f8c    000002de     log.o (.text.Log_print)
                  0000126a    00000002     ti_sysbios_config.o (.text.BIOS_nullFunc)
                  0000126c    000002c8     drivers_cc26x2.a : SPICC26X2DMA.c.obj (.text.SPICC26X2DMA_transfer)
                  00001534    0000025c     Dhcp.o (.text.DHCP_send_DHCP_MESSAGE)
                  00001790    00000236     Dhcp.o (.text.DHCP_request_DHCP_lease)
                  000019c6    00000002     ti_drivers_config.o (.text.Board_initHook)
                  000019c8    00000200     ti_sysbios_config.o (.text.ti_sysbios_runtime_System_printfExtend)
                  00001bc8    000001fa     ti_sysbios_config.o (.text.ti_sysbios_family_arm_m3_Hwi_excFillContext)
                  00001dc2    00000002     drivers_cc26x2.a : I2C.c.obj (.text.I2C_init)
                  00001dc4    000001b6     libclang_rt.builtins.a : adddf3.S.obj (.text)
                  00001f7a    000001ae     drivers_cc26x2.a : SPICC26X2DMA.c.obj (.text.SPICC26X2DMA_hwiFxn)
                  00002128    000001aa     ti_sysbios_config.o (.text.ti_sysbios_knl_TaskSupport_buildTaskStack)
                  000022d2    0000019a     ssd1306.o (.text.SSD1306_DrawLine)
                  0000246c    00000198     ti_sysbios_config.o (.text.ti_sysbios_family_arm_cc26xx_Timer_construct)
                  00002604    00000194     drivers_cc26x2.a : PowerCC26X2_calibrateRCOSC.c.obj (.text.PowerCC26X2_auxISR)
                  00002798    0000018e     ti_sysbios_config.o (.text.ti_sysbios_knl_Task_Instance_init)
                  00002926    00000002     libclang_rt.builtins.a : aeabi_div0.c.obj (.text.__aeabi_ldiv0)
                  00002928    00000188     drivers_cc26x2.a : SPICC26X2DMA.c.obj (.text.SPICC26X2DMA_open)
                  00002ab0    00000160                      : SPICC26X2DMA.c.obj (.text.configNextTransfer)
                  00002c10    00000158                      : PowerCC26X2.c.obj (.text.Power_sleep)
                  00002d68    0000014e     init_task.o (.text.Init_Main)
                  00002eb6    0000013e     ti_sysbios_config.o (.text.PowerCC26XX_standbyPolicy)
                  00002ff4    0000013e     ti_sysbios_config.o (.text.ti_sysbios_heaps_HeapMem_allocUnprotected)
                  00003132    00000002     libc.a : _lock.c.obj (.text._nop)
                  00003134    0000013c     drivers_cc26x2.a : I2CCC26XX.c.obj (.text.I2C_open)
                  00003270    0000013c     ti_sysbios_config.o (.text.ti_sysbios_knl_Clock_workFuncDynamic)
                  000033ac    00000136     IPAddress.o (.text.IPAddress_toString)
                  000034e2    00000002     drivers_cc26x2.a : PowerCC26X2.c.obj (.text.emptyClockFunc)
                  000034e4    00000136     libclang_rt.builtins.a : divdf3.S.obj (.text)
                  0000361a    00000002     ti_sysbios_config.o (.text.ti_sysbios_family_arm_cc26xx_Timer_startup)
                  0000361c    00000134     driverlib.lib : osc.o (.text.findHposcPc)
                  00003750    00000130     Dhcp.o (.text.DHCP_checkLease)
                  00003880    00000126     drivers_cc26x2.a : I2C.c.obj (.text.I2C_transferTimeout)
                  000039a6    00000002     ti_sysbios_config.o (.text.ti_sysbios_knl_TaskSupport_init)
                  000039a8    00000124     rf_multiMode_cc26x2.a : RFCC26X2_multiMode.c.cc26x2.ticlang.o (.text.RF_abortCmd)
                  00003acc    00000122     drivers_cc26x2.a : SPICC26X2DMA.c.obj (.text.SPICC26X2DMA_transferCancel)
                  00003bee    00000002     --HOLE-- [fill = 0]
                  00003bf0    0000011c     sysbios.a : Hwi_asm_gnu.obj (.text.ti_sysbios_family_arm_m3_Hwi_dispatch)
                  00003d0c    00000118     drivers_cc26x2.a : PowerCC26X2.c.obj (.text.Power_init)
                  00003e24    0000010e     ti_sysbios_config.o (.text.ti_sysbios_knl_Semaphore_pend)
                  00003f32    00000002     --HOLE-- [fill = 0]
                  00003f34    0000010c     drivers_cc26x2.a : PowerCC26X2_calibrateRCOSC.c.obj (.text.PowerCC26X2_calibrate)
                  00004040    0000010a     ssd1306.o (.text.SSD1306_DrawChar)
                  0000414a    0000010a     ti_sysbios_config.o (.text.ti_sysbios_knl_Task_Instance_finalize)
                  00004254    00000104     drivers_cc26x2.a : GPIOCC26X2.c.obj (.text.GPIO_init)
                  00004358    000000fe     dashboard_task.o (.text.Dashboard_Main)
                  00004456    000000fe     ti_sysbios_config.o (.text.ti_sysbios_family_arm_m3_Hwi_Instance_init)
                  00004554    000000fc     libclang_rt.builtins.a : muldf3.S.obj (.text)
                  00004650    000000f4     driverlib.lib : sys_ctrl.o (.text.NOROM_SysCtrlStandby)
                  00004744    000000ee     ti_sysbios_config.o (.text.ti_sysbios_knl_Clock_startI)
                  00004832    00000002     --HOLE-- [fill = 0]
                  00004834    000000e8     drivers_cc26x2.a : I2CCC26XX.c.obj (.text.I2CCC26XX_hwiFxn)
                  0000491c    000000e8     socket.o (.text.send)
                  00004a04    000000e4     driverlib.lib : setup.o (.text.NOROM_SetupTrimDevice)
                  00004ae8    000000e4     ti_sysbios_config.o (.text.ti_sysbios_family_arm_m3_Hwi_initNVIC)
                  00004bcc    000000da     ti_sysbios_config.o (.text.ti_sysbios_heaps_HeapMem_freeUnprotected)
                  00004ca6    00000002     --HOLE-- [fill = 0]
                  00004ca8    000000d8     drivers_cc26x2.a : SPICC26X2DMA.c.obj (.text.SPICC26X2DMA_control)
                  00004d80    000000d0                      : PowerCC26X2.c.obj (.text.configureXOSCHF)
                  00004e50    000000c4     driverlib.lib : setup.o (.text.TrimAfterColdResetWakeupFromShutDown)
                  00004f14    000000c0     ti_sysbios_config.o (.text.ti_sysbios_knl_Clock_walkQueueDynamic)
                  00004fd4    000000c0     ti_sysbios_config.o (.text.ti_sysbios_knl_Swi_restoreHwi)
                  00005094    000000c0     ti_sysbios_config.o (.text.ti_sysbios_runtime_System_formatNum)
                  00005154    000000be     gui.o (.text.GUI_Init)
                  00005212    000000bc     ti_sysbios_config.o (.text.ti_sysbios_knl_Task_postInit)
                  000052ce    000000b8     ti_sysbios_config.o (.text.ti_sysbios_knl_Swi_Instance_init)
                  00005386    000000b6     driverlib.lib : osc.o (.text.NOROM_OSC_HPOSCInitializeFrequencyOffsetParameters)
                  0000543c    000000b4                   : osc.o (.text.NOROM_OSCHF_AttemptToSwitchToXosc)
                  000054f0    000000b4     drivers_cc26x2.a : PowerCC26X2.c.obj (.text.Power_releaseDependency)
                  000055a4    000000b4     socket.o (.text.socket)
                  00005658    000000b0     drivers_cc26x2.a : PowerCC26X2.c.obj (.text.Power_setDependency)
                  00005708    000000b0     libclang_rt.builtins.a : udivmoddi4.S.obj (.text)
                  000057b8    000000a8     drivers_cc26x2.a : TemperatureCC26X2.c.obj (.text.temperatureHwiFxn)
                  00005860    000000a6     socket.o (.text.recv)
                  00005906    000000a2     ti_sysbios_config.o (.text.ti_sysbios_knl_TaskSupport_start)
                  000059a8    000000a0     drivers_cc26x2.a : I2CCC26XX.c.obj (.text.I2CCC26XX_swiFxn)
                  00005a48    0000009a     Ethernet.o (.text.Ethernet_begin_mac)
                  00005ae2    0000009a     ssd1306.o (.text.SSD1306_Init)
                  00005b7c    0000009a     ti_sysbios_config.o (.text.ti_sysbios_knl_Task_schedule)
                  00005c16    00000098     ti_sysbios_config.o (.text.ti_sysbios_hal_Seconds_getTime)
                  00005cae    00000096     EthernetUdp.o (.text.EthernetUDP_begin)
                  00005d44    00000094     Ethernet.o (.text.Ethernet_maintain)
                  00005dd8    00000094     rf_multiMode_cc26x2.a : RFCC26X2_multiMode.c.cc26x2.ticlang.o (.text.RF_hposcRfCompensateFxn)
                  00005e6c    00000094     ti_sysbios_config.o (.text.ti_sysbios_heaps_HeapMem_Instance_init)
                  00005f00    00000090     ti_sysbios_config.o (.text.ti_sysbios_knl_Task_sleep)
                  00005f90    0000008e     ssd1306.o (.text.SSD1306_DrawPixel)
                  0000601e    0000008e     ti_sysbios_config.o (.text.ti_sysbios_family_arm_m3_Hwi_excHandlerMin)
                  000060ac    0000008e     ti_sysbios_config.o (.text.ti_sysbios_knl_Swi_runLoop)
                  0000613a    00000002     --HOLE-- [fill = 0]
                  0000613c    0000008c     drivers_cc26x2.a : GPIOCC26XX.c.obj (.text.GPIO_setConfig)
                  000061c8    0000008c     ti_sysbios_config.o (.text.ti_sysbios_family_arm_m3_Hwi_construct2)
                  00006254    0000008a     EthernetClient.o (.text.EthernetClient_stop)
                  000062de    0000008a     EthernetServer.o (.text.EthernetServer_accept)
                  00006368    0000008a     EthernetServer.o (.text.EthernetServer_available)
                  000063f2    0000008a     ti_sysbios_config.o (.text.ti_sysbios_knl_Semaphore_post)
                  0000647c    00000088     rf_multiMode_cc26x2.a : RFCC26X2_multiMode.c.cc26x2.ticlang.o (.text.RF_discardPendCmd)
                  00006504    00000088     ti_sysbios_config.o (.text.ti_sysbios_family_arm_m3_Hwi_postInit)
                  0000658c    00000086     ti_sysbios_config.o (.text.ti_sysbios_runtime_Memory_alloc)
                  00006612    00000084     EthernetUdp.o (.text.EthernetUDP_parsePacket)
                  00006696    00000084     main.o (.text.main)
                  0000671a    00000082     EthernetClient.o (.text.EthernetClient_connected)
                  0000679c    00000082     ti_sysbios_config.o (.text.ti_sysbios_family_arm_m3_Hwi_getStackInfo)
                  0000681e    00000080     driverlib.lib : sys_ctrl.o (.text.NOROM_SysCtrlSetRechargeBeforePowerDown)
                  0000689e    0000007e     ti_drivers_config.o (.text.Board_sendExtFlashByte)
                  0000691c    0000007e     ssd1306.o (.text.SSD1306_UpdatePosition)
                  0000699a    0000007c     ti_sysbios_config.o (.text.SwiP_construct)
                  00006a16    0000007c     ti_sysbios_config.o (.text.ti_sysbios_family_arm_cc26xx_Timer_periodicStub)
                  00006a92    0000007c     ti_sysbios_config.o (.text.ti_sysbios_knl_Swi_schedule)
                  00006b0e    0000007a     ti_sysbios_config.o (.text.ti_sysbios_family_arm_m3_Hwi_dispatchC)
                  00006b88    0000007a     ti_sysbios_config.o (.text.ti_sysbios_knl_Idle_init)
                  00006c02    00000078     driverlib.lib : osc.o (.text.NOROM_OSCHF_SwitchToRcOscTurnOffXosc)
                  00006c7a    00000078                   : osc.o (.text.NOROM_OSC_CapArrayAdjustWorkaround_Boot)
                  00006cf2    00000002     --HOLE-- [fill = 0]
                  00006cf4    00000078     drivers_cc26x2.a : SPICC26X2DMA.c.obj (.text.SPICC26X2DMA_close)
                  00006d6c    00000078     ti_sysbios_config.o (.text.ti_sysbios_family_arm_m3_Hwi_disableInterrupt)
                  00006de4    00000078     ti_sysbios_config.o (.text.ti_sysbios_knl_Swi_run)
                  00006e5c    00000078     ti_sysbios_config.o (.text.ti_sysbios_knl_Task_blockI)
                  00006ed4    00000078     ti_sysbios_config.o (.text.ti_sysbios_knl_Task_startup)
                  00006f4c    00000076     gui.o (.text.GUI_ChangeProto)
                  00006fc2    00000002     --HOLE-- [fill = 0]
                  00006fc4    00000074     drivers_cc26x2.a : PowerCC26X2_calibrateRCOSC_helpers.c.obj (.text.PowerCC26X2_updateSubSecInc)
                  00007038    00000074                      : TemperatureCC26X2.c.obj (.text.Temperature_init)
                  000070ac    00000074     ti_sysbios_config.o (.text.ti_sysbios_heaps_HeapMem_getStats)
                  00007120    00000072     ti_sysbios_config.o (.text.ti_sysbios_family_arm_cc26xx_Timer_setThreshold)
                  00007192    00000070     EthernetServer.o (.text.EthernetServer_begin)
                  00007202    00000006     drivers_cc26x2.a : I2CCC26XX.c.obj (.text.I2CSupport_powerRelConstraint)
                  00007208    00000070     ArduinoCompatibility.o (.text.millis)
                  00007278    00000070     ti_sysbios_config.o (.text.ti_sysbios_family_arm_m3_Hwi_enableInterrupt)
                  000072e8    0000006e     ti_sysbios_config.o (.text.BIOS_init)
                  00007356    0000006e     ti_drivers_config.o (.text.Board_shutDownExtFlash)
                  000073c4    0000006e     libclang_rt.builtins.a : comparedf2.c.obj (.text.__gedf2)
                  00007432    00000002     --HOLE-- [fill = 0]
                  00007434    0000006e                            : comparedf2.c.obj (.text.__ledf2)
                  000074a2    0000006e     ti_sysbios_config.o (.text.ti_sysbios_knl_Clock_init)
                  00007510    0000006c     Dhcp.o (.text.DHCP_printByte)
                  0000757c    0000006c     EthernetUdp.o (.text.EthernetUDP_read_buf)
                  000075e8    0000006c     w5500.o (.text.W5500_read_buf)
                  00007654    0000006a     drivers_cc26x2.a : I2CCC26XX.c.obj (.text.I2CSupport_primeTransfer)
                  000076be    0000006a     w5500.o (.text.W5500_write_buf)
                  00007728    0000006a     libc.a : copy_decompress_lzss.c.obj (.text:decompress:lzss)
                  00007792    00000068     w5500.o (.text.W5500_send_data_processing_offset)
                  000077fa    00000066     EthernetClient.o (.text.EthernetClient_readBytesUntil)
                  00007860    00000066     ti_sysbios_config.o (.text.ti_sysbios_family_arm_cc26xx_Timer_start)
                  000078c6    00000066     ti_sysbios_config.o (.text.ti_sysbios_family_arm_m3_Hwi_Instance_finalize)
                  0000792c    00000064     drivers_cc26x2.a : PowerCC26X2_calibrateRCOSC.c.obj (.text.PowerCC26X2_initiateCalibration)
                  00007990    00000064     SPIfg.o (.text.SPI_transf)
                  000079f4    00000064     ssd1306.o (.text.SSD1306_DrawString)
                  00007a58    00000064     drivers_cc26x2.a : UDMACC26XX.c.obj (.text.UDMACC26XX_open)
                  00007abc    00000064                      : PowerCC26X2.c.obj (.text.oscillatorISR)
                  00007b20    00000062     socket.o (.text.bufferData)
                  00007b82    00000002     --HOLE-- [fill = 0]
                  00007b84    00000062     libclang_rt.builtins.a : aeabi_dcmp.S.obj (.text)
                  00007be6    00000060     Dhcp.o (.text.DHCP_beginWithDHCP)
                  00007c46    00000060     drivers_cc26x2.a : SPICC26X2DMA.c.obj (.text.csnCallback)
                  00007ca6    00000060     ti_sysbios_config.o (.text.ti_sysbios_knl_ClockSupport_init)
                  00007d06    0000005e     socket.o (.text.startUDP)
                  00007d64    0000005e     ti_sysbios_config.o (.text.ti_sysbios_knl_Swi_post)
                  00007dc2    0000005e     ti_sysbios_config.o (.text.ti_sysbios_runtime_Error_raiseX)
                  00007e20    0000005c     ti_sysbios_config.o (.text.ClockP_construct)
                  00007e7c    0000005c     libclang_rt.builtins.a : divmoddi4.c.obj (.text.__divmoddi4)
                  00007ed8    0000005c     ti_sysbios_config.o (.text.ti_sysbios_heaps_HeapMem_alloc)
                  00007f34    0000005c     ti_sysbios_config.o (.text.ti_sysbios_knl_Task_init)
                  00007f90    00000058     ti_sysbios_config.o (.text.AONRTCEventClear)
                  00007fe8    00000058     ti_sysbios_config.o (.text.HwiP_construct)
                  00008040    00000058     w5500.o (.text.W5500_recv_data_processing)
                  00008098    00000058     ti_sysbios_config.o (.text.ti_sysbios_family_arm_m3_Hwi_construct)
                  000080f0    00000058     sysbios.a : Hwi_asm_switch_gnu.obj (.text.ti_sysbios_family_arm_m3_Hwi_initStacks)
                  00008148    00000058     ti_sysbios_config.o (.text.ti_sysbios_heaps_HeapMem_construct)
                  000081a0    00000058     ti_sysbios_config.o (.text.ti_sysbios_knl_Swi_init)
                  000081f8    00000056     ti_sysbios_config.o (.text.AONRTCCompareValueSet)
                  0000824e    00000056     gui.o (.text.GUI_ChangeRx)
                  000082a4    00000056     ti_sysbios_config.o (.text.getTime)
                  000082fa    00000056     ti_sysbios_config.o (.text.ti_sysbios_family_arm_cc26xx_Timer_getCurrentTick)
                  00008350    00000056     ti_sysbios_config.o (.text.ti_sysbios_knl_Clock_Instance_init)
                  000083a6    00000056     ti_sysbios_config.o (.text.ti_sysbios_runtime_SystemSupport_flush)
                  000083fc    00000056     ti_sysbios_config.o (.text.ti_sysbios_runtime_System_atexit)
                  00008452    00000056     ti_sysbios_config.o (.text.ti_sysbios_runtime_System_putchar)
                  000084a8    00000054     ti_sysbios_config.o (.text.AONRTCChannelEnable)
                  000084fc    00000054     ti_sysbios_config.o (.text.BIOS_startFunc)
                  00008550    00000054     libsysbm.a : hostwrite.c.obj (.text.HOSTwrite)
                  000085a4    00000054     drivers_cc26x2.a : I2CCC26XX.c.obj (.text.I2CCC26XX_initHw)
                  000085f8    00000054     init_task.o (.text.STV_CopyStvFromFlashIfNotYet)
                  0000864c    00000052     driverlib.lib : chipinfo.o (.text.NOROM_ChipInfo_GetHwRevision)
                  0000869e    00000052     ti_sysbios_config.o (.text.usleep)
                  000086f0    00000050     rf_multiMode_cc26x2.a : RFCC26X2_multiMode.c.cc26x2.ticlang.o (.text.RF_enableHPOSCTemperatureCompensation)
                  00008740    00000050     ti_sysbios_config.o (.text.ti_sysbios_family_arm_cc26xx_Timer_setNextTick)
                  00008790    0000004e     w5500.o (.text.W5500_getRXReceivedSize)
                  000087de    0000004e     w5500.o (.text.W5500_getTXFreeSize)
                  0000882c    0000004e     ti_sysbios_config.o (.text.ti_sysbios_knl_Swi_restore)
                  0000887a    0000004c     driverlib.lib : osc.o (.text.NOROM_OSC_HPOSCRelativeFrequencyOffsetGet)
                  000088c6    00000002     --HOLE-- [fill = 0]
                  000088c8    0000004c     drivers_cc26x2.a : SPICC26X2DMA.c.obj (.text.initHw)
                  00008914    0000004c     SPIfg.o (.text.initSS)
                  00008960    0000004c     drivers_cc26x2.a : PowerCC26X2.c.obj (.text.switchXOSCHF)
                  000089ac    0000004c     ti_sysbios_config.o (.text.ti_sysbios_knl_Task_create)
                  000089f8    0000004c     ti_sysbios_config.o (.text.ti_sysbios_runtime_SystemSupport_putch)
                  00008a44    0000004c     ti_sysbios_config.o (.text.ti_sysbios_runtime_System_processAtExit)
                  00008a90    0000004a     SPIfg.o (.text.SPI_begin)
                  00008ada    0000004a     ti_sysbios_config.o (.text.ti_sysbios_knl_Task_construct)
                  00008b24    0000004a     ti_sysbios_config.o (.text.ti_sysbios_runtime_Error_print)
                  00008b6e    00000048     EthernetClient.o (.text.EthernetClient_timedRead)
                  00008bb6    00000002     --HOLE-- [fill = 0]
                  00008bb8    00000048     driverlib.lib : aux_sysif.o (.text.NOROM_AUXSYSIFOpModeChange)
                  00008c00    00000048     ssd1306.o (.text.SSD1306_SendCommand)
                  00008c48    00000048     drivers_cc26x2.a : TemperatureCC26X2.c.obj (.text.Temperature_registerNotifyRange)
                  00008c90    00000048     w5500.o (.text.W5500_init)
                  00008cd8    00000048     ti_sysbios_config.o (.text.ti_sysbios_family_arm_m3_Hwi_init)
                  00008d20    00000048     libclang_rt.builtins.a : fixdfsi.S.obj (.text)
                  00008d68    00000046     ti_sysbios_config.o (.text.ti_sysbios_knl_Semaphore_Instance_init)
                  00008dae    00000046     ti_sysbios_config.o (.text.ti_sysbios_knl_Swi_construct)
                  00008df4    00000046     ti_sysbios_config.o (.text.ti_sysbios_knl_Task_processVitalTaskFlag)
                  00008e3a    00000046     ti_sysbios_config.o (.text.ti_sysbios_knl_Task_unblockI)
                  00008e80    00000046     ti_sysbios_config.o (.text.ti_sysbios_runtime_SysMin_output)
                  00008ec6    00000044     ti_sysbios_config.o (.text.BIOS_rtsLock)
                  00008f0a    00000002     --HOLE-- [fill = 0]
                  00008f0c    00000044     drivers_cc26x2.a : GPIOCC26X2.c.obj (.text.GPIO_hwiIntFxn)
                  00008f50    00000044     gui.o (.text.GUI_ChangeDeviceIp)
                  00008f94    00000044     gui.o (.text.GUI_ChangeTargetIp)
                  00008fd8    00000044     driverlib.lib : prcm.o (.text.NOROM_PRCMPowerDomainsAllOff)
                  0000901c    00000044                   : prcm.o (.text.NOROM_PRCMPowerDomainsAllOn)
                  00009060    00000044     rf_multiMode_cc26x2.a : RFCC26X2_multiMode.c.cc26x2.ticlang.o (.text.RF_cmdGet)
                  000090a4    00000044     drivers_cc26x2.a : SPI.c.obj (.text.SPI_init)
                  000090e8    00000044     ti_sysbios_config.o (.text._pthread_cleanupFxn)
                  0000912c    00000044     drivers_cc26x2.a : TemperatureCC26X2.c.obj (.text.degreesToCode)
                  00009170    00000044                      : TemperatureCC26X2.c.obj (.text.setNextThresholds)
                  000091b4    00000044     ti_sysbios_config.o (.text.ti_sysbios_knl_Task_restore)
                  000091f8    00000044     libclang_rt.builtins.a : fixunsdfsi.S.obj (.text)
                  0000923c    00000044     restart.o (.text)
                  00009280    00000042     EthernetClient.o (.text.EthernetClient_write)
                  000092c2    00000042     EthernetUdp.o (.text.EthernetUDP_read)
                  00009304    00000042     ssd1306.o (.text.SSD1306_UpdateScreen)
                  00009346    00000040     Ethernet.o (.text.Ethernet_begin_mac_ip_dns_gateway_subnet)
                  00009386    00000002     --HOLE-- [fill = 0]
                  00009388    00000040     drivers_cc26x2.a : PowerCC26X2_calibrateRCOSC.c.obj (.text.PowerCC26X2_RCOSC_clockFunc)
                  000093c8    00000040                      : PowerCC26X2_calibrateRCOSC_helpers.c.obj (.text.PowerCC26X2_setAclkRefSrc)
                  00009408    00000040     rf_multiMode_cc26x2.a : RFCC26X2_multiMode.c.cc26x2.ticlang.o (.text.RF_updateHpOscOverride)
                  00009448    00000040     drivers_cc26x2.a : SPI.c.obj (.text.SPI_open)
                  00009488    00000040     ti_sysbios_config.o (.text.ti_sysbios_gates_GateMutex_enter)
                  000094c8    00000040     ti_sysbios_config.o (.text.ti_sysbios_knl_Semaphore_pendTimeout)
                  00009508    00000040     ti_sysbios_config.o (.text.ti_sysbios_knl_Task_exit)
                  00009548    0000003e     w5500.o (.text.W5500_read)
                  00009586    0000003e     w5500.o (.text.W5500_write)
                  000095c4    0000003e     socket.o (.text.sendUDP)
                  00009602    0000003e     ti_sysbios_config.o (.text.ti_sysbios_knl_Clock_getTicksUntilInterrupt)
                  00009640    0000003c     ti_sysbios_config.o (.text.BIOS_atExitFunc)
                  0000967c    0000003c     drivers_cc26x2.a : GPIO.c.obj (.text.GPIO_resetConfig)
                  000096b8    0000003c     driverlib.lib : sys_ctrl.o (.text.NOROM_SysCtrlIdle)
                  000096f4    0000003c     drivers_cc26x2.a : PowerCC26X2_calibrateRCOSC_helpers.c.obj (.text.PowerCC26X2_setTdcClkSrc24M)
                  00009730    0000003c     ti_sysbios_config.o (.text.ti_sysbios_family_arm_m3_Hwi_setPriority)
                  0000976c    0000003c     ti_sysbios_config.o (.text.ti_sysbios_knl_Task_restoreHwi)
                  000097a8    0000003c     drivers_cc26x2.a : TemperatureCC26X2.c.obj (.text.updateThresholds)
                  000097e4    0000003c     Printfg.o (.text.write_string)
                  00009820    0000003a     Ethernet.o (.text.Ethernet_begin_mac_ip_dns_gateway)
                  0000985a    0000003a     ssd1306.o (.text.sendData)
                  00009894    0000003a     ti_sysbios_config.o (.text.ti_sysbios_family_arm_m3_Hwi_clearInterrupt)
                  000098ce    00000038     ti_drivers_config.o (.text.Board_wakeUpExtFlash)
                  00009906    00000038     EthernetUdp.o (.text.EthernetUDP_stop)
                  0000993e    00000002     --HOLE-- [fill = 0]
                  00009940    00000038     drivers_cc26x2.a : PowerCC26X2_helpers.c.obj (.text.PowerCC26X2_oscDisableQualifiers)
                  00009978    00000038                      : UDMACC26XX.c.obj (.text.UDMACC26XX_close)
                  000099b0    00000038     w5500.o (.text.W5500_readSnRX_RD)
                  000099e8    00000038     w5500.o (.text.W5500_readSnRX_RSR)
                  00009a20    00000038     w5500.o (.text.W5500_readSnTX_FSR)
                  00009a58    00000038     w5500.o (.text.W5500_readSnTX_WR)
                  00009a90    00000038     socket.o (.text.listen)
                  00009ac8    00000038     ti_sysbios_config.o (.text.ti_sysbios_runtime_Startup_exec)
                  00009b00    00000038     libc.a : autoinit.c.obj (.text:__TI_auto_init_nobinit_nopinit)
                  00009b38    00000038     libclang_rt.builtins.a : extendsfdf2.S.obj (.text)
                  00009b70    00000036     ti_sysbios_config.o (.text.BIOS_rtsUnlock)
                  00009ba6    00000036     ti_sysbios_config.o (.text.SemaphoreP_pend)
                  00009bdc    00000036     ti_sysbios_config.o (.text.ti_sysbios_knl_Swi_construct2)
                  00009c12    00000002     --HOLE-- [fill = 0]
                  00009c14    00000034     drivers_cc26x2.a : PowerCC26X2.c.obj (.text.Power_releaseConstraint)
                  00009c48    00000034     rf_multiMode_cc26x2.a : RFCC26X2_multiMode.c.cc26x2.ticlang.o (.text.RF_runDirectImmediateCmd)
                  00009c7c    00000034     w5500.o (.text.W5500_read_data)
                  00009cb0    00000034     w5500.o (.text.W5500_writeSn_buf)
                  00009ce4    00000034     libsysbm.a : trgmsg.c.obj (.text.__TI_writemsg)
                  00009d18    00000034     ti_sysbios_config.o (.text.ti_sysbios_family_arm_cc26xx_Timer_getMaxTicks)
                  00009d4c    00000034     ti_sysbios_config.o (.text.ti_sysbios_knl_Queue_put)
                  00009d80    00000034     ti_sysbios_config.o (.text.ti_sysbios_runtime_System_vprintf)
                  00009db4    00000034     sysbios.a : boot_cortex_m.obj (.text:_c_int00)
                  00009de8    00000032     ti_drivers_config.o (.text.Board_init)
                  00009e1a    00000032     EthernetUdp.o (.text.EthernetUDP_write)
                  00009e4c    00000032     ti_sysbios_config.o (.text.ti_sysbios_knl_Semaphore_create)
                  00009e7e    00000030     EthernetClient.o (.text.EthernetClient_read)
                  00009eae    00000002     --HOLE-- [fill = 0]
                  00009eb0    00000030     drivers_cc26x2.a : GPIOCC26XX.c.obj (.text.GPIO_setInterruptConfig)
                  00009ee0    00000030                      : PowerCC26X2.c.obj (.text.Power_setConstraint)
                  00009f10    00000030     w5500.o (.text.W5500_writeSn)
                  00009f40    00000030     libsysbm.a : trgmsg.c.obj (.text.__TI_readmsg)
                  00009f70    00000030     drivers_cc26x2.a : PowerCC26X2.c.obj (.text.notify)
                  00009fa0    00000030     ti_sysbios_config.o (.text.ti_sysbios_family_arm_m3_Hwi_plug)
                  00009fd0    00000030     ti_sysbios_config.o (.text.ti_sysbios_heaps_HeapMem_free)
                  0000a000    00000030     ti_sysbios_config.o (.text.ti_sysbios_knl_Clock_construct)
                  0000a030    00000030     ti_sysbios_config.o (.text.ti_sysbios_knl_Idle_run)
                  0000a060    0000002e     EthernetClient.o (.text.EthernetClient_status)
                  0000a08e    0000002e     EthernetUdp.o (.text.EthernetUDP_beginPacket_ip)
                  0000a0bc    0000002e     driverlib.lib : chipinfo.o (.text.NOROM_ThisLibraryIsFor_CC13x2_CC26x2_HwRev20AndLater_HaltIfViolated)
                  0000a0ea    0000002e     ti_sysbios_config.o (.text._pthread_delete)
                  0000a118    0000002e     ti_sysbios_config.o (.text.ti_sysbios_family_arm_m3_Hwi_initStack)
                  0000a146    0000002e     ti_sysbios_config.o (.text.ti_sysbios_gates_GateMutex_Instance_init)
                  0000a174    0000002e     libclang_rt.builtins.a : floatsidf.S.obj (.text)
                  0000a1a2    0000002c     ti_sysbios_config.o (.text.BIOS_registerRTSLock)
                  0000a1ce    0000002c     ti_sysbios_config.o (.text.BIOS_removeRTSLock)
                  0000a1fa    00000002     --HOLE-- [fill = 0]
                  0000a1fc    0000002c     rf_multiMode_cc26x2.a : RFCC26X2_multiMode.c.cc26x2.ticlang.o (.text.RF_executeDirectImmediateCmd)
                  0000a228    0000002c     ti_sysbios_config.o (.text.SemaphoreP_createBinary)
                  0000a254    0000002c     drivers_cc26x2.a : TemperatureCC26X2.c.obj (.text.Temperature_unregisterNotify)
                  0000a280    0000002c     w5500.o (.text.W5500_execCmdSn)
                  0000a2ac    0000002c     w5500.o (.text.W5500_writeSnDPORT)
                  0000a2d8    0000002c     w5500.o (.text.W5500_writeSnPORT)
                  0000a304    0000002c     w5500.o (.text.W5500_writeSnRX_RD)
                  0000a330    0000002c     w5500.o (.text.W5500_writeSnTX_WR)
                  0000a35c    0000002c     ti_sysbios_config.o (.text.ti_sysbios_knl_Semaphore_construct)
                  0000a388    0000002c     ti_sysbios_config.o (.text.ti_sysbios_runtime_Memory_free)
                  0000a3b4    0000002a     IPAddress.o (.text.IPAddress_Init_str)
                  0000a3de    0000002a     driverlib.lib : osc.o (.text.NOROM_OSCHF_TurnOnXosc)
                  0000a408    0000002a     drivers_cc26x2.a : SPICC26X2DMA.c.obj (.text.SPICC26X2DMA_swiFxn)
                  0000a432    0000002a     ti_sysbios_config.o (.text.SemaphoreP_constructBinary)
                  0000a45c    0000002a     ti_sysbios_config.o (.text.ti_sysbios_knl_Clock_initI)
                  0000a486    0000002a     ti_sysbios_config.o (.text.ti_sysbios_knl_Task_enter)
                  0000a4b0    00000028     EthernetClient.o (.text.EthernetClient_available)
                  0000a4d8    00000028     drivers_cc26x2.a : I2C.c.obj (.text.I2C_cancel)
                  0000a500    00000028                      : List.c.obj (.text.List_remove)
                  0000a528    00000028     rf_multiMode_cc26x2.a : RFCC26X2_multiMode.c.cc26x2.ticlang.o (.text.RF_cmdStoreEvents)
                  0000a550    00000028     w5500.o (.text.W5500_readSn)
                  0000a578    00000028     sysbios.a : Hwi_asm_gnu.obj (.text.ti_sysbios_family_arm_m3_Hwi_excHandlerAsm)
                  0000a5a0    00000028     ti_sysbios_config.o (.text.ti_sysbios_gates_GateMutex_construct)
                  0000a5c8    00000028     ti_sysbios_config.o (.text.ti_sysbios_knl_Queue_enqueue)
                  0000a5f0    00000028     ti_sysbios_config.o (.text.ti_sysbios_knl_Swi_or)
                  0000a618    00000028     sysbios.a : TaskSupport_asm_gnu.obj (.text.ti_sysbios_knl_TaskSupport_swap)
                  0000a640    00000028     ti_sysbios_config.o (.text.ti_sysbios_knl_Task_sleepTimeout)
                  0000a668    00000028     ti_sysbios_config.o (.text.ti_sysbios_runtime_System_init)
                  0000a690    00000028     ti_sysbios_config.o (.text.ti_sysbios_runtime_System_printf)
                  0000a6b8    00000026     drivers_cc26x2.a : SPICC26X2DMA.c.obj (.text.flushFifos)
                  0000a6de    00000026     ti_sysbios_config.o (.text.ti_sysbios_family_arm_m3_Hwi_getHandle)
                  0000a704    00000026     ti_sysbios_config.o (.text.ti_sysbios_knl_Swi_destruct)
                  0000a72a    00000026     ti_sysbios_config.o (.text.ti_sysbios_knl_Task_allBlockedFunction)
                  0000a750    00000026     ti_sysbios_config.o (.text.ti_sysbios_knl_Task_delete)
                  0000a776    00000026     ti_sysbios_config.o (.text.ti_sysbios_knl_Task_destruct)
                  0000a79c    00000024     Ethernet.o (.text.Ethernet_begin_mac_ip_dns)
                  0000a7c0    00000024     drivers_cc26x2.a : List.c.obj (.text.List_put)
                  0000a7e4    00000024                      : PowerCC26X2_helpers.c.obj (.text.PowerCC26X2_setSubSecIncToXoscLf)
                  0000a808    00000024                      : PowerCC26X2_calibrateRCOSC_helpers.c.obj (.text.PowerCC26X2_writeCtrim)
                  0000a82c    00000024                      : PowerCC26X2_calibrateRCOSC_helpers.c.obj (.text.PowerCC26X2_writeCtrimFract)
                  0000a850    00000024                      : PowerCC26X2_calibrateRCOSC_helpers.c.obj (.text.PowerCC26X2_writeCtrimFractEn)
                  0000a874    00000024                      : PowerCC26X2_calibrateRCOSC_helpers.c.obj (.text.PowerCC26X2_writeRtrim)
                  0000a898    00000024                      : PowerCC26X2.c.obj (.text.Power_registerNotify)
                  0000a8bc    00000024     ssd1306.o (.text.SSD1306_SetPosition)
                  0000a8e0    00000024     drivers_cc26x2.a : SPICC26X2DMA.c.obj (.text.releaseConstraint)
                  0000a904    00000024     ti_sysbios_config.o (.text.ti_sysbios_family_arm_cc26xx_Timer_Params_init)
                  0000a928    00000024     ti_sysbios_config.o (.text.ti_sysbios_knl_Task_Params_init)
                  0000a94c    00000022     ti_sysbios_config.o (.text.BIOS_setThreadType)
                  0000a96e    00000022     w5500.o (.text.W5500_send_data_processing)
                  0000a990    00000022     libc.a : memcmp.c.obj (.text.memcmp)
                  0000a9b2    00000022     ti_sysbios_config.o (.text.ti_sysbios_gates_GateMutex_leave)
                  0000a9d4    00000022     ti_sysbios_config.o (.text.ti_sysbios_heaps_HeapMem_restore)
                  0000a9f6    00000022     ti_sysbios_config.o (.text.ti_sysbios_knl_Clock_getTicks)
                  0000aa18    00000022     ti_sysbios_config.o (.text.ti_sysbios_knl_Clock_scheduleNextTick)
                  0000aa3a    00000022     ti_sysbios_config.o (.text.ti_sysbios_knl_Queue_dequeue)
                  0000aa5c    00000022     ti_sysbios_config.o (.text.ti_sysbios_knl_Semaphore_destruct)
                  0000aa7e    00000020     Dhcp.o (.text.DHCP_reset_DHCP_lease)
                  0000aa9e    00000020     Ethernet.o (.text.Ethernet_begin_mac_ip)
                  0000aabe    00000002     --HOLE-- [fill = 0]
                  0000aac0    00000020     rf_multiMode_cc26x2.a : rfc.c.cc26x2.ticlang.o (.text.NOROM_RFCDoorbellSendTo)
                  0000aae0    00000020                           : rfc.c.cc26x2.ticlang.o (.text.NOROM_RFCOverrideSearch)
                  0000ab00    00000020     drivers_cc26x2.a : PowerCC26X2_helpers.c.obj (.text.PowerCC26X2_disableTCXOQual)
                  0000ab20    00000020                      : PowerCC26X2_helpers.c.obj (.text.PowerCC26X2_enableTCXOQual)
                  0000ab40    00000020     ti_sysbios_config.o (.text.PowerCC26XX_schedulerDisable)
                  0000ab60    00000020     ti_sysbios_config.o (.text.PowerCC26XX_schedulerRestore)
                  0000ab80    00000020     drivers_cc26x2.a : PowerCC26X2.c.obj (.text.Power_unregisterNotify)
                  0000aba0    00000020     rf_multiMode_cc26x2.a : RFCC26X2_multiMode.c.cc26x2.ticlang.o (.text.RF_invokeGlobalCallback)
                  0000abc0    00000020     socket.o (.text.close)
                  0000abe0    00000020     ti_sysbios_config.o (.text.ti_sysbios_family_arm_cc26xx_Timer_postInit)
                  0000ac00    00000020     ti_sysbios_config.o (.text.ti_sysbios_family_arm_m3_Hwi_excHandler)
                  0000ac20    00000020     ti_sysbios_config.o (.text.ti_sysbios_knl_ClockSupport_getCurrentTick)
                  0000ac40    00000020     libclang_rt.builtins.a : floatunsidf.S.obj (.text)
                  0000ac60    0000001e     ti_sysbios_config.o (.text.SwiP_Params_init)
                  0000ac7e    0000001e     w5500.o (.text.W5500_writeSnCR)
                  0000ac9c    0000001e     w5500.o (.text.W5500_writeSnIR)
                  0000acba    0000001e     w5500.o (.text.W5500_writeSnMR)
                  0000acd8    0000001e     sysbios.a : Hwi_asm_switch_gnu.obj (.text.ti_sysbios_family_arm_m3_Hwi_switchAndRunFunc)
                  0000acf6    0000001e     ti_sysbios_config.o (.text.ti_sysbios_family_arm_m3_Hwi_switchFromBootStack)
                  0000ad14    0000001e     ti_sysbios_config.o (.text.ti_sysbios_knl_Task_unblock)
                  0000ad32    0000001c     EthernetClient.o (.text.EthernetClient_begin)
                  0000ad4e    0000001c     EthernetClient.o (.text.EthernetClient_print)
                  0000ad6a    0000001c     EthernetUdp.o (.text.EthernetUDP_flush)
                  0000ad86    00000002     --HOLE-- [fill = 0]
                  0000ad88    0000001c     drivers_cc26x2.a : GPIO.c.obj (.text.GPIO_setCallback)
                  0000ada4    0000001c                      : GPIOCC26XX.c.obj (.text.GPIO_setMux)
                  0000adc0    0000001c     ti_sysbios_config.o (.text.HwiP_Params_init)
                  0000addc    0000001c     drivers_cc26x2.a : PowerCC26X2.c.obj (.text.Power_getTransitionLatency)
                  0000adf8    0000001c     w5500.o (.text.W5500_writeSnDIPR)
                  0000ae14    0000001c     drivers_cc26x2.a : TemperatureCC26X2.c.obj (.text.setTempLowerLimit)
                  0000ae30    0000001c                      : TemperatureCC26X2.c.obj (.text.setTempUpperLimit)
                  0000ae4c    0000001c     ti_sysbios_config.o (.text.ti_sysbios_family_arm_cc26xx_Timer_dynamicStub)
                  0000ae68    0000001c     ti_sysbios_config.o (.text.ti_sysbios_family_arm_m3_Hwi_Params_init)
                  0000ae84    0000001c     ti_sysbios_config.o (.text.ti_sysbios_knl_Clock_enqueueI)
                  0000aea0    0000001c     ti_sysbios_config.o (.text.ti_sysbios_knl_Clock_start)
                  0000aebc    0000001c     ti_sysbios_config.o (.text.ti_sysbios_knl_Queue_remove)
                  0000aed8    0000001c     ti_sysbios_config.o (.text.ti_sysbios_knl_Swi_Params_init)
                  0000aef4    0000001c     ti_sysbios_config.o (.text.ti_sysbios_knl_Swi_disable)
                  0000af10    0000001c     ti_sysbios_config.o (.text.ti_sysbios_knl_Task_disable)
                  0000af2c    0000001a     ti_sysbios_config.o (.text.BIOS_exitFunc)
                  0000af46    0000001a     ti_sysbios_config.o (.text.BIOS_getCpuFreq)
                  0000af60    0000001a     dashboard_task.o (.text.Dashboard_SendHtml)
                  0000af7a    0000001a     drivers_cc26x2.a : I2CCC26XX.c.obj (.text.I2CCC26XX_completeTransfer)
                  0000af94    0000001a     ti_sysbios_config.o (.text.ti_sysbios_knl_Semaphore_Instance_finalize)
                  0000afae    00000018     ti_sysbios_config.o (.text.BIOS_exit)
                  0000afc6    00000018     Dhcp.o (.text.DHCP_getDnsServerIp)
                  0000afde    00000018     Dhcp.o (.text.DHCP_getGatewayIp)
                  0000aff6    00000018     Dhcp.o (.text.DHCP_getLocalIp)
                  0000b00e    00000018     Dhcp.o (.text.DHCP_getSubnetMask)
                  0000b026    00000002     --HOLE-- [fill = 0]
                  0000b028    00000018     drivers_cc26x2.a : GPIOCC26XX.c.obj (.text.GPIO_disableInt)
                  0000b040    00000018                      : PowerCC26X2.c.obj (.text.PowerCC26XX_calibrate)
                  0000b058    00000018                      : PowerCC26X2.c.obj (.text.Power_idleFunc)
                  0000b070    00000018     init_task.o (.text.STV_WriteAtAddress)
                  0000b088    00000018     Printfg.o (.text.print)
                  0000b0a0    00000018     ti_sysbios_config.o (.text.ti_sysbios_family_arm_cc26xx_Timer_getCount64)
                  0000b0b8    00000018     ti_sysbios_config.o (.text.ti_sysbios_knl_ClockSupport_setNextTick)
                  0000b0d0    00000018     sysbios.a : TaskSupport_asm_gnu.obj (.text.ti_sysbios_knl_TaskSupport_glue)
                  0000b0e8    00000016     ti_sysbios_config.o (.text.ClockP_Params_init)
                  0000b0fe    00000016     w5500.o (.text.W5500_readSIPR)
                  0000b114    00000016     w5500.o (.text.W5500_readSnCR)
                  0000b12a    00000016     w5500.o (.text.W5500_readSnIR)
                  0000b140    00000016     w5500.o (.text.W5500_readSnSR)
                  0000b156    00000016     w5500.o (.text.W5500_writeGAR)
                  0000b16c    00000016     w5500.o (.text.W5500_writeSHAR)
                  0000b182    00000016     w5500.o (.text.W5500_writeSIPR)
                  0000b198    00000016     w5500.o (.text.W5500_writeSUBR)
                  0000b1ae    00000016     ArduinoCompatibility.o (.text.delay)
                  0000b1c4    00000016     socket.o (.text.disconnect)
                  0000b1da    00000016     ti_sysbios_config.o (.text.ti_sysbios_family_arm_m3_Hwi_enable)
                  0000b1f0    00000016     ti_sysbios_config.o (.text.ti_sysbios_knl_Intrinsics_maxbit)
                  0000b206    00000016     ti_sysbios_config.o (.text.ti_sysbios_knl_Queue_construct)
                  0000b21c    00000016     ti_sysbios_config.o (.text.ti_sysbios_knl_Queue_empty)
                  0000b232    00000016     ti_sysbios_config.o (.text.ti_sysbios_runtime_SystemSupport_init)
                  0000b248    00000016     ti_sysbios_config.o (.text.ti_sysbios_runtime_System_exit)
                  0000b25e    00000002     --HOLE-- [fill = 0]
                  0000b260    00000014     drivers_cc26x2.a : GPIOCC26XX.c.obj (.text.GPIO_read)
                  0000b274    00000014                      : GPIO.c.obj (.text.GPIO_setUserArg)
                  0000b288    00000014                      : I2CCC26XX.c.obj (.text.I2CCC26XX_postNotify)
                  0000b29c    00000014                      : SPICC26X2DMA.c.obj (.text.OUTLINED_FUNCTION_0)
                  0000b2b0    00000014     ti_sysbios_config.o (.text.SwiP_or)
                  0000b2c4    00000014     drivers_cc26x2.a : TemperatureCC26X2.c.obj (.text.Temperature_getTemperature)
                  0000b2d8    00000014     libc.a : args_main.c.obj (.text._args_main)
                  0000b2ec    00000014     ti_sysbios_config.o (.text.ti_sysbios_family_arm_cc26xx_TimestampProvider_init)
                  0000b300    00000014     ti_sysbios_config.o (.text.ti_sysbios_family_arm_m3_Hwi_disable)
                  0000b314    00000014     ti_sysbios_config.o (.text.ti_sysbios_knl_Swi_Instance_finalize)
                  0000b328    00000014     ti_sysbios_config.o (.text.ti_sysbios_runtime_System_printf_va)
                  0000b33c    00000014     libclang_rt.builtins.a : aeabi_ldivmod.S.obj (.text)
                  0000b350    00000014                            : aeabi_memset.S.obj (.text)
                  0000b364    00000014                            : aeabi_uldivmod.S.obj (.text)
                  0000b378    00000012     EthernetUdp.o (.text.EthernetUDP_endPacket)
                  0000b38a    00000012     drivers_cc26x2.a : I2C.c.obj (.text.I2C_transfer)
                  0000b39c    00000012     ti_sysbios_config.o (.text.ti_sysbios_family_arm_m3_Hwi_destruct)
                  0000b3ae    00000012     ti_sysbios_config.o (.text.ti_sysbios_family_arm_m3_Hwi_doSwiRestore)
                  0000b3c0    00000012     ti_sysbios_config.o (.text.ti_sysbios_family_arm_m3_Hwi_doTaskRestore)
                  0000b3d2    00000012     ti_sysbios_config.o (.text.ti_sysbios_heaps_HeapMem_Params_init)
                  0000b3e4    00000012     ti_sysbios_config.o (.text.ti_sysbios_heaps_HeapMem_init)
                  0000b3f6    00000012     ti_sysbios_config.o (.text.ti_sysbios_knl_Clock_Params_init)
                  0000b408    00000012     ti_sysbios_config.o (.text.ti_sysbios_knl_Clock_tick)
                  0000b41a    00000012     ti_sysbios_config.o (.text.ti_sysbios_knl_Queue_Instance_init)
                  0000b42c    00000012     ti_sysbios_config.o (.text.ti_sysbios_knl_Semaphore_Params_init)
                  0000b43e    00000012     libc.a : memcpy_t2.S.obj (.text:TI_memcpy_small)
                  0000b450    00000010     ti_sysbios_config.o (.text.BIOS_start)
                  0000b460    00000010     ti_sysbios_config.o (.text.ClockP_getCpuFreq)
                  0000b470    00000010     ti_sysbios_config.o (.text.ClockP_start)
                  0000b480    00000010     ti_sysbios_config.o (.text.ClockP_stop)
                  0000b490    00000010     Ethernet.o (.text.Ethernet_localIP)
                  0000b4a0    00000010     drivers_cc26x2.a : GPIO.c.obj (.text.GPIO_getUserArg)
                  0000b4b0    00000010                      : GPIOCC26XX.c.obj (.text.GPIO_write)
                  0000b4c0    00000010     ti_sysbios_config.o (.text.HwiP_clearInterrupt)
                  0000b4d0    00000010     ti_sysbios_config.o (.text.HwiP_destruct)
                  0000b4e0    00000010     ti_sysbios_config.o (.text.HwiP_disable)
                  0000b4f0    00000010     ti_sysbios_config.o (.text.HwiP_disableInterrupt)
                  0000b500    00000010     ti_sysbios_config.o (.text.HwiP_enableInterrupt)
                  0000b510    00000010     ti_sysbios_config.o (.text.HwiP_restore)
                  0000b520    00000010     drivers_cc26x2.a : PowerCC26X2_helpers.c.obj (.text.PowerCC26X2_oscCtlClearXtal)
                  0000b530    00000010                      : PowerCC26X2_helpers.c.obj (.text.PowerCC26X2_prcmEnableCacheRetention)
                  0000b540    00000010                      : PowerCC26X2_calibrateRCOSC_helpers.c.obj (.text.PowerCC26X2_readCtrim)
                  0000b550    00000010                      : PowerCC26X2_calibrateRCOSC_helpers.c.obj (.text.PowerCC26X2_readCtrimFract)
                  0000b560    00000010                      : PowerCC26X2_calibrateRCOSC_helpers.c.obj (.text.PowerCC26X2_readRtrim)
                  0000b570    00000010                      : PowerCC26X2_helpers.c.obj (.text.PowerCC26X2_switchToTCXO)
                  0000b580    00000010                      : PowerCC26X2.c.obj (.text.Power_getDependencyCount)
                  0000b590    00000010     ti_sysbios_config.o (.text.SemaphoreP_destruct)
                  0000b5a0    00000010     ti_sysbios_config.o (.text.SemaphoreP_post)
                  0000b5b0    00000010     ti_sysbios_config.o (.text.SwiP_destruct)
                  0000b5c0    00000010     ti_sysbios_config.o (.text.SwiP_post)
                  0000b5d0    00000010     ti_sysbios_config.o (.text.SysCtrlAonUpdate)
                  0000b5e0    00000010     w5500.o (.text.W5500_getIPAddress)
                  0000b5f0    00000010     w5500.o (.text.W5500_setGatewayIp)
                  0000b600    00000010     w5500.o (.text.W5500_setIPAddress)
                  0000b610    00000010     w5500.o (.text.W5500_setMACAddress)
                  0000b620    00000010     w5500.o (.text.W5500_setSubnetMask)
                  0000b630    00000010     ti_sysbios_config.o (.text.ti_sysbios_family_arm_cc26xx_Timer_setPeriod)
                  0000b640    00000010     ti_sysbios_config.o (.text.ti_sysbios_knl_ClockSupport_getMaxTicks)
                  0000b650    00000010     ti_sysbios_config.o (.text.ti_sysbios_knl_Clock_removeI)
                  0000b660    00000010     ti_sysbios_config.o (.text.ti_sysbios_knl_Clock_setTimeout)
                  0000b670    00000010     ti_sysbios_config.o (.text.ti_sysbios_knl_Idle_loop)
                  0000b680    00000010     ti_sysbios_config.o (.text.ti_sysbios_knl_Queue_destruct)
                  0000b690    00000010     ti_sysbios_config.o (.text.ti_sysbios_knl_Queue_elemClear)
                  0000b6a0    00000010     ti_sysbios_config.o (.text.ti_sysbios_knl_Swi_enabled)
                  0000b6b0    00000010     ti_sysbios_config.o (.text.ti_sysbios_runtime_Types_argToFloat)
                  0000b6c0    00000010     libc.a : copy_zero_init.c.obj (.text:decompress:ZI)
                  0000b6d0    0000000e     ti_sysbios_config.o (.text.BIOS_linkedWithIncorrectBootLibrary)
                  0000b6de    0000000e     EthernetUdp.o (.text.EthernetUDP_begin_init)
                  0000b6ec    0000000e     ti_sysbios_config.o (.text.IntMasterDisable)
                  0000b6fa    0000000e     ti_sysbios_config.o (.text.IntMasterEnable)
                  0000b708    0000000e     drivers_cc26x2.a : PowerCC26X2.c.obj (.text.OUTLINED_FUNCTION_0)
                  0000b716    0000000e     libc.a : strcpy.c.obj (.text.strcpy)
                  0000b724    0000000e            : strlen.c.obj (.text.strlen)
                  0000b732    0000000e     drivers_cc26x2.a : PowerCC26X2.c.obj (.text.switchToTCXO)
                  0000b740    0000000e     ti_sysbios_config.o (.text.ti_sysbios_family_arm_m3_Hwi_restore)
                  0000b74e    0000000e     ti_sysbios_config.o (.text.ti_sysbios_heaps_HeapMem_isBlocking)
                  0000b75c    0000000e     ti_sysbios_config.o (.text.ti_sysbios_knl_Clock_stop)
                  0000b76a    0000000e     ti_sysbios_config.o (.text.ti_sysbios_runtime_SystemSupport_exit)
                  0000b778    0000000e     libc.a : memset_t2.S.obj (.text:TI_memset_small)
                  0000b786    0000000e            : copy_decompress_none.c.obj (.text:decompress:none)
                  0000b794    0000000c     ti_sysbios_config.o (.text.AONRTCCurrentCompareValueGet)
                  0000b7a0    0000000c     ti_sysbios_config.o (.text.BIOS_getThreadType)
                  0000b7ac    0000000c     ti_sysbios_config.o (.text.ClockP_getSystemTickPeriod)
                  0000b7b8    0000000c     EthernetUdp.o (.text.EthernetUDP_available)
                  0000b7c4    0000000c     EthernetUdp.o (.text.EthernetUDP_rawIPAddress)
                  0000b7d0    0000000c     EthernetUdp.o (.text.EthernetUDP_remotePort)
                  0000b7dc    0000000c     drivers_cc26x2.a : I2C.c.obj (.text.I2C_Params_init)
                  0000b7e8    0000000c     driverlib.lib : cpu.o (.text.NOROM_CPUcpsid)
                  0000b7f4    0000000c                   : cpu.o (.text.NOROM_CPUcpsie)
                  0000b800    0000000c     drivers_cc26x2.a : I2CCC26XX.c.obj (.text.OUTLINED_FUNCTION_0)
                  0000b80c    0000000c                      : PowerCC26X2_helpers.c.obj (.text.PowerCC26X2_oscClockSourceGet)
                  0000b818    0000000c                      : PowerCC26X2_helpers.c.obj (.text.PowerCC26X2_setPeriphDeepSleepEnable)
                  0000b824    0000000c                      : PowerCC26X2_helpers.c.obj (.text.PowerCC26X2_sysCtrlGetResetSource)
                  0000b830    0000000c                      : PowerCC26X2_helpers.c.obj (.text.PowerCC26X2_sysCtrlVoltageConditionalControl)
                  0000b83c    0000000c                      : PowerCC26X2.c.obj (.text.Power_getConstraintMask)
                  0000b848    0000000c                      : SPI.c.obj (.text.SPI_Params_init)
                  0000b854    0000000c     init_task.o (.text.STV_ReadFromAddress)
                  0000b860    0000000c     libc.a : _lock.c.obj (.text._register_lock)
                  0000b86c    0000000c            : _lock.c.obj (.text._register_unlock)
                  0000b878    0000000c     SPIfg.o (.text.resetSS)
                  0000b884    0000000c     SPIfg.o (.text.setSS)
                  0000b890    0000000c     drivers_cc26x2.a : SPICC26X2DMA.c.obj (.text.spiPostNotify)
                  0000b89c    0000000c     ti_sysbios_config.o (.text.ti_sysbios_knl_Queue_head)
                  0000b8a8    0000000c     ti_sysbios_config.o (.text.ti_sysbios_knl_Queue_next)
                  0000b8b4    0000000c     ti_sysbios_config.o (.text.ti_sysbios_knl_Queue_prev)
                  0000b8c0    0000000c     ti_sysbios_config.o (.text.ti_sysbios_knl_Swi_postInit)
                  0000b8cc    0000000c     ti_sysbios_config.o (.text.ti_sysbios_knl_Swi_self)
                  0000b8d8    0000000c     ti_sysbios_config.o (.text.ti_sysbios_knl_Task_self)
                  0000b8e4    0000000a     drivers_cc26x2.a : I2CCC26XX.c.obj (.text.I2CMasterControl)
                  0000b8ee    0000000a                      : SPICC26X2DMA.c.obj (.text.OUTLINED_FUNCTION_2)
                  0000b8f8    0000000a     rf_multiMode_cc26x2.a : RFCC26X2_multiMode.c.cc26x2.ticlang.o (.text.OUTLINED_FUNCTION_5)
                  0000b902    0000000a     drivers_cc26x2.a : PowerCC26X2_helpers.c.obj (.text.PowerCC26X2_sysCtrlStandby)
                  0000b90c    0000000a                      : SPICC26X2DMA.c.obj (.text.SPICC26X2DMA_init)
                  0000b916    0000000a                      : UDMACC26XX.c.obj (.text.UDMACC26XX_hwiIntFxn)
                  0000b920    0000000a     ti_sysbios_config.o (.text.ti_sysbios_gates_GateMutex_handle)
                  0000b92a    0000000a     ti_sysbios_config.o (.text.ti_sysbios_knl_Clock_handle)
                  0000b934    0000000a     ti_sysbios_config.o (.text.ti_sysbios_knl_Queue_struct)
                  0000b93e    0000000a     ti_sysbios_config.o (.text.ti_sysbios_knl_Semaphore_handle)
                  0000b948    0000000a     ti_sysbios_config.o (.text.ti_sysbios_knl_Swi_startup)
                  0000b952    0000000a     ti_sysbios_config.o (.text.ti_sysbios_runtime_Error_check)
                  0000b95c    0000000a     ti_sysbios_config.o (.text.ti_sysbios_runtime_Types_iargToPtr)
                  0000b966    0000000a     ti_sysbios_config.o (.text.ti_sysbios_runtime_Types_uargToPtr)
                  0000b970    00000008     ti_sysbios_config.o (.text.Boot_trimDevice)
                  0000b978    00000008     Dhcp.o (.text.DHCP_presend_DHCP)
                  0000b980    00000008     drivers_cc26x2.a : I2CCC26XX.c.obj (.text.I2CCC26XX_blockingCallback)
                  0000b988    00000008                      : I2CCC26XX.c.obj (.text.I2CSupport_masterFinish)
                  0000b990    00000008     driverlib.lib : cpu.o (.text.NOROM_CPUdelay)
                  0000b998    00000008     drivers_cc26x2.a : SPICC26X2DMA.c.obj (.text.OUTLINED_FUNCTION_1)
                  0000b9a0    00000008                      : PowerCC26X2_helpers.c.obj (.text.PowerCC26X2_oschfTrySwitchToXosc)
                  0000b9a8    00000008     ti_sysbios_config.o (.text.ResetISR)
                  0000b9b0    00000008     libc.a : aeabi_portable.c.obj (.text.__aeabi_errno_addr)
                  0000b9b8    00000008     ti_sysbios_config.o (.text._system_post_cinit)
                  0000b9c0    00000008     ti_sysbios_config.o (.text._system_pre_init)
                  0000b9c8    00000008     drivers_cc26x2.a : SPICC26X2DMA.c.obj (.text.blockingTransferCallback)
                  0000b9d0    00000008     ti_sysbios_config.o (.text.ti_sysbios_family_arm_m3_Hwi_startup)
                  0000b9d8    00000008     ti_sysbios_config.o (.text.ti_sysbios_runtime_Startup_reset)
                  0000b9e0    00000008     ti_sysbios_config.o (.text.ti_sysbios_runtime_System_exitSpin)
                  0000b9e8    00000006     drivers_cc26x2.a : I2CCC26XX.c.obj (.text.I2CSupport_powerSetConstraint)
                  0000b9ee    00000006                      : SPI.c.obj (.text.SPI_transfer)
                  0000b9f4    00000006     ArduinoCompatibility.o (.text.random)
                  0000b9fa    00000004     ti_sysbios_config.o (.text.PRCMSleep)
                  0000b9fe    00000004     drivers_cc26x2.a : PowerCC26X2_helpers.c.obj (.text.PowerCC26X2_oschfSwitchToRcosc)
                  0000ba02    00000004                      : PowerCC26X2_helpers.c.obj (.text.PowerCC26X2_sysCtrlIdle)
                  0000ba06    00000004                      : PowerCC26X2_helpers.c.obj (.text.PowerCC26X2_turnOnXosc)
                  0000ba0a    00000004                      : PowerCC26X2.c.obj (.text.configureRFCoreClocks)
                  0000ba0e    00000004                      : PowerCC26X2.c.obj (.text.nopResourceHandler)
                  0000ba12    00000004     ti_sysbios_config.o (.text.ti_sysbios_gates_GateMutex_canBlock)
                  0000ba16    00000004     ti_sysbios_config.o (.text.ti_sysbios_knl_TaskSupport_getStackAlignment)
                  0000ba1a    00000004     ti_sysbios_config.o (.text.ti_sysbios_runtime_Memory_getMaxDefaultTypeAlign)
                  0000ba1e    00000004     ti_sysbios_config.o (.text.ti_sysbios_runtime_SystemSupport_ready)
                  0000ba22    00000002     --HOLE-- [fill = 0]
                  0000ba24    00000004     libclang_rt.builtins.a : aeabi_memcpy.S.obj (.text)

.rodata    0    0000ba28    000010e3     
                  0000ba28    000005ef     ti_sysbios_config.o (.rodata.str1.1)
                  0000c017    00000243     log.o (.rodata.str1.1)
                  0000c25a    000001e0     ssd1306.o (.rodata.FONTS)
                  0000c43a    00000094     ti_sysbios_config.o (.rodata.ti_sysbios_family_arm_m3_Hwi_excHandlerMin.err)
                  0000c4ce    0000008d     ti_sysbios_config.o (.rodata.ti_sysbios_heaps_HeapMem_alloc.err)
                  0000c55b    00000089     ti_sysbios_config.o (.rodata.ti_sysbios_family_arm_m3_Hwi_Instance_init.err.1)
                  0000c5e4    00000089     ti_sysbios_config.o (.rodata.ti_sysbios_family_arm_m3_Hwi_excHandlerMin.err.2)
                  0000c66d    00000089     ti_sysbios_config.o (.rodata.ti_sysbios_runtime_Memory_alloc.err)
                  0000c6f6    00000086     ti_sysbios_config.o (.rodata.ti_sysbios_family_arm_m3_Hwi_Instance_init.err)
                  0000c77c    00000004     ti_sysbios_config.o (.rodata.ti_sysbios_family_arm_m3_Hwi_swiTaskKeyAddress)
                  0000c780    00000070     driverlib.lib : osc.o (.rodata..L__const.NOROM_OSC_HPOSC_Debug_InitFreqOffsetParams.hposcParm)
                  0000c7f0    0000006b     gui.o (.rodata.str1.1)
                  0000c85b    0000005d     init_task.o (.rodata.str1.1)
                  0000c8b8    00000054     drivers_cc26x2.a : PowerCC26X2.c.obj (.rodata.resourceDB)
                  0000c90c    00000040     ti_drivers_config.o (.rodata.spiCC26X2DMAHWAttrs)
                  0000c94c    00000024     ti_sysbios_config.o (.rodata.ti_sysbios_knl_Task_Params_default)
                  0000c970    00000020     drivers_cc26x2.a : SPI.c.obj (.rodata.SPI_defaultParams)
                  0000c990    00000020     ssd1306.o (.rodata.SSD1306_InitSequence)
                  0000c9b0    0000001c     ti_sysbios_config.o (.rodata.ti_sysbios_family_arm_cc26xx_Timer_Params_default)
                  0000c9cc    00000018     drivers_cc26x2.a : SPICC26X2DMA.c.obj (.rodata.SPICC26X2DMA_fxnTable)
                  0000c9e4    00000018                      : SPICC26X2DMA.c.obj (.rodata.cst8)
                  0000c9fc    00000018                      : SPICC26X2DMA.c.obj (.rodata.frameFormat)
                  0000ca14    00000018     ti_drivers_config.o (.rodata.i2cCC26xxHWAttrs)
                  0000ca2c    00000018     ti_sysbios_config.o (.rodata.ti_sysbios_family_arm_m3_Hwi_Params_default)
                  0000ca44    00000014     ti_drivers_config.o (.rodata.PowerCC26X2_config)
                  0000ca58    00000014     ti_sysbios_config.o (.rodata.ti_sysbios_knl_Swi_Params_default)
                  0000ca6c    00000010     ti_drivers_config.o (.rodata.GPIO_config)
                  0000ca7c    00000010     drivers_cc26x2.a : I2CCC26XX.c.obj (.rodata.cst16)
                  0000ca8c    0000000c     ti_drivers_config.o (.rodata.RFCC26XX_hwAttrs)
                  0000ca98    0000000c     ti_drivers_config.o (.rodata.SPI_config)
                  0000caa4    0000000c     ti_sysbios_config.o (.rodata.ti_sysbios_heaps_HeapMem_Params_default)
                  0000cab0    0000000c     ti_sysbios_config.o (.rodata.ti_sysbios_knl_Clock_Params_default)
                  0000cabc    0000000c     ti_sysbios_config.o (.rodata.ti_sysbios_knl_Semaphore_Params_default)
                  0000cac8    00000008     ti_drivers_config.o (.rodata.I2C_config)
                  0000cad0    00000008     ti_drivers_config.o (.rodata.UDMACC26XX_config)
                  0000cad8    00000008     driverlib.lib : aux_sysif.o (.rodata.cst4)
                  0000cae0    00000008     ti_sysbios_config.o (.rodata.ti_sysbios_knl_Idle_funcList)
                  0000cae8    00000008     ti_drivers_config.o (.rodata.udmaCC26XXHWAttrs)
                  0000caf0    00000007     Dhcp.o (.rodata.str1.1)
                  0000caf7    00000001     ti_drivers_config.o (.rodata.GPIO_pinLowerBound)
                  0000caf8    00000004     ti_sysbios_config.o (.rodata.ti_sysbios_gates_GateMutex_Params_default)
                  0000cafc    00000004     ti_sysbios_config.o (.rodata.ti_sysbios_knl_Clock_tickPeriod)
                  0000cb00    00000004     ti_sysbios_config.o (.rodata.ti_sysbios_knl_Swi_numPriorities)
                  0000cb04    00000001     ti_drivers_config.o (.rodata.GPIO_pinUpperBound)
                  0000cb05    00000001     ti_drivers_config.o (.rodata.I2C_count)
                  0000cb06    00000001     ti_drivers_config.o (.rodata.SPI_count)
                  0000cb07    00000001     ti_drivers_config.o (.rodata.TemperatureCC26X2_config)
                  0000cb08    00000001     ti_sysbios_config.o (.rodata.ti_sysbios_knl_Clock_tickMode)
                  0000cb09    00000001     ti_sysbios_config.o (.rodata.ti_sysbios_knl_Task_checkStackFlag)
                  0000cb0a    00000001     ti_sysbios_config.o (.rodata.ti_sysbios_knl_Task_initStackFlag)

__llvm_prf_cnts 
*          0    20000000    00000000     UNINITIALIZED

__llvm_prf_bits 
*          0    20000000    00000000     UNINITIALIZED

.TI.bound:dmaSpi0RxControlTableEntry 
*          0    20001830    00000010     UNINITIALIZED
                  20001830    00000010     ti_drivers_config.o (.TI.bound:dmaSpi0RxControlTableEntry)

.TI.bound:dmaSpi0TxControlTableEntry 
*          0    20001840    00000010     UNINITIALIZED
                  20001840    00000010     ti_drivers_config.o (.TI.bound:dmaSpi0TxControlTableEntry)

.TI.bound:dmaSpi0RxAltControlTableEntry 
*          0    20001a30    00000010     UNINITIALIZED
                  20001a30    00000010     ti_drivers_config.o (.TI.bound:dmaSpi0RxAltControlTableEntry)

.TI.bound:dmaSpi0TxAltControlTableEntry 
*          0    20001a40    00000010     UNINITIALIZED
                  20001a40    00000010     ti_drivers_config.o (.TI.bound:dmaSpi0TxAltControlTableEntry)

.args      0    0000cb0c    00000008     
                  0000cb0c    00000008     --HOLE-- [fill = 0]

MODULE SUMMARY

       Module                                     code    ro data   rw data
       ------                                     ----    -------   -------
    .\
       init_task.o                                454     93        0      
       dashboard_task.o                           280     0         3      
       main.o                                     132     0         76     
    +--+------------------------------------------+-------+---------+---------+
       Total:                                     866     93        79     
                                                                           
    .\source\driverlib\ssd1306\
       ssd1306.o                                  1430    512       1049   
    +--+------------------------------------------+-------+---------+---------+
       Total:                                     1430    512       1049   
                                                                           
    .\source\driverlib\w5500\
       w5500.o                                    1802    0         0      
    +--+------------------------------------------+-------+---------+---------+
       Total:                                     1802    0         0      
                                                                           
    .\source\ethernet\
       Dhcp.o                                     2696    7         0      
       socket.o                                   942     0         2      
       EthernetUdp.o                              704     0         0      
       EthernetClient.o                           698     0         4      
       Ethernet.o                                 508     0         48     
       EthernetServer.o                           388     0         0      
       IPAddress.o                                352     0         0      
       SPIfg.o                                    274     0         4      
       ArduinoCompatibility.o                     140     0         0      
       Printfg.o                                  84      0         0      
    +--+------------------------------------------+-------+---------+---------+
       Total:                                     6786    7         58     
                                                                           
    .\source\oled_gui\
       gui.o                                      530     107       0      
    +--+------------------------------------------+-------+---------+---------+
       Total:                                     530     107       0      
                                                                           
    .\source\utils\
       log.o                                      734     579       0      
       restart.o                                  68      0         0      
    +--+------------------------------------------+-------+---------+---------+
       Total:                                     802     579       0      
                                                                           
    .\syscfg\
       ti_sysbios_config.o                        17892   2584      3354   
       ti_drivers_config.o                        344     177       1044   
       ti_devices_config.o                        0       88        0      
    +--+------------------------------------------+-------+---------+---------+
       Total:                                     18236   2849      4398   
                                                                           
    C:/ti/simplelink_cc13xx_cc26xx_sdk_6_30_01_03/kernel/tirtos7/packages/ti/sysbios/lib/ticlang/m4f/sysbios.a
       Hwi_asm_gnu.obj                            324     0         0      
       Hwi_asm_switch_gnu.obj                     118     0         0      
       TaskSupport_asm_gnu.obj                    64      0         0      
       boot_cortex_m.obj                          52      0         0      
[...]
0000b029  GPIO_disableInt                                                    
0000b041  PowerCC26XX_calibrate                                              
0000b059  Power_idleFunc                                                     
0000b071  STV_WriteAtAddress                                                 
0000b089  print                                                              
0000b0a1  ti_sysbios_family_arm_cc26xx_Timer_getCount64                      
0000b0b9  ti_sysbios_knl_ClockSupport_setNextTick                            
0000b0d1  ti_sysbios_knl_TaskSupport_glue                                    
0000b0e9  ClockP_Params_init                                                 
0000b0ff  W5500_readSIPR                                                     
0000b115  W5500_readSnCR                                                     
0000b12b  W5500_readSnIR                                                     
0000b141  W5500_readSnSR                                                     
0000b157  W5500_writeGAR                                                     
0000b16d  W5500_writeSHAR                                                    
0000b183  W5500_writeSIPR                                                    
0000b199  W5500_writeSUBR                                                    
0000b1af  delay                                                              
0000b1c5  disconnect                                                         
0000b207  ti_sysbios_knl_Queue_construct                                     
0000b21d  ti_sysbios_knl_Queue_empty                                         
0000b233  ti_sysbios_runtime_SystemSupport_init                              
0000b249  ti_sysbios_runtime_System_exit                                     
0000b261  GPIO_read                                                          
0000b275  GPIO_setUserArg                                                    
0000b2b1  SwiP_or                                                            
0000b2c5  Temperature_getTemperature                                         
0000b2d9  _args_main                                                         
0000b2ed  ti_sysbios_family_arm_cc26xx_TimestampProvider_init                
0000b315  ti_sysbios_knl_Swi_Instance_finalize                               
0000b329  ti_sysbios_runtime_System_printf_va                                
0000b33d  __aeabi_ldivmod                                                    
0000b351  __aeabi_memset                                                     
0000b351  __aeabi_memset4                                                    
0000b351  __aeabi_memset8                                                    
0000b35d  __aeabi_memclr                                                     
0000b35d  __aeabi_memclr4                                                    
0000b35d  __aeabi_memclr8                                                    
0000b365  __aeabi_uldivmod                                                   
0000b379  EthernetUDP_endPacket                                              
0000b38b  I2C_transfer                                                       
0000b39d  ti_sysbios_family_arm_m3_Hwi_destruct                              
0000b3af  ti_sysbios_family_arm_m3_Hwi_doSwiRestore                          
0000b3c1  ti_sysbios_family_arm_m3_Hwi_doTaskRestore                         
0000b3d3  ti_sysbios_heaps_HeapMem_Params_init                               
0000b3e5  ti_sysbios_heaps_HeapMem_init                                      
0000b3f7  ti_sysbios_knl_Clock_Params_init                                   
0000b409  ti_sysbios_knl_Clock_tick                                          
0000b41b  ti_sysbios_knl_Queue_Instance_init                                 
0000b42d  ti_sysbios_knl_Semaphore_Params_init                               
0000b43f  TI_memcpy_small                                                    
0000b451  BIOS_start                                                         
0000b461  ClockP_getCpuFreq                                                  
0000b471  ClockP_start                                                       
0000b481  ClockP_stop                                                        
0000b491  Ethernet_localIP                                                   
0000b4a1  GPIO_getUserArg                                                    
0000b4b1  GPIO_write                                                         
0000b4c1  HwiP_clearInterrupt                                                
0000b4d1  HwiP_destruct                                                      
0000b4e1  HwiP_disable                                                       
0000b4f1  HwiP_disableInterrupt                                              
0000b501  HwiP_enableInterrupt                                               
0000b511  HwiP_restore                                                       
0000b521  PowerCC26X2_oscCtlClearXtal                                        
0000b531  PowerCC26X2_prcmEnableCacheRetention                               
0000b541  PowerCC26X2_readCtrim                                              
0000b551  PowerCC26X2_readCtrimFract                                         
0000b561  PowerCC26X2_readRtrim                                              
0000b571  PowerCC26X2_switchToTCXO                                           
0000b581  Power_getDependencyCount                                           
0000b591  SemaphoreP_destruct                                                
0000b5a1  SemaphoreP_post                                                    
0000b5b1  SwiP_destruct                                                      
0000b5c1  SwiP_post                                                          
0000b5e1  W5500_getIPAddress                                                 
0000b5f1  W5500_setGatewayIp                                                 
0000b601  W5500_setIPAddress                                                 
0000b611  W5500_setMACAddress                                                
0000b621  W5500_setSubnetMask                                                
0000b631  ti_sysbios_family_arm_cc26xx_Timer_setPeriod                       
0000b641  ti_sysbios_knl_ClockSupport_getMaxTicks                            
0000b651  ti_sysbios_knl_Clock_removeI                                       
0000b661  ti_sysbios_knl_Clock_setTimeout                                    
0000b671  ti_sysbios_knl_Idle_loop                                           
0000b681  ti_sysbios_knl_Queue_destruct                                      
0000b691  ti_sysbios_knl_Queue_elemClear                                     
0000b6a1  ti_sysbios_knl_Swi_enabled                                         
0000b6c1  __TI_zero_init                                                     
0000b6d1  BIOS_linkedWithIncorrectBootLibrary                                
0000b6df  EthernetUDP_begin_init                                             
0000b717  strcpy                                                             
0000b725  strlen                                                             
0000b74f  ti_sysbios_heaps_HeapMem_isBlocking                                
0000b75d  ti_sysbios_knl_Clock_stop                                          
0000b76b  ti_sysbios_runtime_SystemSupport_exit                              
0000b779  TI_memset_small                                                    
0000b787  __TI_decompress_none                                               
0000b7a1  BIOS_getThreadType                                                 
0000b7ad  ClockP_getSystemTickPeriod                                         
0000b7b9  EthernetUDP_available                                              
0000b7c5  EthernetUDP_rawIPAddress                                           
0000b7d1  EthernetUDP_remotePort                                             
0000b7dd  I2C_Params_init                                                    
0000b7e9  NOROM_CPUcpsid                                                     
0000b7f5  NOROM_CPUcpsie                                                     
0000b80d  PowerCC26X2_oscClockSourceGet                                      
0000b819  PowerCC26X2_setPeriphDeepSleepEnable                               
0000b825  PowerCC26X2_sysCtrlGetResetSource                                  
0000b831  PowerCC26X2_sysCtrlVoltageConditionalControl                       
0000b83d  Power_getConstraintMask                                            
0000b849  SPI_Params_init                                                    
0000b855  STV_ReadFromAddress                                                
0000b861  _register_lock                                                     
0000b86d  _register_unlock                                                   
0000b879  resetSS                                                            
0000b885  setSS                                                              
0000b89d  ti_sysbios_knl_Queue_head                                          
0000b8a9  ti_sysbios_knl_Queue_next                                          
0000b8b5  ti_sysbios_knl_Queue_prev                                          
0000b8c1  ti_sysbios_knl_Swi_postInit                                        
0000b8cd  ti_sysbios_knl_Swi_self                                            
0000b8d9  ti_sysbios_knl_Task_self                                           
0000b903  PowerCC26X2_sysCtrlStandby                                         
0000b90d  SPICC26X2DMA_init                                                  
0000b917  UDMACC26XX_hwiIntFxn                                               
0000b949  ti_sysbios_knl_Swi_startup                                         
0000b953  ti_sysbios_runtime_Error_check                                     
0000b971  Boot_trimDevice                                                    
0000b979  DHCP_presend_DHCP                                                  
0000b989  I2CSupport_masterFinish                                            
0000b991  NOROM_CPUdelay                                                     
0000b9a1  PowerCC26X2_oschfTrySwitchToXosc                                   
0000b9a9  ResetISR                                                           
0000b9b1  __aeabi_errno_addr                                                 
0000b9b9  _system_post_cinit                                                 
0000b9c1  _system_pre_init                                                   
0000b9d1  ti_sysbios_family_arm_m3_Hwi_startup                               
0000b9d9  ti_sysbios_runtime_Startup_reset                                   
0000b9e1  ti_sysbios_runtime_System_exitSpin                                 
0000b9e9  I2CSupport_powerSetConstraint                                      
0000b9ef  SPI_transfer                                                       
0000b9f5  random                                                             
0000b9ff  PowerCC26X2_oschfSwitchToRcosc                                     
0000ba03  PowerCC26X2_sysCtrlIdle                                            
0000ba07  PowerCC26X2_turnOnXosc                                             
0000ba13  ti_sysbios_gates_GateMutex_canBlock                                
0000ba17  ti_sysbios_knl_TaskSupport_getStackAlignment                       
0000ba1b  ti_sysbios_runtime_Memory_getMaxDefaultTypeAlign                   
0000ba1f  ti_sysbios_runtime_SystemSupport_ready                             
0000ba25  __aeabi_memcpy                                                     
0000ba25  __aeabi_memcpy4                                                    
0000ba25  __aeabi_memcpy8                                                    
0000c77c  ti_sysbios_family_arm_m3_Hwi_swiTaskKeyAddress                     
0000c8b8  resourceDB                                                         
0000c90c  spiCC26X2DMAHWAttrs                                                
0000c970  SPI_defaultParams                                                  
0000c990  SSD1306_InitSequence                                               
0000c9cc  SPICC26X2DMA_fxnTable                                              
0000ca14  i2cCC26xxHWAttrs                                                   
0000ca44  PowerCC26X2_config                                                 
0000ca6c  GPIO_config                                                        
0000ca8c  RFCC26XX_hwAttrs                                                   
0000ca98  SPI_config                                                         
0000cac8  I2C_config                                                         
0000cad0  UDMACC26XX_config                                                  
0000cae0  ti_sysbios_knl_Idle_funcList                                       
0000cae8  udmaCC26XXHWAttrs                                                  
0000caf7  GPIO_pinLowerBound                                                 
0000cafc  ti_sysbios_knl_Clock_tickPeriod                                    
0000cb00  ti_sysbios_knl_Swi_numPriorities                                   
0000cb04  GPIO_pinUpperBound                                                 
0000cb05  I2C_count                                                          
0000cb06  SPI_count                                                          
0000cb07  TemperatureCC26X2_config                                           
0000cb08  ti_sysbios_knl_Clock_tickMode                                      
0000cb09  ti_sysbios_knl_Task_checkStackFlag                                 
0000cb0a  ti_sysbios_knl_Task_initStackFlag                                  
0000cb0c  __c_args__                                                         
0000cbdc  __TI_Handler_Table_Base                                            
0000cbe8  __TI_Handler_Table_Limit                                           
0000cc10  __TI_CINIT_Base                                                    
0000cc40  __TI_CINIT_Limit                                                   
0000cc40  __TI_CINIT_Warm                                                    
0004ffa8  __ccfg                                                             
20000000  __start___llvm_prf_bits                                            
20000000  __start___llvm_prf_cnts                                            
20000000  __stop___llvm_prf_bits                                             
20000000  __stop___llvm_prf_cnts                                             
20000000  ti_sysbios_family_arm_m3_Hwi_ramVectors                            
200004e0  ti_sysbios_knl_Idle_taskStack                                      
200008e0  ti_sysbios_runtime_SysMin_outbuf                                   
20000fa0  i2cCC26xxObjects                                                   
200010e0  _CIOBUF_                                                           
200010e0  __CIOBUF_                                                          
20001200  spiCC26X2DMAObjects                                                
20001300  ti_sysbios_family_arm_m3_Hwi_dispatchTable                         
200013d8  gpioCallbackFunctions                                              
20001454  gpioUserArgs                                                       
200014d0  ti_sysbios_knl_ClockSupport_timerStruct                            
20001530  ti_sysbios_knl_Idle_taskStruct                                     
20001588  ti_sysbios_knl_Swi_readyQs                                         
200015b8  ti_sysbios_knl_Task_readyQs                                        
200015e8  BIOS_heapMemObject                                                 
20001614  BIOS_rtsGate                                                       
2000163c  ti_sysbios_heaps_HeapMem_gate                                      
20001664  dashboardTaskParams                                                
20001688  initTaskParams                                                     
200016ac  Ethernet                                                           
200016cc  ti_sysbios_runtime_System_atexitHandlers                           
200016ec  udmaCC26XXObject                                                   
20001744  ti_sysbios_hal_Seconds_Module_state                                
20001770  parmbuf                                                            
20001788  Init_SemaphoreHandle                                               
2000178c  PowerCC26XX_swiKey                                                 
20001790  PowerCC26XX_taskKey                                                
20001794  spi                                                                
20001798  ti_sysbios_family_arm_cc26xx_TimestampProvider_Module_state        
2000179c  ti_sysbios_knl_Task_defaultStackHeap                               
200017a2  _counter                                                           
200017a4  ethernetServer                                                     
20001a50  __primary_heap_start__                                             
20005a50  PowerCC26X2_module                                                 
20005a50  __primary_heap_end__                                               
20005bc4  gpioPinConfigs                                                     
20005ca8  ti_sysbios_knl_Clock_Module_state                                  
20005dcc  ti_sysbios_family_arm_m3_Hwi_Module_state                          
20005e08  ti_sysbios_knl_Task_Module_state                                   
20005e44  BIOS_Module_state                                                  
20005e70  ti_sysbios_knl_Swi_Module_state                                    
20005e98  Ethernet_server_port                                               
20005ea8  _hposcCoeffs                                                       
20005eb8  ti_sysbios_runtime_SysMin_Module_state                             
20005ec8  ti_sysbios_family_arm_cc26xx_Timer_Module_state                    
20005ed4  ti_sysbios_runtime_Error_ignore                                    
20005ee0  ti_sysbios_runtime_System_Module_state                             
20005efc  ti_sysbios_gates_GateMutex_Module_state                            
20005f04  ti_sysbios_heaps_HeapMem_Module_state                              
20005f0c  ti_sysbios_knl_Semaphore_Module_state                              
20005f18  EthernetClientPrintMethods                                         
20005f1c  __aeabi_errno                                                      
20005f20  _lock                                                              
20005f24  _unlock                                                            
20005f2c  ti_sysbios_runtime_Memory_defaultHeapInstance                      
20005f33  ti_sysbios_knl_Idle_initDone                                       
20005f34  ti_sysbios_runtime_Startup_done                                    
20011a00  __stack                                                            
20012000  __STACK_END                                                        
ffffffff  __TI_pprof_out_hndl                                                
ffffffff  __TI_prof_data_size                                                
ffffffff  __TI_prof_data_start                                               
ffffffff  __binit__                                                          
ffffffff  binit                                                              
UNDEFED   ITM_flush                                                          
UNDEFED   ITM_restore                                                        
UNDEFED   __mpu_init                                                         

[642 symbols]
