******************************************************************************
            TI ARM Clang Linker PC v2.1.2                      
******************************************************************************
>> Linked Fri Apr  5 21:46:34 2024

OUTPUT FILE NAME:   <multiSniff_LP_CC2652RB_tirtos7_ticlang2.out>
ENTRY POINT SYMBOL: "ResetISR"  address: 0000f215


MEMORY CONFIGURATION

         name            origin    length      used     unused   attr    fill
----------------------  --------  ---------  --------  --------  ----  --------
  FLASH                 00000000   00050000  00010eac  0003f154  R  X
  STV_R                 00050000   00000020  00000000  00000020  R   
  HTML                  00051000   00003000  00000000  00003000  R   
  GPRAM                 11000000   00002000  00000000  00002000  RW X
  SRAM                  20000000   00012000  0000815e  00009ea2  RW X
  MTU_BUFFER            20012000   00001500  00000000  00001500  RW  
  STV_W                 20013500   00000020  00000000  00000020   W  
  LOG_DATA              90000000   00040000  00000000  00040000  R   


SEGMENT ALLOCATION MAP

run origin  load origin   length   init length attrs members
----------  ----------- ---------- ----------- ----- -------
00000000    00000000    00010c18   00010c18    r-x
  00000000    00000000    0000003c   0000003c    r-- .resetVecs
  00000040    00000040    0000f26c   0000f26c    r-x .text
  0000f2b0    0000f2b0    00001968   00001968    r-- .rodata
00010c18    00010c18    00000008   00000008    rw-
  00010c18    00010c18    00000008   00000008    rw- .args
00010c20    00010c20    0000023c   0000023c    r--
  00010c20    00010c20    0000023c   0000023c    r-- .cinit
0004ffa8    0004ffa8    00000058   00000058    r--
  0004ffa8    0004ffa8    00000058   00000058    r-- .ccfg
200000d8    200000d8    000006a3   00000000    rw-
  200000d8    200000d8    000006a3   00000000    rw- .data
20001830    20001830    00000010   00000000    rw-
  20001830    20001830    00000010   00000000    rw- .TI.bound:dmaSpi0RxControlTableEntry
20001840    20001840    00000010   00000000    rw-
  20001840    20001840    00000010   00000000    rw- .TI.bound:dmaSpi0TxControlTableEntry
20001a30    20001a30    00000010   00000000    rw-
  20001a30    20001a30    00000010   00000000    rw- .TI.bound:dmaSpi0RxAltControlTableEntry
20001a40    20001a40    00000010   00000000    rw-
  20001a40    20001a40    00000010   00000000    rw- .TI.bound:dmaSpi0TxAltControlTableEntry
20001a50    20001a50    00004000   00000000    r--
  20001a50    20001a50    00004000   00000000    r-- .priheap
20005a50    20005a50    000033a3   00000000    rw-
  20005a50    20005a50    000033a3   00000000    rw- .bss
20011a00    20011a00    00000600   00000000    rw-
  20011a00    20011a00    00000600   00000000    rw- .stack


SECTION ALLOCATION MAP

 output                                  attributes/
section   page    origin      length       input sections
--------  ----  ----------  ----------   ----------------
.binit     0    00000000    00000000     

.cinit     0    00010c20    0000023c     
                  00010c20    000001d8     (.cinit..data.load) [load image, compression = lzss]
                  00010df8    0000000c     (__TI_handler_table)
                  00010e04    00000008     (.cinit..TI.bound:dmaSpi0RxAltControlTableEntry.load) [load image, compression = zero_init]
                  00010e0c    00000008     (.cinit..TI.bound:dmaSpi0RxControlTableEntry.load) [load image, compression = zero_init]
                  00010e14    00000008     (.cinit..TI.bound:dmaSpi0TxAltControlTableEntry.load) [load image, compression = zero_init]
                  00010e1c    00000008     (.cinit..TI.bound:dmaSpi0TxControlTableEntry.load) [load image, compression = zero_init]
                  00010e24    00000008     (.cinit..bss.load) [load image, compression = zero_init]
                  00010e2c    00000030     (__TI_cinit_table)

.init_array 
*          0    00000000    00000000     UNINITIALIZED

.ccfg      0    0004ffa8    00000058     
                  0004ffa8    00000058     ti_devices_config.o (.ccfg)

.data      0    200000d8    000006a3     UNINITIALIZED
                  200000d8    00000174     drivers_cc26x2.a : PowerCC26X2.c.obj (.data.PowerCC26X2_module)
                  2000024c    0000007c     ti_drivers_config.o (.data.gpioPinConfigs)
                  200002c8    00000068     rf_multiMode_cc26x2.a : RFCC26X2_multiMode.c.cc26x2.ticlang.o (.data..L_MergedGlobals.1)
                  20000330    00000068     ti_sysbios_config.o (.data.ti_sysbios_knl_Clock_Module_state)
                  20000398    00000064     rf_multiMode_cc26x2.a : RFCC26X2_multiMode.c.cc26x2.ticlang.o (.data..L_MergedGlobals.3)
                  200003fc    00000058                           : RFCC26X2_multiMode.c.cc26x2.ticlang.o (.data..L_MergedGlobals.2)
                  20000454    00000054     ti_radio_config.o (.data.ble_pOverridesCommon)
                  200004a8    00000040     ti_radio_config.o (.data.RFCMD_ieeeRX)
                  200004e8    0000003c     ti_sysbios_config.o (.data.ti_sysbios_family_arm_m3_Hwi_Module_state)
                  20000524    0000003c     ti_sysbios_config.o (.data.ti_sysbios_knl_Task_Module_state)
                  20000560    0000002c     ti_sysbios_config.o (.data.BIOS_Module_state)
                  2000058c    00000028     ti_sysbios_config.o (.data.ti_sysbios_knl_Swi_Module_state)
                  200005b4    00000024     ti_radio_config.o (.data.RFCMD_bleRadioSetup)
                  200005d8    00000020     ti_radio_config.o (.data.RFCMD_bleGenericRX)
                  200005f8    0000001c     ti_radio_config.o (.data.ble_pOverrides2Mbps)
                  20000614    00000018     ti_radio_config.o (.data.RFCMD_bleFrequencySynthesizer)
                  2000062c    00000018     ti_radio_config.o (.data.RFCMD_ieeeFrequencySynthesizer)
                  20000644    00000018     ti_radio_config.o (.data.RFCMD_ieeeRadioSetup)
                  2000065c    00000018     ti_radio_config.o (.data.ble_pOverrides1Mbps)
                  20000674    00000014     ti_radio_config.o (.data.RFCMD_bleGenericRXPar)
                  20000688    00000014     ti_radio_config.o (.data.ble_pOverridesCoded)
                  2000069c    00000010     Ethernet.o (.data.Ethernet_server_port)
                  200006ac    00000010     ti_radio_config.o (.data.RFCMD_bleModeObject)
                  200006bc    00000010     ti_radio_config.o (.data.RFCMD_ieeeModeObject)
                  200006cc    00000010     driverlib.lib : osc.o (.data._hposcCoeffs)
                  200006dc    00000010     ti_radio_config.o (.data.ieee_pOverrides)
                  200006ec    00000010     ti_sysbios_config.o (.data.ti_sysbios_runtime_SysMin_Module_state)
                  200006fc    0000000c     ti_sysbios_config.o (.data.ti_sysbios_family_arm_cc26xx_Timer_Module_state)
                  20000708    0000000c     ti_sysbios_config.o (.data.ti_sysbios_runtime_Error_ignore)
                  20000714    0000000c     ti_sysbios_config.o (.data.ti_sysbios_runtime_System_Module_state)
                  20000720    00000008     rf_multiMode_cc26x2.a : RFCC26X2_multiMode.c.cc26x2.ticlang.o (.data..L_MergedGlobals)
                  20000728    00000008                           : RFCC26X2_multiMode.c.cc26x2.ticlang.o (.data.RFCC26XX_schedulerPolicy)
                  20000730    00000008     ti_sysbios_config.o (.data.prefixStrings)
                  20000738    00000008     ti_sysbios_config.o (.data.ti_sysbios_gates_GateMutex_Module_state)
                  20000740    00000008     ti_sysbios_config.o (.data.ti_sysbios_heaps_HeapMem_Module_state)
                  20000748    00000008     ti_sysbios_config.o (.data.ti_sysbios_knl_Semaphore_Module_state)
                  20000750    00000004     drivers_cc26x2.a : TemperatureCC26X2.c.obj (.data..L_MergedGlobals)
                  20000754    00000004     EthernetClient.o (.data.EthernetClientPrintMethods)
                  20000758    00000004     EthernetUdp.o (.data.EthernetUDPPrintMethods)
                  2000075c    00000004     rf_multiMode_cc26x2.a : RFCC26X2_multiMode.c.cc26x2.ticlang.o (.data.RF_fsmActiveState.lfClockSourceLast)
                  20000760    00000004     libc.a : aeabi_portable.c.obj (.data.__aeabi_errno)
                  20000764    00000004            : _lock.c.obj (.data._lock)
                  20000768    00000004            : _lock.c.obj (.data._unlock)
                  2000076c    00000004     ti_sysbios_config.o (.data.terminatedList)
                  20000770    00000004     ti_sysbios_config.o (.data.ti_sysbios_runtime_Memory_defaultHeapInstance)
                  20000774    00000001     rf_multiMode_cc26x2.a : rf_patch_cpe_bt5.c.cc26x2.ticlang.o (.data.bBt5PatchEntered)
                  20000775    00000001                           : rf_patch_cpe_ieee_802_15_4.c.cc26x2.ticlang.o (.data.bIeee802154PatchEntered)
                  20000776    00000001     drivers_cc26x2.a : GPIOCC26X2.c.obj (.data.initCalled)
                  20000777    00000001                      : SPI.c.obj (.data.isInitialized)
                  20000778    00000001                      : TemperatureCC26X2.c.obj (.data.isInitialized)
                  20000779    00000001     ti_sysbios_config.o (.data.ti_sysbios_knl_Idle_initDone)
                  2000077a    00000001     ti_sysbios_config.o (.data.ti_sysbios_runtime_Startup_done)

.bss       0    20005a50    000033a3     UNINITIALIZED
                  20005a50    0000183c     radio_queue.o (.bss.RadioQueue_RXbuffer)
                  2000728c    00000401     ssd1306.o (.bss.SSD1306_LcdBufferInclStreamByte)
                  2000768d    00000002     ssd1306.o (.bss.SSD1306_SendCommand.buffer)
                  2000768f    00000001     dashboard_task.o (.bss.Dashboard_Main.readDestination)
                  20007690    00000400     (.common:ti_sysbios_knl_Idle_taskStack)
                  20007a90    00000400     (.common:ti_sysbios_runtime_SysMin_outbuf)
                  20007e90    000002c0     rf_multiMode_cc26x2.a : RFCC26X2_multiMode.c.cc26x2.ticlang.o (.bss.RF_cmdPool)
                  20008150    000001ba     html.o (.bss.valueBuffer)
                  2000830a    00000002     socket.o (.bss.local_port)
                  2000830c    00000140     (.common:i2cCC26xxObjects)
                  2000844c    00000120     libsysbm.a : trgmsg.c.obj (.bss:_CIOBUF_)
                  2000856c    00000004     radio_queue.o (.bss.RadioQueue_ReadEntry)
                  20008570    00000100     (.common:rfObject)
                  20008670    00000100     (.common:spiCC26X2DMAObjects)
                  20008770    000000d8     (.common:ti_sysbios_family_arm_m3_Hwi_dispatchTable)
                  20008848    0000007c     (.common:gpioCallbackFunctions)
                  200088c4    0000007c     (.common:gpioUserArgs)
                  20008940    00000068     rf_multiMode_cc26x2.a : RFCC26X2_multiMode.c.cc26x2.ticlang.o (.bss.RF_ratModule)
                  200089a8    00000060     (.common:ti_sysbios_knl_ClockSupport_timerStruct)
                  20008a08    00000058     (.common:ti_sysbios_knl_Idle_taskStruct)
                  20008a60    00000044                           : RFCC26X2_multiMode.c.cc26x2.ticlang.o (.bss.RF_clkInactivityObj)
                  20008aa4    00000044                           : RFCC26X2_multiMode.c.cc26x2.ticlang.o (.bss.RF_clkPowerUpObj)
                  20008ae8    0000003c                           : RFCC26X2_multiMode.c.cc26x2.ticlang.o (.bss.RF_swiHwObj)
                  20008b24    00000030     (.common:ti_sysbios_knl_Swi_readyQs)
                  20008b54    00000030     (.common:ti_sysbios_knl_Task_readyQs)
                  20008b84    0000002c     (.common:BIOS_heapMemObject)
                  20008bb0    00000028     (.common:BIOS_rtsGate)
                  20008bd8    00000028     (.common:ti_sysbios_heaps_HeapMem_gate)
                  20008c00    00000024     (.common:dashboardTaskParams)
                  20008c24    00000024     (.common:initTaskParams)
                  20008c48    00000024     (.common:sniffingTaskParams)
                  20008c6c    00000020     (.common:Ethernet)
                  20008c8c    00000020     (.common:rfParams)
                  20008cac    00000020     (.common:ti_sysbios_runtime_System_atexitHandlers)
                  20008ccc    00000020     (.common:udmaCC26XXObject)
                  20008cec    0000001c     drivers_cc26x2.a : TemperatureCC26X2.c.obj (.bss.batmonHwi)
                  20008d08    0000001c                      : GPIOCC26X2.c.obj (.bss.gpioHwi)
                  20008d24    00000014     (.common:ti_sysbios_hal_Seconds_Module_state)
                  20008d38    00000010     ssd1306.o (.bss._i2cParams)
                  20008d48    00000010     (.common:ethernetUdp)
                  20008d58    00000010     (.common:ieeeStats)
                  20008d68    0000000c     (.common:Dashboard_SemaphoreParams)
                  20008d74    0000000c     (.common:Init_SemaphoreParams)
                  20008d80    0000000c     (.common:bleStats)
                  20008d8c    00000008     radio_queue.o (.bss.RadioQueue_object)
                  20008d94    00000008     drivers_cc26x2.a : TemperatureCC26X2.c.obj (.bss.notificationList)
                  20008d9c    00000008     (.common:parmbuf)
                  20008da4    00000004     dashboard_task.o (.bss.StrTok.p)
                  20008da8    00000004     ssd1306.o (.bss._i2c)
                  20008dac    00000004     driverlib.lib : osc.o (.bss.oscHfGlobals.0)
                  20008db0    00000004                   : osc.o (.bss.oscHfGlobals.2)
                  20008db4    00000004                   : osc.o (.bss.oscHfGlobals.3)
                  20008db8    00000004                   : osc.o (.bss.oscHfGlobals.4)
                  20008dbc    00000004     (.common:Dashboard_SemaphoreHandle)
                  20008dc0    00000004     (.common:Init_SemaphoreHandle)
                  20008dc4    00000004     (.common:PowerCC26XX_swiKey)
                  20008dc8    00000004     (.common:PowerCC26XX_taskKey)
                  20008dcc    00000004     (.common:dashboardTaskHandle)
                  20008dd0    00000004     (.common:initTaskHandle)
                  20008dd4    00000004     (.common:nRxBufFull)
                  20008dd8    00000004     (.common:rfHandle)
                  20008ddc    00000004     (.common:sniffingTaskHandle)
                  20008de0    00000004     (.common:spi)
                  20008de4    00000004     (.common:ti_sysbios_family_arm_cc26xx_TimestampProvider_Module_state)
                  20008de8    00000004     (.common:ti_sysbios_knl_Task_defaultStackHeap)
                  20008dec    00000002     (.common:_counter)
                  20008dee    00000002     (.common:ethernetServer)
                  20008df0    00000002     (.common:rfCmdHandle)
                  20008df2    00000001     (.common:CurrentRfProtocol)

.stack     0    20011a00    00000600     UNINITIALIZED
                  20011a00    00000004     sysbios.a : boot_cortex_m.obj (.stack)
                  20011a04    000005fc     --HOLE--

.priheap   0    20001a50    00004000     UNINITIALIZED
                  20001a50    00004000     --HOLE--

.log_data 
*          0    90000000    00000000     COPY SECTION

.resetVecs 
*          0    00000000    0000003c     
                  00000000    0000003c     ti_sysbios_config.o (.resetVecs)

.vecs      0    20000000    000000d8     NOLOAD SECTION
                  20000000    000000d8     ti_sysbios_config.o (.vecs)

.text      0    00000040    0000f26c     
                  00000040    000005f0     ti_sysbios_config.o (.text.ti_sysbios_runtime_System_doPrint)
                  00000630    000005ea     driverlib.lib : osc.o (.text.findHposcCoefficients)
                  00000c1a    00000002     ti_sysbios_config.o (.text.BIOS_nullFunc)
                  00000c1c    00000498     rf_multiMode_cc26x2.a : RFCC26X2_multiMode.c.cc26x2.ticlang.o (.text.RF_fsmActiveState)
                  000010b4    00000372     Dhcp.o (.text.DHCP_parseDHCPResponse)
                  00001426    00000002     ti_drivers_config.o (.text.Board_initHook)
                  00001428    000002f8     log.o (.text.Log_print)
                  00001720    000002c8     drivers_cc26x2.a : SPICC26X2DMA.c.obj (.text.SPICC26X2DMA_transfer)
                  000019e8    0000029c     rf_multiMode_cc26x2.a : RFCC26X2_multiMode.c.cc26x2.ticlang.o (.text.RF_open)
                  00001c84    00000268     libc.a : _printfi.c.obj (.text:__TI_printfi_minimal)
                  00001eec    0000025c     Dhcp.o (.text.DHCP_send_DHCP_MESSAGE)
                  00002148    00000236     Dhcp.o (.text.DHCP_request_DHCP_lease)
                  0000237e    00000002     drivers_cc26x2.a : I2C.c.obj (.text.I2C_init)
                  00002380    00000200     ti_sysbios_config.o (.text.ti_sysbios_runtime_System_printfExtend)
                  00002580    000001fa     ti_sysbios_config.o (.text.ti_sysbios_family_arm_m3_Hwi_excFillContext)
                  0000277a    00000002     rf_multiMode_cc26x2.a : rfc.c.cc26x2.ticlang.o (.text.NOROM_RFCCpePatchReset)
                  0000277c    000001dc                           : RFCC26X2_multiMode.c.cc26x2.ticlang.o (.text.RF_dispatchNextCmd)
                  00002958    000001d8     dashboard_task.o (.text.UpdateDashboardInfo)
                  00002b30    000001b6     libclang_rt.builtins.a : adddf3.S.obj (.text)
                  00002ce6    000001b4     init_task.o (.text.Init_Main)
                  00002e9a    000001ae     drivers_cc26x2.a : SPICC26X2DMA.c.obj (.text.SPICC26X2DMA_hwiFxn)
                  00003048    000001aa     ti_sysbios_config.o (.text.ti_sysbios_knl_TaskSupport_buildTaskStack)
                  000031f2    0000019a     ssd1306.o (.text.SSD1306_DrawLine)
                  0000338c    00000198     ti_sysbios_config.o (.text.ti_sysbios_family_arm_cc26xx_Timer_construct)
                  00003524    00000194     drivers_cc26x2.a : PowerCC26X2_calibrateRCOSC.c.obj (.text.PowerCC26X2_auxISR)
                  000036b8    00000192     dashboard_task.o (.text.SetStatusProperty)
                  0000384a    0000018e     ti_sysbios_config.o (.text.ti_sysbios_knl_Task_Instance_init)
                  000039d8    00000188     drivers_cc26x2.a : SPICC26X2DMA.c.obj (.text.SPICC26X2DMA_open)
                  00003b60    00000184     radio_proc.o (.text.initCmdObjects)
                  00003ce4    00000160     drivers_cc26x2.a : SPICC26X2DMA.c.obj (.text.configNextTransfer)
                  00003e44    00000158                      : PowerCC26X2.c.obj (.text.Power_sleep)
                  00003f9c    00000148     rf_multiMode_cc26x2.a : RFCC26X2_multiMode.c.cc26x2.ticlang.o (.text.RF_radioOpDoneCb)
                  000040e4    0000013e     ti_sysbios_config.o (.text.PowerCC26XX_standbyPolicy)
                  00004222    0000013e     ti_sysbios_config.o (.text.ti_sysbios_heaps_HeapMem_allocUnprotected)
                  00004360    0000013c     drivers_cc26x2.a : I2CCC26XX.c.obj (.text.I2C_open)
                  0000449c    0000013c     ti_sysbios_config.o (.text.ti_sysbios_knl_Clock_workFuncDynamic)
                  000045d8    0000013a     sniffing_task.o (.text.Sniffing_Main)
                  00004712    00000136     IPAddress.o (.text.IPAddress_toString)
                  00004848    00000136     libclang_rt.builtins.a : divdf3.S.obj (.text)
                  0000497e    00000134     radio_proc.o (.text.Radio_SetUpAndBeginRx)
                  00004ab2    00000002     rf_multiMode_cc26x2.a : RFCC26X2_multiMode.c.cc26x2.ticlang.o (.text.RF_defaultCallback)
                  00004ab4    00000134     driverlib.lib : osc.o (.text.findHposcPc)
                  00004be8    00000130     Dhcp.o (.text.DHCP_checkLease)
                  00004d18    0000012c     rf_multiMode_cc26x2.a : RFCC26X2_multiMode.c.cc26x2.ticlang.o (.text.RF_close)
                  00004e44    0000012c                           : RFCC26X2_multiMode.c.cc26x2.ticlang.o (.text.RF_fsmSetupState)
                  00004f70    00000126     drivers_cc26x2.a : I2C.c.obj (.text.I2C_transferTimeout)
                  00005096    00000002     libclang_rt.builtins.a : aeabi_div0.c.obj (.text.__aeabi_ldiv0)
                  00005098    00000124     rf_multiMode_cc26x2.a : RFCC26X2_multiMode.c.cc26x2.ticlang.o (.text.RF_abortCmd)
                  000051bc    00000122     drivers_cc26x2.a : SPICC26X2DMA.c.obj (.text.SPICC26X2DMA_transferCancel)
                  000052de    00000002     libc.a : _lock.c.obj (.text._nop)
                  000052e0    0000011c     sysbios.a : Hwi_asm_gnu.obj (.text.ti_sysbios_family_arm_m3_Hwi_dispatch)
                  000053fc    00000118     drivers_cc26x2.a : PowerCC26X2.c.obj (.text.Power_init)
                  00005514    00000118     rf_multiMode_cc26x2.a : RFCC26X2_multiMode.c.cc26x2.ticlang.o (.text.RF_decodeOverridePointers)
                  0000562c    0000010e     ti_sysbios_config.o (.text.ti_sysbios_knl_Semaphore_pend)
                  0000573a    00000002     drivers_cc26x2.a : PowerCC26X2.c.obj (.text.emptyClockFunc)
                  0000573c    0000010c                      : PowerCC26X2_calibrateRCOSC.c.obj (.text.PowerCC26X2_calibrate)
                  00005848    0000010a     ssd1306.o (.text.SSD1306_DrawChar)
                  00005952    0000010a     ti_sysbios_config.o (.text.ti_sysbios_knl_Task_Instance_finalize)
                  00005a5c    00000108     rf_multiMode_cc26x2.a : RFCC26X2_multiMode.c.cc26x2.ticlang.o (.text.RF_fsmPowerUpState)
                  00005b64    00000104     drivers_cc26x2.a : GPIOCC26X2.c.obj (.text.GPIO_init)
                  00005c68    000000fe     ti_sysbios_config.o (.text.ti_sysbios_family_arm_m3_Hwi_Instance_init)
                  00005d66    00000002     ti_sysbios_config.o (.text.ti_sysbios_family_arm_cc26xx_Timer_startup)
                  00005d68    000000fc     rf_multiMode_cc26x2.a : RFCC26X2_multiMode.c.cc26x2.ticlang.o (.text.RF_hwiCpe0Active)
                  00005e64    000000fc     libclang_rt.builtins.a : muldf3.S.obj (.text)
                  00005f60    000000f4     driverlib.lib : sys_ctrl.o (.text.NOROM_SysCtrlStandby)
                  00006054    000000f4     dashboard_task.o (.text.StrTok)
                  00006148    000000f2     radio_queue.o (.text.RadioQueue_create)
                  0000623a    000000ee     ti_sysbios_config.o (.text.ti_sysbios_knl_Clock_startI)
                  00006328    000000e8     drivers_cc26x2.a : I2CCC26XX.c.obj (.text.I2CCC26XX_hwiFxn)
                  00006410    000000e8     socket.o (.text.send)
                  000064f8    000000e6     dashboard_task.o (.text.Dashboard_Main)
                  000065de    00000002     ti_sysbios_config.o (.text.ti_sysbios_knl_TaskSupport_init)
                  000065e0    000000e4     driverlib.lib : setup.o (.text.NOROM_SetupTrimDevice)
                  000066c4    000000e4     ti_sysbios_config.o (.text.ti_sysbios_family_arm_m3_Hwi_initNVIC)
                  000067a8    000000da     ti_sysbios_config.o (.text.ti_sysbios_heaps_HeapMem_freeUnprotected)
                  00006882    00000002     --HOLE-- [fill = 0]
                  00006884    000000d8     drivers_cc26x2.a : SPICC26X2DMA.c.obj (.text.SPICC26X2DMA_control)
                  0000695c    000000d0                      : PowerCC26X2.c.obj (.text.configureXOSCHF)
                  00006a2c    000000cc     rf_multiMode_cc26x2.a : RFCC26X2_multiMode.c.cc26x2.ticlang.o (.text.RF_postCmd)
                  00006af8    000000ca                           : RFCC26X2_multiMode.c.cc26x2.ticlang.o (.text.RF_updatePaConfiguration)
                  00006bc2    000000c8     IPAddress.o (.text.IPAddress_fromString)
                  00006c8a    000000c4     driverlib.lib : setup.o (.text.TrimAfterColdResetWakeupFromShutDown)
                  00006d4e    000000c0     radio_proc.o (.text.Radio_HandlerFunc)
                  00006e0e    000000c0     ti_sysbios_config.o (.text.ti_sysbios_knl_Clock_walkQueueDynamic)
                  00006ece    000000c0     ti_sysbios_config.o (.text.ti_sysbios_knl_Swi_restoreHwi)
                  00006f8e    000000c0     ti_sysbios_config.o (.text.ti_sysbios_runtime_System_formatNum)
                  0000704e    000000be     gui.o (.text.GUI_Init)
                  0000710c    000000bc     rf_multiMode_cc26x2.a : RFCC26X2_multiMode.c.cc26x2.ticlang.o (.text.RF_swiHw)
                  000071c8    000000bc     ti_sysbios_config.o (.text.ti_sysbios_knl_Task_postInit)
                  00007284    000000b8     ti_sysbios_config.o (.text.ti_sysbios_knl_Swi_Instance_init)
                  0000733c    000000b6     driverlib.lib : osc.o (.text.NOROM_OSC_HPOSCInitializeFrequencyOffsetParameters)
                  000073f2    000000b4                   : osc.o (.text.NOROM_OSCHF_AttemptToSwitchToXosc)
                  000074a6    00000002     --HOLE-- [fill = 0]
                  000074a8    000000b4     drivers_cc26x2.a : PowerCC26X2.c.obj (.text.Power_releaseDependency)
                  0000755c    000000b4     socket.o (.text.socket)
                  00007610    000000b2     html.o (.text.Html_CopyHtmlToMtuBuffer)
                  000076c2    000000b0     dashboard_task.o (.text.HandleRestApi)
                  00007772    00000002     --HOLE-- [fill = 0]
                  00007774    000000b0     drivers_cc26x2.a : PowerCC26X2.c.obj (.text.Power_setDependency)
                  00007824    000000b0     libclang_rt.builtins.a : udivmoddi4.S.obj (.text)
                  000078d4    000000ac     rf_multiMode_cc26x2.a : RFCC26X2_multiMode.c.cc26x2.ticlang.o (.text.RF_pendCmd)
                  00007980    000000a8     drivers_cc26x2.a : TemperatureCC26X2.c.obj (.text.temperatureHwiFxn)
                  00007a28    000000a6     socket.o (.text.recv)
                  00007ace    00000002     --HOLE-- [fill = 0]
                  00007ad0    000000a4     rf_multiMode_cc26x2.a : RFCC26X2_multiMode.c.cc26x2.ticlang.o (.text.RF_initRadioSetup)
                  00007b74    000000a2     ti_sysbios_config.o (.text.ti_sysbios_knl_TaskSupport_start)
                  00007c16    000000a0     drivers_cc26x2.a : I2CCC26XX.c.obj (.text.I2CCC26XX_swiFxn)
                  00007cb6    00000002     --HOLE-- [fill = 0]
                  00007cb8    000000a0     rf_multiMode_cc26x2.a : RFCC26X2_multiMode.c.cc26x2.ticlang.o (.text.RF_calculateDispatchTime)
                  00007d58    0000009a     Ethernet.o (.text.Ethernet_begin_mac)
                  00007df2    0000009a     ssd1306.o (.text.SSD1306_Init)
                  00007e8c    0000009a     ti_sysbios_config.o (.text.ti_sysbios_knl_Task_schedule)
                  00007f26    00000098     rf_multiMode_cc26x2.a : RFCC26X2_multiMode.c.cc26x2.ticlang.o (.text.RF_defaultSubmitPolicy)
                  00007fbe    00000098     ti_sysbios_config.o (.text.ti_sysbios_hal_Seconds_getTime)
                  00008056    00000096     EthernetUdp.o (.text.EthernetUDP_begin)
                  000080ec    00000096     rf_multiMode_cc26x2.a : RFCC26X2_multiMode.c.cc26x2.ticlang.o (.text.RF_verifyGap)
                  00008182    00000094     Ethernet.o (.text.Ethernet_maintain)
                  00008216    00000002     --HOLE-- [fill = 0]
                  00008218    00000094     rf_multiMode_cc26x2.a : RFCC26X2_multiMode.c.cc26x2.ticlang.o (.text.RF_hposcRfCompensateFxn)
                  000082ac    00000094                           : RFCC26X2_multiMode.c.cc26x2.ticlang.o (.text.RF_ratRestartChannels)
                  00008340    00000094     ti_sysbios_config.o (.text.ti_sysbios_heaps_HeapMem_Instance_init)
                  000083d4    00000090     ti_sysbios_config.o (.text.ti_sysbios_knl_Task_sleep)
                  00008464    0000008e     ssd1306.o (.text.SSD1306_DrawPixel)
                  000084f2    0000008e     ti_sysbios_config.o (.text.ti_sysbios_family_arm_m3_Hwi_excHandlerMin)
                  00008580    0000008e     ti_sysbios_config.o (.text.ti_sysbios_knl_Swi_runLoop)
                  0000860e    00000002     --HOLE-- [fill = 0]
                  00008610    0000008c     drivers_cc26x2.a : GPIOCC26XX.c.obj (.text.GPIO_setConfig)
                  0000869c    0000008c     ti_sysbios_config.o (.text.ti_sysbios_family_arm_m3_Hwi_construct2)
                  00008728    0000008a     EthernetClient.o (.text.EthernetClient_stop)
                  000087b2    0000008a     EthernetServer.o (.text.EthernetServer_accept)
                  0000883c    0000008a     EthernetServer.o (.text.EthernetServer_available)
                  000088c6    0000008a     ti_sysbios_config.o (.text.ti_sysbios_knl_Semaphore_post)
                  00008950    00000088     rf_multiMode_cc26x2.a : RFCC26X2_multiMode.c.cc26x2.ticlang.o (.text.RF_cmdDispatchTime)
                  000089d8    00000088                           : RFCC26X2_multiMode.c.cc26x2.ticlang.o (.text.RF_discardPendCmd)
                  00008a60    00000088     ti_sysbios_config.o (.text.ti_sysbios_family_arm_m3_Hwi_postInit)
                  00008ae8    00000086     ti_sysbios_config.o (.text.ti_sysbios_runtime_Memory_alloc)
                  00008b6e    00000084     EthernetUdp.o (.text.EthernetUDP_parsePacket)
                  00008bf2    00000082     EthernetClient.o (.text.EthernetClient_connected)
                  00008c74    00000082     ti_sysbios_config.o (.text.ti_sysbios_family_arm_m3_Hwi_getStackInfo)
                  00008cf6    00000080     driverlib.lib : sys_ctrl.o (.text.NOROM_SysCtrlSetRechargeBeforePowerDown)
                  00008d76    0000007e     ti_drivers_config.o (.text.Board_sendExtFlashByte)
                  00008df4    0000007e     driverlib.lib : chipinfo.o (.text.NOROM_ChipInfo_GetChipType)
                  00008e72    0000007e     ssd1306.o (.text.SSD1306_UpdatePosition)
                  00008ef0    0000007c     rf_multiMode_cc26x2.a : RFCC26X2_multiMode.c.cc26x2.ticlang.o (.text.RF_ratDisableChannel)
                  00008f6c    0000007c     ti_sysbios_config.o (.text.SwiP_construct)
                  00008fe8    0000007c     ti_sysbios_config.o (.text.ti_sysbios_family_arm_cc26xx_Timer_periodicStub)
                  00009064    0000007c     ti_sysbios_config.o (.text.ti_sysbios_knl_Swi_schedule)
                  000090e0    0000007a     ti_sysbios_config.o (.text.ti_sysbios_family_arm_m3_Hwi_dispatchC)
                  0000915a    0000007a     ti_sysbios_config.o (.text.ti_sysbios_knl_Idle_init)
                  000091d4    00000078     driverlib.lib : osc.o (.text.NOROM_OSCHF_SwitchToRcOscTurnOffXosc)
                  0000924c    00000078                   : osc.o (.text.NOROM_OSC_CapArrayAdjustWorkaround_Boot)
                  000092c4    00000078     rf_multiMode_cc26x2.a : RFCC26X2_multiMode.c.cc26x2.ticlang.o (.text.RF_ratFreeChannel)
                  0000933c    00000078     drivers_cc26x2.a : SPICC26X2DMA.c.obj (.text.SPICC26X2DMA_close)
                  000093b4    00000078     ti_sysbios_config.o (.text.ti_sysbios_family_arm_m3_Hwi_disableInterrupt)
                  0000942c    00000078     ti_sysbios_config.o (.text.ti_sysbios_knl_Swi_run)
                  000094a4    00000078     ti_sysbios_config.o (.text.ti_sysbios_knl_Task_blockI)
                  0000951c    00000078     ti_sysbios_config.o (.text.ti_sysbios_knl_Task_startup)
                  00009594    00000076     gui.o (.text.GUI_ChangeProto)
                  0000960a    00000002     --HOLE-- [fill = 0]
                  0000960c    00000074     drivers_cc26x2.a : PowerCC26X2_calibrateRCOSC_helpers.c.obj (.text.PowerCC26X2_updateSubSecInc)
                  00009680    00000074     rf_multiMode_cc26x2.a : RFCC26X2_multiMode.c.cc26x2.ticlang.o (.text.RF_hwiHw)
                  000096f4    00000074     drivers_cc26x2.a : TemperatureCC26X2.c.obj (.text.Temperature_init)
                  00009768    00000074     ti_sysbios_config.o (.text.ti_sysbios_heaps_HeapMem_getStats)
                  000097dc    00000072     ti_sysbios_config.o (.text.ti_sysbios_family_arm_cc26xx_Timer_setThreshold)
                  0000984e    00000070     EthernetServer.o (.text.EthernetServer_begin)
                  000098be    00000002     --HOLE-- [fill = 0]
                  000098c0    00000070     ArduinoCompatibility.o (.text.millis)
                  00009930    00000070     ti_sysbios_config.o (.text.ti_sysbios_family_arm_m3_Hwi_enableInterrupt)
                  000099a0    0000006e     ti_sysbios_config.o (.text.BIOS_init)
                  00009a0e    0000006e     ti_drivers_config.o (.text.Board_shutDownExtFlash)
                  00009a7c    0000006e     libclang_rt.builtins.a : comparedf2.c.obj (.text.__gedf2)
                  00009aea    00000002     --HOLE-- [fill = 0]
                  00009aec    0000006e                            : comparedf2.c.obj (.text.__ledf2)
                  00009b5a    0000006e     init_task.o (.text.byte2hex)
                  00009bc8    0000006e     ti_sysbios_config.o (.text.ti_sysbios_knl_Clock_init)
                  00009c36    0000006c     Dhcp.o (.text.DHCP_printByte)
                  00009ca2    0000006c     EthernetUdp.o (.text.EthernetUDP_read_buf)
                  00009d0e    00000002     --HOLE-- [fill = 0]
                  00009d10    0000006c     rf_multiMode_cc26x2.a : RFCC26X2_multiMode.c.cc26x2.ticlang.o (.text.RF_issueRadioFreeCb)
                  00009d7c    0000006c     w5500.o (.text.W5500_read_buf)
                  00009de8    0000006a     html.o (.text.Html_strcpy)
                  00009e52    0000006a     drivers_cc26x2.a : I2CCC26XX.c.obj (.text.I2CSupport_primeTransfer)
                  00009ebc    0000006a     radio_queue.o (.text.RadioQueue_takePacket)
                  00009f26    0000006a     w5500.o (.text.W5500_write_buf)
                  00009f90    0000006a     main.o (.text.main)
                  00009ffa    0000006a     libc.a : copy_decompress_lzss.c.obj (.text:decompress:lzss)
                  0000a064    00000068     rf_multiMode_cc26x2.a : RFCC26X2_multiMode.c.cc26x2.ticlang.o (.text.RF_detachOverrides)
                  0000a0cc    00000068     w5500.o (.text.W5500_send_data_processing_offset)
                  0000a134    00000066     EthernetClient.o (.text.EthernetClient_readBytesUntil)
                  0000a19a    00000066     ti_sysbios_config.o (.text.ti_sysbios_family_arm_cc26xx_Timer_start)
                  0000a200    00000066     ti_sysbios_config.o (.text.ti_sysbios_family_arm_m3_Hwi_Instance_finalize)
                  0000a266    00000002     --HOLE-- [fill = 0]
                  0000a268    00000064     drivers_cc26x2.a : PowerCC26X2_calibrateRCOSC.c.obj (.text.PowerCC26X2_initiateCalibration)
                  0000a2cc    00000064     rf_multiMode_cc26x2.a : RFCC26X2_multiMode.c.cc26x2.ticlang.o (.text.RF_attachOverrides)
                  0000a330    00000064                           : RFCC26X2_multiMode.c.cc26x2.ticlang.o (.text.RF_dispatchNextEvent)
                  0000a394    00000064                           : RFCC26X2_multiMode.c.cc26x2.ticlang.o (.text.RF_hwiCpe0PowerFsm)
                  0000a3f8    00000064     SPIfg.o (.text.SPI_transf)
                  0000a45c    00000064     ssd1306.o (.text.SSD1306_DrawString)
                  0000a4c0    00000064     drivers_cc26x2.a : UDMACC26XX.c.obj (.text.UDMACC26XX_open)
                  0000a524    00000064     gui.o (.text.ito2a)
                  0000a588    00000064     drivers_cc26x2.a : PowerCC26X2.c.obj (.text.oscillatorISR)
                  0000a5ec    00000062     rf_multiMode_cc26x2.a : RFCC26X2_multiMode.c.cc26x2.ticlang.o (.text.RF_syncCb)
                  0000a64e    00000062     socket.o (.text.bufferData)
                  0000a6b0    00000062     libclang_rt.builtins.a : aeabi_dcmp.S.obj (.text)
                  0000a712    00000060     Dhcp.o (.text.DHCP_beginWithDHCP)
                  0000a772    00000060     drivers_cc26x2.a : SPICC26X2DMA.c.obj (.text.csnCallback)
                  0000a7d2    00000060     ti_sysbios_config.o (.text.ti_sysbios_knl_ClockSupport_init)
                  0000a832    00000002     --HOLE-- [fill = 0]
                  0000a834    0000005e     rf_multiMode_cc26x2.a : rfc.c.cc26x2.ticlang.o (.text.NOROM_RFCAnaDivTxOverride)
                  0000a892    0000005e     socket.o (.text.startUDP)
                  0000a8f0    0000005e     ti_sysbios_config.o (.text.ti_sysbios_knl_Swi_post)
                  0000a94e    0000005e     ti_sysbios_config.o (.text.ti_sysbios_runtime_Error_raiseX)
                  0000a9ac    0000005c     ti_sysbios_config.o (.text.ClockP_construct)
                  0000aa08    0000005c     libclang_rt.builtins.a : divmoddi4.c.obj (.text.__divmoddi4)
                  0000aa64    0000005c     ti_sysbios_config.o (.text.ti_sysbios_heaps_HeapMem_alloc)
                  0000aac0    0000005c     ti_sysbios_config.o (.text.ti_sysbios_knl_Task_init)
                  0000ab1c    0000005a     init_task.o (.text.mac2string)
                  0000ab76    00000058     ti_sysbios_config.o (.text.AONRTCEventClear)
                  0000abce    00000058     ti_sysbios_config.o (.text.HwiP_construct)
                  0000ac26    00000002     --HOLE-- [fill = 0]
                  0000ac28    00000058     rf_multiMode_cc26x2.a : RFCC26X2_multiMode.c.cc26x2.ticlang.o (.text.RF_applyRfCorePatch)
                  0000ac80    00000058     radio_queue.o (.text.RadioQueue_reset)
                  0000acd8    00000058     w5500.o (.text.W5500_recv_data_processing)
                  0000ad30    00000058     ti_sysbios_config.o (.text.ti_sysbios_family_arm_m3_Hwi_construct)
                  0000ad88    00000058     sysbios.a : Hwi_asm_switch_gnu.obj (.text.ti_sysbios_family_arm_m3_Hwi_initStacks)
                  0000ade0    00000058     ti_sysbios_config.o (.text.ti_sysbios_heaps_HeapMem_construct)
                  0000ae38    00000058     ti_sysbios_config.o (.text.ti_sysbios_knl_Swi_init)
                  0000ae90    00000056     ti_sysbios_config.o (.text.AONRTCCompareValueSet)
                  0000aee6    00000056     gui.o (.text.GUI_ChangeRx)
                  0000af3c    00000056     SPIfg.o (.text.SPI_begin)
                  0000af92    00000056     ti_sysbios_config.o (.text.getTime)
                  0000afe8    00000056     ti_sysbios_config.o (.text.ti_sysbios_family_arm_cc26xx_Timer_getCurrentTick)
                  0000b03e    00000056     ti_sysbios_config.o (.text.ti_sysbios_knl_Clock_Instance_init)
                  0000b094    00000056     ti_sysbios_config.o (.text.ti_sysbios_runtime_SystemSupport_flush)
                  0000b0ea    00000056     ti_sysbios_config.o (.text.ti_sysbios_runtime_System_atexit)
                  0000b140    00000056     ti_sysbios_config.o (.text.ti_sysbios_runtime_System_putchar)
                  0000b196    00000054     ti_sysbios_config.o (.text.AONRTCChannelEnable)
                  0000b1ea    00000054     ti_sysbios_config.o (.text.BIOS_startFunc)
                  0000b23e    00000002     --HOLE-- [fill = 0]
                  0000b240    00000054     libsysbm.a : hostwrite.c.obj (.text.HOSTwrite)
                  0000b294    00000054     drivers_cc26x2.a : I2CCC26XX.c.obj (.text.I2CCC26XX_initHw)
                  0000b2e8    00000054     rf_multiMode_cc26x2.a : RFCC26X2_multiMode.c.cc26x2.ticlang.o (.text.RF_fsmXOSCState)
                  0000b33c    00000054                           : RFCC26X2_multiMode.c.cc26x2.ticlang.o (.text.RF_getCurrentTime)
                  0000b390    00000052     driverlib.lib : chipinfo.o (.text.NOROM_ChipInfo_GetHwRevision)
                  0000b3e2    00000052     ti_sysbios_config.o (.text.usleep)
                  0000b434    00000050     rf_multiMode_cc26x2.a : RFCC26X2_multiMode.c.cc26x2.ticlang.o (.text.RF_enableHPOSCTemperatureCompensation)
                  0000b484    00000050                           : RFCC26X2_multiMode.c.cc26x2.ticlang.o (.text.RF_wakeupNotification)
                  0000b4d4    00000050     ti_sysbios_config.o (.text.ti_sysbios_family_arm_cc26xx_Timer_setNextTick)
                  0000b524    0000004e     gui.o (.text.GUI_ChangeChannel)
                  0000b572    0000004e     w5500.o (.text.W5500_getRXReceivedSize)
                  0000b5c0    0000004e     w5500.o (.text.W5500_getTXFreeSize)
                  0000b60e    0000004e     ti_sysbios_config.o (.text.ti_sysbios_knl_Swi_restore)
                  0000b65c    0000004c     driverlib.lib : osc.o (.text.NOROM_OSC_HPOSCRelativeFrequencyOffsetGet)
                  0000b6a8    0000004c     rf_multiMode_cc26x2.a : rf_patch_cpe_bt5.c.cc26x2.ticlang.o (.text.configureBt5Patch)
                  0000b6f4    0000004c     drivers_cc26x2.a : SPICC26X2DMA.c.obj (.text.initHw)
                  0000b740    0000004c     SPIfg.o (.text.initSS)
                  0000b78c    0000004c     drivers_cc26x2.a : PowerCC26X2.c.obj (.text.switchXOSCHF)
                  0000b7d8    0000004c     ti_sysbios_config.o (.text.ti_sysbios_knl_Clock_getTimeout)
                  0000b824    0000004c     ti_sysbios_config.o (.text.ti_sysbios_knl_Task_create)
                  0000b870    0000004c     ti_sysbios_config.o (.text.ti_sysbios_runtime_SystemSupport_putch)
                  0000b8bc    0000004c     ti_sysbios_config.o (.text.ti_sysbios_runtime_System_processAtExit)
                  0000b908    0000004a     radio_proc.o (.text.Radio_StopRx)
                  0000b952    0000004a     ti_sysbios_config.o (.text.ti_sysbios_knl_Task_construct)
                  0000b99c    0000004a     ti_sysbios_config.o (.text.ti_sysbios_runtime_Error_print)
                  0000b9e6    00000048     EthernetClient.o (.text.EthernetClient_timedRead)
                  0000ba2e    00000048     html.o (.text.Html_SetKeyValueInBuffer)
                  0000ba76    00000002     --HOLE-- [fill = 0]
                  0000ba78    00000048     driverlib.lib : aux_sysif.o (.text.NOROM_AUXSYSIFOpModeChange)
                  0000bac0    00000048     rf_multiMode_cc26x2.a : rfc.c.cc26x2.ticlang.o (.text.NOROM_RFCSynthPowerDown)
                  0000bb08    00000048     drivers_cc26x2.a : PowerCC26X2.c.obj (.text.PowerCC26XX_switchXOSC_HF)
                  0000bb50    00000048     ssd1306.o (.text.SSD1306_SendCommand)
                  0000bb98    00000048     drivers_cc26x2.a : TemperatureCC26X2.c.obj (.text.Temperature_registerNotifyRange)
                  0000bbe0    00000048     w5500.o (.text.W5500_init)
                  0000bc28    00000048     libc.a : atoi.c.obj (.text.atoi)
                  0000bc70    00000048     rf_multiMode_cc26x2.a : rf_patch_cpe_ieee_802_15_4.c.cc26x2.ticlang.o (.text.rf_patch_cpe_ieee_802_15_4)
                  0000bcb8    00000048     ti_sysbios_config.o (.text.ti_sysbios_family_arm_m3_Hwi_init)
                  0000bd00    00000048     libclang_rt.builtins.a : fixdfsi.S.obj (.text)
                  0000bd48    00000046     ti_sysbios_config.o (.text.ti_sysbios_knl_Semaphore_Instance_init)
                  0000bd8e    00000046     ti_sysbios_config.o (.text.ti_sysbios_knl_Swi_construct)
                  0000bdd4    00000046     ti_sysbios_config.o (.text.ti_sysbios_knl_Task_processVitalTaskFlag)
                  0000be1a    00000046     ti_sysbios_config.o (.text.ti_sysbios_knl_Task_unblockI)
                  0000be60    00000046     ti_sysbios_config.o (.text.ti_sysbios_runtime_SysMin_output)
                  0000bea6    00000044     ti_sysbios_config.o (.text.BIOS_rtsLock)
                  0000beea    00000002     --HOLE-- [fill = 0]
                  0000beec    00000044     drivers_cc26x2.a : GPIOCC26X2.c.obj (.text.GPIO_hwiIntFxn)
                  0000bf30    00000044     gui.o (.text.GUI_ChangeDeviceIp)
                  0000bf74    00000044     gui.o (.text.GUI_ChangeTargetIp)
                  0000bfb8    00000044     driverlib.lib : prcm.o (.text.NOROM_PRCMPowerDomainsAllOff)
                  0000bffc    00000044                   : prcm.o (.text.NOROM_PRCMPowerDomainsAllOn)
                  0000c040    00000044     rf_multiMode_cc26x2.a : RFCC26X2_multiMode.c.cc26x2.ticlang.o (.text.RF_cmdGet)
                  0000c084    00000044                           : RFCC26X2_multiMode.c.cc26x2.ticlang.o (.text.RF_updatePowerupDuration)
                  0000c0c8    00000044     drivers_cc26x2.a : SPI.c.obj (.text.SPI_init)
                  0000c10c    00000044     ti_sysbios_config.o (.text._pthread_cleanupFxn)
                  0000c150    00000044     drivers_cc26x2.a : TemperatureCC26X2.c.obj (.text.degreesToCode)
                  0000c194    00000044                      : TemperatureCC26X2.c.obj (.text.setNextThresholds)
                  0000c1d8    00000044     ti_sysbios_config.o (.text.ti_sysbios_knl_Task_restore)
                  0000c21c    00000044     libclang_rt.builtins.a : fixunsdfsi.S.obj (.text)
                  0000c260    00000044     restart.o (.text)
                  0000c2a4    00000042     EthernetClient.o (.text.EthernetClient_write)
                  0000c2e6    00000042     EthernetUdp.o (.text.EthernetUDP_read)
                  0000c328    00000042     ssd1306.o (.text.SSD1306_UpdateScreen)
                  0000c36a    00000042     stv.o (.text.STV_WriteStringAtAddress)
                  0000c3ac    00000040     Ethernet.o (.text.Ethernet_begin_mac_ip_dns_gateway_subnet)
                  0000c3ec    00000040     main.o (.text.Main_CreateDashboardTask)
                  0000c42c    00000040     main.o (.text.Main_CreateInitTask)
                  0000c46c    00000040     main.o (.text.Main_CreateSniffingTask)
                  0000c4ac    00000040     drivers_cc26x2.a : PowerCC26X2_calibrateRCOSC.c.obj (.text.PowerCC26X2_RCOSC_clockFunc)
                  0000c4ec    00000040                      : PowerCC26X2_calibrateRCOSC_helpers.c.obj (.text.PowerCC26X2_setAclkRefSrc)
                  0000c52c    00000040     rf_multiMode_cc26x2.a : RFCC26X2_multiMode.c.cc26x2.ticlang.o (.text.RF_updateHpOscOverride)
                  0000c56c    00000040     drivers_cc26x2.a : SPI.c.obj (.text.SPI_open)
                  0000c5ac    00000040     ti_sysbios_config.o (.text.ti_sysbios_gates_GateMutex_enter)
                  0000c5ec    00000040     ti_sysbios_config.o (.text.ti_sysbios_knl_Semaphore_pendTimeout)
                  0000c62c    00000040     ti_sysbios_config.o (.text.ti_sysbios_knl_Task_exit)
                  0000c66c    0000003e     dashboard_task.o (.text.HandleInterrupt)
                  0000c6aa    0000003e     dashboard_task.o (.text.SendHtmlToClient)
                  0000c6e8    0000003e     w5500.o (.text.W5500_read)
                  0000c726    0000003e     w5500.o (.text.W5500_write)
                  0000c764    0000003e     ti_sysbios_config.o (.text.ti_sysbios_knl_Clock_getTicksUntilInterrupt)
                  0000c7a2    0000003c     ti_sysbios_config.o (.text.BIOS_atExitFunc)
                  0000c7de    00000002     --HOLE-- [fill = 0]
                  0000c7e0    0000003c     drivers_cc26x2.a : GPIO.c.obj (.text.GPIO_resetConfig)
                  0000c81c    0000003c     driverlib.lib : sys_ctrl.o (.text.NOROM_SysCtrlIdle)
                  0000c858    0000003c     drivers_cc26x2.a : PowerCC26X2_calibrateRCOSC_helpers.c.obj (.text.PowerCC26X2_setTdcClkSrc24M)
                  0000c894    0000003c     ti_sysbios_config.o (.text.ti_sysbios_family_arm_m3_Hwi_setPriority)
                  0000c8d0    0000003c     ti_sysbios_config.o (.text.ti_sysbios_knl_Task_restoreHwi)
                  0000c90c    0000003c     drivers_cc26x2.a : TemperatureCC26X2.c.obj (.text.updateThresholds)
                  0000c948    0000003c     Printfg.o (.text.write_string)
                  0000c984    0000003a     stv.o (.text.STV_CopyStvFromFlashIfNotYet)
                  0000c9be    0000003a     ssd1306.o (.text.sendData)
                  0000c9f8    0000003a     ti_sysbios_config.o (.text.ti_sysbios_family_arm_m3_Hwi_clearInterrupt)
                  0000ca32    00000038     ti_drivers_config.o (.text.Board_wakeUpExtFlash)
                  0000ca6a    00000038     EthernetUdp.o (.text.EthernetUDP_stop)
                  0000caa2    00000038     Ethernet.o (.text.Ethernet_ClearConnectInterruptForAllSockets)
                  0000cada    00000002     --HOLE-- [fill = 0]
                  0000cadc    00000038     drivers_cc26x2.a : PowerCC26X2_helpers.c.obj (.text.PowerCC26X2_oscDisableQualifiers)
                  0000cb14    00000038                      : UDMACC26XX.c.obj (.text.UDMACC26XX_close)
                  0000cb4c    00000038     w5500.o (.text.W5500_readSnRX_RD)
                  0000cb84    00000038     w5500.o (.text.W5500_readSnRX_RSR)
                  0000cbbc    00000038     w5500.o (.text.W5500_readSnTX_FSR)
                  0000cbf4    00000038     w5500.o (.text.W5500_readSnTX_WR)
                  0000cc2c    00000038     socket.o (.text.listen)
                  0000cc64    00000038     rf_multiMode_cc26x2.a : rf_patch_cpe_bt5.c.cc26x2.ticlang.o (.text.rf_patch_cpe_bt5)
                  0000cc9c    00000038     libc.a : sprintf.c.obj (.text.sprintf)
                  0000ccd4    00000038     ti_sysbios_config.o (.text.ti_sysbios_runtime_Startup_exec)
                  0000cd0c    00000038     libc.a : autoinit.c.obj (.text:__TI_auto_init_nobinit_nopinit)
                  0000cd44    00000038     libclang_rt.builtins.a : extendsfdf2.S.obj (.text)
                  0000cd7c    00000036     ti_sysbios_config.o (.text.BIOS_rtsUnlock)
                  0000cdb2    00000036     ti_drivers_config.o (.text.Board_init)
                  0000cde8    00000036     ti_sysbios_config.o (.text.SemaphoreP_pend)
                  0000ce1e    00000036     ti_sysbios_config.o (.text.ti_sysbios_knl_Swi_construct2)
                  0000ce54    00000034     html.o (.text.Html_strset)
                  0000ce88    00000034     drivers_cc26x2.a : PowerCC26X2.c.obj (.text.Power_releaseConstraint)
                  0000cebc    00000034     rf_multiMode_cc26x2.a : RFCC26X2_multiMode.c.cc26x2.ticlang.o (.text.RF_powerConstraintRelease)
                  0000cef0    00000034                           : RFCC26X2_multiMode.c.cc26x2.ticlang.o (.text.RF_runDirectImmediateCmd)
                  0000cf24    00000034     w5500.o (.text.W5500_read_data)
                  0000cf58    00000034     w5500.o (.text.W5500_writeSn_buf)
                  0000cf8c    00000034     libsysbm.a : trgmsg.c.obj (.text.__TI_writemsg)
                  0000cfc0    00000034     ti_sysbios_config.o (.text.ti_sysbios_family_arm_cc26xx_Timer_getMaxTicks)
                  0000cff4    00000034     ti_sysbios_config.o (.text.ti_sysbios_knl_Queue_put)
                  0000d028    00000034     ti_sysbios_config.o (.text.ti_sysbios_runtime_System_vprintf)
                  0000d05c    00000034     sysbios.a : boot_cortex_m.obj (.text:_c_int00)
                  0000d090    00000032     EthernetUdp.o (.text.EthernetUDP_write)
                  0000d0c2    00000032     ti_sysbios_config.o (.text.ti_sysbios_knl_Semaphore_create)
                  0000d0f4    00000030     EthernetClient.o (.text.EthernetClient_read)
                  0000d124    00000030     drivers_cc26x2.a : GPIOCC26XX.c.obj (.text.GPIO_setInterruptConfig)
                  0000d154    00000030                      : PowerCC26X2.c.obj (.text.Power_setConstraint)
                  0000d184    00000030     rf_multiMode_cc26x2.a : RFCC26X2_multiMode.c.cc26x2.ticlang.o (.text.RF_checkCmdFsError)
                  0000d1b4    00000030     w5500.o (.text.W5500_writeSn)
                  0000d1e4    00000030     libsysbm.a : trgmsg.c.obj (.text.__TI_readmsg)
                  0000d214    00000030     radio_queue.o (.text.get16bitValue)
                  0000d244    00000030     drivers_cc26x2.a : PowerCC26X2.c.obj (.text.notify)
                  0000d274    00000030     ti_sysbios_config.o (.text.ti_sysbios_family_arm_m3_Hwi_plug)
                  0000d2a4    00000030     ti_sysbios_config.o (.text.ti_sysbios_heaps_HeapMem_free)
                  0000d2d4    00000030     ti_sysbios_config.o (.text.ti_sysbios_knl_Clock_construct)
                  0000d304    00000030     ti_sysbios_config.o (.text.ti_sysbios_knl_Idle_run)
                  0000d334    0000002e     EthernetClient.o (.text.EthernetClient_status)
                  0000d362    0000002e     EthernetUdp.o (.text.EthernetUDP_beginPacket_ip)
                  0000d390    0000002e     driverlib.lib : chipinfo.o (.text.NOROM_ThisLibraryIsFor_CC13x2_CC26x2_HwRev20AndLater_HaltIfViolated)
                  0000d3be    0000002e     rf_multiMode_cc26x2.a : RFCC26X2_multiMode.c.cc26x2.ticlang.o (.text.RF_calculateDeltaTimeUs)
                  0000d3ec    0000002e     ti_sysbios_config.o (.text._pthread_delete)
                  0000d41a    0000002e     ti_sysbios_config.o (.text.ti_sysbios_family_arm_m3_Hwi_initStack)
                  0000d448    0000002e     ti_sysbios_config.o (.text.ti_sysbios_gates_GateMutex_Instance_init)
                  0000d476    00000002     --HOLE-- [fill = 0]
                  0000d478    0000002e     libclang_rt.builtins.a : floatsidf.S.obj (.text)
                  0000d4a6    0000002c     ti_sysbios_config.o (.text.BIOS_registerRTSLock)
                  0000d4d2    0000002c     ti_sysbios_config.o (.text.BIOS_removeRTSLock)
                  0000d4fe    00000002     --HOLE-- [fill = 0]
                  0000d500    0000002c     rf_multiMode_cc26x2.a : RFCC26X2_multiMode.c.cc26x2.ticlang.o (.text.RF_executeDirectImmediateCmd)
                  0000d52c    0000002c     drivers_cc26x2.a : TemperatureCC26X2.c.obj (.text.Temperature_unregisterNotify)
                  0000d558    0000002c     w5500.o (.text.W5500_execCmdSn)
                  0000d584    0000002c     w5500.o (.text.W5500_writeSnDPORT)
                  0000d5b0    0000002c     w5500.o (.text.W5500_writeSnPORT)
                  0000d5dc    0000002c     w5500.o (.text.W5500_writeSnRX_RD)
                  0000d608    0000002c     w5500.o (.text.W5500_writeSnTX_WR)
                  0000d634    0000002c     ti_sysbios_config.o (.text.ti_sysbios_knl_Semaphore_construct)
                  0000d660    0000002c     ti_sysbios_config.o (.text.ti_sysbios_runtime_Memory_free)
                  0000d68c    0000002a     IPAddress.o (.text.IPAddress_Init_str)
                  0000d6b6    0000002a     driverlib.lib : osc.o (.text.NOROM_OSCHF_TurnOnXosc)
                  0000d6e0    0000002a     radio_queue.o (.text.RadioQueue_init)
                  0000d70a    0000002a     drivers_cc26x2.a : SPICC26X2DMA.c.obj (.text.SPICC26X2DMA_swiFxn)
                  0000d734    0000002a     ti_sysbios_config.o (.text.SemaphoreP_constructBinary)
                  0000d75e    0000002a     ti_sysbios_config.o (.text.ti_sysbios_knl_Clock_initI)
                  0000d788    0000002a     ti_sysbios_config.o (.text.ti_sysbios_knl_Task_enter)
                  0000d7b2    00000028     EthernetClient.o (.text.EthernetClient_available)
                  0000d7da    00000028     drivers_cc26x2.a : I2C.c.obj (.text.I2C_cancel)
                  0000d802    00000028                      : List.c.obj (.text.List_remove)
                  0000d82a    00000002     --HOLE-- [fill = 0]
                  0000d82c    00000028                      : PowerCC26X2.c.obj (.text.PowerCC26XX_isStableXOSC_HF)
                  0000d854    00000028     rf_multiMode_cc26x2.a : RFCC26X2_multiMode.c.cc26x2.ticlang.o (.text.RF_cmdStoreEvents)
                  0000d87c    00000028     w5500.o (.text.W5500_readSn)
                  0000d8a4    00000028     sysbios.a : Hwi_asm_gnu.obj (.text.ti_sysbios_family_arm_m3_Hwi_excHandlerAsm)
                  0000d8cc    00000028     ti_sysbios_config.o (.text.ti_sysbios_gates_GateMutex_construct)
                  0000d8f4    00000028     ti_sysbios_config.o (.text.ti_sysbios_knl_Queue_enqueue)
                  0000d91c    00000028     ti_sysbios_config.o (.text.ti_sysbios_knl_Swi_or)
                  0000d944    00000028     sysbios.a : TaskSupport_asm_gnu.obj (.text.ti_sysbios_knl_TaskSupport_swap)
                  0000d96c    00000028     ti_sysbios_config.o (.text.ti_sysbios_knl_Task_sleepTimeout)
                  0000d994    00000028     ti_sysbios_config.o (.text.ti_sysbios_runtime_System_init)
                  0000d9bc    00000028     ti_sysbios_config.o (.text.ti_sysbios_runtime_System_printf)
                  0000d9e4    00000026     drivers_cc26x2.a : List.c.obj (.text.List_insert)
                  0000da0a    00000026                      : List.c.obj (.text.List_putHead)
                  0000da30    00000026                      : SPICC26X2DMA.c.obj (.text.flushFifos)
                  0000da56    00000026     ti_sysbios_config.o (.text.ti_sysbios_family_arm_m3_Hwi_getHandle)
                  0000da7c    00000026     ti_sysbios_config.o (.text.ti_sysbios_knl_Swi_destruct)
                  0000daa2    00000026     ti_sysbios_config.o (.text.ti_sysbios_knl_Task_allBlockedFunction)
                  0000dac8    00000026     ti_sysbios_config.o (.text.ti_sysbios_knl_Task_delete)
                  0000daee    00000026     ti_sysbios_config.o (.text.ti_sysbios_knl_Task_destruct)
                  0000db14    00000024     ti_sysbios_config.o (.text.HwiP_setFunc)
                  0000db38    00000024     drivers_cc26x2.a : List.c.obj (.text.List_put)
                  0000db5c    00000024                      : PowerCC26X2_helpers.c.obj (.text.PowerCC26X2_getOscHfSourceReady)
                  0000db80    00000024                      : PowerCC26X2_helpers.c.obj (.text.PowerCC26X2_setSubSecIncToXoscLf)
                  0000dba4    00000024                      : PowerCC26X2_calibrateRCOSC_helpers.c.obj (.text.PowerCC26X2_writeCtrim)
                  0000dbc8    00000024                      : PowerCC26X2_calibrateRCOSC_helpers.c.obj (.text.PowerCC26X2_writeCtrimFract)
                  0000dbec    00000024                      : PowerCC26X2_calibrateRCOSC_helpers.c.obj (.text.PowerCC26X2_writeCtrimFractEn)
                  0000dc10    00000024                      : PowerCC26X2_calibrateRCOSC_helpers.c.obj (.text.PowerCC26X2_writeRtrim)
                  0000dc34    00000024                      : PowerCC26X2.c.obj (.text.Power_registerNotify)
                  0000dc58    00000024     rf_multiMode_cc26x2.a : RFCC26X2_multiMode.c.cc26x2.ticlang.o (.text.RF_clkPowerUp)
                  0000dc7c    00000024                           : RFCC26X2_multiMode.c.cc26x2.ticlang.o (.text.RF_hwiCpe0ChangePhy)
                  0000dca0    00000024                           : RFCC26X2_multiMode.c.cc26x2.ticlang.o (.text.RF_isStateTransitionAllowed)
                  0000dcc4    00000024                           : RFCC26X2_multiMode.c.cc26x2.ticlang.o (.text.RF_searchAndReplacePAOverride)
                  0000dce8    00000024     ssd1306.o (.text.SSD1306_SetPosition)
                  0000dd0c    00000024     drivers_cc26x2.a : SPICC26X2DMA.c.obj (.text.releaseConstraint)
                  0000dd30    00000024     ti_sysbios_config.o (.text.ti_sysbios_family_arm_cc26xx_Timer_Params_init)
                  0000dd54    00000024     ti_sysbios_config.o (.text.ti_sysbios_knl_Task_Params_init)
                  0000dd78    00000022     ti_sysbios_config.o (.text.BIOS_setThreadType)
                  0000dd9a    00000022     drivers_cc26x2.a : List.c.obj (.text.List_get)
                  0000ddbc    00000022     rf_multiMode_cc26x2.a : RFCC26X2_multiMode.c.cc26x2.ticlang.o (.text.RF_queueEnd)
                  0000ddde    00000022     w5500.o (.text.W5500_send_data_processing)
                  0000de00    00000022     libc.a : memcmp.c.obj (.text.memcmp)
                  0000de22    00000022     socket.o (.text.sendUDP)
                  0000de44    00000022     ti_sysbios_config.o (.text.ti_sysbios_gates_GateMutex_leave)
                  0000de66    00000022     ti_sysbios_config.o (.text.ti_sysbios_heaps_HeapMem_restore)
                  0000de88    00000022     ti_sysbios_config.o (.text.ti_sysbios_knl_Clock_getTicks)
                  0000deaa    00000022     ti_sysbios_config.o (.text.ti_sysbios_knl_Clock_scheduleNextTick)
                  0000decc    00000022     ti_sysbios_config.o (.text.ti_sysbios_knl_Queue_dequeue)
                  0000deee    00000022     ti_sysbios_config.o (.text.ti_sysbios_knl_Semaphore_destruct)
                  0000df10    00000020     Dhcp.o (.text.DHCP_reset_DHCP_lease)
                  0000df30    00000020     EthernetUdp.o (.text.EthernetUDP_write_byte)
                  0000df50    00000020     rf_multiMode_cc26x2.a : rfc.c.cc26x2.ticlang.o (.text.NOROM_RFCDoorbellSendTo)
                  0000df70    00000020                           : rfc.c.cc26x2.ticlang.o (.text.NOROM_RFCOverrideSearch)
                  0000df90    00000020     drivers_cc26x2.a : PowerCC26X2_helpers.c.obj (.text.PowerCC26X2_disableTCXOQual)
                  0000dfb0    00000020                      : PowerCC26X2_helpers.c.obj (.text.PowerCC26X2_enableTCXOQual)
                  0000dfd0    00000020     ti_sysbios_config.o (.text.PowerCC26XX_schedulerDisable)
                  0000dff0    00000020     ti_sysbios_config.o (.text.PowerCC26XX_schedulerRestore)
                  0000e010    00000020     drivers_cc26x2.a : PowerCC26X2.c.obj (.text.Power_unregisterNotify)
                  0000e030    00000020     rf_multiMode_cc26x2.a : RFCC26X2_multiMode.c.cc26x2.ticlang.o (.text.RF_cmdAlloc)
                  0000e050    00000020                           : RFCC26X2_multiMode.c.cc26x2.ticlang.o (.text.RF_invokeGlobalCallback)
                  0000e070    00000020                           : RFCC26X2_multiMode.c.cc26x2.ticlang.o (.text.RF_ratIsRunning)
                  0000e090    00000020     socket.o (.text.close)
                  0000e0b0    00000020     ti_sysbios_config.o (.text.ti_sysbios_family_arm_cc26xx_Timer_postInit)
                  0000e0d0    00000020     ti_sysbios_config.o (.text.ti_sysbios_family_arm_m3_Hwi_excHandler)
                  0000e0f0    00000020     ti_sysbios_config.o (.text.ti_sysbios_family_arm_m3_Hwi_post)
                  0000e110    00000020     ti_sysbios_config.o (.text.ti_sysbios_knl_ClockSupport_getCurrentTick)
                  0000e130    00000020     libclang_rt.builtins.a : floatunsidf.S.obj (.text)
                  0000e150    0000001e     ti_sysbios_config.o (.text.SwiP_Params_init)
                  0000e16e    0000001e     w5500.o (.text.W5500_writeSnCR)
                  0000e18c    0000001e     w5500.o (.text.W5500_writeSnIR)
                  0000e1aa    0000001e     w5500.o (.text.W5500_writeSnMR)
                  0000e1c8    0000001e     libc.a : memccpy.c.obj (.text.memccpy)
                  0000e1e6    0000001e     sysbios.a : Hwi_asm_switch_gnu.obj (.text.ti_sysbios_family_arm_m3_Hwi_switchAndRunFunc)
                  0000e204    0000001e     ti_sysbios_config.o (.text.ti_sysbios_family_arm_m3_Hwi_switchFromBootStack)
                  0000e222    0000001e     ti_sysbios_config.o (.text.ti_sysbios_knl_Task_unblock)
                  0000e240    0000001e     Printfg.o (.text.write_byte)
                  0000e25e    0000001c     EthernetClient.o (.text.EthernetClient_begin)
                  0000e27a    0000001c     EthernetClient.o (.text.EthernetClient_print)
                  0000e296    0000001c     EthernetUdp.o (.text.EthernetUDP_flush)
                  0000e2b2    00000002     --HOLE-- [fill = 0]
                  0000e2b4    0000001c     drivers_cc26x2.a : GPIO.c.obj (.text.GPIO_setCallback)
                  0000e2d0    0000001c                      : GPIOCC26XX.c.obj (.text.GPIO_setMux)
                  0000e2ec    0000001c     ti_sysbios_config.o (.text.HwiP_Params_init)
                  0000e308    0000001c     drivers_cc26x2.a : PowerCC26X2.c.obj (.text.Power_getTransitionLatency)
                  0000e324    0000001c     rf_multiMode_cc26x2.a : RFCC26X2_multiMode.c.cc26x2.ticlang.o (.text.RF_clkInactivityCallback)
                  0000e340    0000001c                           : RFCC26X2_multiMode.c.cc26x2.ticlang.o (.text.RF_getPAOverrideOffsetAndValue)
                  0000e35c    0000001c                           : RFCC26X2_multiMode.c.cc26x2.ticlang.o (.text.RF_powerConstraintSet)
                  0000e378    0000001c                           : RFCC26X2_multiMode.c.cc26x2.ticlang.o (.text.RF_swiFsm)
                  0000e394    0000001c     w5500.o (.text.W5500_writeSnDIPR)
                  0000e3b0    0000001c     drivers_cc26x2.a : TemperatureCC26X2.c.obj (.text.setTempLowerLimit)
                  0000e3cc    0000001c                      : TemperatureCC26X2.c.obj (.text.setTempUpperLimit)
                  0000e3e8    0000001c     ti_sysbios_config.o (.text.ti_sysbios_family_arm_cc26xx_Timer_dynamicStub)
                  0000e404    0000001c     ti_sysbios_config.o (.text.ti_sysbios_family_arm_m3_Hwi_Params_init)
                  0000e420    0000001c     dashboard_task.o (.text.ti_sysbios_family_arm_m3_Hwi_disable)
                  0000e43c    0000001c     ti_sysbios_config.o (.text.ti_sysbios_knl_Clock_Instance_finalize)
                  0000e458    0000001c     ti_sysbios_config.o (.text.ti_sysbios_knl_Clock_enqueueI)
                  0000e474    0000001c     ti_sysbios_config.o (.text.ti_sysbios_knl_Clock_start)
                  0000e490    0000001c     ti_sysbios_config.o (.text.ti_sysbios_knl_Queue_remove)
                  0000e4ac    0000001c     ti_sysbios_config.o (.text.ti_sysbios_knl_Swi_Params_init)
                  0000e4c8    0000001c     ti_sysbios_config.o (.text.ti_sysbios_knl_Swi_disable)
                  0000e4e4    0000001c     ti_sysbios_config.o (.text.ti_sysbios_knl_Task_disable)
                  0000e500    0000001a     ti_sysbios_config.o (.text.BIOS_exitFunc)
                  0000e51a    0000001a     ti_sysbios_config.o (.text.BIOS_getCpuFreq)
                  0000e534    0000001a     drivers_cc26x2.a : I2CCC26XX.c.obj (.text.I2CCC26XX_completeTransfer)
                  0000e54e    0000001a     ti_sysbios_config.o (.text.ti_sysbios_knl_Semaphore_Instance_finalize)
                  0000e568    00000018     ti_sysbios_config.o (.text.BIOS_exit)
                  0000e580    00000018     Dhcp.o (.text.DHCP_getDnsServerIp)
                  0000e598    00000018     Dhcp.o (.text.DHCP_getGatewayIp)
                  0000e5b0    00000018     Dhcp.o (.text.DHCP_getLocalIp)
                  0000e5c8    00000018     Dhcp.o (.text.DHCP_getSubnetMask)
                  0000e5e0    00000018     drivers_cc26x2.a : GPIOCC26XX.c.obj (.text.GPIO_disableInt)
                  0000e5f8    00000018                      : PowerCC26X2.c.obj (.text.PowerCC26XX_calibrate)
                  0000e610    00000018                      : PowerCC26X2.c.obj (.text.Power_idleFunc)
                  0000e628    00000018     rf_multiMode_cc26x2.a : RFCC26X2_multiMode.c.cc26x2.ticlang.o (.text.RF_restartClockTimeout)
                  0000e640    00000018     radio_proc.o (.text.Radio_SetCurrentProtocol)
                  0000e658    00000018     stv.o (.text.STV_WriteAtAddress)
                  0000e670    00000018     w5500.o (.text.W5500_writeSIR)
                  0000e688    00000018     libc.a : sprintf.c.obj (.text._outs)
                  0000e6a0    00000018     Printfg.o (.text.print)
                  0000e6b8    00000018     ti_sysbios_config.o (.text.ti_sysbios_family_arm_cc26xx_Timer_getCount64)
                  0000e6d0    00000018     ti_sysbios_config.o (.text.ti_sysbios_family_arm_m3_Hwi_setFunc)
                  0000e6e8    00000018     ti_sysbios_config.o (.text.ti_sysbios_knl_ClockSupport_setNextTick)
                  0000e700    00000018     sysbios.a : TaskSupport_asm_gnu.obj (.text.ti_sysbios_knl_TaskSupport_glue)
                  0000e718    00000016     ti_sysbios_config.o (.text.ClockP_Params_init)
                  0000e72e    00000016     drivers_cc26x2.a : List.c.obj (.text.List_clearList)
                  0000e744    00000016     radio_queue.o (.text.RadioQueue_hasPacket)
                  0000e75a    00000016     radio_queue.o (.text.RadioQueue_nextEntry)
                  0000e770    00000016     w5500.o (.text.W5500_readGAR)
                  0000e786    00000016     w5500.o (.text.W5500_readSIPR)
                  0000e79c    00000016     w5500.o (.text.W5500_readSUBR)
                  0000e7b2    00000016     w5500.o (.text.W5500_readSnCR)
                  0000e7c8    00000016     w5500.o (.text.W5500_readSnIR)
                  0000e7de    00000016     w5500.o (.text.W5500_readSnSR)
                  0000e7f4    00000016     w5500.o (.text.W5500_writeGAR)
                  0000e80a    00000016     w5500.o (.text.W5500_writeSHAR)
                  0000e820    00000016     w5500.o (.text.W5500_writeSIPR)
                  0000e836    00000016     w5500.o (.text.W5500_writeSUBR)
                  0000e84c    00000016     ArduinoCompatibility.o (.text.delay)
                  0000e862    00000016     socket.o (.text.disconnect)
                  0000e878    00000016     dashboard_task.o (.text.ti_sysbios_family_arm_m3_Hwi_enable)
                  0000e88e    00000016     ti_sysbios_config.o (.text.ti_sysbios_family_arm_m3_Hwi_enable)
                  0000e8a4    00000016     ti_sysbios_config.o (.text.ti_sysbios_knl_Intrinsics_maxbit)
                  0000e8ba    00000016     ti_sysbios_config.o (.text.ti_sysbios_knl_Queue_construct)
                  0000e8d0    00000016     ti_sysbios_config.o (.text.ti_sysbios_knl_Queue_empty)
                  0000e8e6    00000016     ti_sysbios_config.o (.text.ti_sysbios_runtime_SystemSupport_init)
                  0000e8fc    00000016     ti_sysbios_config.o (.text.ti_sysbios_runtime_System_exit)
                  0000e912    00000014     ti_sysbios_config.o (.text.ClockP_setTimeout)
                  0000e926    00000002     --HOLE-- [fill = 0]
                  0000e928    00000014     drivers_cc26x2.a : GPIOCC26XX.c.obj (.text.GPIO_read)
                  0000e93c    00000014                      : GPIO.c.obj (.text.GPIO_setUserArg)
                  0000e950    00000014                      : I2CCC26XX.c.obj (.text.I2CCC26XX_postNotify)
                  0000e964    00000014                      : SPICC26X2DMA.c.obj (.text.OUTLINED_FUNCTION_0)
                  0000e978    00000014     rf_multiMode_cc26x2.a : RFCC26X2_multiMode.c.cc26x2.ticlang.o (.text.RF_dbellSyncOnAck)
                  0000e98c    00000014                           : RFCC26X2_multiMode.c.cc26x2.ticlang.o (.text.RF_flushCmd)
                  0000e9a0    00000014     ti_sysbios_config.o (.text.SwiP_or)
                  0000e9b4    00000014     drivers_cc26x2.a : TemperatureCC26X2.c.obj (.text.Temperature_getTemperature)
                  0000e9c8    00000014     libc.a : args_main.c.obj (.text._args_main)
                  0000e9dc    00000014     ti_sysbios_config.o (.text.ti_sysbios_family_arm_cc26xx_TimestampProvider_init)
                  0000e9f0    00000014     ti_sysbios_config.o (.text.ti_sysbios_family_arm_m3_Hwi_disable)
                  0000ea04    00000014     ti_sysbios_config.o (.text.ti_sysbios_knl_Swi_Instance_finalize)
                  0000ea18    00000014     ti_sysbios_config.o (.text.ti_sysbios_runtime_System_printf_va)
                  0000ea2c    00000014     libclang_rt.builtins.a : aeabi_ldivmod.S.obj (.text)
                  0000ea40    00000014                            : aeabi_memset.S.obj (.text)
                  0000ea54    00000014                            : aeabi_uldivmod.S.obj (.text)
                  0000ea68    00000012     EthernetUdp.o (.text.EthernetUDP_endPacket)
                  0000ea7a    00000012     drivers_cc26x2.a : I2C.c.obj (.text.I2C_transfer)
                  0000ea8c    00000012     ti_drivers_config.o (.text.configureCallbacks)
                  0000ea9e    00000012     ti_sysbios_config.o (.text.ti_sysbios_family_arm_m3_Hwi_destruct)
                  0000eab0    00000012     ti_sysbios_config.o (.text.ti_sysbios_family_arm_m3_Hwi_doSwiRestore)
                  0000eac2    00000012     ti_sysbios_config.o (.text.ti_sysbios_family_arm_m3_Hwi_doTaskRestore)
                  0000ead4    00000012     ti_sysbios_config.o (.text.ti_sysbios_heaps_HeapMem_Params_init)
                  0000eae6    00000012     ti_sysbios_config.o (.text.ti_sysbios_heaps_HeapMem_init)
                  0000eaf8    00000012     ti_sysbios_config.o (.text.ti_sysbios_knl_Clock_Params_init)
                  0000eb0a    00000012     ti_sysbios_config.o (.text.ti_sysbios_knl_Clock_tick)
                  0000eb1c    00000012     ti_sysbios_config.o (.text.ti_sysbios_knl_Queue_Instance_init)
                  0000eb2e    00000012     ti_sysbios_config.o (.text.ti_sysbios_knl_Semaphore_Params_init)
                  0000eb40    00000012     libc.a : memcpy_t2.S.obj (.text:TI_memcpy_small)
                  0000eb52    00000010     ti_sysbios_config.o (.text.BIOS_start)
                  0000eb62    00000010     ti_sysbios_config.o (.text.ClockP_destruct)
                  0000eb72    00000010     ti_sysbios_config.o (.text.ClockP_getCpuFreq)
                  0000eb82    00000010     ti_sysbios_config.o (.text.ClockP_getTimeout)
                  0000eb92    00000010     ti_sysbios_config.o (.text.ClockP_isActive)
                  0000eba2    00000010     ti_sysbios_config.o (.text.ClockP_start)
                  0000ebb2    00000010     ti_sysbios_config.o (.text.ClockP_stop)
                  0000ebc2    00000010     Ethernet.o (.text.Ethernet_gatewayIP)
                  0000ebd2    00000010     Ethernet.o (.text.Ethernet_localIP)
                  0000ebe2    00000010     Ethernet.o (.text.Ethernet_subnetMask)
                  0000ebf2    00000002     --HOLE-- [fill = 0]
                  0000ebf4    00000010     drivers_cc26x2.a : GPIO.c.obj (.text.GPIO_getUserArg)
                  0000ec04    00000010                      : GPIOCC26XX.c.obj (.text.GPIO_write)
                  0000ec14    00000010     ti_sysbios_config.o (.text.HwiP_clearInterrupt)
                  0000ec24    00000010     ti_sysbios_config.o (.text.HwiP_destruct)
                  0000ec34    00000010     ti_sysbios_config.o (.text.HwiP_disable)
                  0000ec44    00000010     ti_sysbios_config.o (.text.HwiP_disableInterrupt)
                  0000ec54    00000010     ti_sysbios_config.o (.text.HwiP_enableInterrupt)
                  0000ec64    00000010     ti_sysbios_config.o (.text.HwiP_post)
                  0000ec74    00000010     ti_sysbios_config.o (.text.HwiP_restore)
                  0000ec84    00000010     rf_multiMode_cc26x2.a : rfc.c.cc26x2.ticlang.o (.text.NOROM_RFCCpeIntGetAndClear)
                  0000ec94    00000010                           : rfc.c.cc26x2.ticlang.o (.text.NOROM_RFCHwIntGetAndClear)
                  0000eca4    00000010     drivers_cc26x2.a : PowerCC26X2_helpers.c.obj (.text.PowerCC26X2_oscCtlClearXtal)
                  0000ecb4    00000010                      : PowerCC26X2_helpers.c.obj (.text.PowerCC26X2_prcmEnableCacheRetention)
                  0000ecc4    00000010                      : PowerCC26X2_calibrateRCOSC_helpers.c.obj (.text.PowerCC26X2_readCtrim)
                  0000ecd4    00000010                      : PowerCC26X2_calibrateRCOSC_helpers.c.obj (.text.PowerCC26X2_readCtrimFract)
                  0000ece4    00000010                      : PowerCC26X2_calibrateRCOSC_helpers.c.obj (.text.PowerCC26X2_readRtrim)
                  0000ecf4    00000010                      : PowerCC26X2_helpers.c.obj (.text.PowerCC26X2_switchToTCXO)
                  0000ed04    00000010                      : PowerCC26X2.c.obj (.text.Power_getDependencyCount)
                  0000ed14    00000010     ti_sysbios_config.o (.text.SemaphoreP_destruct)
                  0000ed24    00000010     ti_sysbios_config.o (.text.SemaphoreP_post)
                  0000ed34    00000010     ti_sysbios_config.o (.text.SwiP_destruct)
                  0000ed44    00000010     ti_sysbios_config.o (.text.SwiP_disable)
                  0000ed54    00000010     ti_sysbios_config.o (.text.SwiP_getTrigger)
                  0000ed64    00000010     ti_sysbios_config.o (.text.SwiP_post)
                  0000ed74    00000010     ti_sysbios_config.o (.text.SwiP_restore)
                  0000ed84    00000010     ti_sysbios_config.o (.text.SysCtrlAonUpdate)
                  0000ed94    00000010     w5500.o (.text.W5500_getGatewayIp)
                  0000eda4    00000010     w5500.o (.text.W5500_getIPAddress)
                  0000edb4    00000010     w5500.o (.text.W5500_getSubnetMask)
                  0000edc4    00000010     w5500.o (.text.W5500_setGatewayIp)
                  0000edd4    00000010     w5500.o (.text.W5500_setIPAddress)
                  0000ede4    00000010     w5500.o (.text.W5500_setMACAddress)
                  0000edf4    00000010     w5500.o (.text.W5500_setSubnetMask)
                  0000ee04    00000010     ti_sysbios_config.o (.text.ti_sysbios_family_arm_cc26xx_Timer_setPeriod)
                  0000ee14    00000010     ti_sysbios_config.o (.text.ti_sysbios_knl_ClockSupport_getMaxTicks)
                  0000ee24    00000010     ti_sysbios_config.o (.text.ti_sysbios_knl_Clock_destruct)
                  0000ee34    00000010     ti_sysbios_config.o (.text.ti_sysbios_knl_Clock_isActive)
                  0000ee44    00000010     ti_sysbios_config.o (.text.ti_sysbios_knl_Clock_removeI)
                  0000ee54    00000010     ti_sysbios_config.o (.text.ti_sysbios_knl_Clock_setTimeout)
                  0000ee64    00000010     ti_sysbios_config.o (.text.ti_sysbios_knl_Idle_loop)
                  0000ee74    00000010     ti_sysbios_config.o (.text.ti_sysbios_knl_Queue_destruct)
                  0000ee84    00000010     ti_sysbios_config.o (.text.ti_sysbios_knl_Queue_elemClear)
                  0000ee94    00000010     ti_sysbios_config.o (.text.ti_sysbios_knl_Swi_enabled)
                  0000eea4    00000010     ti_sysbios_config.o (.text.ti_sysbios_runtime_Types_argToFloat)
                  0000eeb4    00000010     libc.a : copy_zero_init.c.obj (.text:decompress:ZI)
                  0000eec4    0000000e     ti_sysbios_config.o (.text.BIOS_linkedWithIncorrectBootLibrary)
                  0000eed2    0000000e     EthernetUdp.o (.text.EthernetUDP_begin_init)
                  0000eee0    0000000e     ti_sysbios_config.o (.text.IntMasterDisable)
                  0000eeee    0000000e     ti_sysbios_config.o (.text.IntMasterEnable)
                  0000eefc    0000000e     drivers_cc26x2.a : PowerCC26X2.c.obj (.text.OUTLINED_FUNCTION_0)
                  0000ef0a    0000000e     rf_multiMode_cc26x2.a : RFCC26X2_multiMode.c.cc26x2.ticlang.o (.text.OUTLINED_FUNCTION_0)
                  0000ef18    0000000e                           : RFCC26X2_multiMode.c.cc26x2.ticlang.o (.text.OUTLINED_FUNCTION_3)
                  0000ef26    0000000e     libc.a : strcpy.c.obj (.text.strcpy)
                  0000ef34    0000000e            : _printfi.c.obj (.text.strlen)
                  0000ef42    0000000e            : strlen.c.obj (.text.strlen)
                  0000ef50    0000000e     drivers_cc26x2.a : PowerCC26X2.c.obj (.text.switchToTCXO)
[...]
0000ebb3  ClockP_stop                                                        
0000ebc3  Ethernet_gatewayIP                                                 
0000ebd3  Ethernet_localIP                                                   
0000ebe3  Ethernet_subnetMask                                                
0000ebf5  GPIO_getUserArg                                                    
0000ec05  GPIO_write                                                         
0000ec15  HwiP_clearInterrupt                                                
0000ec25  HwiP_destruct                                                      
0000ec35  HwiP_disable                                                       
0000ec45  HwiP_disableInterrupt                                              
0000ec55  HwiP_enableInterrupt                                               
0000ec65  HwiP_post                                                          
0000ec75  HwiP_restore                                                       
0000ec85  NOROM_RFCCpeIntGetAndClear                                         
0000ec95  NOROM_RFCHwIntGetAndClear                                          
0000eca5  PowerCC26X2_oscCtlClearXtal                                        
0000ecb5  PowerCC26X2_prcmEnableCacheRetention                               
0000ecc5  PowerCC26X2_readCtrim                                              
0000ecd5  PowerCC26X2_readCtrimFract                                         
0000ece5  PowerCC26X2_readRtrim                                              
0000ecf5  PowerCC26X2_switchToTCXO                                           
0000ed05  Power_getDependencyCount                                           
0000ed15  SemaphoreP_destruct                                                
0000ed25  SemaphoreP_post                                                    
0000ed35  SwiP_destruct                                                      
0000ed45  SwiP_disable                                                       
0000ed55  SwiP_getTrigger                                                    
0000ed65  SwiP_post                                                          
0000ed75  SwiP_restore                                                       
0000ed95  W5500_getGatewayIp                                                 
0000eda5  W5500_getIPAddress                                                 
0000edb5  W5500_getSubnetMask                                                
0000edc5  W5500_setGatewayIp                                                 
0000edd5  W5500_setIPAddress                                                 
0000ede5  W5500_setMACAddress                                                
0000edf5  W5500_setSubnetMask                                                
0000ee05  ti_sysbios_family_arm_cc26xx_Timer_setPeriod                       
0000ee15  ti_sysbios_knl_ClockSupport_getMaxTicks                            
0000ee25  ti_sysbios_knl_Clock_destruct                                      
0000ee35  ti_sysbios_knl_Clock_isActive                                      
0000ee45  ti_sysbios_knl_Clock_removeI                                       
0000ee55  ti_sysbios_knl_Clock_setTimeout                                    
0000ee65  ti_sysbios_knl_Idle_loop                                           
0000ee75  ti_sysbios_knl_Queue_destruct                                      
0000ee85  ti_sysbios_knl_Queue_elemClear                                     
0000ee95  ti_sysbios_knl_Swi_enabled                                         
0000eeb5  __TI_zero_init                                                     
0000eec5  BIOS_linkedWithIncorrectBootLibrary                                
0000eed3  EthernetUDP_begin_init                                             
0000ef27  strcpy                                                             
0000ef43  strlen                                                             
0000ef7b  ti_sysbios_heaps_HeapMem_isBlocking                                
0000ef89  ti_sysbios_knl_Clock_stop                                          
0000ef97  ti_sysbios_runtime_SystemSupport_exit                              
0000efa5  TI_memset_small                                                    
0000efb3  __TI_decompress_none                                               
0000efcd  BIOS_getThreadType                                                 
0000efd9  ClockP_getSystemTickPeriod                                         
0000efe5  EthernetUDP_available                                              
0000eff1  EthernetUDP_rawIPAddress                                           
0000effd  EthernetUDP_remotePort                                             
0000f009  I2C_Params_init                                                    
0000f015  NOROM_CPUcpsid                                                     
0000f021  NOROM_CPUcpsie                                                     
0000f039  PowerCC26X2_oscClockSourceGet                                      
0000f045  PowerCC26X2_setPeriphDeepSleepEnable                               
0000f051  PowerCC26X2_sysCtrlGetResetSource                                  
0000f05d  PowerCC26X2_sysCtrlVoltageConditionalControl                       
0000f069  Power_getConstraintMask                                            
0000f075  RF_Params_init                                                     
0000f081  Radio_GetCurrentProtocol                                           
0000f08d  SPI_Params_init                                                    
0000f099  STV_ReadFromAddress                                                
0000f0a5  _register_lock                                                     
0000f0b1  _register_unlock                                                   
0000f0bd  resetSS                                                            
0000f0c9  setSS                                                              
0000f0e1  ti_sysbios_knl_Queue_head                                          
0000f0ed  ti_sysbios_knl_Queue_next                                          
0000f0f9  ti_sysbios_knl_Queue_prev                                          
0000f105  ti_sysbios_knl_Swi_getTrigger                                      
0000f111  ti_sysbios_knl_Swi_postInit                                        
0000f11d  ti_sysbios_knl_Swi_self                                            
0000f129  ti_sysbios_knl_Task_self                                           
0000f153  PowerCC26X2_sysCtrlStandby                                         
0000f15d  RadioQueue_getDQpointer                                            
0000f167  SPICC26X2DMA_init                                                  
0000f171  UDMACC26XX_hwiIntFxn                                               
0000f1ad  ti_sysbios_knl_Swi_startup                                         
0000f1b7  ti_sysbios_runtime_Error_check                                     
0000f1d5  Boot_trimDevice                                                    
0000f1dd  DHCP_presend_DHCP                                                  
0000f1ed  I2CSupport_masterFinish                                            
0000f1f5  NOROM_CPUdelay                                                     
0000f20d  PowerCC26X2_oschfTrySwitchToXosc                                   
0000f215  ResetISR                                                           
0000f21d  __aeabi_errno_addr                                                 
0000f225  _system_post_cinit                                                 
0000f22d  _system_pre_init                                                   
0000f23d  ti_sysbios_family_arm_m3_Hwi_startup                               
0000f245  ti_sysbios_runtime_Startup_reset                                   
0000f24d  ti_sysbios_runtime_System_exitSpin                                 
0000f255  I2CSupport_powerRelConstraint                                      
0000f25b  I2CSupport_powerSetConstraint                                      
0000f26d  SPI_transfer                                                       
0000f273  random                                                             
0000f279  NOROM_RFCOverrideUpdate                                            
0000f281  PowerCC26X2_oschfSwitchToRcosc                                     
0000f285  PowerCC26X2_sysCtrlIdle                                            
0000f289  PowerCC26X2_turnOnXosc                                             
0000f28d  RF_defaultExecutionPolicy                                          
0000f299  ti_sysbios_gates_GateMutex_canBlock                                
0000f29d  ti_sysbios_knl_TaskSupport_getStackAlignment                       
0000f2a1  ti_sysbios_runtime_Memory_getMaxDefaultTypeAlign                   
0000f2a5  ti_sysbios_runtime_SystemSupport_ready                             
0000f2a9  __aeabi_memcpy                                                     
0000f2a9  __aeabi_memcpy4                                                    
0000f2a9  __aeabi_memcpy8                                                    
0000f89f  GPIO_pinLowerBound                                                 
00010222  GPIO_pinUpperBound                                                 
00010223  I2C_count                                                          
000103d0  __aeabi_ctype_table_                                               
000103d0  __aeabi_ctype_table_C                                              
00010813  SPI_count                                                          
00010814  ti_sysbios_family_arm_m3_Hwi_disablePriority                       
00010950  resourceDB                                                         
000109a4  spiCC26X2DMAHWAttrs                                                
00010a2a  TemperatureCC26X2_config                                           
00010a2b  ti_sysbios_knl_Clock_tickMode                                      
00010a2c  SPI_defaultParams                                                  
00010a4c  SSD1306_InitSequence                                               
00010aa8  SPICC26X2DMA_fxnTable                                              
00010af0  i2cCC26xxHWAttrs                                                   
00010b37  ti_sysbios_knl_Task_checkStackFlag                                 
00010b38  PowerCC26X2_config                                                 
00010b71  ti_sysbios_knl_Task_initStackFlag                                  
00010b74  GPIO_config                                                        
00010b94  RFCC26XX_hwAttrs                                                   
00010ba0  SPI_config                                                         
00010bd8  I2C_config                                                         
00010be0  UDMACC26XX_config                                                  
00010bf0  ti_sysbios_knl_Idle_funcList                                       
00010bf8  udmaCC26XXHWAttrs                                                  
00010c08  ti_sysbios_family_arm_m3_Hwi_swiTaskKeyAddress                     
00010c10  ti_sysbios_knl_Clock_tickPeriod                                    
00010c14  ti_sysbios_knl_Swi_numPriorities                                   
00010c18  __c_args__                                                         
00010df8  __TI_Handler_Table_Base                                            
00010e04  __TI_Handler_Table_Limit                                           
00010e2c  __TI_CINIT_Base                                                    
00010e5c  __TI_CINIT_Limit                                                   
00010e5c  __TI_CINIT_Warm                                                    
0004ffa8  __ccfg                                                             
20000000  __start___llvm_prf_bits                                            
20000000  __start___llvm_prf_cnts                                            
20000000  __stop___llvm_prf_bits                                             
20000000  __stop___llvm_prf_cnts                                             
20000000  ti_sysbios_family_arm_m3_Hwi_ramVectors                            
200000d8  PowerCC26X2_module                                                 
2000024c  gpioPinConfigs                                                     
20000330  ti_sysbios_knl_Clock_Module_state                                  
20000454  ble_pOverridesCommon                                               
200004a8  RFCMD_ieeeRX                                                       
200004e8  ti_sysbios_family_arm_m3_Hwi_Module_state                          
20000524  ti_sysbios_knl_Task_Module_state                                   
20000560  BIOS_Module_state                                                  
2000058c  ti_sysbios_knl_Swi_Module_state                                    
200005b4  RFCMD_bleRadioSetup                                                
200005d8  RFCMD_bleGenericRX                                                 
200005f8  ble_pOverrides2Mbps                                                
20000614  RFCMD_bleFrequencySynthesizer                                      
2000062c  RFCMD_ieeeFrequencySynthesizer                                     
20000644  RFCMD_ieeeRadioSetup                                               
2000065c  ble_pOverrides1Mbps                                                
20000674  RFCMD_bleGenericRXPar                                              
20000688  ble_pOverridesCoded                                                
2000069c  Ethernet_server_port                                               
200006ac  RFCMD_bleModeObject                                                
200006bc  RFCMD_ieeeModeObject                                               
200006cc  _hposcCoeffs                                                       
200006dc  ieee_pOverrides                                                    
200006ec  ti_sysbios_runtime_SysMin_Module_state                             
200006fc  ti_sysbios_family_arm_cc26xx_Timer_Module_state                    
20000708  ti_sysbios_runtime_Error_ignore                                    
20000714  ti_sysbios_runtime_System_Module_state                             
20000728  RFCC26XX_schedulerPolicy                                           
20000738  ti_sysbios_gates_GateMutex_Module_state                            
20000740  ti_sysbios_heaps_HeapMem_Module_state                              
20000748  ti_sysbios_knl_Semaphore_Module_state                              
20000754  EthernetClientPrintMethods                                         
20000758  EthernetUDPPrintMethods                                            
20000760  __aeabi_errno                                                      
20000764  _lock                                                              
20000768  _unlock                                                            
20000770  ti_sysbios_runtime_Memory_defaultHeapInstance                      
20000779  ti_sysbios_knl_Idle_initDone                                       
2000077a  ti_sysbios_runtime_Startup_done                                    
20001a50  __primary_heap_start__                                             
20005a50  __primary_heap_end__                                               
20007690  ti_sysbios_knl_Idle_taskStack                                      
20007a90  ti_sysbios_runtime_SysMin_outbuf                                   
2000830c  i2cCC26xxObjects                                                   
2000844c  _CIOBUF_                                                           
2000844c  __CIOBUF_                                                          
20008570  rfObject                                                           
20008670  spiCC26X2DMAObjects                                                
20008770  ti_sysbios_family_arm_m3_Hwi_dispatchTable                         
20008848  gpioCallbackFunctions                                              
200088c4  gpioUserArgs                                                       
200089a8  ti_sysbios_knl_ClockSupport_timerStruct                            
20008a08  ti_sysbios_knl_Idle_taskStruct                                     
20008b24  ti_sysbios_knl_Swi_readyQs                                         
20008b54  ti_sysbios_knl_Task_readyQs                                        
20008b84  BIOS_heapMemObject                                                 
20008bb0  BIOS_rtsGate                                                       
20008bd8  ti_sysbios_heaps_HeapMem_gate                                      
20008c00  dashboardTaskParams                                                
20008c24  initTaskParams                                                     
20008c48  sniffingTaskParams                                                 
20008c6c  Ethernet                                                           
20008c8c  rfParams                                                           
20008cac  ti_sysbios_runtime_System_atexitHandlers                           
20008ccc  udmaCC26XXObject                                                   
20008d24  ti_sysbios_hal_Seconds_Module_state                                
20008d48  ethernetUdp                                                        
20008d58  ieeeStats                                                          
20008d68  Dashboard_SemaphoreParams                                          
20008d74  Init_SemaphoreParams                                               
20008d80  bleStats                                                           
20008d9c  parmbuf                                                            
20008dbc  Dashboard_SemaphoreHandle                                          
20008dc0  Init_SemaphoreHandle                                               
20008dc4  PowerCC26XX_swiKey                                                 
20008dc8  PowerCC26XX_taskKey                                                
20008dcc  dashboardTaskHandle                                                
20008dd0  initTaskHandle                                                     
20008dd4  nRxBufFull                                                         
20008dd8  rfHandle                                                           
20008ddc  sniffingTaskHandle                                                 
20008de0  spi                                                                
20008de4  ti_sysbios_family_arm_cc26xx_TimestampProvider_Module_state        
20008de8  ti_sysbios_knl_Task_defaultStackHeap                               
20008dec  _counter                                                           
20008dee  ethernetServer                                                     
20008df0  rfCmdHandle                                                        
20008df2  CurrentRfProtocol                                                  
20011a00  __stack                                                            
20012000  __STACK_END                                                        
ffffffff  __TI_pprof_out_hndl                                                
ffffffff  __TI_prof_data_size                                                
ffffffff  __TI_prof_data_start                                               
ffffffff  __binit__                                                          
ffffffff  binit                                                              
UNDEFED   ITM_flush                                                          
UNDEFED   ITM_restore                                                        
UNDEFED   __mpu_init                                                         

[760 symbols]
